2026-10-01 08:32:13,805 [INFO] --- Processing PosTV ---
2026-10-01 08:32:13,805 [INFO] [PRIMARY] Loading https://tv.mar.tv/postv for PosTV...
2026-10-01 08:32:14,589 [WARNING] [PRIMARY] PosTV: Player not visible on page.
2026-10-01 08:32:29,568 [ERROR] [PRIMARY] PosTV: Timeout error. Stream failed to initialize.
2026-10-01 08:32:29,608 [INFO] [PRIMARY] PosTV: Saved debug screenshot to logs_updater/logsnewstyle/debug_PosTV_primary.png
2026-10-01 08:32:29,608 [INFO] [FALLBACK] Primary failed. Attempting backup for PosTV...
2026-10-01 08:32:29,608 [INFO] [BACKUP] Loading https://www.televizia.org/postv/ for PosTV...
2026-10-01 08:32:31,576 [INFO] [BACKUP] PosTV: Stream captured successfully.
2026-10-01 08:32:31,576 [INFO] --- Processing AdjaraTV ---
2026-10-01 08:32:31,576 [INFO] [PRIMARY] Loading https://tv.mar.tv/adjaratv for AdjaraTV...
2026-10-01 08:32:31,939 [WARNING] [PRIMARY] AdjaraTV: Player not visible on page.
2026-10-01 08:32:46,871 [ERROR] [PRIMARY] AdjaraTV: Timeout error. Stream failed to initialize.
2026-10-01 08:32:46,900 [INFO] [PRIMARY] AdjaraTV: Saved debug screenshot to logs_updater/logsnewstyle/debug_AdjaraTV_primary.png
2026-10-01 08:32:46,900 [INFO] [FALLBACK] Primary failed. Attempting backup for AdjaraTV...
2026-10-01 08:32:46,900 [INFO] [BACKUP] AdjaraTV: Direct link detected, skipping browser extraction.
2026-10-01 08:32:46,900 [INFO] --- Processing Axali Formula ---
2026-10-01 08:32:46,900 [INFO] [PRIMARY] Loading https://tv.mar.tv/formulatv for Axali Formula...
2026-10-01 08:32:47,191 [WARNING] [PRIMARY] Axali Formula: Player not visible on page.
2026-10-01 08:33:02,174 [ERROR] [PRIMARY] Axali Formula: Timeout error. Stream failed to initialize.
2026-10-01 08:33:02,202 [INFO] [PRIMARY] Axali Formula: Saved debug screenshot to logs_updater/logsnewstyle/debug_Axali_Formula_primary.png
2026-10-01 08:33:02,202 [INFO] [FALLBACK] Primary failed. Attempting backup for Axali Formula...
2026-10-01 08:33:02,202 [INFO] [BACKUP] Loading https://www.arxebi.live/ge/formulatv for Axali Formula...
2026-10-01 08:33:02,925 [WARNING] [BACKUP] Axali Formula: Player not visible on page.
2026-10-01 08:33:17,911 [ERROR] [BACKUP] Axali Formula: Timeout error. Stream failed to initialize.
2026-10-01 08:33:17,984 [INFO] [BACKUP] Axali Formula: Saved debug screenshot to logs_updater/logsnewstyle/debug_Axali_Formula_backup.png
2026-10-01 08:33:17,984 [ERROR] [FATAL] Both primary and backup sources failed for Axali Formula.
2026-10-01 08:33:17,984 [INFO] --- Processing RugbyTV ---
2026-10-01 08:33:17,984 [INFO] [PRIMARY] Loading https://tv.mar.tv/rugbytv for RugbyTV...
2026-10-01 08:33:18,323 [WARNING] [PRIMARY] RugbyTV: Player not visible on page.
2026-10-01 08:33:33,246 [ERROR] [PRIMARY] RugbyTV: Timeout error. Stream failed to initialize.
2026-10-01 08:33:33,278 [INFO] [PRIMARY] RugbyTV: Saved debug screenshot to logs_updater/logsnewstyle/debug_RugbyTV_primary.png
2026-10-01 08:33:33,278 [INFO] [FALLBACK] Primary failed. Attempting backup for RugbyTV...
2026-10-01 08:33:33,278 [INFO] [BACKUP] Loading https://www.arxebi.live/ge/rugbytv for RugbyTV...
2026-10-01 08:33:33,864 [WARNING] [BACKUP] RugbyTV: Player not visible on page.
2026-10-01 08:33:48,856 [ERROR] [BACKUP] RugbyTV: Timeout error. Stream failed to initialize.
2026-10-01 08:33:48,941 [INFO] [BACKUP] RugbyTV: Saved debug screenshot to logs_updater/logsnewstyle/debug_RugbyTV_backup.png
2026-10-01 08:33:48,941 [ERROR] [FATAL] Both primary and backup sources failed for RugbyTV.
2026-10-01 08:33:48,941 [INFO] --- Processing ObieqtiviTV ---
2026-10-01 08:33:48,941 [INFO] [PRIMARY] Loading https://tv.mar.tv/obieqtivitv for ObieqtiviTV...
2026-10-01 08:33:49,295 [WARNING] [PRIMARY] ObieqtiviTV: Player not visible on page.
2026-10-01 08:34:04,205 [ERROR] [PRIMARY] ObieqtiviTV: Timeout error. Stream failed to initialize.
2026-10-01 08:34:04,234 [INFO] [PRIMARY] ObieqtiviTV: Saved debug screenshot to logs_updater/logsnewstyle/debug_ObieqtiviTV_primary.png
2026-10-01 08:34:04,234 [INFO] [FALLBACK] Primary failed. Attempting backup for ObieqtiviTV...
2026-10-01 08:34:04,234 [INFO] [BACKUP] Loading https://www.arxebi.live/ge/obieqtivitv for ObieqtiviTV...
2026-10-01 08:34:04,816 [WARNING] [BACKUP] ObieqtiviTV: Player not visible on page.
2026-10-01 08:34:19,806 [ERROR] [BACKUP] ObieqtiviTV: Timeout error. Stream failed to initialize.
2026-10-01 08:34:19,882 [INFO] [BACKUP] ObieqtiviTV: Saved debug screenshot to logs_updater/logsnewstyle/debug_ObieqtiviTV_backup.png
2026-10-01 08:34:19,882 [ERROR] [FATAL] Both primary and backup sources failed for ObieqtiviTV.
2026-10-01 08:34:19,882 [INFO] --- Processing Palitranews ---
2026-10-01 08:34:19,882 [INFO] [PRIMARY] Loading https://tv.mar.tv/palitranewstv for Palitranews...
2026-10-01 08:34:20,217 [WARNING] [PRIMARY] Palitranews: Player not visible on page.
2026-10-01 08:34:35,141 [ERROR] [PRIMARY] Palitranews: Timeout error. Stream failed to initialize.
2026-10-01 08:34:35,176 [INFO] [PRIMARY] Palitranews: Saved debug screenshot to logs_updater/logsnewstyle/debug_Palitranews_primary.png
2026-10-01 08:34:35,176 [INFO] [FALLBACK] Primary failed. Attempting backup for Palitranews...
2026-10-01 08:34:35,176 [INFO] [BACKUP] Loading https://www.arxebi.live/ge/palitranewstv for Palitranews...
2026-10-01 08:34:35,758 [WARNING] [BACKUP] Palitranews: Player not visible on page.
2026-10-01 08:34:50,751 [ERROR] [BACKUP] Palitranews: Timeout error. Stream failed to initialize.
2026-10-01 08:34:50,829 [INFO] [BACKUP] Palitranews: Saved debug screenshot to logs_updater/logsnewstyle/debug_Palitranews_backup.png
2026-10-01 08:34:50,829 [ERROR] [FATAL] Both primary and backup sources failed for Palitranews.
2026-10-01 08:34:50,829 [INFO] --- Processing GDS ---
2026-10-01 08:34:50,829 [INFO] [PRIMARY] Loading https://tv.mar.tv/gds for GDS...
2026-10-01 08:34:51,167 [WARNING] [PRIMARY] GDS: Player not visible on page.
2026-10-01 08:35:06,107 [ERROR] [PRIMARY] GDS: Timeout error. Stream failed to initialize.
2026-10-01 08:35:06,141 [INFO] [PRIMARY] GDS: Saved debug screenshot to logs_updater/logsnewstyle/debug_GDS_primary.png
2026-10-01 08:35:06,141 [INFO] [FALLBACK] Primary failed. Attempting backup for GDS...
2026-10-01 08:35:06,141 [INFO] [BACKUP] Loading https://www.arxebi.live/ge/gds for GDS...
2026-10-01 08:35:06,721 [WARNING] [BACKUP] GDS: Player not visible on page.
2026-10-01 08:35:21,712 [ERROR] [BACKUP] GDS: Timeout error. Stream failed to initialize.
2026-10-01 08:35:21,781 [INFO] [BACKUP] GDS: Saved debug screenshot to logs_updater/logsnewstyle/debug_GDS_backup.png
2026-10-01 08:35:21,781 [ERROR] [FATAL] Both primary and backup sources failed for GDS.
2026-10-01 08:35:21,781 [INFO] --- Processing BBB ---
2026-10-01 08:35:21,781 [INFO] [PRIMARY] Loading https://tv.mar.tv/bastibubutv for BBB...
2026-10-01 08:35:22,106 [WARNING] [PRIMARY] BBB: Player not visible on page.
2026-10-01 08:35:37,043 [ERROR] [PRIMARY] BBB: Timeout error. Stream failed to initialize.
2026-10-01 08:35:37,073 [INFO] [PRIMARY] BBB: Saved debug screenshot to logs_updater/logsnewstyle/debug_BBB_primary.png
2026-10-01 08:35:37,073 [INFO] [FALLBACK] Primary failed. Attempting backup for BBB...
2026-10-01 08:35:37,073 [INFO] [BACKUP] Loading https://www.arxebi.live/ge/bastibubutv for BBB...
2026-10-01 08:35:37,655 [WARNING] [BACKUP] BBB: Player not visible on page.
2026-10-01 08:35:52,646 [ERROR] [BACKUP] BBB: Timeout error. Stream failed to initialize.
2026-10-01 08:35:52,724 [INFO] [BACKUP] BBB: Saved debug screenshot to logs_updater/logsnewstyle/debug_BBB_backup.png
2026-10-01 08:35:52,725 [ERROR] [FATAL] Both primary and backup sources failed for BBB.
2026-10-01 08:35:52,725 [INFO] --- Processing Enkibenki ---
2026-10-01 08:35:52,725 [INFO] [PRIMARY] Loading https://tv.mar.tv/enkibenkitv for Enkibenki...
2026-10-01 08:35:53,082 [WARNING] [PRIMARY] Enkibenki: Player not visible on page.
2026-10-01 08:36:07,991 [ERROR] [PRIMARY] Enkibenki: Timeout error. Stream failed to initialize.
2026-10-01 08:36:08,021 [INFO] [PRIMARY] Enkibenki: Saved debug screenshot to logs_updater/logsnewstyle/debug_Enkibenki_primary.png
2026-10-01 08:36:08,021 [INFO] [FALLBACK] Primary failed. Attempting backup for Enkibenki...
2026-10-01 08:36:08,021 [INFO] [BACKUP] Loading https://www.arxebi.live/ge/enkibenkitv for Enkibenki...
2026-10-01 08:36:08,603 [WARNING] [BACKUP] Enkibenki: Player not visible on page.
2026-10-01 08:36:23,588 [ERROR] [BACKUP] Enkibenki: Timeout error. Stream failed to initialize.
2026-10-01 08:36:23,666 [INFO] [BACKUP] Enkibenki: Saved debug screenshot to logs_updater/logsnewstyle/debug_Enkibenki_backup.png
2026-10-01 08:36:23,666 [ERROR] [FATAL] Both primary and backup sources failed for Enkibenki.
2026-10-01 08:36:23,666 [INFO] --- Processing KvemoKartli TV ---
2026-10-01 08:36:23,666 [INFO] [PRIMARY] Loading https://tv.mar.tv/kvemokartlitv for KvemoKartli TV...
2026-10-01 08:36:23,977 [WARNING] [PRIMARY] KvemoKartli TV: Player not visible on page.
2026-10-01 08:36:38,918 [ERROR] [PRIMARY] KvemoKartli TV: Timeout error. Stream failed to initialize.
2026-10-01 08:36:38,945 [INFO] [PRIMARY] KvemoKartli TV: Saved debug screenshot to logs_updater/logsnewstyle/debug_KvemoKartli_TV_primary.png
2026-10-01 08:36:38,945 [INFO] [FALLBACK] Primary failed. Attempting backup for KvemoKartli TV...
2026-10-01 08:36:38,945 [INFO] [BACKUP] Loading https://www.arxebi.live/ge/kvemokartlitv for KvemoKartli TV...
2026-10-01 08:36:39,527 [WARNING] [BACKUP] KvemoKartli TV: Player not visible on page.
2026-10-01 08:36:54,522 [ERROR] [BACKUP] KvemoKartli TV: Timeout error. Stream failed to initialize.
2026-10-01 08:36:54,595 [INFO] [BACKUP] KvemoKartli TV: Saved debug screenshot to logs_updater/logsnewstyle/debug_KvemoKartli_TV_backup.png
2026-10-01 08:36:54,595 [ERROR] [FATAL] Both primary and backup sources failed for KvemoKartli TV.
2026-10-01 08:36:54,595 [INFO] --- Processing MaraoTV ---
2026-10-01 08:36:54,595 [INFO] [PRIMARY] Loading https://tv.mar.tv/maraotv for MaraoTV...
2026-10-01 08:36:54,943 [WARNING] [PRIMARY] MaraoTV: Player not visible on page.
2026-10-01 08:37:09,858 [ERROR] [PRIMARY] MaraoTV: Timeout error. Stream failed to initialize.
2026-10-01 08:37:09,902 [INFO] [PRIMARY] MaraoTV: Saved debug screenshot to logs_updater/logsnewstyle/debug_MaraoTV_primary.png
2026-10-01 08:37:09,902 [INFO] [FALLBACK] Primary failed. Attempting backup for MaraoTV...
2026-10-01 08:37:09,902 [INFO] [BACKUP] Loading https://www.arxebi.live/ge/maraotv for MaraoTV...
2026-10-01 08:37:10,480 [WARNING] [BACKUP] MaraoTV: Player not visible on page.
2026-10-01 08:37:25,473 [ERROR] [BACKUP] MaraoTV: Timeout error. Stream failed to initialize.
2026-10-01 08:37:25,549 [INFO] [BACKUP] MaraoTV: Saved debug screenshot to logs_updater/logsnewstyle/debug_MaraoTV_backup.png
2026-10-01 08:37:25,549 [ERROR] [FATAL] Both primary and backup sources failed for MaraoTV.
2026-10-01 08:37:25,590 [INFO] Writing 2 working channels to playlist.m3u...
2026-10-01 08:37:25,590 [INFO] Playlist update complete.
