2026-08-21 15:36:34,171 [INFO] === UPDATE EXECUTION STARTED ===
2026-08-21 15:36:34,171 [INFO] Fetching Setanta Sports 3 from IPTV-ORG...
2026-08-21 15:36:34,328 [INFO] Launching batch scraper for 44 channels on tv.mar.tv...
2026-08-21 15:36:36,297 [INFO] Scraping rustavi2...
2026-08-21 15:36:41,976 [INFO]  -> Success: https://live8.mar.tv/1/4rd/index.m3u8
2026-08-21 15:36:42,009 [INFO] Scraping maestro...
2026-08-21 15:36:45,342 [INFO]  -> Success: https://live4.mar.tv/b06798144e2aff289eb900e999cd6c24c02063a445174eb19b6102e902aef38c/352m/index.m3u8
2026-08-21 15:36:45,377 [INFO] Scraping marao...
2026-08-21 15:36:48,711 [INFO]  -> Success: https://live2.mar.tv/b06798144e2aff289eb900e999cd6c24c02063a445174eb19b6102e902aef38c/12sd/index.m3u8
2026-08-21 15:36:48,745 [INFO] Scraping gds...
2026-08-21 15:36:52,082 [INFO]  -> Success: https://live1.mar.tv/b06798144e2aff289eb900e999cd6c24c02063a445174eb19b6102e902aef38c/13sd/index.m3u8
2026-08-21 15:36:52,115 [INFO] Scraping comedy...
2026-08-21 15:36:55,448 [INFO]  -> Success: https://live4.mar.tv/b06798144e2aff289eb900e999cd6c24c02063a445174eb19b6102e902aef38c/14rd/index.m3u8
2026-08-21 15:36:55,483 [INFO] Scraping bbb...
2026-08-21 15:36:58,817 [INFO]  -> Success: https://live2.mar.tv/b06798144e2aff289eb900e999cd6c24c02063a445174eb19b6102e902aef38c/16sd/index.m3u8
2026-08-21 15:36:58,850 [INFO] Scraping enkibenki...
2026-08-21 15:37:02,183 [INFO]  -> Success: https://live2.mar.tv/b06798144e2aff289eb900e999cd6c24c02063a445174eb19b6102e902aef38c/17e/index.m3u8
2026-08-21 15:37:02,215 [INFO] Scraping adjaratv...
2026-08-21 15:37:05,549 [INFO]  -> Success: https://live2.mar.tv/b06798144e2aff289eb900e999cd6c24c02063a445174eb19b6102e902aef38c/19rd/index.m3u8
2026-08-21 15:37:05,582 [INFO] Scraping rionitv...
2026-08-21 15:37:08,918 [INFO]  -> Success: https://live6.mar.tv/b06798144e2aff289eb900e999cd6c24c02063a445174eb19b6102e902aef38c/20rionn/index.m3u8
2026-08-21 15:37:08,950 [INFO] Scraping tv25...
2026-08-21 15:37:12,284 [INFO]  -> Success: https://live6.mar.tv/b06798144e2aff289eb900e999cd6c24c02063a445174eb19b6102e902aef38c/23tv25/index.m3u8
2026-08-21 15:37:12,318 [INFO] Scraping tv4rustavi...
2026-08-21 15:37:15,651 [INFO]  -> Success: https://live6.mar.tv/b06798144e2aff289eb900e999cd6c24c02063a445174eb19b6102e902aef38c/24tw4/index.m3u8
2026-08-21 15:37:15,686 [INFO] Scraping trialeti...
2026-08-21 15:37:19,020 [INFO]  -> Success: https://live6.mar.tv/b06798144e2aff289eb900e999cd6c24c02063a445174eb19b6102e902aef38c/trialleti/index.m3u8
2026-08-21 15:37:19,056 [INFO] Scraping dardimandi...
2026-08-21 15:37:22,389 [INFO]  -> Success: https://live5.mar.tv/b06798144e2aff289eb900e999cd6c24c02063a445174eb19b6102e902aef38c/27/index.m3u8
2026-08-21 15:37:22,422 [INFO] Scraping agro...
2026-08-21 15:37:25,758 [INFO]  -> Success: https://live5.mar.tv/b06798144e2aff289eb900e999cd6c24c02063a445174eb19b6102e902aef38c/28/index.m3u8
2026-08-21 15:37:25,791 [INFO] Scraping samefo...
2026-08-21 15:37:29,125 [INFO]  -> Success: https://live5.mar.tv/b06798144e2aff289eb900e999cd6c24c02063a445174eb19b6102e902aef38c/29/index.m3u8
2026-08-21 15:37:29,157 [INFO] Scraping postv...
2026-08-21 15:37:32,485 [INFO]  -> Success: https://live6.mar.tv/b06798144e2aff289eb900e999cd6c24c02063a445174eb19b6102e902aef38c/postvw/index.m3u8
2026-08-21 15:37:32,516 [INFO] Scraping megatv...
2026-08-21 15:37:35,851 [INFO]  -> Success: https://live4.mar.tv/b06798144e2aff289eb900e999cd6c24c02063a445174eb19b6102e902aef38c/32st/index.m3u8
2026-08-21 15:37:35,885 [INFO] Scraping qartuliarxi...
2026-08-21 15:37:39,220 [INFO]  -> Success: https://live6.mar.tv/b06798144e2aff289eb900e999cd6c24c02063a445174eb19b6102e902aef38c/qartuli/index.m3u8
2026-08-21 15:37:39,249 [INFO] Scraping musicbox...
2026-08-21 15:37:42,584 [INFO]  -> Success: https://live6.mar.tv/b06798144e2aff289eb900e999cd6c24c02063a445174eb19b6102e902aef38c/34musge/index.m3u8
2026-08-21 15:37:42,618 [INFO] Scraping marneuli...
2026-08-21 15:37:45,952 [INFO]  -> Success: https://live6.mar.tv/b06798144e2aff289eb900e999cd6c24c02063a445174eb19b6102e902aef38c/37marn/index.m3u8
2026-08-21 15:37:45,987 [INFO] Scraping axaliformula...
2026-08-21 15:37:49,319 [INFO]  -> Success: https://live6.mar.tv/b06798144e2aff289eb900e999cd6c24c02063a445174eb19b6102e902aef38c/axaliformla/index.m3u8
2026-08-21 15:37:49,355 [INFO] Scraping o2...
2026-08-21 15:37:52,690 [INFO]  -> Success: https://live5.mar.tv/b06798144e2aff289eb900e999cd6c24c02063a445174eb19b6102e902aef38c/40/index.m3u8
2026-08-21 15:37:52,726 [INFO] Scraping guria...
2026-08-21 15:37:56,057 [INFO]  -> Success: https://live5.mar.tv/b06798144e2aff289eb900e999cd6c24c02063a445174eb19b6102e902aef38c/42/index.m3u8
2026-08-21 15:37:56,092 [INFO] Scraping imervizia...
2026-08-21 15:37:59,426 [INFO]  -> Success: https://live6.mar.tv/b06798144e2aff289eb900e999cd6c24c02063a445174eb19b6102e902aef38c/imervizia/index.m3u8
2026-08-21 15:37:59,460 [INFO] Scraping diatv...
2026-08-21 15:38:02,794 [INFO]  -> Success: https://live4.mar.tv/b06798144e2aff289eb900e999cd6c24c02063a445174eb19b6102e902aef38c/dia/index.m3u8
2026-08-21 15:38:02,828 [INFO] Scraping chveniarxi...
2026-08-21 15:38:06,162 [INFO]  -> Success: https://live3.mar.tv/b06798144e2aff289eb900e999cd6c24c02063a445174eb19b6102e902aef38c/45rd/index.m3u8
2026-08-21 15:38:06,196 [INFO] Scraping batumitv...
2026-08-21 15:38:09,529 [INFO]  -> Success: https://live5.mar.tv/b06798144e2aff289eb900e999cd6c24c02063a445174eb19b6102e902aef38c/46/index.m3u8
2026-08-21 15:38:09,563 [INFO] Scraping rcheuli...
2026-08-21 15:38:12,895 [INFO]  -> Success: https://live5.mar.tv/b06798144e2aff289eb900e999cd6c24c02063a445174eb19b6102e902aef38c/47/index.m3u8
2026-08-21 15:38:12,927 [INFO] Scraping gurjaani...
2026-08-21 15:38:16,263 [INFO]  -> Success: https://live4.mar.tv/b06798144e2aff289eb900e999cd6c24c02063a445174eb19b6102e902aef38c/48m/index.m3u8
2026-08-21 15:38:16,295 [INFO] Scraping molitv...
2026-08-21 15:38:19,626 [INFO]  -> Success: https://live6.mar.tv/b06798144e2aff289eb900e999cd6c24c02063a445174eb19b6102e902aef38c/mollltv/index.m3u8
2026-08-21 15:38:19,656 [INFO] Scraping mexute...
2026-08-21 15:38:22,991 [INFO]  -> Success: https://live6.mar.tv/b06798144e2aff289eb900e999cd6c24c02063a445174eb19b6102e902aef38c/50/index.m3u8
2026-08-21 15:38:23,025 [INFO] Scraping agrogaremo...
2026-08-21 15:38:26,359 [INFO]  -> Success: https://live6.mar.tv/b06798144e2aff289eb900e999cd6c24c02063a445174eb19b6102e902aef38c/agrogaremo/index.m3u8
2026-08-21 15:38:26,392 [INFO] Scraping artv...
2026-08-21 15:38:29,725 [INFO]  -> Success: https://live6.mar.tv/b06798144e2aff289eb900e999cd6c24c02063a445174eb19b6102e902aef38c/tafutv/index.m3u8
2026-08-21 15:38:29,760 [INFO] Scraping meteo24...
2026-08-21 15:38:33,094 [INFO]  -> Success: https://live5.mar.tv/b06798144e2aff289eb900e999cd6c24c02063a445174eb19b6102e902aef38c/56/index.m3u8
2026-08-21 15:38:33,136 [INFO] Scraping georgiantimes...
2026-08-21 15:38:36,469 [INFO]  -> Success: https://live5.mar.tv/b06798144e2aff289eb900e999cd6c24c02063a445174eb19b6102e902aef38c/57/index.m3u8
2026-08-21 15:38:36,502 [INFO] Scraping silkuniversal...
2026-08-21 15:38:39,833 [INFO]  -> Success: https://live2.mar.tv/b06798144e2aff289eb900e999cd6c24c02063a445174eb19b6102e902aef38c/1arxiweb/index.m3u8
2026-08-21 15:38:39,868 [INFO] Scraping rugbytv...
2026-08-21 15:38:43,204 [INFO]  -> Success: https://live4.mar.tv/b06798144e2aff289eb900e999cd6c24c02063a445174eb19b6102e902aef38c/160m/index.m3u8
2026-08-21 15:38:43,239 [INFO] Scraping gms...
2026-08-21 15:38:46,575 [INFO]  -> Success: https://live5.mar.tv/b06798144e2aff289eb900e999cd6c24c02063a445174eb19b6102e902aef38c/161/index.m3u8
2026-08-21 15:38:46,614 [INFO] Scraping aiatv...
2026-08-21 15:38:49,947 [INFO]  -> Success: https://live6.mar.tv/b06798144e2aff289eb900e999cd6c24c02063a445174eb19b6102e902aef38c/aia/index.m3u8
2026-08-21 15:38:49,980 [INFO] Scraping batumi2...
2026-08-21 15:38:53,312 [INFO]  -> Success: https://live6.mar.tv/b06798144e2aff289eb900e999cd6c24c02063a445174eb19b6102e902aef38c/batumitv2/index.m3u8
2026-08-21 15:38:53,344 [INFO] Scraping altinfo...
2026-08-21 15:38:56,674 [INFO]  -> Success: https://live6.mar.tv/b06798144e2aff289eb900e999cd6c24c02063a445174eb19b6102e902aef38c/altinfo/index.m3u8
2026-08-21 15:38:56,707 [INFO] Scraping parliament...
2026-08-21 15:39:00,042 [INFO]  -> Success: https://live6.mar.tv/b06798144e2aff289eb900e999cd6c24c02063a445174eb19b6102e902aef38c/parlament/index.m3u8
2026-08-21 15:39:00,075 [INFO] Scraping egrisi...
2026-08-21 15:39:03,410 [INFO]  -> Success: https://live6.mar.tv/b06798144e2aff289eb900e999cd6c24c02063a445174eb19b6102e902aef38c/egrisi/index.m3u8
2026-08-21 15:39:03,445 [INFO] Scraping mzetv...
2026-08-21 15:39:06,780 [INFO]  -> Success: https://live6.mar.tv/b06798144e2aff289eb900e999cd6c24c02063a445174eb19b6102e902aef38c/mze/index.m3u8
2026-08-21 15:39:06,834 [WARNING] Failed to find tvg-id="rustavi2" in georgia_channels.m3u
2026-08-21 15:39:06,834 [WARNING] Failed to find tvg-id="maestro" in georgia_channels.m3u
2026-08-21 15:39:06,834 [WARNING] Failed to find tvg-id="marao" in georgia_channels.m3u
2026-08-21 15:39:06,834 [WARNING] Failed to find tvg-id="gds" in georgia_channels.m3u
2026-08-21 15:39:06,835 [WARNING] Failed to find tvg-id="comedy" in georgia_channels.m3u
2026-08-21 15:39:06,835 [WARNING] Failed to find tvg-id="bbb" in georgia_channels.m3u
2026-08-21 15:39:06,835 [WARNING] Failed to find tvg-id="enkibenki" in georgia_channels.m3u
2026-08-21 15:39:06,836 [WARNING] Failed to find tvg-id="adjaratv" in georgia_channels.m3u
2026-08-21 15:39:06,836 [WARNING] Failed to find tvg-id="rionitv" in georgia_channels.m3u
2026-08-21 15:39:06,836 [WARNING] Failed to find tvg-id="tv25" in georgia_channels.m3u
2026-08-21 15:39:06,836 [WARNING] Failed to find tvg-id="tv4rustavi" in georgia_channels.m3u
2026-08-21 15:39:06,837 [WARNING] Failed to find tvg-id="trialeti" in georgia_channels.m3u
2026-08-21 15:39:06,837 [WARNING] Failed to find tvg-id="dardimandi" in georgia_channels.m3u
2026-08-21 15:39:06,837 [WARNING] Failed to find tvg-id="agro" in georgia_channels.m3u
2026-08-21 15:39:06,837 [WARNING] Failed to find tvg-id="samefo" in georgia_channels.m3u
2026-08-21 15:39:06,838 [WARNING] Failed to find tvg-id="postv" in georgia_channels.m3u
2026-08-21 15:39:06,838 [WARNING] Failed to find tvg-id="megatv" in georgia_channels.m3u
2026-08-21 15:39:06,838 [WARNING] Failed to find tvg-id="qartuliarxi" in georgia_channels.m3u
2026-08-21 15:39:06,838 [WARNING] Failed to find tvg-id="musicbox" in georgia_channels.m3u
2026-08-21 15:39:06,839 [WARNING] Failed to find tvg-id="marneuli" in georgia_channels.m3u
2026-08-21 15:39:06,839 [WARNING] Failed to find tvg-id="axaliformula" in georgia_channels.m3u
2026-08-21 15:39:06,839 [WARNING] Failed to find tvg-id="o2" in georgia_channels.m3u
2026-08-21 15:39:06,839 [WARNING] Failed to find tvg-id="guria" in georgia_channels.m3u
2026-08-21 15:39:06,840 [WARNING] Failed to find tvg-id="imervizia" in georgia_channels.m3u
2026-08-21 15:39:06,840 [WARNING] Failed to find tvg-id="diatv" in georgia_channels.m3u
2026-08-21 15:39:06,840 [WARNING] Failed to find tvg-id="chveniarxi" in georgia_channels.m3u
2026-08-21 15:39:06,840 [WARNING] Failed to find tvg-id="batumitv" in georgia_channels.m3u
2026-08-21 15:39:06,841 [WARNING] Failed to find tvg-id="rcheuli" in georgia_channels.m3u
2026-08-21 15:39:06,841 [WARNING] Failed to find tvg-id="gurjaani" in georgia_channels.m3u
2026-08-21 15:39:06,841 [WARNING] Failed to find tvg-id="molitv" in georgia_channels.m3u
2026-08-21 15:39:06,842 [WARNING] Failed to find tvg-id="mexute" in georgia_channels.m3u
2026-08-21 15:39:06,842 [WARNING] Failed to find tvg-id="agrogaremo" in georgia_channels.m3u
2026-08-21 15:39:06,842 [WARNING] Failed to find tvg-id="artv" in georgia_channels.m3u
2026-08-21 15:39:06,842 [WARNING] Failed to find tvg-id="meteo24" in georgia_channels.m3u
2026-08-21 15:39:06,843 [WARNING] Failed to find tvg-id="georgiantimes" in georgia_channels.m3u
2026-08-21 15:39:06,843 [WARNING] Failed to find tvg-id="silkuniversal" in georgia_channels.m3u
2026-08-21 15:39:06,843 [WARNING] Failed to find tvg-id="rugbytv" in georgia_channels.m3u
2026-08-21 15:39:06,843 [WARNING] Failed to find tvg-id="gms" in georgia_channels.m3u
2026-08-21 15:39:06,844 [WARNING] Failed to find tvg-id="aiatv" in georgia_channels.m3u
2026-08-21 15:39:06,844 [WARNING] Failed to find tvg-id="batumi2" in georgia_channels.m3u
2026-08-21 15:39:06,844 [WARNING] Failed to find tvg-id="altinfo" in georgia_channels.m3u
2026-08-21 15:39:06,844 [WARNING] Failed to find tvg-id="parliament" in georgia_channels.m3u
2026-08-21 15:39:06,845 [WARNING] Failed to find tvg-id="egrisi" in georgia_channels.m3u
2026-08-21 15:39:06,845 [WARNING] Failed to find tvg-id="mzetv" in georgia_channels.m3u
2026-08-21 15:39:06,845 [INFO] No file changes were made.
2026-08-21 15:39:06,845 [INFO] === UPDATE EXECUTION FINISHED ===
