2026-08-26 10:38:10,173 [INFO] === UPDATE EXECUTION STARTED ===
2026-08-26 10:38:10,173 [INFO] Fetching Setanta Sports 3 from IPTV-ORG...
2026-08-26 10:38:10,304 [INFO] Launching batch scraper for 44 channels on tv.mar.tv...
2026-08-26 10:38:10,777 [INFO] Scraping rustavi2...
2026-08-26 10:38:16,221 [INFO]  -> Success: https://live8.mar.tv/1/4rd/index.m3u8
2026-08-26 10:38:16,248 [INFO] Scraping maestro...
2026-08-26 10:38:19,543 [INFO]  -> Success: https://live4.mar.tv/afe5f9091b269860870dffe53dd2b3e4d71eaf3d17452faac206dfab0fc4e48f/352m/index.m3u8
2026-08-26 10:38:19,569 [INFO] Scraping marao...
2026-08-26 10:38:22,862 [INFO]  -> Success: https://live2.mar.tv/afe5f9091b269860870dffe53dd2b3e4d71eaf3d17452faac206dfab0fc4e48f/12sd/index.m3u8
2026-08-26 10:38:22,890 [INFO] Scraping gds...
2026-08-26 10:38:26,182 [INFO]  -> Success: https://live1.mar.tv/afe5f9091b269860870dffe53dd2b3e4d71eaf3d17452faac206dfab0fc4e48f/13sd/index.m3u8
2026-08-26 10:38:26,209 [INFO] Scraping comedy...
2026-08-26 10:38:29,503 [INFO]  -> Success: https://live4.mar.tv/afe5f9091b269860870dffe53dd2b3e4d71eaf3d17452faac206dfab0fc4e48f/14rd/index.m3u8
2026-08-26 10:38:29,530 [INFO] Scraping bbb...
2026-08-26 10:38:32,825 [INFO]  -> Success: https://live2.mar.tv/afe5f9091b269860870dffe53dd2b3e4d71eaf3d17452faac206dfab0fc4e48f/16sd/index.m3u8
2026-08-26 10:38:32,856 [INFO] Scraping enkibenki...
2026-08-26 10:38:36,153 [INFO]  -> Success: https://live2.mar.tv/afe5f9091b269860870dffe53dd2b3e4d71eaf3d17452faac206dfab0fc4e48f/17e/index.m3u8
2026-08-26 10:38:36,181 [INFO] Scraping adjaratv...
2026-08-26 10:38:39,475 [INFO]  -> Success: https://live2.mar.tv/afe5f9091b269860870dffe53dd2b3e4d71eaf3d17452faac206dfab0fc4e48f/19rd/index.m3u8
2026-08-26 10:38:39,502 [INFO] Scraping rionitv...
2026-08-26 10:38:42,795 [INFO]  -> Success: https://live6.mar.tv/afe5f9091b269860870dffe53dd2b3e4d71eaf3d17452faac206dfab0fc4e48f/20rionn/index.m3u8
2026-08-26 10:38:42,824 [INFO] Scraping tv25...
2026-08-26 10:38:46,117 [INFO]  -> Success: https://live6.mar.tv/afe5f9091b269860870dffe53dd2b3e4d71eaf3d17452faac206dfab0fc4e48f/23tv25/index.m3u8
2026-08-26 10:38:46,142 [INFO] Scraping tv4rustavi...
2026-08-26 10:38:49,436 [INFO]  -> Success: https://live6.mar.tv/afe5f9091b269860870dffe53dd2b3e4d71eaf3d17452faac206dfab0fc4e48f/24tw4/index.m3u8
2026-08-26 10:38:49,464 [INFO] Scraping trialeti...
2026-08-26 10:38:52,758 [INFO]  -> Success: https://live6.mar.tv/afe5f9091b269860870dffe53dd2b3e4d71eaf3d17452faac206dfab0fc4e48f/trialleti/index.m3u8
2026-08-26 10:38:52,785 [INFO] Scraping dardimandi...
2026-08-26 10:38:56,084 [INFO]  -> Success: https://live5.mar.tv/afe5f9091b269860870dffe53dd2b3e4d71eaf3d17452faac206dfab0fc4e48f/27/index.m3u8
2026-08-26 10:38:56,111 [INFO] Scraping agro...
2026-08-26 10:38:59,404 [INFO]  -> Success: https://live5.mar.tv/afe5f9091b269860870dffe53dd2b3e4d71eaf3d17452faac206dfab0fc4e48f/28/index.m3u8
2026-08-26 10:38:59,430 [INFO] Scraping samefo...
2026-08-26 10:39:02,726 [INFO]  -> Success: https://live5.mar.tv/afe5f9091b269860870dffe53dd2b3e4d71eaf3d17452faac206dfab0fc4e48f/29/index.m3u8
2026-08-26 10:39:02,752 [INFO] Scraping postv...
2026-08-26 10:39:06,044 [INFO]  -> Success: https://live6.mar.tv/afe5f9091b269860870dffe53dd2b3e4d71eaf3d17452faac206dfab0fc4e48f/postvw/index.m3u8
2026-08-26 10:39:06,073 [INFO] Scraping megatv...
2026-08-26 10:39:09,367 [INFO]  -> Success: https://live4.mar.tv/afe5f9091b269860870dffe53dd2b3e4d71eaf3d17452faac206dfab0fc4e48f/32st/index.m3u8
2026-08-26 10:39:09,395 [INFO] Scraping qartuliarxi...
2026-08-26 10:39:12,686 [INFO]  -> Success: https://live6.mar.tv/afe5f9091b269860870dffe53dd2b3e4d71eaf3d17452faac206dfab0fc4e48f/qartuli/index.m3u8
2026-08-26 10:39:12,713 [INFO] Scraping musicbox...
2026-08-26 10:39:16,008 [INFO]  -> Success: https://live6.mar.tv/afe5f9091b269860870dffe53dd2b3e4d71eaf3d17452faac206dfab0fc4e48f/34musge/index.m3u8
2026-08-26 10:39:16,033 [INFO] Scraping marneuli...
2026-08-26 10:39:19,326 [INFO]  -> Success: https://live6.mar.tv/afe5f9091b269860870dffe53dd2b3e4d71eaf3d17452faac206dfab0fc4e48f/37marn/index.m3u8
2026-08-26 10:39:19,353 [INFO] Scraping axaliformula...
2026-08-26 10:39:22,648 [INFO]  -> Success: https://live6.mar.tv/afe5f9091b269860870dffe53dd2b3e4d71eaf3d17452faac206dfab0fc4e48f/axaliformla/index.m3u8
2026-08-26 10:39:22,674 [INFO] Scraping o2...
2026-08-26 10:39:25,964 [INFO]  -> Success: https://live5.mar.tv/afe5f9091b269860870dffe53dd2b3e4d71eaf3d17452faac206dfab0fc4e48f/40/index.m3u8
2026-08-26 10:39:25,990 [INFO] Scraping guria...
2026-08-26 10:39:29,284 [INFO]  -> Success: https://live5.mar.tv/afe5f9091b269860870dffe53dd2b3e4d71eaf3d17452faac206dfab0fc4e48f/42/index.m3u8
2026-08-26 10:39:29,311 [INFO] Scraping imervizia...
2026-08-26 10:39:32,602 [INFO]  -> Success: https://live6.mar.tv/afe5f9091b269860870dffe53dd2b3e4d71eaf3d17452faac206dfab0fc4e48f/imervizia/index.m3u8
2026-08-26 10:39:32,630 [INFO] Scraping diatv...
2026-08-26 10:39:35,923 [INFO]  -> Success: https://live4.mar.tv/afe5f9091b269860870dffe53dd2b3e4d71eaf3d17452faac206dfab0fc4e48f/dia/index.m3u8
2026-08-26 10:39:35,951 [INFO] Scraping chveniarxi...
2026-08-26 10:39:39,245 [INFO]  -> Success: https://live3.mar.tv/afe5f9091b269860870dffe53dd2b3e4d71eaf3d17452faac206dfab0fc4e48f/45rd/index.m3u8
2026-08-26 10:39:39,271 [INFO] Scraping batumitv...
2026-08-26 10:39:42,569 [INFO]  -> Success: https://live5.mar.tv/afe5f9091b269860870dffe53dd2b3e4d71eaf3d17452faac206dfab0fc4e48f/46/index.m3u8
2026-08-26 10:39:42,595 [INFO] Scraping rcheuli...
2026-08-26 10:39:45,888 [INFO]  -> Success: https://live5.mar.tv/afe5f9091b269860870dffe53dd2b3e4d71eaf3d17452faac206dfab0fc4e48f/47/index.m3u8
2026-08-26 10:39:45,916 [INFO] Scraping gurjaani...
2026-08-26 10:39:49,212 [INFO]  -> Success: https://live4.mar.tv/afe5f9091b269860870dffe53dd2b3e4d71eaf3d17452faac206dfab0fc4e48f/48m/index.m3u8
2026-08-26 10:39:49,240 [INFO] Scraping molitv...
2026-08-26 10:39:52,533 [INFO]  -> Success: https://live6.mar.tv/afe5f9091b269860870dffe53dd2b3e4d71eaf3d17452faac206dfab0fc4e48f/mollltv/index.m3u8
2026-08-26 10:39:52,560 [INFO] Scraping mexute...
2026-08-26 10:39:55,855 [INFO]  -> Success: https://live6.mar.tv/afe5f9091b269860870dffe53dd2b3e4d71eaf3d17452faac206dfab0fc4e48f/50/index.m3u8
2026-08-26 10:39:55,881 [INFO] Scraping agrogaremo...
2026-08-26 10:39:59,177 [INFO]  -> Success: https://live6.mar.tv/afe5f9091b269860870dffe53dd2b3e4d71eaf3d17452faac206dfab0fc4e48f/agrogaremo/index.m3u8
2026-08-26 10:39:59,204 [INFO] Scraping artv...
2026-08-26 10:40:02,499 [INFO]  -> Success: https://live6.mar.tv/afe5f9091b269860870dffe53dd2b3e4d71eaf3d17452faac206dfab0fc4e48f/tafutv/index.m3u8
2026-08-26 10:40:02,526 [INFO] Scraping meteo24...
2026-08-26 10:40:05,818 [INFO]  -> Success: https://live5.mar.tv/afe5f9091b269860870dffe53dd2b3e4d71eaf3d17452faac206dfab0fc4e48f/56/index.m3u8
2026-08-26 10:40:05,847 [INFO] Scraping georgiantimes...
2026-08-26 10:40:09,142 [INFO]  -> Success: https://live5.mar.tv/afe5f9091b269860870dffe53dd2b3e4d71eaf3d17452faac206dfab0fc4e48f/57/index.m3u8
2026-08-26 10:40:09,168 [INFO] Scraping silkuniversal...
2026-08-26 10:40:12,462 [INFO]  -> Success: https://live2.mar.tv/afe5f9091b269860870dffe53dd2b3e4d71eaf3d17452faac206dfab0fc4e48f/1arxiweb/index.m3u8
2026-08-26 10:40:12,489 [INFO] Scraping rugbytv...
2026-08-26 10:40:15,786 [INFO]  -> Success: https://live4.mar.tv/afe5f9091b269860870dffe53dd2b3e4d71eaf3d17452faac206dfab0fc4e48f/160m/index.m3u8
2026-08-26 10:40:15,811 [INFO] Scraping gms...
2026-08-26 10:40:19,104 [INFO]  -> Success: https://live5.mar.tv/afe5f9091b269860870dffe53dd2b3e4d71eaf3d17452faac206dfab0fc4e48f/161/index.m3u8
2026-08-26 10:40:19,131 [INFO] Scraping aiatv...
2026-08-26 10:40:22,425 [INFO]  -> Success: https://live6.mar.tv/afe5f9091b269860870dffe53dd2b3e4d71eaf3d17452faac206dfab0fc4e48f/aia/index.m3u8
2026-08-26 10:40:22,449 [INFO] Scraping batumi2...
2026-08-26 10:40:25,743 [INFO]  -> Success: https://live6.mar.tv/afe5f9091b269860870dffe53dd2b3e4d71eaf3d17452faac206dfab0fc4e48f/batumitv2/index.m3u8
2026-08-26 10:40:25,771 [INFO] Scraping altinfo...
2026-08-26 10:40:29,063 [INFO]  -> Success: https://live6.mar.tv/afe5f9091b269860870dffe53dd2b3e4d71eaf3d17452faac206dfab0fc4e48f/altinfo/index.m3u8
2026-08-26 10:40:29,091 [INFO] Scraping parliament...
2026-08-26 10:40:32,386 [INFO]  -> Success: https://live6.mar.tv/afe5f9091b269860870dffe53dd2b3e4d71eaf3d17452faac206dfab0fc4e48f/parlament/index.m3u8
2026-08-26 10:40:32,414 [INFO] Scraping egrisi...
2026-08-26 10:40:35,710 [INFO]  -> Success: https://live6.mar.tv/afe5f9091b269860870dffe53dd2b3e4d71eaf3d17452faac206dfab0fc4e48f/egrisi/index.m3u8
2026-08-26 10:40:35,739 [INFO] Scraping mzetv...
2026-08-26 10:40:39,039 [INFO]  -> Success: https://live6.mar.tv/afe5f9091b269860870dffe53dd2b3e4d71eaf3d17452faac206dfab0fc4e48f/mze/index.m3u8
2026-08-26 10:40:39,075 [WARNING] Failed to find tvg-id="rustavi2" in georgia_channels.m3u
2026-08-26 10:40:39,075 [WARNING] Failed to find tvg-id="maestro" in georgia_channels.m3u
2026-08-26 10:40:39,076 [WARNING] Failed to find tvg-id="marao" in georgia_channels.m3u
2026-08-26 10:40:39,076 [WARNING] Failed to find tvg-id="gds" in georgia_channels.m3u
2026-08-26 10:40:39,076 [WARNING] Failed to find tvg-id="comedy" in georgia_channels.m3u
2026-08-26 10:40:39,076 [WARNING] Failed to find tvg-id="bbb" in georgia_channels.m3u
2026-08-26 10:40:39,076 [WARNING] Failed to find tvg-id="enkibenki" in georgia_channels.m3u
2026-08-26 10:40:39,076 [WARNING] Failed to find tvg-id="adjaratv" in georgia_channels.m3u
2026-08-26 10:40:39,076 [WARNING] Failed to find tvg-id="rionitv" in georgia_channels.m3u
2026-08-26 10:40:39,077 [WARNING] Failed to find tvg-id="tv25" in georgia_channels.m3u
2026-08-26 10:40:39,077 [WARNING] Failed to find tvg-id="tv4rustavi" in georgia_channels.m3u
2026-08-26 10:40:39,077 [WARNING] Failed to find tvg-id="trialeti" in georgia_channels.m3u
2026-08-26 10:40:39,077 [WARNING] Failed to find tvg-id="dardimandi" in georgia_channels.m3u
2026-08-26 10:40:39,077 [WARNING] Failed to find tvg-id="agro" in georgia_channels.m3u
2026-08-26 10:40:39,077 [WARNING] Failed to find tvg-id="samefo" in georgia_channels.m3u
2026-08-26 10:40:39,077 [WARNING] Failed to find tvg-id="postv" in georgia_channels.m3u
2026-08-26 10:40:39,077 [WARNING] Failed to find tvg-id="megatv" in georgia_channels.m3u
2026-08-26 10:40:39,077 [WARNING] Failed to find tvg-id="qartuliarxi" in georgia_channels.m3u
2026-08-26 10:40:39,078 [WARNING] Failed to find tvg-id="musicbox" in georgia_channels.m3u
2026-08-26 10:40:39,078 [WARNING] Failed to find tvg-id="marneuli" in georgia_channels.m3u
2026-08-26 10:40:39,078 [WARNING] Failed to find tvg-id="axaliformula" in georgia_channels.m3u
2026-08-26 10:40:39,078 [WARNING] Failed to find tvg-id="o2" in georgia_channels.m3u
2026-08-26 10:40:39,078 [WARNING] Failed to find tvg-id="guria" in georgia_channels.m3u
2026-08-26 10:40:39,078 [WARNING] Failed to find tvg-id="imervizia" in georgia_channels.m3u
2026-08-26 10:40:39,078 [WARNING] Failed to find tvg-id="diatv" in georgia_channels.m3u
2026-08-26 10:40:39,078 [WARNING] Failed to find tvg-id="chveniarxi" in georgia_channels.m3u
2026-08-26 10:40:39,079 [WARNING] Failed to find tvg-id="batumitv" in georgia_channels.m3u
2026-08-26 10:40:39,079 [WARNING] Failed to find tvg-id="rcheuli" in georgia_channels.m3u
2026-08-26 10:40:39,079 [WARNING] Failed to find tvg-id="gurjaani" in georgia_channels.m3u
2026-08-26 10:40:39,079 [WARNING] Failed to find tvg-id="molitv" in georgia_channels.m3u
2026-08-26 10:40:39,079 [WARNING] Failed to find tvg-id="mexute" in georgia_channels.m3u
2026-08-26 10:40:39,080 [WARNING] Failed to find tvg-id="agrogaremo" in georgia_channels.m3u
2026-08-26 10:40:39,080 [WARNING] Failed to find tvg-id="artv" in georgia_channels.m3u
2026-08-26 10:40:39,080 [WARNING] Failed to find tvg-id="meteo24" in georgia_channels.m3u
2026-08-26 10:40:39,080 [WARNING] Failed to find tvg-id="georgiantimes" in georgia_channels.m3u
2026-08-26 10:40:39,080 [WARNING] Failed to find tvg-id="silkuniversal" in georgia_channels.m3u
2026-08-26 10:40:39,080 [WARNING] Failed to find tvg-id="rugbytv" in georgia_channels.m3u
2026-08-26 10:40:39,080 [WARNING] Failed to find tvg-id="gms" in georgia_channels.m3u
2026-08-26 10:40:39,080 [WARNING] Failed to find tvg-id="aiatv" in georgia_channels.m3u
2026-08-26 10:40:39,081 [WARNING] Failed to find tvg-id="batumi2" in georgia_channels.m3u
2026-08-26 10:40:39,081 [WARNING] Failed to find tvg-id="altinfo" in georgia_channels.m3u
2026-08-26 10:40:39,081 [WARNING] Failed to find tvg-id="parliament" in georgia_channels.m3u
2026-08-26 10:40:39,081 [WARNING] Failed to find tvg-id="egrisi" in georgia_channels.m3u
2026-08-26 10:40:39,081 [WARNING] Failed to find tvg-id="mzetv" in georgia_channels.m3u
2026-08-26 10:40:39,081 [INFO] No file changes were made.
2026-08-26 10:40:39,081 [INFO] === UPDATE EXECUTION FINISHED ===
