2026-08-23 07:35:21,224 [INFO] === UPDATE EXECUTION STARTED ===
2026-08-23 07:35:21,224 [INFO] Fetching Setanta Sports 3 from IPTV-ORG...
2026-08-23 07:35:21,363 [INFO] Launching batch scraper for 44 channels on tv.mar.tv...
2026-08-23 07:35:21,994 [INFO] Scraping rustavi2...
2026-08-23 07:35:27,694 [INFO]  -> Success: https://live8.mar.tv/1/4rd/index.m3u8
2026-08-23 07:35:27,733 [INFO] Scraping maestro...
2026-08-23 07:35:31,076 [INFO]  -> Success: https://live4.mar.tv/81f7c709b41d884f87ffe08fcae046250aeaec26dd791bddfa2ce78532c1ce9e/352m/index.m3u8
2026-08-23 07:35:31,113 [INFO] Scraping marao...
2026-08-23 07:35:34,452 [INFO]  -> Success: https://live2.mar.tv/81f7c709b41d884f87ffe08fcae046250aeaec26dd791bddfa2ce78532c1ce9e/12sd/index.m3u8
2026-08-23 07:35:34,488 [INFO] Scraping gds...
2026-08-23 07:35:37,822 [INFO]  -> Success: https://live1.mar.tv/81f7c709b41d884f87ffe08fcae046250aeaec26dd791bddfa2ce78532c1ce9e/13sd/index.m3u8
2026-08-23 07:35:37,861 [INFO] Scraping comedy...
2026-08-23 07:35:41,200 [INFO]  -> Success: https://live4.mar.tv/81f7c709b41d884f87ffe08fcae046250aeaec26dd791bddfa2ce78532c1ce9e/14rd/index.m3u8
2026-08-23 07:35:41,234 [INFO] Scraping bbb...
2026-08-23 07:35:44,569 [INFO]  -> Success: https://live2.mar.tv/81f7c709b41d884f87ffe08fcae046250aeaec26dd791bddfa2ce78532c1ce9e/16sd/index.m3u8
2026-08-23 07:35:44,603 [INFO] Scraping enkibenki...
2026-08-23 07:35:47,945 [INFO]  -> Success: https://live2.mar.tv/81f7c709b41d884f87ffe08fcae046250aeaec26dd791bddfa2ce78532c1ce9e/17e/index.m3u8
2026-08-23 07:35:47,979 [INFO] Scraping adjaratv...
2026-08-23 07:35:51,323 [INFO]  -> Success: https://live2.mar.tv/81f7c709b41d884f87ffe08fcae046250aeaec26dd791bddfa2ce78532c1ce9e/19rd/index.m3u8
2026-08-23 07:35:51,360 [INFO] Scraping rionitv...
2026-08-23 07:35:54,696 [INFO]  -> Success: https://live6.mar.tv/81f7c709b41d884f87ffe08fcae046250aeaec26dd791bddfa2ce78532c1ce9e/20rionn/index.m3u8
2026-08-23 07:35:54,733 [INFO] Scraping tv25...
2026-08-23 07:35:58,072 [INFO]  -> Success: https://live6.mar.tv/81f7c709b41d884f87ffe08fcae046250aeaec26dd791bddfa2ce78532c1ce9e/23tv25/index.m3u8
2026-08-23 07:35:58,110 [INFO] Scraping tv4rustavi...
2026-08-23 07:36:01,450 [INFO]  -> Success: https://live6.mar.tv/81f7c709b41d884f87ffe08fcae046250aeaec26dd791bddfa2ce78532c1ce9e/24tw4/index.m3u8
2026-08-23 07:36:01,484 [INFO] Scraping trialeti...
2026-08-23 07:36:04,820 [INFO]  -> Success: https://live6.mar.tv/81f7c709b41d884f87ffe08fcae046250aeaec26dd791bddfa2ce78532c1ce9e/trialleti/index.m3u8
2026-08-23 07:36:04,856 [INFO] Scraping dardimandi...
2026-08-23 07:36:08,192 [INFO]  -> Success: https://live5.mar.tv/81f7c709b41d884f87ffe08fcae046250aeaec26dd791bddfa2ce78532c1ce9e/27/index.m3u8
2026-08-23 07:36:08,227 [INFO] Scraping agro...
2026-08-23 07:36:11,563 [INFO]  -> Success: https://live5.mar.tv/81f7c709b41d884f87ffe08fcae046250aeaec26dd791bddfa2ce78532c1ce9e/28/index.m3u8
2026-08-23 07:36:11,596 [INFO] Scraping samefo...
2026-08-23 07:36:14,934 [INFO]  -> Success: https://live5.mar.tv/81f7c709b41d884f87ffe08fcae046250aeaec26dd791bddfa2ce78532c1ce9e/29/index.m3u8
2026-08-23 07:36:14,968 [INFO] Scraping postv...
2026-08-23 07:36:18,307 [INFO]  -> Success: https://live6.mar.tv/81f7c709b41d884f87ffe08fcae046250aeaec26dd791bddfa2ce78532c1ce9e/postvw/index.m3u8
2026-08-23 07:36:18,345 [INFO] Scraping megatv...
2026-08-23 07:36:21,685 [INFO]  -> Success: https://live4.mar.tv/81f7c709b41d884f87ffe08fcae046250aeaec26dd791bddfa2ce78532c1ce9e/32st/index.m3u8
2026-08-23 07:36:21,721 [INFO] Scraping qartuliarxi...
2026-08-23 07:36:25,060 [INFO]  -> Success: https://live6.mar.tv/81f7c709b41d884f87ffe08fcae046250aeaec26dd791bddfa2ce78532c1ce9e/qartuli/index.m3u8
2026-08-23 07:36:25,094 [INFO] Scraping musicbox...
2026-08-23 07:36:28,430 [INFO]  -> Success: https://live6.mar.tv/81f7c709b41d884f87ffe08fcae046250aeaec26dd791bddfa2ce78532c1ce9e/34musge/index.m3u8
2026-08-23 07:36:28,465 [INFO] Scraping marneuli...
2026-08-23 07:36:31,802 [INFO]  -> Success: https://live6.mar.tv/81f7c709b41d884f87ffe08fcae046250aeaec26dd791bddfa2ce78532c1ce9e/37marn/index.m3u8
2026-08-23 07:36:31,834 [INFO] Scraping axaliformula...
2026-08-23 07:36:35,175 [INFO]  -> Success: https://live6.mar.tv/81f7c709b41d884f87ffe08fcae046250aeaec26dd791bddfa2ce78532c1ce9e/axaliformla/index.m3u8
2026-08-23 07:36:35,207 [INFO] Scraping o2...
2026-08-23 07:36:38,543 [INFO]  -> Success: https://live5.mar.tv/81f7c709b41d884f87ffe08fcae046250aeaec26dd791bddfa2ce78532c1ce9e/40/index.m3u8
2026-08-23 07:36:38,576 [INFO] Scraping guria...
2026-08-23 07:36:41,915 [INFO]  -> Success: https://live5.mar.tv/81f7c709b41d884f87ffe08fcae046250aeaec26dd791bddfa2ce78532c1ce9e/42/index.m3u8
2026-08-23 07:36:41,951 [INFO] Scraping imervizia...
2026-08-23 07:36:45,289 [INFO]  -> Success: https://live6.mar.tv/81f7c709b41d884f87ffe08fcae046250aeaec26dd791bddfa2ce78532c1ce9e/imervizia/index.m3u8
2026-08-23 07:36:45,324 [INFO] Scraping diatv...
2026-08-23 07:36:48,663 [INFO]  -> Success: https://live4.mar.tv/81f7c709b41d884f87ffe08fcae046250aeaec26dd791bddfa2ce78532c1ce9e/dia/index.m3u8
2026-08-23 07:36:48,698 [INFO] Scraping chveniarxi...
2026-08-23 07:36:52,033 [INFO]  -> Success: https://live3.mar.tv/81f7c709b41d884f87ffe08fcae046250aeaec26dd791bddfa2ce78532c1ce9e/45rd/index.m3u8
2026-08-23 07:36:52,068 [INFO] Scraping batumitv...
2026-08-23 07:36:55,401 [INFO]  -> Success: https://live5.mar.tv/81f7c709b41d884f87ffe08fcae046250aeaec26dd791bddfa2ce78532c1ce9e/46/index.m3u8
2026-08-23 07:36:55,434 [INFO] Scraping rcheuli...
2026-08-23 07:36:58,767 [INFO]  -> Success: https://live5.mar.tv/81f7c709b41d884f87ffe08fcae046250aeaec26dd791bddfa2ce78532c1ce9e/47/index.m3u8
2026-08-23 07:36:58,801 [INFO] Scraping gurjaani...
2026-08-23 07:37:02,136 [INFO]  -> Success: https://live4.mar.tv/81f7c709b41d884f87ffe08fcae046250aeaec26dd791bddfa2ce78532c1ce9e/48m/index.m3u8
2026-08-23 07:37:02,171 [INFO] Scraping molitv...
2026-08-23 07:37:05,511 [INFO]  -> Success: https://live6.mar.tv/81f7c709b41d884f87ffe08fcae046250aeaec26dd791bddfa2ce78532c1ce9e/mollltv/index.m3u8
2026-08-23 07:37:05,546 [INFO] Scraping mexute...
2026-08-23 07:37:08,889 [INFO]  -> Success: https://live6.mar.tv/81f7c709b41d884f87ffe08fcae046250aeaec26dd791bddfa2ce78532c1ce9e/50/index.m3u8
2026-08-23 07:37:08,922 [INFO] Scraping agrogaremo...
2026-08-23 07:37:12,261 [INFO]  -> Success: https://live6.mar.tv/81f7c709b41d884f87ffe08fcae046250aeaec26dd791bddfa2ce78532c1ce9e/agrogaremo/index.m3u8
2026-08-23 07:37:12,295 [INFO] Scraping artv...
2026-08-23 07:37:15,631 [INFO]  -> Success: https://live6.mar.tv/81f7c709b41d884f87ffe08fcae046250aeaec26dd791bddfa2ce78532c1ce9e/tafutv/index.m3u8
2026-08-23 07:37:15,669 [INFO] Scraping meteo24...
2026-08-23 07:37:19,006 [INFO]  -> Success: https://live5.mar.tv/81f7c709b41d884f87ffe08fcae046250aeaec26dd791bddfa2ce78532c1ce9e/56/index.m3u8
2026-08-23 07:37:19,038 [INFO] Scraping georgiantimes...
2026-08-23 07:37:22,378 [INFO]  -> Success: https://live5.mar.tv/81f7c709b41d884f87ffe08fcae046250aeaec26dd791bddfa2ce78532c1ce9e/57/index.m3u8
2026-08-23 07:37:22,411 [INFO] Scraping silkuniversal...
2026-08-23 07:37:25,747 [INFO]  -> Success: https://live2.mar.tv/81f7c709b41d884f87ffe08fcae046250aeaec26dd791bddfa2ce78532c1ce9e/1arxiweb/index.m3u8
2026-08-23 07:37:25,784 [INFO] Scraping rugbytv...
2026-08-23 07:37:29,120 [INFO]  -> Success: https://live4.mar.tv/81f7c709b41d884f87ffe08fcae046250aeaec26dd791bddfa2ce78532c1ce9e/160m/index.m3u8
2026-08-23 07:37:29,155 [INFO] Scraping gms...
2026-08-23 07:37:32,488 [INFO]  -> Success: https://live5.mar.tv/81f7c709b41d884f87ffe08fcae046250aeaec26dd791bddfa2ce78532c1ce9e/161/index.m3u8
2026-08-23 07:37:32,524 [INFO] Scraping aiatv...
2026-08-23 07:37:35,863 [INFO]  -> Success: https://live6.mar.tv/81f7c709b41d884f87ffe08fcae046250aeaec26dd791bddfa2ce78532c1ce9e/aia/index.m3u8
2026-08-23 07:37:35,898 [INFO] Scraping batumi2...
2026-08-23 07:37:39,240 [INFO]  -> Success: https://live6.mar.tv/81f7c709b41d884f87ffe08fcae046250aeaec26dd791bddfa2ce78532c1ce9e/batumitv2/index.m3u8
2026-08-23 07:37:39,277 [INFO] Scraping altinfo...
2026-08-23 07:37:42,615 [INFO]  -> Success: https://live6.mar.tv/81f7c709b41d884f87ffe08fcae046250aeaec26dd791bddfa2ce78532c1ce9e/altinfo/index.m3u8
2026-08-23 07:37:42,651 [INFO] Scraping parliament...
2026-08-23 07:37:45,990 [INFO]  -> Success: https://live6.mar.tv/81f7c709b41d884f87ffe08fcae046250aeaec26dd791bddfa2ce78532c1ce9e/parlament/index.m3u8
2026-08-23 07:37:46,025 [INFO] Scraping egrisi...
2026-08-23 07:37:49,361 [INFO]  -> Success: https://live6.mar.tv/81f7c709b41d884f87ffe08fcae046250aeaec26dd791bddfa2ce78532c1ce9e/egrisi/index.m3u8
2026-08-23 07:37:49,397 [INFO] Scraping mzetv...
2026-08-23 07:37:52,738 [INFO]  -> Success: https://live6.mar.tv/81f7c709b41d884f87ffe08fcae046250aeaec26dd791bddfa2ce78532c1ce9e/mze/index.m3u8
2026-08-23 07:37:52,787 [WARNING] Failed to find tvg-id="rustavi2" in georgia_channels.m3u
2026-08-23 07:37:52,787 [WARNING] Failed to find tvg-id="maestro" in georgia_channels.m3u
2026-08-23 07:37:52,788 [WARNING] Failed to find tvg-id="marao" in georgia_channels.m3u
2026-08-23 07:37:52,788 [WARNING] Failed to find tvg-id="gds" in georgia_channels.m3u
2026-08-23 07:37:52,788 [WARNING] Failed to find tvg-id="comedy" in georgia_channels.m3u
2026-08-23 07:37:52,789 [WARNING] Failed to find tvg-id="bbb" in georgia_channels.m3u
2026-08-23 07:37:52,789 [WARNING] Failed to find tvg-id="enkibenki" in georgia_channels.m3u
2026-08-23 07:37:52,789 [WARNING] Failed to find tvg-id="adjaratv" in georgia_channels.m3u
2026-08-23 07:37:52,789 [WARNING] Failed to find tvg-id="rionitv" in georgia_channels.m3u
2026-08-23 07:37:52,790 [WARNING] Failed to find tvg-id="tv25" in georgia_channels.m3u
2026-08-23 07:37:52,790 [WARNING] Failed to find tvg-id="tv4rustavi" in georgia_channels.m3u
2026-08-23 07:37:52,790 [WARNING] Failed to find tvg-id="trialeti" in georgia_channels.m3u
2026-08-23 07:37:52,790 [WARNING] Failed to find tvg-id="dardimandi" in georgia_channels.m3u
2026-08-23 07:37:52,791 [WARNING] Failed to find tvg-id="agro" in georgia_channels.m3u
2026-08-23 07:37:52,791 [WARNING] Failed to find tvg-id="samefo" in georgia_channels.m3u
2026-08-23 07:37:52,791 [WARNING] Failed to find tvg-id="postv" in georgia_channels.m3u
2026-08-23 07:37:52,791 [WARNING] Failed to find tvg-id="megatv" in georgia_channels.m3u
2026-08-23 07:37:52,792 [WARNING] Failed to find tvg-id="qartuliarxi" in georgia_channels.m3u
2026-08-23 07:37:52,792 [WARNING] Failed to find tvg-id="musicbox" in georgia_channels.m3u
2026-08-23 07:37:52,792 [WARNING] Failed to find tvg-id="marneuli" in georgia_channels.m3u
2026-08-23 07:37:52,793 [WARNING] Failed to find tvg-id="axaliformula" in georgia_channels.m3u
2026-08-23 07:37:52,793 [WARNING] Failed to find tvg-id="o2" in georgia_channels.m3u
2026-08-23 07:37:52,793 [WARNING] Failed to find tvg-id="guria" in georgia_channels.m3u
2026-08-23 07:37:52,793 [WARNING] Failed to find tvg-id="imervizia" in georgia_channels.m3u
2026-08-23 07:37:52,794 [WARNING] Failed to find tvg-id="diatv" in georgia_channels.m3u
2026-08-23 07:37:52,794 [WARNING] Failed to find tvg-id="chveniarxi" in georgia_channels.m3u
2026-08-23 07:37:52,794 [WARNING] Failed to find tvg-id="batumitv" in georgia_channels.m3u
2026-08-23 07:37:52,794 [WARNING] Failed to find tvg-id="rcheuli" in georgia_channels.m3u
2026-08-23 07:37:52,795 [WARNING] Failed to find tvg-id="gurjaani" in georgia_channels.m3u
2026-08-23 07:37:52,795 [WARNING] Failed to find tvg-id="molitv" in georgia_channels.m3u
2026-08-23 07:37:52,795 [WARNING] Failed to find tvg-id="mexute" in georgia_channels.m3u
2026-08-23 07:37:52,796 [WARNING] Failed to find tvg-id="agrogaremo" in georgia_channels.m3u
2026-08-23 07:37:52,796 [WARNING] Failed to find tvg-id="artv" in georgia_channels.m3u
2026-08-23 07:37:52,796 [WARNING] Failed to find tvg-id="meteo24" in georgia_channels.m3u
2026-08-23 07:37:52,796 [WARNING] Failed to find tvg-id="georgiantimes" in georgia_channels.m3u
2026-08-23 07:37:52,797 [WARNING] Failed to find tvg-id="silkuniversal" in georgia_channels.m3u
2026-08-23 07:37:52,797 [WARNING] Failed to find tvg-id="rugbytv" in georgia_channels.m3u
2026-08-23 07:37:52,797 [WARNING] Failed to find tvg-id="gms" in georgia_channels.m3u
2026-08-23 07:37:52,797 [WARNING] Failed to find tvg-id="aiatv" in georgia_channels.m3u
2026-08-23 07:37:52,798 [WARNING] Failed to find tvg-id="batumi2" in georgia_channels.m3u
2026-08-23 07:37:52,798 [WARNING] Failed to find tvg-id="altinfo" in georgia_channels.m3u
2026-08-23 07:37:52,798 [WARNING] Failed to find tvg-id="parliament" in georgia_channels.m3u
2026-08-23 07:37:52,798 [WARNING] Failed to find tvg-id="egrisi" in georgia_channels.m3u
2026-08-23 07:37:52,799 [WARNING] Failed to find tvg-id="mzetv" in georgia_channels.m3u
2026-08-23 07:37:52,799 [INFO] No file changes were made.
2026-08-23 07:37:52,799 [INFO] === UPDATE EXECUTION FINISHED ===
