2026-08-25 14:49:44,716 [INFO] === UPDATE EXECUTION STARTED ===
2026-08-25 14:49:44,716 [INFO] Fetching Setanta Sports 3 from IPTV-ORG...
2026-08-25 14:49:44,839 [INFO] Launching batch scraper for 44 channels on tv.mar.tv...
2026-08-25 14:49:45,365 [INFO] Scraping rustavi2...
2026-08-25 14:49:50,853 [INFO]  -> Success: https://live8.mar.tv/1/4rd/index.m3u8
2026-08-25 14:49:50,884 [INFO] Scraping maestro...
2026-08-25 14:49:54,201 [INFO]  -> Success: https://live4.mar.tv/335b30bdb1df83d2834e2a2203553d726b3cd01d307606be34586ab9f28230a5/352m/index.m3u8
2026-08-25 14:49:54,231 [INFO] Scraping marao...
2026-08-25 14:49:57,549 [INFO]  -> Success: https://live2.mar.tv/335b30bdb1df83d2834e2a2203553d726b3cd01d307606be34586ab9f28230a5/12sd/index.m3u8
2026-08-25 14:49:57,580 [INFO] Scraping gds...
2026-08-25 14:50:00,893 [INFO]  -> Success: https://live1.mar.tv/335b30bdb1df83d2834e2a2203553d726b3cd01d307606be34586ab9f28230a5/13sd/index.m3u8
2026-08-25 14:50:00,922 [INFO] Scraping comedy...
2026-08-25 14:50:04,240 [INFO]  -> Success: https://live4.mar.tv/335b30bdb1df83d2834e2a2203553d726b3cd01d307606be34586ab9f28230a5/14rd/index.m3u8
2026-08-25 14:50:04,271 [INFO] Scraping bbb...
2026-08-25 14:50:07,587 [INFO]  -> Success: https://live2.mar.tv/335b30bdb1df83d2834e2a2203553d726b3cd01d307606be34586ab9f28230a5/16sd/index.m3u8
2026-08-25 14:50:07,616 [INFO] Scraping enkibenki...
2026-08-25 14:50:10,930 [INFO]  -> Success: https://live2.mar.tv/335b30bdb1df83d2834e2a2203553d726b3cd01d307606be34586ab9f28230a5/17e/index.m3u8
2026-08-25 14:50:10,957 [INFO] Scraping adjaratv...
2026-08-25 14:50:14,279 [INFO]  -> Success: https://live2.mar.tv/335b30bdb1df83d2834e2a2203553d726b3cd01d307606be34586ab9f28230a5/19rd/index.m3u8
2026-08-25 14:50:14,308 [INFO] Scraping rionitv...
2026-08-25 14:50:17,624 [INFO]  -> Success: https://live6.mar.tv/335b30bdb1df83d2834e2a2203553d726b3cd01d307606be34586ab9f28230a5/20rionn/index.m3u8
2026-08-25 14:50:17,652 [INFO] Scraping tv25...
2026-08-25 14:50:20,970 [INFO]  -> Success: https://live6.mar.tv/335b30bdb1df83d2834e2a2203553d726b3cd01d307606be34586ab9f28230a5/23tv25/index.m3u8
2026-08-25 14:50:20,999 [INFO] Scraping tv4rustavi...
2026-08-25 14:50:24,316 [INFO]  -> Success: https://live6.mar.tv/335b30bdb1df83d2834e2a2203553d726b3cd01d307606be34586ab9f28230a5/24tw4/index.m3u8
2026-08-25 14:50:24,343 [INFO] Scraping trialeti...
2026-08-25 14:50:27,663 [INFO]  -> Success: https://live6.mar.tv/335b30bdb1df83d2834e2a2203553d726b3cd01d307606be34586ab9f28230a5/trialleti/index.m3u8
2026-08-25 14:50:27,693 [INFO] Scraping dardimandi...
2026-08-25 14:50:31,009 [INFO]  -> Success: https://live5.mar.tv/335b30bdb1df83d2834e2a2203553d726b3cd01d307606be34586ab9f28230a5/27/index.m3u8
2026-08-25 14:50:31,041 [INFO] Scraping agro...
2026-08-25 14:50:34,353 [INFO]  -> Success: https://live5.mar.tv/335b30bdb1df83d2834e2a2203553d726b3cd01d307606be34586ab9f28230a5/28/index.m3u8
2026-08-25 14:50:34,387 [INFO] Scraping samefo...
2026-08-25 14:50:37,707 [INFO]  -> Success: https://live5.mar.tv/335b30bdb1df83d2834e2a2203553d726b3cd01d307606be34586ab9f28230a5/29/index.m3u8
2026-08-25 14:50:37,742 [INFO] Scraping postv...
2026-08-25 14:50:41,056 [INFO]  -> Success: https://live6.mar.tv/335b30bdb1df83d2834e2a2203553d726b3cd01d307606be34586ab9f28230a5/postvw/index.m3u8
2026-08-25 14:50:41,086 [INFO] Scraping megatv...
2026-08-25 14:50:44,405 [INFO]  -> Success: https://live4.mar.tv/335b30bdb1df83d2834e2a2203553d726b3cd01d307606be34586ab9f28230a5/32st/index.m3u8
2026-08-25 14:50:44,436 [INFO] Scraping qartuliarxi...
2026-08-25 14:50:47,752 [INFO]  -> Success: https://live6.mar.tv/335b30bdb1df83d2834e2a2203553d726b3cd01d307606be34586ab9f28230a5/qartuli/index.m3u8
2026-08-25 14:50:47,783 [INFO] Scraping musicbox...
2026-08-25 14:50:51,098 [INFO]  -> Success: https://live6.mar.tv/335b30bdb1df83d2834e2a2203553d726b3cd01d307606be34586ab9f28230a5/34musge/index.m3u8
2026-08-25 14:50:51,125 [INFO] Scraping marneuli...
2026-08-25 14:50:54,441 [INFO]  -> Success: https://live6.mar.tv/335b30bdb1df83d2834e2a2203553d726b3cd01d307606be34586ab9f28230a5/37marn/index.m3u8
2026-08-25 14:50:54,474 [INFO] Scraping axaliformula...
2026-08-25 14:50:57,792 [INFO]  -> Success: https://live6.mar.tv/335b30bdb1df83d2834e2a2203553d726b3cd01d307606be34586ab9f28230a5/axaliformla/index.m3u8
2026-08-25 14:50:57,824 [INFO] Scraping o2...
2026-08-25 14:51:01,136 [INFO]  -> Success: https://live5.mar.tv/335b30bdb1df83d2834e2a2203553d726b3cd01d307606be34586ab9f28230a5/40/index.m3u8
2026-08-25 14:51:01,168 [INFO] Scraping guria...
2026-08-25 14:51:04,482 [INFO]  -> Success: https://live5.mar.tv/335b30bdb1df83d2834e2a2203553d726b3cd01d307606be34586ab9f28230a5/42/index.m3u8
2026-08-25 14:51:04,510 [INFO] Scraping imervizia...
2026-08-25 14:51:07,825 [INFO]  -> Success: https://live6.mar.tv/335b30bdb1df83d2834e2a2203553d726b3cd01d307606be34586ab9f28230a5/imervizia/index.m3u8
2026-08-25 14:51:07,860 [INFO] Scraping diatv...
2026-08-25 14:51:11,175 [INFO]  -> Success: https://live4.mar.tv/335b30bdb1df83d2834e2a2203553d726b3cd01d307606be34586ab9f28230a5/dia/index.m3u8
2026-08-25 14:51:11,207 [INFO] Scraping chveniarxi...
2026-08-25 14:51:14,526 [INFO]  -> Success: https://live3.mar.tv/335b30bdb1df83d2834e2a2203553d726b3cd01d307606be34586ab9f28230a5/45rd/index.m3u8
2026-08-25 14:51:14,555 [INFO] Scraping batumitv...
2026-08-25 14:51:17,871 [INFO]  -> Success: https://live5.mar.tv/335b30bdb1df83d2834e2a2203553d726b3cd01d307606be34586ab9f28230a5/46/index.m3u8
2026-08-25 14:51:17,903 [INFO] Scraping rcheuli...
2026-08-25 14:51:21,216 [INFO]  -> Success: https://live5.mar.tv/335b30bdb1df83d2834e2a2203553d726b3cd01d307606be34586ab9f28230a5/47/index.m3u8
2026-08-25 14:51:21,244 [INFO] Scraping gurjaani...
2026-08-25 14:51:24,557 [INFO]  -> Success: https://live4.mar.tv/335b30bdb1df83d2834e2a2203553d726b3cd01d307606be34586ab9f28230a5/48m/index.m3u8
2026-08-25 14:51:24,588 [INFO] Scraping molitv...
2026-08-25 14:51:27,900 [INFO]  -> Success: https://live6.mar.tv/335b30bdb1df83d2834e2a2203553d726b3cd01d307606be34586ab9f28230a5/mollltv/index.m3u8
2026-08-25 14:51:27,928 [INFO] Scraping mexute...
2026-08-25 14:51:31,245 [INFO]  -> Success: https://live6.mar.tv/335b30bdb1df83d2834e2a2203553d726b3cd01d307606be34586ab9f28230a5/50/index.m3u8
2026-08-25 14:51:31,276 [INFO] Scraping agrogaremo...
2026-08-25 14:51:34,591 [INFO]  -> Success: https://live6.mar.tv/335b30bdb1df83d2834e2a2203553d726b3cd01d307606be34586ab9f28230a5/agrogaremo/index.m3u8
2026-08-25 14:51:34,620 [INFO] Scraping artv...
2026-08-25 14:51:37,938 [INFO]  -> Success: https://live6.mar.tv/335b30bdb1df83d2834e2a2203553d726b3cd01d307606be34586ab9f28230a5/tafutv/index.m3u8
2026-08-25 14:51:37,970 [INFO] Scraping meteo24...
2026-08-25 14:51:41,289 [INFO]  -> Success: https://live5.mar.tv/335b30bdb1df83d2834e2a2203553d726b3cd01d307606be34586ab9f28230a5/56/index.m3u8
2026-08-25 14:51:41,328 [INFO] Scraping georgiantimes...
2026-08-25 14:51:44,643 [INFO]  -> Success: https://live5.mar.tv/335b30bdb1df83d2834e2a2203553d726b3cd01d307606be34586ab9f28230a5/57/index.m3u8
2026-08-25 14:51:44,670 [INFO] Scraping silkuniversal...
2026-08-25 14:51:47,987 [INFO]  -> Success: https://live2.mar.tv/335b30bdb1df83d2834e2a2203553d726b3cd01d307606be34586ab9f28230a5/1arxiweb/index.m3u8
2026-08-25 14:51:48,016 [INFO] Scraping rugbytv...
2026-08-25 14:51:51,330 [INFO]  -> Success: https://live4.mar.tv/335b30bdb1df83d2834e2a2203553d726b3cd01d307606be34586ab9f28230a5/160m/index.m3u8
2026-08-25 14:51:51,361 [INFO] Scraping gms...
2026-08-25 14:51:54,677 [INFO]  -> Success: https://live5.mar.tv/335b30bdb1df83d2834e2a2203553d726b3cd01d307606be34586ab9f28230a5/161/index.m3u8
2026-08-25 14:51:54,711 [INFO] Scraping aiatv...
2026-08-25 14:51:58,029 [INFO]  -> Success: https://live6.mar.tv/335b30bdb1df83d2834e2a2203553d726b3cd01d307606be34586ab9f28230a5/aia/index.m3u8
2026-08-25 14:51:58,057 [INFO] Scraping batumi2...
2026-08-25 14:52:01,374 [INFO]  -> Success: https://live6.mar.tv/335b30bdb1df83d2834e2a2203553d726b3cd01d307606be34586ab9f28230a5/batumitv2/index.m3u8
2026-08-25 14:52:01,401 [INFO] Scraping altinfo...
2026-08-25 14:52:04,717 [INFO]  -> Success: https://live6.mar.tv/335b30bdb1df83d2834e2a2203553d726b3cd01d307606be34586ab9f28230a5/altinfo/index.m3u8
2026-08-25 14:52:04,749 [INFO] Scraping parliament...
2026-08-25 14:52:08,063 [INFO]  -> Success: https://live6.mar.tv/335b30bdb1df83d2834e2a2203553d726b3cd01d307606be34586ab9f28230a5/parlament/index.m3u8
2026-08-25 14:52:08,093 [INFO] Scraping egrisi...
2026-08-25 14:52:11,410 [INFO]  -> Success: https://live6.mar.tv/335b30bdb1df83d2834e2a2203553d726b3cd01d307606be34586ab9f28230a5/egrisi/index.m3u8
2026-08-25 14:52:11,440 [INFO] Scraping mzetv...
2026-08-25 14:52:14,758 [INFO]  -> Success: https://live6.mar.tv/335b30bdb1df83d2834e2a2203553d726b3cd01d307606be34586ab9f28230a5/mze/index.m3u8
2026-08-25 14:52:14,802 [WARNING] Failed to find tvg-id="rustavi2" in georgia_channels.m3u
2026-08-25 14:52:14,802 [WARNING] Failed to find tvg-id="maestro" in georgia_channels.m3u
2026-08-25 14:52:14,802 [WARNING] Failed to find tvg-id="marao" in georgia_channels.m3u
2026-08-25 14:52:14,802 [WARNING] Failed to find tvg-id="gds" in georgia_channels.m3u
2026-08-25 14:52:14,802 [WARNING] Failed to find tvg-id="comedy" in georgia_channels.m3u
2026-08-25 14:52:14,803 [WARNING] Failed to find tvg-id="bbb" in georgia_channels.m3u
2026-08-25 14:52:14,803 [WARNING] Failed to find tvg-id="enkibenki" in georgia_channels.m3u
2026-08-25 14:52:14,803 [WARNING] Failed to find tvg-id="adjaratv" in georgia_channels.m3u
2026-08-25 14:52:14,803 [WARNING] Failed to find tvg-id="rionitv" in georgia_channels.m3u
2026-08-25 14:52:14,803 [WARNING] Failed to find tvg-id="tv25" in georgia_channels.m3u
2026-08-25 14:52:14,803 [WARNING] Failed to find tvg-id="tv4rustavi" in georgia_channels.m3u
2026-08-25 14:52:14,804 [WARNING] Failed to find tvg-id="trialeti" in georgia_channels.m3u
2026-08-25 14:52:14,804 [WARNING] Failed to find tvg-id="dardimandi" in georgia_channels.m3u
2026-08-25 14:52:14,804 [WARNING] Failed to find tvg-id="agro" in georgia_channels.m3u
2026-08-25 14:52:14,804 [WARNING] Failed to find tvg-id="samefo" in georgia_channels.m3u
2026-08-25 14:52:14,804 [WARNING] Failed to find tvg-id="postv" in georgia_channels.m3u
2026-08-25 14:52:14,804 [WARNING] Failed to find tvg-id="megatv" in georgia_channels.m3u
2026-08-25 14:52:14,805 [WARNING] Failed to find tvg-id="qartuliarxi" in georgia_channels.m3u
2026-08-25 14:52:14,805 [WARNING] Failed to find tvg-id="musicbox" in georgia_channels.m3u
2026-08-25 14:52:14,805 [WARNING] Failed to find tvg-id="marneuli" in georgia_channels.m3u
2026-08-25 14:52:14,805 [WARNING] Failed to find tvg-id="axaliformula" in georgia_channels.m3u
2026-08-25 14:52:14,805 [WARNING] Failed to find tvg-id="o2" in georgia_channels.m3u
2026-08-25 14:52:14,805 [WARNING] Failed to find tvg-id="guria" in georgia_channels.m3u
2026-08-25 14:52:14,806 [WARNING] Failed to find tvg-id="imervizia" in georgia_channels.m3u
2026-08-25 14:52:14,806 [WARNING] Failed to find tvg-id="diatv" in georgia_channels.m3u
2026-08-25 14:52:14,806 [WARNING] Failed to find tvg-id="chveniarxi" in georgia_channels.m3u
2026-08-25 14:52:14,806 [WARNING] Failed to find tvg-id="batumitv" in georgia_channels.m3u
2026-08-25 14:52:14,806 [WARNING] Failed to find tvg-id="rcheuli" in georgia_channels.m3u
2026-08-25 14:52:14,806 [WARNING] Failed to find tvg-id="gurjaani" in georgia_channels.m3u
2026-08-25 14:52:14,807 [WARNING] Failed to find tvg-id="molitv" in georgia_channels.m3u
2026-08-25 14:52:14,807 [WARNING] Failed to find tvg-id="mexute" in georgia_channels.m3u
2026-08-25 14:52:14,807 [WARNING] Failed to find tvg-id="agrogaremo" in georgia_channels.m3u
2026-08-25 14:52:14,807 [WARNING] Failed to find tvg-id="artv" in georgia_channels.m3u
2026-08-25 14:52:14,807 [WARNING] Failed to find tvg-id="meteo24" in georgia_channels.m3u
2026-08-25 14:52:14,808 [WARNING] Failed to find tvg-id="georgiantimes" in georgia_channels.m3u
2026-08-25 14:52:14,808 [WARNING] Failed to find tvg-id="silkuniversal" in georgia_channels.m3u
2026-08-25 14:52:14,808 [WARNING] Failed to find tvg-id="rugbytv" in georgia_channels.m3u
2026-08-25 14:52:14,808 [WARNING] Failed to find tvg-id="gms" in georgia_channels.m3u
2026-08-25 14:52:14,808 [WARNING] Failed to find tvg-id="aiatv" in georgia_channels.m3u
2026-08-25 14:52:14,808 [WARNING] Failed to find tvg-id="batumi2" in georgia_channels.m3u
2026-08-25 14:52:14,809 [WARNING] Failed to find tvg-id="altinfo" in georgia_channels.m3u
2026-08-25 14:52:14,809 [WARNING] Failed to find tvg-id="parliament" in georgia_channels.m3u
2026-08-25 14:52:14,809 [WARNING] Failed to find tvg-id="egrisi" in georgia_channels.m3u
2026-08-25 14:52:14,809 [WARNING] Failed to find tvg-id="mzetv" in georgia_channels.m3u
2026-08-25 14:52:14,809 [INFO] No file changes were made.
2026-08-25 14:52:14,809 [INFO] === UPDATE EXECUTION FINISHED ===
