2026-08-23 09:30:40,918 [INFO] === UPDATE EXECUTION STARTED ===
2026-08-23 09:30:40,918 [INFO] Fetching Setanta Sports 3 from IPTV-ORG...
2026-08-23 09:30:40,979 [INFO] Launching batch scraper for 44 channels on tv.mar.tv...
2026-08-23 09:30:42,514 [INFO] Scraping rustavi2...
2026-08-23 09:30:47,528 [INFO]  -> Success: https://live8.mar.tv/1/4rd/index.m3u8
2026-08-23 09:30:47,566 [INFO] Scraping maestro...
2026-08-23 09:30:50,845 [INFO]  -> Success: https://live4.mar.tv/0f06a502a16e307be139f9b9e056c5835d27c43a7b394dd6e5974f8d48b8926b/352m/index.m3u8
2026-08-23 09:30:50,882 [INFO] Scraping marao...
2026-08-23 09:30:54,157 [INFO]  -> Success: https://live2.mar.tv/0f06a502a16e307be139f9b9e056c5835d27c43a7b394dd6e5974f8d48b8926b/12sd/index.m3u8
2026-08-23 09:30:54,197 [INFO] Scraping gds...
2026-08-23 09:30:57,473 [INFO]  -> Success: https://live1.mar.tv/0f06a502a16e307be139f9b9e056c5835d27c43a7b394dd6e5974f8d48b8926b/13sd/index.m3u8
2026-08-23 09:30:57,509 [INFO] Scraping comedy...
2026-08-23 09:31:00,783 [INFO]  -> Success: https://live4.mar.tv/0f06a502a16e307be139f9b9e056c5835d27c43a7b394dd6e5974f8d48b8926b/14rd/index.m3u8
2026-08-23 09:31:00,817 [INFO] Scraping bbb...
2026-08-23 09:31:04,091 [INFO]  -> Success: https://live2.mar.tv/0f06a502a16e307be139f9b9e056c5835d27c43a7b394dd6e5974f8d48b8926b/16sd/index.m3u8
2026-08-23 09:31:04,128 [INFO] Scraping enkibenki...
2026-08-23 09:31:07,399 [INFO]  -> Success: https://live2.mar.tv/0f06a502a16e307be139f9b9e056c5835d27c43a7b394dd6e5974f8d48b8926b/17e/index.m3u8
2026-08-23 09:31:07,433 [INFO] Scraping adjaratv...
2026-08-23 09:31:10,710 [INFO]  -> Success: https://live2.mar.tv/0f06a502a16e307be139f9b9e056c5835d27c43a7b394dd6e5974f8d48b8926b/19rd/index.m3u8
2026-08-23 09:31:10,745 [INFO] Scraping rionitv...
2026-08-23 09:31:14,020 [INFO]  -> Success: https://live6.mar.tv/0f06a502a16e307be139f9b9e056c5835d27c43a7b394dd6e5974f8d48b8926b/20rionn/index.m3u8
2026-08-23 09:31:14,056 [INFO] Scraping tv25...
2026-08-23 09:31:17,332 [INFO]  -> Success: https://live6.mar.tv/0f06a502a16e307be139f9b9e056c5835d27c43a7b394dd6e5974f8d48b8926b/23tv25/index.m3u8
2026-08-23 09:31:17,368 [INFO] Scraping tv4rustavi...
2026-08-23 09:31:20,643 [INFO]  -> Success: https://live6.mar.tv/0f06a502a16e307be139f9b9e056c5835d27c43a7b394dd6e5974f8d48b8926b/24tw4/index.m3u8
2026-08-23 09:31:20,679 [INFO] Scraping trialeti...
2026-08-23 09:31:23,956 [INFO]  -> Success: https://live6.mar.tv/0f06a502a16e307be139f9b9e056c5835d27c43a7b394dd6e5974f8d48b8926b/trialleti/index.m3u8
2026-08-23 09:31:23,988 [INFO] Scraping dardimandi...
2026-08-23 09:31:27,262 [INFO]  -> Success: https://live5.mar.tv/0f06a502a16e307be139f9b9e056c5835d27c43a7b394dd6e5974f8d48b8926b/27/index.m3u8
2026-08-23 09:31:27,295 [INFO] Scraping agro...
2026-08-23 09:31:30,568 [INFO]  -> Success: https://live5.mar.tv/0f06a502a16e307be139f9b9e056c5835d27c43a7b394dd6e5974f8d48b8926b/28/index.m3u8
2026-08-23 09:31:30,601 [INFO] Scraping samefo...
2026-08-23 09:31:33,877 [INFO]  -> Success: https://live5.mar.tv/0f06a502a16e307be139f9b9e056c5835d27c43a7b394dd6e5974f8d48b8926b/29/index.m3u8
2026-08-23 09:31:33,911 [INFO] Scraping postv...
2026-08-23 09:31:37,187 [INFO]  -> Success: https://live6.mar.tv/0f06a502a16e307be139f9b9e056c5835d27c43a7b394dd6e5974f8d48b8926b/postvw/index.m3u8
2026-08-23 09:31:37,219 [INFO] Scraping megatv...
2026-08-23 09:31:40,494 [INFO]  -> Success: https://live4.mar.tv/0f06a502a16e307be139f9b9e056c5835d27c43a7b394dd6e5974f8d48b8926b/32st/index.m3u8
2026-08-23 09:31:40,527 [INFO] Scraping qartuliarxi...
2026-08-23 09:31:43,800 [INFO]  -> Success: https://live6.mar.tv/0f06a502a16e307be139f9b9e056c5835d27c43a7b394dd6e5974f8d48b8926b/qartuli/index.m3u8
2026-08-23 09:31:43,835 [INFO] Scraping musicbox...
2026-08-23 09:31:47,113 [INFO]  -> Success: https://live6.mar.tv/0f06a502a16e307be139f9b9e056c5835d27c43a7b394dd6e5974f8d48b8926b/34musge/index.m3u8
2026-08-23 09:31:47,147 [INFO] Scraping marneuli...
2026-08-23 09:31:50,419 [INFO]  -> Success: https://live6.mar.tv/0f06a502a16e307be139f9b9e056c5835d27c43a7b394dd6e5974f8d48b8926b/37marn/index.m3u8
2026-08-23 09:31:50,453 [INFO] Scraping axaliformula...
2026-08-23 09:31:53,725 [INFO]  -> Success: https://live6.mar.tv/0f06a502a16e307be139f9b9e056c5835d27c43a7b394dd6e5974f8d48b8926b/axaliformla/index.m3u8
2026-08-23 09:31:53,760 [INFO] Scraping o2...
2026-08-23 09:31:57,035 [INFO]  -> Success: https://live5.mar.tv/0f06a502a16e307be139f9b9e056c5835d27c43a7b394dd6e5974f8d48b8926b/40/index.m3u8
2026-08-23 09:31:57,068 [INFO] Scraping guria...
2026-08-23 09:32:00,346 [INFO]  -> Success: https://live5.mar.tv/0f06a502a16e307be139f9b9e056c5835d27c43a7b394dd6e5974f8d48b8926b/42/index.m3u8
2026-08-23 09:32:00,380 [INFO] Scraping imervizia...
2026-08-23 09:32:03,654 [INFO]  -> Success: https://live6.mar.tv/0f06a502a16e307be139f9b9e056c5835d27c43a7b394dd6e5974f8d48b8926b/imervizia/index.m3u8
2026-08-23 09:32:03,685 [INFO] Scraping diatv...
2026-08-23 09:32:06,959 [INFO]  -> Success: https://live4.mar.tv/0f06a502a16e307be139f9b9e056c5835d27c43a7b394dd6e5974f8d48b8926b/dia/index.m3u8
2026-08-23 09:32:06,993 [INFO] Scraping chveniarxi...
2026-08-23 09:32:10,266 [INFO]  -> Success: https://live3.mar.tv/0f06a502a16e307be139f9b9e056c5835d27c43a7b394dd6e5974f8d48b8926b/45rd/index.m3u8
2026-08-23 09:32:10,310 [INFO] Scraping batumitv...
2026-08-23 09:32:13,584 [INFO]  -> Success: https://live5.mar.tv/0f06a502a16e307be139f9b9e056c5835d27c43a7b394dd6e5974f8d48b8926b/46/index.m3u8
2026-08-23 09:32:13,617 [INFO] Scraping rcheuli...
2026-08-23 09:32:16,893 [INFO]  -> Success: https://live5.mar.tv/0f06a502a16e307be139f9b9e056c5835d27c43a7b394dd6e5974f8d48b8926b/47/index.m3u8
2026-08-23 09:32:16,925 [INFO] Scraping gurjaani...
2026-08-23 09:32:20,196 [INFO]  -> Success: https://live4.mar.tv/0f06a502a16e307be139f9b9e056c5835d27c43a7b394dd6e5974f8d48b8926b/48m/index.m3u8
2026-08-23 09:32:20,230 [INFO] Scraping molitv...
2026-08-23 09:32:23,503 [INFO]  -> Success: https://live6.mar.tv/0f06a502a16e307be139f9b9e056c5835d27c43a7b394dd6e5974f8d48b8926b/mollltv/index.m3u8
2026-08-23 09:32:23,537 [INFO] Scraping mexute...
2026-08-23 09:32:26,811 [INFO]  -> Success: https://live6.mar.tv/0f06a502a16e307be139f9b9e056c5835d27c43a7b394dd6e5974f8d48b8926b/50/index.m3u8
2026-08-23 09:32:26,844 [INFO] Scraping agrogaremo...
2026-08-23 09:32:30,116 [INFO]  -> Success: https://live6.mar.tv/0f06a502a16e307be139f9b9e056c5835d27c43a7b394dd6e5974f8d48b8926b/agrogaremo/index.m3u8
2026-08-23 09:32:30,148 [INFO] Scraping artv...
2026-08-23 09:32:33,424 [INFO]  -> Success: https://live6.mar.tv/0f06a502a16e307be139f9b9e056c5835d27c43a7b394dd6e5974f8d48b8926b/tafutv/index.m3u8
2026-08-23 09:32:33,456 [INFO] Scraping meteo24...
2026-08-23 09:32:36,728 [INFO]  -> Success: https://live5.mar.tv/0f06a502a16e307be139f9b9e056c5835d27c43a7b394dd6e5974f8d48b8926b/56/index.m3u8
2026-08-23 09:32:36,762 [INFO] Scraping georgiantimes...
2026-08-23 09:32:40,042 [INFO]  -> Success: https://live5.mar.tv/0f06a502a16e307be139f9b9e056c5835d27c43a7b394dd6e5974f8d48b8926b/57/index.m3u8
2026-08-23 09:32:40,075 [INFO] Scraping silkuniversal...
2026-08-23 09:32:43,345 [INFO]  -> Success: https://live2.mar.tv/0f06a502a16e307be139f9b9e056c5835d27c43a7b394dd6e5974f8d48b8926b/1arxiweb/index.m3u8
2026-08-23 09:32:43,378 [INFO] Scraping rugbytv...
2026-08-23 09:32:46,654 [INFO]  -> Success: https://live4.mar.tv/0f06a502a16e307be139f9b9e056c5835d27c43a7b394dd6e5974f8d48b8926b/160m/index.m3u8
2026-08-23 09:32:46,690 [INFO] Scraping gms...
2026-08-23 09:32:49,968 [INFO]  -> Success: https://live5.mar.tv/0f06a502a16e307be139f9b9e056c5835d27c43a7b394dd6e5974f8d48b8926b/161/index.m3u8
2026-08-23 09:32:50,002 [INFO] Scraping aiatv...
2026-08-23 09:32:53,286 [INFO]  -> Success: https://live6.mar.tv/0f06a502a16e307be139f9b9e056c5835d27c43a7b394dd6e5974f8d48b8926b/aia/index.m3u8
2026-08-23 09:32:53,321 [INFO] Scraping batumi2...
2026-08-23 09:32:56,603 [INFO]  -> Success: https://live6.mar.tv/0f06a502a16e307be139f9b9e056c5835d27c43a7b394dd6e5974f8d48b8926b/batumitv2/index.m3u8
2026-08-23 09:32:56,638 [INFO] Scraping altinfo...
2026-08-23 09:32:59,918 [INFO]  -> Success: https://live6.mar.tv/0f06a502a16e307be139f9b9e056c5835d27c43a7b394dd6e5974f8d48b8926b/altinfo/index.m3u8
2026-08-23 09:32:59,949 [INFO] Scraping parliament...
2026-08-23 09:33:03,227 [INFO]  -> Success: https://live6.mar.tv/0f06a502a16e307be139f9b9e056c5835d27c43a7b394dd6e5974f8d48b8926b/parlament/index.m3u8
2026-08-23 09:33:03,261 [INFO] Scraping egrisi...
2026-08-23 09:33:06,537 [INFO]  -> Success: https://live6.mar.tv/0f06a502a16e307be139f9b9e056c5835d27c43a7b394dd6e5974f8d48b8926b/egrisi/index.m3u8
2026-08-23 09:33:06,573 [INFO] Scraping mzetv...
2026-08-23 09:33:09,853 [INFO]  -> Success: https://live6.mar.tv/0f06a502a16e307be139f9b9e056c5835d27c43a7b394dd6e5974f8d48b8926b/mze/index.m3u8
2026-08-23 09:33:09,894 [WARNING] Failed to find tvg-id="rustavi2" in georgia_channels.m3u
2026-08-23 09:33:09,894 [WARNING] Failed to find tvg-id="maestro" in georgia_channels.m3u
2026-08-23 09:33:09,895 [WARNING] Failed to find tvg-id="marao" in georgia_channels.m3u
2026-08-23 09:33:09,895 [WARNING] Failed to find tvg-id="gds" in georgia_channels.m3u
2026-08-23 09:33:09,895 [WARNING] Failed to find tvg-id="comedy" in georgia_channels.m3u
2026-08-23 09:33:09,895 [WARNING] Failed to find tvg-id="bbb" in georgia_channels.m3u
2026-08-23 09:33:09,895 [WARNING] Failed to find tvg-id="enkibenki" in georgia_channels.m3u
2026-08-23 09:33:09,896 [WARNING] Failed to find tvg-id="adjaratv" in georgia_channels.m3u
2026-08-23 09:33:09,896 [WARNING] Failed to find tvg-id="rionitv" in georgia_channels.m3u
2026-08-23 09:33:09,896 [WARNING] Failed to find tvg-id="tv25" in georgia_channels.m3u
2026-08-23 09:33:09,896 [WARNING] Failed to find tvg-id="tv4rustavi" in georgia_channels.m3u
2026-08-23 09:33:09,896 [WARNING] Failed to find tvg-id="trialeti" in georgia_channels.m3u
2026-08-23 09:33:09,897 [WARNING] Failed to find tvg-id="dardimandi" in georgia_channels.m3u
2026-08-23 09:33:09,897 [WARNING] Failed to find tvg-id="agro" in georgia_channels.m3u
2026-08-23 09:33:09,897 [WARNING] Failed to find tvg-id="samefo" in georgia_channels.m3u
2026-08-23 09:33:09,897 [WARNING] Failed to find tvg-id="postv" in georgia_channels.m3u
2026-08-23 09:33:09,897 [WARNING] Failed to find tvg-id="megatv" in georgia_channels.m3u
2026-08-23 09:33:09,898 [WARNING] Failed to find tvg-id="qartuliarxi" in georgia_channels.m3u
2026-08-23 09:33:09,898 [WARNING] Failed to find tvg-id="musicbox" in georgia_channels.m3u
2026-08-23 09:33:09,898 [WARNING] Failed to find tvg-id="marneuli" in georgia_channels.m3u
2026-08-23 09:33:09,898 [WARNING] Failed to find tvg-id="axaliformula" in georgia_channels.m3u
2026-08-23 09:33:09,898 [WARNING] Failed to find tvg-id="o2" in georgia_channels.m3u
2026-08-23 09:33:09,899 [WARNING] Failed to find tvg-id="guria" in georgia_channels.m3u
2026-08-23 09:33:09,899 [WARNING] Failed to find tvg-id="imervizia" in georgia_channels.m3u
2026-08-23 09:33:09,899 [WARNING] Failed to find tvg-id="diatv" in georgia_channels.m3u
2026-08-23 09:33:09,899 [WARNING] Failed to find tvg-id="chveniarxi" in georgia_channels.m3u
2026-08-23 09:33:09,899 [WARNING] Failed to find tvg-id="batumitv" in georgia_channels.m3u
2026-08-23 09:33:09,899 [WARNING] Failed to find tvg-id="rcheuli" in georgia_channels.m3u
2026-08-23 09:33:09,899 [WARNING] Failed to find tvg-id="gurjaani" in georgia_channels.m3u
2026-08-23 09:33:09,900 [WARNING] Failed to find tvg-id="molitv" in georgia_channels.m3u
2026-08-23 09:33:09,900 [WARNING] Failed to find tvg-id="mexute" in georgia_channels.m3u
2026-08-23 09:33:09,900 [WARNING] Failed to find tvg-id="agrogaremo" in georgia_channels.m3u
2026-08-23 09:33:09,900 [WARNING] Failed to find tvg-id="artv" in georgia_channels.m3u
2026-08-23 09:33:09,900 [WARNING] Failed to find tvg-id="meteo24" in georgia_channels.m3u
2026-08-23 09:33:09,900 [WARNING] Failed to find tvg-id="georgiantimes" in georgia_channels.m3u
2026-08-23 09:33:09,901 [WARNING] Failed to find tvg-id="silkuniversal" in georgia_channels.m3u
2026-08-23 09:33:09,901 [WARNING] Failed to find tvg-id="rugbytv" in georgia_channels.m3u
2026-08-23 09:33:09,901 [WARNING] Failed to find tvg-id="gms" in georgia_channels.m3u
2026-08-23 09:33:09,901 [WARNING] Failed to find tvg-id="aiatv" in georgia_channels.m3u
2026-08-23 09:33:09,901 [WARNING] Failed to find tvg-id="batumi2" in georgia_channels.m3u
2026-08-23 09:33:09,901 [WARNING] Failed to find tvg-id="altinfo" in georgia_channels.m3u
2026-08-23 09:33:09,901 [WARNING] Failed to find tvg-id="parliament" in georgia_channels.m3u
2026-08-23 09:33:09,902 [WARNING] Failed to find tvg-id="egrisi" in georgia_channels.m3u
2026-08-23 09:33:09,902 [WARNING] Failed to find tvg-id="mzetv" in georgia_channels.m3u
2026-08-23 09:33:09,902 [INFO] No file changes were made.
2026-08-23 09:33:09,902 [INFO] === UPDATE EXECUTION FINISHED ===
