2026-08-26 12:57:27,992 [INFO] === UPDATE EXECUTION STARTED ===
2026-08-26 12:57:27,992 [INFO] Fetching Setanta Sports 3 from IPTV-ORG...
2026-08-26 12:57:28,066 [INFO] Launching batch scraper for 44 channels on tv.mar.tv...
2026-08-26 12:57:29,670 [INFO] Scraping rustavi2...
2026-08-26 12:57:34,641 [INFO]  -> Success: https://live8.mar.tv/1/4rd/index.m3u8
2026-08-26 12:57:34,674 [INFO] Scraping maestro...
2026-08-26 12:57:37,947 [INFO]  -> Success: https://live4.mar.tv/7524aaffbc1acac29a96ab387759bfd7a03dc69c49e4d98fee5fcc1aa6cfcfea/352m/index.m3u8
2026-08-26 12:57:37,980 [INFO] Scraping marao...
2026-08-26 12:57:41,256 [INFO]  -> Success: https://live2.mar.tv/7524aaffbc1acac29a96ab387759bfd7a03dc69c49e4d98fee5fcc1aa6cfcfea/12sd/index.m3u8
2026-08-26 12:57:41,290 [INFO] Scraping gds...
2026-08-26 12:57:44,568 [INFO]  -> Success: https://live1.mar.tv/7524aaffbc1acac29a96ab387759bfd7a03dc69c49e4d98fee5fcc1aa6cfcfea/13sd/index.m3u8
2026-08-26 12:57:44,601 [INFO] Scraping comedy...
2026-08-26 12:57:47,875 [INFO]  -> Success: https://live4.mar.tv/7524aaffbc1acac29a96ab387759bfd7a03dc69c49e4d98fee5fcc1aa6cfcfea/14rd/index.m3u8
2026-08-26 12:57:47,906 [INFO] Scraping bbb...
2026-08-26 12:57:51,178 [INFO]  -> Success: https://live2.mar.tv/7524aaffbc1acac29a96ab387759bfd7a03dc69c49e4d98fee5fcc1aa6cfcfea/16sd/index.m3u8
2026-08-26 12:57:51,213 [INFO] Scraping enkibenki...
2026-08-26 12:57:54,481 [INFO]  -> Success: https://live2.mar.tv/7524aaffbc1acac29a96ab387759bfd7a03dc69c49e4d98fee5fcc1aa6cfcfea/17e/index.m3u8
2026-08-26 12:57:54,516 [INFO] Scraping adjaratv...
2026-08-26 12:57:57,791 [INFO]  -> Success: https://live2.mar.tv/7524aaffbc1acac29a96ab387759bfd7a03dc69c49e4d98fee5fcc1aa6cfcfea/19rd/index.m3u8
2026-08-26 12:57:57,824 [INFO] Scraping rionitv...
2026-08-26 12:58:01,095 [INFO]  -> Success: https://live6.mar.tv/7524aaffbc1acac29a96ab387759bfd7a03dc69c49e4d98fee5fcc1aa6cfcfea/20rionn/index.m3u8
2026-08-26 12:58:01,127 [INFO] Scraping tv25...
2026-08-26 12:58:04,402 [INFO]  -> Success: https://live6.mar.tv/7524aaffbc1acac29a96ab387759bfd7a03dc69c49e4d98fee5fcc1aa6cfcfea/23tv25/index.m3u8
2026-08-26 12:58:04,433 [INFO] Scraping tv4rustavi...
2026-08-26 12:58:07,707 [INFO]  -> Success: https://live6.mar.tv/7524aaffbc1acac29a96ab387759bfd7a03dc69c49e4d98fee5fcc1aa6cfcfea/24tw4/index.m3u8
2026-08-26 12:58:07,742 [INFO] Scraping trialeti...
2026-08-26 12:58:11,016 [INFO]  -> Success: https://live6.mar.tv/7524aaffbc1acac29a96ab387759bfd7a03dc69c49e4d98fee5fcc1aa6cfcfea/trialleti/index.m3u8
2026-08-26 12:58:11,053 [INFO] Scraping dardimandi...
2026-08-26 12:58:14,326 [INFO]  -> Success: https://live5.mar.tv/7524aaffbc1acac29a96ab387759bfd7a03dc69c49e4d98fee5fcc1aa6cfcfea/27/index.m3u8
2026-08-26 12:58:14,357 [INFO] Scraping agro...
2026-08-26 12:58:17,626 [INFO]  -> Success: https://live5.mar.tv/7524aaffbc1acac29a96ab387759bfd7a03dc69c49e4d98fee5fcc1aa6cfcfea/28/index.m3u8
2026-08-26 12:58:17,659 [INFO] Scraping samefo...
2026-08-26 12:58:20,931 [INFO]  -> Success: https://live5.mar.tv/7524aaffbc1acac29a96ab387759bfd7a03dc69c49e4d98fee5fcc1aa6cfcfea/29/index.m3u8
2026-08-26 12:58:20,961 [INFO] Scraping postv...
2026-08-26 12:58:24,231 [INFO]  -> Success: https://live6.mar.tv/7524aaffbc1acac29a96ab387759bfd7a03dc69c49e4d98fee5fcc1aa6cfcfea/postvw/index.m3u8
2026-08-26 12:58:24,264 [INFO] Scraping megatv...
2026-08-26 12:58:27,534 [INFO]  -> Success: https://live4.mar.tv/7524aaffbc1acac29a96ab387759bfd7a03dc69c49e4d98fee5fcc1aa6cfcfea/32st/index.m3u8
2026-08-26 12:58:27,568 [INFO] Scraping qartuliarxi...
2026-08-26 12:58:30,846 [INFO]  -> Success: https://live6.mar.tv/7524aaffbc1acac29a96ab387759bfd7a03dc69c49e4d98fee5fcc1aa6cfcfea/qartuli/index.m3u8
2026-08-26 12:58:30,878 [INFO] Scraping musicbox...
2026-08-26 12:58:34,158 [INFO]  -> Success: https://live6.mar.tv/7524aaffbc1acac29a96ab387759bfd7a03dc69c49e4d98fee5fcc1aa6cfcfea/34musge/index.m3u8
2026-08-26 12:58:34,191 [INFO] Scraping marneuli...
2026-08-26 12:58:37,461 [INFO]  -> Success: https://live6.mar.tv/7524aaffbc1acac29a96ab387759bfd7a03dc69c49e4d98fee5fcc1aa6cfcfea/37marn/index.m3u8
2026-08-26 12:58:37,494 [INFO] Scraping axaliformula...
2026-08-26 12:58:40,761 [INFO]  -> Success: https://live6.mar.tv/7524aaffbc1acac29a96ab387759bfd7a03dc69c49e4d98fee5fcc1aa6cfcfea/axaliformla/index.m3u8
2026-08-26 12:58:40,793 [INFO] Scraping o2...
2026-08-26 12:58:44,063 [INFO]  -> Success: https://live5.mar.tv/7524aaffbc1acac29a96ab387759bfd7a03dc69c49e4d98fee5fcc1aa6cfcfea/40/index.m3u8
2026-08-26 12:58:44,096 [INFO] Scraping guria...
2026-08-26 12:58:47,382 [INFO]  -> Success: https://live5.mar.tv/7524aaffbc1acac29a96ab387759bfd7a03dc69c49e4d98fee5fcc1aa6cfcfea/42/index.m3u8
2026-08-26 12:58:47,416 [INFO] Scraping imervizia...
2026-08-26 12:58:50,688 [INFO]  -> Success: https://live6.mar.tv/7524aaffbc1acac29a96ab387759bfd7a03dc69c49e4d98fee5fcc1aa6cfcfea/imervizia/index.m3u8
2026-08-26 12:58:50,720 [INFO] Scraping diatv...
2026-08-26 12:58:53,991 [INFO]  -> Success: https://live4.mar.tv/7524aaffbc1acac29a96ab387759bfd7a03dc69c49e4d98fee5fcc1aa6cfcfea/dia/index.m3u8
2026-08-26 12:58:54,028 [INFO] Scraping chveniarxi...
2026-08-26 12:58:57,300 [INFO]  -> Success: https://live3.mar.tv/7524aaffbc1acac29a96ab387759bfd7a03dc69c49e4d98fee5fcc1aa6cfcfea/45rd/index.m3u8
2026-08-26 12:58:57,331 [INFO] Scraping batumitv...
2026-08-26 12:59:00,607 [INFO]  -> Success: https://live5.mar.tv/7524aaffbc1acac29a96ab387759bfd7a03dc69c49e4d98fee5fcc1aa6cfcfea/46/index.m3u8
2026-08-26 12:59:00,642 [INFO] Scraping rcheuli...
2026-08-26 12:59:03,918 [INFO]  -> Success: https://live5.mar.tv/7524aaffbc1acac29a96ab387759bfd7a03dc69c49e4d98fee5fcc1aa6cfcfea/47/index.m3u8
2026-08-26 12:59:03,952 [INFO] Scraping gurjaani...
2026-08-26 12:59:07,224 [INFO]  -> Success: https://live4.mar.tv/7524aaffbc1acac29a96ab387759bfd7a03dc69c49e4d98fee5fcc1aa6cfcfea/48m/index.m3u8
2026-08-26 12:59:07,258 [INFO] Scraping molitv...
2026-08-26 12:59:10,532 [INFO]  -> Success: https://live6.mar.tv/7524aaffbc1acac29a96ab387759bfd7a03dc69c49e4d98fee5fcc1aa6cfcfea/mollltv/index.m3u8
2026-08-26 12:59:10,565 [INFO] Scraping mexute...
2026-08-26 12:59:13,835 [INFO]  -> Success: https://live6.mar.tv/7524aaffbc1acac29a96ab387759bfd7a03dc69c49e4d98fee5fcc1aa6cfcfea/50/index.m3u8
2026-08-26 12:59:13,867 [INFO] Scraping agrogaremo...
2026-08-26 12:59:17,162 [INFO]  -> Success: https://live6.mar.tv/7524aaffbc1acac29a96ab387759bfd7a03dc69c49e4d98fee5fcc1aa6cfcfea/agrogaremo/index.m3u8
2026-08-26 12:59:17,195 [INFO] Scraping artv...
2026-08-26 12:59:20,467 [INFO]  -> Success: https://live6.mar.tv/7524aaffbc1acac29a96ab387759bfd7a03dc69c49e4d98fee5fcc1aa6cfcfea/tafutv/index.m3u8
2026-08-26 12:59:20,497 [INFO] Scraping meteo24...
2026-08-26 12:59:23,767 [INFO]  -> Success: https://live5.mar.tv/7524aaffbc1acac29a96ab387759bfd7a03dc69c49e4d98fee5fcc1aa6cfcfea/56/index.m3u8
2026-08-26 12:59:23,802 [INFO] Scraping georgiantimes...
2026-08-26 12:59:27,081 [INFO]  -> Success: https://live5.mar.tv/7524aaffbc1acac29a96ab387759bfd7a03dc69c49e4d98fee5fcc1aa6cfcfea/57/index.m3u8
2026-08-26 12:59:27,113 [INFO] Scraping silkuniversal...
2026-08-26 12:59:30,382 [INFO]  -> Success: https://live2.mar.tv/7524aaffbc1acac29a96ab387759bfd7a03dc69c49e4d98fee5fcc1aa6cfcfea/1arxiweb/index.m3u8
2026-08-26 12:59:30,414 [INFO] Scraping rugbytv...
2026-08-26 12:59:33,684 [INFO]  -> Success: https://live4.mar.tv/7524aaffbc1acac29a96ab387759bfd7a03dc69c49e4d98fee5fcc1aa6cfcfea/160m/index.m3u8
2026-08-26 12:59:33,716 [INFO] Scraping gms...
2026-08-26 12:59:36,989 [INFO]  -> Success: https://live5.mar.tv/7524aaffbc1acac29a96ab387759bfd7a03dc69c49e4d98fee5fcc1aa6cfcfea/161/index.m3u8
2026-08-26 12:59:37,022 [INFO] Scraping aiatv...
2026-08-26 12:59:40,291 [INFO]  -> Success: https://live6.mar.tv/7524aaffbc1acac29a96ab387759bfd7a03dc69c49e4d98fee5fcc1aa6cfcfea/aia/index.m3u8
2026-08-26 12:59:40,323 [INFO] Scraping batumi2...
2026-08-26 12:59:43,598 [INFO]  -> Success: https://live6.mar.tv/7524aaffbc1acac29a96ab387759bfd7a03dc69c49e4d98fee5fcc1aa6cfcfea/batumitv2/index.m3u8
2026-08-26 12:59:43,634 [INFO] Scraping altinfo...
2026-08-26 12:59:46,907 [INFO]  -> Success: https://live6.mar.tv/7524aaffbc1acac29a96ab387759bfd7a03dc69c49e4d98fee5fcc1aa6cfcfea/altinfo/index.m3u8
2026-08-26 12:59:46,942 [INFO] Scraping parliament...
2026-08-26 12:59:50,213 [INFO]  -> Success: https://live6.mar.tv/7524aaffbc1acac29a96ab387759bfd7a03dc69c49e4d98fee5fcc1aa6cfcfea/parlament/index.m3u8
2026-08-26 12:59:50,248 [INFO] Scraping egrisi...
2026-08-26 12:59:53,516 [INFO]  -> Success: https://live6.mar.tv/7524aaffbc1acac29a96ab387759bfd7a03dc69c49e4d98fee5fcc1aa6cfcfea/egrisi/index.m3u8
2026-08-26 12:59:53,548 [INFO] Scraping mzetv...
2026-08-26 12:59:56,824 [INFO]  -> Success: https://live6.mar.tv/7524aaffbc1acac29a96ab387759bfd7a03dc69c49e4d98fee5fcc1aa6cfcfea/mze/index.m3u8
2026-08-26 12:59:56,875 [WARNING] Failed to find tvg-id="rustavi2" in georgia_channels.m3u
2026-08-26 12:59:56,875 [WARNING] Failed to find tvg-id="maestro" in georgia_channels.m3u
2026-08-26 12:59:56,876 [WARNING] Failed to find tvg-id="marao" in georgia_channels.m3u
2026-08-26 12:59:56,876 [WARNING] Failed to find tvg-id="gds" in georgia_channels.m3u
2026-08-26 12:59:56,876 [WARNING] Failed to find tvg-id="comedy" in georgia_channels.m3u
2026-08-26 12:59:56,876 [WARNING] Failed to find tvg-id="bbb" in georgia_channels.m3u
2026-08-26 12:59:56,876 [WARNING] Failed to find tvg-id="enkibenki" in georgia_channels.m3u
2026-08-26 12:59:56,877 [WARNING] Failed to find tvg-id="adjaratv" in georgia_channels.m3u
2026-08-26 12:59:56,877 [WARNING] Failed to find tvg-id="rionitv" in georgia_channels.m3u
2026-08-26 12:59:56,877 [WARNING] Failed to find tvg-id="tv25" in georgia_channels.m3u
2026-08-26 12:59:56,877 [WARNING] Failed to find tvg-id="tv4rustavi" in georgia_channels.m3u
2026-08-26 12:59:56,877 [WARNING] Failed to find tvg-id="trialeti" in georgia_channels.m3u
2026-08-26 12:59:56,878 [WARNING] Failed to find tvg-id="dardimandi" in georgia_channels.m3u
2026-08-26 12:59:56,878 [WARNING] Failed to find tvg-id="agro" in georgia_channels.m3u
2026-08-26 12:59:56,878 [WARNING] Failed to find tvg-id="samefo" in georgia_channels.m3u
2026-08-26 12:59:56,878 [WARNING] Failed to find tvg-id="postv" in georgia_channels.m3u
2026-08-26 12:59:56,878 [WARNING] Failed to find tvg-id="megatv" in georgia_channels.m3u
2026-08-26 12:59:56,879 [WARNING] Failed to find tvg-id="qartuliarxi" in georgia_channels.m3u
2026-08-26 12:59:56,879 [WARNING] Failed to find tvg-id="musicbox" in georgia_channels.m3u
2026-08-26 12:59:56,879 [WARNING] Failed to find tvg-id="marneuli" in georgia_channels.m3u
2026-08-26 12:59:56,879 [WARNING] Failed to find tvg-id="axaliformula" in georgia_channels.m3u
2026-08-26 12:59:56,879 [WARNING] Failed to find tvg-id="o2" in georgia_channels.m3u
2026-08-26 12:59:56,880 [WARNING] Failed to find tvg-id="guria" in georgia_channels.m3u
2026-08-26 12:59:56,880 [WARNING] Failed to find tvg-id="imervizia" in georgia_channels.m3u
2026-08-26 12:59:56,880 [WARNING] Failed to find tvg-id="diatv" in georgia_channels.m3u
2026-08-26 12:59:56,880 [WARNING] Failed to find tvg-id="chveniarxi" in georgia_channels.m3u
2026-08-26 12:59:56,880 [WARNING] Failed to find tvg-id="batumitv" in georgia_channels.m3u
2026-08-26 12:59:56,881 [WARNING] Failed to find tvg-id="rcheuli" in georgia_channels.m3u
2026-08-26 12:59:56,881 [WARNING] Failed to find tvg-id="gurjaani" in georgia_channels.m3u
2026-08-26 12:59:56,881 [WARNING] Failed to find tvg-id="molitv" in georgia_channels.m3u
2026-08-26 12:59:56,881 [WARNING] Failed to find tvg-id="mexute" in georgia_channels.m3u
2026-08-26 12:59:56,881 [WARNING] Failed to find tvg-id="agrogaremo" in georgia_channels.m3u
2026-08-26 12:59:56,882 [WARNING] Failed to find tvg-id="artv" in georgia_channels.m3u
2026-08-26 12:59:56,882 [WARNING] Failed to find tvg-id="meteo24" in georgia_channels.m3u
2026-08-26 12:59:56,882 [WARNING] Failed to find tvg-id="georgiantimes" in georgia_channels.m3u
2026-08-26 12:59:56,882 [WARNING] Failed to find tvg-id="silkuniversal" in georgia_channels.m3u
2026-08-26 12:59:56,882 [WARNING] Failed to find tvg-id="rugbytv" in georgia_channels.m3u
2026-08-26 12:59:56,883 [WARNING] Failed to find tvg-id="gms" in georgia_channels.m3u
2026-08-26 12:59:56,883 [WARNING] Failed to find tvg-id="aiatv" in georgia_channels.m3u
2026-08-26 12:59:56,883 [WARNING] Failed to find tvg-id="batumi2" in georgia_channels.m3u
2026-08-26 12:59:56,883 [WARNING] Failed to find tvg-id="altinfo" in georgia_channels.m3u
2026-08-26 12:59:56,883 [WARNING] Failed to find tvg-id="parliament" in georgia_channels.m3u
2026-08-26 12:59:56,884 [WARNING] Failed to find tvg-id="egrisi" in georgia_channels.m3u
2026-08-26 12:59:56,884 [WARNING] Failed to find tvg-id="mzetv" in georgia_channels.m3u
2026-08-26 12:59:56,884 [INFO] No file changes were made.
2026-08-26 12:59:56,884 [INFO] === UPDATE EXECUTION FINISHED ===
