2026-08-25 19:34:20,684 [INFO] === UPDATE EXECUTION STARTED ===
2026-08-25 19:34:20,684 [INFO] Fetching Setanta Sports 3 from IPTV-ORG...
2026-08-25 19:34:20,765 [INFO] Launching batch scraper for 44 channels on tv.mar.tv...
2026-08-25 19:34:21,359 [INFO] Scraping rustavi2...
2026-08-25 19:34:26,233 [INFO]  -> Success: https://live8.mar.tv/1/4rd/index.m3u8
2026-08-25 19:34:26,269 [INFO] Scraping maestro...
2026-08-25 19:34:29,548 [INFO]  -> Success: https://live4.mar.tv/6f82c36dceb5a8d709bc2b62f965bee216144b3cf993ae5683157884fc2bba4e/352m/index.m3u8
2026-08-25 19:34:29,584 [INFO] Scraping marao...
2026-08-25 19:34:32,861 [INFO]  -> Success: https://live2.mar.tv/6f82c36dceb5a8d709bc2b62f965bee216144b3cf993ae5683157884fc2bba4e/12sd/index.m3u8
2026-08-25 19:34:32,895 [INFO] Scraping gds...
2026-08-25 19:34:36,172 [INFO]  -> Success: https://live1.mar.tv/6f82c36dceb5a8d709bc2b62f965bee216144b3cf993ae5683157884fc2bba4e/13sd/index.m3u8
2026-08-25 19:34:36,204 [INFO] Scraping comedy...
2026-08-25 19:34:39,484 [INFO]  -> Success: https://live4.mar.tv/6f82c36dceb5a8d709bc2b62f965bee216144b3cf993ae5683157884fc2bba4e/14rd/index.m3u8
2026-08-25 19:34:39,518 [INFO] Scraping bbb...
2026-08-25 19:34:42,789 [INFO]  -> Success: https://live2.mar.tv/6f82c36dceb5a8d709bc2b62f965bee216144b3cf993ae5683157884fc2bba4e/16sd/index.m3u8
2026-08-25 19:34:42,821 [INFO] Scraping enkibenki...
2026-08-25 19:34:46,105 [INFO]  -> Success: https://live2.mar.tv/6f82c36dceb5a8d709bc2b62f965bee216144b3cf993ae5683157884fc2bba4e/17e/index.m3u8
2026-08-25 19:34:46,140 [INFO] Scraping adjaratv...
2026-08-25 19:34:49,414 [INFO]  -> Success: https://live2.mar.tv/6f82c36dceb5a8d709bc2b62f965bee216144b3cf993ae5683157884fc2bba4e/19rd/index.m3u8
2026-08-25 19:34:49,448 [INFO] Scraping rionitv...
2026-08-25 19:34:52,726 [INFO]  -> Success: https://live6.mar.tv/6f82c36dceb5a8d709bc2b62f965bee216144b3cf993ae5683157884fc2bba4e/20rionn/index.m3u8
2026-08-25 19:34:52,762 [INFO] Scraping tv25...
2026-08-25 19:34:56,038 [INFO]  -> Success: https://live6.mar.tv/6f82c36dceb5a8d709bc2b62f965bee216144b3cf993ae5683157884fc2bba4e/23tv25/index.m3u8
2026-08-25 19:34:56,073 [INFO] Scraping tv4rustavi...
2026-08-25 19:34:59,351 [INFO]  -> Success: https://live6.mar.tv/6f82c36dceb5a8d709bc2b62f965bee216144b3cf993ae5683157884fc2bba4e/24tw4/index.m3u8
2026-08-25 19:34:59,385 [INFO] Scraping trialeti...
2026-08-25 19:35:02,666 [INFO]  -> Success: https://live6.mar.tv/6f82c36dceb5a8d709bc2b62f965bee216144b3cf993ae5683157884fc2bba4e/trialleti/index.m3u8
2026-08-25 19:35:02,699 [INFO] Scraping dardimandi...
2026-08-25 19:35:05,992 [INFO]  -> Success: https://live5.mar.tv/6f82c36dceb5a8d709bc2b62f965bee216144b3cf993ae5683157884fc2bba4e/27/index.m3u8
2026-08-25 19:35:06,025 [INFO] Scraping agro...
2026-08-25 19:35:09,303 [INFO]  -> Success: https://live5.mar.tv/6f82c36dceb5a8d709bc2b62f965bee216144b3cf993ae5683157884fc2bba4e/28/index.m3u8
2026-08-25 19:35:09,337 [INFO] Scraping samefo...
2026-08-25 19:35:12,614 [INFO]  -> Success: https://live5.mar.tv/6f82c36dceb5a8d709bc2b62f965bee216144b3cf993ae5683157884fc2bba4e/29/index.m3u8
2026-08-25 19:35:12,647 [INFO] Scraping postv...
2026-08-25 19:35:15,927 [INFO]  -> Success: https://live6.mar.tv/6f82c36dceb5a8d709bc2b62f965bee216144b3cf993ae5683157884fc2bba4e/postvw/index.m3u8
2026-08-25 19:35:15,962 [INFO] Scraping megatv...
2026-08-25 19:35:19,238 [INFO]  -> Success: https://live4.mar.tv/6f82c36dceb5a8d709bc2b62f965bee216144b3cf993ae5683157884fc2bba4e/32st/index.m3u8
2026-08-25 19:35:19,270 [INFO] Scraping qartuliarxi...
2026-08-25 19:35:22,543 [INFO]  -> Success: https://live6.mar.tv/6f82c36dceb5a8d709bc2b62f965bee216144b3cf993ae5683157884fc2bba4e/qartuli/index.m3u8
2026-08-25 19:35:22,579 [INFO] Scraping musicbox...
2026-08-25 19:35:25,857 [INFO]  -> Success: https://live6.mar.tv/6f82c36dceb5a8d709bc2b62f965bee216144b3cf993ae5683157884fc2bba4e/34musge/index.m3u8
2026-08-25 19:35:25,891 [INFO] Scraping marneuli...
2026-08-25 19:35:29,167 [INFO]  -> Success: https://live6.mar.tv/6f82c36dceb5a8d709bc2b62f965bee216144b3cf993ae5683157884fc2bba4e/37marn/index.m3u8
2026-08-25 19:35:29,201 [INFO] Scraping axaliformula...
2026-08-25 19:35:32,477 [INFO]  -> Success: https://live6.mar.tv/6f82c36dceb5a8d709bc2b62f965bee216144b3cf993ae5683157884fc2bba4e/axaliformla/index.m3u8
2026-08-25 19:35:32,513 [INFO] Scraping o2...
2026-08-25 19:35:35,787 [INFO]  -> Success: https://live5.mar.tv/6f82c36dceb5a8d709bc2b62f965bee216144b3cf993ae5683157884fc2bba4e/40/index.m3u8
2026-08-25 19:35:35,821 [INFO] Scraping guria...
2026-08-25 19:35:39,098 [INFO]  -> Success: https://live5.mar.tv/6f82c36dceb5a8d709bc2b62f965bee216144b3cf993ae5683157884fc2bba4e/42/index.m3u8
2026-08-25 19:35:39,132 [INFO] Scraping imervizia...
2026-08-25 19:35:42,414 [INFO]  -> Success: https://live6.mar.tv/6f82c36dceb5a8d709bc2b62f965bee216144b3cf993ae5683157884fc2bba4e/imervizia/index.m3u8
2026-08-25 19:35:42,447 [INFO] Scraping diatv...
2026-08-25 19:35:45,721 [INFO]  -> Success: https://live4.mar.tv/6f82c36dceb5a8d709bc2b62f965bee216144b3cf993ae5683157884fc2bba4e/dia/index.m3u8
2026-08-25 19:35:45,761 [INFO] Scraping chveniarxi...
2026-08-25 19:35:49,039 [INFO]  -> Success: https://live3.mar.tv/6f82c36dceb5a8d709bc2b62f965bee216144b3cf993ae5683157884fc2bba4e/45rd/index.m3u8
2026-08-25 19:35:49,071 [INFO] Scraping batumitv...
2026-08-25 19:35:52,363 [INFO]  -> Success: https://live5.mar.tv/6f82c36dceb5a8d709bc2b62f965bee216144b3cf993ae5683157884fc2bba4e/46/index.m3u8
2026-08-25 19:35:52,398 [INFO] Scraping rcheuli...
2026-08-25 19:35:55,673 [INFO]  -> Success: https://live5.mar.tv/6f82c36dceb5a8d709bc2b62f965bee216144b3cf993ae5683157884fc2bba4e/47/index.m3u8
2026-08-25 19:35:55,705 [INFO] Scraping gurjaani...
2026-08-25 19:35:58,980 [INFO]  -> Success: https://live4.mar.tv/6f82c36dceb5a8d709bc2b62f965bee216144b3cf993ae5683157884fc2bba4e/48m/index.m3u8
2026-08-25 19:35:59,013 [INFO] Scraping molitv...
2026-08-25 19:36:02,289 [INFO]  -> Success: https://live6.mar.tv/6f82c36dceb5a8d709bc2b62f965bee216144b3cf993ae5683157884fc2bba4e/mollltv/index.m3u8
2026-08-25 19:36:02,324 [INFO] Scraping mexute...
2026-08-25 19:36:05,601 [INFO]  -> Success: https://live6.mar.tv/6f82c36dceb5a8d709bc2b62f965bee216144b3cf993ae5683157884fc2bba4e/50/index.m3u8
2026-08-25 19:36:05,634 [INFO] Scraping agrogaremo...
2026-08-25 19:36:08,909 [INFO]  -> Success: https://live6.mar.tv/6f82c36dceb5a8d709bc2b62f965bee216144b3cf993ae5683157884fc2bba4e/agrogaremo/index.m3u8
2026-08-25 19:36:08,941 [INFO] Scraping artv...
2026-08-25 19:36:12,219 [INFO]  -> Success: https://live6.mar.tv/6f82c36dceb5a8d709bc2b62f965bee216144b3cf993ae5683157884fc2bba4e/tafutv/index.m3u8
2026-08-25 19:36:12,254 [INFO] Scraping meteo24...
2026-08-25 19:36:15,529 [INFO]  -> Success: https://live5.mar.tv/6f82c36dceb5a8d709bc2b62f965bee216144b3cf993ae5683157884fc2bba4e/56/index.m3u8
2026-08-25 19:36:15,562 [INFO] Scraping georgiantimes...
2026-08-25 19:36:18,837 [INFO]  -> Success: https://live5.mar.tv/6f82c36dceb5a8d709bc2b62f965bee216144b3cf993ae5683157884fc2bba4e/57/index.m3u8
2026-08-25 19:36:18,871 [INFO] Scraping silkuniversal...
2026-08-25 19:36:22,157 [INFO]  -> Success: https://live2.mar.tv/6f82c36dceb5a8d709bc2b62f965bee216144b3cf993ae5683157884fc2bba4e/1arxiweb/index.m3u8
2026-08-25 19:36:22,193 [INFO] Scraping rugbytv...
2026-08-25 19:36:25,467 [INFO]  -> Success: https://live4.mar.tv/6f82c36dceb5a8d709bc2b62f965bee216144b3cf993ae5683157884fc2bba4e/160m/index.m3u8
2026-08-25 19:36:25,500 [INFO] Scraping gms...
2026-08-25 19:36:28,776 [INFO]  -> Success: https://live5.mar.tv/6f82c36dceb5a8d709bc2b62f965bee216144b3cf993ae5683157884fc2bba4e/161/index.m3u8
2026-08-25 19:36:28,811 [INFO] Scraping aiatv...
2026-08-25 19:36:32,085 [INFO]  -> Success: https://live6.mar.tv/6f82c36dceb5a8d709bc2b62f965bee216144b3cf993ae5683157884fc2bba4e/aia/index.m3u8
2026-08-25 19:36:32,119 [INFO] Scraping batumi2...
2026-08-25 19:36:35,393 [INFO]  -> Success: https://live6.mar.tv/6f82c36dceb5a8d709bc2b62f965bee216144b3cf993ae5683157884fc2bba4e/batumitv2/index.m3u8
2026-08-25 19:36:35,427 [INFO] Scraping altinfo...
2026-08-25 19:36:38,700 [INFO]  -> Success: https://live6.mar.tv/6f82c36dceb5a8d709bc2b62f965bee216144b3cf993ae5683157884fc2bba4e/altinfo/index.m3u8
2026-08-25 19:36:38,737 [INFO] Scraping parliament...
2026-08-25 19:36:42,016 [INFO]  -> Success: https://live6.mar.tv/6f82c36dceb5a8d709bc2b62f965bee216144b3cf993ae5683157884fc2bba4e/parlament/index.m3u8
2026-08-25 19:36:42,048 [INFO] Scraping egrisi...
2026-08-25 19:36:45,326 [INFO]  -> Success: https://live6.mar.tv/6f82c36dceb5a8d709bc2b62f965bee216144b3cf993ae5683157884fc2bba4e/egrisi/index.m3u8
2026-08-25 19:36:45,357 [INFO] Scraping mzetv...
2026-08-25 19:36:48,634 [INFO]  -> Success: https://live6.mar.tv/6f82c36dceb5a8d709bc2b62f965bee216144b3cf993ae5683157884fc2bba4e/mze/index.m3u8
2026-08-25 19:36:48,683 [WARNING] Failed to find tvg-id="rustavi2" in georgia_channels.m3u
2026-08-25 19:36:48,684 [WARNING] Failed to find tvg-id="maestro" in georgia_channels.m3u
2026-08-25 19:36:48,684 [WARNING] Failed to find tvg-id="marao" in georgia_channels.m3u
2026-08-25 19:36:48,684 [WARNING] Failed to find tvg-id="gds" in georgia_channels.m3u
2026-08-25 19:36:48,684 [WARNING] Failed to find tvg-id="comedy" in georgia_channels.m3u
2026-08-25 19:36:48,684 [WARNING] Failed to find tvg-id="bbb" in georgia_channels.m3u
2026-08-25 19:36:48,685 [WARNING] Failed to find tvg-id="enkibenki" in georgia_channels.m3u
2026-08-25 19:36:48,685 [WARNING] Failed to find tvg-id="adjaratv" in georgia_channels.m3u
2026-08-25 19:36:48,685 [WARNING] Failed to find tvg-id="rionitv" in georgia_channels.m3u
2026-08-25 19:36:48,685 [WARNING] Failed to find tvg-id="tv25" in georgia_channels.m3u
2026-08-25 19:36:48,685 [WARNING] Failed to find tvg-id="tv4rustavi" in georgia_channels.m3u
2026-08-25 19:36:48,686 [WARNING] Failed to find tvg-id="trialeti" in georgia_channels.m3u
2026-08-25 19:36:48,686 [WARNING] Failed to find tvg-id="dardimandi" in georgia_channels.m3u
2026-08-25 19:36:48,686 [WARNING] Failed to find tvg-id="agro" in georgia_channels.m3u
2026-08-25 19:36:48,686 [WARNING] Failed to find tvg-id="samefo" in georgia_channels.m3u
2026-08-25 19:36:48,687 [WARNING] Failed to find tvg-id="postv" in georgia_channels.m3u
2026-08-25 19:36:48,687 [WARNING] Failed to find tvg-id="megatv" in georgia_channels.m3u
2026-08-25 19:36:48,687 [WARNING] Failed to find tvg-id="qartuliarxi" in georgia_channels.m3u
2026-08-25 19:36:48,687 [WARNING] Failed to find tvg-id="musicbox" in georgia_channels.m3u
2026-08-25 19:36:48,687 [WARNING] Failed to find tvg-id="marneuli" in georgia_channels.m3u
2026-08-25 19:36:48,688 [WARNING] Failed to find tvg-id="axaliformula" in georgia_channels.m3u
2026-08-25 19:36:48,688 [WARNING] Failed to find tvg-id="o2" in georgia_channels.m3u
2026-08-25 19:36:48,688 [WARNING] Failed to find tvg-id="guria" in georgia_channels.m3u
2026-08-25 19:36:48,688 [WARNING] Failed to find tvg-id="imervizia" in georgia_channels.m3u
2026-08-25 19:36:48,688 [WARNING] Failed to find tvg-id="diatv" in georgia_channels.m3u
2026-08-25 19:36:48,689 [WARNING] Failed to find tvg-id="chveniarxi" in georgia_channels.m3u
2026-08-25 19:36:48,689 [WARNING] Failed to find tvg-id="batumitv" in georgia_channels.m3u
2026-08-25 19:36:48,689 [WARNING] Failed to find tvg-id="rcheuli" in georgia_channels.m3u
2026-08-25 19:36:48,689 [WARNING] Failed to find tvg-id="gurjaani" in georgia_channels.m3u
2026-08-25 19:36:48,689 [WARNING] Failed to find tvg-id="molitv" in georgia_channels.m3u
2026-08-25 19:36:48,690 [WARNING] Failed to find tvg-id="mexute" in georgia_channels.m3u
2026-08-25 19:36:48,690 [WARNING] Failed to find tvg-id="agrogaremo" in georgia_channels.m3u
2026-08-25 19:36:48,690 [WARNING] Failed to find tvg-id="artv" in georgia_channels.m3u
2026-08-25 19:36:48,690 [WARNING] Failed to find tvg-id="meteo24" in georgia_channels.m3u
2026-08-25 19:36:48,690 [WARNING] Failed to find tvg-id="georgiantimes" in georgia_channels.m3u
2026-08-25 19:36:48,691 [WARNING] Failed to find tvg-id="silkuniversal" in georgia_channels.m3u
2026-08-25 19:36:48,691 [WARNING] Failed to find tvg-id="rugbytv" in georgia_channels.m3u
2026-08-25 19:36:48,691 [WARNING] Failed to find tvg-id="gms" in georgia_channels.m3u
2026-08-25 19:36:48,691 [WARNING] Failed to find tvg-id="aiatv" in georgia_channels.m3u
2026-08-25 19:36:48,691 [WARNING] Failed to find tvg-id="batumi2" in georgia_channels.m3u
2026-08-25 19:36:48,692 [WARNING] Failed to find tvg-id="altinfo" in georgia_channels.m3u
2026-08-25 19:36:48,692 [WARNING] Failed to find tvg-id="parliament" in georgia_channels.m3u
2026-08-25 19:36:48,692 [WARNING] Failed to find tvg-id="egrisi" in georgia_channels.m3u
2026-08-25 19:36:48,692 [WARNING] Failed to find tvg-id="mzetv" in georgia_channels.m3u
2026-08-25 19:36:48,692 [INFO] No file changes were made.
2026-08-25 19:36:48,692 [INFO] === UPDATE EXECUTION FINISHED ===
