2026-08-22 16:27:47,003 [INFO] === UPDATE EXECUTION STARTED ===
2026-08-22 16:27:47,003 [INFO] Fetching Setanta Sports 3 from IPTV-ORG...
2026-08-22 16:27:47,155 [INFO] Launching batch scraper for 44 channels on tv.mar.tv...
2026-08-22 16:27:47,955 [INFO] Scraping rustavi2...
2026-08-22 16:27:53,355 [INFO]  -> Success: https://live8.mar.tv/1/4rd/index.m3u8
2026-08-22 16:27:53,386 [INFO] Scraping maestro...
2026-08-22 16:27:56,674 [INFO]  -> Success: https://live4.mar.tv/af61cbe95eddf5029600edecc4ee05e150e349fd70bdaa12a5acd859b5f129ec/352m/index.m3u8
2026-08-22 16:27:56,702 [INFO] Scraping marao...
2026-08-22 16:27:59,993 [INFO]  -> Success: https://live2.mar.tv/af61cbe95eddf5029600edecc4ee05e150e349fd70bdaa12a5acd859b5f129ec/12sd/index.m3u8
2026-08-22 16:28:00,022 [INFO] Scraping gds...
2026-08-22 16:28:03,316 [INFO]  -> Success: https://live1.mar.tv/af61cbe95eddf5029600edecc4ee05e150e349fd70bdaa12a5acd859b5f129ec/13sd/index.m3u8
2026-08-22 16:28:03,342 [INFO] Scraping comedy...
2026-08-22 16:28:06,635 [INFO]  -> Success: https://live4.mar.tv/af61cbe95eddf5029600edecc4ee05e150e349fd70bdaa12a5acd859b5f129ec/14rd/index.m3u8
2026-08-22 16:28:06,663 [INFO] Scraping bbb...
2026-08-22 16:28:09,954 [INFO]  -> Success: https://live2.mar.tv/af61cbe95eddf5029600edecc4ee05e150e349fd70bdaa12a5acd859b5f129ec/16sd/index.m3u8
2026-08-22 16:28:09,983 [INFO] Scraping enkibenki...
2026-08-22 16:28:13,273 [INFO]  -> Success: https://live2.mar.tv/af61cbe95eddf5029600edecc4ee05e150e349fd70bdaa12a5acd859b5f129ec/17e/index.m3u8
2026-08-22 16:28:13,301 [INFO] Scraping adjaratv...
2026-08-22 16:28:16,592 [INFO]  -> Success: https://live2.mar.tv/af61cbe95eddf5029600edecc4ee05e150e349fd70bdaa12a5acd859b5f129ec/19rd/index.m3u8
2026-08-22 16:28:16,620 [INFO] Scraping rionitv...
2026-08-22 16:28:19,913 [INFO]  -> Success: https://live6.mar.tv/af61cbe95eddf5029600edecc4ee05e150e349fd70bdaa12a5acd859b5f129ec/20rionn/index.m3u8
2026-08-22 16:28:19,945 [INFO] Scraping tv25...
2026-08-22 16:28:23,239 [INFO]  -> Success: https://live6.mar.tv/af61cbe95eddf5029600edecc4ee05e150e349fd70bdaa12a5acd859b5f129ec/23tv25/index.m3u8
2026-08-22 16:28:23,267 [INFO] Scraping tv4rustavi...
2026-08-22 16:28:26,558 [INFO]  -> Success: https://live6.mar.tv/af61cbe95eddf5029600edecc4ee05e150e349fd70bdaa12a5acd859b5f129ec/24tw4/index.m3u8
2026-08-22 16:28:26,588 [INFO] Scraping trialeti...
2026-08-22 16:28:29,880 [INFO]  -> Success: https://live6.mar.tv/af61cbe95eddf5029600edecc4ee05e150e349fd70bdaa12a5acd859b5f129ec/trialleti/index.m3u8
2026-08-22 16:28:29,930 [INFO] Scraping dardimandi...
2026-08-22 16:28:33,224 [INFO]  -> Success: https://live5.mar.tv/af61cbe95eddf5029600edecc4ee05e150e349fd70bdaa12a5acd859b5f129ec/27/index.m3u8
2026-08-22 16:28:33,251 [INFO] Scraping agro...
2026-08-22 16:28:36,538 [INFO]  -> Success: https://live5.mar.tv/af61cbe95eddf5029600edecc4ee05e150e349fd70bdaa12a5acd859b5f129ec/28/index.m3u8
2026-08-22 16:28:36,568 [INFO] Scraping samefo...
2026-08-22 16:28:39,860 [INFO]  -> Success: https://live5.mar.tv/af61cbe95eddf5029600edecc4ee05e150e349fd70bdaa12a5acd859b5f129ec/29/index.m3u8
2026-08-22 16:28:39,888 [INFO] Scraping postv...
2026-08-22 16:28:43,184 [INFO]  -> Success: https://live6.mar.tv/af61cbe95eddf5029600edecc4ee05e150e349fd70bdaa12a5acd859b5f129ec/postvw/index.m3u8
2026-08-22 16:28:43,215 [INFO] Scraping megatv...
2026-08-22 16:28:46,509 [INFO]  -> Success: https://live4.mar.tv/af61cbe95eddf5029600edecc4ee05e150e349fd70bdaa12a5acd859b5f129ec/32st/index.m3u8
2026-08-22 16:28:46,537 [INFO] Scraping qartuliarxi...
2026-08-22 16:28:49,829 [INFO]  -> Success: https://live6.mar.tv/af61cbe95eddf5029600edecc4ee05e150e349fd70bdaa12a5acd859b5f129ec/qartuli/index.m3u8
2026-08-22 16:28:49,857 [INFO] Scraping musicbox...
2026-08-22 16:28:53,146 [INFO]  -> Success: https://live6.mar.tv/af61cbe95eddf5029600edecc4ee05e150e349fd70bdaa12a5acd859b5f129ec/34musge/index.m3u8
2026-08-22 16:28:53,175 [INFO] Scraping marneuli...
2026-08-22 16:28:56,460 [INFO]  -> Success: https://live6.mar.tv/af61cbe95eddf5029600edecc4ee05e150e349fd70bdaa12a5acd859b5f129ec/37marn/index.m3u8
2026-08-22 16:28:56,488 [INFO] Scraping axaliformula...
2026-08-22 16:28:59,779 [INFO]  -> Success: https://live6.mar.tv/af61cbe95eddf5029600edecc4ee05e150e349fd70bdaa12a5acd859b5f129ec/axaliformla/index.m3u8
2026-08-22 16:28:59,807 [INFO] Scraping o2...
2026-08-22 16:29:03,097 [INFO]  -> Success: https://live5.mar.tv/af61cbe95eddf5029600edecc4ee05e150e349fd70bdaa12a5acd859b5f129ec/40/index.m3u8
2026-08-22 16:29:03,123 [INFO] Scraping guria...
2026-08-22 16:29:06,412 [INFO]  -> Success: https://live5.mar.tv/af61cbe95eddf5029600edecc4ee05e150e349fd70bdaa12a5acd859b5f129ec/42/index.m3u8
2026-08-22 16:29:06,439 [INFO] Scraping imervizia...
2026-08-22 16:29:09,728 [INFO]  -> Success: https://live6.mar.tv/af61cbe95eddf5029600edecc4ee05e150e349fd70bdaa12a5acd859b5f129ec/imervizia/index.m3u8
2026-08-22 16:29:09,755 [INFO] Scraping diatv...
2026-08-22 16:29:13,046 [INFO]  -> Success: https://live4.mar.tv/af61cbe95eddf5029600edecc4ee05e150e349fd70bdaa12a5acd859b5f129ec/dia/index.m3u8
2026-08-22 16:29:13,073 [INFO] Scraping chveniarxi...
2026-08-22 16:29:16,364 [INFO]  -> Success: https://live3.mar.tv/af61cbe95eddf5029600edecc4ee05e150e349fd70bdaa12a5acd859b5f129ec/45rd/index.m3u8
2026-08-22 16:29:16,393 [INFO] Scraping batumitv...
2026-08-22 16:29:19,682 [INFO]  -> Success: https://live5.mar.tv/af61cbe95eddf5029600edecc4ee05e150e349fd70bdaa12a5acd859b5f129ec/46/index.m3u8
2026-08-22 16:29:19,710 [INFO] Scraping rcheuli...
2026-08-22 16:29:23,000 [INFO]  -> Success: https://live5.mar.tv/af61cbe95eddf5029600edecc4ee05e150e349fd70bdaa12a5acd859b5f129ec/47/index.m3u8
2026-08-22 16:29:23,028 [INFO] Scraping gurjaani...
2026-08-22 16:29:26,316 [INFO]  -> Success: https://live4.mar.tv/af61cbe95eddf5029600edecc4ee05e150e349fd70bdaa12a5acd859b5f129ec/48m/index.m3u8
2026-08-22 16:29:26,346 [INFO] Scraping molitv...
2026-08-22 16:29:29,632 [INFO]  -> Success: https://live6.mar.tv/af61cbe95eddf5029600edecc4ee05e150e349fd70bdaa12a5acd859b5f129ec/mollltv/index.m3u8
2026-08-22 16:29:29,660 [INFO] Scraping mexute...
2026-08-22 16:29:32,949 [INFO]  -> Success: https://live6.mar.tv/af61cbe95eddf5029600edecc4ee05e150e349fd70bdaa12a5acd859b5f129ec/50/index.m3u8
2026-08-22 16:29:32,978 [INFO] Scraping agrogaremo...
2026-08-22 16:29:36,273 [INFO]  -> Success: https://live6.mar.tv/af61cbe95eddf5029600edecc4ee05e150e349fd70bdaa12a5acd859b5f129ec/agrogaremo/index.m3u8
2026-08-22 16:29:36,301 [INFO] Scraping artv...
2026-08-22 16:29:39,590 [INFO]  -> Success: https://live6.mar.tv/af61cbe95eddf5029600edecc4ee05e150e349fd70bdaa12a5acd859b5f129ec/tafutv/index.m3u8
2026-08-22 16:29:39,617 [INFO] Scraping meteo24...
2026-08-22 16:29:42,906 [INFO]  -> Success: https://live5.mar.tv/af61cbe95eddf5029600edecc4ee05e150e349fd70bdaa12a5acd859b5f129ec/56/index.m3u8
2026-08-22 16:29:42,935 [INFO] Scraping georgiantimes...
2026-08-22 16:29:46,225 [INFO]  -> Success: https://live5.mar.tv/af61cbe95eddf5029600edecc4ee05e150e349fd70bdaa12a5acd859b5f129ec/57/index.m3u8
2026-08-22 16:29:46,254 [INFO] Scraping silkuniversal...
2026-08-22 16:29:49,544 [INFO]  -> Success: https://live2.mar.tv/af61cbe95eddf5029600edecc4ee05e150e349fd70bdaa12a5acd859b5f129ec/1arxiweb/index.m3u8
2026-08-22 16:29:49,574 [INFO] Scraping rugbytv...
2026-08-22 16:29:52,863 [INFO]  -> Success: https://live4.mar.tv/af61cbe95eddf5029600edecc4ee05e150e349fd70bdaa12a5acd859b5f129ec/160m/index.m3u8
2026-08-22 16:29:52,890 [INFO] Scraping gms...
2026-08-22 16:29:56,180 [INFO]  -> Success: https://live5.mar.tv/af61cbe95eddf5029600edecc4ee05e150e349fd70bdaa12a5acd859b5f129ec/161/index.m3u8
2026-08-22 16:29:56,218 [INFO] Scraping aiatv...
2026-08-22 16:29:59,511 [INFO]  -> Success: https://live6.mar.tv/af61cbe95eddf5029600edecc4ee05e150e349fd70bdaa12a5acd859b5f129ec/aia/index.m3u8
2026-08-22 16:29:59,537 [INFO] Scraping batumi2...
2026-08-22 16:30:02,825 [INFO]  -> Success: https://live6.mar.tv/af61cbe95eddf5029600edecc4ee05e150e349fd70bdaa12a5acd859b5f129ec/batumitv2/index.m3u8
2026-08-22 16:30:02,853 [INFO] Scraping altinfo...
2026-08-22 16:30:06,143 [INFO]  -> Success: https://live6.mar.tv/af61cbe95eddf5029600edecc4ee05e150e349fd70bdaa12a5acd859b5f129ec/altinfo/index.m3u8
2026-08-22 16:30:06,172 [INFO] Scraping parliament...
2026-08-22 16:30:09,462 [INFO]  -> Success: https://live6.mar.tv/af61cbe95eddf5029600edecc4ee05e150e349fd70bdaa12a5acd859b5f129ec/parlament/index.m3u8
2026-08-22 16:30:09,490 [INFO] Scraping egrisi...
2026-08-22 16:30:12,782 [INFO]  -> Success: https://live6.mar.tv/af61cbe95eddf5029600edecc4ee05e150e349fd70bdaa12a5acd859b5f129ec/egrisi/index.m3u8
2026-08-22 16:30:12,810 [INFO] Scraping mzetv...
2026-08-22 16:30:16,102 [INFO]  -> Success: https://live6.mar.tv/af61cbe95eddf5029600edecc4ee05e150e349fd70bdaa12a5acd859b5f129ec/mze/index.m3u8
2026-08-22 16:30:16,146 [WARNING] Failed to find tvg-id="rustavi2" in georgia_channels.m3u
2026-08-22 16:30:16,146 [WARNING] Failed to find tvg-id="maestro" in georgia_channels.m3u
2026-08-22 16:30:16,147 [WARNING] Failed to find tvg-id="marao" in georgia_channels.m3u
2026-08-22 16:30:16,147 [WARNING] Failed to find tvg-id="gds" in georgia_channels.m3u
2026-08-22 16:30:16,147 [WARNING] Failed to find tvg-id="comedy" in georgia_channels.m3u
2026-08-22 16:30:16,147 [WARNING] Failed to find tvg-id="bbb" in georgia_channels.m3u
2026-08-22 16:30:16,147 [WARNING] Failed to find tvg-id="enkibenki" in georgia_channels.m3u
2026-08-22 16:30:16,147 [WARNING] Failed to find tvg-id="adjaratv" in georgia_channels.m3u
2026-08-22 16:30:16,147 [WARNING] Failed to find tvg-id="rionitv" in georgia_channels.m3u
2026-08-22 16:30:16,147 [WARNING] Failed to find tvg-id="tv25" in georgia_channels.m3u
2026-08-22 16:30:16,148 [WARNING] Failed to find tvg-id="tv4rustavi" in georgia_channels.m3u
2026-08-22 16:30:16,148 [WARNING] Failed to find tvg-id="trialeti" in georgia_channels.m3u
2026-08-22 16:30:16,148 [WARNING] Failed to find tvg-id="dardimandi" in georgia_channels.m3u
2026-08-22 16:30:16,148 [WARNING] Failed to find tvg-id="agro" in georgia_channels.m3u
2026-08-22 16:30:16,148 [WARNING] Failed to find tvg-id="samefo" in georgia_channels.m3u
2026-08-22 16:30:16,148 [WARNING] Failed to find tvg-id="postv" in georgia_channels.m3u
2026-08-22 16:30:16,148 [WARNING] Failed to find tvg-id="megatv" in georgia_channels.m3u
2026-08-22 16:30:16,148 [WARNING] Failed to find tvg-id="qartuliarxi" in georgia_channels.m3u
2026-08-22 16:30:16,149 [WARNING] Failed to find tvg-id="musicbox" in georgia_channels.m3u
2026-08-22 16:30:16,149 [WARNING] Failed to find tvg-id="marneuli" in georgia_channels.m3u
2026-08-22 16:30:16,149 [WARNING] Failed to find tvg-id="axaliformula" in georgia_channels.m3u
2026-08-22 16:30:16,149 [WARNING] Failed to find tvg-id="o2" in georgia_channels.m3u
2026-08-22 16:30:16,149 [WARNING] Failed to find tvg-id="guria" in georgia_channels.m3u
2026-08-22 16:30:16,149 [WARNING] Failed to find tvg-id="imervizia" in georgia_channels.m3u
2026-08-22 16:30:16,149 [WARNING] Failed to find tvg-id="diatv" in georgia_channels.m3u
2026-08-22 16:30:16,149 [WARNING] Failed to find tvg-id="chveniarxi" in georgia_channels.m3u
2026-08-22 16:30:16,149 [WARNING] Failed to find tvg-id="batumitv" in georgia_channels.m3u
2026-08-22 16:30:16,150 [WARNING] Failed to find tvg-id="rcheuli" in georgia_channels.m3u
2026-08-22 16:30:16,150 [WARNING] Failed to find tvg-id="gurjaani" in georgia_channels.m3u
2026-08-22 16:30:16,150 [WARNING] Failed to find tvg-id="molitv" in georgia_channels.m3u
2026-08-22 16:30:16,150 [WARNING] Failed to find tvg-id="mexute" in georgia_channels.m3u
2026-08-22 16:30:16,150 [WARNING] Failed to find tvg-id="agrogaremo" in georgia_channels.m3u
2026-08-22 16:30:16,150 [WARNING] Failed to find tvg-id="artv" in georgia_channels.m3u
2026-08-22 16:30:16,150 [WARNING] Failed to find tvg-id="meteo24" in georgia_channels.m3u
2026-08-22 16:30:16,150 [WARNING] Failed to find tvg-id="georgiantimes" in georgia_channels.m3u
2026-08-22 16:30:16,150 [WARNING] Failed to find tvg-id="silkuniversal" in georgia_channels.m3u
2026-08-22 16:30:16,151 [WARNING] Failed to find tvg-id="rugbytv" in georgia_channels.m3u
2026-08-22 16:30:16,151 [WARNING] Failed to find tvg-id="gms" in georgia_channels.m3u
2026-08-22 16:30:16,151 [WARNING] Failed to find tvg-id="aiatv" in georgia_channels.m3u
2026-08-22 16:30:16,151 [WARNING] Failed to find tvg-id="batumi2" in georgia_channels.m3u
2026-08-22 16:30:16,151 [WARNING] Failed to find tvg-id="altinfo" in georgia_channels.m3u
2026-08-22 16:30:16,151 [WARNING] Failed to find tvg-id="parliament" in georgia_channels.m3u
2026-08-22 16:30:16,151 [WARNING] Failed to find tvg-id="egrisi" in georgia_channels.m3u
2026-08-22 16:30:16,151 [WARNING] Failed to find tvg-id="mzetv" in georgia_channels.m3u
2026-08-22 16:30:16,151 [INFO] No file changes were made.
2026-08-22 16:30:16,151 [INFO] === UPDATE EXECUTION FINISHED ===
