2026-08-26 07:50:10,490 [INFO] === UPDATE EXECUTION STARTED ===
2026-08-26 07:50:10,490 [INFO] Fetching Setanta Sports 3 from IPTV-ORG...
2026-08-26 07:50:10,706 [INFO] Launching batch scraper for 44 channels on tv.mar.tv...
2026-08-26 07:50:12,714 [INFO] Scraping rustavi2...
2026-08-26 07:50:17,839 [INFO]  -> Success: https://live8.mar.tv/1/4rd/index.m3u8
2026-08-26 07:50:17,874 [INFO] Scraping maestro...
2026-08-26 07:50:21,171 [INFO]  -> Success: https://live4.mar.tv/69ed74f31982cad6346efd89b1daaa0bef7a51ec32fc90e368b404bc9387d57f/352m/index.m3u8
2026-08-26 07:50:21,209 [INFO] Scraping marao...
2026-08-26 07:50:24,500 [INFO]  -> Success: https://live2.mar.tv/69ed74f31982cad6346efd89b1daaa0bef7a51ec32fc90e368b404bc9387d57f/12sd/index.m3u8
2026-08-26 07:50:24,536 [INFO] Scraping gds...
2026-08-26 07:50:27,826 [INFO]  -> Success: https://live1.mar.tv/69ed74f31982cad6346efd89b1daaa0bef7a51ec32fc90e368b404bc9387d57f/13sd/index.m3u8
2026-08-26 07:50:27,862 [INFO] Scraping comedy...
2026-08-26 07:50:31,150 [INFO]  -> Success: https://live4.mar.tv/69ed74f31982cad6346efd89b1daaa0bef7a51ec32fc90e368b404bc9387d57f/14rd/index.m3u8
2026-08-26 07:50:31,185 [INFO] Scraping bbb...
2026-08-26 07:50:34,477 [INFO]  -> Success: https://live2.mar.tv/69ed74f31982cad6346efd89b1daaa0bef7a51ec32fc90e368b404bc9387d57f/16sd/index.m3u8
2026-08-26 07:50:34,514 [INFO] Scraping enkibenki...
2026-08-26 07:50:37,801 [INFO]  -> Success: https://live2.mar.tv/69ed74f31982cad6346efd89b1daaa0bef7a51ec32fc90e368b404bc9387d57f/17e/index.m3u8
2026-08-26 07:50:37,848 [INFO] Scraping adjaratv...
2026-08-26 07:50:41,133 [INFO]  -> Success: https://live2.mar.tv/69ed74f31982cad6346efd89b1daaa0bef7a51ec32fc90e368b404bc9387d57f/19rd/index.m3u8
2026-08-26 07:50:41,170 [INFO] Scraping rionitv...
2026-08-26 07:50:44,463 [INFO]  -> Success: https://live6.mar.tv/69ed74f31982cad6346efd89b1daaa0bef7a51ec32fc90e368b404bc9387d57f/20rionn/index.m3u8
2026-08-26 07:50:44,498 [INFO] Scraping tv25...
2026-08-26 07:50:47,787 [INFO]  -> Success: https://live6.mar.tv/69ed74f31982cad6346efd89b1daaa0bef7a51ec32fc90e368b404bc9387d57f/23tv25/index.m3u8
2026-08-26 07:50:47,827 [INFO] Scraping tv4rustavi...
2026-08-26 07:50:51,116 [INFO]  -> Success: https://live6.mar.tv/69ed74f31982cad6346efd89b1daaa0bef7a51ec32fc90e368b404bc9387d57f/24tw4/index.m3u8
2026-08-26 07:50:51,150 [INFO] Scraping trialeti...
2026-08-26 07:50:54,437 [INFO]  -> Success: https://live6.mar.tv/69ed74f31982cad6346efd89b1daaa0bef7a51ec32fc90e368b404bc9387d57f/trialleti/index.m3u8
2026-08-26 07:50:54,474 [INFO] Scraping dardimandi...
2026-08-26 07:50:57,778 [INFO]  -> Success: https://live5.mar.tv/69ed74f31982cad6346efd89b1daaa0bef7a51ec32fc90e368b404bc9387d57f/27/index.m3u8
2026-08-26 07:50:57,812 [INFO] Scraping agro...
2026-08-26 07:51:01,099 [INFO]  -> Success: https://live5.mar.tv/69ed74f31982cad6346efd89b1daaa0bef7a51ec32fc90e368b404bc9387d57f/28/index.m3u8
2026-08-26 07:51:01,132 [INFO] Scraping samefo...
2026-08-26 07:51:04,420 [INFO]  -> Success: https://live5.mar.tv/69ed74f31982cad6346efd89b1daaa0bef7a51ec32fc90e368b404bc9387d57f/29/index.m3u8
2026-08-26 07:51:04,455 [INFO] Scraping postv...
2026-08-26 07:51:07,742 [INFO]  -> Success: https://live6.mar.tv/69ed74f31982cad6346efd89b1daaa0bef7a51ec32fc90e368b404bc9387d57f/postvw/index.m3u8
2026-08-26 07:51:07,777 [INFO] Scraping megatv...
2026-08-26 07:51:11,060 [INFO]  -> Success: https://live4.mar.tv/69ed74f31982cad6346efd89b1daaa0bef7a51ec32fc90e368b404bc9387d57f/32st/index.m3u8
2026-08-26 07:51:11,092 [INFO] Scraping qartuliarxi...
2026-08-26 07:51:14,376 [INFO]  -> Success: https://live6.mar.tv/69ed74f31982cad6346efd89b1daaa0bef7a51ec32fc90e368b404bc9387d57f/qartuli/index.m3u8
2026-08-26 07:51:14,410 [INFO] Scraping musicbox...
2026-08-26 07:51:17,700 [INFO]  -> Success: https://live6.mar.tv/69ed74f31982cad6346efd89b1daaa0bef7a51ec32fc90e368b404bc9387d57f/34musge/index.m3u8
2026-08-26 07:51:17,734 [INFO] Scraping marneuli...
2026-08-26 07:51:21,019 [INFO]  -> Success: https://live6.mar.tv/69ed74f31982cad6346efd89b1daaa0bef7a51ec32fc90e368b404bc9387d57f/37marn/index.m3u8
2026-08-26 07:51:21,051 [INFO] Scraping axaliformula...
2026-08-26 07:51:24,340 [INFO]  -> Success: https://live6.mar.tv/69ed74f31982cad6346efd89b1daaa0bef7a51ec32fc90e368b404bc9387d57f/axaliformla/index.m3u8
2026-08-26 07:51:24,374 [INFO] Scraping o2...
2026-08-26 07:51:27,663 [INFO]  -> Success: https://live5.mar.tv/69ed74f31982cad6346efd89b1daaa0bef7a51ec32fc90e368b404bc9387d57f/40/index.m3u8
2026-08-26 07:51:27,696 [INFO] Scraping guria...
2026-08-26 07:51:30,990 [INFO]  -> Success: https://live5.mar.tv/69ed74f31982cad6346efd89b1daaa0bef7a51ec32fc90e368b404bc9387d57f/42/index.m3u8
2026-08-26 07:51:31,027 [INFO] Scraping imervizia...
2026-08-26 07:51:34,316 [INFO]  -> Success: https://live6.mar.tv/69ed74f31982cad6346efd89b1daaa0bef7a51ec32fc90e368b404bc9387d57f/imervizia/index.m3u8
2026-08-26 07:51:34,351 [INFO] Scraping diatv...
2026-08-26 07:51:37,642 [INFO]  -> Success: https://live4.mar.tv/69ed74f31982cad6346efd89b1daaa0bef7a51ec32fc90e368b404bc9387d57f/dia/index.m3u8
2026-08-26 07:51:37,676 [INFO] Scraping chveniarxi...
2026-08-26 07:51:40,965 [INFO]  -> Success: https://live3.mar.tv/69ed74f31982cad6346efd89b1daaa0bef7a51ec32fc90e368b404bc9387d57f/45rd/index.m3u8
2026-08-26 07:51:40,999 [INFO] Scraping batumitv...
2026-08-26 07:51:44,287 [INFO]  -> Success: https://live5.mar.tv/69ed74f31982cad6346efd89b1daaa0bef7a51ec32fc90e368b404bc9387d57f/46/index.m3u8
2026-08-26 07:51:44,324 [INFO] Scraping rcheuli...
2026-08-26 07:51:47,616 [INFO]  -> Success: https://live5.mar.tv/69ed74f31982cad6346efd89b1daaa0bef7a51ec32fc90e368b404bc9387d57f/47/index.m3u8
2026-08-26 07:51:47,650 [INFO] Scraping gurjaani...
2026-08-26 07:51:50,931 [INFO]  -> Success: https://live4.mar.tv/69ed74f31982cad6346efd89b1daaa0bef7a51ec32fc90e368b404bc9387d57f/48m/index.m3u8
2026-08-26 07:51:50,969 [INFO] Scraping molitv...
2026-08-26 07:51:54,254 [INFO]  -> Success: https://live6.mar.tv/69ed74f31982cad6346efd89b1daaa0bef7a51ec32fc90e368b404bc9387d57f/mollltv/index.m3u8
2026-08-26 07:51:54,302 [INFO] Scraping mexute...
2026-08-26 07:51:57,585 [INFO]  -> Success: https://live6.mar.tv/69ed74f31982cad6346efd89b1daaa0bef7a51ec32fc90e368b404bc9387d57f/50/index.m3u8
2026-08-26 07:51:57,617 [INFO] Scraping agrogaremo...
2026-08-26 07:52:00,902 [INFO]  -> Success: https://live6.mar.tv/69ed74f31982cad6346efd89b1daaa0bef7a51ec32fc90e368b404bc9387d57f/agrogaremo/index.m3u8
2026-08-26 07:52:00,935 [INFO] Scraping artv...
2026-08-26 07:52:04,221 [INFO]  -> Success: https://live6.mar.tv/69ed74f31982cad6346efd89b1daaa0bef7a51ec32fc90e368b404bc9387d57f/tafutv/index.m3u8
2026-08-26 07:52:04,254 [INFO] Scraping meteo24...
2026-08-26 07:52:07,538 [INFO]  -> Success: https://live5.mar.tv/69ed74f31982cad6346efd89b1daaa0bef7a51ec32fc90e368b404bc9387d57f/56/index.m3u8
2026-08-26 07:52:07,570 [INFO] Scraping georgiantimes...
2026-08-26 07:52:10,859 [INFO]  -> Success: https://live5.mar.tv/69ed74f31982cad6346efd89b1daaa0bef7a51ec32fc90e368b404bc9387d57f/57/index.m3u8
2026-08-26 07:52:10,894 [INFO] Scraping silkuniversal...
2026-08-26 07:52:14,180 [INFO]  -> Success: https://live2.mar.tv/69ed74f31982cad6346efd89b1daaa0bef7a51ec32fc90e368b404bc9387d57f/1arxiweb/index.m3u8
2026-08-26 07:52:14,217 [INFO] Scraping rugbytv...
2026-08-26 07:52:17,499 [INFO]  -> Success: https://live4.mar.tv/69ed74f31982cad6346efd89b1daaa0bef7a51ec32fc90e368b404bc9387d57f/160m/index.m3u8
2026-08-26 07:52:17,533 [INFO] Scraping gms...
2026-08-26 07:52:20,816 [INFO]  -> Success: https://live5.mar.tv/69ed74f31982cad6346efd89b1daaa0bef7a51ec32fc90e368b404bc9387d57f/161/index.m3u8
2026-08-26 07:52:20,850 [INFO] Scraping aiatv...
2026-08-26 07:52:24,136 [INFO]  -> Success: https://live6.mar.tv/69ed74f31982cad6346efd89b1daaa0bef7a51ec32fc90e368b404bc9387d57f/aia/index.m3u8
2026-08-26 07:52:24,168 [INFO] Scraping batumi2...
2026-08-26 07:52:27,451 [INFO]  -> Success: https://live6.mar.tv/69ed74f31982cad6346efd89b1daaa0bef7a51ec32fc90e368b404bc9387d57f/batumitv2/index.m3u8
2026-08-26 07:52:27,486 [INFO] Scraping altinfo...
2026-08-26 07:52:30,771 [INFO]  -> Success: https://live6.mar.tv/69ed74f31982cad6346efd89b1daaa0bef7a51ec32fc90e368b404bc9387d57f/altinfo/index.m3u8
2026-08-26 07:52:30,804 [INFO] Scraping parliament...
2026-08-26 07:52:34,094 [INFO]  -> Success: https://live6.mar.tv/69ed74f31982cad6346efd89b1daaa0bef7a51ec32fc90e368b404bc9387d57f/parlament/index.m3u8
2026-08-26 07:52:34,128 [INFO] Scraping egrisi...
2026-08-26 07:52:37,415 [INFO]  -> Success: https://live6.mar.tv/69ed74f31982cad6346efd89b1daaa0bef7a51ec32fc90e368b404bc9387d57f/egrisi/index.m3u8
2026-08-26 07:52:37,449 [INFO] Scraping mzetv...
2026-08-26 07:52:40,737 [INFO]  -> Success: https://live6.mar.tv/69ed74f31982cad6346efd89b1daaa0bef7a51ec32fc90e368b404bc9387d57f/mze/index.m3u8
2026-08-26 07:52:40,787 [WARNING] Failed to find tvg-id="rustavi2" in georgia_channels.m3u
2026-08-26 07:52:40,788 [WARNING] Failed to find tvg-id="maestro" in georgia_channels.m3u
2026-08-26 07:52:40,788 [WARNING] Failed to find tvg-id="marao" in georgia_channels.m3u
2026-08-26 07:52:40,788 [WARNING] Failed to find tvg-id="gds" in georgia_channels.m3u
2026-08-26 07:52:40,788 [WARNING] Failed to find tvg-id="comedy" in georgia_channels.m3u
2026-08-26 07:52:40,788 [WARNING] Failed to find tvg-id="bbb" in georgia_channels.m3u
2026-08-26 07:52:40,789 [WARNING] Failed to find tvg-id="enkibenki" in georgia_channels.m3u
2026-08-26 07:52:40,789 [WARNING] Failed to find tvg-id="adjaratv" in georgia_channels.m3u
2026-08-26 07:52:40,789 [WARNING] Failed to find tvg-id="rionitv" in georgia_channels.m3u
2026-08-26 07:52:40,789 [WARNING] Failed to find tvg-id="tv25" in georgia_channels.m3u
2026-08-26 07:52:40,789 [WARNING] Failed to find tvg-id="tv4rustavi" in georgia_channels.m3u
2026-08-26 07:52:40,790 [WARNING] Failed to find tvg-id="trialeti" in georgia_channels.m3u
2026-08-26 07:52:40,790 [WARNING] Failed to find tvg-id="dardimandi" in georgia_channels.m3u
2026-08-26 07:52:40,790 [WARNING] Failed to find tvg-id="agro" in georgia_channels.m3u
2026-08-26 07:52:40,790 [WARNING] Failed to find tvg-id="samefo" in georgia_channels.m3u
2026-08-26 07:52:40,790 [WARNING] Failed to find tvg-id="postv" in georgia_channels.m3u
2026-08-26 07:52:40,790 [WARNING] Failed to find tvg-id="megatv" in georgia_channels.m3u
2026-08-26 07:52:40,791 [WARNING] Failed to find tvg-id="qartuliarxi" in georgia_channels.m3u
2026-08-26 07:52:40,791 [WARNING] Failed to find tvg-id="musicbox" in georgia_channels.m3u
2026-08-26 07:52:40,791 [WARNING] Failed to find tvg-id="marneuli" in georgia_channels.m3u
2026-08-26 07:52:40,791 [WARNING] Failed to find tvg-id="axaliformula" in georgia_channels.m3u
2026-08-26 07:52:40,791 [WARNING] Failed to find tvg-id="o2" in georgia_channels.m3u
2026-08-26 07:52:40,792 [WARNING] Failed to find tvg-id="guria" in georgia_channels.m3u
2026-08-26 07:52:40,792 [WARNING] Failed to find tvg-id="imervizia" in georgia_channels.m3u
2026-08-26 07:52:40,792 [WARNING] Failed to find tvg-id="diatv" in georgia_channels.m3u
2026-08-26 07:52:40,792 [WARNING] Failed to find tvg-id="chveniarxi" in georgia_channels.m3u
2026-08-26 07:52:40,792 [WARNING] Failed to find tvg-id="batumitv" in georgia_channels.m3u
2026-08-26 07:52:40,792 [WARNING] Failed to find tvg-id="rcheuli" in georgia_channels.m3u
2026-08-26 07:52:40,792 [WARNING] Failed to find tvg-id="gurjaani" in georgia_channels.m3u
2026-08-26 07:52:40,793 [WARNING] Failed to find tvg-id="molitv" in georgia_channels.m3u
2026-08-26 07:52:40,793 [WARNING] Failed to find tvg-id="mexute" in georgia_channels.m3u
2026-08-26 07:52:40,793 [WARNING] Failed to find tvg-id="agrogaremo" in georgia_channels.m3u
2026-08-26 07:52:40,793 [WARNING] Failed to find tvg-id="artv" in georgia_channels.m3u
2026-08-26 07:52:40,793 [WARNING] Failed to find tvg-id="meteo24" in georgia_channels.m3u
2026-08-26 07:52:40,793 [WARNING] Failed to find tvg-id="georgiantimes" in georgia_channels.m3u
2026-08-26 07:52:40,794 [WARNING] Failed to find tvg-id="silkuniversal" in georgia_channels.m3u
2026-08-26 07:52:40,794 [WARNING] Failed to find tvg-id="rugbytv" in georgia_channels.m3u
2026-08-26 07:52:40,794 [WARNING] Failed to find tvg-id="gms" in georgia_channels.m3u
2026-08-26 07:52:40,794 [WARNING] Failed to find tvg-id="aiatv" in georgia_channels.m3u
2026-08-26 07:52:40,794 [WARNING] Failed to find tvg-id="batumi2" in georgia_channels.m3u
2026-08-26 07:52:40,794 [WARNING] Failed to find tvg-id="altinfo" in georgia_channels.m3u
2026-08-26 07:52:40,795 [WARNING] Failed to find tvg-id="parliament" in georgia_channels.m3u
2026-08-26 07:52:40,795 [WARNING] Failed to find tvg-id="egrisi" in georgia_channels.m3u
2026-08-26 07:52:40,795 [WARNING] Failed to find tvg-id="mzetv" in georgia_channels.m3u
2026-08-26 07:52:40,795 [INFO] No file changes were made.
2026-08-26 07:52:40,795 [INFO] === UPDATE EXECUTION FINISHED ===
