2026-08-22 21:24:47,121 [INFO] === UPDATE EXECUTION STARTED ===
2026-08-22 21:24:47,122 [INFO] Fetching Setanta Sports 3 from IPTV-ORG...
2026-08-22 21:24:47,173 [INFO] Launching batch scraper for 44 channels on tv.mar.tv...
2026-08-22 21:24:47,756 [INFO] Scraping rustavi2...
2026-08-22 21:24:52,691 [INFO]  -> Success: https://live8.mar.tv/1/4rd/index.m3u8
2026-08-22 21:24:52,726 [INFO] Scraping maestro...
2026-08-22 21:24:56,001 [INFO]  -> Success: https://live4.mar.tv/f4b46e89b07f7c062e5eb093d7064f8355504289ea5f3c00541fbf730e2c174a/352m/index.m3u8
2026-08-22 21:24:56,036 [INFO] Scraping marao...
2026-08-22 21:24:59,308 [INFO]  -> Success: https://live2.mar.tv/f4b46e89b07f7c062e5eb093d7064f8355504289ea5f3c00541fbf730e2c174a/12sd/index.m3u8
2026-08-22 21:24:59,344 [INFO] Scraping gds...
2026-08-22 21:25:02,621 [INFO]  -> Success: https://live1.mar.tv/f4b46e89b07f7c062e5eb093d7064f8355504289ea5f3c00541fbf730e2c174a/13sd/index.m3u8
2026-08-22 21:25:02,653 [INFO] Scraping comedy...
2026-08-22 21:25:05,926 [INFO]  -> Success: https://live4.mar.tv/f4b46e89b07f7c062e5eb093d7064f8355504289ea5f3c00541fbf730e2c174a/14rd/index.m3u8
2026-08-22 21:25:05,959 [INFO] Scraping bbb...
2026-08-22 21:25:09,230 [INFO]  -> Success: https://live2.mar.tv/f4b46e89b07f7c062e5eb093d7064f8355504289ea5f3c00541fbf730e2c174a/16sd/index.m3u8
2026-08-22 21:25:09,265 [INFO] Scraping enkibenki...
2026-08-22 21:25:12,537 [INFO]  -> Success: https://live2.mar.tv/f4b46e89b07f7c062e5eb093d7064f8355504289ea5f3c00541fbf730e2c174a/17e/index.m3u8
2026-08-22 21:25:12,571 [INFO] Scraping adjaratv...
2026-08-22 21:25:15,848 [INFO]  -> Success: https://live2.mar.tv/f4b46e89b07f7c062e5eb093d7064f8355504289ea5f3c00541fbf730e2c174a/19rd/index.m3u8
2026-08-22 21:25:15,883 [INFO] Scraping rionitv...
2026-08-22 21:25:19,155 [INFO]  -> Success: https://live6.mar.tv/f4b46e89b07f7c062e5eb093d7064f8355504289ea5f3c00541fbf730e2c174a/20rionn/index.m3u8
2026-08-22 21:25:19,189 [INFO] Scraping tv25...
2026-08-22 21:25:22,459 [INFO]  -> Success: https://live6.mar.tv/f4b46e89b07f7c062e5eb093d7064f8355504289ea5f3c00541fbf730e2c174a/23tv25/index.m3u8
2026-08-22 21:25:22,494 [INFO] Scraping tv4rustavi...
2026-08-22 21:25:25,769 [INFO]  -> Success: https://live6.mar.tv/f4b46e89b07f7c062e5eb093d7064f8355504289ea5f3c00541fbf730e2c174a/24tw4/index.m3u8
2026-08-22 21:25:25,801 [INFO] Scraping trialeti...
2026-08-22 21:25:29,073 [INFO]  -> Success: https://live6.mar.tv/f4b46e89b07f7c062e5eb093d7064f8355504289ea5f3c00541fbf730e2c174a/trialleti/index.m3u8
2026-08-22 21:25:29,105 [INFO] Scraping dardimandi...
2026-08-22 21:25:32,380 [INFO]  -> Success: https://live5.mar.tv/f4b46e89b07f7c062e5eb093d7064f8355504289ea5f3c00541fbf730e2c174a/27/index.m3u8
2026-08-22 21:25:32,412 [INFO] Scraping agro...
2026-08-22 21:25:35,688 [INFO]  -> Success: https://live5.mar.tv/f4b46e89b07f7c062e5eb093d7064f8355504289ea5f3c00541fbf730e2c174a/28/index.m3u8
2026-08-22 21:25:35,721 [INFO] Scraping samefo...
2026-08-22 21:25:38,996 [INFO]  -> Success: https://live5.mar.tv/f4b46e89b07f7c062e5eb093d7064f8355504289ea5f3c00541fbf730e2c174a/29/index.m3u8
2026-08-22 21:25:39,028 [INFO] Scraping postv...
2026-08-22 21:25:42,300 [INFO]  -> Success: https://live6.mar.tv/f4b46e89b07f7c062e5eb093d7064f8355504289ea5f3c00541fbf730e2c174a/postvw/index.m3u8
2026-08-22 21:25:42,332 [INFO] Scraping megatv...
2026-08-22 21:25:45,603 [INFO]  -> Success: https://live4.mar.tv/f4b46e89b07f7c062e5eb093d7064f8355504289ea5f3c00541fbf730e2c174a/32st/index.m3u8
2026-08-22 21:25:45,635 [INFO] Scraping qartuliarxi...
2026-08-22 21:25:48,905 [INFO]  -> Success: https://live6.mar.tv/f4b46e89b07f7c062e5eb093d7064f8355504289ea5f3c00541fbf730e2c174a/qartuli/index.m3u8
2026-08-22 21:25:48,936 [INFO] Scraping musicbox...
2026-08-22 21:25:52,211 [INFO]  -> Success: https://live6.mar.tv/f4b46e89b07f7c062e5eb093d7064f8355504289ea5f3c00541fbf730e2c174a/34musge/index.m3u8
2026-08-22 21:25:52,245 [INFO] Scraping marneuli...
2026-08-22 21:25:55,518 [INFO]  -> Success: https://live6.mar.tv/f4b46e89b07f7c062e5eb093d7064f8355504289ea5f3c00541fbf730e2c174a/37marn/index.m3u8
2026-08-22 21:25:55,552 [INFO] Scraping axaliformula...
2026-08-22 21:25:58,824 [INFO]  -> Success: https://live6.mar.tv/f4b46e89b07f7c062e5eb093d7064f8355504289ea5f3c00541fbf730e2c174a/axaliformla/index.m3u8
2026-08-22 21:25:58,858 [INFO] Scraping o2...
2026-08-22 21:26:02,129 [INFO]  -> Success: https://live5.mar.tv/f4b46e89b07f7c062e5eb093d7064f8355504289ea5f3c00541fbf730e2c174a/40/index.m3u8
2026-08-22 21:26:02,160 [INFO] Scraping guria...
2026-08-22 21:26:05,436 [INFO]  -> Success: https://live5.mar.tv/f4b46e89b07f7c062e5eb093d7064f8355504289ea5f3c00541fbf730e2c174a/42/index.m3u8
2026-08-22 21:26:05,470 [INFO] Scraping imervizia...
2026-08-22 21:26:08,741 [INFO]  -> Success: https://live6.mar.tv/f4b46e89b07f7c062e5eb093d7064f8355504289ea5f3c00541fbf730e2c174a/imervizia/index.m3u8
2026-08-22 21:26:08,775 [INFO] Scraping diatv...
2026-08-22 21:26:12,046 [INFO]  -> Success: https://live4.mar.tv/f4b46e89b07f7c062e5eb093d7064f8355504289ea5f3c00541fbf730e2c174a/dia/index.m3u8
2026-08-22 21:26:12,082 [INFO] Scraping chveniarxi...
2026-08-22 21:26:15,356 [INFO]  -> Success: https://live3.mar.tv/f4b46e89b07f7c062e5eb093d7064f8355504289ea5f3c00541fbf730e2c174a/45rd/index.m3u8
2026-08-22 21:26:15,389 [INFO] Scraping batumitv...
2026-08-22 21:26:18,666 [INFO]  -> Success: https://live5.mar.tv/f4b46e89b07f7c062e5eb093d7064f8355504289ea5f3c00541fbf730e2c174a/46/index.m3u8
2026-08-22 21:26:18,698 [INFO] Scraping rcheuli...
2026-08-22 21:26:21,970 [INFO]  -> Success: https://live5.mar.tv/f4b46e89b07f7c062e5eb093d7064f8355504289ea5f3c00541fbf730e2c174a/47/index.m3u8
2026-08-22 21:26:22,005 [INFO] Scraping gurjaani...
2026-08-22 21:26:25,277 [INFO]  -> Success: https://live4.mar.tv/f4b46e89b07f7c062e5eb093d7064f8355504289ea5f3c00541fbf730e2c174a/48m/index.m3u8
2026-08-22 21:26:25,311 [INFO] Scraping molitv...
2026-08-22 21:26:28,580 [INFO]  -> Success: https://live6.mar.tv/f4b46e89b07f7c062e5eb093d7064f8355504289ea5f3c00541fbf730e2c174a/mollltv/index.m3u8
2026-08-22 21:26:28,615 [INFO] Scraping mexute...
2026-08-22 21:26:31,883 [INFO]  -> Success: https://live6.mar.tv/f4b46e89b07f7c062e5eb093d7064f8355504289ea5f3c00541fbf730e2c174a/50/index.m3u8
2026-08-22 21:26:31,916 [INFO] Scraping agrogaremo...
2026-08-22 21:26:35,187 [INFO]  -> Success: https://live6.mar.tv/f4b46e89b07f7c062e5eb093d7064f8355504289ea5f3c00541fbf730e2c174a/agrogaremo/index.m3u8
2026-08-22 21:26:35,221 [INFO] Scraping artv...
2026-08-22 21:26:38,497 [INFO]  -> Success: https://live6.mar.tv/f4b46e89b07f7c062e5eb093d7064f8355504289ea5f3c00541fbf730e2c174a/tafutv/index.m3u8
2026-08-22 21:26:38,531 [INFO] Scraping meteo24...
2026-08-22 21:26:41,803 [INFO]  -> Success: https://live5.mar.tv/f4b46e89b07f7c062e5eb093d7064f8355504289ea5f3c00541fbf730e2c174a/56/index.m3u8
2026-08-22 21:26:41,836 [INFO] Scraping georgiantimes...
2026-08-22 21:26:45,111 [INFO]  -> Success: https://live5.mar.tv/f4b46e89b07f7c062e5eb093d7064f8355504289ea5f3c00541fbf730e2c174a/57/index.m3u8
2026-08-22 21:26:45,144 [INFO] Scraping silkuniversal...
2026-08-22 21:26:48,417 [INFO]  -> Success: https://live2.mar.tv/f4b46e89b07f7c062e5eb093d7064f8355504289ea5f3c00541fbf730e2c174a/1arxiweb/index.m3u8
2026-08-22 21:26:48,453 [INFO] Scraping rugbytv...
2026-08-22 21:26:51,729 [INFO]  -> Success: https://live4.mar.tv/f4b46e89b07f7c062e5eb093d7064f8355504289ea5f3c00541fbf730e2c174a/160m/index.m3u8
2026-08-22 21:26:51,762 [INFO] Scraping gms...
2026-08-22 21:26:55,036 [INFO]  -> Success: https://live5.mar.tv/f4b46e89b07f7c062e5eb093d7064f8355504289ea5f3c00541fbf730e2c174a/161/index.m3u8
2026-08-22 21:26:55,068 [INFO] Scraping aiatv...
2026-08-22 21:26:58,342 [INFO]  -> Success: https://live6.mar.tv/f4b46e89b07f7c062e5eb093d7064f8355504289ea5f3c00541fbf730e2c174a/aia/index.m3u8
2026-08-22 21:26:58,374 [INFO] Scraping batumi2...
2026-08-22 21:27:01,649 [INFO]  -> Success: https://live6.mar.tv/f4b46e89b07f7c062e5eb093d7064f8355504289ea5f3c00541fbf730e2c174a/batumitv2/index.m3u8
2026-08-22 21:27:01,681 [INFO] Scraping altinfo...
2026-08-22 21:27:04,953 [INFO]  -> Success: https://live6.mar.tv/f4b46e89b07f7c062e5eb093d7064f8355504289ea5f3c00541fbf730e2c174a/altinfo/index.m3u8
2026-08-22 21:27:04,988 [INFO] Scraping parliament...
2026-08-22 21:27:08,260 [INFO]  -> Success: https://live6.mar.tv/f4b46e89b07f7c062e5eb093d7064f8355504289ea5f3c00541fbf730e2c174a/parlament/index.m3u8
2026-08-22 21:27:08,295 [INFO] Scraping egrisi...
2026-08-22 21:27:11,568 [INFO]  -> Success: https://live6.mar.tv/f4b46e89b07f7c062e5eb093d7064f8355504289ea5f3c00541fbf730e2c174a/egrisi/index.m3u8
2026-08-22 21:27:11,602 [INFO] Scraping mzetv...
2026-08-22 21:27:14,870 [INFO]  -> Success: https://live6.mar.tv/f4b46e89b07f7c062e5eb093d7064f8355504289ea5f3c00541fbf730e2c174a/mze/index.m3u8
2026-08-22 21:27:14,922 [WARNING] Failed to find tvg-id="rustavi2" in georgia_channels.m3u
2026-08-22 21:27:14,922 [WARNING] Failed to find tvg-id="maestro" in georgia_channels.m3u
2026-08-22 21:27:14,922 [WARNING] Failed to find tvg-id="marao" in georgia_channels.m3u
2026-08-22 21:27:14,923 [WARNING] Failed to find tvg-id="gds" in georgia_channels.m3u
2026-08-22 21:27:14,923 [WARNING] Failed to find tvg-id="comedy" in georgia_channels.m3u
2026-08-22 21:27:14,923 [WARNING] Failed to find tvg-id="bbb" in georgia_channels.m3u
2026-08-22 21:27:14,923 [WARNING] Failed to find tvg-id="enkibenki" in georgia_channels.m3u
2026-08-22 21:27:14,923 [WARNING] Failed to find tvg-id="adjaratv" in georgia_channels.m3u
2026-08-22 21:27:14,924 [WARNING] Failed to find tvg-id="rionitv" in georgia_channels.m3u
2026-08-22 21:27:14,924 [WARNING] Failed to find tvg-id="tv25" in georgia_channels.m3u
2026-08-22 21:27:14,924 [WARNING] Failed to find tvg-id="tv4rustavi" in georgia_channels.m3u
2026-08-22 21:27:14,924 [WARNING] Failed to find tvg-id="trialeti" in georgia_channels.m3u
2026-08-22 21:27:14,924 [WARNING] Failed to find tvg-id="dardimandi" in georgia_channels.m3u
2026-08-22 21:27:14,925 [WARNING] Failed to find tvg-id="agro" in georgia_channels.m3u
2026-08-22 21:27:14,925 [WARNING] Failed to find tvg-id="samefo" in georgia_channels.m3u
2026-08-22 21:27:14,925 [WARNING] Failed to find tvg-id="postv" in georgia_channels.m3u
2026-08-22 21:27:14,925 [WARNING] Failed to find tvg-id="megatv" in georgia_channels.m3u
2026-08-22 21:27:14,925 [WARNING] Failed to find tvg-id="qartuliarxi" in georgia_channels.m3u
2026-08-22 21:27:14,926 [WARNING] Failed to find tvg-id="musicbox" in georgia_channels.m3u
2026-08-22 21:27:14,926 [WARNING] Failed to find tvg-id="marneuli" in georgia_channels.m3u
2026-08-22 21:27:14,926 [WARNING] Failed to find tvg-id="axaliformula" in georgia_channels.m3u
2026-08-22 21:27:14,926 [WARNING] Failed to find tvg-id="o2" in georgia_channels.m3u
2026-08-22 21:27:14,926 [WARNING] Failed to find tvg-id="guria" in georgia_channels.m3u
2026-08-22 21:27:14,927 [WARNING] Failed to find tvg-id="imervizia" in georgia_channels.m3u
2026-08-22 21:27:14,927 [WARNING] Failed to find tvg-id="diatv" in georgia_channels.m3u
2026-08-22 21:27:14,927 [WARNING] Failed to find tvg-id="chveniarxi" in georgia_channels.m3u
2026-08-22 21:27:14,927 [WARNING] Failed to find tvg-id="batumitv" in georgia_channels.m3u
2026-08-22 21:27:14,927 [WARNING] Failed to find tvg-id="rcheuli" in georgia_channels.m3u
2026-08-22 21:27:14,928 [WARNING] Failed to find tvg-id="gurjaani" in georgia_channels.m3u
2026-08-22 21:27:14,928 [WARNING] Failed to find tvg-id="molitv" in georgia_channels.m3u
2026-08-22 21:27:14,928 [WARNING] Failed to find tvg-id="mexute" in georgia_channels.m3u
2026-08-22 21:27:14,928 [WARNING] Failed to find tvg-id="agrogaremo" in georgia_channels.m3u
2026-08-22 21:27:14,928 [WARNING] Failed to find tvg-id="artv" in georgia_channels.m3u
2026-08-22 21:27:14,929 [WARNING] Failed to find tvg-id="meteo24" in georgia_channels.m3u
2026-08-22 21:27:14,929 [WARNING] Failed to find tvg-id="georgiantimes" in georgia_channels.m3u
2026-08-22 21:27:14,929 [WARNING] Failed to find tvg-id="silkuniversal" in georgia_channels.m3u
2026-08-22 21:27:14,929 [WARNING] Failed to find tvg-id="rugbytv" in georgia_channels.m3u
2026-08-22 21:27:14,929 [WARNING] Failed to find tvg-id="gms" in georgia_channels.m3u
2026-08-22 21:27:14,930 [WARNING] Failed to find tvg-id="aiatv" in georgia_channels.m3u
2026-08-22 21:27:14,930 [WARNING] Failed to find tvg-id="batumi2" in georgia_channels.m3u
2026-08-22 21:27:14,930 [WARNING] Failed to find tvg-id="altinfo" in georgia_channels.m3u
2026-08-22 21:27:14,930 [WARNING] Failed to find tvg-id="parliament" in georgia_channels.m3u
2026-08-22 21:27:14,930 [WARNING] Failed to find tvg-id="egrisi" in georgia_channels.m3u
2026-08-22 21:27:14,931 [WARNING] Failed to find tvg-id="mzetv" in georgia_channels.m3u
2026-08-22 21:27:14,931 [INFO] No file changes were made.
2026-08-22 21:27:14,931 [INFO] === UPDATE EXECUTION FINISHED ===
