2026-08-23 05:32:37,806 [INFO] === UPDATE EXECUTION STARTED ===
2026-08-23 05:32:37,806 [INFO] Fetching Setanta Sports 3 from IPTV-ORG...
2026-08-23 05:32:37,867 [INFO] Launching batch scraper for 44 channels on tv.mar.tv...
2026-08-23 05:32:40,237 [INFO] Scraping rustavi2...
2026-08-23 05:32:45,335 [INFO]  -> Success: https://live8.mar.tv/1/4rd/index.m3u8
2026-08-23 05:32:45,365 [INFO] Scraping maestro...
2026-08-23 05:32:48,620 [INFO]  -> Success: https://live4.mar.tv/55595ad9c3d15a78e723cbf71d3f57e7cdb9cf1b10dabb3ccdcb0eec83a3e0fd/352m/index.m3u8
2026-08-23 05:32:48,648 [INFO] Scraping marao...
2026-08-23 05:32:51,907 [INFO]  -> Success: https://live2.mar.tv/55595ad9c3d15a78e723cbf71d3f57e7cdb9cf1b10dabb3ccdcb0eec83a3e0fd/12sd/index.m3u8
2026-08-23 05:32:51,937 [INFO] Scraping gds...
2026-08-23 05:32:55,191 [INFO]  -> Success: https://live1.mar.tv/55595ad9c3d15a78e723cbf71d3f57e7cdb9cf1b10dabb3ccdcb0eec83a3e0fd/13sd/index.m3u8
2026-08-23 05:32:55,220 [INFO] Scraping comedy...
2026-08-23 05:32:58,475 [INFO]  -> Success: https://live4.mar.tv/55595ad9c3d15a78e723cbf71d3f57e7cdb9cf1b10dabb3ccdcb0eec83a3e0fd/14rd/index.m3u8
2026-08-23 05:32:58,505 [INFO] Scraping bbb...
2026-08-23 05:33:01,759 [INFO]  -> Success: https://live2.mar.tv/55595ad9c3d15a78e723cbf71d3f57e7cdb9cf1b10dabb3ccdcb0eec83a3e0fd/16sd/index.m3u8
2026-08-23 05:33:01,788 [INFO] Scraping enkibenki...
2026-08-23 05:33:05,041 [INFO]  -> Success: https://live2.mar.tv/55595ad9c3d15a78e723cbf71d3f57e7cdb9cf1b10dabb3ccdcb0eec83a3e0fd/17e/index.m3u8
2026-08-23 05:33:05,071 [INFO] Scraping adjaratv...
2026-08-23 05:33:08,323 [INFO]  -> Success: https://live2.mar.tv/55595ad9c3d15a78e723cbf71d3f57e7cdb9cf1b10dabb3ccdcb0eec83a3e0fd/19rd/index.m3u8
2026-08-23 05:33:08,351 [INFO] Scraping rionitv...
2026-08-23 05:33:11,604 [INFO]  -> Success: https://live6.mar.tv/55595ad9c3d15a78e723cbf71d3f57e7cdb9cf1b10dabb3ccdcb0eec83a3e0fd/20rionn/index.m3u8
2026-08-23 05:33:11,638 [INFO] Scraping tv25...
2026-08-23 05:33:14,894 [INFO]  -> Success: https://live6.mar.tv/55595ad9c3d15a78e723cbf71d3f57e7cdb9cf1b10dabb3ccdcb0eec83a3e0fd/23tv25/index.m3u8
2026-08-23 05:33:14,922 [INFO] Scraping tv4rustavi...
2026-08-23 05:33:18,178 [INFO]  -> Success: https://live6.mar.tv/55595ad9c3d15a78e723cbf71d3f57e7cdb9cf1b10dabb3ccdcb0eec83a3e0fd/24tw4/index.m3u8
2026-08-23 05:33:18,206 [INFO] Scraping trialeti...
2026-08-23 05:33:21,458 [INFO]  -> Success: https://live6.mar.tv/55595ad9c3d15a78e723cbf71d3f57e7cdb9cf1b10dabb3ccdcb0eec83a3e0fd/trialleti/index.m3u8
2026-08-23 05:33:21,490 [INFO] Scraping dardimandi...
2026-08-23 05:33:24,755 [INFO]  -> Success: https://live5.mar.tv/55595ad9c3d15a78e723cbf71d3f57e7cdb9cf1b10dabb3ccdcb0eec83a3e0fd/27/index.m3u8
2026-08-23 05:33:24,786 [INFO] Scraping agro...
2026-08-23 05:33:28,042 [INFO]  -> Success: https://live5.mar.tv/55595ad9c3d15a78e723cbf71d3f57e7cdb9cf1b10dabb3ccdcb0eec83a3e0fd/28/index.m3u8
2026-08-23 05:33:28,069 [INFO] Scraping samefo...
2026-08-23 05:33:31,325 [INFO]  -> Success: https://live5.mar.tv/55595ad9c3d15a78e723cbf71d3f57e7cdb9cf1b10dabb3ccdcb0eec83a3e0fd/29/index.m3u8
2026-08-23 05:33:31,355 [INFO] Scraping postv...
2026-08-23 05:33:34,609 [INFO]  -> Success: https://live6.mar.tv/55595ad9c3d15a78e723cbf71d3f57e7cdb9cf1b10dabb3ccdcb0eec83a3e0fd/postvw/index.m3u8
2026-08-23 05:33:34,636 [INFO] Scraping megatv...
2026-08-23 05:33:37,893 [INFO]  -> Success: https://live4.mar.tv/55595ad9c3d15a78e723cbf71d3f57e7cdb9cf1b10dabb3ccdcb0eec83a3e0fd/32st/index.m3u8
2026-08-23 05:33:37,921 [INFO] Scraping qartuliarxi...
2026-08-23 05:33:41,172 [INFO]  -> Success: https://live6.mar.tv/55595ad9c3d15a78e723cbf71d3f57e7cdb9cf1b10dabb3ccdcb0eec83a3e0fd/qartuli/index.m3u8
2026-08-23 05:33:41,200 [INFO] Scraping musicbox...
2026-08-23 05:33:44,455 [INFO]  -> Success: https://live6.mar.tv/55595ad9c3d15a78e723cbf71d3f57e7cdb9cf1b10dabb3ccdcb0eec83a3e0fd/34musge/index.m3u8
2026-08-23 05:33:44,482 [INFO] Scraping marneuli...
2026-08-23 05:33:47,734 [INFO]  -> Success: https://live6.mar.tv/55595ad9c3d15a78e723cbf71d3f57e7cdb9cf1b10dabb3ccdcb0eec83a3e0fd/37marn/index.m3u8
2026-08-23 05:33:47,762 [INFO] Scraping axaliformula...
2026-08-23 05:33:51,014 [INFO]  -> Success: https://live6.mar.tv/55595ad9c3d15a78e723cbf71d3f57e7cdb9cf1b10dabb3ccdcb0eec83a3e0fd/axaliformla/index.m3u8
2026-08-23 05:33:51,042 [INFO] Scraping o2...
2026-08-23 05:33:54,300 [INFO]  -> Success: https://live5.mar.tv/55595ad9c3d15a78e723cbf71d3f57e7cdb9cf1b10dabb3ccdcb0eec83a3e0fd/40/index.m3u8
2026-08-23 05:33:54,328 [INFO] Scraping guria...
2026-08-23 05:33:57,578 [INFO]  -> Success: https://live5.mar.tv/55595ad9c3d15a78e723cbf71d3f57e7cdb9cf1b10dabb3ccdcb0eec83a3e0fd/42/index.m3u8
2026-08-23 05:33:57,607 [INFO] Scraping imervizia...
2026-08-23 05:34:00,860 [INFO]  -> Success: https://live6.mar.tv/55595ad9c3d15a78e723cbf71d3f57e7cdb9cf1b10dabb3ccdcb0eec83a3e0fd/imervizia/index.m3u8
2026-08-23 05:34:00,889 [INFO] Scraping diatv...
2026-08-23 05:34:04,141 [INFO]  -> Success: https://live4.mar.tv/55595ad9c3d15a78e723cbf71d3f57e7cdb9cf1b10dabb3ccdcb0eec83a3e0fd/dia/index.m3u8
2026-08-23 05:34:04,168 [INFO] Scraping chveniarxi...
2026-08-23 05:34:07,417 [INFO]  -> Success: https://live3.mar.tv/55595ad9c3d15a78e723cbf71d3f57e7cdb9cf1b10dabb3ccdcb0eec83a3e0fd/45rd/index.m3u8
2026-08-23 05:34:07,448 [INFO] Scraping batumitv...
2026-08-23 05:34:10,700 [INFO]  -> Success: https://live5.mar.tv/55595ad9c3d15a78e723cbf71d3f57e7cdb9cf1b10dabb3ccdcb0eec83a3e0fd/46/index.m3u8
2026-08-23 05:34:10,728 [INFO] Scraping rcheuli...
2026-08-23 05:34:13,980 [INFO]  -> Success: https://live5.mar.tv/55595ad9c3d15a78e723cbf71d3f57e7cdb9cf1b10dabb3ccdcb0eec83a3e0fd/47/index.m3u8
2026-08-23 05:34:14,006 [INFO] Scraping gurjaani...
2026-08-23 05:34:17,260 [INFO]  -> Success: https://live4.mar.tv/55595ad9c3d15a78e723cbf71d3f57e7cdb9cf1b10dabb3ccdcb0eec83a3e0fd/48m/index.m3u8
2026-08-23 05:34:17,287 [INFO] Scraping molitv...
2026-08-23 05:34:20,539 [INFO]  -> Success: https://live6.mar.tv/55595ad9c3d15a78e723cbf71d3f57e7cdb9cf1b10dabb3ccdcb0eec83a3e0fd/mollltv/index.m3u8
2026-08-23 05:34:20,568 [INFO] Scraping mexute...
2026-08-23 05:34:23,818 [INFO]  -> Success: https://live6.mar.tv/55595ad9c3d15a78e723cbf71d3f57e7cdb9cf1b10dabb3ccdcb0eec83a3e0fd/50/index.m3u8
2026-08-23 05:34:23,846 [INFO] Scraping agrogaremo...
2026-08-23 05:34:27,103 [INFO]  -> Success: https://live6.mar.tv/55595ad9c3d15a78e723cbf71d3f57e7cdb9cf1b10dabb3ccdcb0eec83a3e0fd/agrogaremo/index.m3u8
2026-08-23 05:34:27,132 [INFO] Scraping artv...
2026-08-23 05:34:30,386 [INFO]  -> Success: https://live6.mar.tv/55595ad9c3d15a78e723cbf71d3f57e7cdb9cf1b10dabb3ccdcb0eec83a3e0fd/tafutv/index.m3u8
2026-08-23 05:34:30,414 [INFO] Scraping meteo24...
2026-08-23 05:34:33,666 [INFO]  -> Success: https://live5.mar.tv/55595ad9c3d15a78e723cbf71d3f57e7cdb9cf1b10dabb3ccdcb0eec83a3e0fd/56/index.m3u8
2026-08-23 05:34:33,696 [INFO] Scraping georgiantimes...
2026-08-23 05:34:36,972 [INFO]  -> Success: https://live5.mar.tv/55595ad9c3d15a78e723cbf71d3f57e7cdb9cf1b10dabb3ccdcb0eec83a3e0fd/57/index.m3u8
2026-08-23 05:34:36,999 [INFO] Scraping silkuniversal...
2026-08-23 05:34:40,248 [INFO]  -> Success: https://live2.mar.tv/55595ad9c3d15a78e723cbf71d3f57e7cdb9cf1b10dabb3ccdcb0eec83a3e0fd/1arxiweb/index.m3u8
2026-08-23 05:34:40,278 [INFO] Scraping rugbytv...
2026-08-23 05:34:43,534 [INFO]  -> Success: https://live4.mar.tv/55595ad9c3d15a78e723cbf71d3f57e7cdb9cf1b10dabb3ccdcb0eec83a3e0fd/160m/index.m3u8
2026-08-23 05:34:43,561 [INFO] Scraping gms...
2026-08-23 05:34:46,811 [INFO]  -> Success: https://live5.mar.tv/55595ad9c3d15a78e723cbf71d3f57e7cdb9cf1b10dabb3ccdcb0eec83a3e0fd/161/index.m3u8
2026-08-23 05:34:46,841 [INFO] Scraping aiatv...
2026-08-23 05:34:50,094 [INFO]  -> Success: https://live6.mar.tv/55595ad9c3d15a78e723cbf71d3f57e7cdb9cf1b10dabb3ccdcb0eec83a3e0fd/aia/index.m3u8
2026-08-23 05:34:50,120 [INFO] Scraping batumi2...
2026-08-23 05:34:53,371 [INFO]  -> Success: https://live6.mar.tv/55595ad9c3d15a78e723cbf71d3f57e7cdb9cf1b10dabb3ccdcb0eec83a3e0fd/batumitv2/index.m3u8
2026-08-23 05:34:53,399 [INFO] Scraping altinfo...
2026-08-23 05:34:56,651 [INFO]  -> Success: https://live6.mar.tv/55595ad9c3d15a78e723cbf71d3f57e7cdb9cf1b10dabb3ccdcb0eec83a3e0fd/altinfo/index.m3u8
2026-08-23 05:34:56,678 [INFO] Scraping parliament...
2026-08-23 05:34:59,928 [INFO]  -> Success: https://live6.mar.tv/55595ad9c3d15a78e723cbf71d3f57e7cdb9cf1b10dabb3ccdcb0eec83a3e0fd/parlament/index.m3u8
2026-08-23 05:34:59,958 [INFO] Scraping egrisi...
2026-08-23 05:35:03,213 [INFO]  -> Success: https://live6.mar.tv/55595ad9c3d15a78e723cbf71d3f57e7cdb9cf1b10dabb3ccdcb0eec83a3e0fd/egrisi/index.m3u8
2026-08-23 05:35:03,242 [INFO] Scraping mzetv...
2026-08-23 05:35:06,493 [INFO]  -> Success: https://live6.mar.tv/55595ad9c3d15a78e723cbf71d3f57e7cdb9cf1b10dabb3ccdcb0eec83a3e0fd/mze/index.m3u8
2026-08-23 05:35:06,536 [WARNING] Failed to find tvg-id="rustavi2" in georgia_channels.m3u
2026-08-23 05:35:06,536 [WARNING] Failed to find tvg-id="maestro" in georgia_channels.m3u
2026-08-23 05:35:06,536 [WARNING] Failed to find tvg-id="marao" in georgia_channels.m3u
2026-08-23 05:35:06,536 [WARNING] Failed to find tvg-id="gds" in georgia_channels.m3u
2026-08-23 05:35:06,537 [WARNING] Failed to find tvg-id="comedy" in georgia_channels.m3u
2026-08-23 05:35:06,537 [WARNING] Failed to find tvg-id="bbb" in georgia_channels.m3u
2026-08-23 05:35:06,537 [WARNING] Failed to find tvg-id="enkibenki" in georgia_channels.m3u
2026-08-23 05:35:06,537 [WARNING] Failed to find tvg-id="adjaratv" in georgia_channels.m3u
2026-08-23 05:35:06,537 [WARNING] Failed to find tvg-id="rionitv" in georgia_channels.m3u
2026-08-23 05:35:06,537 [WARNING] Failed to find tvg-id="tv25" in georgia_channels.m3u
2026-08-23 05:35:06,537 [WARNING] Failed to find tvg-id="tv4rustavi" in georgia_channels.m3u
2026-08-23 05:35:06,537 [WARNING] Failed to find tvg-id="trialeti" in georgia_channels.m3u
2026-08-23 05:35:06,538 [WARNING] Failed to find tvg-id="dardimandi" in georgia_channels.m3u
2026-08-23 05:35:06,538 [WARNING] Failed to find tvg-id="agro" in georgia_channels.m3u
2026-08-23 05:35:06,538 [WARNING] Failed to find tvg-id="samefo" in georgia_channels.m3u
2026-08-23 05:35:06,538 [WARNING] Failed to find tvg-id="postv" in georgia_channels.m3u
2026-08-23 05:35:06,538 [WARNING] Failed to find tvg-id="megatv" in georgia_channels.m3u
2026-08-23 05:35:06,538 [WARNING] Failed to find tvg-id="qartuliarxi" in georgia_channels.m3u
2026-08-23 05:35:06,538 [WARNING] Failed to find tvg-id="musicbox" in georgia_channels.m3u
2026-08-23 05:35:06,538 [WARNING] Failed to find tvg-id="marneuli" in georgia_channels.m3u
2026-08-23 05:35:06,539 [WARNING] Failed to find tvg-id="axaliformula" in georgia_channels.m3u
2026-08-23 05:35:06,539 [WARNING] Failed to find tvg-id="o2" in georgia_channels.m3u
2026-08-23 05:35:06,539 [WARNING] Failed to find tvg-id="guria" in georgia_channels.m3u
2026-08-23 05:35:06,539 [WARNING] Failed to find tvg-id="imervizia" in georgia_channels.m3u
2026-08-23 05:35:06,539 [WARNING] Failed to find tvg-id="diatv" in georgia_channels.m3u
2026-08-23 05:35:06,539 [WARNING] Failed to find tvg-id="chveniarxi" in georgia_channels.m3u
2026-08-23 05:35:06,539 [WARNING] Failed to find tvg-id="batumitv" in georgia_channels.m3u
2026-08-23 05:35:06,539 [WARNING] Failed to find tvg-id="rcheuli" in georgia_channels.m3u
2026-08-23 05:35:06,539 [WARNING] Failed to find tvg-id="gurjaani" in georgia_channels.m3u
2026-08-23 05:35:06,540 [WARNING] Failed to find tvg-id="molitv" in georgia_channels.m3u
2026-08-23 05:35:06,540 [WARNING] Failed to find tvg-id="mexute" in georgia_channels.m3u
2026-08-23 05:35:06,540 [WARNING] Failed to find tvg-id="agrogaremo" in georgia_channels.m3u
2026-08-23 05:35:06,540 [WARNING] Failed to find tvg-id="artv" in georgia_channels.m3u
2026-08-23 05:35:06,540 [WARNING] Failed to find tvg-id="meteo24" in georgia_channels.m3u
2026-08-23 05:35:06,540 [WARNING] Failed to find tvg-id="georgiantimes" in georgia_channels.m3u
2026-08-23 05:35:06,540 [WARNING] Failed to find tvg-id="silkuniversal" in georgia_channels.m3u
2026-08-23 05:35:06,540 [WARNING] Failed to find tvg-id="rugbytv" in georgia_channels.m3u
2026-08-23 05:35:06,541 [WARNING] Failed to find tvg-id="gms" in georgia_channels.m3u
2026-08-23 05:35:06,541 [WARNING] Failed to find tvg-id="aiatv" in georgia_channels.m3u
2026-08-23 05:35:06,541 [WARNING] Failed to find tvg-id="batumi2" in georgia_channels.m3u
2026-08-23 05:35:06,541 [WARNING] Failed to find tvg-id="altinfo" in georgia_channels.m3u
2026-08-23 05:35:06,541 [WARNING] Failed to find tvg-id="parliament" in georgia_channels.m3u
2026-08-23 05:35:06,541 [WARNING] Failed to find tvg-id="egrisi" in georgia_channels.m3u
2026-08-23 05:35:06,541 [WARNING] Failed to find tvg-id="mzetv" in georgia_channels.m3u
2026-08-23 05:35:06,541 [INFO] No file changes were made.
2026-08-23 05:35:06,541 [INFO] === UPDATE EXECUTION FINISHED ===
