2026-08-25 11:31:17,701 [INFO] === UPDATE EXECUTION STARTED ===
2026-08-25 11:31:17,701 [INFO] Fetching Setanta Sports 3 from IPTV-ORG...
2026-08-25 11:31:17,847 [INFO] Launching batch scraper for 44 channels on tv.mar.tv...
2026-08-25 11:31:19,661 [INFO] Scraping rustavi2...
2026-08-25 11:31:25,331 [INFO]  -> Success: https://live8.mar.tv/1/4rd/index.m3u8
2026-08-25 11:31:25,368 [INFO] Scraping maestro...
2026-08-25 11:31:28,705 [INFO]  -> Success: https://live4.mar.tv/5dab092da351e4ce5ed9584378a537aebde514e541a1f7e0c7e3d8c51410f405/352m/index.m3u8
2026-08-25 11:31:28,741 [INFO] Scraping marao...
2026-08-25 11:31:32,079 [INFO]  -> Success: https://live2.mar.tv/5dab092da351e4ce5ed9584378a537aebde514e541a1f7e0c7e3d8c51410f405/12sd/index.m3u8
2026-08-25 11:31:32,113 [INFO] Scraping gds...
2026-08-25 11:31:35,451 [INFO]  -> Success: https://live1.mar.tv/5dab092da351e4ce5ed9584378a537aebde514e541a1f7e0c7e3d8c51410f405/13sd/index.m3u8
2026-08-25 11:31:35,486 [INFO] Scraping comedy...
2026-08-25 11:31:38,824 [INFO]  -> Success: https://live4.mar.tv/5dab092da351e4ce5ed9584378a537aebde514e541a1f7e0c7e3d8c51410f405/14rd/index.m3u8
2026-08-25 11:31:38,859 [INFO] Scraping bbb...
2026-08-25 11:31:42,199 [INFO]  -> Success: https://live2.mar.tv/5dab092da351e4ce5ed9584378a537aebde514e541a1f7e0c7e3d8c51410f405/16sd/index.m3u8
2026-08-25 11:31:42,231 [INFO] Scraping enkibenki...
2026-08-25 11:31:45,570 [INFO]  -> Success: https://live2.mar.tv/5dab092da351e4ce5ed9584378a537aebde514e541a1f7e0c7e3d8c51410f405/17e/index.m3u8
2026-08-25 11:31:45,607 [INFO] Scraping adjaratv...
2026-08-25 11:31:48,948 [INFO]  -> Success: https://live2.mar.tv/5dab092da351e4ce5ed9584378a537aebde514e541a1f7e0c7e3d8c51410f405/19rd/index.m3u8
2026-08-25 11:31:48,983 [INFO] Scraping rionitv...
2026-08-25 11:31:52,320 [INFO]  -> Success: https://live6.mar.tv/5dab092da351e4ce5ed9584378a537aebde514e541a1f7e0c7e3d8c51410f405/20rionn/index.m3u8
2026-08-25 11:31:52,356 [INFO] Scraping tv25...
2026-08-25 11:31:55,696 [INFO]  -> Success: https://live6.mar.tv/5dab092da351e4ce5ed9584378a537aebde514e541a1f7e0c7e3d8c51410f405/23tv25/index.m3u8
2026-08-25 11:31:55,732 [INFO] Scraping tv4rustavi...
2026-08-25 11:31:59,072 [INFO]  -> Success: https://live6.mar.tv/5dab092da351e4ce5ed9584378a537aebde514e541a1f7e0c7e3d8c51410f405/24tw4/index.m3u8
2026-08-25 11:31:59,107 [INFO] Scraping trialeti...
2026-08-25 11:32:02,450 [INFO]  -> Success: https://live6.mar.tv/5dab092da351e4ce5ed9584378a537aebde514e541a1f7e0c7e3d8c51410f405/trialleti/index.m3u8
2026-08-25 11:32:02,483 [INFO] Scraping dardimandi...
2026-08-25 11:32:05,818 [INFO]  -> Success: https://live5.mar.tv/5dab092da351e4ce5ed9584378a537aebde514e541a1f7e0c7e3d8c51410f405/27/index.m3u8
2026-08-25 11:32:05,851 [INFO] Scraping agro...
2026-08-25 11:32:09,187 [INFO]  -> Success: https://live5.mar.tv/5dab092da351e4ce5ed9584378a537aebde514e541a1f7e0c7e3d8c51410f405/28/index.m3u8
2026-08-25 11:32:09,222 [INFO] Scraping samefo...
2026-08-25 11:32:12,559 [INFO]  -> Success: https://live5.mar.tv/5dab092da351e4ce5ed9584378a537aebde514e541a1f7e0c7e3d8c51410f405/29/index.m3u8
2026-08-25 11:32:12,591 [INFO] Scraping postv...
2026-08-25 11:32:15,931 [INFO]  -> Success: https://live6.mar.tv/5dab092da351e4ce5ed9584378a537aebde514e541a1f7e0c7e3d8c51410f405/postvw/index.m3u8
2026-08-25 11:32:15,965 [INFO] Scraping megatv...
2026-08-25 11:32:19,301 [INFO]  -> Success: https://live4.mar.tv/5dab092da351e4ce5ed9584378a537aebde514e541a1f7e0c7e3d8c51410f405/32st/index.m3u8
2026-08-25 11:32:19,335 [INFO] Scraping qartuliarxi...
2026-08-25 11:32:22,667 [INFO]  -> Success: https://live6.mar.tv/5dab092da351e4ce5ed9584378a537aebde514e541a1f7e0c7e3d8c51410f405/qartuli/index.m3u8
2026-08-25 11:32:22,700 [INFO] Scraping musicbox...
2026-08-25 11:32:26,033 [INFO]  -> Success: https://live6.mar.tv/5dab092da351e4ce5ed9584378a537aebde514e541a1f7e0c7e3d8c51410f405/34musge/index.m3u8
2026-08-25 11:32:26,066 [INFO] Scraping marneuli...
2026-08-25 11:32:29,400 [INFO]  -> Success: https://live6.mar.tv/5dab092da351e4ce5ed9584378a537aebde514e541a1f7e0c7e3d8c51410f405/37marn/index.m3u8
2026-08-25 11:32:29,437 [INFO] Scraping axaliformula...
2026-08-25 11:32:32,769 [INFO]  -> Success: https://live6.mar.tv/5dab092da351e4ce5ed9584378a537aebde514e541a1f7e0c7e3d8c51410f405/axaliformla/index.m3u8
2026-08-25 11:32:32,804 [INFO] Scraping o2...
2026-08-25 11:32:36,144 [INFO]  -> Success: https://live5.mar.tv/5dab092da351e4ce5ed9584378a537aebde514e541a1f7e0c7e3d8c51410f405/40/index.m3u8
2026-08-25 11:32:36,176 [INFO] Scraping guria...
2026-08-25 11:32:39,507 [INFO]  -> Success: https://live5.mar.tv/5dab092da351e4ce5ed9584378a537aebde514e541a1f7e0c7e3d8c51410f405/42/index.m3u8
2026-08-25 11:32:39,540 [INFO] Scraping imervizia...
2026-08-25 11:32:42,873 [INFO]  -> Success: https://live6.mar.tv/5dab092da351e4ce5ed9584378a537aebde514e541a1f7e0c7e3d8c51410f405/imervizia/index.m3u8
2026-08-25 11:32:42,906 [INFO] Scraping diatv...
2026-08-25 11:32:46,238 [INFO]  -> Success: https://live4.mar.tv/5dab092da351e4ce5ed9584378a537aebde514e541a1f7e0c7e3d8c51410f405/dia/index.m3u8
2026-08-25 11:32:46,271 [INFO] Scraping chveniarxi...
2026-08-25 11:32:49,603 [INFO]  -> Success: https://live3.mar.tv/5dab092da351e4ce5ed9584378a537aebde514e541a1f7e0c7e3d8c51410f405/45rd/index.m3u8
2026-08-25 11:32:49,638 [INFO] Scraping batumitv...
2026-08-25 11:32:52,971 [INFO]  -> Success: https://live5.mar.tv/5dab092da351e4ce5ed9584378a537aebde514e541a1f7e0c7e3d8c51410f405/46/index.m3u8
2026-08-25 11:32:53,006 [INFO] Scraping rcheuli...
2026-08-25 11:32:56,345 [INFO]  -> Success: https://live5.mar.tv/5dab092da351e4ce5ed9584378a537aebde514e541a1f7e0c7e3d8c51410f405/47/index.m3u8
2026-08-25 11:32:56,378 [INFO] Scraping gurjaani...
2026-08-25 11:32:59,717 [INFO]  -> Success: https://live4.mar.tv/5dab092da351e4ce5ed9584378a537aebde514e541a1f7e0c7e3d8c51410f405/48m/index.m3u8
2026-08-25 11:32:59,752 [INFO] Scraping molitv...
2026-08-25 11:33:03,088 [INFO]  -> Success: https://live6.mar.tv/5dab092da351e4ce5ed9584378a537aebde514e541a1f7e0c7e3d8c51410f405/mollltv/index.m3u8
2026-08-25 11:33:03,121 [INFO] Scraping mexute...
2026-08-25 11:33:06,461 [INFO]  -> Success: https://live6.mar.tv/5dab092da351e4ce5ed9584378a537aebde514e541a1f7e0c7e3d8c51410f405/50/index.m3u8
2026-08-25 11:33:06,495 [INFO] Scraping agrogaremo...
2026-08-25 11:33:09,830 [INFO]  -> Success: https://live6.mar.tv/5dab092da351e4ce5ed9584378a537aebde514e541a1f7e0c7e3d8c51410f405/agrogaremo/index.m3u8
2026-08-25 11:33:09,862 [INFO] Scraping artv...
2026-08-25 11:33:13,198 [INFO]  -> Success: https://live6.mar.tv/5dab092da351e4ce5ed9584378a537aebde514e541a1f7e0c7e3d8c51410f405/tafutv/index.m3u8
2026-08-25 11:33:13,229 [INFO] Scraping meteo24...
2026-08-25 11:33:16,564 [INFO]  -> Success: https://live5.mar.tv/5dab092da351e4ce5ed9584378a537aebde514e541a1f7e0c7e3d8c51410f405/56/index.m3u8
2026-08-25 11:33:16,597 [INFO] Scraping georgiantimes...
2026-08-25 11:33:19,935 [INFO]  -> Success: https://live5.mar.tv/5dab092da351e4ce5ed9584378a537aebde514e541a1f7e0c7e3d8c51410f405/57/index.m3u8
2026-08-25 11:33:19,971 [INFO] Scraping silkuniversal...
2026-08-25 11:33:23,308 [INFO]  -> Success: https://live2.mar.tv/5dab092da351e4ce5ed9584378a537aebde514e541a1f7e0c7e3d8c51410f405/1arxiweb/index.m3u8
2026-08-25 11:33:23,346 [INFO] Scraping rugbytv...
2026-08-25 11:33:26,685 [INFO]  -> Success: https://live4.mar.tv/5dab092da351e4ce5ed9584378a537aebde514e541a1f7e0c7e3d8c51410f405/160m/index.m3u8
2026-08-25 11:33:26,720 [INFO] Scraping gms...
2026-08-25 11:33:30,052 [INFO]  -> Success: https://live5.mar.tv/5dab092da351e4ce5ed9584378a537aebde514e541a1f7e0c7e3d8c51410f405/161/index.m3u8
2026-08-25 11:33:30,087 [INFO] Scraping aiatv...
2026-08-25 11:33:33,424 [INFO]  -> Success: https://live6.mar.tv/5dab092da351e4ce5ed9584378a537aebde514e541a1f7e0c7e3d8c51410f405/aia/index.m3u8
2026-08-25 11:33:33,459 [INFO] Scraping batumi2...
2026-08-25 11:33:36,792 [INFO]  -> Success: https://live6.mar.tv/5dab092da351e4ce5ed9584378a537aebde514e541a1f7e0c7e3d8c51410f405/batumitv2/index.m3u8
2026-08-25 11:33:36,826 [INFO] Scraping altinfo...
2026-08-25 11:33:40,163 [INFO]  -> Success: https://live6.mar.tv/5dab092da351e4ce5ed9584378a537aebde514e541a1f7e0c7e3d8c51410f405/altinfo/index.m3u8
2026-08-25 11:33:40,196 [INFO] Scraping parliament...
2026-08-25 11:33:43,532 [INFO]  -> Success: https://live6.mar.tv/5dab092da351e4ce5ed9584378a537aebde514e541a1f7e0c7e3d8c51410f405/parlament/index.m3u8
2026-08-25 11:33:43,566 [INFO] Scraping egrisi...
2026-08-25 11:33:46,903 [INFO]  -> Success: https://live6.mar.tv/5dab092da351e4ce5ed9584378a537aebde514e541a1f7e0c7e3d8c51410f405/egrisi/index.m3u8
2026-08-25 11:33:46,937 [INFO] Scraping mzetv...
2026-08-25 11:33:50,276 [INFO]  -> Success: https://live6.mar.tv/5dab092da351e4ce5ed9584378a537aebde514e541a1f7e0c7e3d8c51410f405/mze/index.m3u8
2026-08-25 11:33:50,331 [WARNING] Failed to find tvg-id="rustavi2" in georgia_channels.m3u
2026-08-25 11:33:50,331 [WARNING] Failed to find tvg-id="maestro" in georgia_channels.m3u
2026-08-25 11:33:50,332 [WARNING] Failed to find tvg-id="marao" in georgia_channels.m3u
2026-08-25 11:33:50,332 [WARNING] Failed to find tvg-id="gds" in georgia_channels.m3u
2026-08-25 11:33:50,332 [WARNING] Failed to find tvg-id="comedy" in georgia_channels.m3u
2026-08-25 11:33:50,332 [WARNING] Failed to find tvg-id="bbb" in georgia_channels.m3u
2026-08-25 11:33:50,332 [WARNING] Failed to find tvg-id="enkibenki" in georgia_channels.m3u
2026-08-25 11:33:50,333 [WARNING] Failed to find tvg-id="adjaratv" in georgia_channels.m3u
2026-08-25 11:33:50,333 [WARNING] Failed to find tvg-id="rionitv" in georgia_channels.m3u
2026-08-25 11:33:50,333 [WARNING] Failed to find tvg-id="tv25" in georgia_channels.m3u
2026-08-25 11:33:50,333 [WARNING] Failed to find tvg-id="tv4rustavi" in georgia_channels.m3u
2026-08-25 11:33:50,333 [WARNING] Failed to find tvg-id="trialeti" in georgia_channels.m3u
2026-08-25 11:33:50,334 [WARNING] Failed to find tvg-id="dardimandi" in georgia_channels.m3u
2026-08-25 11:33:50,334 [WARNING] Failed to find tvg-id="agro" in georgia_channels.m3u
2026-08-25 11:33:50,334 [WARNING] Failed to find tvg-id="samefo" in georgia_channels.m3u
2026-08-25 11:33:50,334 [WARNING] Failed to find tvg-id="postv" in georgia_channels.m3u
2026-08-25 11:33:50,334 [WARNING] Failed to find tvg-id="megatv" in georgia_channels.m3u
2026-08-25 11:33:50,335 [WARNING] Failed to find tvg-id="qartuliarxi" in georgia_channels.m3u
2026-08-25 11:33:50,335 [WARNING] Failed to find tvg-id="musicbox" in georgia_channels.m3u
2026-08-25 11:33:50,335 [WARNING] Failed to find tvg-id="marneuli" in georgia_channels.m3u
2026-08-25 11:33:50,335 [WARNING] Failed to find tvg-id="axaliformula" in georgia_channels.m3u
2026-08-25 11:33:50,335 [WARNING] Failed to find tvg-id="o2" in georgia_channels.m3u
2026-08-25 11:33:50,336 [WARNING] Failed to find tvg-id="guria" in georgia_channels.m3u
2026-08-25 11:33:50,336 [WARNING] Failed to find tvg-id="imervizia" in georgia_channels.m3u
2026-08-25 11:33:50,336 [WARNING] Failed to find tvg-id="diatv" in georgia_channels.m3u
2026-08-25 11:33:50,336 [WARNING] Failed to find tvg-id="chveniarxi" in georgia_channels.m3u
2026-08-25 11:33:50,336 [WARNING] Failed to find tvg-id="batumitv" in georgia_channels.m3u
2026-08-25 11:33:50,337 [WARNING] Failed to find tvg-id="rcheuli" in georgia_channels.m3u
2026-08-25 11:33:50,337 [WARNING] Failed to find tvg-id="gurjaani" in georgia_channels.m3u
2026-08-25 11:33:50,337 [WARNING] Failed to find tvg-id="molitv" in georgia_channels.m3u
2026-08-25 11:33:50,337 [WARNING] Failed to find tvg-id="mexute" in georgia_channels.m3u
2026-08-25 11:33:50,337 [WARNING] Failed to find tvg-id="agrogaremo" in georgia_channels.m3u
2026-08-25 11:33:50,338 [WARNING] Failed to find tvg-id="artv" in georgia_channels.m3u
2026-08-25 11:33:50,338 [WARNING] Failed to find tvg-id="meteo24" in georgia_channels.m3u
2026-08-25 11:33:50,338 [WARNING] Failed to find tvg-id="georgiantimes" in georgia_channels.m3u
2026-08-25 11:33:50,338 [WARNING] Failed to find tvg-id="silkuniversal" in georgia_channels.m3u
2026-08-25 11:33:50,338 [WARNING] Failed to find tvg-id="rugbytv" in georgia_channels.m3u
2026-08-25 11:33:50,339 [WARNING] Failed to find tvg-id="gms" in georgia_channels.m3u
2026-08-25 11:33:50,339 [WARNING] Failed to find tvg-id="aiatv" in georgia_channels.m3u
2026-08-25 11:33:50,339 [WARNING] Failed to find tvg-id="batumi2" in georgia_channels.m3u
2026-08-25 11:33:50,339 [WARNING] Failed to find tvg-id="altinfo" in georgia_channels.m3u
2026-08-25 11:33:50,339 [WARNING] Failed to find tvg-id="parliament" in georgia_channels.m3u
2026-08-25 11:33:50,340 [WARNING] Failed to find tvg-id="egrisi" in georgia_channels.m3u
2026-08-25 11:33:50,340 [WARNING] Failed to find tvg-id="mzetv" in georgia_channels.m3u
2026-08-25 11:33:50,340 [INFO] No file changes were made.
2026-08-25 11:33:50,340 [INFO] === UPDATE EXECUTION FINISHED ===
