2026-08-21 07:28:35,846 [INFO] === UPDATE EXECUTION STARTED ===
2026-08-21 07:28:35,847 [INFO] Fetching Setanta Sports 3 from IPTV-ORG...
2026-08-21 07:28:35,909 [INFO] Launching batch scraper for 44 channels on tv.mar.tv...
2026-08-21 07:28:37,964 [INFO] Scraping rustavi2...
2026-08-21 07:28:42,927 [INFO]  -> Success: https://live8.mar.tv/1/4rd/index.m3u8
2026-08-21 07:28:42,958 [INFO] Scraping maestro...
2026-08-21 07:28:46,210 [INFO]  -> Success: https://live4.mar.tv/f5bbe282673b494c0337c42603b8ef36ca839b909cef85ba836da0ba87bdf142/352m/index.m3u8
2026-08-21 07:28:46,237 [INFO] Scraping marao...
2026-08-21 07:28:49,493 [INFO]  -> Success: https://live2.mar.tv/f5bbe282673b494c0337c42603b8ef36ca839b909cef85ba836da0ba87bdf142/12sd/index.m3u8
2026-08-21 07:28:49,522 [INFO] Scraping gds...
2026-08-21 07:28:52,777 [INFO]  -> Success: https://live1.mar.tv/f5bbe282673b494c0337c42603b8ef36ca839b909cef85ba836da0ba87bdf142/13sd/index.m3u8
2026-08-21 07:28:52,806 [INFO] Scraping comedy...
2026-08-21 07:28:56,056 [INFO]  -> Success: https://live4.mar.tv/f5bbe282673b494c0337c42603b8ef36ca839b909cef85ba836da0ba87bdf142/14rd/index.m3u8
2026-08-21 07:28:56,083 [INFO] Scraping bbb...
2026-08-21 07:28:59,332 [INFO]  -> Success: https://live2.mar.tv/f5bbe282673b494c0337c42603b8ef36ca839b909cef85ba836da0ba87bdf142/16sd/index.m3u8
2026-08-21 07:28:59,359 [INFO] Scraping enkibenki...
2026-08-21 07:29:02,612 [INFO]  -> Success: https://live2.mar.tv/f5bbe282673b494c0337c42603b8ef36ca839b909cef85ba836da0ba87bdf142/17e/index.m3u8
2026-08-21 07:29:02,638 [INFO] Scraping adjaratv...
2026-08-21 07:29:05,891 [INFO]  -> Success: https://live2.mar.tv/f5bbe282673b494c0337c42603b8ef36ca839b909cef85ba836da0ba87bdf142/19rd/index.m3u8
2026-08-21 07:29:05,919 [INFO] Scraping rionitv...
2026-08-21 07:29:09,170 [INFO]  -> Success: https://live6.mar.tv/f5bbe282673b494c0337c42603b8ef36ca839b909cef85ba836da0ba87bdf142/20rionn/index.m3u8
2026-08-21 07:29:09,315 [INFO] Scraping tv25...
2026-08-21 07:29:12,570 [INFO]  -> Success: https://live6.mar.tv/f5bbe282673b494c0337c42603b8ef36ca839b909cef85ba836da0ba87bdf142/23tv25/index.m3u8
2026-08-21 07:29:12,595 [INFO] Scraping tv4rustavi...
2026-08-21 07:29:15,850 [INFO]  -> Success: https://live6.mar.tv/f5bbe282673b494c0337c42603b8ef36ca839b909cef85ba836da0ba87bdf142/24tw4/index.m3u8
2026-08-21 07:29:15,878 [INFO] Scraping trialeti...
2026-08-21 07:29:19,126 [INFO]  -> Success: https://live6.mar.tv/f5bbe282673b494c0337c42603b8ef36ca839b909cef85ba836da0ba87bdf142/trialleti/index.m3u8
2026-08-21 07:29:19,153 [INFO] Scraping dardimandi...
2026-08-21 07:29:22,404 [INFO]  -> Success: https://live5.mar.tv/f5bbe282673b494c0337c42603b8ef36ca839b909cef85ba836da0ba87bdf142/27/index.m3u8
2026-08-21 07:29:22,432 [INFO] Scraping agro...
2026-08-21 07:29:25,682 [INFO]  -> Success: https://live5.mar.tv/f5bbe282673b494c0337c42603b8ef36ca839b909cef85ba836da0ba87bdf142/28/index.m3u8
2026-08-21 07:29:25,712 [INFO] Scraping samefo...
2026-08-21 07:29:28,964 [INFO]  -> Success: https://live5.mar.tv/f5bbe282673b494c0337c42603b8ef36ca839b909cef85ba836da0ba87bdf142/29/index.m3u8
2026-08-21 07:29:28,993 [INFO] Scraping postv...
2026-08-21 07:29:32,242 [INFO]  -> Success: https://live6.mar.tv/f5bbe282673b494c0337c42603b8ef36ca839b909cef85ba836da0ba87bdf142/postvw/index.m3u8
2026-08-21 07:29:32,270 [INFO] Scraping megatv...
2026-08-21 07:29:35,520 [INFO]  -> Success: https://live4.mar.tv/f5bbe282673b494c0337c42603b8ef36ca839b909cef85ba836da0ba87bdf142/32st/index.m3u8
2026-08-21 07:29:35,551 [INFO] Scraping qartuliarxi...
2026-08-21 07:29:38,804 [INFO]  -> Success: https://live6.mar.tv/f5bbe282673b494c0337c42603b8ef36ca839b909cef85ba836da0ba87bdf142/qartuli/index.m3u8
2026-08-21 07:29:38,832 [INFO] Scraping musicbox...
2026-08-21 07:29:42,081 [INFO]  -> Success: https://live6.mar.tv/f5bbe282673b494c0337c42603b8ef36ca839b909cef85ba836da0ba87bdf142/34musge/index.m3u8
2026-08-21 07:29:42,123 [INFO] Scraping marneuli...
2026-08-21 07:29:45,376 [INFO]  -> Success: https://live6.mar.tv/f5bbe282673b494c0337c42603b8ef36ca839b909cef85ba836da0ba87bdf142/37marn/index.m3u8
2026-08-21 07:29:45,406 [INFO] Scraping axaliformula...
2026-08-21 07:29:48,660 [INFO]  -> Success: https://live6.mar.tv/f5bbe282673b494c0337c42603b8ef36ca839b909cef85ba836da0ba87bdf142/axaliformla/index.m3u8
2026-08-21 07:29:48,687 [INFO] Scraping o2...
2026-08-21 07:29:51,942 [INFO]  -> Success: https://live5.mar.tv/f5bbe282673b494c0337c42603b8ef36ca839b909cef85ba836da0ba87bdf142/40/index.m3u8
2026-08-21 07:29:51,969 [INFO] Scraping guria...
2026-08-21 07:29:55,219 [INFO]  -> Success: https://live5.mar.tv/f5bbe282673b494c0337c42603b8ef36ca839b909cef85ba836da0ba87bdf142/42/index.m3u8
2026-08-21 07:29:55,246 [INFO] Scraping imervizia...
2026-08-21 07:29:58,504 [INFO]  -> Success: https://live6.mar.tv/f5bbe282673b494c0337c42603b8ef36ca839b909cef85ba836da0ba87bdf142/imervizia/index.m3u8
2026-08-21 07:29:58,532 [INFO] Scraping diatv...
2026-08-21 07:30:01,782 [INFO]  -> Success: https://live4.mar.tv/f5bbe282673b494c0337c42603b8ef36ca839b909cef85ba836da0ba87bdf142/dia/index.m3u8
2026-08-21 07:30:01,811 [INFO] Scraping chveniarxi...
2026-08-21 07:30:05,063 [INFO]  -> Success: https://live3.mar.tv/f5bbe282673b494c0337c42603b8ef36ca839b909cef85ba836da0ba87bdf142/45rd/index.m3u8
2026-08-21 07:30:05,092 [INFO] Scraping batumitv...
2026-08-21 07:30:08,344 [INFO]  -> Success: https://live5.mar.tv/f5bbe282673b494c0337c42603b8ef36ca839b909cef85ba836da0ba87bdf142/46/index.m3u8
2026-08-21 07:30:08,370 [INFO] Scraping rcheuli...
2026-08-21 07:30:11,631 [INFO]  -> Success: https://live5.mar.tv/f5bbe282673b494c0337c42603b8ef36ca839b909cef85ba836da0ba87bdf142/47/index.m3u8
2026-08-21 07:30:11,661 [INFO] Scraping gurjaani...
2026-08-21 07:30:14,913 [INFO]  -> Success: https://live4.mar.tv/f5bbe282673b494c0337c42603b8ef36ca839b909cef85ba836da0ba87bdf142/48m/index.m3u8
2026-08-21 07:30:14,940 [INFO] Scraping molitv...
2026-08-21 07:30:18,193 [INFO]  -> Success: https://live6.mar.tv/f5bbe282673b494c0337c42603b8ef36ca839b909cef85ba836da0ba87bdf142/mollltv/index.m3u8
2026-08-21 07:30:18,224 [INFO] Scraping mexute...
2026-08-21 07:30:21,473 [INFO]  -> Success: https://live6.mar.tv/f5bbe282673b494c0337c42603b8ef36ca839b909cef85ba836da0ba87bdf142/50/index.m3u8
2026-08-21 07:30:21,502 [INFO] Scraping agrogaremo...
2026-08-21 07:30:24,752 [INFO]  -> Success: https://live6.mar.tv/f5bbe282673b494c0337c42603b8ef36ca839b909cef85ba836da0ba87bdf142/agrogaremo/index.m3u8
2026-08-21 07:30:24,784 [INFO] Scraping artv...
2026-08-21 07:30:28,037 [INFO]  -> Success: https://live6.mar.tv/f5bbe282673b494c0337c42603b8ef36ca839b909cef85ba836da0ba87bdf142/tafutv/index.m3u8
2026-08-21 07:30:28,066 [INFO] Scraping meteo24...
2026-08-21 07:30:31,315 [INFO]  -> Success: https://live5.mar.tv/f5bbe282673b494c0337c42603b8ef36ca839b909cef85ba836da0ba87bdf142/56/index.m3u8
2026-08-21 07:30:31,343 [INFO] Scraping georgiantimes...
2026-08-21 07:30:34,596 [INFO]  -> Success: https://live5.mar.tv/f5bbe282673b494c0337c42603b8ef36ca839b909cef85ba836da0ba87bdf142/57/index.m3u8
2026-08-21 07:30:34,626 [INFO] Scraping silkuniversal...
2026-08-21 07:30:37,879 [INFO]  -> Success: https://live2.mar.tv/f5bbe282673b494c0337c42603b8ef36ca839b909cef85ba836da0ba87bdf142/1arxiweb/index.m3u8
2026-08-21 07:30:37,907 [INFO] Scraping rugbytv...
2026-08-21 07:30:41,159 [INFO]  -> Success: https://live4.mar.tv/f5bbe282673b494c0337c42603b8ef36ca839b909cef85ba836da0ba87bdf142/160m/index.m3u8
2026-08-21 07:30:41,186 [INFO] Scraping gms...
2026-08-21 07:30:44,441 [INFO]  -> Success: https://live5.mar.tv/f5bbe282673b494c0337c42603b8ef36ca839b909cef85ba836da0ba87bdf142/161/index.m3u8
2026-08-21 07:30:44,471 [INFO] Scraping aiatv...
2026-08-21 07:30:47,724 [INFO]  -> Success: https://live6.mar.tv/f5bbe282673b494c0337c42603b8ef36ca839b909cef85ba836da0ba87bdf142/aia/index.m3u8
2026-08-21 07:30:47,752 [INFO] Scraping batumi2...
2026-08-21 07:30:51,006 [INFO]  -> Success: https://live6.mar.tv/f5bbe282673b494c0337c42603b8ef36ca839b909cef85ba836da0ba87bdf142/batumitv2/index.m3u8
2026-08-21 07:30:51,034 [INFO] Scraping altinfo...
2026-08-21 07:30:54,285 [INFO]  -> Success: https://live6.mar.tv/f5bbe282673b494c0337c42603b8ef36ca839b909cef85ba836da0ba87bdf142/altinfo/index.m3u8
2026-08-21 07:30:54,313 [INFO] Scraping parliament...
2026-08-21 07:30:57,565 [INFO]  -> Success: https://live6.mar.tv/f5bbe282673b494c0337c42603b8ef36ca839b909cef85ba836da0ba87bdf142/parlament/index.m3u8
2026-08-21 07:30:57,591 [INFO] Scraping egrisi...
2026-08-21 07:31:00,846 [INFO]  -> Success: https://live6.mar.tv/f5bbe282673b494c0337c42603b8ef36ca839b909cef85ba836da0ba87bdf142/egrisi/index.m3u8
2026-08-21 07:31:00,873 [INFO] Scraping mzetv...
2026-08-21 07:31:04,125 [INFO]  -> Success: https://live6.mar.tv/f5bbe282673b494c0337c42603b8ef36ca839b909cef85ba836da0ba87bdf142/mze/index.m3u8
2026-08-21 07:31:04,166 [INFO] Updated M3U block for: rustavi2
2026-08-21 07:31:04,166 [INFO] Updated M3U block for: maestro
2026-08-21 07:31:04,166 [INFO] Updated M3U block for: marao
2026-08-21 07:31:04,166 [INFO] Updated M3U block for: gds
2026-08-21 07:31:04,166 [INFO] Updated M3U block for: comedy
2026-08-21 07:31:04,167 [INFO] Updated M3U block for: bbb
2026-08-21 07:31:04,167 [INFO] Updated M3U block for: enkibenki
2026-08-21 07:31:04,167 [INFO] Updated M3U block for: adjaratv
2026-08-21 07:31:04,167 [INFO] Updated M3U block for: rionitv
2026-08-21 07:31:04,167 [INFO] Updated M3U block for: tv25
2026-08-21 07:31:04,167 [INFO] Updated M3U block for: tv4rustavi
2026-08-21 07:31:04,168 [INFO] Updated M3U block for: trialeti
2026-08-21 07:31:04,168 [INFO] Updated M3U block for: dardimandi
2026-08-21 07:31:04,168 [INFO] Updated M3U block for: agro
2026-08-21 07:31:04,168 [INFO] Updated M3U block for: samefo
2026-08-21 07:31:04,168 [INFO] Updated M3U block for: postv
2026-08-21 07:31:04,168 [INFO] Updated M3U block for: megatv
2026-08-21 07:31:04,169 [INFO] Updated M3U block for: qartuliarxi
2026-08-21 07:31:04,169 [INFO] Updated M3U block for: musicbox
2026-08-21 07:31:04,169 [INFO] Updated M3U block for: marneuli
2026-08-21 07:31:04,169 [INFO] Updated M3U block for: axaliformula
2026-08-21 07:31:04,169 [INFO] Updated M3U block for: o2
2026-08-21 07:31:04,169 [INFO] Updated M3U block for: guria
2026-08-21 07:31:04,170 [INFO] Updated M3U block for: imervizia
2026-08-21 07:31:04,170 [INFO] Updated M3U block for: diatv
2026-08-21 07:31:04,170 [INFO] Updated M3U block for: chveniarxi
2026-08-21 07:31:04,170 [INFO] Updated M3U block for: batumitv
2026-08-21 07:31:04,170 [INFO] Updated M3U block for: rcheuli
2026-08-21 07:31:04,170 [INFO] Updated M3U block for: gurjaani
2026-08-21 07:31:04,170 [INFO] Updated M3U block for: molitv
2026-08-21 07:31:04,171 [INFO] Updated M3U block for: mexute
2026-08-21 07:31:04,171 [INFO] Updated M3U block for: agrogaremo
2026-08-21 07:31:04,171 [INFO] Updated M3U block for: artv
2026-08-21 07:31:04,171 [INFO] Updated M3U block for: meteo24
2026-08-21 07:31:04,171 [INFO] Updated M3U block for: georgiantimes
2026-08-21 07:31:04,171 [INFO] Updated M3U block for: silkuniversal
2026-08-21 07:31:04,172 [INFO] Updated M3U block for: rugbytv
2026-08-21 07:31:04,172 [INFO] Updated M3U block for: gms
2026-08-21 07:31:04,172 [INFO] Updated M3U block for: aiatv
2026-08-21 07:31:04,172 [INFO] Updated M3U block for: batumi2
2026-08-21 07:31:04,172 [INFO] Updated M3U block for: altinfo
2026-08-21 07:31:04,172 [INFO] Updated M3U block for: parliament
2026-08-21 07:31:04,173 [INFO] Updated M3U block for: egrisi
2026-08-21 07:31:04,173 [INFO] Updated M3U block for: mzetv
2026-08-21 07:31:04,173 [INFO] Saved changes to georgia_channels.m3u.
2026-08-21 07:31:04,173 [INFO] === UPDATE EXECUTION FINISHED ===
