2026-08-24 05:41:04,134 [INFO] === UPDATE EXECUTION STARTED ===
2026-08-24 05:41:04,134 [INFO] Fetching Setanta Sports 3 from IPTV-ORG...
2026-08-24 05:41:04,180 [INFO] Launching batch scraper for 44 channels on tv.mar.tv...
2026-08-24 05:41:04,675 [INFO] Scraping rustavi2...
2026-08-24 05:41:09,626 [INFO]  -> Success: https://live8.mar.tv/1/4rd/index.m3u8
2026-08-24 05:41:09,654 [INFO] Scraping maestro...
2026-08-24 05:41:12,911 [INFO]  -> Success: https://live4.mar.tv/08ac98eb5fb443668400a2df358200cf18b494399e9c127ef398d48307c44841/352m/index.m3u8
2026-08-24 05:41:12,942 [INFO] Scraping marao...
2026-08-24 05:41:16,199 [INFO]  -> Success: https://live2.mar.tv/08ac98eb5fb443668400a2df358200cf18b494399e9c127ef398d48307c44841/12sd/index.m3u8
2026-08-24 05:41:16,231 [INFO] Scraping gds...
2026-08-24 05:41:19,486 [INFO]  -> Success: https://live1.mar.tv/08ac98eb5fb443668400a2df358200cf18b494399e9c127ef398d48307c44841/13sd/index.m3u8
2026-08-24 05:41:19,519 [INFO] Scraping comedy...
2026-08-24 05:41:22,775 [INFO]  -> Success: https://live4.mar.tv/08ac98eb5fb443668400a2df358200cf18b494399e9c127ef398d48307c44841/14rd/index.m3u8
2026-08-24 05:41:22,805 [INFO] Scraping bbb...
2026-08-24 05:41:26,060 [INFO]  -> Success: https://live2.mar.tv/08ac98eb5fb443668400a2df358200cf18b494399e9c127ef398d48307c44841/16sd/index.m3u8
2026-08-24 05:41:26,089 [INFO] Scraping enkibenki...
2026-08-24 05:41:29,342 [INFO]  -> Success: https://live2.mar.tv/08ac98eb5fb443668400a2df358200cf18b494399e9c127ef398d48307c44841/17e/index.m3u8
2026-08-24 05:41:29,379 [INFO] Scraping adjaratv...
2026-08-24 05:41:32,632 [INFO]  -> Success: https://live2.mar.tv/08ac98eb5fb443668400a2df358200cf18b494399e9c127ef398d48307c44841/19rd/index.m3u8
2026-08-24 05:41:32,661 [INFO] Scraping rionitv...
2026-08-24 05:41:35,914 [INFO]  -> Success: https://live6.mar.tv/08ac98eb5fb443668400a2df358200cf18b494399e9c127ef398d48307c44841/20rionn/index.m3u8
2026-08-24 05:41:35,943 [INFO] Scraping tv25...
2026-08-24 05:41:39,197 [INFO]  -> Success: https://live6.mar.tv/08ac98eb5fb443668400a2df358200cf18b494399e9c127ef398d48307c44841/23tv25/index.m3u8
2026-08-24 05:41:39,228 [INFO] Scraping tv4rustavi...
2026-08-24 05:41:42,484 [INFO]  -> Success: https://live6.mar.tv/08ac98eb5fb443668400a2df358200cf18b494399e9c127ef398d48307c44841/24tw4/index.m3u8
2026-08-24 05:41:42,515 [INFO] Scraping trialeti...
2026-08-24 05:41:45,774 [INFO]  -> Success: https://live6.mar.tv/08ac98eb5fb443668400a2df358200cf18b494399e9c127ef398d48307c44841/trialleti/index.m3u8
2026-08-24 05:41:45,803 [INFO] Scraping dardimandi...
2026-08-24 05:41:49,071 [INFO]  -> Success: https://live5.mar.tv/08ac98eb5fb443668400a2df358200cf18b494399e9c127ef398d48307c44841/27/index.m3u8
2026-08-24 05:41:49,103 [INFO] Scraping agro...
2026-08-24 05:41:52,361 [INFO]  -> Success: https://live5.mar.tv/08ac98eb5fb443668400a2df358200cf18b494399e9c127ef398d48307c44841/28/index.m3u8
2026-08-24 05:41:52,394 [INFO] Scraping samefo...
2026-08-24 05:41:55,650 [INFO]  -> Success: https://live5.mar.tv/08ac98eb5fb443668400a2df358200cf18b494399e9c127ef398d48307c44841/29/index.m3u8
2026-08-24 05:41:55,766 [INFO] Scraping postv...
2026-08-24 05:41:59,135 [INFO]  -> Success: https://live6.mar.tv/08ac98eb5fb443668400a2df358200cf18b494399e9c127ef398d48307c44841/postvw/index.m3u8
2026-08-24 05:41:59,164 [INFO] Scraping megatv...
2026-08-24 05:42:02,421 [INFO]  -> Success: https://live4.mar.tv/08ac98eb5fb443668400a2df358200cf18b494399e9c127ef398d48307c44841/32st/index.m3u8
2026-08-24 05:42:02,447 [INFO] Scraping qartuliarxi...
2026-08-24 05:42:05,702 [INFO]  -> Success: https://live6.mar.tv/08ac98eb5fb443668400a2df358200cf18b494399e9c127ef398d48307c44841/qartuli/index.m3u8
2026-08-24 05:42:05,732 [INFO] Scraping musicbox...
2026-08-24 05:42:08,987 [INFO]  -> Success: https://live6.mar.tv/08ac98eb5fb443668400a2df358200cf18b494399e9c127ef398d48307c44841/34musge/index.m3u8
2026-08-24 05:42:09,019 [INFO] Scraping marneuli...
2026-08-24 05:42:12,273 [INFO]  -> Success: https://live6.mar.tv/08ac98eb5fb443668400a2df358200cf18b494399e9c127ef398d48307c44841/37marn/index.m3u8
2026-08-24 05:42:12,302 [INFO] Scraping axaliformula...
2026-08-24 05:42:15,554 [INFO]  -> Success: https://live6.mar.tv/08ac98eb5fb443668400a2df358200cf18b494399e9c127ef398d48307c44841/axaliformla/index.m3u8
2026-08-24 05:42:15,585 [INFO] Scraping o2...
2026-08-24 05:42:18,838 [INFO]  -> Success: https://live5.mar.tv/08ac98eb5fb443668400a2df358200cf18b494399e9c127ef398d48307c44841/40/index.m3u8
2026-08-24 05:42:18,867 [INFO] Scraping guria...
2026-08-24 05:42:22,121 [INFO]  -> Success: https://live5.mar.tv/08ac98eb5fb443668400a2df358200cf18b494399e9c127ef398d48307c44841/42/index.m3u8
2026-08-24 05:42:22,148 [INFO] Scraping imervizia...
2026-08-24 05:42:25,414 [INFO]  -> Success: https://live6.mar.tv/08ac98eb5fb443668400a2df358200cf18b494399e9c127ef398d48307c44841/imervizia/index.m3u8
2026-08-24 05:42:25,443 [INFO] Scraping diatv...
2026-08-24 05:42:28,696 [INFO]  -> Success: https://live4.mar.tv/08ac98eb5fb443668400a2df358200cf18b494399e9c127ef398d48307c44841/dia/index.m3u8
2026-08-24 05:42:28,725 [INFO] Scraping chveniarxi...
2026-08-24 05:42:31,978 [INFO]  -> Success: https://live3.mar.tv/08ac98eb5fb443668400a2df358200cf18b494399e9c127ef398d48307c44841/45rd/index.m3u8
2026-08-24 05:42:32,010 [INFO] Scraping batumitv...
2026-08-24 05:42:35,260 [INFO]  -> Success: https://live5.mar.tv/08ac98eb5fb443668400a2df358200cf18b494399e9c127ef398d48307c44841/46/index.m3u8
2026-08-24 05:42:35,289 [INFO] Scraping rcheuli...
2026-08-24 05:42:38,550 [INFO]  -> Success: https://live5.mar.tv/08ac98eb5fb443668400a2df358200cf18b494399e9c127ef398d48307c44841/47/index.m3u8
2026-08-24 05:42:38,579 [INFO] Scraping gurjaani...
2026-08-24 05:42:41,830 [INFO]  -> Success: https://live4.mar.tv/08ac98eb5fb443668400a2df358200cf18b494399e9c127ef398d48307c44841/48m/index.m3u8
2026-08-24 05:42:41,857 [INFO] Scraping molitv...
2026-08-24 05:42:45,109 [INFO]  -> Success: https://live6.mar.tv/08ac98eb5fb443668400a2df358200cf18b494399e9c127ef398d48307c44841/mollltv/index.m3u8
2026-08-24 05:42:45,139 [INFO] Scraping mexute...
2026-08-24 05:42:48,391 [INFO]  -> Success: https://live6.mar.tv/08ac98eb5fb443668400a2df358200cf18b494399e9c127ef398d48307c44841/50/index.m3u8
2026-08-24 05:42:48,418 [INFO] Scraping agrogaremo...
2026-08-24 05:42:51,668 [INFO]  -> Success: https://live6.mar.tv/08ac98eb5fb443668400a2df358200cf18b494399e9c127ef398d48307c44841/agrogaremo/index.m3u8
2026-08-24 05:42:51,696 [INFO] Scraping artv...
2026-08-24 05:42:54,951 [INFO]  -> Success: https://live6.mar.tv/08ac98eb5fb443668400a2df358200cf18b494399e9c127ef398d48307c44841/tafutv/index.m3u8
2026-08-24 05:42:54,981 [INFO] Scraping meteo24...
2026-08-24 05:42:58,232 [INFO]  -> Success: https://live5.mar.tv/08ac98eb5fb443668400a2df358200cf18b494399e9c127ef398d48307c44841/56/index.m3u8
2026-08-24 05:42:58,261 [INFO] Scraping georgiantimes...
2026-08-24 05:43:01,517 [INFO]  -> Success: https://live5.mar.tv/08ac98eb5fb443668400a2df358200cf18b494399e9c127ef398d48307c44841/57/index.m3u8
2026-08-24 05:43:01,546 [INFO] Scraping silkuniversal...
2026-08-24 05:43:04,796 [INFO]  -> Success: https://live2.mar.tv/08ac98eb5fb443668400a2df358200cf18b494399e9c127ef398d48307c44841/1arxiweb/index.m3u8
2026-08-24 05:43:04,824 [INFO] Scraping rugbytv...
2026-08-24 05:43:08,077 [INFO]  -> Success: https://live4.mar.tv/08ac98eb5fb443668400a2df358200cf18b494399e9c127ef398d48307c44841/160m/index.m3u8
2026-08-24 05:43:08,105 [INFO] Scraping gms...
2026-08-24 05:43:11,359 [INFO]  -> Success: https://live5.mar.tv/08ac98eb5fb443668400a2df358200cf18b494399e9c127ef398d48307c44841/161/index.m3u8
2026-08-24 05:43:11,387 [INFO] Scraping aiatv...
2026-08-24 05:43:14,640 [INFO]  -> Success: https://live6.mar.tv/08ac98eb5fb443668400a2df358200cf18b494399e9c127ef398d48307c44841/aia/index.m3u8
2026-08-24 05:43:14,668 [INFO] Scraping batumi2...
2026-08-24 05:43:17,919 [INFO]  -> Success: https://live6.mar.tv/08ac98eb5fb443668400a2df358200cf18b494399e9c127ef398d48307c44841/batumitv2/index.m3u8
2026-08-24 05:43:17,948 [INFO] Scraping altinfo...
2026-08-24 05:43:21,202 [INFO]  -> Success: https://live6.mar.tv/08ac98eb5fb443668400a2df358200cf18b494399e9c127ef398d48307c44841/altinfo/index.m3u8
2026-08-24 05:43:21,233 [INFO] Scraping parliament...
2026-08-24 05:43:24,487 [INFO]  -> Success: https://live6.mar.tv/08ac98eb5fb443668400a2df358200cf18b494399e9c127ef398d48307c44841/parlament/index.m3u8
2026-08-24 05:43:24,515 [INFO] Scraping egrisi...
2026-08-24 05:43:27,771 [INFO]  -> Success: https://live6.mar.tv/08ac98eb5fb443668400a2df358200cf18b494399e9c127ef398d48307c44841/egrisi/index.m3u8
2026-08-24 05:43:27,803 [INFO] Scraping mzetv...
2026-08-24 05:43:31,056 [INFO]  -> Success: https://live6.mar.tv/08ac98eb5fb443668400a2df358200cf18b494399e9c127ef398d48307c44841/mze/index.m3u8
2026-08-24 05:43:31,104 [WARNING] Failed to find tvg-id="rustavi2" in georgia_channels.m3u
2026-08-24 05:43:31,104 [WARNING] Failed to find tvg-id="maestro" in georgia_channels.m3u
2026-08-24 05:43:31,104 [WARNING] Failed to find tvg-id="marao" in georgia_channels.m3u
2026-08-24 05:43:31,104 [WARNING] Failed to find tvg-id="gds" in georgia_channels.m3u
2026-08-24 05:43:31,104 [WARNING] Failed to find tvg-id="comedy" in georgia_channels.m3u
2026-08-24 05:43:31,104 [WARNING] Failed to find tvg-id="bbb" in georgia_channels.m3u
2026-08-24 05:43:31,105 [WARNING] Failed to find tvg-id="enkibenki" in georgia_channels.m3u
2026-08-24 05:43:31,105 [WARNING] Failed to find tvg-id="adjaratv" in georgia_channels.m3u
2026-08-24 05:43:31,105 [WARNING] Failed to find tvg-id="rionitv" in georgia_channels.m3u
2026-08-24 05:43:31,105 [WARNING] Failed to find tvg-id="tv25" in georgia_channels.m3u
2026-08-24 05:43:31,105 [WARNING] Failed to find tvg-id="tv4rustavi" in georgia_channels.m3u
2026-08-24 05:43:31,105 [WARNING] Failed to find tvg-id="trialeti" in georgia_channels.m3u
2026-08-24 05:43:31,105 [WARNING] Failed to find tvg-id="dardimandi" in georgia_channels.m3u
2026-08-24 05:43:31,105 [WARNING] Failed to find tvg-id="agro" in georgia_channels.m3u
2026-08-24 05:43:31,106 [WARNING] Failed to find tvg-id="samefo" in georgia_channels.m3u
2026-08-24 05:43:31,106 [WARNING] Failed to find tvg-id="postv" in georgia_channels.m3u
2026-08-24 05:43:31,106 [WARNING] Failed to find tvg-id="megatv" in georgia_channels.m3u
2026-08-24 05:43:31,106 [WARNING] Failed to find tvg-id="qartuliarxi" in georgia_channels.m3u
2026-08-24 05:43:31,106 [WARNING] Failed to find tvg-id="musicbox" in georgia_channels.m3u
2026-08-24 05:43:31,106 [WARNING] Failed to find tvg-id="marneuli" in georgia_channels.m3u
2026-08-24 05:43:31,106 [WARNING] Failed to find tvg-id="axaliformula" in georgia_channels.m3u
2026-08-24 05:43:31,106 [WARNING] Failed to find tvg-id="o2" in georgia_channels.m3u
2026-08-24 05:43:31,106 [WARNING] Failed to find tvg-id="guria" in georgia_channels.m3u
2026-08-24 05:43:31,107 [WARNING] Failed to find tvg-id="imervizia" in georgia_channels.m3u
2026-08-24 05:43:31,107 [WARNING] Failed to find tvg-id="diatv" in georgia_channels.m3u
2026-08-24 05:43:31,107 [WARNING] Failed to find tvg-id="chveniarxi" in georgia_channels.m3u
2026-08-24 05:43:31,107 [WARNING] Failed to find tvg-id="batumitv" in georgia_channels.m3u
2026-08-24 05:43:31,107 [WARNING] Failed to find tvg-id="rcheuli" in georgia_channels.m3u
2026-08-24 05:43:31,107 [WARNING] Failed to find tvg-id="gurjaani" in georgia_channels.m3u
2026-08-24 05:43:31,107 [WARNING] Failed to find tvg-id="molitv" in georgia_channels.m3u
2026-08-24 05:43:31,107 [WARNING] Failed to find tvg-id="mexute" in georgia_channels.m3u
2026-08-24 05:43:31,108 [WARNING] Failed to find tvg-id="agrogaremo" in georgia_channels.m3u
2026-08-24 05:43:31,108 [WARNING] Failed to find tvg-id="artv" in georgia_channels.m3u
2026-08-24 05:43:31,108 [WARNING] Failed to find tvg-id="meteo24" in georgia_channels.m3u
2026-08-24 05:43:31,108 [WARNING] Failed to find tvg-id="georgiantimes" in georgia_channels.m3u
2026-08-24 05:43:31,108 [WARNING] Failed to find tvg-id="silkuniversal" in georgia_channels.m3u
2026-08-24 05:43:31,108 [WARNING] Failed to find tvg-id="rugbytv" in georgia_channels.m3u
2026-08-24 05:43:31,108 [WARNING] Failed to find tvg-id="gms" in georgia_channels.m3u
2026-08-24 05:43:31,108 [WARNING] Failed to find tvg-id="aiatv" in georgia_channels.m3u
2026-08-24 05:43:31,108 [WARNING] Failed to find tvg-id="batumi2" in georgia_channels.m3u
2026-08-24 05:43:31,109 [WARNING] Failed to find tvg-id="altinfo" in georgia_channels.m3u
2026-08-24 05:43:31,109 [WARNING] Failed to find tvg-id="parliament" in georgia_channels.m3u
2026-08-24 05:43:31,109 [WARNING] Failed to find tvg-id="egrisi" in georgia_channels.m3u
2026-08-24 05:43:31,109 [WARNING] Failed to find tvg-id="mzetv" in georgia_channels.m3u
2026-08-24 05:43:31,109 [INFO] No file changes were made.
2026-08-24 05:43:31,109 [INFO] === UPDATE EXECUTION FINISHED ===
