2026-08-25 22:30:43,743 [INFO] === UPDATE EXECUTION STARTED ===
2026-08-25 22:30:43,743 [INFO] Fetching Setanta Sports 3 from IPTV-ORG...
2026-08-25 22:30:43,816 [INFO] Launching batch scraper for 44 channels on tv.mar.tv...
2026-08-25 22:30:44,425 [INFO] Scraping rustavi2...
2026-08-25 22:30:49,406 [INFO]  -> Success: https://live8.mar.tv/1/4rd/index.m3u8
2026-08-25 22:30:49,442 [INFO] Scraping maestro...
2026-08-25 22:30:52,718 [INFO]  -> Success: https://live4.mar.tv/361fc604826e985b2db35277f5086f2728fb8c5c0cee11c047bdb7880e540009/352m/index.m3u8
2026-08-25 22:30:52,756 [INFO] Scraping marao...
2026-08-25 22:30:56,036 [INFO]  -> Success: https://live2.mar.tv/361fc604826e985b2db35277f5086f2728fb8c5c0cee11c047bdb7880e540009/12sd/index.m3u8
2026-08-25 22:30:56,070 [INFO] Scraping gds...
2026-08-25 22:30:59,347 [INFO]  -> Success: https://live1.mar.tv/361fc604826e985b2db35277f5086f2728fb8c5c0cee11c047bdb7880e540009/13sd/index.m3u8
2026-08-25 22:30:59,383 [INFO] Scraping comedy...
2026-08-25 22:31:02,661 [INFO]  -> Success: https://live4.mar.tv/361fc604826e985b2db35277f5086f2728fb8c5c0cee11c047bdb7880e540009/14rd/index.m3u8
2026-08-25 22:31:02,694 [INFO] Scraping bbb...
2026-08-25 22:31:05,969 [INFO]  -> Success: https://live2.mar.tv/361fc604826e985b2db35277f5086f2728fb8c5c0cee11c047bdb7880e540009/16sd/index.m3u8
2026-08-25 22:31:06,005 [INFO] Scraping enkibenki...
2026-08-25 22:31:09,283 [INFO]  -> Success: https://live2.mar.tv/361fc604826e985b2db35277f5086f2728fb8c5c0cee11c047bdb7880e540009/17e/index.m3u8
2026-08-25 22:31:09,314 [INFO] Scraping adjaratv...
2026-08-25 22:31:12,592 [INFO]  -> Success: https://live2.mar.tv/361fc604826e985b2db35277f5086f2728fb8c5c0cee11c047bdb7880e540009/19rd/index.m3u8
2026-08-25 22:31:12,624 [INFO] Scraping rionitv...
2026-08-25 22:31:15,907 [INFO]  -> Success: https://live6.mar.tv/361fc604826e985b2db35277f5086f2728fb8c5c0cee11c047bdb7880e540009/20rionn/index.m3u8
2026-08-25 22:31:15,940 [INFO] Scraping tv25...
2026-08-25 22:31:19,224 [INFO]  -> Success: https://live6.mar.tv/361fc604826e985b2db35277f5086f2728fb8c5c0cee11c047bdb7880e540009/23tv25/index.m3u8
2026-08-25 22:31:19,276 [INFO] Scraping tv4rustavi...
2026-08-25 22:31:22,562 [INFO]  -> Success: https://live6.mar.tv/361fc604826e985b2db35277f5086f2728fb8c5c0cee11c047bdb7880e540009/24tw4/index.m3u8
2026-08-25 22:31:22,594 [INFO] Scraping trialeti...
2026-08-25 22:31:25,869 [INFO]  -> Success: https://live6.mar.tv/361fc604826e985b2db35277f5086f2728fb8c5c0cee11c047bdb7880e540009/trialleti/index.m3u8
2026-08-25 22:31:25,905 [INFO] Scraping dardimandi...
2026-08-25 22:31:29,183 [INFO]  -> Success: https://live5.mar.tv/361fc604826e985b2db35277f5086f2728fb8c5c0cee11c047bdb7880e540009/27/index.m3u8
2026-08-25 22:31:29,214 [INFO] Scraping agro...
2026-08-25 22:31:32,492 [INFO]  -> Success: https://live5.mar.tv/361fc604826e985b2db35277f5086f2728fb8c5c0cee11c047bdb7880e540009/28/index.m3u8
2026-08-25 22:31:32,525 [INFO] Scraping samefo...
2026-08-25 22:31:35,804 [INFO]  -> Success: https://live5.mar.tv/361fc604826e985b2db35277f5086f2728fb8c5c0cee11c047bdb7880e540009/29/index.m3u8
2026-08-25 22:31:35,837 [INFO] Scraping postv...
2026-08-25 22:31:39,117 [INFO]  -> Success: https://live6.mar.tv/361fc604826e985b2db35277f5086f2728fb8c5c0cee11c047bdb7880e540009/postvw/index.m3u8
2026-08-25 22:31:39,150 [INFO] Scraping megatv...
2026-08-25 22:31:42,434 [INFO]  -> Success: https://live4.mar.tv/361fc604826e985b2db35277f5086f2728fb8c5c0cee11c047bdb7880e540009/32st/index.m3u8
2026-08-25 22:31:42,467 [INFO] Scraping qartuliarxi...
2026-08-25 22:31:45,742 [INFO]  -> Success: https://live6.mar.tv/361fc604826e985b2db35277f5086f2728fb8c5c0cee11c047bdb7880e540009/qartuli/index.m3u8
2026-08-25 22:31:45,776 [INFO] Scraping musicbox...
2026-08-25 22:31:49,050 [INFO]  -> Success: https://live6.mar.tv/361fc604826e985b2db35277f5086f2728fb8c5c0cee11c047bdb7880e540009/34musge/index.m3u8
2026-08-25 22:31:49,082 [INFO] Scraping marneuli...
2026-08-25 22:31:52,362 [INFO]  -> Success: https://live6.mar.tv/361fc604826e985b2db35277f5086f2728fb8c5c0cee11c047bdb7880e540009/37marn/index.m3u8
2026-08-25 22:31:52,430 [INFO] Scraping axaliformula...
2026-08-25 22:31:55,714 [INFO]  -> Success: https://live6.mar.tv/361fc604826e985b2db35277f5086f2728fb8c5c0cee11c047bdb7880e540009/axaliformla/index.m3u8
2026-08-25 22:31:55,747 [INFO] Scraping o2...
2026-08-25 22:31:59,021 [INFO]  -> Success: https://live5.mar.tv/361fc604826e985b2db35277f5086f2728fb8c5c0cee11c047bdb7880e540009/40/index.m3u8
2026-08-25 22:31:59,052 [INFO] Scraping guria...
2026-08-25 22:32:02,331 [INFO]  -> Success: https://live5.mar.tv/361fc604826e985b2db35277f5086f2728fb8c5c0cee11c047bdb7880e540009/42/index.m3u8
2026-08-25 22:32:02,364 [INFO] Scraping imervizia...
2026-08-25 22:32:05,643 [INFO]  -> Success: https://live6.mar.tv/361fc604826e985b2db35277f5086f2728fb8c5c0cee11c047bdb7880e540009/imervizia/index.m3u8
2026-08-25 22:32:05,677 [INFO] Scraping diatv...
2026-08-25 22:32:08,956 [INFO]  -> Success: https://live4.mar.tv/361fc604826e985b2db35277f5086f2728fb8c5c0cee11c047bdb7880e540009/dia/index.m3u8
2026-08-25 22:32:08,989 [INFO] Scraping chveniarxi...
2026-08-25 22:32:12,267 [INFO]  -> Success: https://live3.mar.tv/361fc604826e985b2db35277f5086f2728fb8c5c0cee11c047bdb7880e540009/45rd/index.m3u8
2026-08-25 22:32:12,300 [INFO] Scraping batumitv...
2026-08-25 22:32:15,578 [INFO]  -> Success: https://live5.mar.tv/361fc604826e985b2db35277f5086f2728fb8c5c0cee11c047bdb7880e540009/46/index.m3u8
2026-08-25 22:32:15,613 [INFO] Scraping rcheuli...
2026-08-25 22:32:18,889 [INFO]  -> Success: https://live5.mar.tv/361fc604826e985b2db35277f5086f2728fb8c5c0cee11c047bdb7880e540009/47/index.m3u8
2026-08-25 22:32:18,924 [INFO] Scraping gurjaani...
2026-08-25 22:32:22,200 [INFO]  -> Success: https://live4.mar.tv/361fc604826e985b2db35277f5086f2728fb8c5c0cee11c047bdb7880e540009/48m/index.m3u8
2026-08-25 22:32:22,232 [INFO] Scraping molitv...
2026-08-25 22:32:25,511 [INFO]  -> Success: https://live6.mar.tv/361fc604826e985b2db35277f5086f2728fb8c5c0cee11c047bdb7880e540009/mollltv/index.m3u8
2026-08-25 22:32:25,545 [INFO] Scraping mexute...
2026-08-25 22:32:28,821 [INFO]  -> Success: https://live6.mar.tv/361fc604826e985b2db35277f5086f2728fb8c5c0cee11c047bdb7880e540009/50/index.m3u8
2026-08-25 22:32:28,871 [INFO] Scraping agrogaremo...
2026-08-25 22:32:32,146 [INFO]  -> Success: https://live6.mar.tv/361fc604826e985b2db35277f5086f2728fb8c5c0cee11c047bdb7880e540009/agrogaremo/index.m3u8
2026-08-25 22:32:32,179 [INFO] Scraping artv...
2026-08-25 22:32:35,456 [INFO]  -> Success: https://live6.mar.tv/361fc604826e985b2db35277f5086f2728fb8c5c0cee11c047bdb7880e540009/tafutv/index.m3u8
2026-08-25 22:32:35,489 [INFO] Scraping meteo24...
2026-08-25 22:32:38,767 [INFO]  -> Success: https://live5.mar.tv/361fc604826e985b2db35277f5086f2728fb8c5c0cee11c047bdb7880e540009/56/index.m3u8
2026-08-25 22:32:38,802 [INFO] Scraping georgiantimes...
2026-08-25 22:32:42,082 [INFO]  -> Success: https://live5.mar.tv/361fc604826e985b2db35277f5086f2728fb8c5c0cee11c047bdb7880e540009/57/index.m3u8
2026-08-25 22:32:42,116 [INFO] Scraping silkuniversal...
2026-08-25 22:32:45,395 [INFO]  -> Success: https://live2.mar.tv/361fc604826e985b2db35277f5086f2728fb8c5c0cee11c047bdb7880e540009/1arxiweb/index.m3u8
2026-08-25 22:32:45,428 [INFO] Scraping rugbytv...
2026-08-25 22:32:48,708 [INFO]  -> Success: https://live4.mar.tv/361fc604826e985b2db35277f5086f2728fb8c5c0cee11c047bdb7880e540009/160m/index.m3u8
2026-08-25 22:32:48,741 [INFO] Scraping gms...
2026-08-25 22:32:52,019 [INFO]  -> Success: https://live5.mar.tv/361fc604826e985b2db35277f5086f2728fb8c5c0cee11c047bdb7880e540009/161/index.m3u8
2026-08-25 22:32:52,054 [INFO] Scraping aiatv...
2026-08-25 22:32:55,332 [INFO]  -> Success: https://live6.mar.tv/361fc604826e985b2db35277f5086f2728fb8c5c0cee11c047bdb7880e540009/aia/index.m3u8
2026-08-25 22:32:55,364 [INFO] Scraping batumi2...
2026-08-25 22:32:58,645 [INFO]  -> Success: https://live6.mar.tv/361fc604826e985b2db35277f5086f2728fb8c5c0cee11c047bdb7880e540009/batumitv2/index.m3u8
2026-08-25 22:32:58,679 [INFO] Scraping altinfo...
2026-08-25 22:33:01,956 [INFO]  -> Success: https://live6.mar.tv/361fc604826e985b2db35277f5086f2728fb8c5c0cee11c047bdb7880e540009/altinfo/index.m3u8
2026-08-25 22:33:01,989 [INFO] Scraping parliament...
2026-08-25 22:33:05,268 [INFO]  -> Success: https://live6.mar.tv/361fc604826e985b2db35277f5086f2728fb8c5c0cee11c047bdb7880e540009/parlament/index.m3u8
2026-08-25 22:33:05,302 [INFO] Scraping egrisi...
2026-08-25 22:33:08,576 [INFO]  -> Success: https://live6.mar.tv/361fc604826e985b2db35277f5086f2728fb8c5c0cee11c047bdb7880e540009/egrisi/index.m3u8
2026-08-25 22:33:08,609 [INFO] Scraping mzetv...
2026-08-25 22:33:11,889 [INFO]  -> Success: https://live6.mar.tv/361fc604826e985b2db35277f5086f2728fb8c5c0cee11c047bdb7880e540009/mze/index.m3u8
2026-08-25 22:33:11,940 [WARNING] Failed to find tvg-id="rustavi2" in georgia_channels.m3u
2026-08-25 22:33:11,940 [WARNING] Failed to find tvg-id="maestro" in georgia_channels.m3u
2026-08-25 22:33:11,940 [WARNING] Failed to find tvg-id="marao" in georgia_channels.m3u
2026-08-25 22:33:11,940 [WARNING] Failed to find tvg-id="gds" in georgia_channels.m3u
2026-08-25 22:33:11,941 [WARNING] Failed to find tvg-id="comedy" in georgia_channels.m3u
2026-08-25 22:33:11,941 [WARNING] Failed to find tvg-id="bbb" in georgia_channels.m3u
2026-08-25 22:33:11,941 [WARNING] Failed to find tvg-id="enkibenki" in georgia_channels.m3u
2026-08-25 22:33:11,941 [WARNING] Failed to find tvg-id="adjaratv" in georgia_channels.m3u
2026-08-25 22:33:11,941 [WARNING] Failed to find tvg-id="rionitv" in georgia_channels.m3u
2026-08-25 22:33:11,941 [WARNING] Failed to find tvg-id="tv25" in georgia_channels.m3u
2026-08-25 22:33:11,942 [WARNING] Failed to find tvg-id="tv4rustavi" in georgia_channels.m3u
2026-08-25 22:33:11,942 [WARNING] Failed to find tvg-id="trialeti" in georgia_channels.m3u
2026-08-25 22:33:11,942 [WARNING] Failed to find tvg-id="dardimandi" in georgia_channels.m3u
2026-08-25 22:33:11,942 [WARNING] Failed to find tvg-id="agro" in georgia_channels.m3u
2026-08-25 22:33:11,942 [WARNING] Failed to find tvg-id="samefo" in georgia_channels.m3u
2026-08-25 22:33:11,942 [WARNING] Failed to find tvg-id="postv" in georgia_channels.m3u
2026-08-25 22:33:11,942 [WARNING] Failed to find tvg-id="megatv" in georgia_channels.m3u
2026-08-25 22:33:11,943 [WARNING] Failed to find tvg-id="qartuliarxi" in georgia_channels.m3u
2026-08-25 22:33:11,943 [WARNING] Failed to find tvg-id="musicbox" in georgia_channels.m3u
2026-08-25 22:33:11,943 [WARNING] Failed to find tvg-id="marneuli" in georgia_channels.m3u
2026-08-25 22:33:11,943 [WARNING] Failed to find tvg-id="axaliformula" in georgia_channels.m3u
2026-08-25 22:33:11,943 [WARNING] Failed to find tvg-id="o2" in georgia_channels.m3u
2026-08-25 22:33:11,943 [WARNING] Failed to find tvg-id="guria" in georgia_channels.m3u
2026-08-25 22:33:11,944 [WARNING] Failed to find tvg-id="imervizia" in georgia_channels.m3u
2026-08-25 22:33:11,944 [WARNING] Failed to find tvg-id="diatv" in georgia_channels.m3u
2026-08-25 22:33:11,944 [WARNING] Failed to find tvg-id="chveniarxi" in georgia_channels.m3u
2026-08-25 22:33:11,944 [WARNING] Failed to find tvg-id="batumitv" in georgia_channels.m3u
2026-08-25 22:33:11,944 [WARNING] Failed to find tvg-id="rcheuli" in georgia_channels.m3u
2026-08-25 22:33:11,944 [WARNING] Failed to find tvg-id="gurjaani" in georgia_channels.m3u
2026-08-25 22:33:11,944 [WARNING] Failed to find tvg-id="molitv" in georgia_channels.m3u
2026-08-25 22:33:11,945 [WARNING] Failed to find tvg-id="mexute" in georgia_channels.m3u
2026-08-25 22:33:11,945 [WARNING] Failed to find tvg-id="agrogaremo" in georgia_channels.m3u
2026-08-25 22:33:11,945 [WARNING] Failed to find tvg-id="artv" in georgia_channels.m3u
2026-08-25 22:33:11,945 [WARNING] Failed to find tvg-id="meteo24" in georgia_channels.m3u
2026-08-25 22:33:11,945 [WARNING] Failed to find tvg-id="georgiantimes" in georgia_channels.m3u
2026-08-25 22:33:11,945 [WARNING] Failed to find tvg-id="silkuniversal" in georgia_channels.m3u
2026-08-25 22:33:11,945 [WARNING] Failed to find tvg-id="rugbytv" in georgia_channels.m3u
2026-08-25 22:33:11,946 [WARNING] Failed to find tvg-id="gms" in georgia_channels.m3u
2026-08-25 22:33:11,946 [WARNING] Failed to find tvg-id="aiatv" in georgia_channels.m3u
2026-08-25 22:33:11,946 [WARNING] Failed to find tvg-id="batumi2" in georgia_channels.m3u
2026-08-25 22:33:11,946 [WARNING] Failed to find tvg-id="altinfo" in georgia_channels.m3u
2026-08-25 22:33:11,946 [WARNING] Failed to find tvg-id="parliament" in georgia_channels.m3u
2026-08-25 22:33:11,946 [WARNING] Failed to find tvg-id="egrisi" in georgia_channels.m3u
2026-08-25 22:33:11,946 [WARNING] Failed to find tvg-id="mzetv" in georgia_channels.m3u
2026-08-25 22:33:11,947 [INFO] No file changes were made.
2026-08-25 22:33:11,947 [INFO] === UPDATE EXECUTION FINISHED ===
