2026-08-25 09:38:39,731 [INFO] === UPDATE EXECUTION STARTED ===
2026-08-25 09:38:39,731 [INFO] Fetching Setanta Sports 3 from IPTV-ORG...
2026-08-25 09:38:39,871 [INFO] Launching batch scraper for 44 channels on tv.mar.tv...
2026-08-25 09:38:40,791 [INFO] Scraping rustavi2...
2026-08-25 09:38:46,366 [INFO]  -> Success: https://live8.mar.tv/1/4rd/index.m3u8
2026-08-25 09:38:46,390 [INFO] Scraping maestro...
2026-08-25 09:38:49,668 [INFO]  -> Success: https://live4.mar.tv/c4ca47e1b55982721f26db2752c7e1e207f060dd92f6376bebbaad9b5749880f/352m/index.m3u8
2026-08-25 09:38:49,695 [INFO] Scraping marao...
2026-08-25 09:38:52,967 [INFO]  -> Success: https://live2.mar.tv/c4ca47e1b55982721f26db2752c7e1e207f060dd92f6376bebbaad9b5749880f/12sd/index.m3u8
2026-08-25 09:38:52,995 [INFO] Scraping gds...
2026-08-25 09:38:56,266 [INFO]  -> Success: https://live1.mar.tv/c4ca47e1b55982721f26db2752c7e1e207f060dd92f6376bebbaad9b5749880f/13sd/index.m3u8
2026-08-25 09:38:56,291 [INFO] Scraping comedy...
2026-08-25 09:38:59,567 [INFO]  -> Success: https://live4.mar.tv/c4ca47e1b55982721f26db2752c7e1e207f060dd92f6376bebbaad9b5749880f/14rd/index.m3u8
2026-08-25 09:38:59,592 [INFO] Scraping bbb...
2026-08-25 09:39:02,866 [INFO]  -> Success: https://live2.mar.tv/c4ca47e1b55982721f26db2752c7e1e207f060dd92f6376bebbaad9b5749880f/16sd/index.m3u8
2026-08-25 09:39:02,890 [INFO] Scraping enkibenki...
2026-08-25 09:39:06,162 [INFO]  -> Success: https://live2.mar.tv/c4ca47e1b55982721f26db2752c7e1e207f060dd92f6376bebbaad9b5749880f/17e/index.m3u8
2026-08-25 09:39:06,199 [INFO] Scraping adjaratv...
2026-08-25 09:39:09,471 [INFO]  -> Success: https://live2.mar.tv/c4ca47e1b55982721f26db2752c7e1e207f060dd92f6376bebbaad9b5749880f/19rd/index.m3u8
2026-08-25 09:39:09,502 [INFO] Scraping rionitv...
2026-08-25 09:39:12,772 [INFO]  -> Success: https://live6.mar.tv/c4ca47e1b55982721f26db2752c7e1e207f060dd92f6376bebbaad9b5749880f/20rionn/index.m3u8
2026-08-25 09:39:12,797 [INFO] Scraping tv25...
2026-08-25 09:39:16,072 [INFO]  -> Success: https://live6.mar.tv/c4ca47e1b55982721f26db2752c7e1e207f060dd92f6376bebbaad9b5749880f/23tv25/index.m3u8
2026-08-25 09:39:16,098 [INFO] Scraping tv4rustavi...
2026-08-25 09:39:19,373 [INFO]  -> Success: https://live6.mar.tv/c4ca47e1b55982721f26db2752c7e1e207f060dd92f6376bebbaad9b5749880f/24tw4/index.m3u8
2026-08-25 09:39:19,503 [INFO] Scraping trialeti...
2026-08-25 09:39:23,011 [INFO]  -> Success: https://live6.mar.tv/c4ca47e1b55982721f26db2752c7e1e207f060dd92f6376bebbaad9b5749880f/trialleti/index.m3u8
2026-08-25 09:39:23,040 [INFO] Scraping dardimandi...
2026-08-25 09:39:26,312 [INFO]  -> Success: https://live5.mar.tv/c4ca47e1b55982721f26db2752c7e1e207f060dd92f6376bebbaad9b5749880f/27/index.m3u8
2026-08-25 09:39:26,338 [INFO] Scraping agro...
2026-08-25 09:39:29,613 [INFO]  -> Success: https://live5.mar.tv/c4ca47e1b55982721f26db2752c7e1e207f060dd92f6376bebbaad9b5749880f/28/index.m3u8
2026-08-25 09:39:29,640 [INFO] Scraping samefo...
2026-08-25 09:39:32,913 [INFO]  -> Success: https://live5.mar.tv/c4ca47e1b55982721f26db2752c7e1e207f060dd92f6376bebbaad9b5749880f/29/index.m3u8
2026-08-25 09:39:32,939 [INFO] Scraping postv...
2026-08-25 09:39:36,214 [INFO]  -> Success: https://live6.mar.tv/c4ca47e1b55982721f26db2752c7e1e207f060dd92f6376bebbaad9b5749880f/postvw/index.m3u8
2026-08-25 09:39:36,239 [INFO] Scraping megatv...
2026-08-25 09:39:39,512 [INFO]  -> Success: https://live4.mar.tv/c4ca47e1b55982721f26db2752c7e1e207f060dd92f6376bebbaad9b5749880f/32st/index.m3u8
2026-08-25 09:39:39,539 [INFO] Scraping qartuliarxi...
2026-08-25 09:39:42,812 [INFO]  -> Success: https://live6.mar.tv/c4ca47e1b55982721f26db2752c7e1e207f060dd92f6376bebbaad9b5749880f/qartuli/index.m3u8
2026-08-25 09:39:42,839 [INFO] Scraping musicbox...
2026-08-25 09:39:46,118 [INFO]  -> Success: https://live6.mar.tv/c4ca47e1b55982721f26db2752c7e1e207f060dd92f6376bebbaad9b5749880f/34musge/index.m3u8
2026-08-25 09:39:46,148 [INFO] Scraping marneuli...
2026-08-25 09:39:49,433 [INFO]  -> Success: https://live6.mar.tv/c4ca47e1b55982721f26db2752c7e1e207f060dd92f6376bebbaad9b5749880f/37marn/index.m3u8
2026-08-25 09:39:49,458 [INFO] Scraping axaliformula...
2026-08-25 09:39:52,732 [INFO]  -> Success: https://live6.mar.tv/c4ca47e1b55982721f26db2752c7e1e207f060dd92f6376bebbaad9b5749880f/axaliformla/index.m3u8
2026-08-25 09:39:52,760 [INFO] Scraping o2...
2026-08-25 09:39:56,040 [INFO]  -> Success: https://live5.mar.tv/c4ca47e1b55982721f26db2752c7e1e207f060dd92f6376bebbaad9b5749880f/40/index.m3u8
2026-08-25 09:39:56,064 [INFO] Scraping guria...
2026-08-25 09:39:59,339 [INFO]  -> Success: https://live5.mar.tv/c4ca47e1b55982721f26db2752c7e1e207f060dd92f6376bebbaad9b5749880f/42/index.m3u8
2026-08-25 09:39:59,365 [INFO] Scraping imervizia...
2026-08-25 09:40:02,636 [INFO]  -> Success: https://live6.mar.tv/c4ca47e1b55982721f26db2752c7e1e207f060dd92f6376bebbaad9b5749880f/imervizia/index.m3u8
2026-08-25 09:40:02,666 [INFO] Scraping diatv...
2026-08-25 09:40:05,944 [INFO]  -> Success: https://live4.mar.tv/c4ca47e1b55982721f26db2752c7e1e207f060dd92f6376bebbaad9b5749880f/dia/index.m3u8
2026-08-25 09:40:05,972 [INFO] Scraping chveniarxi...
2026-08-25 09:40:09,247 [INFO]  -> Success: https://live3.mar.tv/c4ca47e1b55982721f26db2752c7e1e207f060dd92f6376bebbaad9b5749880f/45rd/index.m3u8
2026-08-25 09:40:09,277 [INFO] Scraping batumitv...
2026-08-25 09:40:12,569 [INFO]  -> Success: https://live5.mar.tv/c4ca47e1b55982721f26db2752c7e1e207f060dd92f6376bebbaad9b5749880f/46/index.m3u8
2026-08-25 09:40:12,593 [INFO] Scraping rcheuli...
2026-08-25 09:40:15,865 [INFO]  -> Success: https://live5.mar.tv/c4ca47e1b55982721f26db2752c7e1e207f060dd92f6376bebbaad9b5749880f/47/index.m3u8
2026-08-25 09:40:15,892 [INFO] Scraping gurjaani...
2026-08-25 09:40:19,162 [INFO]  -> Success: https://live4.mar.tv/c4ca47e1b55982721f26db2752c7e1e207f060dd92f6376bebbaad9b5749880f/48m/index.m3u8
2026-08-25 09:40:19,188 [INFO] Scraping molitv...
2026-08-25 09:40:22,461 [INFO]  -> Success: https://live6.mar.tv/c4ca47e1b55982721f26db2752c7e1e207f060dd92f6376bebbaad9b5749880f/mollltv/index.m3u8
2026-08-25 09:40:22,495 [INFO] Scraping mexute...
2026-08-25 09:40:25,767 [INFO]  -> Success: https://live6.mar.tv/c4ca47e1b55982721f26db2752c7e1e207f060dd92f6376bebbaad9b5749880f/50/index.m3u8
2026-08-25 09:40:25,795 [INFO] Scraping agrogaremo...
2026-08-25 09:40:29,067 [INFO]  -> Success: https://live6.mar.tv/c4ca47e1b55982721f26db2752c7e1e207f060dd92f6376bebbaad9b5749880f/agrogaremo/index.m3u8
2026-08-25 09:40:29,092 [INFO] Scraping artv...
2026-08-25 09:40:32,365 [INFO]  -> Success: https://live6.mar.tv/c4ca47e1b55982721f26db2752c7e1e207f060dd92f6376bebbaad9b5749880f/tafutv/index.m3u8
2026-08-25 09:40:32,389 [INFO] Scraping meteo24...
2026-08-25 09:40:35,664 [INFO]  -> Success: https://live5.mar.tv/c4ca47e1b55982721f26db2752c7e1e207f060dd92f6376bebbaad9b5749880f/56/index.m3u8
2026-08-25 09:40:35,690 [INFO] Scraping georgiantimes...
2026-08-25 09:40:38,992 [INFO]  -> Success: https://live5.mar.tv/c4ca47e1b55982721f26db2752c7e1e207f060dd92f6376bebbaad9b5749880f/57/index.m3u8
2026-08-25 09:40:39,018 [INFO] Scraping silkuniversal...
2026-08-25 09:40:42,307 [INFO]  -> Success: https://live2.mar.tv/c4ca47e1b55982721f26db2752c7e1e207f060dd92f6376bebbaad9b5749880f/1arxiweb/index.m3u8
2026-08-25 09:40:42,335 [INFO] Scraping rugbytv...
2026-08-25 09:40:45,609 [INFO]  -> Success: https://live4.mar.tv/c4ca47e1b55982721f26db2752c7e1e207f060dd92f6376bebbaad9b5749880f/160m/index.m3u8
2026-08-25 09:40:45,635 [INFO] Scraping gms...
2026-08-25 09:40:48,910 [INFO]  -> Success: https://live5.mar.tv/c4ca47e1b55982721f26db2752c7e1e207f060dd92f6376bebbaad9b5749880f/161/index.m3u8
2026-08-25 09:40:48,935 [INFO] Scraping aiatv...
2026-08-25 09:40:52,209 [INFO]  -> Success: https://live6.mar.tv/c4ca47e1b55982721f26db2752c7e1e207f060dd92f6376bebbaad9b5749880f/aia/index.m3u8
2026-08-25 09:40:52,234 [INFO] Scraping batumi2...
2026-08-25 09:40:55,508 [INFO]  -> Success: https://live6.mar.tv/c4ca47e1b55982721f26db2752c7e1e207f060dd92f6376bebbaad9b5749880f/batumitv2/index.m3u8
2026-08-25 09:40:55,533 [INFO] Scraping altinfo...
2026-08-25 09:40:58,805 [INFO]  -> Success: https://live6.mar.tv/c4ca47e1b55982721f26db2752c7e1e207f060dd92f6376bebbaad9b5749880f/altinfo/index.m3u8
2026-08-25 09:40:58,834 [INFO] Scraping parliament...
2026-08-25 09:41:02,107 [INFO]  -> Success: https://live6.mar.tv/c4ca47e1b55982721f26db2752c7e1e207f060dd92f6376bebbaad9b5749880f/parlament/index.m3u8
2026-08-25 09:41:02,132 [INFO] Scraping egrisi...
2026-08-25 09:41:05,410 [INFO]  -> Success: https://live6.mar.tv/c4ca47e1b55982721f26db2752c7e1e207f060dd92f6376bebbaad9b5749880f/egrisi/index.m3u8
2026-08-25 09:41:05,439 [INFO] Scraping mzetv...
2026-08-25 09:41:08,712 [INFO]  -> Success: https://live6.mar.tv/c4ca47e1b55982721f26db2752c7e1e207f060dd92f6376bebbaad9b5749880f/mze/index.m3u8
2026-08-25 09:41:08,744 [WARNING] Failed to find tvg-id="rustavi2" in georgia_channels.m3u
2026-08-25 09:41:08,744 [WARNING] Failed to find tvg-id="maestro" in georgia_channels.m3u
2026-08-25 09:41:08,744 [WARNING] Failed to find tvg-id="marao" in georgia_channels.m3u
2026-08-25 09:41:08,744 [WARNING] Failed to find tvg-id="gds" in georgia_channels.m3u
2026-08-25 09:41:08,744 [WARNING] Failed to find tvg-id="comedy" in georgia_channels.m3u
2026-08-25 09:41:08,745 [WARNING] Failed to find tvg-id="bbb" in georgia_channels.m3u
2026-08-25 09:41:08,745 [WARNING] Failed to find tvg-id="enkibenki" in georgia_channels.m3u
2026-08-25 09:41:08,745 [WARNING] Failed to find tvg-id="adjaratv" in georgia_channels.m3u
2026-08-25 09:41:08,745 [WARNING] Failed to find tvg-id="rionitv" in georgia_channels.m3u
2026-08-25 09:41:08,745 [WARNING] Failed to find tvg-id="tv25" in georgia_channels.m3u
2026-08-25 09:41:08,745 [WARNING] Failed to find tvg-id="tv4rustavi" in georgia_channels.m3u
2026-08-25 09:41:08,745 [WARNING] Failed to find tvg-id="trialeti" in georgia_channels.m3u
2026-08-25 09:41:08,746 [WARNING] Failed to find tvg-id="dardimandi" in georgia_channels.m3u
2026-08-25 09:41:08,746 [WARNING] Failed to find tvg-id="agro" in georgia_channels.m3u
2026-08-25 09:41:08,746 [WARNING] Failed to find tvg-id="samefo" in georgia_channels.m3u
2026-08-25 09:41:08,746 [WARNING] Failed to find tvg-id="postv" in georgia_channels.m3u
2026-08-25 09:41:08,746 [WARNING] Failed to find tvg-id="megatv" in georgia_channels.m3u
2026-08-25 09:41:08,746 [WARNING] Failed to find tvg-id="qartuliarxi" in georgia_channels.m3u
2026-08-25 09:41:08,746 [WARNING] Failed to find tvg-id="musicbox" in georgia_channels.m3u
2026-08-25 09:41:08,746 [WARNING] Failed to find tvg-id="marneuli" in georgia_channels.m3u
2026-08-25 09:41:08,747 [WARNING] Failed to find tvg-id="axaliformula" in georgia_channels.m3u
2026-08-25 09:41:08,747 [WARNING] Failed to find tvg-id="o2" in georgia_channels.m3u
2026-08-25 09:41:08,747 [WARNING] Failed to find tvg-id="guria" in georgia_channels.m3u
2026-08-25 09:41:08,747 [WARNING] Failed to find tvg-id="imervizia" in georgia_channels.m3u
2026-08-25 09:41:08,747 [WARNING] Failed to find tvg-id="diatv" in georgia_channels.m3u
2026-08-25 09:41:08,747 [WARNING] Failed to find tvg-id="chveniarxi" in georgia_channels.m3u
2026-08-25 09:41:08,747 [WARNING] Failed to find tvg-id="batumitv" in georgia_channels.m3u
2026-08-25 09:41:08,747 [WARNING] Failed to find tvg-id="rcheuli" in georgia_channels.m3u
2026-08-25 09:41:08,748 [WARNING] Failed to find tvg-id="gurjaani" in georgia_channels.m3u
2026-08-25 09:41:08,748 [WARNING] Failed to find tvg-id="molitv" in georgia_channels.m3u
2026-08-25 09:41:08,748 [WARNING] Failed to find tvg-id="mexute" in georgia_channels.m3u
2026-08-25 09:41:08,748 [WARNING] Failed to find tvg-id="agrogaremo" in georgia_channels.m3u
2026-08-25 09:41:08,748 [WARNING] Failed to find tvg-id="artv" in georgia_channels.m3u
2026-08-25 09:41:08,748 [WARNING] Failed to find tvg-id="meteo24" in georgia_channels.m3u
2026-08-25 09:41:08,748 [WARNING] Failed to find tvg-id="georgiantimes" in georgia_channels.m3u
2026-08-25 09:41:08,748 [WARNING] Failed to find tvg-id="silkuniversal" in georgia_channels.m3u
2026-08-25 09:41:08,749 [WARNING] Failed to find tvg-id="rugbytv" in georgia_channels.m3u
2026-08-25 09:41:08,749 [WARNING] Failed to find tvg-id="gms" in georgia_channels.m3u
2026-08-25 09:41:08,749 [WARNING] Failed to find tvg-id="aiatv" in georgia_channels.m3u
2026-08-25 09:41:08,749 [WARNING] Failed to find tvg-id="batumi2" in georgia_channels.m3u
2026-08-25 09:41:08,749 [WARNING] Failed to find tvg-id="altinfo" in georgia_channels.m3u
2026-08-25 09:41:08,749 [WARNING] Failed to find tvg-id="parliament" in georgia_channels.m3u
2026-08-25 09:41:08,749 [WARNING] Failed to find tvg-id="egrisi" in georgia_channels.m3u
2026-08-25 09:41:08,749 [WARNING] Failed to find tvg-id="mzetv" in georgia_channels.m3u
2026-08-25 09:41:08,749 [INFO] No file changes were made.
2026-08-25 09:41:08,749 [INFO] === UPDATE EXECUTION FINISHED ===
