2026-08-24 03:06:13,285 [INFO] === UPDATE EXECUTION STARTED ===
2026-08-24 03:06:13,285 [INFO] Fetching Setanta Sports 3 from IPTV-ORG...
2026-08-24 03:06:13,428 [INFO] Launching batch scraper for 44 channels on tv.mar.tv...
2026-08-24 03:06:15,309 [INFO] Scraping rustavi2...
2026-08-24 03:06:20,557 [INFO]  -> Success: https://live8.mar.tv/1/4rd/index.m3u8
2026-08-24 03:06:20,594 [INFO] Scraping maestro...
2026-08-24 03:06:23,904 [INFO]  -> Success: https://live4.mar.tv/02e7669a02d6830eccfe20718736d6870f1608a59b8530900d6844f3bf0c472e/352m/index.m3u8
2026-08-24 03:06:23,939 [INFO] Scraping marao...
2026-08-24 03:06:27,247 [INFO]  -> Success: https://live2.mar.tv/02e7669a02d6830eccfe20718736d6870f1608a59b8530900d6844f3bf0c472e/12sd/index.m3u8
2026-08-24 03:06:27,276 [INFO] Scraping gds...
2026-08-24 03:06:30,586 [INFO]  -> Success: https://live1.mar.tv/02e7669a02d6830eccfe20718736d6870f1608a59b8530900d6844f3bf0c472e/13sd/index.m3u8
2026-08-24 03:06:30,617 [INFO] Scraping comedy...
2026-08-24 03:06:33,925 [INFO]  -> Success: https://live4.mar.tv/02e7669a02d6830eccfe20718736d6870f1608a59b8530900d6844f3bf0c472e/14rd/index.m3u8
2026-08-24 03:06:33,956 [INFO] Scraping bbb...
2026-08-24 03:06:37,261 [INFO]  -> Success: https://live2.mar.tv/02e7669a02d6830eccfe20718736d6870f1608a59b8530900d6844f3bf0c472e/16sd/index.m3u8
2026-08-24 03:06:37,292 [INFO] Scraping enkibenki...
2026-08-24 03:06:40,600 [INFO]  -> Success: https://live2.mar.tv/02e7669a02d6830eccfe20718736d6870f1608a59b8530900d6844f3bf0c472e/17e/index.m3u8
2026-08-24 03:06:40,629 [INFO] Scraping adjaratv...
2026-08-24 03:06:43,938 [INFO]  -> Success: https://live2.mar.tv/02e7669a02d6830eccfe20718736d6870f1608a59b8530900d6844f3bf0c472e/19rd/index.m3u8
2026-08-24 03:06:43,967 [INFO] Scraping rionitv...
2026-08-24 03:06:47,277 [INFO]  -> Success: https://live6.mar.tv/02e7669a02d6830eccfe20718736d6870f1608a59b8530900d6844f3bf0c472e/20rionn/index.m3u8
2026-08-24 03:06:47,310 [INFO] Scraping tv25...
2026-08-24 03:06:50,622 [INFO]  -> Success: https://live6.mar.tv/02e7669a02d6830eccfe20718736d6870f1608a59b8530900d6844f3bf0c472e/23tv25/index.m3u8
2026-08-24 03:06:50,651 [INFO] Scraping tv4rustavi...
2026-08-24 03:06:53,960 [INFO]  -> Success: https://live6.mar.tv/02e7669a02d6830eccfe20718736d6870f1608a59b8530900d6844f3bf0c472e/24tw4/index.m3u8
2026-08-24 03:06:53,991 [INFO] Scraping trialeti...
2026-08-24 03:06:57,298 [INFO]  -> Success: https://live6.mar.tv/02e7669a02d6830eccfe20718736d6870f1608a59b8530900d6844f3bf0c472e/trialleti/index.m3u8
2026-08-24 03:06:57,329 [INFO] Scraping dardimandi...
2026-08-24 03:07:00,652 [INFO]  -> Success: https://live5.mar.tv/02e7669a02d6830eccfe20718736d6870f1608a59b8530900d6844f3bf0c472e/27/index.m3u8
2026-08-24 03:07:00,683 [INFO] Scraping agro...
2026-08-24 03:07:03,992 [INFO]  -> Success: https://live5.mar.tv/02e7669a02d6830eccfe20718736d6870f1608a59b8530900d6844f3bf0c472e/28/index.m3u8
2026-08-24 03:07:04,022 [INFO] Scraping samefo...
2026-08-24 03:07:07,330 [INFO]  -> Success: https://live5.mar.tv/02e7669a02d6830eccfe20718736d6870f1608a59b8530900d6844f3bf0c472e/29/index.m3u8
2026-08-24 03:07:07,361 [INFO] Scraping postv...
2026-08-24 03:07:10,667 [INFO]  -> Success: https://live6.mar.tv/02e7669a02d6830eccfe20718736d6870f1608a59b8530900d6844f3bf0c472e/postvw/index.m3u8
2026-08-24 03:07:10,698 [INFO] Scraping megatv...
2026-08-24 03:07:14,006 [INFO]  -> Success: https://live4.mar.tv/02e7669a02d6830eccfe20718736d6870f1608a59b8530900d6844f3bf0c472e/32st/index.m3u8
2026-08-24 03:07:14,036 [INFO] Scraping qartuliarxi...
2026-08-24 03:07:17,346 [INFO]  -> Success: https://live6.mar.tv/02e7669a02d6830eccfe20718736d6870f1608a59b8530900d6844f3bf0c472e/qartuli/index.m3u8
2026-08-24 03:07:17,379 [INFO] Scraping musicbox...
2026-08-24 03:07:20,688 [INFO]  -> Success: https://live6.mar.tv/02e7669a02d6830eccfe20718736d6870f1608a59b8530900d6844f3bf0c472e/34musge/index.m3u8
2026-08-24 03:07:20,722 [INFO] Scraping marneuli...
2026-08-24 03:07:24,029 [INFO]  -> Success: https://live6.mar.tv/02e7669a02d6830eccfe20718736d6870f1608a59b8530900d6844f3bf0c472e/37marn/index.m3u8
2026-08-24 03:07:24,057 [INFO] Scraping axaliformula...
2026-08-24 03:07:27,364 [INFO]  -> Success: https://live6.mar.tv/02e7669a02d6830eccfe20718736d6870f1608a59b8530900d6844f3bf0c472e/axaliformla/index.m3u8
2026-08-24 03:07:27,393 [INFO] Scraping o2...
2026-08-24 03:07:30,701 [INFO]  -> Success: https://live5.mar.tv/02e7669a02d6830eccfe20718736d6870f1608a59b8530900d6844f3bf0c472e/40/index.m3u8
2026-08-24 03:07:30,734 [INFO] Scraping guria...
2026-08-24 03:07:34,043 [INFO]  -> Success: https://live5.mar.tv/02e7669a02d6830eccfe20718736d6870f1608a59b8530900d6844f3bf0c472e/42/index.m3u8
2026-08-24 03:07:34,075 [INFO] Scraping imervizia...
2026-08-24 03:07:37,384 [INFO]  -> Success: https://live6.mar.tv/02e7669a02d6830eccfe20718736d6870f1608a59b8530900d6844f3bf0c472e/imervizia/index.m3u8
2026-08-24 03:07:37,415 [INFO] Scraping diatv...
2026-08-24 03:07:40,726 [INFO]  -> Success: https://live4.mar.tv/02e7669a02d6830eccfe20718736d6870f1608a59b8530900d6844f3bf0c472e/dia/index.m3u8
2026-08-24 03:07:40,755 [INFO] Scraping chveniarxi...
2026-08-24 03:07:44,065 [INFO]  -> Success: https://live3.mar.tv/02e7669a02d6830eccfe20718736d6870f1608a59b8530900d6844f3bf0c472e/45rd/index.m3u8
2026-08-24 03:07:44,096 [INFO] Scraping batumitv...
2026-08-24 03:07:47,405 [INFO]  -> Success: https://live5.mar.tv/02e7669a02d6830eccfe20718736d6870f1608a59b8530900d6844f3bf0c472e/46/index.m3u8
2026-08-24 03:07:47,437 [INFO] Scraping rcheuli...
2026-08-24 03:07:50,745 [INFO]  -> Success: https://live5.mar.tv/02e7669a02d6830eccfe20718736d6870f1608a59b8530900d6844f3bf0c472e/47/index.m3u8
2026-08-24 03:07:50,776 [INFO] Scraping gurjaani...
2026-08-24 03:07:54,082 [INFO]  -> Success: https://live4.mar.tv/02e7669a02d6830eccfe20718736d6870f1608a59b8530900d6844f3bf0c472e/48m/index.m3u8
2026-08-24 03:07:54,112 [INFO] Scraping molitv...
2026-08-24 03:07:57,418 [INFO]  -> Success: https://live6.mar.tv/02e7669a02d6830eccfe20718736d6870f1608a59b8530900d6844f3bf0c472e/mollltv/index.m3u8
2026-08-24 03:07:57,448 [INFO] Scraping mexute...
2026-08-24 03:08:00,752 [INFO]  -> Success: https://live6.mar.tv/02e7669a02d6830eccfe20718736d6870f1608a59b8530900d6844f3bf0c472e/50/index.m3u8
2026-08-24 03:08:00,783 [INFO] Scraping agrogaremo...
2026-08-24 03:08:04,092 [INFO]  -> Success: https://live6.mar.tv/02e7669a02d6830eccfe20718736d6870f1608a59b8530900d6844f3bf0c472e/agrogaremo/index.m3u8
2026-08-24 03:08:04,124 [INFO] Scraping artv...
2026-08-24 03:08:07,430 [INFO]  -> Success: https://live6.mar.tv/02e7669a02d6830eccfe20718736d6870f1608a59b8530900d6844f3bf0c472e/tafutv/index.m3u8
2026-08-24 03:08:07,463 [INFO] Scraping meteo24...
2026-08-24 03:08:10,771 [INFO]  -> Success: https://live5.mar.tv/02e7669a02d6830eccfe20718736d6870f1608a59b8530900d6844f3bf0c472e/56/index.m3u8
2026-08-24 03:08:10,801 [INFO] Scraping georgiantimes...
2026-08-24 03:08:14,130 [INFO]  -> Success: https://live5.mar.tv/02e7669a02d6830eccfe20718736d6870f1608a59b8530900d6844f3bf0c472e/57/index.m3u8
2026-08-24 03:08:14,162 [INFO] Scraping silkuniversal...
2026-08-24 03:08:17,468 [INFO]  -> Success: https://live2.mar.tv/02e7669a02d6830eccfe20718736d6870f1608a59b8530900d6844f3bf0c472e/1arxiweb/index.m3u8
2026-08-24 03:08:17,496 [INFO] Scraping rugbytv...
2026-08-24 03:08:20,802 [INFO]  -> Success: https://live4.mar.tv/02e7669a02d6830eccfe20718736d6870f1608a59b8530900d6844f3bf0c472e/160m/index.m3u8
2026-08-24 03:08:20,831 [INFO] Scraping gms...
2026-08-24 03:08:24,140 [INFO]  -> Success: https://live5.mar.tv/02e7669a02d6830eccfe20718736d6870f1608a59b8530900d6844f3bf0c472e/161/index.m3u8
2026-08-24 03:08:24,170 [INFO] Scraping aiatv...
2026-08-24 03:08:27,481 [INFO]  -> Success: https://live6.mar.tv/02e7669a02d6830eccfe20718736d6870f1608a59b8530900d6844f3bf0c472e/aia/index.m3u8
2026-08-24 03:08:27,510 [INFO] Scraping batumi2...
2026-08-24 03:08:30,815 [INFO]  -> Success: https://live6.mar.tv/02e7669a02d6830eccfe20718736d6870f1608a59b8530900d6844f3bf0c472e/batumitv2/index.m3u8
2026-08-24 03:08:30,844 [INFO] Scraping altinfo...
2026-08-24 03:08:34,156 [INFO]  -> Success: https://live6.mar.tv/02e7669a02d6830eccfe20718736d6870f1608a59b8530900d6844f3bf0c472e/altinfo/index.m3u8
2026-08-24 03:08:34,187 [INFO] Scraping parliament...
2026-08-24 03:08:37,495 [INFO]  -> Success: https://live6.mar.tv/02e7669a02d6830eccfe20718736d6870f1608a59b8530900d6844f3bf0c472e/parlament/index.m3u8
2026-08-24 03:08:37,528 [INFO] Scraping egrisi...
2026-08-24 03:08:40,833 [INFO]  -> Success: https://live6.mar.tv/02e7669a02d6830eccfe20718736d6870f1608a59b8530900d6844f3bf0c472e/egrisi/index.m3u8
2026-08-24 03:08:40,863 [INFO] Scraping mzetv...
2026-08-24 03:08:44,174 [INFO]  -> Success: https://live6.mar.tv/02e7669a02d6830eccfe20718736d6870f1608a59b8530900d6844f3bf0c472e/mze/index.m3u8
2026-08-24 03:08:44,216 [WARNING] Failed to find tvg-id="rustavi2" in georgia_channels.m3u
2026-08-24 03:08:44,216 [WARNING] Failed to find tvg-id="maestro" in georgia_channels.m3u
2026-08-24 03:08:44,216 [WARNING] Failed to find tvg-id="marao" in georgia_channels.m3u
2026-08-24 03:08:44,216 [WARNING] Failed to find tvg-id="gds" in georgia_channels.m3u
2026-08-24 03:08:44,216 [WARNING] Failed to find tvg-id="comedy" in georgia_channels.m3u
2026-08-24 03:08:44,216 [WARNING] Failed to find tvg-id="bbb" in georgia_channels.m3u
2026-08-24 03:08:44,217 [WARNING] Failed to find tvg-id="enkibenki" in georgia_channels.m3u
2026-08-24 03:08:44,217 [WARNING] Failed to find tvg-id="adjaratv" in georgia_channels.m3u
2026-08-24 03:08:44,217 [WARNING] Failed to find tvg-id="rionitv" in georgia_channels.m3u
2026-08-24 03:08:44,217 [WARNING] Failed to find tvg-id="tv25" in georgia_channels.m3u
2026-08-24 03:08:44,217 [WARNING] Failed to find tvg-id="tv4rustavi" in georgia_channels.m3u
2026-08-24 03:08:44,217 [WARNING] Failed to find tvg-id="trialeti" in georgia_channels.m3u
2026-08-24 03:08:44,218 [WARNING] Failed to find tvg-id="dardimandi" in georgia_channels.m3u
2026-08-24 03:08:44,218 [WARNING] Failed to find tvg-id="agro" in georgia_channels.m3u
2026-08-24 03:08:44,218 [WARNING] Failed to find tvg-id="samefo" in georgia_channels.m3u
2026-08-24 03:08:44,218 [WARNING] Failed to find tvg-id="postv" in georgia_channels.m3u
2026-08-24 03:08:44,218 [WARNING] Failed to find tvg-id="megatv" in georgia_channels.m3u
2026-08-24 03:08:44,218 [WARNING] Failed to find tvg-id="qartuliarxi" in georgia_channels.m3u
2026-08-24 03:08:44,218 [WARNING] Failed to find tvg-id="musicbox" in georgia_channels.m3u
2026-08-24 03:08:44,219 [WARNING] Failed to find tvg-id="marneuli" in georgia_channels.m3u
2026-08-24 03:08:44,219 [WARNING] Failed to find tvg-id="axaliformula" in georgia_channels.m3u
2026-08-24 03:08:44,219 [WARNING] Failed to find tvg-id="o2" in georgia_channels.m3u
2026-08-24 03:08:44,219 [WARNING] Failed to find tvg-id="guria" in georgia_channels.m3u
2026-08-24 03:08:44,219 [WARNING] Failed to find tvg-id="imervizia" in georgia_channels.m3u
2026-08-24 03:08:44,219 [WARNING] Failed to find tvg-id="diatv" in georgia_channels.m3u
2026-08-24 03:08:44,219 [WARNING] Failed to find tvg-id="chveniarxi" in georgia_channels.m3u
2026-08-24 03:08:44,220 [WARNING] Failed to find tvg-id="batumitv" in georgia_channels.m3u
2026-08-24 03:08:44,220 [WARNING] Failed to find tvg-id="rcheuli" in georgia_channels.m3u
2026-08-24 03:08:44,220 [WARNING] Failed to find tvg-id="gurjaani" in georgia_channels.m3u
2026-08-24 03:08:44,220 [WARNING] Failed to find tvg-id="molitv" in georgia_channels.m3u
2026-08-24 03:08:44,220 [WARNING] Failed to find tvg-id="mexute" in georgia_channels.m3u
2026-08-24 03:08:44,220 [WARNING] Failed to find tvg-id="agrogaremo" in georgia_channels.m3u
2026-08-24 03:08:44,221 [WARNING] Failed to find tvg-id="artv" in georgia_channels.m3u
2026-08-24 03:08:44,221 [WARNING] Failed to find tvg-id="meteo24" in georgia_channels.m3u
2026-08-24 03:08:44,221 [WARNING] Failed to find tvg-id="georgiantimes" in georgia_channels.m3u
2026-08-24 03:08:44,221 [WARNING] Failed to find tvg-id="silkuniversal" in georgia_channels.m3u
2026-08-24 03:08:44,221 [WARNING] Failed to find tvg-id="rugbytv" in georgia_channels.m3u
2026-08-24 03:08:44,221 [WARNING] Failed to find tvg-id="gms" in georgia_channels.m3u
2026-08-24 03:08:44,222 [WARNING] Failed to find tvg-id="aiatv" in georgia_channels.m3u
2026-08-24 03:08:44,222 [WARNING] Failed to find tvg-id="batumi2" in georgia_channels.m3u
2026-08-24 03:08:44,222 [WARNING] Failed to find tvg-id="altinfo" in georgia_channels.m3u
2026-08-24 03:08:44,222 [WARNING] Failed to find tvg-id="parliament" in georgia_channels.m3u
2026-08-24 03:08:44,222 [WARNING] Failed to find tvg-id="egrisi" in georgia_channels.m3u
2026-08-24 03:08:44,222 [WARNING] Failed to find tvg-id="mzetv" in georgia_channels.m3u
2026-08-24 03:08:44,222 [INFO] No file changes were made.
2026-08-24 03:08:44,222 [INFO] === UPDATE EXECUTION FINISHED ===
