2026-08-22 20:26:04,806 [INFO] === UPDATE EXECUTION STARTED ===
2026-08-22 20:26:04,807 [INFO] Fetching Setanta Sports 3 from IPTV-ORG...
2026-08-22 20:26:04,873 [INFO] Launching batch scraper for 44 channels on tv.mar.tv...
2026-08-22 20:26:05,479 [INFO] Scraping rustavi2...
2026-08-22 20:26:10,594 [INFO]  -> Success: https://live8.mar.tv/1/4rd/index.m3u8
2026-08-22 20:26:10,634 [INFO] Scraping maestro...
2026-08-22 20:26:13,924 [INFO]  -> Success: https://live4.mar.tv/2a07b13992594b7a368d1ff7e3ad6e5fe51ef9484797e9091d458666778e629b/352m/index.m3u8
2026-08-22 20:26:13,961 [INFO] Scraping marao...
2026-08-22 20:26:17,247 [INFO]  -> Success: https://live2.mar.tv/2a07b13992594b7a368d1ff7e3ad6e5fe51ef9484797e9091d458666778e629b/12sd/index.m3u8
2026-08-22 20:26:17,281 [INFO] Scraping gds...
2026-08-22 20:26:20,568 [INFO]  -> Success: https://live1.mar.tv/2a07b13992594b7a368d1ff7e3ad6e5fe51ef9484797e9091d458666778e629b/13sd/index.m3u8
2026-08-22 20:26:20,606 [INFO] Scraping comedy...
2026-08-22 20:26:23,897 [INFO]  -> Success: https://live4.mar.tv/2a07b13992594b7a368d1ff7e3ad6e5fe51ef9484797e9091d458666778e629b/14rd/index.m3u8
2026-08-22 20:26:23,930 [INFO] Scraping bbb...
2026-08-22 20:26:27,217 [INFO]  -> Success: https://live2.mar.tv/2a07b13992594b7a368d1ff7e3ad6e5fe51ef9484797e9091d458666778e629b/16sd/index.m3u8
2026-08-22 20:26:27,250 [INFO] Scraping enkibenki...
2026-08-22 20:26:30,535 [INFO]  -> Success: https://live2.mar.tv/2a07b13992594b7a368d1ff7e3ad6e5fe51ef9484797e9091d458666778e629b/17e/index.m3u8
2026-08-22 20:26:30,571 [INFO] Scraping adjaratv...
2026-08-22 20:26:33,860 [INFO]  -> Success: https://live2.mar.tv/2a07b13992594b7a368d1ff7e3ad6e5fe51ef9484797e9091d458666778e629b/19rd/index.m3u8
2026-08-22 20:26:33,895 [INFO] Scraping rionitv...
2026-08-22 20:26:37,192 [INFO]  -> Success: https://live6.mar.tv/2a07b13992594b7a368d1ff7e3ad6e5fe51ef9484797e9091d458666778e629b/20rionn/index.m3u8
2026-08-22 20:26:37,227 [INFO] Scraping tv25...
2026-08-22 20:26:40,512 [INFO]  -> Success: https://live6.mar.tv/2a07b13992594b7a368d1ff7e3ad6e5fe51ef9484797e9091d458666778e629b/23tv25/index.m3u8
2026-08-22 20:26:40,547 [INFO] Scraping tv4rustavi...
2026-08-22 20:26:43,838 [INFO]  -> Success: https://live6.mar.tv/2a07b13992594b7a368d1ff7e3ad6e5fe51ef9484797e9091d458666778e629b/24tw4/index.m3u8
2026-08-22 20:26:43,879 [INFO] Scraping trialeti...
2026-08-22 20:26:47,175 [INFO]  -> Success: https://live6.mar.tv/2a07b13992594b7a368d1ff7e3ad6e5fe51ef9484797e9091d458666778e629b/trialleti/index.m3u8
2026-08-22 20:26:47,226 [INFO] Scraping dardimandi...
2026-08-22 20:26:50,514 [INFO]  -> Success: https://live5.mar.tv/2a07b13992594b7a368d1ff7e3ad6e5fe51ef9484797e9091d458666778e629b/27/index.m3u8
2026-08-22 20:26:50,548 [INFO] Scraping agro...
2026-08-22 20:26:53,832 [INFO]  -> Success: https://live5.mar.tv/2a07b13992594b7a368d1ff7e3ad6e5fe51ef9484797e9091d458666778e629b/28/index.m3u8
2026-08-22 20:26:53,865 [INFO] Scraping samefo...
2026-08-22 20:26:57,149 [INFO]  -> Success: https://live5.mar.tv/2a07b13992594b7a368d1ff7e3ad6e5fe51ef9484797e9091d458666778e629b/29/index.m3u8
2026-08-22 20:26:57,183 [INFO] Scraping postv...
2026-08-22 20:27:00,470 [INFO]  -> Success: https://live6.mar.tv/2a07b13992594b7a368d1ff7e3ad6e5fe51ef9484797e9091d458666778e629b/postvw/index.m3u8
2026-08-22 20:27:00,505 [INFO] Scraping megatv...
2026-08-22 20:27:03,792 [INFO]  -> Success: https://live4.mar.tv/2a07b13992594b7a368d1ff7e3ad6e5fe51ef9484797e9091d458666778e629b/32st/index.m3u8
2026-08-22 20:27:03,825 [INFO] Scraping qartuliarxi...
2026-08-22 20:27:07,112 [INFO]  -> Success: https://live6.mar.tv/2a07b13992594b7a368d1ff7e3ad6e5fe51ef9484797e9091d458666778e629b/qartuli/index.m3u8
2026-08-22 20:27:07,147 [INFO] Scraping musicbox...
2026-08-22 20:27:10,437 [INFO]  -> Success: https://live6.mar.tv/2a07b13992594b7a368d1ff7e3ad6e5fe51ef9484797e9091d458666778e629b/34musge/index.m3u8
2026-08-22 20:27:10,470 [INFO] Scraping marneuli...
2026-08-22 20:27:13,756 [INFO]  -> Success: https://live6.mar.tv/2a07b13992594b7a368d1ff7e3ad6e5fe51ef9484797e9091d458666778e629b/37marn/index.m3u8
2026-08-22 20:27:13,790 [INFO] Scraping axaliformula...
2026-08-22 20:27:17,081 [INFO]  -> Success: https://live6.mar.tv/2a07b13992594b7a368d1ff7e3ad6e5fe51ef9484797e9091d458666778e629b/axaliformla/index.m3u8
2026-08-22 20:27:17,113 [INFO] Scraping o2...
2026-08-22 20:27:20,404 [INFO]  -> Success: https://live5.mar.tv/2a07b13992594b7a368d1ff7e3ad6e5fe51ef9484797e9091d458666778e629b/40/index.m3u8
2026-08-22 20:27:20,438 [INFO] Scraping guria...
2026-08-22 20:27:23,728 [INFO]  -> Success: https://live5.mar.tv/2a07b13992594b7a368d1ff7e3ad6e5fe51ef9484797e9091d458666778e629b/42/index.m3u8
2026-08-22 20:27:23,762 [INFO] Scraping imervizia...
2026-08-22 20:27:27,051 [INFO]  -> Success: https://live6.mar.tv/2a07b13992594b7a368d1ff7e3ad6e5fe51ef9484797e9091d458666778e629b/imervizia/index.m3u8
2026-08-22 20:27:27,088 [INFO] Scraping diatv...
2026-08-22 20:27:30,378 [INFO]  -> Success: https://live4.mar.tv/2a07b13992594b7a368d1ff7e3ad6e5fe51ef9484797e9091d458666778e629b/dia/index.m3u8
2026-08-22 20:27:30,412 [INFO] Scraping chveniarxi...
2026-08-22 20:27:33,701 [INFO]  -> Success: https://live3.mar.tv/2a07b13992594b7a368d1ff7e3ad6e5fe51ef9484797e9091d458666778e629b/45rd/index.m3u8
2026-08-22 20:27:33,735 [INFO] Scraping batumitv...
2026-08-22 20:27:37,028 [INFO]  -> Success: https://live5.mar.tv/2a07b13992594b7a368d1ff7e3ad6e5fe51ef9484797e9091d458666778e629b/46/index.m3u8
2026-08-22 20:27:37,062 [INFO] Scraping rcheuli...
2026-08-22 20:27:40,350 [INFO]  -> Success: https://live5.mar.tv/2a07b13992594b7a368d1ff7e3ad6e5fe51ef9484797e9091d458666778e629b/47/index.m3u8
2026-08-22 20:27:40,384 [INFO] Scraping gurjaani...
2026-08-22 20:27:43,670 [INFO]  -> Success: https://live4.mar.tv/2a07b13992594b7a368d1ff7e3ad6e5fe51ef9484797e9091d458666778e629b/48m/index.m3u8
2026-08-22 20:27:43,704 [INFO] Scraping molitv...
2026-08-22 20:27:46,993 [INFO]  -> Success: https://live6.mar.tv/2a07b13992594b7a368d1ff7e3ad6e5fe51ef9484797e9091d458666778e629b/mollltv/index.m3u8
2026-08-22 20:27:47,027 [INFO] Scraping mexute...
2026-08-22 20:27:50,315 [INFO]  -> Success: https://live6.mar.tv/2a07b13992594b7a368d1ff7e3ad6e5fe51ef9484797e9091d458666778e629b/50/index.m3u8
2026-08-22 20:27:50,348 [INFO] Scraping agrogaremo...
2026-08-22 20:27:53,636 [INFO]  -> Success: https://live6.mar.tv/2a07b13992594b7a368d1ff7e3ad6e5fe51ef9484797e9091d458666778e629b/agrogaremo/index.m3u8
2026-08-22 20:27:53,669 [INFO] Scraping artv...
2026-08-22 20:27:56,955 [INFO]  -> Success: https://live6.mar.tv/2a07b13992594b7a368d1ff7e3ad6e5fe51ef9484797e9091d458666778e629b/tafutv/index.m3u8
2026-08-22 20:27:56,991 [INFO] Scraping meteo24...
2026-08-22 20:28:00,279 [INFO]  -> Success: https://live5.mar.tv/2a07b13992594b7a368d1ff7e3ad6e5fe51ef9484797e9091d458666778e629b/56/index.m3u8
2026-08-22 20:28:00,317 [INFO] Scraping georgiantimes...
2026-08-22 20:28:03,608 [INFO]  -> Success: https://live5.mar.tv/2a07b13992594b7a368d1ff7e3ad6e5fe51ef9484797e9091d458666778e629b/57/index.m3u8
2026-08-22 20:28:03,642 [INFO] Scraping silkuniversal...
2026-08-22 20:28:06,927 [INFO]  -> Success: https://live2.mar.tv/2a07b13992594b7a368d1ff7e3ad6e5fe51ef9484797e9091d458666778e629b/1arxiweb/index.m3u8
2026-08-22 20:28:06,962 [INFO] Scraping rugbytv...
2026-08-22 20:28:10,263 [INFO]  -> Success: https://live4.mar.tv/2a07b13992594b7a368d1ff7e3ad6e5fe51ef9484797e9091d458666778e629b/160m/index.m3u8
2026-08-22 20:28:10,296 [INFO] Scraping gms...
2026-08-22 20:28:13,585 [INFO]  -> Success: https://live5.mar.tv/2a07b13992594b7a368d1ff7e3ad6e5fe51ef9484797e9091d458666778e629b/161/index.m3u8
2026-08-22 20:28:13,620 [INFO] Scraping aiatv...
2026-08-22 20:28:16,906 [INFO]  -> Success: https://live6.mar.tv/2a07b13992594b7a368d1ff7e3ad6e5fe51ef9484797e9091d458666778e629b/aia/index.m3u8
2026-08-22 20:28:16,943 [INFO] Scraping batumi2...
2026-08-22 20:28:20,229 [INFO]  -> Success: https://live6.mar.tv/2a07b13992594b7a368d1ff7e3ad6e5fe51ef9484797e9091d458666778e629b/batumitv2/index.m3u8
2026-08-22 20:28:20,265 [INFO] Scraping altinfo...
2026-08-22 20:28:23,551 [INFO]  -> Success: https://live6.mar.tv/2a07b13992594b7a368d1ff7e3ad6e5fe51ef9484797e9091d458666778e629b/altinfo/index.m3u8
2026-08-22 20:28:23,590 [INFO] Scraping parliament...
2026-08-22 20:28:26,875 [INFO]  -> Success: https://live6.mar.tv/2a07b13992594b7a368d1ff7e3ad6e5fe51ef9484797e9091d458666778e629b/parlament/index.m3u8
2026-08-22 20:28:26,909 [INFO] Scraping egrisi...
2026-08-22 20:28:30,198 [INFO]  -> Success: https://live6.mar.tv/2a07b13992594b7a368d1ff7e3ad6e5fe51ef9484797e9091d458666778e629b/egrisi/index.m3u8
2026-08-22 20:28:30,230 [INFO] Scraping mzetv...
2026-08-22 20:28:33,517 [INFO]  -> Success: https://live6.mar.tv/2a07b13992594b7a368d1ff7e3ad6e5fe51ef9484797e9091d458666778e629b/mze/index.m3u8
2026-08-22 20:28:33,572 [WARNING] Failed to find tvg-id="rustavi2" in georgia_channels.m3u
2026-08-22 20:28:33,572 [WARNING] Failed to find tvg-id="maestro" in georgia_channels.m3u
2026-08-22 20:28:33,572 [WARNING] Failed to find tvg-id="marao" in georgia_channels.m3u
2026-08-22 20:28:33,572 [WARNING] Failed to find tvg-id="gds" in georgia_channels.m3u
2026-08-22 20:28:33,573 [WARNING] Failed to find tvg-id="comedy" in georgia_channels.m3u
2026-08-22 20:28:33,573 [WARNING] Failed to find tvg-id="bbb" in georgia_channels.m3u
2026-08-22 20:28:33,573 [WARNING] Failed to find tvg-id="enkibenki" in georgia_channels.m3u
2026-08-22 20:28:33,573 [WARNING] Failed to find tvg-id="adjaratv" in georgia_channels.m3u
2026-08-22 20:28:33,574 [WARNING] Failed to find tvg-id="rionitv" in georgia_channels.m3u
2026-08-22 20:28:33,574 [WARNING] Failed to find tvg-id="tv25" in georgia_channels.m3u
2026-08-22 20:28:33,574 [WARNING] Failed to find tvg-id="tv4rustavi" in georgia_channels.m3u
2026-08-22 20:28:33,574 [WARNING] Failed to find tvg-id="trialeti" in georgia_channels.m3u
2026-08-22 20:28:33,574 [WARNING] Failed to find tvg-id="dardimandi" in georgia_channels.m3u
2026-08-22 20:28:33,575 [WARNING] Failed to find tvg-id="agro" in georgia_channels.m3u
2026-08-22 20:28:33,575 [WARNING] Failed to find tvg-id="samefo" in georgia_channels.m3u
2026-08-22 20:28:33,575 [WARNING] Failed to find tvg-id="postv" in georgia_channels.m3u
2026-08-22 20:28:33,575 [WARNING] Failed to find tvg-id="megatv" in georgia_channels.m3u
2026-08-22 20:28:33,575 [WARNING] Failed to find tvg-id="qartuliarxi" in georgia_channels.m3u
2026-08-22 20:28:33,576 [WARNING] Failed to find tvg-id="musicbox" in georgia_channels.m3u
2026-08-22 20:28:33,576 [WARNING] Failed to find tvg-id="marneuli" in georgia_channels.m3u
2026-08-22 20:28:33,576 [WARNING] Failed to find tvg-id="axaliformula" in georgia_channels.m3u
2026-08-22 20:28:33,576 [WARNING] Failed to find tvg-id="o2" in georgia_channels.m3u
2026-08-22 20:28:33,576 [WARNING] Failed to find tvg-id="guria" in georgia_channels.m3u
2026-08-22 20:28:33,577 [WARNING] Failed to find tvg-id="imervizia" in georgia_channels.m3u
2026-08-22 20:28:33,577 [WARNING] Failed to find tvg-id="diatv" in georgia_channels.m3u
2026-08-22 20:28:33,577 [WARNING] Failed to find tvg-id="chveniarxi" in georgia_channels.m3u
2026-08-22 20:28:33,577 [WARNING] Failed to find tvg-id="batumitv" in georgia_channels.m3u
2026-08-22 20:28:33,577 [WARNING] Failed to find tvg-id="rcheuli" in georgia_channels.m3u
2026-08-22 20:28:33,578 [WARNING] Failed to find tvg-id="gurjaani" in georgia_channels.m3u
2026-08-22 20:28:33,578 [WARNING] Failed to find tvg-id="molitv" in georgia_channels.m3u
2026-08-22 20:28:33,578 [WARNING] Failed to find tvg-id="mexute" in georgia_channels.m3u
2026-08-22 20:28:33,578 [WARNING] Failed to find tvg-id="agrogaremo" in georgia_channels.m3u
2026-08-22 20:28:33,578 [WARNING] Failed to find tvg-id="artv" in georgia_channels.m3u
2026-08-22 20:28:33,579 [WARNING] Failed to find tvg-id="meteo24" in georgia_channels.m3u
2026-08-22 20:28:33,579 [WARNING] Failed to find tvg-id="georgiantimes" in georgia_channels.m3u
2026-08-22 20:28:33,579 [WARNING] Failed to find tvg-id="silkuniversal" in georgia_channels.m3u
2026-08-22 20:28:33,579 [WARNING] Failed to find tvg-id="rugbytv" in georgia_channels.m3u
2026-08-22 20:28:33,579 [WARNING] Failed to find tvg-id="gms" in georgia_channels.m3u
2026-08-22 20:28:33,580 [WARNING] Failed to find tvg-id="aiatv" in georgia_channels.m3u
2026-08-22 20:28:33,580 [WARNING] Failed to find tvg-id="batumi2" in georgia_channels.m3u
2026-08-22 20:28:33,580 [WARNING] Failed to find tvg-id="altinfo" in georgia_channels.m3u
2026-08-22 20:28:33,580 [WARNING] Failed to find tvg-id="parliament" in georgia_channels.m3u
2026-08-22 20:28:33,580 [WARNING] Failed to find tvg-id="egrisi" in georgia_channels.m3u
2026-08-22 20:28:33,580 [WARNING] Failed to find tvg-id="mzetv" in georgia_channels.m3u
2026-08-22 20:28:33,581 [INFO] No file changes were made.
2026-08-22 20:28:33,581 [INFO] === UPDATE EXECUTION FINISHED ===
