2026-08-21 16:38:26,402 [INFO] === UPDATE EXECUTION STARTED ===
2026-08-21 16:38:26,402 [INFO] Fetching Setanta Sports 3 from IPTV-ORG...
2026-08-21 16:38:26,519 [INFO] Launching batch scraper for 44 channels on tv.mar.tv...
2026-08-21 16:38:27,132 [INFO] Scraping rustavi2...
2026-08-21 16:38:32,716 [INFO]  -> Success: https://live8.mar.tv/1/4rd/index.m3u8
2026-08-21 16:38:32,757 [INFO] Scraping maestro...
2026-08-21 16:38:36,064 [INFO]  -> Success: https://live4.mar.tv/ef56d4fb524de885b3e79cbcb6195e69c2658b2d24a9665e6cabf86e87b0ccee/352m/index.m3u8
2026-08-21 16:38:36,098 [INFO] Scraping marao...
2026-08-21 16:38:39,408 [INFO]  -> Success: https://live2.mar.tv/ef56d4fb524de885b3e79cbcb6195e69c2658b2d24a9665e6cabf86e87b0ccee/12sd/index.m3u8
2026-08-21 16:38:39,444 [INFO] Scraping gds...
2026-08-21 16:38:42,740 [INFO]  -> Success: https://live1.mar.tv/ef56d4fb524de885b3e79cbcb6195e69c2658b2d24a9665e6cabf86e87b0ccee/13sd/index.m3u8
2026-08-21 16:38:42,780 [INFO] Scraping comedy...
2026-08-21 16:38:46,081 [INFO]  -> Success: https://live4.mar.tv/ef56d4fb524de885b3e79cbcb6195e69c2658b2d24a9665e6cabf86e87b0ccee/14rd/index.m3u8
2026-08-21 16:38:46,119 [INFO] Scraping bbb...
2026-08-21 16:38:49,417 [INFO]  -> Success: https://live2.mar.tv/ef56d4fb524de885b3e79cbcb6195e69c2658b2d24a9665e6cabf86e87b0ccee/16sd/index.m3u8
2026-08-21 16:38:49,452 [INFO] Scraping enkibenki...
2026-08-21 16:38:52,753 [INFO]  -> Success: https://live2.mar.tv/ef56d4fb524de885b3e79cbcb6195e69c2658b2d24a9665e6cabf86e87b0ccee/17e/index.m3u8
2026-08-21 16:38:52,789 [INFO] Scraping adjaratv...
2026-08-21 16:38:56,096 [INFO]  -> Success: https://live2.mar.tv/ef56d4fb524de885b3e79cbcb6195e69c2658b2d24a9665e6cabf86e87b0ccee/19rd/index.m3u8
2026-08-21 16:38:56,129 [INFO] Scraping rionitv...
2026-08-21 16:38:59,431 [INFO]  -> Success: https://live6.mar.tv/ef56d4fb524de885b3e79cbcb6195e69c2658b2d24a9665e6cabf86e87b0ccee/20rionn/index.m3u8
2026-08-21 16:38:59,464 [INFO] Scraping tv25...
2026-08-21 16:39:02,761 [INFO]  -> Success: https://live6.mar.tv/ef56d4fb524de885b3e79cbcb6195e69c2658b2d24a9665e6cabf86e87b0ccee/23tv25/index.m3u8
2026-08-21 16:39:02,797 [INFO] Scraping tv4rustavi...
2026-08-21 16:39:06,101 [INFO]  -> Success: https://live6.mar.tv/ef56d4fb524de885b3e79cbcb6195e69c2658b2d24a9665e6cabf86e87b0ccee/24tw4/index.m3u8
2026-08-21 16:39:06,138 [INFO] Scraping trialeti...
2026-08-21 16:39:09,442 [INFO]  -> Success: https://live6.mar.tv/ef56d4fb524de885b3e79cbcb6195e69c2658b2d24a9665e6cabf86e87b0ccee/trialleti/index.m3u8
2026-08-21 16:39:09,479 [INFO] Scraping dardimandi...
2026-08-21 16:39:12,781 [INFO]  -> Success: https://live5.mar.tv/ef56d4fb524de885b3e79cbcb6195e69c2658b2d24a9665e6cabf86e87b0ccee/27/index.m3u8
2026-08-21 16:39:12,816 [INFO] Scraping agro...
2026-08-21 16:39:16,116 [INFO]  -> Success: https://live5.mar.tv/ef56d4fb524de885b3e79cbcb6195e69c2658b2d24a9665e6cabf86e87b0ccee/28/index.m3u8
2026-08-21 16:39:16,153 [INFO] Scraping samefo...
2026-08-21 16:39:19,457 [INFO]  -> Success: https://live5.mar.tv/ef56d4fb524de885b3e79cbcb6195e69c2658b2d24a9665e6cabf86e87b0ccee/29/index.m3u8
2026-08-21 16:39:19,490 [INFO] Scraping postv...
2026-08-21 16:39:22,791 [INFO]  -> Success: https://live6.mar.tv/ef56d4fb524de885b3e79cbcb6195e69c2658b2d24a9665e6cabf86e87b0ccee/postvw/index.m3u8
2026-08-21 16:39:22,825 [INFO] Scraping megatv...
2026-08-21 16:39:26,122 [INFO]  -> Success: https://live4.mar.tv/ef56d4fb524de885b3e79cbcb6195e69c2658b2d24a9665e6cabf86e87b0ccee/32st/index.m3u8
2026-08-21 16:39:26,161 [INFO] Scraping qartuliarxi...
2026-08-21 16:39:29,462 [INFO]  -> Success: https://live6.mar.tv/ef56d4fb524de885b3e79cbcb6195e69c2658b2d24a9665e6cabf86e87b0ccee/qartuli/index.m3u8
2026-08-21 16:39:29,496 [INFO] Scraping musicbox...
2026-08-21 16:39:32,794 [INFO]  -> Success: https://live6.mar.tv/ef56d4fb524de885b3e79cbcb6195e69c2658b2d24a9665e6cabf86e87b0ccee/34musge/index.m3u8
2026-08-21 16:39:32,833 [INFO] Scraping marneuli...
2026-08-21 16:39:36,134 [INFO]  -> Success: https://live6.mar.tv/ef56d4fb524de885b3e79cbcb6195e69c2658b2d24a9665e6cabf86e87b0ccee/37marn/index.m3u8
2026-08-21 16:39:36,170 [INFO] Scraping axaliformula...
2026-08-21 16:39:39,470 [INFO]  -> Success: https://live6.mar.tv/ef56d4fb524de885b3e79cbcb6195e69c2658b2d24a9665e6cabf86e87b0ccee/axaliformla/index.m3u8
2026-08-21 16:39:39,509 [INFO] Scraping o2...
2026-08-21 16:39:42,815 [INFO]  -> Success: https://live5.mar.tv/ef56d4fb524de885b3e79cbcb6195e69c2658b2d24a9665e6cabf86e87b0ccee/40/index.m3u8
2026-08-21 16:39:42,853 [INFO] Scraping guria...
2026-08-21 16:39:46,151 [INFO]  -> Success: https://live5.mar.tv/ef56d4fb524de885b3e79cbcb6195e69c2658b2d24a9665e6cabf86e87b0ccee/42/index.m3u8
2026-08-21 16:39:46,188 [INFO] Scraping imervizia...
2026-08-21 16:39:49,487 [INFO]  -> Success: https://live6.mar.tv/ef56d4fb524de885b3e79cbcb6195e69c2658b2d24a9665e6cabf86e87b0ccee/imervizia/index.m3u8
2026-08-21 16:39:49,521 [INFO] Scraping diatv...
2026-08-21 16:39:52,821 [INFO]  -> Success: https://live4.mar.tv/ef56d4fb524de885b3e79cbcb6195e69c2658b2d24a9665e6cabf86e87b0ccee/dia/index.m3u8
2026-08-21 16:39:52,860 [INFO] Scraping chveniarxi...
2026-08-21 16:39:56,161 [INFO]  -> Success: https://live3.mar.tv/ef56d4fb524de885b3e79cbcb6195e69c2658b2d24a9665e6cabf86e87b0ccee/45rd/index.m3u8
2026-08-21 16:39:56,193 [INFO] Scraping batumitv...
2026-08-21 16:39:59,493 [INFO]  -> Success: https://live5.mar.tv/ef56d4fb524de885b3e79cbcb6195e69c2658b2d24a9665e6cabf86e87b0ccee/46/index.m3u8
2026-08-21 16:39:59,525 [INFO] Scraping rcheuli...
2026-08-21 16:40:02,821 [INFO]  -> Success: https://live5.mar.tv/ef56d4fb524de885b3e79cbcb6195e69c2658b2d24a9665e6cabf86e87b0ccee/47/index.m3u8
2026-08-21 16:40:02,853 [INFO] Scraping gurjaani...
2026-08-21 16:40:06,156 [INFO]  -> Success: https://live4.mar.tv/ef56d4fb524de885b3e79cbcb6195e69c2658b2d24a9665e6cabf86e87b0ccee/48m/index.m3u8
2026-08-21 16:40:06,192 [INFO] Scraping molitv...
2026-08-21 16:40:09,489 [INFO]  -> Success: https://live6.mar.tv/ef56d4fb524de885b3e79cbcb6195e69c2658b2d24a9665e6cabf86e87b0ccee/mollltv/index.m3u8
2026-08-21 16:40:09,537 [INFO] Scraping mexute...
2026-08-21 16:40:12,833 [INFO]  -> Success: https://live6.mar.tv/ef56d4fb524de885b3e79cbcb6195e69c2658b2d24a9665e6cabf86e87b0ccee/50/index.m3u8
2026-08-21 16:40:12,869 [INFO] Scraping agrogaremo...
2026-08-21 16:40:16,172 [INFO]  -> Success: https://live6.mar.tv/ef56d4fb524de885b3e79cbcb6195e69c2658b2d24a9665e6cabf86e87b0ccee/agrogaremo/index.m3u8
2026-08-21 16:40:16,207 [INFO] Scraping artv...
2026-08-21 16:40:19,511 [INFO]  -> Success: https://live6.mar.tv/ef56d4fb524de885b3e79cbcb6195e69c2658b2d24a9665e6cabf86e87b0ccee/tafutv/index.m3u8
2026-08-21 16:40:19,552 [INFO] Scraping meteo24...
2026-08-21 16:40:22,849 [INFO]  -> Success: https://live5.mar.tv/ef56d4fb524de885b3e79cbcb6195e69c2658b2d24a9665e6cabf86e87b0ccee/56/index.m3u8
2026-08-21 16:40:22,890 [INFO] Scraping georgiantimes...
2026-08-21 16:40:26,210 [INFO]  -> Success: https://live5.mar.tv/ef56d4fb524de885b3e79cbcb6195e69c2658b2d24a9665e6cabf86e87b0ccee/57/index.m3u8
2026-08-21 16:40:26,241 [INFO] Scraping silkuniversal...
2026-08-21 16:40:29,547 [INFO]  -> Success: https://live2.mar.tv/ef56d4fb524de885b3e79cbcb6195e69c2658b2d24a9665e6cabf86e87b0ccee/1arxiweb/index.m3u8
2026-08-21 16:40:29,584 [INFO] Scraping rugbytv...
2026-08-21 16:40:32,881 [INFO]  -> Success: https://live4.mar.tv/ef56d4fb524de885b3e79cbcb6195e69c2658b2d24a9665e6cabf86e87b0ccee/160m/index.m3u8
2026-08-21 16:40:32,917 [INFO] Scraping gms...
2026-08-21 16:40:36,218 [INFO]  -> Success: https://live5.mar.tv/ef56d4fb524de885b3e79cbcb6195e69c2658b2d24a9665e6cabf86e87b0ccee/161/index.m3u8
2026-08-21 16:40:36,252 [INFO] Scraping aiatv...
2026-08-21 16:40:39,553 [INFO]  -> Success: https://live6.mar.tv/ef56d4fb524de885b3e79cbcb6195e69c2658b2d24a9665e6cabf86e87b0ccee/aia/index.m3u8
2026-08-21 16:40:39,586 [INFO] Scraping batumi2...
2026-08-21 16:40:42,887 [INFO]  -> Success: https://live6.mar.tv/ef56d4fb524de885b3e79cbcb6195e69c2658b2d24a9665e6cabf86e87b0ccee/batumitv2/index.m3u8
2026-08-21 16:40:42,919 [INFO] Scraping altinfo...
2026-08-21 16:40:46,228 [INFO]  -> Success: https://live6.mar.tv/ef56d4fb524de885b3e79cbcb6195e69c2658b2d24a9665e6cabf86e87b0ccee/altinfo/index.m3u8
2026-08-21 16:40:46,262 [INFO] Scraping parliament...
2026-08-21 16:40:49,572 [INFO]  -> Success: https://live6.mar.tv/ef56d4fb524de885b3e79cbcb6195e69c2658b2d24a9665e6cabf86e87b0ccee/parlament/index.m3u8
2026-08-21 16:40:49,606 [INFO] Scraping egrisi...
2026-08-21 16:40:52,900 [INFO]  -> Success: https://live6.mar.tv/ef56d4fb524de885b3e79cbcb6195e69c2658b2d24a9665e6cabf86e87b0ccee/egrisi/index.m3u8
2026-08-21 16:40:52,932 [INFO] Scraping mzetv...
2026-08-21 16:40:56,236 [INFO]  -> Success: https://live6.mar.tv/ef56d4fb524de885b3e79cbcb6195e69c2658b2d24a9665e6cabf86e87b0ccee/mze/index.m3u8
2026-08-21 16:40:56,283 [WARNING] Failed to find tvg-id="rustavi2" in georgia_channels.m3u
2026-08-21 16:40:56,283 [WARNING] Failed to find tvg-id="maestro" in georgia_channels.m3u
2026-08-21 16:40:56,283 [WARNING] Failed to find tvg-id="marao" in georgia_channels.m3u
2026-08-21 16:40:56,283 [WARNING] Failed to find tvg-id="gds" in georgia_channels.m3u
2026-08-21 16:40:56,284 [WARNING] Failed to find tvg-id="comedy" in georgia_channels.m3u
2026-08-21 16:40:56,284 [WARNING] Failed to find tvg-id="bbb" in georgia_channels.m3u
2026-08-21 16:40:56,284 [WARNING] Failed to find tvg-id="enkibenki" in georgia_channels.m3u
2026-08-21 16:40:56,284 [WARNING] Failed to find tvg-id="adjaratv" in georgia_channels.m3u
2026-08-21 16:40:56,284 [WARNING] Failed to find tvg-id="rionitv" in georgia_channels.m3u
2026-08-21 16:40:56,284 [WARNING] Failed to find tvg-id="tv25" in georgia_channels.m3u
2026-08-21 16:40:56,284 [WARNING] Failed to find tvg-id="tv4rustavi" in georgia_channels.m3u
2026-08-21 16:40:56,285 [WARNING] Failed to find tvg-id="trialeti" in georgia_channels.m3u
2026-08-21 16:40:56,285 [WARNING] Failed to find tvg-id="dardimandi" in georgia_channels.m3u
2026-08-21 16:40:56,285 [WARNING] Failed to find tvg-id="agro" in georgia_channels.m3u
2026-08-21 16:40:56,285 [WARNING] Failed to find tvg-id="samefo" in georgia_channels.m3u
2026-08-21 16:40:56,285 [WARNING] Failed to find tvg-id="postv" in georgia_channels.m3u
2026-08-21 16:40:56,285 [WARNING] Failed to find tvg-id="megatv" in georgia_channels.m3u
2026-08-21 16:40:56,286 [WARNING] Failed to find tvg-id="qartuliarxi" in georgia_channels.m3u
2026-08-21 16:40:56,286 [WARNING] Failed to find tvg-id="musicbox" in georgia_channels.m3u
2026-08-21 16:40:56,286 [WARNING] Failed to find tvg-id="marneuli" in georgia_channels.m3u
2026-08-21 16:40:56,286 [WARNING] Failed to find tvg-id="axaliformula" in georgia_channels.m3u
2026-08-21 16:40:56,286 [WARNING] Failed to find tvg-id="o2" in georgia_channels.m3u
2026-08-21 16:40:56,286 [WARNING] Failed to find tvg-id="guria" in georgia_channels.m3u
2026-08-21 16:40:56,286 [WARNING] Failed to find tvg-id="imervizia" in georgia_channels.m3u
2026-08-21 16:40:56,287 [WARNING] Failed to find tvg-id="diatv" in georgia_channels.m3u
2026-08-21 16:40:56,287 [WARNING] Failed to find tvg-id="chveniarxi" in georgia_channels.m3u
2026-08-21 16:40:56,287 [WARNING] Failed to find tvg-id="batumitv" in georgia_channels.m3u
2026-08-21 16:40:56,287 [WARNING] Failed to find tvg-id="rcheuli" in georgia_channels.m3u
2026-08-21 16:40:56,287 [WARNING] Failed to find tvg-id="gurjaani" in georgia_channels.m3u
2026-08-21 16:40:56,287 [WARNING] Failed to find tvg-id="molitv" in georgia_channels.m3u
2026-08-21 16:40:56,288 [WARNING] Failed to find tvg-id="mexute" in georgia_channels.m3u
2026-08-21 16:40:56,288 [WARNING] Failed to find tvg-id="agrogaremo" in georgia_channels.m3u
2026-08-21 16:40:56,288 [WARNING] Failed to find tvg-id="artv" in georgia_channels.m3u
2026-08-21 16:40:56,288 [WARNING] Failed to find tvg-id="meteo24" in georgia_channels.m3u
2026-08-21 16:40:56,288 [WARNING] Failed to find tvg-id="georgiantimes" in georgia_channels.m3u
2026-08-21 16:40:56,288 [WARNING] Failed to find tvg-id="silkuniversal" in georgia_channels.m3u
2026-08-21 16:40:56,288 [WARNING] Failed to find tvg-id="rugbytv" in georgia_channels.m3u
2026-08-21 16:40:56,289 [WARNING] Failed to find tvg-id="gms" in georgia_channels.m3u
2026-08-21 16:40:56,289 [WARNING] Failed to find tvg-id="aiatv" in georgia_channels.m3u
2026-08-21 16:40:56,289 [WARNING] Failed to find tvg-id="batumi2" in georgia_channels.m3u
2026-08-21 16:40:56,289 [WARNING] Failed to find tvg-id="altinfo" in georgia_channels.m3u
2026-08-21 16:40:56,289 [WARNING] Failed to find tvg-id="parliament" in georgia_channels.m3u
2026-08-21 16:40:56,289 [WARNING] Failed to find tvg-id="egrisi" in georgia_channels.m3u
2026-08-21 16:40:56,289 [WARNING] Failed to find tvg-id="mzetv" in georgia_channels.m3u
2026-08-21 16:40:56,289 [INFO] No file changes were made.
2026-08-21 16:40:56,289 [INFO] === UPDATE EXECUTION FINISHED ===
