2026-08-22 10:27:47,214 [INFO] === UPDATE EXECUTION STARTED ===
2026-08-22 10:27:47,214 [INFO] Fetching Setanta Sports 3 from IPTV-ORG...
2026-08-22 10:27:47,352 [INFO] Launching batch scraper for 44 channels on tv.mar.tv...
2026-08-22 10:27:47,985 [INFO] Scraping rustavi2...
2026-08-22 10:27:53,792 [INFO]  -> Success: https://live8.mar.tv/1/4rd/index.m3u8
2026-08-22 10:27:53,830 [INFO] Scraping maestro...
2026-08-22 10:27:57,198 [INFO]  -> Success: https://live4.mar.tv/0d6cc40dfe66ca4e87b0326545ce39dad09526cf9b60f6d4d86c73a58d0aff0e/352m/index.m3u8
2026-08-22 10:27:57,236 [INFO] Scraping marao...
2026-08-22 10:28:00,586 [INFO]  -> Success: https://live2.mar.tv/0d6cc40dfe66ca4e87b0326545ce39dad09526cf9b60f6d4d86c73a58d0aff0e/12sd/index.m3u8
2026-08-22 10:28:00,618 [INFO] Scraping gds...
2026-08-22 10:28:03,969 [INFO]  -> Success: https://live1.mar.tv/0d6cc40dfe66ca4e87b0326545ce39dad09526cf9b60f6d4d86c73a58d0aff0e/13sd/index.m3u8
2026-08-22 10:28:04,004 [INFO] Scraping comedy...
2026-08-22 10:28:07,353 [INFO]  -> Success: https://live4.mar.tv/0d6cc40dfe66ca4e87b0326545ce39dad09526cf9b60f6d4d86c73a58d0aff0e/14rd/index.m3u8
2026-08-22 10:28:07,386 [INFO] Scraping bbb...
2026-08-22 10:28:10,735 [INFO]  -> Success: https://live2.mar.tv/0d6cc40dfe66ca4e87b0326545ce39dad09526cf9b60f6d4d86c73a58d0aff0e/16sd/index.m3u8
2026-08-22 10:28:10,776 [INFO] Scraping enkibenki...
2026-08-22 10:28:14,121 [INFO]  -> Success: https://live2.mar.tv/0d6cc40dfe66ca4e87b0326545ce39dad09526cf9b60f6d4d86c73a58d0aff0e/17e/index.m3u8
2026-08-22 10:28:14,155 [INFO] Scraping adjaratv...
2026-08-22 10:28:17,501 [INFO]  -> Success: https://live2.mar.tv/0d6cc40dfe66ca4e87b0326545ce39dad09526cf9b60f6d4d86c73a58d0aff0e/19rd/index.m3u8
2026-08-22 10:28:17,537 [INFO] Scraping rionitv...
2026-08-22 10:28:20,881 [INFO]  -> Success: https://live6.mar.tv/0d6cc40dfe66ca4e87b0326545ce39dad09526cf9b60f6d4d86c73a58d0aff0e/20rionn/index.m3u8
2026-08-22 10:28:20,915 [INFO] Scraping tv25...
2026-08-22 10:28:24,264 [INFO]  -> Success: https://live6.mar.tv/0d6cc40dfe66ca4e87b0326545ce39dad09526cf9b60f6d4d86c73a58d0aff0e/23tv25/index.m3u8
2026-08-22 10:28:24,297 [INFO] Scraping tv4rustavi...
2026-08-22 10:28:27,637 [INFO]  -> Success: https://live6.mar.tv/0d6cc40dfe66ca4e87b0326545ce39dad09526cf9b60f6d4d86c73a58d0aff0e/24tw4/index.m3u8
2026-08-22 10:28:27,680 [INFO] Scraping trialeti...
2026-08-22 10:28:31,028 [INFO]  -> Success: https://live6.mar.tv/0d6cc40dfe66ca4e87b0326545ce39dad09526cf9b60f6d4d86c73a58d0aff0e/trialleti/index.m3u8
2026-08-22 10:28:31,063 [INFO] Scraping dardimandi...
2026-08-22 10:28:34,404 [INFO]  -> Success: https://live5.mar.tv/0d6cc40dfe66ca4e87b0326545ce39dad09526cf9b60f6d4d86c73a58d0aff0e/27/index.m3u8
2026-08-22 10:28:34,436 [INFO] Scraping agro...
2026-08-22 10:28:37,780 [INFO]  -> Success: https://live5.mar.tv/0d6cc40dfe66ca4e87b0326545ce39dad09526cf9b60f6d4d86c73a58d0aff0e/28/index.m3u8
2026-08-22 10:28:37,814 [INFO] Scraping samefo...
2026-08-22 10:28:41,161 [INFO]  -> Success: https://live5.mar.tv/0d6cc40dfe66ca4e87b0326545ce39dad09526cf9b60f6d4d86c73a58d0aff0e/29/index.m3u8
2026-08-22 10:28:41,193 [INFO] Scraping postv...
2026-08-22 10:28:44,538 [INFO]  -> Success: https://live6.mar.tv/0d6cc40dfe66ca4e87b0326545ce39dad09526cf9b60f6d4d86c73a58d0aff0e/postvw/index.m3u8
2026-08-22 10:28:44,572 [INFO] Scraping megatv...
2026-08-22 10:28:47,920 [INFO]  -> Success: https://live4.mar.tv/0d6cc40dfe66ca4e87b0326545ce39dad09526cf9b60f6d4d86c73a58d0aff0e/32st/index.m3u8
2026-08-22 10:28:47,956 [INFO] Scraping qartuliarxi...
2026-08-22 10:28:51,304 [INFO]  -> Success: https://live6.mar.tv/0d6cc40dfe66ca4e87b0326545ce39dad09526cf9b60f6d4d86c73a58d0aff0e/qartuli/index.m3u8
2026-08-22 10:28:51,336 [INFO] Scraping musicbox...
2026-08-22 10:28:54,683 [INFO]  -> Success: https://live6.mar.tv/0d6cc40dfe66ca4e87b0326545ce39dad09526cf9b60f6d4d86c73a58d0aff0e/34musge/index.m3u8
2026-08-22 10:28:54,719 [INFO] Scraping marneuli...
2026-08-22 10:28:58,062 [INFO]  -> Success: https://live6.mar.tv/0d6cc40dfe66ca4e87b0326545ce39dad09526cf9b60f6d4d86c73a58d0aff0e/37marn/index.m3u8
2026-08-22 10:28:58,095 [INFO] Scraping axaliformula...
2026-08-22 10:29:01,446 [INFO]  -> Success: https://live6.mar.tv/0d6cc40dfe66ca4e87b0326545ce39dad09526cf9b60f6d4d86c73a58d0aff0e/axaliformla/index.m3u8
2026-08-22 10:29:01,481 [INFO] Scraping o2...
2026-08-22 10:29:04,835 [INFO]  -> Success: https://live5.mar.tv/0d6cc40dfe66ca4e87b0326545ce39dad09526cf9b60f6d4d86c73a58d0aff0e/40/index.m3u8
2026-08-22 10:29:04,882 [INFO] Scraping guria...
2026-08-22 10:29:08,230 [INFO]  -> Success: https://live5.mar.tv/0d6cc40dfe66ca4e87b0326545ce39dad09526cf9b60f6d4d86c73a58d0aff0e/42/index.m3u8
2026-08-22 10:29:08,263 [INFO] Scraping imervizia...
2026-08-22 10:29:11,622 [INFO]  -> Success: https://live6.mar.tv/0d6cc40dfe66ca4e87b0326545ce39dad09526cf9b60f6d4d86c73a58d0aff0e/imervizia/index.m3u8
2026-08-22 10:29:11,653 [INFO] Scraping diatv...
2026-08-22 10:29:14,997 [INFO]  -> Success: https://live4.mar.tv/0d6cc40dfe66ca4e87b0326545ce39dad09526cf9b60f6d4d86c73a58d0aff0e/dia/index.m3u8
2026-08-22 10:29:15,030 [INFO] Scraping chveniarxi...
2026-08-22 10:29:18,375 [INFO]  -> Success: https://live3.mar.tv/0d6cc40dfe66ca4e87b0326545ce39dad09526cf9b60f6d4d86c73a58d0aff0e/45rd/index.m3u8
2026-08-22 10:29:18,413 [INFO] Scraping batumitv...
2026-08-22 10:29:21,765 [INFO]  -> Success: https://live5.mar.tv/0d6cc40dfe66ca4e87b0326545ce39dad09526cf9b60f6d4d86c73a58d0aff0e/46/index.m3u8
2026-08-22 10:29:21,797 [INFO] Scraping rcheuli...
2026-08-22 10:29:25,137 [INFO]  -> Success: https://live5.mar.tv/0d6cc40dfe66ca4e87b0326545ce39dad09526cf9b60f6d4d86c73a58d0aff0e/47/index.m3u8
2026-08-22 10:29:25,171 [INFO] Scraping gurjaani...
2026-08-22 10:29:28,517 [INFO]  -> Success: https://live4.mar.tv/0d6cc40dfe66ca4e87b0326545ce39dad09526cf9b60f6d4d86c73a58d0aff0e/48m/index.m3u8
2026-08-22 10:29:28,551 [INFO] Scraping molitv...
2026-08-22 10:29:31,895 [INFO]  -> Success: https://live6.mar.tv/0d6cc40dfe66ca4e87b0326545ce39dad09526cf9b60f6d4d86c73a58d0aff0e/mollltv/index.m3u8
2026-08-22 10:29:31,927 [INFO] Scraping mexute...
2026-08-22 10:29:35,271 [INFO]  -> Success: https://live6.mar.tv/0d6cc40dfe66ca4e87b0326545ce39dad09526cf9b60f6d4d86c73a58d0aff0e/50/index.m3u8
2026-08-22 10:29:35,304 [INFO] Scraping agrogaremo...
2026-08-22 10:29:38,649 [INFO]  -> Success: https://live6.mar.tv/0d6cc40dfe66ca4e87b0326545ce39dad09526cf9b60f6d4d86c73a58d0aff0e/agrogaremo/index.m3u8
2026-08-22 10:29:38,680 [INFO] Scraping artv...
2026-08-22 10:29:42,021 [INFO]  -> Success: https://live6.mar.tv/0d6cc40dfe66ca4e87b0326545ce39dad09526cf9b60f6d4d86c73a58d0aff0e/tafutv/index.m3u8
2026-08-22 10:29:42,057 [INFO] Scraping meteo24...
2026-08-22 10:29:45,402 [INFO]  -> Success: https://live5.mar.tv/0d6cc40dfe66ca4e87b0326545ce39dad09526cf9b60f6d4d86c73a58d0aff0e/56/index.m3u8
2026-08-22 10:29:45,435 [INFO] Scraping georgiantimes...
2026-08-22 10:29:48,782 [INFO]  -> Success: https://live5.mar.tv/0d6cc40dfe66ca4e87b0326545ce39dad09526cf9b60f6d4d86c73a58d0aff0e/57/index.m3u8
2026-08-22 10:29:48,817 [INFO] Scraping silkuniversal...
2026-08-22 10:29:52,161 [INFO]  -> Success: https://live2.mar.tv/0d6cc40dfe66ca4e87b0326545ce39dad09526cf9b60f6d4d86c73a58d0aff0e/1arxiweb/index.m3u8
2026-08-22 10:29:52,195 [INFO] Scraping rugbytv...
2026-08-22 10:29:55,538 [INFO]  -> Success: https://live4.mar.tv/0d6cc40dfe66ca4e87b0326545ce39dad09526cf9b60f6d4d86c73a58d0aff0e/160m/index.m3u8
2026-08-22 10:29:55,574 [INFO] Scraping gms...
2026-08-22 10:29:58,917 [INFO]  -> Success: https://live5.mar.tv/0d6cc40dfe66ca4e87b0326545ce39dad09526cf9b60f6d4d86c73a58d0aff0e/161/index.m3u8
2026-08-22 10:29:58,953 [INFO] Scraping aiatv...
2026-08-22 10:30:02,296 [INFO]  -> Success: https://live6.mar.tv/0d6cc40dfe66ca4e87b0326545ce39dad09526cf9b60f6d4d86c73a58d0aff0e/aia/index.m3u8
2026-08-22 10:30:02,330 [INFO] Scraping batumi2...
2026-08-22 10:30:05,672 [INFO]  -> Success: https://live6.mar.tv/0d6cc40dfe66ca4e87b0326545ce39dad09526cf9b60f6d4d86c73a58d0aff0e/batumitv2/index.m3u8
2026-08-22 10:30:05,704 [INFO] Scraping altinfo...
2026-08-22 10:30:09,048 [INFO]  -> Success: https://live6.mar.tv/0d6cc40dfe66ca4e87b0326545ce39dad09526cf9b60f6d4d86c73a58d0aff0e/altinfo/index.m3u8
2026-08-22 10:30:09,084 [INFO] Scraping parliament...
2026-08-22 10:30:12,429 [INFO]  -> Success: https://live6.mar.tv/0d6cc40dfe66ca4e87b0326545ce39dad09526cf9b60f6d4d86c73a58d0aff0e/parlament/index.m3u8
2026-08-22 10:30:12,462 [INFO] Scraping egrisi...
2026-08-22 10:30:15,805 [INFO]  -> Success: https://live6.mar.tv/0d6cc40dfe66ca4e87b0326545ce39dad09526cf9b60f6d4d86c73a58d0aff0e/egrisi/index.m3u8
2026-08-22 10:30:15,840 [INFO] Scraping mzetv...
2026-08-22 10:30:19,185 [INFO]  -> Success: https://live6.mar.tv/0d6cc40dfe66ca4e87b0326545ce39dad09526cf9b60f6d4d86c73a58d0aff0e/mze/index.m3u8
2026-08-22 10:30:19,234 [WARNING] Failed to find tvg-id="rustavi2" in georgia_channels.m3u
2026-08-22 10:30:19,234 [WARNING] Failed to find tvg-id="maestro" in georgia_channels.m3u
2026-08-22 10:30:19,234 [WARNING] Failed to find tvg-id="marao" in georgia_channels.m3u
2026-08-22 10:30:19,234 [WARNING] Failed to find tvg-id="gds" in georgia_channels.m3u
2026-08-22 10:30:19,234 [WARNING] Failed to find tvg-id="comedy" in georgia_channels.m3u
2026-08-22 10:30:19,235 [WARNING] Failed to find tvg-id="bbb" in georgia_channels.m3u
2026-08-22 10:30:19,235 [WARNING] Failed to find tvg-id="enkibenki" in georgia_channels.m3u
2026-08-22 10:30:19,235 [WARNING] Failed to find tvg-id="adjaratv" in georgia_channels.m3u
2026-08-22 10:30:19,235 [WARNING] Failed to find tvg-id="rionitv" in georgia_channels.m3u
2026-08-22 10:30:19,235 [WARNING] Failed to find tvg-id="tv25" in georgia_channels.m3u
2026-08-22 10:30:19,236 [WARNING] Failed to find tvg-id="tv4rustavi" in georgia_channels.m3u
2026-08-22 10:30:19,236 [WARNING] Failed to find tvg-id="trialeti" in georgia_channels.m3u
2026-08-22 10:30:19,236 [WARNING] Failed to find tvg-id="dardimandi" in georgia_channels.m3u
2026-08-22 10:30:19,236 [WARNING] Failed to find tvg-id="agro" in georgia_channels.m3u
2026-08-22 10:30:19,236 [WARNING] Failed to find tvg-id="samefo" in georgia_channels.m3u
2026-08-22 10:30:19,237 [WARNING] Failed to find tvg-id="postv" in georgia_channels.m3u
2026-08-22 10:30:19,237 [WARNING] Failed to find tvg-id="megatv" in georgia_channels.m3u
2026-08-22 10:30:19,237 [WARNING] Failed to find tvg-id="qartuliarxi" in georgia_channels.m3u
2026-08-22 10:30:19,237 [WARNING] Failed to find tvg-id="musicbox" in georgia_channels.m3u
2026-08-22 10:30:19,237 [WARNING] Failed to find tvg-id="marneuli" in georgia_channels.m3u
2026-08-22 10:30:19,238 [WARNING] Failed to find tvg-id="axaliformula" in georgia_channels.m3u
2026-08-22 10:30:19,238 [WARNING] Failed to find tvg-id="o2" in georgia_channels.m3u
2026-08-22 10:30:19,238 [WARNING] Failed to find tvg-id="guria" in georgia_channels.m3u
2026-08-22 10:30:19,238 [WARNING] Failed to find tvg-id="imervizia" in georgia_channels.m3u
2026-08-22 10:30:19,238 [WARNING] Failed to find tvg-id="diatv" in georgia_channels.m3u
2026-08-22 10:30:19,238 [WARNING] Failed to find tvg-id="chveniarxi" in georgia_channels.m3u
2026-08-22 10:30:19,238 [WARNING] Failed to find tvg-id="batumitv" in georgia_channels.m3u
2026-08-22 10:30:19,239 [WARNING] Failed to find tvg-id="rcheuli" in georgia_channels.m3u
2026-08-22 10:30:19,239 [WARNING] Failed to find tvg-id="gurjaani" in georgia_channels.m3u
2026-08-22 10:30:19,239 [WARNING] Failed to find tvg-id="molitv" in georgia_channels.m3u
2026-08-22 10:30:19,239 [WARNING] Failed to find tvg-id="mexute" in georgia_channels.m3u
2026-08-22 10:30:19,239 [WARNING] Failed to find tvg-id="agrogaremo" in georgia_channels.m3u
2026-08-22 10:30:19,239 [WARNING] Failed to find tvg-id="artv" in georgia_channels.m3u
2026-08-22 10:30:19,240 [WARNING] Failed to find tvg-id="meteo24" in georgia_channels.m3u
2026-08-22 10:30:19,240 [WARNING] Failed to find tvg-id="georgiantimes" in georgia_channels.m3u
2026-08-22 10:30:19,240 [WARNING] Failed to find tvg-id="silkuniversal" in georgia_channels.m3u
2026-08-22 10:30:19,240 [WARNING] Failed to find tvg-id="rugbytv" in georgia_channels.m3u
2026-08-22 10:30:19,240 [WARNING] Failed to find tvg-id="gms" in georgia_channels.m3u
2026-08-22 10:30:19,241 [WARNING] Failed to find tvg-id="aiatv" in georgia_channels.m3u
2026-08-22 10:30:19,241 [WARNING] Failed to find tvg-id="batumi2" in georgia_channels.m3u
2026-08-22 10:30:19,241 [WARNING] Failed to find tvg-id="altinfo" in georgia_channels.m3u
2026-08-22 10:30:19,241 [WARNING] Failed to find tvg-id="parliament" in georgia_channels.m3u
2026-08-22 10:30:19,241 [WARNING] Failed to find tvg-id="egrisi" in georgia_channels.m3u
2026-08-22 10:30:19,242 [WARNING] Failed to find tvg-id="mzetv" in georgia_channels.m3u
2026-08-22 10:30:19,242 [INFO] No file changes were made.
2026-08-22 10:30:19,242 [INFO] === UPDATE EXECUTION FINISHED ===
