2026-08-22 11:23:17,210 [INFO] === UPDATE EXECUTION STARTED ===
2026-08-22 11:23:17,210 [INFO] Fetching Setanta Sports 3 from IPTV-ORG...
2026-08-22 11:23:17,263 [INFO] Launching batch scraper for 44 channels on tv.mar.tv...
2026-08-22 11:23:17,903 [INFO] Scraping rustavi2...
2026-08-22 11:23:22,729 [INFO]  -> Success: https://live8.mar.tv/1/4rd/index.m3u8
2026-08-22 11:23:22,763 [INFO] Scraping maestro...
2026-08-22 11:23:26,039 [INFO]  -> Success: https://live4.mar.tv/e4a01c81fe0739386d3aa07721a1496985cf01dc733bde8b618bcfe0458ba4a9/352m/index.m3u8
2026-08-22 11:23:26,076 [INFO] Scraping marao...
2026-08-22 11:23:29,350 [INFO]  -> Success: https://live2.mar.tv/e4a01c81fe0739386d3aa07721a1496985cf01dc733bde8b618bcfe0458ba4a9/12sd/index.m3u8
2026-08-22 11:23:29,386 [INFO] Scraping gds...
2026-08-22 11:23:32,660 [INFO]  -> Success: https://live1.mar.tv/e4a01c81fe0739386d3aa07721a1496985cf01dc733bde8b618bcfe0458ba4a9/13sd/index.m3u8
2026-08-22 11:23:32,696 [INFO] Scraping comedy...
2026-08-22 11:23:35,973 [INFO]  -> Success: https://live4.mar.tv/e4a01c81fe0739386d3aa07721a1496985cf01dc733bde8b618bcfe0458ba4a9/14rd/index.m3u8
2026-08-22 11:23:36,007 [INFO] Scraping bbb...
2026-08-22 11:23:39,284 [INFO]  -> Success: https://live2.mar.tv/e4a01c81fe0739386d3aa07721a1496985cf01dc733bde8b618bcfe0458ba4a9/16sd/index.m3u8
2026-08-22 11:23:39,320 [INFO] Scraping enkibenki...
2026-08-22 11:23:42,605 [INFO]  -> Success: https://live2.mar.tv/e4a01c81fe0739386d3aa07721a1496985cf01dc733bde8b618bcfe0458ba4a9/17e/index.m3u8
2026-08-22 11:23:42,640 [INFO] Scraping adjaratv...
2026-08-22 11:23:45,916 [INFO]  -> Success: https://live2.mar.tv/e4a01c81fe0739386d3aa07721a1496985cf01dc733bde8b618bcfe0458ba4a9/19rd/index.m3u8
2026-08-22 11:23:45,950 [INFO] Scraping rionitv...
2026-08-22 11:23:49,229 [INFO]  -> Success: https://live6.mar.tv/e4a01c81fe0739386d3aa07721a1496985cf01dc733bde8b618bcfe0458ba4a9/20rionn/index.m3u8
2026-08-22 11:23:49,263 [INFO] Scraping tv25...
2026-08-22 11:23:52,544 [INFO]  -> Success: https://live6.mar.tv/e4a01c81fe0739386d3aa07721a1496985cf01dc733bde8b618bcfe0458ba4a9/23tv25/index.m3u8
2026-08-22 11:23:52,581 [INFO] Scraping tv4rustavi...
2026-08-22 11:23:55,860 [INFO]  -> Success: https://live6.mar.tv/e4a01c81fe0739386d3aa07721a1496985cf01dc733bde8b618bcfe0458ba4a9/24tw4/index.m3u8
2026-08-22 11:23:55,896 [INFO] Scraping trialeti...
2026-08-22 11:23:59,173 [INFO]  -> Success: https://live6.mar.tv/e4a01c81fe0739386d3aa07721a1496985cf01dc733bde8b618bcfe0458ba4a9/trialleti/index.m3u8
2026-08-22 11:23:59,223 [INFO] Scraping dardimandi...
2026-08-22 11:24:02,501 [INFO]  -> Success: https://live5.mar.tv/e4a01c81fe0739386d3aa07721a1496985cf01dc733bde8b618bcfe0458ba4a9/27/index.m3u8
2026-08-22 11:24:02,532 [INFO] Scraping agro...
2026-08-22 11:24:05,809 [INFO]  -> Success: https://live5.mar.tv/e4a01c81fe0739386d3aa07721a1496985cf01dc733bde8b618bcfe0458ba4a9/28/index.m3u8
2026-08-22 11:24:05,842 [INFO] Scraping samefo...
2026-08-22 11:24:09,120 [INFO]  -> Success: https://live5.mar.tv/e4a01c81fe0739386d3aa07721a1496985cf01dc733bde8b618bcfe0458ba4a9/29/index.m3u8
2026-08-22 11:24:09,153 [INFO] Scraping postv...
2026-08-22 11:24:12,426 [INFO]  -> Success: https://live6.mar.tv/e4a01c81fe0739386d3aa07721a1496985cf01dc733bde8b618bcfe0458ba4a9/postvw/index.m3u8
2026-08-22 11:24:12,460 [INFO] Scraping megatv...
2026-08-22 11:24:15,735 [INFO]  -> Success: https://live4.mar.tv/e4a01c81fe0739386d3aa07721a1496985cf01dc733bde8b618bcfe0458ba4a9/32st/index.m3u8
2026-08-22 11:24:15,768 [INFO] Scraping qartuliarxi...
2026-08-22 11:24:19,044 [INFO]  -> Success: https://live6.mar.tv/e4a01c81fe0739386d3aa07721a1496985cf01dc733bde8b618bcfe0458ba4a9/qartuli/index.m3u8
2026-08-22 11:24:19,078 [INFO] Scraping musicbox...
2026-08-22 11:24:22,354 [INFO]  -> Success: https://live6.mar.tv/e4a01c81fe0739386d3aa07721a1496985cf01dc733bde8b618bcfe0458ba4a9/34musge/index.m3u8
2026-08-22 11:24:22,388 [INFO] Scraping marneuli...
2026-08-22 11:24:25,671 [INFO]  -> Success: https://live6.mar.tv/e4a01c81fe0739386d3aa07721a1496985cf01dc733bde8b618bcfe0458ba4a9/37marn/index.m3u8
2026-08-22 11:24:25,707 [INFO] Scraping axaliformula...
2026-08-22 11:24:28,983 [INFO]  -> Success: https://live6.mar.tv/e4a01c81fe0739386d3aa07721a1496985cf01dc733bde8b618bcfe0458ba4a9/axaliformla/index.m3u8
2026-08-22 11:24:29,018 [INFO] Scraping o2...
2026-08-22 11:24:32,296 [INFO]  -> Success: https://live5.mar.tv/e4a01c81fe0739386d3aa07721a1496985cf01dc733bde8b618bcfe0458ba4a9/40/index.m3u8
2026-08-22 11:24:32,333 [INFO] Scraping guria...
2026-08-22 11:24:35,606 [INFO]  -> Success: https://live5.mar.tv/e4a01c81fe0739386d3aa07721a1496985cf01dc733bde8b618bcfe0458ba4a9/42/index.m3u8
2026-08-22 11:24:35,661 [INFO] Scraping imervizia...
2026-08-22 11:24:38,938 [INFO]  -> Success: https://live6.mar.tv/e4a01c81fe0739386d3aa07721a1496985cf01dc733bde8b618bcfe0458ba4a9/imervizia/index.m3u8
2026-08-22 11:24:38,973 [INFO] Scraping diatv...
2026-08-22 11:24:42,250 [INFO]  -> Success: https://live4.mar.tv/e4a01c81fe0739386d3aa07721a1496985cf01dc733bde8b618bcfe0458ba4a9/dia/index.m3u8
2026-08-22 11:24:42,286 [INFO] Scraping chveniarxi...
2026-08-22 11:24:45,568 [INFO]  -> Success: https://live3.mar.tv/e4a01c81fe0739386d3aa07721a1496985cf01dc733bde8b618bcfe0458ba4a9/45rd/index.m3u8
2026-08-22 11:24:45,603 [INFO] Scraping batumitv...
2026-08-22 11:24:48,881 [INFO]  -> Success: https://live5.mar.tv/e4a01c81fe0739386d3aa07721a1496985cf01dc733bde8b618bcfe0458ba4a9/46/index.m3u8
2026-08-22 11:24:48,917 [INFO] Scraping rcheuli...
2026-08-22 11:24:52,191 [INFO]  -> Success: https://live5.mar.tv/e4a01c81fe0739386d3aa07721a1496985cf01dc733bde8b618bcfe0458ba4a9/47/index.m3u8
2026-08-22 11:24:52,224 [INFO] Scraping gurjaani...
2026-08-22 11:24:55,499 [INFO]  -> Success: https://live4.mar.tv/e4a01c81fe0739386d3aa07721a1496985cf01dc733bde8b618bcfe0458ba4a9/48m/index.m3u8
2026-08-22 11:24:55,530 [INFO] Scraping molitv...
2026-08-22 11:24:58,808 [INFO]  -> Success: https://live6.mar.tv/e4a01c81fe0739386d3aa07721a1496985cf01dc733bde8b618bcfe0458ba4a9/mollltv/index.m3u8
2026-08-22 11:24:58,843 [INFO] Scraping mexute...
2026-08-22 11:25:02,120 [INFO]  -> Success: https://live6.mar.tv/e4a01c81fe0739386d3aa07721a1496985cf01dc733bde8b618bcfe0458ba4a9/50/index.m3u8
2026-08-22 11:25:02,155 [INFO] Scraping agrogaremo...
2026-08-22 11:25:05,430 [INFO]  -> Success: https://live6.mar.tv/e4a01c81fe0739386d3aa07721a1496985cf01dc733bde8b618bcfe0458ba4a9/agrogaremo/index.m3u8
2026-08-22 11:25:05,464 [INFO] Scraping artv...
2026-08-22 11:25:08,743 [INFO]  -> Success: https://live6.mar.tv/e4a01c81fe0739386d3aa07721a1496985cf01dc733bde8b618bcfe0458ba4a9/tafutv/index.m3u8
2026-08-22 11:25:08,780 [INFO] Scraping meteo24...
2026-08-22 11:25:12,056 [INFO]  -> Success: https://live5.mar.tv/e4a01c81fe0739386d3aa07721a1496985cf01dc733bde8b618bcfe0458ba4a9/56/index.m3u8
2026-08-22 11:25:12,089 [INFO] Scraping georgiantimes...
2026-08-22 11:25:15,368 [INFO]  -> Success: https://live5.mar.tv/e4a01c81fe0739386d3aa07721a1496985cf01dc733bde8b618bcfe0458ba4a9/57/index.m3u8
2026-08-22 11:25:15,403 [INFO] Scraping silkuniversal...
2026-08-22 11:25:18,679 [INFO]  -> Success: https://live2.mar.tv/e4a01c81fe0739386d3aa07721a1496985cf01dc733bde8b618bcfe0458ba4a9/1arxiweb/index.m3u8
2026-08-22 11:25:18,713 [INFO] Scraping rugbytv...
2026-08-22 11:25:21,992 [INFO]  -> Success: https://live4.mar.tv/e4a01c81fe0739386d3aa07721a1496985cf01dc733bde8b618bcfe0458ba4a9/160m/index.m3u8
2026-08-22 11:25:22,026 [INFO] Scraping gms...
2026-08-22 11:25:25,300 [INFO]  -> Success: https://live5.mar.tv/e4a01c81fe0739386d3aa07721a1496985cf01dc733bde8b618bcfe0458ba4a9/161/index.m3u8
2026-08-22 11:25:25,335 [INFO] Scraping aiatv...
2026-08-22 11:25:28,611 [INFO]  -> Success: https://live6.mar.tv/e4a01c81fe0739386d3aa07721a1496985cf01dc733bde8b618bcfe0458ba4a9/aia/index.m3u8
2026-08-22 11:25:28,645 [INFO] Scraping batumi2...
2026-08-22 11:25:31,926 [INFO]  -> Success: https://live6.mar.tv/e4a01c81fe0739386d3aa07721a1496985cf01dc733bde8b618bcfe0458ba4a9/batumitv2/index.m3u8
2026-08-22 11:25:31,963 [INFO] Scraping altinfo...
2026-08-22 11:25:35,240 [INFO]  -> Success: https://live6.mar.tv/e4a01c81fe0739386d3aa07721a1496985cf01dc733bde8b618bcfe0458ba4a9/altinfo/index.m3u8
2026-08-22 11:25:35,274 [INFO] Scraping parliament...
2026-08-22 11:25:38,552 [INFO]  -> Success: https://live6.mar.tv/e4a01c81fe0739386d3aa07721a1496985cf01dc733bde8b618bcfe0458ba4a9/parlament/index.m3u8
2026-08-22 11:25:38,591 [INFO] Scraping egrisi...
2026-08-22 11:25:41,869 [INFO]  -> Success: https://live6.mar.tv/e4a01c81fe0739386d3aa07721a1496985cf01dc733bde8b618bcfe0458ba4a9/egrisi/index.m3u8
2026-08-22 11:25:41,903 [INFO] Scraping mzetv...
2026-08-22 11:25:45,180 [INFO]  -> Success: https://live6.mar.tv/e4a01c81fe0739386d3aa07721a1496985cf01dc733bde8b618bcfe0458ba4a9/mze/index.m3u8
2026-08-22 11:25:45,229 [WARNING] Failed to find tvg-id="rustavi2" in georgia_channels.m3u
2026-08-22 11:25:45,229 [WARNING] Failed to find tvg-id="maestro" in georgia_channels.m3u
2026-08-22 11:25:45,229 [WARNING] Failed to find tvg-id="marao" in georgia_channels.m3u
2026-08-22 11:25:45,229 [WARNING] Failed to find tvg-id="gds" in georgia_channels.m3u
2026-08-22 11:25:45,230 [WARNING] Failed to find tvg-id="comedy" in georgia_channels.m3u
2026-08-22 11:25:45,230 [WARNING] Failed to find tvg-id="bbb" in georgia_channels.m3u
2026-08-22 11:25:45,230 [WARNING] Failed to find tvg-id="enkibenki" in georgia_channels.m3u
2026-08-22 11:25:45,230 [WARNING] Failed to find tvg-id="adjaratv" in georgia_channels.m3u
2026-08-22 11:25:45,230 [WARNING] Failed to find tvg-id="rionitv" in georgia_channels.m3u
2026-08-22 11:25:45,231 [WARNING] Failed to find tvg-id="tv25" in georgia_channels.m3u
2026-08-22 11:25:45,231 [WARNING] Failed to find tvg-id="tv4rustavi" in georgia_channels.m3u
2026-08-22 11:25:45,231 [WARNING] Failed to find tvg-id="trialeti" in georgia_channels.m3u
2026-08-22 11:25:45,231 [WARNING] Failed to find tvg-id="dardimandi" in georgia_channels.m3u
2026-08-22 11:25:45,232 [WARNING] Failed to find tvg-id="agro" in georgia_channels.m3u
2026-08-22 11:25:45,232 [WARNING] Failed to find tvg-id="samefo" in georgia_channels.m3u
2026-08-22 11:25:45,232 [WARNING] Failed to find tvg-id="postv" in georgia_channels.m3u
2026-08-22 11:25:45,232 [WARNING] Failed to find tvg-id="megatv" in georgia_channels.m3u
2026-08-22 11:25:45,232 [WARNING] Failed to find tvg-id="qartuliarxi" in georgia_channels.m3u
2026-08-22 11:25:45,232 [WARNING] Failed to find tvg-id="musicbox" in georgia_channels.m3u
2026-08-22 11:25:45,233 [WARNING] Failed to find tvg-id="marneuli" in georgia_channels.m3u
2026-08-22 11:25:45,233 [WARNING] Failed to find tvg-id="axaliformula" in georgia_channels.m3u
2026-08-22 11:25:45,233 [WARNING] Failed to find tvg-id="o2" in georgia_channels.m3u
2026-08-22 11:25:45,233 [WARNING] Failed to find tvg-id="guria" in georgia_channels.m3u
2026-08-22 11:25:45,233 [WARNING] Failed to find tvg-id="imervizia" in georgia_channels.m3u
2026-08-22 11:25:45,234 [WARNING] Failed to find tvg-id="diatv" in georgia_channels.m3u
2026-08-22 11:25:45,234 [WARNING] Failed to find tvg-id="chveniarxi" in georgia_channels.m3u
2026-08-22 11:25:45,234 [WARNING] Failed to find tvg-id="batumitv" in georgia_channels.m3u
2026-08-22 11:25:45,234 [WARNING] Failed to find tvg-id="rcheuli" in georgia_channels.m3u
2026-08-22 11:25:45,235 [WARNING] Failed to find tvg-id="gurjaani" in georgia_channels.m3u
2026-08-22 11:25:45,235 [WARNING] Failed to find tvg-id="molitv" in georgia_channels.m3u
2026-08-22 11:25:45,235 [WARNING] Failed to find tvg-id="mexute" in georgia_channels.m3u
2026-08-22 11:25:45,235 [WARNING] Failed to find tvg-id="agrogaremo" in georgia_channels.m3u
2026-08-22 11:25:45,235 [WARNING] Failed to find tvg-id="artv" in georgia_channels.m3u
2026-08-22 11:25:45,236 [WARNING] Failed to find tvg-id="meteo24" in georgia_channels.m3u
2026-08-22 11:25:45,236 [WARNING] Failed to find tvg-id="georgiantimes" in georgia_channels.m3u
2026-08-22 11:25:45,236 [WARNING] Failed to find tvg-id="silkuniversal" in georgia_channels.m3u
2026-08-22 11:25:45,236 [WARNING] Failed to find tvg-id="rugbytv" in georgia_channels.m3u
2026-08-22 11:25:45,236 [WARNING] Failed to find tvg-id="gms" in georgia_channels.m3u
2026-08-22 11:25:45,237 [WARNING] Failed to find tvg-id="aiatv" in georgia_channels.m3u
2026-08-22 11:25:45,237 [WARNING] Failed to find tvg-id="batumi2" in georgia_channels.m3u
2026-08-22 11:25:45,237 [WARNING] Failed to find tvg-id="altinfo" in georgia_channels.m3u
2026-08-22 11:25:45,237 [WARNING] Failed to find tvg-id="parliament" in georgia_channels.m3u
2026-08-22 11:25:45,237 [WARNING] Failed to find tvg-id="egrisi" in georgia_channels.m3u
2026-08-22 11:25:45,238 [WARNING] Failed to find tvg-id="mzetv" in georgia_channels.m3u
2026-08-22 11:25:45,238 [INFO] No file changes were made.
2026-08-22 11:25:45,238 [INFO] === UPDATE EXECUTION FINISHED ===
