2026-08-22 13:34:05,835 [INFO] === UPDATE EXECUTION STARTED ===
2026-08-22 13:34:05,835 [INFO] Fetching Setanta Sports 3 from IPTV-ORG...
2026-08-22 13:34:05,921 [INFO] Launching batch scraper for 44 channels on tv.mar.tv...
2026-08-22 13:34:07,965 [INFO] Scraping rustavi2...
2026-08-22 13:34:12,907 [INFO]  -> Success: https://live8.mar.tv/1/4rd/index.m3u8
2026-08-22 13:34:12,945 [INFO] Scraping maestro...
2026-08-22 13:34:16,244 [INFO]  -> Success: https://live4.mar.tv/1b284da7eaf95cc11101700cbd14e20d40253ad4e0808693dda9696285f1bdf5/352m/index.m3u8
2026-08-22 13:34:16,281 [INFO] Scraping marao...
2026-08-22 13:34:19,576 [INFO]  -> Success: https://live2.mar.tv/1b284da7eaf95cc11101700cbd14e20d40253ad4e0808693dda9696285f1bdf5/12sd/index.m3u8
2026-08-22 13:34:19,610 [INFO] Scraping gds...
2026-08-22 13:34:22,907 [INFO]  -> Success: https://live1.mar.tv/1b284da7eaf95cc11101700cbd14e20d40253ad4e0808693dda9696285f1bdf5/13sd/index.m3u8
2026-08-22 13:34:22,939 [INFO] Scraping comedy...
2026-08-22 13:34:26,228 [INFO]  -> Success: https://live4.mar.tv/1b284da7eaf95cc11101700cbd14e20d40253ad4e0808693dda9696285f1bdf5/14rd/index.m3u8
2026-08-22 13:34:26,260 [INFO] Scraping bbb...
2026-08-22 13:34:29,550 [INFO]  -> Success: https://live2.mar.tv/1b284da7eaf95cc11101700cbd14e20d40253ad4e0808693dda9696285f1bdf5/16sd/index.m3u8
2026-08-22 13:34:29,583 [INFO] Scraping enkibenki...
2026-08-22 13:34:32,872 [INFO]  -> Success: https://live2.mar.tv/1b284da7eaf95cc11101700cbd14e20d40253ad4e0808693dda9696285f1bdf5/17e/index.m3u8
2026-08-22 13:34:32,912 [INFO] Scraping adjaratv...
2026-08-22 13:34:36,198 [INFO]  -> Success: https://live2.mar.tv/1b284da7eaf95cc11101700cbd14e20d40253ad4e0808693dda9696285f1bdf5/19rd/index.m3u8
2026-08-22 13:34:36,232 [INFO] Scraping rionitv...
2026-08-22 13:34:39,519 [INFO]  -> Success: https://live6.mar.tv/1b284da7eaf95cc11101700cbd14e20d40253ad4e0808693dda9696285f1bdf5/20rionn/index.m3u8
2026-08-22 13:34:39,553 [INFO] Scraping tv25...
2026-08-22 13:34:42,843 [INFO]  -> Success: https://live6.mar.tv/1b284da7eaf95cc11101700cbd14e20d40253ad4e0808693dda9696285f1bdf5/23tv25/index.m3u8
2026-08-22 13:34:42,879 [INFO] Scraping tv4rustavi...
2026-08-22 13:34:46,168 [INFO]  -> Success: https://live6.mar.tv/1b284da7eaf95cc11101700cbd14e20d40253ad4e0808693dda9696285f1bdf5/24tw4/index.m3u8
2026-08-22 13:34:46,200 [INFO] Scraping trialeti...
2026-08-22 13:34:49,497 [INFO]  -> Success: https://live6.mar.tv/1b284da7eaf95cc11101700cbd14e20d40253ad4e0808693dda9696285f1bdf5/trialleti/index.m3u8
2026-08-22 13:34:49,531 [INFO] Scraping dardimandi...
2026-08-22 13:34:52,843 [INFO]  -> Success: https://live5.mar.tv/1b284da7eaf95cc11101700cbd14e20d40253ad4e0808693dda9696285f1bdf5/27/index.m3u8
2026-08-22 13:34:52,880 [INFO] Scraping agro...
2026-08-22 13:34:56,172 [INFO]  -> Success: https://live5.mar.tv/1b284da7eaf95cc11101700cbd14e20d40253ad4e0808693dda9696285f1bdf5/28/index.m3u8
2026-08-22 13:34:56,204 [INFO] Scraping samefo...
2026-08-22 13:34:59,494 [INFO]  -> Success: https://live5.mar.tv/1b284da7eaf95cc11101700cbd14e20d40253ad4e0808693dda9696285f1bdf5/29/index.m3u8
2026-08-22 13:34:59,528 [INFO] Scraping postv...
2026-08-22 13:35:02,817 [INFO]  -> Success: https://live6.mar.tv/1b284da7eaf95cc11101700cbd14e20d40253ad4e0808693dda9696285f1bdf5/postvw/index.m3u8
2026-08-22 13:35:02,855 [INFO] Scraping megatv...
2026-08-22 13:35:06,153 [INFO]  -> Success: https://live4.mar.tv/1b284da7eaf95cc11101700cbd14e20d40253ad4e0808693dda9696285f1bdf5/32st/index.m3u8
2026-08-22 13:35:06,191 [INFO] Scraping qartuliarxi...
2026-08-22 13:35:09,487 [INFO]  -> Success: https://live6.mar.tv/1b284da7eaf95cc11101700cbd14e20d40253ad4e0808693dda9696285f1bdf5/qartuli/index.m3u8
2026-08-22 13:35:09,525 [INFO] Scraping musicbox...
2026-08-22 13:35:12,815 [INFO]  -> Success: https://live6.mar.tv/1b284da7eaf95cc11101700cbd14e20d40253ad4e0808693dda9696285f1bdf5/34musge/index.m3u8
2026-08-22 13:35:12,848 [INFO] Scraping marneuli...
2026-08-22 13:35:16,143 [INFO]  -> Success: https://live6.mar.tv/1b284da7eaf95cc11101700cbd14e20d40253ad4e0808693dda9696285f1bdf5/37marn/index.m3u8
2026-08-22 13:35:16,178 [INFO] Scraping axaliformula...
2026-08-22 13:35:19,465 [INFO]  -> Success: https://live6.mar.tv/1b284da7eaf95cc11101700cbd14e20d40253ad4e0808693dda9696285f1bdf5/axaliformla/index.m3u8
2026-08-22 13:35:19,499 [INFO] Scraping o2...
2026-08-22 13:35:22,786 [INFO]  -> Success: https://live5.mar.tv/1b284da7eaf95cc11101700cbd14e20d40253ad4e0808693dda9696285f1bdf5/40/index.m3u8
2026-08-22 13:35:22,820 [INFO] Scraping guria...
2026-08-22 13:35:26,114 [INFO]  -> Success: https://live5.mar.tv/1b284da7eaf95cc11101700cbd14e20d40253ad4e0808693dda9696285f1bdf5/42/index.m3u8
2026-08-22 13:35:26,148 [INFO] Scraping imervizia...
2026-08-22 13:35:29,441 [INFO]  -> Success: https://live6.mar.tv/1b284da7eaf95cc11101700cbd14e20d40253ad4e0808693dda9696285f1bdf5/imervizia/index.m3u8
2026-08-22 13:35:29,476 [INFO] Scraping diatv...
2026-08-22 13:35:32,766 [INFO]  -> Success: https://live4.mar.tv/1b284da7eaf95cc11101700cbd14e20d40253ad4e0808693dda9696285f1bdf5/dia/index.m3u8
2026-08-22 13:35:32,802 [INFO] Scraping chveniarxi...
2026-08-22 13:35:36,096 [INFO]  -> Success: https://live3.mar.tv/1b284da7eaf95cc11101700cbd14e20d40253ad4e0808693dda9696285f1bdf5/45rd/index.m3u8
2026-08-22 13:35:36,127 [INFO] Scraping batumitv...
2026-08-22 13:35:39,423 [INFO]  -> Success: https://live5.mar.tv/1b284da7eaf95cc11101700cbd14e20d40253ad4e0808693dda9696285f1bdf5/46/index.m3u8
2026-08-22 13:35:39,456 [INFO] Scraping rcheuli...
2026-08-22 13:35:42,752 [INFO]  -> Success: https://live5.mar.tv/1b284da7eaf95cc11101700cbd14e20d40253ad4e0808693dda9696285f1bdf5/47/index.m3u8
2026-08-22 13:35:42,788 [INFO] Scraping gurjaani...
2026-08-22 13:35:46,085 [INFO]  -> Success: https://live4.mar.tv/1b284da7eaf95cc11101700cbd14e20d40253ad4e0808693dda9696285f1bdf5/48m/index.m3u8
2026-08-22 13:35:46,118 [INFO] Scraping molitv...
2026-08-22 13:35:49,406 [INFO]  -> Success: https://live6.mar.tv/1b284da7eaf95cc11101700cbd14e20d40253ad4e0808693dda9696285f1bdf5/mollltv/index.m3u8
2026-08-22 13:35:49,439 [INFO] Scraping mexute...
2026-08-22 13:35:52,734 [INFO]  -> Success: https://live6.mar.tv/1b284da7eaf95cc11101700cbd14e20d40253ad4e0808693dda9696285f1bdf5/50/index.m3u8
2026-08-22 13:35:52,767 [INFO] Scraping agrogaremo...
2026-08-22 13:35:56,056 [INFO]  -> Success: https://live6.mar.tv/1b284da7eaf95cc11101700cbd14e20d40253ad4e0808693dda9696285f1bdf5/agrogaremo/index.m3u8
2026-08-22 13:35:56,089 [INFO] Scraping artv...
2026-08-22 13:35:59,378 [INFO]  -> Success: https://live6.mar.tv/1b284da7eaf95cc11101700cbd14e20d40253ad4e0808693dda9696285f1bdf5/tafutv/index.m3u8
2026-08-22 13:35:59,411 [INFO] Scraping meteo24...
2026-08-22 13:36:02,700 [INFO]  -> Success: https://live5.mar.tv/1b284da7eaf95cc11101700cbd14e20d40253ad4e0808693dda9696285f1bdf5/56/index.m3u8
2026-08-22 13:36:02,734 [INFO] Scraping georgiantimes...
2026-08-22 13:36:06,086 [INFO]  -> Success: https://live5.mar.tv/1b284da7eaf95cc11101700cbd14e20d40253ad4e0808693dda9696285f1bdf5/57/index.m3u8
2026-08-22 13:36:06,124 [INFO] Scraping silkuniversal...
2026-08-22 13:36:09,421 [INFO]  -> Success: https://live2.mar.tv/1b284da7eaf95cc11101700cbd14e20d40253ad4e0808693dda9696285f1bdf5/1arxiweb/index.m3u8
2026-08-22 13:36:09,457 [INFO] Scraping rugbytv...
2026-08-22 13:36:12,754 [INFO]  -> Success: https://live4.mar.tv/1b284da7eaf95cc11101700cbd14e20d40253ad4e0808693dda9696285f1bdf5/160m/index.m3u8
2026-08-22 13:36:12,790 [INFO] Scraping gms...
2026-08-22 13:36:16,087 [INFO]  -> Success: https://live5.mar.tv/1b284da7eaf95cc11101700cbd14e20d40253ad4e0808693dda9696285f1bdf5/161/index.m3u8
2026-08-22 13:36:16,122 [INFO] Scraping aiatv...
2026-08-22 13:36:19,413 [INFO]  -> Success: https://live6.mar.tv/1b284da7eaf95cc11101700cbd14e20d40253ad4e0808693dda9696285f1bdf5/aia/index.m3u8
2026-08-22 13:36:19,448 [INFO] Scraping batumi2...
2026-08-22 13:36:22,738 [INFO]  -> Success: https://live6.mar.tv/1b284da7eaf95cc11101700cbd14e20d40253ad4e0808693dda9696285f1bdf5/batumitv2/index.m3u8
2026-08-22 13:36:22,771 [INFO] Scraping altinfo...
2026-08-22 13:36:26,065 [INFO]  -> Success: https://live6.mar.tv/1b284da7eaf95cc11101700cbd14e20d40253ad4e0808693dda9696285f1bdf5/altinfo/index.m3u8
2026-08-22 13:36:26,103 [INFO] Scraping parliament...
2026-08-22 13:36:29,396 [INFO]  -> Success: https://live6.mar.tv/1b284da7eaf95cc11101700cbd14e20d40253ad4e0808693dda9696285f1bdf5/parlament/index.m3u8
2026-08-22 13:36:29,433 [INFO] Scraping egrisi...
2026-08-22 13:36:32,718 [INFO]  -> Success: https://live6.mar.tv/1b284da7eaf95cc11101700cbd14e20d40253ad4e0808693dda9696285f1bdf5/egrisi/index.m3u8
2026-08-22 13:36:32,752 [INFO] Scraping mzetv...
2026-08-22 13:36:36,047 [INFO]  -> Success: https://live6.mar.tv/1b284da7eaf95cc11101700cbd14e20d40253ad4e0808693dda9696285f1bdf5/mze/index.m3u8
2026-08-22 13:36:36,100 [WARNING] Failed to find tvg-id="rustavi2" in georgia_channels.m3u
2026-08-22 13:36:36,100 [WARNING] Failed to find tvg-id="maestro" in georgia_channels.m3u
2026-08-22 13:36:36,100 [WARNING] Failed to find tvg-id="marao" in georgia_channels.m3u
2026-08-22 13:36:36,100 [WARNING] Failed to find tvg-id="gds" in georgia_channels.m3u
2026-08-22 13:36:36,101 [WARNING] Failed to find tvg-id="comedy" in georgia_channels.m3u
2026-08-22 13:36:36,101 [WARNING] Failed to find tvg-id="bbb" in georgia_channels.m3u
2026-08-22 13:36:36,101 [WARNING] Failed to find tvg-id="enkibenki" in georgia_channels.m3u
2026-08-22 13:36:36,102 [WARNING] Failed to find tvg-id="adjaratv" in georgia_channels.m3u
2026-08-22 13:36:36,102 [WARNING] Failed to find tvg-id="rionitv" in georgia_channels.m3u
2026-08-22 13:36:36,102 [WARNING] Failed to find tvg-id="tv25" in georgia_channels.m3u
2026-08-22 13:36:36,102 [WARNING] Failed to find tvg-id="tv4rustavi" in georgia_channels.m3u
2026-08-22 13:36:36,103 [WARNING] Failed to find tvg-id="trialeti" in georgia_channels.m3u
2026-08-22 13:36:36,103 [WARNING] Failed to find tvg-id="dardimandi" in georgia_channels.m3u
2026-08-22 13:36:36,103 [WARNING] Failed to find tvg-id="agro" in georgia_channels.m3u
2026-08-22 13:36:36,103 [WARNING] Failed to find tvg-id="samefo" in georgia_channels.m3u
2026-08-22 13:36:36,104 [WARNING] Failed to find tvg-id="postv" in georgia_channels.m3u
2026-08-22 13:36:36,104 [WARNING] Failed to find tvg-id="megatv" in georgia_channels.m3u
2026-08-22 13:36:36,104 [WARNING] Failed to find tvg-id="qartuliarxi" in georgia_channels.m3u
2026-08-22 13:36:36,104 [WARNING] Failed to find tvg-id="musicbox" in georgia_channels.m3u
2026-08-22 13:36:36,104 [WARNING] Failed to find tvg-id="marneuli" in georgia_channels.m3u
2026-08-22 13:36:36,105 [WARNING] Failed to find tvg-id="axaliformula" in georgia_channels.m3u
2026-08-22 13:36:36,105 [WARNING] Failed to find tvg-id="o2" in georgia_channels.m3u
2026-08-22 13:36:36,105 [WARNING] Failed to find tvg-id="guria" in georgia_channels.m3u
2026-08-22 13:36:36,105 [WARNING] Failed to find tvg-id="imervizia" in georgia_channels.m3u
2026-08-22 13:36:36,106 [WARNING] Failed to find tvg-id="diatv" in georgia_channels.m3u
2026-08-22 13:36:36,106 [WARNING] Failed to find tvg-id="chveniarxi" in georgia_channels.m3u
2026-08-22 13:36:36,106 [WARNING] Failed to find tvg-id="batumitv" in georgia_channels.m3u
2026-08-22 13:36:36,106 [WARNING] Failed to find tvg-id="rcheuli" in georgia_channels.m3u
2026-08-22 13:36:36,106 [WARNING] Failed to find tvg-id="gurjaani" in georgia_channels.m3u
2026-08-22 13:36:36,107 [WARNING] Failed to find tvg-id="molitv" in georgia_channels.m3u
2026-08-22 13:36:36,107 [WARNING] Failed to find tvg-id="mexute" in georgia_channels.m3u
2026-08-22 13:36:36,107 [WARNING] Failed to find tvg-id="agrogaremo" in georgia_channels.m3u
2026-08-22 13:36:36,107 [WARNING] Failed to find tvg-id="artv" in georgia_channels.m3u
2026-08-22 13:36:36,107 [WARNING] Failed to find tvg-id="meteo24" in georgia_channels.m3u
2026-08-22 13:36:36,108 [WARNING] Failed to find tvg-id="georgiantimes" in georgia_channels.m3u
2026-08-22 13:36:36,108 [WARNING] Failed to find tvg-id="silkuniversal" in georgia_channels.m3u
2026-08-22 13:36:36,108 [WARNING] Failed to find tvg-id="rugbytv" in georgia_channels.m3u
2026-08-22 13:36:36,108 [WARNING] Failed to find tvg-id="gms" in georgia_channels.m3u
2026-08-22 13:36:36,109 [WARNING] Failed to find tvg-id="aiatv" in georgia_channels.m3u
2026-08-22 13:36:36,109 [WARNING] Failed to find tvg-id="batumi2" in georgia_channels.m3u
2026-08-22 13:36:36,109 [WARNING] Failed to find tvg-id="altinfo" in georgia_channels.m3u
2026-08-22 13:36:36,109 [WARNING] Failed to find tvg-id="parliament" in georgia_channels.m3u
2026-08-22 13:36:36,110 [WARNING] Failed to find tvg-id="egrisi" in georgia_channels.m3u
2026-08-22 13:36:36,110 [WARNING] Failed to find tvg-id="mzetv" in georgia_channels.m3u
2026-08-22 13:36:36,110 [INFO] No file changes were made.
2026-08-22 13:36:36,110 [INFO] === UPDATE EXECUTION FINISHED ===
