2026-08-22 06:43:37,610 [INFO] === UPDATE EXECUTION STARTED ===
2026-08-22 06:43:37,611 [INFO] Fetching Setanta Sports 3 from IPTV-ORG...
2026-08-22 06:43:37,698 [INFO] Launching batch scraper for 44 channels on tv.mar.tv...
2026-08-22 06:43:38,304 [INFO] Scraping rustavi2...
2026-08-22 06:43:43,079 [INFO]  -> Success: https://live8.mar.tv/1/4rd/index.m3u8
2026-08-22 06:43:43,116 [INFO] Scraping maestro...
2026-08-22 06:43:46,385 [INFO]  -> Success: https://live4.mar.tv/79e8577e2f11e0a5b8cedc135b002a17d95f6ed80f663acd9f06767416b44ddd/352m/index.m3u8
2026-08-22 06:43:46,418 [INFO] Scraping marao...
2026-08-22 06:43:49,687 [INFO]  -> Success: https://live2.mar.tv/79e8577e2f11e0a5b8cedc135b002a17d95f6ed80f663acd9f06767416b44ddd/12sd/index.m3u8
2026-08-22 06:43:49,722 [INFO] Scraping gds...
2026-08-22 06:43:52,992 [INFO]  -> Success: https://live1.mar.tv/79e8577e2f11e0a5b8cedc135b002a17d95f6ed80f663acd9f06767416b44ddd/13sd/index.m3u8
2026-08-22 06:43:53,027 [INFO] Scraping comedy...
2026-08-22 06:43:56,303 [INFO]  -> Success: https://live4.mar.tv/79e8577e2f11e0a5b8cedc135b002a17d95f6ed80f663acd9f06767416b44ddd/14rd/index.m3u8
2026-08-22 06:43:56,337 [INFO] Scraping bbb...
2026-08-22 06:43:59,604 [INFO]  -> Success: https://live2.mar.tv/79e8577e2f11e0a5b8cedc135b002a17d95f6ed80f663acd9f06767416b44ddd/16sd/index.m3u8
2026-08-22 06:43:59,638 [INFO] Scraping enkibenki...
2026-08-22 06:44:02,904 [INFO]  -> Success: https://live2.mar.tv/79e8577e2f11e0a5b8cedc135b002a17d95f6ed80f663acd9f06767416b44ddd/17e/index.m3u8
2026-08-22 06:44:02,937 [INFO] Scraping adjaratv...
2026-08-22 06:44:06,206 [INFO]  -> Success: https://live2.mar.tv/79e8577e2f11e0a5b8cedc135b002a17d95f6ed80f663acd9f06767416b44ddd/19rd/index.m3u8
2026-08-22 06:44:06,241 [INFO] Scraping rionitv...
2026-08-22 06:44:09,514 [INFO]  -> Success: https://live6.mar.tv/79e8577e2f11e0a5b8cedc135b002a17d95f6ed80f663acd9f06767416b44ddd/20rionn/index.m3u8
2026-08-22 06:44:09,548 [INFO] Scraping tv25...
2026-08-22 06:44:12,816 [INFO]  -> Success: https://live6.mar.tv/79e8577e2f11e0a5b8cedc135b002a17d95f6ed80f663acd9f06767416b44ddd/23tv25/index.m3u8
2026-08-22 06:44:12,848 [INFO] Scraping tv4rustavi...
2026-08-22 06:44:16,117 [INFO]  -> Success: https://live6.mar.tv/79e8577e2f11e0a5b8cedc135b002a17d95f6ed80f663acd9f06767416b44ddd/24tw4/index.m3u8
2026-08-22 06:44:16,149 [INFO] Scraping trialeti...
2026-08-22 06:44:19,413 [INFO]  -> Success: https://live6.mar.tv/79e8577e2f11e0a5b8cedc135b002a17d95f6ed80f663acd9f06767416b44ddd/trialleti/index.m3u8
2026-08-22 06:44:19,470 [INFO] Scraping dardimandi...
2026-08-22 06:44:22,741 [INFO]  -> Success: https://live5.mar.tv/79e8577e2f11e0a5b8cedc135b002a17d95f6ed80f663acd9f06767416b44ddd/27/index.m3u8
2026-08-22 06:44:22,772 [INFO] Scraping agro...
2026-08-22 06:44:26,045 [INFO]  -> Success: https://live5.mar.tv/79e8577e2f11e0a5b8cedc135b002a17d95f6ed80f663acd9f06767416b44ddd/28/index.m3u8
2026-08-22 06:44:26,077 [INFO] Scraping samefo...
2026-08-22 06:44:29,347 [INFO]  -> Success: https://live5.mar.tv/79e8577e2f11e0a5b8cedc135b002a17d95f6ed80f663acd9f06767416b44ddd/29/index.m3u8
2026-08-22 06:44:29,380 [INFO] Scraping postv...
2026-08-22 06:44:32,650 [INFO]  -> Success: https://live6.mar.tv/79e8577e2f11e0a5b8cedc135b002a17d95f6ed80f663acd9f06767416b44ddd/postvw/index.m3u8
2026-08-22 06:44:32,681 [INFO] Scraping megatv...
2026-08-22 06:44:35,946 [INFO]  -> Success: https://live4.mar.tv/79e8577e2f11e0a5b8cedc135b002a17d95f6ed80f663acd9f06767416b44ddd/32st/index.m3u8
2026-08-22 06:44:35,980 [INFO] Scraping qartuliarxi...
2026-08-22 06:44:39,246 [INFO]  -> Success: https://live6.mar.tv/79e8577e2f11e0a5b8cedc135b002a17d95f6ed80f663acd9f06767416b44ddd/qartuli/index.m3u8
2026-08-22 06:44:39,283 [INFO] Scraping musicbox...
2026-08-22 06:44:42,555 [INFO]  -> Success: https://live6.mar.tv/79e8577e2f11e0a5b8cedc135b002a17d95f6ed80f663acd9f06767416b44ddd/34musge/index.m3u8
2026-08-22 06:44:42,584 [INFO] Scraping marneuli...
2026-08-22 06:44:45,852 [INFO]  -> Success: https://live6.mar.tv/79e8577e2f11e0a5b8cedc135b002a17d95f6ed80f663acd9f06767416b44ddd/37marn/index.m3u8
2026-08-22 06:44:45,885 [INFO] Scraping axaliformula...
2026-08-22 06:44:49,152 [INFO]  -> Success: https://live6.mar.tv/79e8577e2f11e0a5b8cedc135b002a17d95f6ed80f663acd9f06767416b44ddd/axaliformla/index.m3u8
2026-08-22 06:44:49,186 [INFO] Scraping o2...
2026-08-22 06:44:52,460 [INFO]  -> Success: https://live5.mar.tv/79e8577e2f11e0a5b8cedc135b002a17d95f6ed80f663acd9f06767416b44ddd/40/index.m3u8
2026-08-22 06:44:52,491 [INFO] Scraping guria...
2026-08-22 06:44:55,761 [INFO]  -> Success: https://live5.mar.tv/79e8577e2f11e0a5b8cedc135b002a17d95f6ed80f663acd9f06767416b44ddd/42/index.m3u8
2026-08-22 06:44:55,792 [INFO] Scraping imervizia...
2026-08-22 06:44:59,058 [INFO]  -> Success: https://live6.mar.tv/79e8577e2f11e0a5b8cedc135b002a17d95f6ed80f663acd9f06767416b44ddd/imervizia/index.m3u8
2026-08-22 06:44:59,089 [INFO] Scraping diatv...
2026-08-22 06:45:02,360 [INFO]  -> Success: https://live4.mar.tv/79e8577e2f11e0a5b8cedc135b002a17d95f6ed80f663acd9f06767416b44ddd/dia/index.m3u8
2026-08-22 06:45:02,394 [INFO] Scraping chveniarxi...
2026-08-22 06:45:05,664 [INFO]  -> Success: https://live3.mar.tv/79e8577e2f11e0a5b8cedc135b002a17d95f6ed80f663acd9f06767416b44ddd/45rd/index.m3u8
2026-08-22 06:45:05,696 [INFO] Scraping batumitv...
2026-08-22 06:45:08,978 [INFO]  -> Success: https://live5.mar.tv/79e8577e2f11e0a5b8cedc135b002a17d95f6ed80f663acd9f06767416b44ddd/46/index.m3u8
2026-08-22 06:45:09,010 [INFO] Scraping rcheuli...
2026-08-22 06:45:12,282 [INFO]  -> Success: https://live5.mar.tv/79e8577e2f11e0a5b8cedc135b002a17d95f6ed80f663acd9f06767416b44ddd/47/index.m3u8
2026-08-22 06:45:12,318 [INFO] Scraping gurjaani...
2026-08-22 06:45:15,584 [INFO]  -> Success: https://live4.mar.tv/79e8577e2f11e0a5b8cedc135b002a17d95f6ed80f663acd9f06767416b44ddd/48m/index.m3u8
2026-08-22 06:45:15,616 [INFO] Scraping molitv...
2026-08-22 06:45:18,886 [INFO]  -> Success: https://live6.mar.tv/79e8577e2f11e0a5b8cedc135b002a17d95f6ed80f663acd9f06767416b44ddd/mollltv/index.m3u8
2026-08-22 06:45:18,922 [INFO] Scraping mexute...
2026-08-22 06:45:22,189 [INFO]  -> Success: https://live6.mar.tv/79e8577e2f11e0a5b8cedc135b002a17d95f6ed80f663acd9f06767416b44ddd/50/index.m3u8
2026-08-22 06:45:22,221 [INFO] Scraping agrogaremo...
2026-08-22 06:45:25,488 [INFO]  -> Success: https://live6.mar.tv/79e8577e2f11e0a5b8cedc135b002a17d95f6ed80f663acd9f06767416b44ddd/agrogaremo/index.m3u8
2026-08-22 06:45:25,520 [INFO] Scraping artv...
2026-08-22 06:45:28,791 [INFO]  -> Success: https://live6.mar.tv/79e8577e2f11e0a5b8cedc135b002a17d95f6ed80f663acd9f06767416b44ddd/tafutv/index.m3u8
2026-08-22 06:45:28,825 [INFO] Scraping meteo24...
2026-08-22 06:45:32,091 [INFO]  -> Success: https://live5.mar.tv/79e8577e2f11e0a5b8cedc135b002a17d95f6ed80f663acd9f06767416b44ddd/56/index.m3u8
2026-08-22 06:45:32,124 [INFO] Scraping georgiantimes...
2026-08-22 06:45:35,396 [INFO]  -> Success: https://live5.mar.tv/79e8577e2f11e0a5b8cedc135b002a17d95f6ed80f663acd9f06767416b44ddd/57/index.m3u8
2026-08-22 06:45:35,431 [INFO] Scraping silkuniversal...
2026-08-22 06:45:38,696 [INFO]  -> Success: https://live2.mar.tv/79e8577e2f11e0a5b8cedc135b002a17d95f6ed80f663acd9f06767416b44ddd/1arxiweb/index.m3u8
2026-08-22 06:45:38,728 [INFO] Scraping rugbytv...
2026-08-22 06:45:41,994 [INFO]  -> Success: https://live4.mar.tv/79e8577e2f11e0a5b8cedc135b002a17d95f6ed80f663acd9f06767416b44ddd/160m/index.m3u8
2026-08-22 06:45:42,025 [INFO] Scraping gms...
2026-08-22 06:45:45,293 [INFO]  -> Success: https://live5.mar.tv/79e8577e2f11e0a5b8cedc135b002a17d95f6ed80f663acd9f06767416b44ddd/161/index.m3u8
2026-08-22 06:45:45,328 [INFO] Scraping aiatv...
2026-08-22 06:45:48,595 [INFO]  -> Success: https://live6.mar.tv/79e8577e2f11e0a5b8cedc135b002a17d95f6ed80f663acd9f06767416b44ddd/aia/index.m3u8
2026-08-22 06:45:48,625 [INFO] Scraping batumi2...
2026-08-22 06:45:51,894 [INFO]  -> Success: https://live6.mar.tv/79e8577e2f11e0a5b8cedc135b002a17d95f6ed80f663acd9f06767416b44ddd/batumitv2/index.m3u8
2026-08-22 06:45:51,925 [INFO] Scraping altinfo...
2026-08-22 06:45:55,194 [INFO]  -> Success: https://live6.mar.tv/79e8577e2f11e0a5b8cedc135b002a17d95f6ed80f663acd9f06767416b44ddd/altinfo/index.m3u8
2026-08-22 06:45:55,226 [INFO] Scraping parliament...
2026-08-22 06:45:58,492 [INFO]  -> Success: https://live6.mar.tv/79e8577e2f11e0a5b8cedc135b002a17d95f6ed80f663acd9f06767416b44ddd/parlament/index.m3u8
2026-08-22 06:45:58,523 [INFO] Scraping egrisi...
2026-08-22 06:46:01,790 [INFO]  -> Success: https://live6.mar.tv/79e8577e2f11e0a5b8cedc135b002a17d95f6ed80f663acd9f06767416b44ddd/egrisi/index.m3u8
2026-08-22 06:46:01,819 [INFO] Scraping mzetv...
2026-08-22 06:46:05,087 [INFO]  -> Success: https://live6.mar.tv/79e8577e2f11e0a5b8cedc135b002a17d95f6ed80f663acd9f06767416b44ddd/mze/index.m3u8
2026-08-22 06:46:05,127 [WARNING] Failed to find tvg-id="rustavi2" in georgia_channels.m3u
2026-08-22 06:46:05,128 [WARNING] Failed to find tvg-id="maestro" in georgia_channels.m3u
2026-08-22 06:46:05,128 [WARNING] Failed to find tvg-id="marao" in georgia_channels.m3u
2026-08-22 06:46:05,128 [WARNING] Failed to find tvg-id="gds" in georgia_channels.m3u
2026-08-22 06:46:05,128 [WARNING] Failed to find tvg-id="comedy" in georgia_channels.m3u
2026-08-22 06:46:05,128 [WARNING] Failed to find tvg-id="bbb" in georgia_channels.m3u
2026-08-22 06:46:05,129 [WARNING] Failed to find tvg-id="enkibenki" in georgia_channels.m3u
2026-08-22 06:46:05,129 [WARNING] Failed to find tvg-id="adjaratv" in georgia_channels.m3u
2026-08-22 06:46:05,129 [WARNING] Failed to find tvg-id="rionitv" in georgia_channels.m3u
2026-08-22 06:46:05,129 [WARNING] Failed to find tvg-id="tv25" in georgia_channels.m3u
2026-08-22 06:46:05,129 [WARNING] Failed to find tvg-id="tv4rustavi" in georgia_channels.m3u
2026-08-22 06:46:05,130 [WARNING] Failed to find tvg-id="trialeti" in georgia_channels.m3u
2026-08-22 06:46:05,130 [WARNING] Failed to find tvg-id="dardimandi" in georgia_channels.m3u
2026-08-22 06:46:05,130 [WARNING] Failed to find tvg-id="agro" in georgia_channels.m3u
2026-08-22 06:46:05,130 [WARNING] Failed to find tvg-id="samefo" in georgia_channels.m3u
2026-08-22 06:46:05,130 [WARNING] Failed to find tvg-id="postv" in georgia_channels.m3u
2026-08-22 06:46:05,131 [WARNING] Failed to find tvg-id="megatv" in georgia_channels.m3u
2026-08-22 06:46:05,131 [WARNING] Failed to find tvg-id="qartuliarxi" in georgia_channels.m3u
2026-08-22 06:46:05,131 [WARNING] Failed to find tvg-id="musicbox" in georgia_channels.m3u
2026-08-22 06:46:05,131 [WARNING] Failed to find tvg-id="marneuli" in georgia_channels.m3u
2026-08-22 06:46:05,131 [WARNING] Failed to find tvg-id="axaliformula" in georgia_channels.m3u
2026-08-22 06:46:05,132 [WARNING] Failed to find tvg-id="o2" in georgia_channels.m3u
2026-08-22 06:46:05,132 [WARNING] Failed to find tvg-id="guria" in georgia_channels.m3u
2026-08-22 06:46:05,132 [WARNING] Failed to find tvg-id="imervizia" in georgia_channels.m3u
2026-08-22 06:46:05,132 [WARNING] Failed to find tvg-id="diatv" in georgia_channels.m3u
2026-08-22 06:46:05,132 [WARNING] Failed to find tvg-id="chveniarxi" in georgia_channels.m3u
2026-08-22 06:46:05,133 [WARNING] Failed to find tvg-id="batumitv" in georgia_channels.m3u
2026-08-22 06:46:05,133 [WARNING] Failed to find tvg-id="rcheuli" in georgia_channels.m3u
2026-08-22 06:46:05,133 [WARNING] Failed to find tvg-id="gurjaani" in georgia_channels.m3u
2026-08-22 06:46:05,133 [WARNING] Failed to find tvg-id="molitv" in georgia_channels.m3u
2026-08-22 06:46:05,133 [WARNING] Failed to find tvg-id="mexute" in georgia_channels.m3u
2026-08-22 06:46:05,134 [WARNING] Failed to find tvg-id="agrogaremo" in georgia_channels.m3u
2026-08-22 06:46:05,134 [WARNING] Failed to find tvg-id="artv" in georgia_channels.m3u
2026-08-22 06:46:05,134 [WARNING] Failed to find tvg-id="meteo24" in georgia_channels.m3u
2026-08-22 06:46:05,134 [WARNING] Failed to find tvg-id="georgiantimes" in georgia_channels.m3u
2026-08-22 06:46:05,134 [WARNING] Failed to find tvg-id="silkuniversal" in georgia_channels.m3u
2026-08-22 06:46:05,135 [WARNING] Failed to find tvg-id="rugbytv" in georgia_channels.m3u
2026-08-22 06:46:05,135 [WARNING] Failed to find tvg-id="gms" in georgia_channels.m3u
2026-08-22 06:46:05,135 [WARNING] Failed to find tvg-id="aiatv" in georgia_channels.m3u
2026-08-22 06:46:05,135 [WARNING] Failed to find tvg-id="batumi2" in georgia_channels.m3u
2026-08-22 06:46:05,135 [WARNING] Failed to find tvg-id="altinfo" in georgia_channels.m3u
2026-08-22 06:46:05,136 [WARNING] Failed to find tvg-id="parliament" in georgia_channels.m3u
2026-08-22 06:46:05,136 [WARNING] Failed to find tvg-id="egrisi" in georgia_channels.m3u
2026-08-22 06:46:05,136 [WARNING] Failed to find tvg-id="mzetv" in georgia_channels.m3u
2026-08-22 06:46:05,136 [INFO] No file changes were made.
2026-08-22 06:46:05,136 [INFO] === UPDATE EXECUTION FINISHED ===
