2026-08-23 22:25:03,299 [INFO] === UPDATE EXECUTION STARTED ===
2026-08-23 22:25:03,299 [INFO] Fetching Setanta Sports 3 from IPTV-ORG...
2026-08-23 22:25:03,457 [INFO] Launching batch scraper for 44 channels on tv.mar.tv...
2026-08-23 22:25:05,445 [INFO] Scraping rustavi2...
2026-08-23 22:25:11,251 [INFO]  -> Success: https://live8.mar.tv/1/4rd/index.m3u8
2026-08-23 22:25:11,289 [INFO] Scraping maestro...
2026-08-23 22:25:14,623 [INFO]  -> Success: https://live4.mar.tv/8273d518b008eb0c2b9af25a82fee159ea5f73d60eb18aa42b8a9bc7f9f10ba2/352m/index.m3u8
2026-08-23 22:25:14,655 [INFO] Scraping marao...
2026-08-23 22:25:17,988 [INFO]  -> Success: https://live2.mar.tv/8273d518b008eb0c2b9af25a82fee159ea5f73d60eb18aa42b8a9bc7f9f10ba2/12sd/index.m3u8
2026-08-23 22:25:18,025 [INFO] Scraping gds...
2026-08-23 22:25:21,352 [INFO]  -> Success: https://live1.mar.tv/8273d518b008eb0c2b9af25a82fee159ea5f73d60eb18aa42b8a9bc7f9f10ba2/13sd/index.m3u8
2026-08-23 22:25:21,385 [INFO] Scraping comedy...
2026-08-23 22:25:24,717 [INFO]  -> Success: https://live4.mar.tv/8273d518b008eb0c2b9af25a82fee159ea5f73d60eb18aa42b8a9bc7f9f10ba2/14rd/index.m3u8
2026-08-23 22:25:24,751 [INFO] Scraping bbb...
2026-08-23 22:25:28,080 [INFO]  -> Success: https://live2.mar.tv/8273d518b008eb0c2b9af25a82fee159ea5f73d60eb18aa42b8a9bc7f9f10ba2/16sd/index.m3u8
2026-08-23 22:25:28,113 [INFO] Scraping enkibenki...
2026-08-23 22:25:31,443 [INFO]  -> Success: https://live2.mar.tv/8273d518b008eb0c2b9af25a82fee159ea5f73d60eb18aa42b8a9bc7f9f10ba2/17e/index.m3u8
2026-08-23 22:25:31,482 [INFO] Scraping adjaratv...
2026-08-23 22:25:34,812 [INFO]  -> Success: https://live2.mar.tv/8273d518b008eb0c2b9af25a82fee159ea5f73d60eb18aa42b8a9bc7f9f10ba2/19rd/index.m3u8
2026-08-23 22:25:34,846 [INFO] Scraping rionitv...
2026-08-23 22:25:38,178 [INFO]  -> Success: https://live6.mar.tv/8273d518b008eb0c2b9af25a82fee159ea5f73d60eb18aa42b8a9bc7f9f10ba2/20rionn/index.m3u8
2026-08-23 22:25:38,210 [INFO] Scraping tv25...
2026-08-23 22:25:41,541 [INFO]  -> Success: https://live6.mar.tv/8273d518b008eb0c2b9af25a82fee159ea5f73d60eb18aa42b8a9bc7f9f10ba2/23tv25/index.m3u8
2026-08-23 22:25:41,576 [INFO] Scraping tv4rustavi...
2026-08-23 22:25:44,907 [INFO]  -> Success: https://live6.mar.tv/8273d518b008eb0c2b9af25a82fee159ea5f73d60eb18aa42b8a9bc7f9f10ba2/24tw4/index.m3u8
2026-08-23 22:25:44,939 [INFO] Scraping trialeti...
2026-08-23 22:25:48,266 [INFO]  -> Success: https://live6.mar.tv/8273d518b008eb0c2b9af25a82fee159ea5f73d60eb18aa42b8a9bc7f9f10ba2/trialleti/index.m3u8
2026-08-23 22:25:48,301 [INFO] Scraping dardimandi...
2026-08-23 22:25:51,630 [INFO]  -> Success: https://live5.mar.tv/8273d518b008eb0c2b9af25a82fee159ea5f73d60eb18aa42b8a9bc7f9f10ba2/27/index.m3u8
2026-08-23 22:25:51,668 [INFO] Scraping agro...
2026-08-23 22:25:54,999 [INFO]  -> Success: https://live5.mar.tv/8273d518b008eb0c2b9af25a82fee159ea5f73d60eb18aa42b8a9bc7f9f10ba2/28/index.m3u8
2026-08-23 22:25:55,030 [INFO] Scraping samefo...
2026-08-23 22:25:58,355 [INFO]  -> Success: https://live5.mar.tv/8273d518b008eb0c2b9af25a82fee159ea5f73d60eb18aa42b8a9bc7f9f10ba2/29/index.m3u8
2026-08-23 22:25:58,390 [INFO] Scraping postv...
2026-08-23 22:26:01,719 [INFO]  -> Success: https://live6.mar.tv/8273d518b008eb0c2b9af25a82fee159ea5f73d60eb18aa42b8a9bc7f9f10ba2/postvw/index.m3u8
2026-08-23 22:26:01,754 [INFO] Scraping megatv...
2026-08-23 22:26:05,087 [INFO]  -> Success: https://live4.mar.tv/8273d518b008eb0c2b9af25a82fee159ea5f73d60eb18aa42b8a9bc7f9f10ba2/32st/index.m3u8
2026-08-23 22:26:05,121 [INFO] Scraping qartuliarxi...
2026-08-23 22:26:08,449 [INFO]  -> Success: https://live6.mar.tv/8273d518b008eb0c2b9af25a82fee159ea5f73d60eb18aa42b8a9bc7f9f10ba2/qartuli/index.m3u8
2026-08-23 22:26:08,483 [INFO] Scraping musicbox...
2026-08-23 22:26:11,815 [INFO]  -> Success: https://live6.mar.tv/8273d518b008eb0c2b9af25a82fee159ea5f73d60eb18aa42b8a9bc7f9f10ba2/34musge/index.m3u8
2026-08-23 22:26:11,848 [INFO] Scraping marneuli...
2026-08-23 22:26:15,184 [INFO]  -> Success: https://live6.mar.tv/8273d518b008eb0c2b9af25a82fee159ea5f73d60eb18aa42b8a9bc7f9f10ba2/37marn/index.m3u8
2026-08-23 22:26:15,217 [INFO] Scraping axaliformula...
2026-08-23 22:26:18,547 [INFO]  -> Success: https://live6.mar.tv/8273d518b008eb0c2b9af25a82fee159ea5f73d60eb18aa42b8a9bc7f9f10ba2/axaliformla/index.m3u8
2026-08-23 22:26:18,581 [INFO] Scraping o2...
2026-08-23 22:26:21,912 [INFO]  -> Success: https://live5.mar.tv/8273d518b008eb0c2b9af25a82fee159ea5f73d60eb18aa42b8a9bc7f9f10ba2/40/index.m3u8
2026-08-23 22:26:21,945 [INFO] Scraping guria...
2026-08-23 22:26:25,272 [INFO]  -> Success: https://live5.mar.tv/8273d518b008eb0c2b9af25a82fee159ea5f73d60eb18aa42b8a9bc7f9f10ba2/42/index.m3u8
2026-08-23 22:26:25,304 [INFO] Scraping imervizia...
2026-08-23 22:26:28,640 [INFO]  -> Success: https://live6.mar.tv/8273d518b008eb0c2b9af25a82fee159ea5f73d60eb18aa42b8a9bc7f9f10ba2/imervizia/index.m3u8
2026-08-23 22:26:28,673 [INFO] Scraping diatv...
2026-08-23 22:26:32,006 [INFO]  -> Success: https://live4.mar.tv/8273d518b008eb0c2b9af25a82fee159ea5f73d60eb18aa42b8a9bc7f9f10ba2/dia/index.m3u8
2026-08-23 22:26:32,039 [INFO] Scraping chveniarxi...
2026-08-23 22:26:35,372 [INFO]  -> Success: https://live3.mar.tv/8273d518b008eb0c2b9af25a82fee159ea5f73d60eb18aa42b8a9bc7f9f10ba2/45rd/index.m3u8
2026-08-23 22:26:35,406 [INFO] Scraping batumitv...
2026-08-23 22:26:38,740 [INFO]  -> Success: https://live5.mar.tv/8273d518b008eb0c2b9af25a82fee159ea5f73d60eb18aa42b8a9bc7f9f10ba2/46/index.m3u8
2026-08-23 22:26:38,775 [INFO] Scraping rcheuli...
2026-08-23 22:26:42,107 [INFO]  -> Success: https://live5.mar.tv/8273d518b008eb0c2b9af25a82fee159ea5f73d60eb18aa42b8a9bc7f9f10ba2/47/index.m3u8
2026-08-23 22:26:42,140 [INFO] Scraping gurjaani...
2026-08-23 22:26:45,473 [INFO]  -> Success: https://live4.mar.tv/8273d518b008eb0c2b9af25a82fee159ea5f73d60eb18aa42b8a9bc7f9f10ba2/48m/index.m3u8
2026-08-23 22:26:45,508 [INFO] Scraping molitv...
2026-08-23 22:26:48,839 [INFO]  -> Success: https://live6.mar.tv/8273d518b008eb0c2b9af25a82fee159ea5f73d60eb18aa42b8a9bc7f9f10ba2/mollltv/index.m3u8
2026-08-23 22:26:48,872 [INFO] Scraping mexute...
2026-08-23 22:26:52,206 [INFO]  -> Success: https://live6.mar.tv/8273d518b008eb0c2b9af25a82fee159ea5f73d60eb18aa42b8a9bc7f9f10ba2/50/index.m3u8
2026-08-23 22:26:52,243 [INFO] Scraping agrogaremo...
2026-08-23 22:26:55,572 [INFO]  -> Success: https://live6.mar.tv/8273d518b008eb0c2b9af25a82fee159ea5f73d60eb18aa42b8a9bc7f9f10ba2/agrogaremo/index.m3u8
2026-08-23 22:26:55,605 [INFO] Scraping artv...
2026-08-23 22:26:58,935 [INFO]  -> Success: https://live6.mar.tv/8273d518b008eb0c2b9af25a82fee159ea5f73d60eb18aa42b8a9bc7f9f10ba2/tafutv/index.m3u8
2026-08-23 22:26:58,968 [INFO] Scraping meteo24...
2026-08-23 22:27:02,299 [INFO]  -> Success: https://live5.mar.tv/8273d518b008eb0c2b9af25a82fee159ea5f73d60eb18aa42b8a9bc7f9f10ba2/56/index.m3u8
2026-08-23 22:27:02,332 [INFO] Scraping georgiantimes...
2026-08-23 22:27:05,664 [INFO]  -> Success: https://live5.mar.tv/8273d518b008eb0c2b9af25a82fee159ea5f73d60eb18aa42b8a9bc7f9f10ba2/57/index.m3u8
2026-08-23 22:27:05,699 [INFO] Scraping silkuniversal...
2026-08-23 22:27:09,031 [INFO]  -> Success: https://live2.mar.tv/8273d518b008eb0c2b9af25a82fee159ea5f73d60eb18aa42b8a9bc7f9f10ba2/1arxiweb/index.m3u8
2026-08-23 22:27:09,062 [INFO] Scraping rugbytv...
2026-08-23 22:27:12,390 [INFO]  -> Success: https://live4.mar.tv/8273d518b008eb0c2b9af25a82fee159ea5f73d60eb18aa42b8a9bc7f9f10ba2/160m/index.m3u8
2026-08-23 22:27:12,424 [INFO] Scraping gms...
2026-08-23 22:27:15,753 [INFO]  -> Success: https://live5.mar.tv/8273d518b008eb0c2b9af25a82fee159ea5f73d60eb18aa42b8a9bc7f9f10ba2/161/index.m3u8
2026-08-23 22:27:15,787 [INFO] Scraping aiatv...
2026-08-23 22:27:19,118 [INFO]  -> Success: https://live6.mar.tv/8273d518b008eb0c2b9af25a82fee159ea5f73d60eb18aa42b8a9bc7f9f10ba2/aia/index.m3u8
2026-08-23 22:27:19,151 [INFO] Scraping batumi2...
2026-08-23 22:27:22,479 [INFO]  -> Success: https://live6.mar.tv/8273d518b008eb0c2b9af25a82fee159ea5f73d60eb18aa42b8a9bc7f9f10ba2/batumitv2/index.m3u8
2026-08-23 22:27:22,511 [INFO] Scraping altinfo...
2026-08-23 22:27:25,836 [INFO]  -> Success: https://live6.mar.tv/8273d518b008eb0c2b9af25a82fee159ea5f73d60eb18aa42b8a9bc7f9f10ba2/altinfo/index.m3u8
2026-08-23 22:27:25,870 [INFO] Scraping parliament...
2026-08-23 22:27:29,198 [INFO]  -> Success: https://live6.mar.tv/8273d518b008eb0c2b9af25a82fee159ea5f73d60eb18aa42b8a9bc7f9f10ba2/parlament/index.m3u8
2026-08-23 22:27:29,230 [INFO] Scraping egrisi...
2026-08-23 22:27:32,557 [INFO]  -> Success: https://live6.mar.tv/8273d518b008eb0c2b9af25a82fee159ea5f73d60eb18aa42b8a9bc7f9f10ba2/egrisi/index.m3u8
2026-08-23 22:27:32,591 [INFO] Scraping mzetv...
2026-08-23 22:27:35,917 [INFO]  -> Success: https://live6.mar.tv/8273d518b008eb0c2b9af25a82fee159ea5f73d60eb18aa42b8a9bc7f9f10ba2/mze/index.m3u8
2026-08-23 22:27:35,965 [WARNING] Failed to find tvg-id="rustavi2" in georgia_channels.m3u
2026-08-23 22:27:35,966 [WARNING] Failed to find tvg-id="maestro" in georgia_channels.m3u
2026-08-23 22:27:35,966 [WARNING] Failed to find tvg-id="marao" in georgia_channels.m3u
2026-08-23 22:27:35,966 [WARNING] Failed to find tvg-id="gds" in georgia_channels.m3u
2026-08-23 22:27:35,966 [WARNING] Failed to find tvg-id="comedy" in georgia_channels.m3u
2026-08-23 22:27:35,967 [WARNING] Failed to find tvg-id="bbb" in georgia_channels.m3u
2026-08-23 22:27:35,967 [WARNING] Failed to find tvg-id="enkibenki" in georgia_channels.m3u
2026-08-23 22:27:35,967 [WARNING] Failed to find tvg-id="adjaratv" in georgia_channels.m3u
2026-08-23 22:27:35,967 [WARNING] Failed to find tvg-id="rionitv" in georgia_channels.m3u
2026-08-23 22:27:35,967 [WARNING] Failed to find tvg-id="tv25" in georgia_channels.m3u
2026-08-23 22:27:35,968 [WARNING] Failed to find tvg-id="tv4rustavi" in georgia_channels.m3u
2026-08-23 22:27:35,968 [WARNING] Failed to find tvg-id="trialeti" in georgia_channels.m3u
2026-08-23 22:27:35,968 [WARNING] Failed to find tvg-id="dardimandi" in georgia_channels.m3u
2026-08-23 22:27:35,968 [WARNING] Failed to find tvg-id="agro" in georgia_channels.m3u
2026-08-23 22:27:35,968 [WARNING] Failed to find tvg-id="samefo" in georgia_channels.m3u
2026-08-23 22:27:35,969 [WARNING] Failed to find tvg-id="postv" in georgia_channels.m3u
2026-08-23 22:27:35,969 [WARNING] Failed to find tvg-id="megatv" in georgia_channels.m3u
2026-08-23 22:27:35,969 [WARNING] Failed to find tvg-id="qartuliarxi" in georgia_channels.m3u
2026-08-23 22:27:35,969 [WARNING] Failed to find tvg-id="musicbox" in georgia_channels.m3u
2026-08-23 22:27:35,970 [WARNING] Failed to find tvg-id="marneuli" in georgia_channels.m3u
2026-08-23 22:27:35,970 [WARNING] Failed to find tvg-id="axaliformula" in georgia_channels.m3u
2026-08-23 22:27:35,970 [WARNING] Failed to find tvg-id="o2" in georgia_channels.m3u
2026-08-23 22:27:35,970 [WARNING] Failed to find tvg-id="guria" in georgia_channels.m3u
2026-08-23 22:27:35,970 [WARNING] Failed to find tvg-id="imervizia" in georgia_channels.m3u
2026-08-23 22:27:35,971 [WARNING] Failed to find tvg-id="diatv" in georgia_channels.m3u
2026-08-23 22:27:35,971 [WARNING] Failed to find tvg-id="chveniarxi" in georgia_channels.m3u
2026-08-23 22:27:35,971 [WARNING] Failed to find tvg-id="batumitv" in georgia_channels.m3u
2026-08-23 22:27:35,971 [WARNING] Failed to find tvg-id="rcheuli" in georgia_channels.m3u
2026-08-23 22:27:35,972 [WARNING] Failed to find tvg-id="gurjaani" in georgia_channels.m3u
2026-08-23 22:27:35,972 [WARNING] Failed to find tvg-id="molitv" in georgia_channels.m3u
2026-08-23 22:27:35,972 [WARNING] Failed to find tvg-id="mexute" in georgia_channels.m3u
2026-08-23 22:27:35,972 [WARNING] Failed to find tvg-id="agrogaremo" in georgia_channels.m3u
2026-08-23 22:27:35,973 [WARNING] Failed to find tvg-id="artv" in georgia_channels.m3u
2026-08-23 22:27:35,973 [WARNING] Failed to find tvg-id="meteo24" in georgia_channels.m3u
2026-08-23 22:27:35,973 [WARNING] Failed to find tvg-id="georgiantimes" in georgia_channels.m3u
2026-08-23 22:27:35,973 [WARNING] Failed to find tvg-id="silkuniversal" in georgia_channels.m3u
2026-08-23 22:27:35,974 [WARNING] Failed to find tvg-id="rugbytv" in georgia_channels.m3u
2026-08-23 22:27:35,974 [WARNING] Failed to find tvg-id="gms" in georgia_channels.m3u
2026-08-23 22:27:35,974 [WARNING] Failed to find tvg-id="aiatv" in georgia_channels.m3u
2026-08-23 22:27:35,974 [WARNING] Failed to find tvg-id="batumi2" in georgia_channels.m3u
2026-08-23 22:27:35,975 [WARNING] Failed to find tvg-id="altinfo" in georgia_channels.m3u
2026-08-23 22:27:35,975 [WARNING] Failed to find tvg-id="parliament" in georgia_channels.m3u
2026-08-23 22:27:35,976 [WARNING] Failed to find tvg-id="egrisi" in georgia_channels.m3u
2026-08-23 22:27:35,976 [WARNING] Failed to find tvg-id="mzetv" in georgia_channels.m3u
2026-08-23 22:27:35,976 [INFO] No file changes were made.
2026-08-23 22:27:35,976 [INFO] === UPDATE EXECUTION FINISHED ===
