2026-08-27 04:23:47,011 [INFO] === UPDATE EXECUTION STARTED ===
2026-08-27 04:23:47,012 [INFO] Fetching Setanta Sports 3 from IPTV-ORG...
2026-08-27 04:23:47,091 [INFO] Launching batch scraper for 44 channels on tv.mar.tv...
2026-08-27 04:23:48,812 [INFO] Scraping rustavi2...
2026-08-27 04:23:53,893 [INFO]  -> Success: https://live8.mar.tv/1/4rd/index.m3u8
2026-08-27 04:23:53,927 [INFO] Scraping maestro...
2026-08-27 04:23:57,209 [INFO]  -> Success: https://live4.mar.tv/be1f74624c33f52a5cc3e92323a4a14b0dcf586d57c4929c94ca36dc0a61dcb0/352m/index.m3u8
2026-08-27 04:23:57,243 [INFO] Scraping marao...
2026-08-27 04:24:00,520 [INFO]  -> Success: https://live2.mar.tv/be1f74624c33f52a5cc3e92323a4a14b0dcf586d57c4929c94ca36dc0a61dcb0/12sd/index.m3u8
2026-08-27 04:24:00,552 [INFO] Scraping gds...
2026-08-27 04:24:03,828 [INFO]  -> Success: https://live1.mar.tv/be1f74624c33f52a5cc3e92323a4a14b0dcf586d57c4929c94ca36dc0a61dcb0/13sd/index.m3u8
2026-08-27 04:24:03,862 [INFO] Scraping comedy...
2026-08-27 04:24:07,156 [INFO]  -> Success: https://live4.mar.tv/be1f74624c33f52a5cc3e92323a4a14b0dcf586d57c4929c94ca36dc0a61dcb0/14rd/index.m3u8
2026-08-27 04:24:07,188 [INFO] Scraping bbb...
2026-08-27 04:24:10,469 [INFO]  -> Success: https://live2.mar.tv/be1f74624c33f52a5cc3e92323a4a14b0dcf586d57c4929c94ca36dc0a61dcb0/16sd/index.m3u8
2026-08-27 04:24:10,504 [INFO] Scraping enkibenki...
2026-08-27 04:24:13,780 [INFO]  -> Success: https://live2.mar.tv/be1f74624c33f52a5cc3e92323a4a14b0dcf586d57c4929c94ca36dc0a61dcb0/17e/index.m3u8
2026-08-27 04:24:13,820 [INFO] Scraping adjaratv...
2026-08-27 04:24:17,096 [INFO]  -> Success: https://live2.mar.tv/be1f74624c33f52a5cc3e92323a4a14b0dcf586d57c4929c94ca36dc0a61dcb0/19rd/index.m3u8
2026-08-27 04:24:17,130 [INFO] Scraping rionitv...
2026-08-27 04:24:20,409 [INFO]  -> Success: https://live6.mar.tv/be1f74624c33f52a5cc3e92323a4a14b0dcf586d57c4929c94ca36dc0a61dcb0/20rionn/index.m3u8
2026-08-27 04:24:20,443 [INFO] Scraping tv25...
2026-08-27 04:24:23,718 [INFO]  -> Success: https://live6.mar.tv/be1f74624c33f52a5cc3e92323a4a14b0dcf586d57c4929c94ca36dc0a61dcb0/23tv25/index.m3u8
2026-08-27 04:24:23,750 [INFO] Scraping tv4rustavi...
2026-08-27 04:24:27,031 [INFO]  -> Success: https://live6.mar.tv/be1f74624c33f52a5cc3e92323a4a14b0dcf586d57c4929c94ca36dc0a61dcb0/24tw4/index.m3u8
2026-08-27 04:24:27,062 [INFO] Scraping trialeti...
2026-08-27 04:24:30,339 [INFO]  -> Success: https://live6.mar.tv/be1f74624c33f52a5cc3e92323a4a14b0dcf586d57c4929c94ca36dc0a61dcb0/trialleti/index.m3u8
2026-08-27 04:24:30,372 [INFO] Scraping dardimandi...
2026-08-27 04:24:33,649 [INFO]  -> Success: https://live5.mar.tv/be1f74624c33f52a5cc3e92323a4a14b0dcf586d57c4929c94ca36dc0a61dcb0/27/index.m3u8
2026-08-27 04:24:33,685 [INFO] Scraping agro...
2026-08-27 04:24:36,962 [INFO]  -> Success: https://live5.mar.tv/be1f74624c33f52a5cc3e92323a4a14b0dcf586d57c4929c94ca36dc0a61dcb0/28/index.m3u8
2026-08-27 04:24:36,993 [INFO] Scraping samefo...
2026-08-27 04:24:40,270 [INFO]  -> Success: https://live5.mar.tv/be1f74624c33f52a5cc3e92323a4a14b0dcf586d57c4929c94ca36dc0a61dcb0/29/index.m3u8
2026-08-27 04:24:40,311 [INFO] Scraping postv...
2026-08-27 04:24:43,597 [INFO]  -> Success: https://live6.mar.tv/be1f74624c33f52a5cc3e92323a4a14b0dcf586d57c4929c94ca36dc0a61dcb0/postvw/index.m3u8
2026-08-27 04:24:43,627 [INFO] Scraping megatv...
2026-08-27 04:24:46,903 [INFO]  -> Success: https://live4.mar.tv/be1f74624c33f52a5cc3e92323a4a14b0dcf586d57c4929c94ca36dc0a61dcb0/32st/index.m3u8
2026-08-27 04:24:46,936 [INFO] Scraping qartuliarxi...
2026-08-27 04:24:50,215 [INFO]  -> Success: https://live6.mar.tv/be1f74624c33f52a5cc3e92323a4a14b0dcf586d57c4929c94ca36dc0a61dcb0/qartuli/index.m3u8
2026-08-27 04:24:50,247 [INFO] Scraping musicbox...
2026-08-27 04:24:53,528 [INFO]  -> Success: https://live6.mar.tv/be1f74624c33f52a5cc3e92323a4a14b0dcf586d57c4929c94ca36dc0a61dcb0/34musge/index.m3u8
2026-08-27 04:24:53,560 [INFO] Scraping marneuli...
2026-08-27 04:24:56,847 [INFO]  -> Success: https://live6.mar.tv/be1f74624c33f52a5cc3e92323a4a14b0dcf586d57c4929c94ca36dc0a61dcb0/37marn/index.m3u8
2026-08-27 04:24:56,882 [INFO] Scraping axaliformula...
2026-08-27 04:25:00,164 [INFO]  -> Success: https://live6.mar.tv/be1f74624c33f52a5cc3e92323a4a14b0dcf586d57c4929c94ca36dc0a61dcb0/axaliformla/index.m3u8
2026-08-27 04:25:00,196 [INFO] Scraping o2...
2026-08-27 04:25:03,475 [INFO]  -> Success: https://live5.mar.tv/be1f74624c33f52a5cc3e92323a4a14b0dcf586d57c4929c94ca36dc0a61dcb0/40/index.m3u8
2026-08-27 04:25:03,507 [INFO] Scraping guria...
2026-08-27 04:25:06,783 [INFO]  -> Success: https://live5.mar.tv/be1f74624c33f52a5cc3e92323a4a14b0dcf586d57c4929c94ca36dc0a61dcb0/42/index.m3u8
2026-08-27 04:25:06,817 [INFO] Scraping imervizia...
2026-08-27 04:25:10,094 [INFO]  -> Success: https://live6.mar.tv/be1f74624c33f52a5cc3e92323a4a14b0dcf586d57c4929c94ca36dc0a61dcb0/imervizia/index.m3u8
2026-08-27 04:25:10,126 [INFO] Scraping diatv...
2026-08-27 04:25:13,405 [INFO]  -> Success: https://live4.mar.tv/be1f74624c33f52a5cc3e92323a4a14b0dcf586d57c4929c94ca36dc0a61dcb0/dia/index.m3u8
2026-08-27 04:25:13,437 [INFO] Scraping chveniarxi...
2026-08-27 04:25:16,717 [INFO]  -> Success: https://live3.mar.tv/be1f74624c33f52a5cc3e92323a4a14b0dcf586d57c4929c94ca36dc0a61dcb0/45rd/index.m3u8
2026-08-27 04:25:16,753 [INFO] Scraping batumitv...
2026-08-27 04:25:20,035 [INFO]  -> Success: https://live5.mar.tv/be1f74624c33f52a5cc3e92323a4a14b0dcf586d57c4929c94ca36dc0a61dcb0/46/index.m3u8
2026-08-27 04:25:20,068 [INFO] Scraping rcheuli...
2026-08-27 04:25:23,346 [INFO]  -> Success: https://live5.mar.tv/be1f74624c33f52a5cc3e92323a4a14b0dcf586d57c4929c94ca36dc0a61dcb0/47/index.m3u8
2026-08-27 04:25:23,380 [INFO] Scraping gurjaani...
2026-08-27 04:25:26,659 [INFO]  -> Success: https://live4.mar.tv/be1f74624c33f52a5cc3e92323a4a14b0dcf586d57c4929c94ca36dc0a61dcb0/48m/index.m3u8
2026-08-27 04:25:26,692 [INFO] Scraping molitv...
2026-08-27 04:25:29,972 [INFO]  -> Success: https://live6.mar.tv/be1f74624c33f52a5cc3e92323a4a14b0dcf586d57c4929c94ca36dc0a61dcb0/mollltv/index.m3u8
2026-08-27 04:25:30,016 [INFO] Scraping mexute...
2026-08-27 04:25:33,294 [INFO]  -> Success: https://live6.mar.tv/be1f74624c33f52a5cc3e92323a4a14b0dcf586d57c4929c94ca36dc0a61dcb0/50/index.m3u8
2026-08-27 04:25:33,327 [INFO] Scraping agrogaremo...
2026-08-27 04:25:36,612 [INFO]  -> Success: https://live6.mar.tv/be1f74624c33f52a5cc3e92323a4a14b0dcf586d57c4929c94ca36dc0a61dcb0/agrogaremo/index.m3u8
2026-08-27 04:25:36,643 [INFO] Scraping artv...
2026-08-27 04:25:39,928 [INFO]  -> Success: https://live6.mar.tv/be1f74624c33f52a5cc3e92323a4a14b0dcf586d57c4929c94ca36dc0a61dcb0/tafutv/index.m3u8
2026-08-27 04:25:39,961 [INFO] Scraping meteo24...
2026-08-27 04:25:43,239 [INFO]  -> Success: https://live5.mar.tv/be1f74624c33f52a5cc3e92323a4a14b0dcf586d57c4929c94ca36dc0a61dcb0/56/index.m3u8
2026-08-27 04:25:43,271 [INFO] Scraping georgiantimes...
2026-08-27 04:25:46,566 [INFO]  -> Success: https://live5.mar.tv/be1f74624c33f52a5cc3e92323a4a14b0dcf586d57c4929c94ca36dc0a61dcb0/57/index.m3u8
2026-08-27 04:25:46,599 [INFO] Scraping silkuniversal...
2026-08-27 04:25:49,879 [INFO]  -> Success: https://live2.mar.tv/be1f74624c33f52a5cc3e92323a4a14b0dcf586d57c4929c94ca36dc0a61dcb0/1arxiweb/index.m3u8
2026-08-27 04:25:49,915 [INFO] Scraping rugbytv...
2026-08-27 04:25:53,206 [INFO]  -> Success: https://live4.mar.tv/be1f74624c33f52a5cc3e92323a4a14b0dcf586d57c4929c94ca36dc0a61dcb0/160m/index.m3u8
2026-08-27 04:25:53,241 [INFO] Scraping gms...
2026-08-27 04:25:56,517 [INFO]  -> Success: https://live5.mar.tv/be1f74624c33f52a5cc3e92323a4a14b0dcf586d57c4929c94ca36dc0a61dcb0/161/index.m3u8
2026-08-27 04:25:56,552 [INFO] Scraping aiatv...
2026-08-27 04:25:59,833 [INFO]  -> Success: https://live6.mar.tv/be1f74624c33f52a5cc3e92323a4a14b0dcf586d57c4929c94ca36dc0a61dcb0/aia/index.m3u8
2026-08-27 04:25:59,866 [INFO] Scraping batumi2...
2026-08-27 04:26:03,150 [INFO]  -> Success: https://live6.mar.tv/be1f74624c33f52a5cc3e92323a4a14b0dcf586d57c4929c94ca36dc0a61dcb0/batumitv2/index.m3u8
2026-08-27 04:26:03,184 [INFO] Scraping altinfo...
2026-08-27 04:26:06,463 [INFO]  -> Success: https://live6.mar.tv/be1f74624c33f52a5cc3e92323a4a14b0dcf586d57c4929c94ca36dc0a61dcb0/altinfo/index.m3u8
2026-08-27 04:26:06,495 [INFO] Scraping parliament...
2026-08-27 04:26:09,776 [INFO]  -> Success: https://live6.mar.tv/be1f74624c33f52a5cc3e92323a4a14b0dcf586d57c4929c94ca36dc0a61dcb0/parlament/index.m3u8
2026-08-27 04:26:09,809 [INFO] Scraping egrisi...
2026-08-27 04:26:13,103 [INFO]  -> Success: https://live6.mar.tv/be1f74624c33f52a5cc3e92323a4a14b0dcf586d57c4929c94ca36dc0a61dcb0/egrisi/index.m3u8
2026-08-27 04:26:13,133 [INFO] Scraping mzetv...
2026-08-27 04:26:16,418 [INFO]  -> Success: https://live6.mar.tv/be1f74624c33f52a5cc3e92323a4a14b0dcf586d57c4929c94ca36dc0a61dcb0/mze/index.m3u8
2026-08-27 04:26:16,463 [WARNING] Failed to find tvg-id="rustavi2" in georgia_channels.m3u
2026-08-27 04:26:16,463 [WARNING] Failed to find tvg-id="maestro" in georgia_channels.m3u
2026-08-27 04:26:16,463 [WARNING] Failed to find tvg-id="marao" in georgia_channels.m3u
2026-08-27 04:26:16,464 [WARNING] Failed to find tvg-id="gds" in georgia_channels.m3u
2026-08-27 04:26:16,464 [WARNING] Failed to find tvg-id="comedy" in georgia_channels.m3u
2026-08-27 04:26:16,464 [WARNING] Failed to find tvg-id="bbb" in georgia_channels.m3u
2026-08-27 04:26:16,464 [WARNING] Failed to find tvg-id="enkibenki" in georgia_channels.m3u
2026-08-27 04:26:16,464 [WARNING] Failed to find tvg-id="adjaratv" in georgia_channels.m3u
2026-08-27 04:26:16,465 [WARNING] Failed to find tvg-id="rionitv" in georgia_channels.m3u
2026-08-27 04:26:16,465 [WARNING] Failed to find tvg-id="tv25" in georgia_channels.m3u
2026-08-27 04:26:16,465 [WARNING] Failed to find tvg-id="tv4rustavi" in georgia_channels.m3u
2026-08-27 04:26:16,465 [WARNING] Failed to find tvg-id="trialeti" in georgia_channels.m3u
2026-08-27 04:26:16,466 [WARNING] Failed to find tvg-id="dardimandi" in georgia_channels.m3u
2026-08-27 04:26:16,466 [WARNING] Failed to find tvg-id="agro" in georgia_channels.m3u
2026-08-27 04:26:16,466 [WARNING] Failed to find tvg-id="samefo" in georgia_channels.m3u
2026-08-27 04:26:16,466 [WARNING] Failed to find tvg-id="postv" in georgia_channels.m3u
2026-08-27 04:26:16,466 [WARNING] Failed to find tvg-id="megatv" in georgia_channels.m3u
2026-08-27 04:26:16,467 [WARNING] Failed to find tvg-id="qartuliarxi" in georgia_channels.m3u
2026-08-27 04:26:16,467 [WARNING] Failed to find tvg-id="musicbox" in georgia_channels.m3u
2026-08-27 04:26:16,467 [WARNING] Failed to find tvg-id="marneuli" in georgia_channels.m3u
2026-08-27 04:26:16,467 [WARNING] Failed to find tvg-id="axaliformula" in georgia_channels.m3u
2026-08-27 04:26:16,467 [WARNING] Failed to find tvg-id="o2" in georgia_channels.m3u
2026-08-27 04:26:16,468 [WARNING] Failed to find tvg-id="guria" in georgia_channels.m3u
2026-08-27 04:26:16,468 [WARNING] Failed to find tvg-id="imervizia" in georgia_channels.m3u
2026-08-27 04:26:16,468 [WARNING] Failed to find tvg-id="diatv" in georgia_channels.m3u
2026-08-27 04:26:16,468 [WARNING] Failed to find tvg-id="chveniarxi" in georgia_channels.m3u
2026-08-27 04:26:16,469 [WARNING] Failed to find tvg-id="batumitv" in georgia_channels.m3u
2026-08-27 04:26:16,469 [WARNING] Failed to find tvg-id="rcheuli" in georgia_channels.m3u
2026-08-27 04:26:16,469 [WARNING] Failed to find tvg-id="gurjaani" in georgia_channels.m3u
2026-08-27 04:26:16,469 [WARNING] Failed to find tvg-id="molitv" in georgia_channels.m3u
2026-08-27 04:26:16,469 [WARNING] Failed to find tvg-id="mexute" in georgia_channels.m3u
2026-08-27 04:26:16,470 [WARNING] Failed to find tvg-id="agrogaremo" in georgia_channels.m3u
2026-08-27 04:26:16,470 [WARNING] Failed to find tvg-id="artv" in georgia_channels.m3u
2026-08-27 04:26:16,470 [WARNING] Failed to find tvg-id="meteo24" in georgia_channels.m3u
2026-08-27 04:26:16,470 [WARNING] Failed to find tvg-id="georgiantimes" in georgia_channels.m3u
2026-08-27 04:26:16,471 [WARNING] Failed to find tvg-id="silkuniversal" in georgia_channels.m3u
2026-08-27 04:26:16,471 [WARNING] Failed to find tvg-id="rugbytv" in georgia_channels.m3u
2026-08-27 04:26:16,471 [WARNING] Failed to find tvg-id="gms" in georgia_channels.m3u
2026-08-27 04:26:16,471 [WARNING] Failed to find tvg-id="aiatv" in georgia_channels.m3u
2026-08-27 04:26:16,471 [WARNING] Failed to find tvg-id="batumi2" in georgia_channels.m3u
2026-08-27 04:26:16,472 [WARNING] Failed to find tvg-id="altinfo" in georgia_channels.m3u
2026-08-27 04:26:16,472 [WARNING] Failed to find tvg-id="parliament" in georgia_channels.m3u
2026-08-27 04:26:16,472 [WARNING] Failed to find tvg-id="egrisi" in georgia_channels.m3u
2026-08-27 04:26:16,472 [WARNING] Failed to find tvg-id="mzetv" in georgia_channels.m3u
2026-08-27 04:26:16,472 [INFO] No file changes were made.
2026-08-27 04:26:16,472 [INFO] === UPDATE EXECUTION FINISHED ===
