2026-08-21 12:53:43,220 [INFO] === UPDATE EXECUTION STARTED ===
2026-08-21 12:53:43,220 [INFO] Fetching Setanta Sports 3 from IPTV-ORG...
2026-08-21 12:53:43,361 [INFO] Launching batch scraper for 44 channels on tv.mar.tv...
2026-08-21 12:53:45,079 [INFO] Scraping rustavi2...
2026-08-21 12:53:50,769 [INFO]  -> Success: https://live8.mar.tv/1/4rd/index.m3u8
2026-08-21 12:53:50,807 [INFO] Scraping maestro...
2026-08-21 12:53:54,146 [INFO]  -> Success: https://live4.mar.tv/8444d0c591ab99fb46436c5a91184b73c8867eb454c49b77c83b1caf4e383a13/352m/index.m3u8
2026-08-21 12:53:54,185 [INFO] Scraping marao...
2026-08-21 12:53:57,530 [INFO]  -> Success: https://live2.mar.tv/8444d0c591ab99fb46436c5a91184b73c8867eb454c49b77c83b1caf4e383a13/12sd/index.m3u8
2026-08-21 12:53:57,567 [INFO] Scraping gds...
2026-08-21 12:54:00,909 [INFO]  -> Success: https://live1.mar.tv/8444d0c591ab99fb46436c5a91184b73c8867eb454c49b77c83b1caf4e383a13/13sd/index.m3u8
2026-08-21 12:54:00,945 [INFO] Scraping comedy...
2026-08-21 12:54:04,290 [INFO]  -> Success: https://live4.mar.tv/8444d0c591ab99fb46436c5a91184b73c8867eb454c49b77c83b1caf4e383a13/14rd/index.m3u8
2026-08-21 12:54:04,324 [INFO] Scraping bbb...
2026-08-21 12:54:07,671 [INFO]  -> Success: https://live2.mar.tv/8444d0c591ab99fb46436c5a91184b73c8867eb454c49b77c83b1caf4e383a13/16sd/index.m3u8
2026-08-21 12:54:07,706 [INFO] Scraping enkibenki...
2026-08-21 12:54:11,044 [INFO]  -> Success: https://live2.mar.tv/8444d0c591ab99fb46436c5a91184b73c8867eb454c49b77c83b1caf4e383a13/17e/index.m3u8
2026-08-21 12:54:11,082 [INFO] Scraping adjaratv...
2026-08-21 12:54:14,428 [INFO]  -> Success: https://live2.mar.tv/8444d0c591ab99fb46436c5a91184b73c8867eb454c49b77c83b1caf4e383a13/19rd/index.m3u8
2026-08-21 12:54:14,466 [INFO] Scraping rionitv...
2026-08-21 12:54:17,812 [INFO]  -> Success: https://live6.mar.tv/8444d0c591ab99fb46436c5a91184b73c8867eb454c49b77c83b1caf4e383a13/20rionn/index.m3u8
2026-08-21 12:54:17,846 [INFO] Scraping tv25...
2026-08-21 12:54:21,187 [INFO]  -> Success: https://live6.mar.tv/8444d0c591ab99fb46436c5a91184b73c8867eb454c49b77c83b1caf4e383a13/23tv25/index.m3u8
2026-08-21 12:54:21,220 [INFO] Scraping tv4rustavi...
2026-08-21 12:54:24,555 [INFO]  -> Success: https://live6.mar.tv/8444d0c591ab99fb46436c5a91184b73c8867eb454c49b77c83b1caf4e383a13/24tw4/index.m3u8
2026-08-21 12:54:24,589 [INFO] Scraping trialeti...
2026-08-21 12:54:27,922 [INFO]  -> Success: https://live6.mar.tv/8444d0c591ab99fb46436c5a91184b73c8867eb454c49b77c83b1caf4e383a13/trialleti/index.m3u8
2026-08-21 12:54:27,955 [INFO] Scraping dardimandi...
2026-08-21 12:54:31,289 [INFO]  -> Success: https://live5.mar.tv/8444d0c591ab99fb46436c5a91184b73c8867eb454c49b77c83b1caf4e383a13/27/index.m3u8
2026-08-21 12:54:31,328 [INFO] Scraping agro...
2026-08-21 12:54:34,682 [INFO]  -> Success: https://live5.mar.tv/8444d0c591ab99fb46436c5a91184b73c8867eb454c49b77c83b1caf4e383a13/28/index.m3u8
2026-08-21 12:54:34,715 [INFO] Scraping samefo...
2026-08-21 12:54:38,047 [INFO]  -> Success: https://live5.mar.tv/8444d0c591ab99fb46436c5a91184b73c8867eb454c49b77c83b1caf4e383a13/29/index.m3u8
2026-08-21 12:54:38,083 [INFO] Scraping postv...
2026-08-21 12:54:41,430 [INFO]  -> Success: https://live6.mar.tv/8444d0c591ab99fb46436c5a91184b73c8867eb454c49b77c83b1caf4e383a13/postvw/index.m3u8
2026-08-21 12:54:41,467 [INFO] Scraping megatv...
2026-08-21 12:54:44,806 [INFO]  -> Success: https://live4.mar.tv/8444d0c591ab99fb46436c5a91184b73c8867eb454c49b77c83b1caf4e383a13/32st/index.m3u8
2026-08-21 12:54:44,843 [INFO] Scraping qartuliarxi...
2026-08-21 12:54:48,186 [INFO]  -> Success: https://live6.mar.tv/8444d0c591ab99fb46436c5a91184b73c8867eb454c49b77c83b1caf4e383a13/qartuli/index.m3u8
2026-08-21 12:54:48,222 [INFO] Scraping musicbox...
2026-08-21 12:54:51,568 [INFO]  -> Success: https://live6.mar.tv/8444d0c591ab99fb46436c5a91184b73c8867eb454c49b77c83b1caf4e383a13/34musge/index.m3u8
2026-08-21 12:54:51,604 [INFO] Scraping marneuli...
2026-08-21 12:54:54,946 [INFO]  -> Success: https://live6.mar.tv/8444d0c591ab99fb46436c5a91184b73c8867eb454c49b77c83b1caf4e383a13/37marn/index.m3u8
2026-08-21 12:54:54,983 [INFO] Scraping axaliformula...
2026-08-21 12:54:58,327 [INFO]  -> Success: https://live6.mar.tv/8444d0c591ab99fb46436c5a91184b73c8867eb454c49b77c83b1caf4e383a13/axaliformla/index.m3u8
2026-08-21 12:54:58,361 [INFO] Scraping o2...
2026-08-21 12:55:01,712 [INFO]  -> Success: https://live5.mar.tv/8444d0c591ab99fb46436c5a91184b73c8867eb454c49b77c83b1caf4e383a13/40/index.m3u8
2026-08-21 12:55:01,743 [INFO] Scraping guria...
2026-08-21 12:55:05,084 [INFO]  -> Success: https://live5.mar.tv/8444d0c591ab99fb46436c5a91184b73c8867eb454c49b77c83b1caf4e383a13/42/index.m3u8
2026-08-21 12:55:05,119 [INFO] Scraping imervizia...
2026-08-21 12:55:08,460 [INFO]  -> Success: https://live6.mar.tv/8444d0c591ab99fb46436c5a91184b73c8867eb454c49b77c83b1caf4e383a13/imervizia/index.m3u8
2026-08-21 12:55:08,494 [INFO] Scraping diatv...
2026-08-21 12:55:11,833 [INFO]  -> Success: https://live4.mar.tv/8444d0c591ab99fb46436c5a91184b73c8867eb454c49b77c83b1caf4e383a13/dia/index.m3u8
2026-08-21 12:55:11,868 [INFO] Scraping chveniarxi...
2026-08-21 12:55:15,202 [INFO]  -> Success: https://live3.mar.tv/8444d0c591ab99fb46436c5a91184b73c8867eb454c49b77c83b1caf4e383a13/45rd/index.m3u8
2026-08-21 12:55:15,242 [INFO] Scraping batumitv...
2026-08-21 12:55:18,582 [INFO]  -> Success: https://live5.mar.tv/8444d0c591ab99fb46436c5a91184b73c8867eb454c49b77c83b1caf4e383a13/46/index.m3u8
2026-08-21 12:55:18,616 [INFO] Scraping rcheuli...
2026-08-21 12:55:21,944 [INFO]  -> Success: https://live5.mar.tv/8444d0c591ab99fb46436c5a91184b73c8867eb454c49b77c83b1caf4e383a13/47/index.m3u8
2026-08-21 12:55:21,977 [INFO] Scraping gurjaani...
2026-08-21 12:55:25,311 [INFO]  -> Success: https://live4.mar.tv/8444d0c591ab99fb46436c5a91184b73c8867eb454c49b77c83b1caf4e383a13/48m/index.m3u8
2026-08-21 12:55:25,344 [INFO] Scraping molitv...
2026-08-21 12:55:28,677 [INFO]  -> Success: https://live6.mar.tv/8444d0c591ab99fb46436c5a91184b73c8867eb454c49b77c83b1caf4e383a13/mollltv/index.m3u8
2026-08-21 12:55:28,711 [INFO] Scraping mexute...
2026-08-21 12:55:32,042 [INFO]  -> Success: https://live6.mar.tv/8444d0c591ab99fb46436c5a91184b73c8867eb454c49b77c83b1caf4e383a13/50/index.m3u8
2026-08-21 12:55:32,079 [INFO] Scraping agrogaremo...
2026-08-21 12:55:35,421 [INFO]  -> Success: https://live6.mar.tv/8444d0c591ab99fb46436c5a91184b73c8867eb454c49b77c83b1caf4e383a13/agrogaremo/index.m3u8
2026-08-21 12:55:35,455 [INFO] Scraping artv...
2026-08-21 12:55:38,795 [INFO]  -> Success: https://live6.mar.tv/8444d0c591ab99fb46436c5a91184b73c8867eb454c49b77c83b1caf4e383a13/tafutv/index.m3u8
2026-08-21 12:55:38,829 [INFO] Scraping meteo24...
2026-08-21 12:55:42,162 [INFO]  -> Success: https://live5.mar.tv/8444d0c591ab99fb46436c5a91184b73c8867eb454c49b77c83b1caf4e383a13/56/index.m3u8
2026-08-21 12:55:42,194 [INFO] Scraping georgiantimes...
2026-08-21 12:55:45,524 [INFO]  -> Success: https://live5.mar.tv/8444d0c591ab99fb46436c5a91184b73c8867eb454c49b77c83b1caf4e383a13/57/index.m3u8
2026-08-21 12:55:45,558 [INFO] Scraping silkuniversal...
2026-08-21 12:55:48,895 [INFO]  -> Success: https://live2.mar.tv/8444d0c591ab99fb46436c5a91184b73c8867eb454c49b77c83b1caf4e383a13/1arxiweb/index.m3u8
2026-08-21 12:55:48,932 [INFO] Scraping rugbytv...
2026-08-21 12:55:52,266 [INFO]  -> Success: https://live4.mar.tv/8444d0c591ab99fb46436c5a91184b73c8867eb454c49b77c83b1caf4e383a13/160m/index.m3u8
2026-08-21 12:55:52,303 [INFO] Scraping gms...
2026-08-21 12:55:55,634 [INFO]  -> Success: https://live5.mar.tv/8444d0c591ab99fb46436c5a91184b73c8867eb454c49b77c83b1caf4e383a13/161/index.m3u8
2026-08-21 12:55:55,674 [INFO] Scraping aiatv...
2026-08-21 12:55:59,014 [INFO]  -> Success: https://live6.mar.tv/8444d0c591ab99fb46436c5a91184b73c8867eb454c49b77c83b1caf4e383a13/aia/index.m3u8
2026-08-21 12:55:59,051 [INFO] Scraping batumi2...
2026-08-21 12:56:02,392 [INFO]  -> Success: https://live6.mar.tv/8444d0c591ab99fb46436c5a91184b73c8867eb454c49b77c83b1caf4e383a13/batumitv2/index.m3u8
2026-08-21 12:56:02,426 [INFO] Scraping altinfo...
2026-08-21 12:56:05,760 [INFO]  -> Success: https://live6.mar.tv/8444d0c591ab99fb46436c5a91184b73c8867eb454c49b77c83b1caf4e383a13/altinfo/index.m3u8
2026-08-21 12:56:05,794 [INFO] Scraping parliament...
2026-08-21 12:56:09,127 [INFO]  -> Success: https://live6.mar.tv/8444d0c591ab99fb46436c5a91184b73c8867eb454c49b77c83b1caf4e383a13/parlament/index.m3u8
2026-08-21 12:56:09,161 [INFO] Scraping egrisi...
2026-08-21 12:56:12,494 [INFO]  -> Success: https://live6.mar.tv/8444d0c591ab99fb46436c5a91184b73c8867eb454c49b77c83b1caf4e383a13/egrisi/index.m3u8
2026-08-21 12:56:12,529 [INFO] Scraping mzetv...
2026-08-21 12:56:15,875 [INFO]  -> Success: https://live6.mar.tv/8444d0c591ab99fb46436c5a91184b73c8867eb454c49b77c83b1caf4e383a13/mze/index.m3u8
2026-08-21 12:56:15,924 [WARNING] Failed to find tvg-id="rustavi2" in georgia_channels.m3u
2026-08-21 12:56:15,924 [WARNING] Failed to find tvg-id="maestro" in georgia_channels.m3u
2026-08-21 12:56:15,925 [WARNING] Failed to find tvg-id="marao" in georgia_channels.m3u
2026-08-21 12:56:15,925 [WARNING] Failed to find tvg-id="gds" in georgia_channels.m3u
2026-08-21 12:56:15,925 [WARNING] Failed to find tvg-id="comedy" in georgia_channels.m3u
2026-08-21 12:56:15,926 [WARNING] Failed to find tvg-id="bbb" in georgia_channels.m3u
2026-08-21 12:56:15,926 [WARNING] Failed to find tvg-id="enkibenki" in georgia_channels.m3u
2026-08-21 12:56:15,926 [WARNING] Failed to find tvg-id="adjaratv" in georgia_channels.m3u
2026-08-21 12:56:15,926 [WARNING] Failed to find tvg-id="rionitv" in georgia_channels.m3u
2026-08-21 12:56:15,927 [WARNING] Failed to find tvg-id="tv25" in georgia_channels.m3u
2026-08-21 12:56:15,927 [WARNING] Failed to find tvg-id="tv4rustavi" in georgia_channels.m3u
2026-08-21 12:56:15,927 [WARNING] Failed to find tvg-id="trialeti" in georgia_channels.m3u
2026-08-21 12:56:15,927 [WARNING] Failed to find tvg-id="dardimandi" in georgia_channels.m3u
2026-08-21 12:56:15,928 [WARNING] Failed to find tvg-id="agro" in georgia_channels.m3u
2026-08-21 12:56:15,928 [WARNING] Failed to find tvg-id="samefo" in georgia_channels.m3u
2026-08-21 12:56:15,928 [WARNING] Failed to find tvg-id="postv" in georgia_channels.m3u
2026-08-21 12:56:15,928 [WARNING] Failed to find tvg-id="megatv" in georgia_channels.m3u
2026-08-21 12:56:15,929 [WARNING] Failed to find tvg-id="qartuliarxi" in georgia_channels.m3u
2026-08-21 12:56:15,929 [WARNING] Failed to find tvg-id="musicbox" in georgia_channels.m3u
2026-08-21 12:56:15,929 [WARNING] Failed to find tvg-id="marneuli" in georgia_channels.m3u
2026-08-21 12:56:15,930 [WARNING] Failed to find tvg-id="axaliformula" in georgia_channels.m3u
2026-08-21 12:56:15,930 [WARNING] Failed to find tvg-id="o2" in georgia_channels.m3u
2026-08-21 12:56:15,930 [WARNING] Failed to find tvg-id="guria" in georgia_channels.m3u
2026-08-21 12:56:15,930 [WARNING] Failed to find tvg-id="imervizia" in georgia_channels.m3u
2026-08-21 12:56:15,931 [WARNING] Failed to find tvg-id="diatv" in georgia_channels.m3u
2026-08-21 12:56:15,931 [WARNING] Failed to find tvg-id="chveniarxi" in georgia_channels.m3u
2026-08-21 12:56:15,931 [WARNING] Failed to find tvg-id="batumitv" in georgia_channels.m3u
2026-08-21 12:56:15,931 [WARNING] Failed to find tvg-id="rcheuli" in georgia_channels.m3u
2026-08-21 12:56:15,932 [WARNING] Failed to find tvg-id="gurjaani" in georgia_channels.m3u
2026-08-21 12:56:15,932 [WARNING] Failed to find tvg-id="molitv" in georgia_channels.m3u
2026-08-21 12:56:15,932 [WARNING] Failed to find tvg-id="mexute" in georgia_channels.m3u
2026-08-21 12:56:15,932 [WARNING] Failed to find tvg-id="agrogaremo" in georgia_channels.m3u
2026-08-21 12:56:15,933 [WARNING] Failed to find tvg-id="artv" in georgia_channels.m3u
2026-08-21 12:56:15,933 [WARNING] Failed to find tvg-id="meteo24" in georgia_channels.m3u
2026-08-21 12:56:15,933 [WARNING] Failed to find tvg-id="georgiantimes" in georgia_channels.m3u
2026-08-21 12:56:15,934 [WARNING] Failed to find tvg-id="silkuniversal" in georgia_channels.m3u
2026-08-21 12:56:15,934 [WARNING] Failed to find tvg-id="rugbytv" in georgia_channels.m3u
2026-08-21 12:56:15,934 [WARNING] Failed to find tvg-id="gms" in georgia_channels.m3u
2026-08-21 12:56:15,934 [WARNING] Failed to find tvg-id="aiatv" in georgia_channels.m3u
2026-08-21 12:56:15,935 [WARNING] Failed to find tvg-id="batumi2" in georgia_channels.m3u
2026-08-21 12:56:15,935 [WARNING] Failed to find tvg-id="altinfo" in georgia_channels.m3u
2026-08-21 12:56:15,935 [WARNING] Failed to find tvg-id="parliament" in georgia_channels.m3u
2026-08-21 12:56:15,935 [WARNING] Failed to find tvg-id="egrisi" in georgia_channels.m3u
2026-08-21 12:56:15,936 [WARNING] Failed to find tvg-id="mzetv" in georgia_channels.m3u
2026-08-21 12:56:15,936 [INFO] No file changes were made.
2026-08-21 12:56:15,936 [INFO] === UPDATE EXECUTION FINISHED ===
