2026-08-25 10:36:11,901 [INFO] === UPDATE EXECUTION STARTED ===
2026-08-25 10:36:11,901 [INFO] Fetching Setanta Sports 3 from IPTV-ORG...
2026-08-25 10:36:12,058 [INFO] Launching batch scraper for 44 channels on tv.mar.tv...
2026-08-25 10:36:12,689 [INFO] Scraping rustavi2...
2026-08-25 10:36:18,031 [INFO]  -> Success: https://live8.mar.tv/1/4rd/index.m3u8
2026-08-25 10:36:18,068 [INFO] Scraping maestro...
2026-08-25 10:36:21,392 [INFO]  -> Success: https://live4.mar.tv/6fc2a7dfbc1ffac5211b6b6463d2c3d7973e14339775d9e863e6a72a9cf4f84c/352m/index.m3u8
2026-08-25 10:36:21,425 [INFO] Scraping marao...
2026-08-25 10:36:24,747 [INFO]  -> Success: https://live2.mar.tv/6fc2a7dfbc1ffac5211b6b6463d2c3d7973e14339775d9e863e6a72a9cf4f84c/12sd/index.m3u8
2026-08-25 10:36:24,778 [INFO] Scraping gds...
2026-08-25 10:36:28,095 [INFO]  -> Success: https://live1.mar.tv/6fc2a7dfbc1ffac5211b6b6463d2c3d7973e14339775d9e863e6a72a9cf4f84c/13sd/index.m3u8
2026-08-25 10:36:28,126 [INFO] Scraping comedy...
2026-08-25 10:36:31,444 [INFO]  -> Success: https://live4.mar.tv/6fc2a7dfbc1ffac5211b6b6463d2c3d7973e14339775d9e863e6a72a9cf4f84c/14rd/index.m3u8
2026-08-25 10:36:31,473 [INFO] Scraping bbb...
2026-08-25 10:36:34,791 [INFO]  -> Success: https://live2.mar.tv/6fc2a7dfbc1ffac5211b6b6463d2c3d7973e14339775d9e863e6a72a9cf4f84c/16sd/index.m3u8
2026-08-25 10:36:34,821 [INFO] Scraping enkibenki...
2026-08-25 10:36:38,143 [INFO]  -> Success: https://live2.mar.tv/6fc2a7dfbc1ffac5211b6b6463d2c3d7973e14339775d9e863e6a72a9cf4f84c/17e/index.m3u8
2026-08-25 10:36:38,175 [INFO] Scraping adjaratv...
2026-08-25 10:36:41,491 [INFO]  -> Success: https://live2.mar.tv/6fc2a7dfbc1ffac5211b6b6463d2c3d7973e14339775d9e863e6a72a9cf4f84c/19rd/index.m3u8
2026-08-25 10:36:41,524 [INFO] Scraping rionitv...
2026-08-25 10:36:44,843 [INFO]  -> Success: https://live6.mar.tv/6fc2a7dfbc1ffac5211b6b6463d2c3d7973e14339775d9e863e6a72a9cf4f84c/20rionn/index.m3u8
2026-08-25 10:36:44,874 [INFO] Scraping tv25...
2026-08-25 10:36:48,195 [INFO]  -> Success: https://live6.mar.tv/6fc2a7dfbc1ffac5211b6b6463d2c3d7973e14339775d9e863e6a72a9cf4f84c/23tv25/index.m3u8
2026-08-25 10:36:48,225 [INFO] Scraping tv4rustavi...
2026-08-25 10:36:51,548 [INFO]  -> Success: https://live6.mar.tv/6fc2a7dfbc1ffac5211b6b6463d2c3d7973e14339775d9e863e6a72a9cf4f84c/24tw4/index.m3u8
2026-08-25 10:36:51,576 [INFO] Scraping trialeti...
2026-08-25 10:36:54,895 [INFO]  -> Success: https://live6.mar.tv/6fc2a7dfbc1ffac5211b6b6463d2c3d7973e14339775d9e863e6a72a9cf4f84c/trialleti/index.m3u8
2026-08-25 10:36:54,925 [INFO] Scraping dardimandi...
2026-08-25 10:36:58,243 [INFO]  -> Success: https://live5.mar.tv/6fc2a7dfbc1ffac5211b6b6463d2c3d7973e14339775d9e863e6a72a9cf4f84c/27/index.m3u8
2026-08-25 10:36:58,273 [INFO] Scraping agro...
2026-08-25 10:37:01,592 [INFO]  -> Success: https://live5.mar.tv/6fc2a7dfbc1ffac5211b6b6463d2c3d7973e14339775d9e863e6a72a9cf4f84c/28/index.m3u8
2026-08-25 10:37:01,624 [INFO] Scraping samefo...
2026-08-25 10:37:04,944 [INFO]  -> Success: https://live5.mar.tv/6fc2a7dfbc1ffac5211b6b6463d2c3d7973e14339775d9e863e6a72a9cf4f84c/29/index.m3u8
2026-08-25 10:37:04,974 [INFO] Scraping postv...
2026-08-25 10:37:08,292 [INFO]  -> Success: https://live6.mar.tv/6fc2a7dfbc1ffac5211b6b6463d2c3d7973e14339775d9e863e6a72a9cf4f84c/postvw/index.m3u8
2026-08-25 10:37:08,322 [INFO] Scraping megatv...
2026-08-25 10:37:11,643 [INFO]  -> Success: https://live4.mar.tv/6fc2a7dfbc1ffac5211b6b6463d2c3d7973e14339775d9e863e6a72a9cf4f84c/32st/index.m3u8
2026-08-25 10:37:11,675 [INFO] Scraping qartuliarxi...
2026-08-25 10:37:14,990 [INFO]  -> Success: https://live6.mar.tv/6fc2a7dfbc1ffac5211b6b6463d2c3d7973e14339775d9e863e6a72a9cf4f84c/qartuli/index.m3u8
2026-08-25 10:37:15,024 [INFO] Scraping musicbox...
2026-08-25 10:37:18,346 [INFO]  -> Success: https://live6.mar.tv/6fc2a7dfbc1ffac5211b6b6463d2c3d7973e14339775d9e863e6a72a9cf4f84c/34musge/index.m3u8
2026-08-25 10:37:18,375 [INFO] Scraping marneuli...
2026-08-25 10:37:21,692 [INFO]  -> Success: https://live6.mar.tv/6fc2a7dfbc1ffac5211b6b6463d2c3d7973e14339775d9e863e6a72a9cf4f84c/37marn/index.m3u8
2026-08-25 10:37:21,720 [INFO] Scraping axaliformula...
2026-08-25 10:37:25,040 [INFO]  -> Success: https://live6.mar.tv/6fc2a7dfbc1ffac5211b6b6463d2c3d7973e14339775d9e863e6a72a9cf4f84c/axaliformla/index.m3u8
2026-08-25 10:37:25,071 [INFO] Scraping o2...
2026-08-25 10:37:28,388 [INFO]  -> Success: https://live5.mar.tv/6fc2a7dfbc1ffac5211b6b6463d2c3d7973e14339775d9e863e6a72a9cf4f84c/40/index.m3u8
2026-08-25 10:37:28,438 [INFO] Scraping guria...
2026-08-25 10:37:31,759 [INFO]  -> Success: https://live5.mar.tv/6fc2a7dfbc1ffac5211b6b6463d2c3d7973e14339775d9e863e6a72a9cf4f84c/42/index.m3u8
2026-08-25 10:37:31,788 [INFO] Scraping imervizia...
2026-08-25 10:37:35,110 [INFO]  -> Success: https://live6.mar.tv/6fc2a7dfbc1ffac5211b6b6463d2c3d7973e14339775d9e863e6a72a9cf4f84c/imervizia/index.m3u8
2026-08-25 10:37:35,138 [INFO] Scraping diatv...
2026-08-25 10:37:38,459 [INFO]  -> Success: https://live4.mar.tv/6fc2a7dfbc1ffac5211b6b6463d2c3d7973e14339775d9e863e6a72a9cf4f84c/dia/index.m3u8
2026-08-25 10:37:38,496 [INFO] Scraping chveniarxi...
2026-08-25 10:37:41,814 [INFO]  -> Success: https://live3.mar.tv/6fc2a7dfbc1ffac5211b6b6463d2c3d7973e14339775d9e863e6a72a9cf4f84c/45rd/index.m3u8
2026-08-25 10:37:41,847 [INFO] Scraping batumitv...
2026-08-25 10:37:45,165 [INFO]  -> Success: https://live5.mar.tv/6fc2a7dfbc1ffac5211b6b6463d2c3d7973e14339775d9e863e6a72a9cf4f84c/46/index.m3u8
2026-08-25 10:37:45,197 [INFO] Scraping rcheuli...
2026-08-25 10:37:48,516 [INFO]  -> Success: https://live5.mar.tv/6fc2a7dfbc1ffac5211b6b6463d2c3d7973e14339775d9e863e6a72a9cf4f84c/47/index.m3u8
2026-08-25 10:37:48,546 [INFO] Scraping gurjaani...
2026-08-25 10:37:51,862 [INFO]  -> Success: https://live4.mar.tv/6fc2a7dfbc1ffac5211b6b6463d2c3d7973e14339775d9e863e6a72a9cf4f84c/48m/index.m3u8
2026-08-25 10:37:51,892 [INFO] Scraping molitv...
2026-08-25 10:37:55,215 [INFO]  -> Success: https://live6.mar.tv/6fc2a7dfbc1ffac5211b6b6463d2c3d7973e14339775d9e863e6a72a9cf4f84c/mollltv/index.m3u8
2026-08-25 10:37:55,243 [INFO] Scraping mexute...
2026-08-25 10:37:58,564 [INFO]  -> Success: https://live6.mar.tv/6fc2a7dfbc1ffac5211b6b6463d2c3d7973e14339775d9e863e6a72a9cf4f84c/50/index.m3u8
2026-08-25 10:37:58,600 [INFO] Scraping agrogaremo...
2026-08-25 10:38:01,918 [INFO]  -> Success: https://live6.mar.tv/6fc2a7dfbc1ffac5211b6b6463d2c3d7973e14339775d9e863e6a72a9cf4f84c/agrogaremo/index.m3u8
2026-08-25 10:38:01,952 [INFO] Scraping artv...
2026-08-25 10:38:05,271 [INFO]  -> Success: https://live6.mar.tv/6fc2a7dfbc1ffac5211b6b6463d2c3d7973e14339775d9e863e6a72a9cf4f84c/tafutv/index.m3u8
2026-08-25 10:38:05,302 [INFO] Scraping meteo24...
2026-08-25 10:38:08,622 [INFO]  -> Success: https://live5.mar.tv/6fc2a7dfbc1ffac5211b6b6463d2c3d7973e14339775d9e863e6a72a9cf4f84c/56/index.m3u8
2026-08-25 10:38:08,653 [INFO] Scraping georgiantimes...
2026-08-25 10:38:11,976 [INFO]  -> Success: https://live5.mar.tv/6fc2a7dfbc1ffac5211b6b6463d2c3d7973e14339775d9e863e6a72a9cf4f84c/57/index.m3u8
2026-08-25 10:38:12,009 [INFO] Scraping silkuniversal...
2026-08-25 10:38:15,329 [INFO]  -> Success: https://live2.mar.tv/6fc2a7dfbc1ffac5211b6b6463d2c3d7973e14339775d9e863e6a72a9cf4f84c/1arxiweb/index.m3u8
2026-08-25 10:38:15,361 [INFO] Scraping rugbytv...
2026-08-25 10:38:18,679 [INFO]  -> Success: https://live4.mar.tv/6fc2a7dfbc1ffac5211b6b6463d2c3d7973e14339775d9e863e6a72a9cf4f84c/160m/index.m3u8
2026-08-25 10:38:18,714 [INFO] Scraping gms...
2026-08-25 10:38:22,030 [INFO]  -> Success: https://live5.mar.tv/6fc2a7dfbc1ffac5211b6b6463d2c3d7973e14339775d9e863e6a72a9cf4f84c/161/index.m3u8
2026-08-25 10:38:22,060 [INFO] Scraping aiatv...
2026-08-25 10:38:25,379 [INFO]  -> Success: https://live6.mar.tv/6fc2a7dfbc1ffac5211b6b6463d2c3d7973e14339775d9e863e6a72a9cf4f84c/aia/index.m3u8
2026-08-25 10:38:25,412 [INFO] Scraping batumi2...
2026-08-25 10:38:28,732 [INFO]  -> Success: https://live6.mar.tv/6fc2a7dfbc1ffac5211b6b6463d2c3d7973e14339775d9e863e6a72a9cf4f84c/batumitv2/index.m3u8
2026-08-25 10:38:28,763 [INFO] Scraping altinfo...
2026-08-25 10:38:32,085 [INFO]  -> Success: https://live6.mar.tv/6fc2a7dfbc1ffac5211b6b6463d2c3d7973e14339775d9e863e6a72a9cf4f84c/altinfo/index.m3u8
2026-08-25 10:38:32,114 [INFO] Scraping parliament...
2026-08-25 10:38:35,437 [INFO]  -> Success: https://live6.mar.tv/6fc2a7dfbc1ffac5211b6b6463d2c3d7973e14339775d9e863e6a72a9cf4f84c/parlament/index.m3u8
2026-08-25 10:38:35,470 [INFO] Scraping egrisi...
2026-08-25 10:38:38,787 [INFO]  -> Success: https://live6.mar.tv/6fc2a7dfbc1ffac5211b6b6463d2c3d7973e14339775d9e863e6a72a9cf4f84c/egrisi/index.m3u8
2026-08-25 10:38:38,815 [INFO] Scraping mzetv...
2026-08-25 10:38:42,140 [INFO]  -> Success: https://live6.mar.tv/6fc2a7dfbc1ffac5211b6b6463d2c3d7973e14339775d9e863e6a72a9cf4f84c/mze/index.m3u8
2026-08-25 10:38:42,182 [WARNING] Failed to find tvg-id="rustavi2" in georgia_channels.m3u
2026-08-25 10:38:42,183 [WARNING] Failed to find tvg-id="maestro" in georgia_channels.m3u
2026-08-25 10:38:42,183 [WARNING] Failed to find tvg-id="marao" in georgia_channels.m3u
2026-08-25 10:38:42,183 [WARNING] Failed to find tvg-id="gds" in georgia_channels.m3u
2026-08-25 10:38:42,183 [WARNING] Failed to find tvg-id="comedy" in georgia_channels.m3u
2026-08-25 10:38:42,183 [WARNING] Failed to find tvg-id="bbb" in georgia_channels.m3u
2026-08-25 10:38:42,184 [WARNING] Failed to find tvg-id="enkibenki" in georgia_channels.m3u
2026-08-25 10:38:42,184 [WARNING] Failed to find tvg-id="adjaratv" in georgia_channels.m3u
2026-08-25 10:38:42,184 [WARNING] Failed to find tvg-id="rionitv" in georgia_channels.m3u
2026-08-25 10:38:42,184 [WARNING] Failed to find tvg-id="tv25" in georgia_channels.m3u
2026-08-25 10:38:42,184 [WARNING] Failed to find tvg-id="tv4rustavi" in georgia_channels.m3u
2026-08-25 10:38:42,184 [WARNING] Failed to find tvg-id="trialeti" in georgia_channels.m3u
2026-08-25 10:38:42,185 [WARNING] Failed to find tvg-id="dardimandi" in georgia_channels.m3u
2026-08-25 10:38:42,185 [WARNING] Failed to find tvg-id="agro" in georgia_channels.m3u
2026-08-25 10:38:42,185 [WARNING] Failed to find tvg-id="samefo" in georgia_channels.m3u
2026-08-25 10:38:42,185 [WARNING] Failed to find tvg-id="postv" in georgia_channels.m3u
2026-08-25 10:38:42,185 [WARNING] Failed to find tvg-id="megatv" in georgia_channels.m3u
2026-08-25 10:38:42,185 [WARNING] Failed to find tvg-id="qartuliarxi" in georgia_channels.m3u
2026-08-25 10:38:42,186 [WARNING] Failed to find tvg-id="musicbox" in georgia_channels.m3u
2026-08-25 10:38:42,186 [WARNING] Failed to find tvg-id="marneuli" in georgia_channels.m3u
2026-08-25 10:38:42,186 [WARNING] Failed to find tvg-id="axaliformula" in georgia_channels.m3u
2026-08-25 10:38:42,186 [WARNING] Failed to find tvg-id="o2" in georgia_channels.m3u
2026-08-25 10:38:42,186 [WARNING] Failed to find tvg-id="guria" in georgia_channels.m3u
2026-08-25 10:38:42,186 [WARNING] Failed to find tvg-id="imervizia" in georgia_channels.m3u
2026-08-25 10:38:42,187 [WARNING] Failed to find tvg-id="diatv" in georgia_channels.m3u
2026-08-25 10:38:42,187 [WARNING] Failed to find tvg-id="chveniarxi" in georgia_channels.m3u
2026-08-25 10:38:42,187 [WARNING] Failed to find tvg-id="batumitv" in georgia_channels.m3u
2026-08-25 10:38:42,187 [WARNING] Failed to find tvg-id="rcheuli" in georgia_channels.m3u
2026-08-25 10:38:42,187 [WARNING] Failed to find tvg-id="gurjaani" in georgia_channels.m3u
2026-08-25 10:38:42,187 [WARNING] Failed to find tvg-id="molitv" in georgia_channels.m3u
2026-08-25 10:38:42,188 [WARNING] Failed to find tvg-id="mexute" in georgia_channels.m3u
2026-08-25 10:38:42,188 [WARNING] Failed to find tvg-id="agrogaremo" in georgia_channels.m3u
2026-08-25 10:38:42,188 [WARNING] Failed to find tvg-id="artv" in georgia_channels.m3u
2026-08-25 10:38:42,188 [WARNING] Failed to find tvg-id="meteo24" in georgia_channels.m3u
2026-08-25 10:38:42,188 [WARNING] Failed to find tvg-id="georgiantimes" in georgia_channels.m3u
2026-08-25 10:38:42,188 [WARNING] Failed to find tvg-id="silkuniversal" in georgia_channels.m3u
2026-08-25 10:38:42,189 [WARNING] Failed to find tvg-id="rugbytv" in georgia_channels.m3u
2026-08-25 10:38:42,189 [WARNING] Failed to find tvg-id="gms" in georgia_channels.m3u
2026-08-25 10:38:42,189 [WARNING] Failed to find tvg-id="aiatv" in georgia_channels.m3u
2026-08-25 10:38:42,189 [WARNING] Failed to find tvg-id="batumi2" in georgia_channels.m3u
2026-08-25 10:38:42,189 [WARNING] Failed to find tvg-id="altinfo" in georgia_channels.m3u
2026-08-25 10:38:42,189 [WARNING] Failed to find tvg-id="parliament" in georgia_channels.m3u
2026-08-25 10:38:42,190 [WARNING] Failed to find tvg-id="egrisi" in georgia_channels.m3u
2026-08-25 10:38:42,190 [WARNING] Failed to find tvg-id="mzetv" in georgia_channels.m3u
2026-08-25 10:38:42,190 [INFO] No file changes were made.
2026-08-25 10:38:42,190 [INFO] === UPDATE EXECUTION FINISHED ===
