2026-08-22 15:24:27,481 [INFO] === UPDATE EXECUTION STARTED ===
2026-08-22 15:24:27,481 [INFO] Fetching Setanta Sports 3 from IPTV-ORG...
2026-08-22 15:24:27,622 [INFO] Launching batch scraper for 44 channels on tv.mar.tv...
2026-08-22 15:24:28,246 [INFO] Scraping rustavi2...
2026-08-22 15:24:33,926 [INFO]  -> Success: https://live8.mar.tv/1/4rd/index.m3u8
2026-08-22 15:24:33,962 [INFO] Scraping maestro...
2026-08-22 15:24:37,293 [INFO]  -> Success: https://live4.mar.tv/160effa6e723a0dab1d2ff1c6aaed0042e756baf98621216c8044f95c9e9380e/352m/index.m3u8
2026-08-22 15:24:37,325 [INFO] Scraping marao...
2026-08-22 15:24:40,656 [INFO]  -> Success: https://live2.mar.tv/160effa6e723a0dab1d2ff1c6aaed0042e756baf98621216c8044f95c9e9380e/12sd/index.m3u8
2026-08-22 15:24:40,689 [INFO] Scraping gds...
2026-08-22 15:24:44,015 [INFO]  -> Success: https://live1.mar.tv/160effa6e723a0dab1d2ff1c6aaed0042e756baf98621216c8044f95c9e9380e/13sd/index.m3u8
2026-08-22 15:24:44,047 [INFO] Scraping comedy...
2026-08-22 15:24:47,375 [INFO]  -> Success: https://live4.mar.tv/160effa6e723a0dab1d2ff1c6aaed0042e756baf98621216c8044f95c9e9380e/14rd/index.m3u8
2026-08-22 15:24:47,409 [INFO] Scraping bbb...
2026-08-22 15:24:50,741 [INFO]  -> Success: https://live2.mar.tv/160effa6e723a0dab1d2ff1c6aaed0042e756baf98621216c8044f95c9e9380e/16sd/index.m3u8
2026-08-22 15:24:50,775 [INFO] Scraping enkibenki...
2026-08-22 15:24:54,104 [INFO]  -> Success: https://live2.mar.tv/160effa6e723a0dab1d2ff1c6aaed0042e756baf98621216c8044f95c9e9380e/17e/index.m3u8
2026-08-22 15:24:54,135 [INFO] Scraping adjaratv...
2026-08-22 15:24:57,472 [INFO]  -> Success: https://live2.mar.tv/160effa6e723a0dab1d2ff1c6aaed0042e756baf98621216c8044f95c9e9380e/19rd/index.m3u8
2026-08-22 15:24:57,504 [INFO] Scraping rionitv...
2026-08-22 15:25:00,833 [INFO]  -> Success: https://live6.mar.tv/160effa6e723a0dab1d2ff1c6aaed0042e756baf98621216c8044f95c9e9380e/20rionn/index.m3u8
2026-08-22 15:25:00,865 [INFO] Scraping tv25...
2026-08-22 15:25:04,199 [INFO]  -> Success: https://live6.mar.tv/160effa6e723a0dab1d2ff1c6aaed0042e756baf98621216c8044f95c9e9380e/23tv25/index.m3u8
2026-08-22 15:25:04,232 [INFO] Scraping tv4rustavi...
2026-08-22 15:25:07,564 [INFO]  -> Success: https://live6.mar.tv/160effa6e723a0dab1d2ff1c6aaed0042e756baf98621216c8044f95c9e9380e/24tw4/index.m3u8
2026-08-22 15:25:07,594 [INFO] Scraping trialeti...
2026-08-22 15:25:10,927 [INFO]  -> Success: https://live6.mar.tv/160effa6e723a0dab1d2ff1c6aaed0042e756baf98621216c8044f95c9e9380e/trialleti/index.m3u8
2026-08-22 15:25:10,959 [INFO] Scraping dardimandi...
2026-08-22 15:25:14,291 [INFO]  -> Success: https://live5.mar.tv/160effa6e723a0dab1d2ff1c6aaed0042e756baf98621216c8044f95c9e9380e/27/index.m3u8
2026-08-22 15:25:14,321 [INFO] Scraping agro...
2026-08-22 15:25:17,662 [INFO]  -> Success: https://live5.mar.tv/160effa6e723a0dab1d2ff1c6aaed0042e756baf98621216c8044f95c9e9380e/28/index.m3u8
2026-08-22 15:25:17,694 [INFO] Scraping samefo...
2026-08-22 15:25:21,027 [INFO]  -> Success: https://live5.mar.tv/160effa6e723a0dab1d2ff1c6aaed0042e756baf98621216c8044f95c9e9380e/29/index.m3u8
2026-08-22 15:25:21,057 [INFO] Scraping postv...
2026-08-22 15:25:24,389 [INFO]  -> Success: https://live6.mar.tv/160effa6e723a0dab1d2ff1c6aaed0042e756baf98621216c8044f95c9e9380e/postvw/index.m3u8
2026-08-22 15:25:24,423 [INFO] Scraping megatv...
2026-08-22 15:25:27,755 [INFO]  -> Success: https://live4.mar.tv/160effa6e723a0dab1d2ff1c6aaed0042e756baf98621216c8044f95c9e9380e/32st/index.m3u8
2026-08-22 15:25:27,789 [INFO] Scraping qartuliarxi...
2026-08-22 15:25:31,129 [INFO]  -> Success: https://live6.mar.tv/160effa6e723a0dab1d2ff1c6aaed0042e756baf98621216c8044f95c9e9380e/qartuli/index.m3u8
2026-08-22 15:25:31,164 [INFO] Scraping musicbox...
2026-08-22 15:25:34,502 [INFO]  -> Success: https://live6.mar.tv/160effa6e723a0dab1d2ff1c6aaed0042e756baf98621216c8044f95c9e9380e/34musge/index.m3u8
2026-08-22 15:25:34,536 [INFO] Scraping marneuli...
2026-08-22 15:25:37,871 [INFO]  -> Success: https://live6.mar.tv/160effa6e723a0dab1d2ff1c6aaed0042e756baf98621216c8044f95c9e9380e/37marn/index.m3u8
2026-08-22 15:25:37,902 [INFO] Scraping axaliformula...
2026-08-22 15:25:41,234 [INFO]  -> Success: https://live6.mar.tv/160effa6e723a0dab1d2ff1c6aaed0042e756baf98621216c8044f95c9e9380e/axaliformla/index.m3u8
2026-08-22 15:25:41,269 [INFO] Scraping o2...
2026-08-22 15:25:44,605 [INFO]  -> Success: https://live5.mar.tv/160effa6e723a0dab1d2ff1c6aaed0042e756baf98621216c8044f95c9e9380e/40/index.m3u8
2026-08-22 15:25:44,637 [INFO] Scraping guria...
2026-08-22 15:25:47,969 [INFO]  -> Success: https://live5.mar.tv/160effa6e723a0dab1d2ff1c6aaed0042e756baf98621216c8044f95c9e9380e/42/index.m3u8
2026-08-22 15:25:48,002 [INFO] Scraping imervizia...
2026-08-22 15:25:51,337 [INFO]  -> Success: https://live6.mar.tv/160effa6e723a0dab1d2ff1c6aaed0042e756baf98621216c8044f95c9e9380e/imervizia/index.m3u8
2026-08-22 15:25:51,372 [INFO] Scraping diatv...
2026-08-22 15:25:54,702 [INFO]  -> Success: https://live4.mar.tv/160effa6e723a0dab1d2ff1c6aaed0042e756baf98621216c8044f95c9e9380e/dia/index.m3u8
2026-08-22 15:25:54,733 [INFO] Scraping chveniarxi...
2026-08-22 15:25:58,060 [INFO]  -> Success: https://live3.mar.tv/160effa6e723a0dab1d2ff1c6aaed0042e756baf98621216c8044f95c9e9380e/45rd/index.m3u8
2026-08-22 15:25:58,096 [INFO] Scraping batumitv...
2026-08-22 15:26:01,426 [INFO]  -> Success: https://live5.mar.tv/160effa6e723a0dab1d2ff1c6aaed0042e756baf98621216c8044f95c9e9380e/46/index.m3u8
2026-08-22 15:26:01,457 [INFO] Scraping rcheuli...
2026-08-22 15:26:04,785 [INFO]  -> Success: https://live5.mar.tv/160effa6e723a0dab1d2ff1c6aaed0042e756baf98621216c8044f95c9e9380e/47/index.m3u8
2026-08-22 15:26:04,818 [INFO] Scraping gurjaani...
2026-08-22 15:26:08,146 [INFO]  -> Success: https://live4.mar.tv/160effa6e723a0dab1d2ff1c6aaed0042e756baf98621216c8044f95c9e9380e/48m/index.m3u8
2026-08-22 15:26:08,179 [INFO] Scraping molitv...
2026-08-22 15:26:11,515 [INFO]  -> Success: https://live6.mar.tv/160effa6e723a0dab1d2ff1c6aaed0042e756baf98621216c8044f95c9e9380e/mollltv/index.m3u8
2026-08-22 15:26:11,549 [INFO] Scraping mexute...
2026-08-22 15:26:14,882 [INFO]  -> Success: https://live6.mar.tv/160effa6e723a0dab1d2ff1c6aaed0042e756baf98621216c8044f95c9e9380e/50/index.m3u8
2026-08-22 15:26:14,915 [INFO] Scraping agrogaremo...
2026-08-22 15:26:18,252 [INFO]  -> Success: https://live6.mar.tv/160effa6e723a0dab1d2ff1c6aaed0042e756baf98621216c8044f95c9e9380e/agrogaremo/index.m3u8
2026-08-22 15:26:18,286 [INFO] Scraping artv...
2026-08-22 15:26:21,612 [INFO]  -> Success: https://live6.mar.tv/160effa6e723a0dab1d2ff1c6aaed0042e756baf98621216c8044f95c9e9380e/tafutv/index.m3u8
2026-08-22 15:26:21,648 [INFO] Scraping meteo24...
2026-08-22 15:26:24,979 [INFO]  -> Success: https://live5.mar.tv/160effa6e723a0dab1d2ff1c6aaed0042e756baf98621216c8044f95c9e9380e/56/index.m3u8
2026-08-22 15:26:25,011 [INFO] Scraping georgiantimes...
2026-08-22 15:26:28,346 [INFO]  -> Success: https://live5.mar.tv/160effa6e723a0dab1d2ff1c6aaed0042e756baf98621216c8044f95c9e9380e/57/index.m3u8
2026-08-22 15:26:28,383 [INFO] Scraping silkuniversal...
2026-08-22 15:26:31,713 [INFO]  -> Success: https://live2.mar.tv/160effa6e723a0dab1d2ff1c6aaed0042e756baf98621216c8044f95c9e9380e/1arxiweb/index.m3u8
2026-08-22 15:26:31,747 [INFO] Scraping rugbytv...
2026-08-22 15:26:35,075 [INFO]  -> Success: https://live4.mar.tv/160effa6e723a0dab1d2ff1c6aaed0042e756baf98621216c8044f95c9e9380e/160m/index.m3u8
2026-08-22 15:26:35,108 [INFO] Scraping gms...
2026-08-22 15:26:38,434 [INFO]  -> Success: https://live5.mar.tv/160effa6e723a0dab1d2ff1c6aaed0042e756baf98621216c8044f95c9e9380e/161/index.m3u8
2026-08-22 15:26:38,466 [INFO] Scraping aiatv...
2026-08-22 15:26:41,801 [INFO]  -> Success: https://live6.mar.tv/160effa6e723a0dab1d2ff1c6aaed0042e756baf98621216c8044f95c9e9380e/aia/index.m3u8
2026-08-22 15:26:41,839 [INFO] Scraping batumi2...
2026-08-22 15:26:45,170 [INFO]  -> Success: https://live6.mar.tv/160effa6e723a0dab1d2ff1c6aaed0042e756baf98621216c8044f95c9e9380e/batumitv2/index.m3u8
2026-08-22 15:26:45,201 [INFO] Scraping altinfo...
2026-08-22 15:26:48,534 [INFO]  -> Success: https://live6.mar.tv/160effa6e723a0dab1d2ff1c6aaed0042e756baf98621216c8044f95c9e9380e/altinfo/index.m3u8
2026-08-22 15:26:48,569 [INFO] Scraping parliament...
2026-08-22 15:26:51,910 [INFO]  -> Success: https://live6.mar.tv/160effa6e723a0dab1d2ff1c6aaed0042e756baf98621216c8044f95c9e9380e/parlament/index.m3u8
2026-08-22 15:26:51,943 [INFO] Scraping egrisi...
2026-08-22 15:26:55,276 [INFO]  -> Success: https://live6.mar.tv/160effa6e723a0dab1d2ff1c6aaed0042e756baf98621216c8044f95c9e9380e/egrisi/index.m3u8
2026-08-22 15:26:55,310 [INFO] Scraping mzetv...
2026-08-22 15:26:58,643 [INFO]  -> Success: https://live6.mar.tv/160effa6e723a0dab1d2ff1c6aaed0042e756baf98621216c8044f95c9e9380e/mze/index.m3u8
2026-08-22 15:26:58,686 [WARNING] Failed to find tvg-id="rustavi2" in georgia_channels.m3u
2026-08-22 15:26:58,687 [WARNING] Failed to find tvg-id="maestro" in georgia_channels.m3u
2026-08-22 15:26:58,687 [WARNING] Failed to find tvg-id="marao" in georgia_channels.m3u
2026-08-22 15:26:58,687 [WARNING] Failed to find tvg-id="gds" in georgia_channels.m3u
2026-08-22 15:26:58,688 [WARNING] Failed to find tvg-id="comedy" in georgia_channels.m3u
2026-08-22 15:26:58,688 [WARNING] Failed to find tvg-id="bbb" in georgia_channels.m3u
2026-08-22 15:26:58,688 [WARNING] Failed to find tvg-id="enkibenki" in georgia_channels.m3u
2026-08-22 15:26:58,688 [WARNING] Failed to find tvg-id="adjaratv" in georgia_channels.m3u
2026-08-22 15:26:58,689 [WARNING] Failed to find tvg-id="rionitv" in georgia_channels.m3u
2026-08-22 15:26:58,689 [WARNING] Failed to find tvg-id="tv25" in georgia_channels.m3u
2026-08-22 15:26:58,689 [WARNING] Failed to find tvg-id="tv4rustavi" in georgia_channels.m3u
2026-08-22 15:26:58,689 [WARNING] Failed to find tvg-id="trialeti" in georgia_channels.m3u
2026-08-22 15:26:58,690 [WARNING] Failed to find tvg-id="dardimandi" in georgia_channels.m3u
2026-08-22 15:26:58,690 [WARNING] Failed to find tvg-id="agro" in georgia_channels.m3u
2026-08-22 15:26:58,690 [WARNING] Failed to find tvg-id="samefo" in georgia_channels.m3u
2026-08-22 15:26:58,690 [WARNING] Failed to find tvg-id="postv" in georgia_channels.m3u
2026-08-22 15:26:58,690 [WARNING] Failed to find tvg-id="megatv" in georgia_channels.m3u
2026-08-22 15:26:58,690 [WARNING] Failed to find tvg-id="qartuliarxi" in georgia_channels.m3u
2026-08-22 15:26:58,691 [WARNING] Failed to find tvg-id="musicbox" in georgia_channels.m3u
2026-08-22 15:26:58,691 [WARNING] Failed to find tvg-id="marneuli" in georgia_channels.m3u
2026-08-22 15:26:58,691 [WARNING] Failed to find tvg-id="axaliformula" in georgia_channels.m3u
2026-08-22 15:26:58,691 [WARNING] Failed to find tvg-id="o2" in georgia_channels.m3u
2026-08-22 15:26:58,692 [WARNING] Failed to find tvg-id="guria" in georgia_channels.m3u
2026-08-22 15:26:58,692 [WARNING] Failed to find tvg-id="imervizia" in georgia_channels.m3u
2026-08-22 15:26:58,692 [WARNING] Failed to find tvg-id="diatv" in georgia_channels.m3u
2026-08-22 15:26:58,692 [WARNING] Failed to find tvg-id="chveniarxi" in georgia_channels.m3u
2026-08-22 15:26:58,693 [WARNING] Failed to find tvg-id="batumitv" in georgia_channels.m3u
2026-08-22 15:26:58,693 [WARNING] Failed to find tvg-id="rcheuli" in georgia_channels.m3u
2026-08-22 15:26:58,693 [WARNING] Failed to find tvg-id="gurjaani" in georgia_channels.m3u
2026-08-22 15:26:58,693 [WARNING] Failed to find tvg-id="molitv" in georgia_channels.m3u
2026-08-22 15:26:58,694 [WARNING] Failed to find tvg-id="mexute" in georgia_channels.m3u
2026-08-22 15:26:58,694 [WARNING] Failed to find tvg-id="agrogaremo" in georgia_channels.m3u
2026-08-22 15:26:58,694 [WARNING] Failed to find tvg-id="artv" in georgia_channels.m3u
2026-08-22 15:26:58,694 [WARNING] Failed to find tvg-id="meteo24" in georgia_channels.m3u
2026-08-22 15:26:58,695 [WARNING] Failed to find tvg-id="georgiantimes" in georgia_channels.m3u
2026-08-22 15:26:58,695 [WARNING] Failed to find tvg-id="silkuniversal" in georgia_channels.m3u
2026-08-22 15:26:58,695 [WARNING] Failed to find tvg-id="rugbytv" in georgia_channels.m3u
2026-08-22 15:26:58,696 [WARNING] Failed to find tvg-id="gms" in georgia_channels.m3u
2026-08-22 15:26:58,696 [WARNING] Failed to find tvg-id="aiatv" in georgia_channels.m3u
2026-08-22 15:26:58,696 [WARNING] Failed to find tvg-id="batumi2" in georgia_channels.m3u
2026-08-22 15:26:58,696 [WARNING] Failed to find tvg-id="altinfo" in georgia_channels.m3u
2026-08-22 15:26:58,697 [WARNING] Failed to find tvg-id="parliament" in georgia_channels.m3u
2026-08-22 15:26:58,697 [WARNING] Failed to find tvg-id="egrisi" in georgia_channels.m3u
2026-08-22 15:26:58,697 [WARNING] Failed to find tvg-id="mzetv" in georgia_channels.m3u
2026-08-22 15:26:58,697 [INFO] No file changes were made.
2026-08-22 15:26:58,697 [INFO] === UPDATE EXECUTION FINISHED ===
