2026-08-26 06:54:15,321 [INFO] === UPDATE EXECUTION STARTED ===
2026-08-26 06:54:15,321 [INFO] Fetching Setanta Sports 3 from IPTV-ORG...
2026-08-26 06:54:15,399 [INFO] Launching batch scraper for 44 channels on tv.mar.tv...
2026-08-26 06:54:16,863 [INFO] Scraping rustavi2...
2026-08-26 06:54:21,838 [INFO]  -> Success: https://live8.mar.tv/1/4rd/index.m3u8
2026-08-26 06:54:21,876 [INFO] Scraping maestro...
2026-08-26 06:54:25,151 [INFO]  -> Success: https://live4.mar.tv/d60cb20db7599998ff1aa2238d357610c90b3ec97e56f008c07ec1ff76fd2a44/352m/index.m3u8
2026-08-26 06:54:25,187 [INFO] Scraping marao...
2026-08-26 06:54:28,464 [INFO]  -> Success: https://live2.mar.tv/d60cb20db7599998ff1aa2238d357610c90b3ec97e56f008c07ec1ff76fd2a44/12sd/index.m3u8
2026-08-26 06:54:28,503 [INFO] Scraping gds...
2026-08-26 06:54:31,780 [INFO]  -> Success: https://live1.mar.tv/d60cb20db7599998ff1aa2238d357610c90b3ec97e56f008c07ec1ff76fd2a44/13sd/index.m3u8
2026-08-26 06:54:31,815 [INFO] Scraping comedy...
2026-08-26 06:54:35,092 [INFO]  -> Success: https://live4.mar.tv/d60cb20db7599998ff1aa2238d357610c90b3ec97e56f008c07ec1ff76fd2a44/14rd/index.m3u8
2026-08-26 06:54:35,128 [INFO] Scraping bbb...
2026-08-26 06:54:38,401 [INFO]  -> Success: https://live2.mar.tv/d60cb20db7599998ff1aa2238d357610c90b3ec97e56f008c07ec1ff76fd2a44/16sd/index.m3u8
2026-08-26 06:54:38,434 [INFO] Scraping enkibenki...
2026-08-26 06:54:41,707 [INFO]  -> Success: https://live2.mar.tv/d60cb20db7599998ff1aa2238d357610c90b3ec97e56f008c07ec1ff76fd2a44/17e/index.m3u8
2026-08-26 06:54:41,740 [INFO] Scraping adjaratv...
2026-08-26 06:54:45,014 [INFO]  -> Success: https://live2.mar.tv/d60cb20db7599998ff1aa2238d357610c90b3ec97e56f008c07ec1ff76fd2a44/19rd/index.m3u8
2026-08-26 06:54:45,051 [INFO] Scraping rionitv...
2026-08-26 06:54:48,329 [INFO]  -> Success: https://live6.mar.tv/d60cb20db7599998ff1aa2238d357610c90b3ec97e56f008c07ec1ff76fd2a44/20rionn/index.m3u8
2026-08-26 06:54:48,364 [INFO] Scraping tv25...
2026-08-26 06:54:51,636 [INFO]  -> Success: https://live6.mar.tv/d60cb20db7599998ff1aa2238d357610c90b3ec97e56f008c07ec1ff76fd2a44/23tv25/index.m3u8
2026-08-26 06:54:51,670 [INFO] Scraping tv4rustavi...
2026-08-26 06:54:54,947 [INFO]  -> Success: https://live6.mar.tv/d60cb20db7599998ff1aa2238d357610c90b3ec97e56f008c07ec1ff76fd2a44/24tw4/index.m3u8
2026-08-26 06:54:54,983 [INFO] Scraping trialeti...
2026-08-26 06:54:58,258 [INFO]  -> Success: https://live6.mar.tv/d60cb20db7599998ff1aa2238d357610c90b3ec97e56f008c07ec1ff76fd2a44/trialleti/index.m3u8
2026-08-26 06:54:58,295 [INFO] Scraping dardimandi...
2026-08-26 06:55:01,566 [INFO]  -> Success: https://live5.mar.tv/d60cb20db7599998ff1aa2238d357610c90b3ec97e56f008c07ec1ff76fd2a44/27/index.m3u8
2026-08-26 06:55:01,599 [INFO] Scraping agro...
2026-08-26 06:55:04,874 [INFO]  -> Success: https://live5.mar.tv/d60cb20db7599998ff1aa2238d357610c90b3ec97e56f008c07ec1ff76fd2a44/28/index.m3u8
2026-08-26 06:55:04,910 [INFO] Scraping samefo...
2026-08-26 06:55:08,182 [INFO]  -> Success: https://live5.mar.tv/d60cb20db7599998ff1aa2238d357610c90b3ec97e56f008c07ec1ff76fd2a44/29/index.m3u8
2026-08-26 06:55:08,216 [INFO] Scraping postv...
2026-08-26 06:55:11,493 [INFO]  -> Success: https://live6.mar.tv/d60cb20db7599998ff1aa2238d357610c90b3ec97e56f008c07ec1ff76fd2a44/postvw/index.m3u8
2026-08-26 06:55:11,526 [INFO] Scraping megatv...
2026-08-26 06:55:14,803 [INFO]  -> Success: https://live4.mar.tv/d60cb20db7599998ff1aa2238d357610c90b3ec97e56f008c07ec1ff76fd2a44/32st/index.m3u8
2026-08-26 06:55:14,837 [INFO] Scraping qartuliarxi...
2026-08-26 06:55:18,117 [INFO]  -> Success: https://live6.mar.tv/d60cb20db7599998ff1aa2238d357610c90b3ec97e56f008c07ec1ff76fd2a44/qartuli/index.m3u8
2026-08-26 06:55:18,150 [INFO] Scraping musicbox...
2026-08-26 06:55:21,425 [INFO]  -> Success: https://live6.mar.tv/d60cb20db7599998ff1aa2238d357610c90b3ec97e56f008c07ec1ff76fd2a44/34musge/index.m3u8
2026-08-26 06:55:21,460 [INFO] Scraping marneuli...
2026-08-26 06:55:24,738 [INFO]  -> Success: https://live6.mar.tv/d60cb20db7599998ff1aa2238d357610c90b3ec97e56f008c07ec1ff76fd2a44/37marn/index.m3u8
2026-08-26 06:55:24,770 [INFO] Scraping axaliformula...
2026-08-26 06:55:28,046 [INFO]  -> Success: https://live6.mar.tv/d60cb20db7599998ff1aa2238d357610c90b3ec97e56f008c07ec1ff76fd2a44/axaliformla/index.m3u8
2026-08-26 06:55:28,080 [INFO] Scraping o2...
2026-08-26 06:55:31,352 [INFO]  -> Success: https://live5.mar.tv/d60cb20db7599998ff1aa2238d357610c90b3ec97e56f008c07ec1ff76fd2a44/40/index.m3u8
2026-08-26 06:55:31,389 [INFO] Scraping guria...
2026-08-26 06:55:34,663 [INFO]  -> Success: https://live5.mar.tv/d60cb20db7599998ff1aa2238d357610c90b3ec97e56f008c07ec1ff76fd2a44/42/index.m3u8
2026-08-26 06:55:34,696 [INFO] Scraping imervizia...
2026-08-26 06:55:37,976 [INFO]  -> Success: https://live6.mar.tv/d60cb20db7599998ff1aa2238d357610c90b3ec97e56f008c07ec1ff76fd2a44/imervizia/index.m3u8
2026-08-26 06:55:38,009 [INFO] Scraping diatv...
2026-08-26 06:55:41,288 [INFO]  -> Success: https://live4.mar.tv/d60cb20db7599998ff1aa2238d357610c90b3ec97e56f008c07ec1ff76fd2a44/dia/index.m3u8
2026-08-26 06:55:41,324 [INFO] Scraping chveniarxi...
2026-08-26 06:55:44,598 [INFO]  -> Success: https://live3.mar.tv/d60cb20db7599998ff1aa2238d357610c90b3ec97e56f008c07ec1ff76fd2a44/45rd/index.m3u8
2026-08-26 06:55:44,631 [INFO] Scraping batumitv...
2026-08-26 06:55:47,914 [INFO]  -> Success: https://live5.mar.tv/d60cb20db7599998ff1aa2238d357610c90b3ec97e56f008c07ec1ff76fd2a44/46/index.m3u8
2026-08-26 06:55:47,948 [INFO] Scraping rcheuli...
2026-08-26 06:55:51,221 [INFO]  -> Success: https://live5.mar.tv/d60cb20db7599998ff1aa2238d357610c90b3ec97e56f008c07ec1ff76fd2a44/47/index.m3u8
2026-08-26 06:55:51,255 [INFO] Scraping gurjaani...
2026-08-26 06:55:54,531 [INFO]  -> Success: https://live4.mar.tv/d60cb20db7599998ff1aa2238d357610c90b3ec97e56f008c07ec1ff76fd2a44/48m/index.m3u8
2026-08-26 06:55:54,564 [INFO] Scraping molitv...
2026-08-26 06:55:57,838 [INFO]  -> Success: https://live6.mar.tv/d60cb20db7599998ff1aa2238d357610c90b3ec97e56f008c07ec1ff76fd2a44/mollltv/index.m3u8
2026-08-26 06:55:57,871 [INFO] Scraping mexute...
2026-08-26 06:56:01,144 [INFO]  -> Success: https://live6.mar.tv/d60cb20db7599998ff1aa2238d357610c90b3ec97e56f008c07ec1ff76fd2a44/50/index.m3u8
2026-08-26 06:56:01,180 [INFO] Scraping agrogaremo...
2026-08-26 06:56:04,460 [INFO]  -> Success: https://live6.mar.tv/d60cb20db7599998ff1aa2238d357610c90b3ec97e56f008c07ec1ff76fd2a44/agrogaremo/index.m3u8
2026-08-26 06:56:04,493 [INFO] Scraping artv...
2026-08-26 06:56:07,769 [INFO]  -> Success: https://live6.mar.tv/d60cb20db7599998ff1aa2238d357610c90b3ec97e56f008c07ec1ff76fd2a44/tafutv/index.m3u8
2026-08-26 06:56:07,805 [INFO] Scraping meteo24...
2026-08-26 06:56:11,080 [INFO]  -> Success: https://live5.mar.tv/d60cb20db7599998ff1aa2238d357610c90b3ec97e56f008c07ec1ff76fd2a44/56/index.m3u8
2026-08-26 06:56:11,113 [INFO] Scraping georgiantimes...
2026-08-26 06:56:14,406 [INFO]  -> Success: https://live5.mar.tv/d60cb20db7599998ff1aa2238d357610c90b3ec97e56f008c07ec1ff76fd2a44/57/index.m3u8
2026-08-26 06:56:14,441 [INFO] Scraping silkuniversal...
2026-08-26 06:56:17,712 [INFO]  -> Success: https://live2.mar.tv/d60cb20db7599998ff1aa2238d357610c90b3ec97e56f008c07ec1ff76fd2a44/1arxiweb/index.m3u8
2026-08-26 06:56:17,746 [INFO] Scraping rugbytv...
2026-08-26 06:56:21,025 [INFO]  -> Success: https://live4.mar.tv/d60cb20db7599998ff1aa2238d357610c90b3ec97e56f008c07ec1ff76fd2a44/160m/index.m3u8
2026-08-26 06:56:21,059 [INFO] Scraping gms...
2026-08-26 06:56:24,348 [INFO]  -> Success: https://live5.mar.tv/d60cb20db7599998ff1aa2238d357610c90b3ec97e56f008c07ec1ff76fd2a44/161/index.m3u8
2026-08-26 06:56:24,386 [INFO] Scraping aiatv...
2026-08-26 06:56:27,661 [INFO]  -> Success: https://live6.mar.tv/d60cb20db7599998ff1aa2238d357610c90b3ec97e56f008c07ec1ff76fd2a44/aia/index.m3u8
2026-08-26 06:56:27,692 [INFO] Scraping batumi2...
2026-08-26 06:56:30,967 [INFO]  -> Success: https://live6.mar.tv/d60cb20db7599998ff1aa2238d357610c90b3ec97e56f008c07ec1ff76fd2a44/batumitv2/index.m3u8
2026-08-26 06:56:31,002 [INFO] Scraping altinfo...
2026-08-26 06:56:34,281 [INFO]  -> Success: https://live6.mar.tv/d60cb20db7599998ff1aa2238d357610c90b3ec97e56f008c07ec1ff76fd2a44/altinfo/index.m3u8
2026-08-26 06:56:34,318 [INFO] Scraping parliament...
2026-08-26 06:56:37,595 [INFO]  -> Success: https://live6.mar.tv/d60cb20db7599998ff1aa2238d357610c90b3ec97e56f008c07ec1ff76fd2a44/parlament/index.m3u8
2026-08-26 06:56:37,630 [INFO] Scraping egrisi...
2026-08-26 06:56:40,901 [INFO]  -> Success: https://live6.mar.tv/d60cb20db7599998ff1aa2238d357610c90b3ec97e56f008c07ec1ff76fd2a44/egrisi/index.m3u8
2026-08-26 06:56:40,935 [INFO] Scraping mzetv...
2026-08-26 06:56:44,212 [INFO]  -> Success: https://live6.mar.tv/d60cb20db7599998ff1aa2238d357610c90b3ec97e56f008c07ec1ff76fd2a44/mze/index.m3u8
2026-08-26 06:56:44,256 [WARNING] Failed to find tvg-id="rustavi2" in georgia_channels.m3u
2026-08-26 06:56:44,257 [WARNING] Failed to find tvg-id="maestro" in georgia_channels.m3u
2026-08-26 06:56:44,257 [WARNING] Failed to find tvg-id="marao" in georgia_channels.m3u
2026-08-26 06:56:44,257 [WARNING] Failed to find tvg-id="gds" in georgia_channels.m3u
2026-08-26 06:56:44,257 [WARNING] Failed to find tvg-id="comedy" in georgia_channels.m3u
2026-08-26 06:56:44,258 [WARNING] Failed to find tvg-id="bbb" in georgia_channels.m3u
2026-08-26 06:56:44,258 [WARNING] Failed to find tvg-id="enkibenki" in georgia_channels.m3u
2026-08-26 06:56:44,258 [WARNING] Failed to find tvg-id="adjaratv" in georgia_channels.m3u
2026-08-26 06:56:44,258 [WARNING] Failed to find tvg-id="rionitv" in georgia_channels.m3u
2026-08-26 06:56:44,258 [WARNING] Failed to find tvg-id="tv25" in georgia_channels.m3u
2026-08-26 06:56:44,259 [WARNING] Failed to find tvg-id="tv4rustavi" in georgia_channels.m3u
2026-08-26 06:56:44,259 [WARNING] Failed to find tvg-id="trialeti" in georgia_channels.m3u
2026-08-26 06:56:44,259 [WARNING] Failed to find tvg-id="dardimandi" in georgia_channels.m3u
2026-08-26 06:56:44,259 [WARNING] Failed to find tvg-id="agro" in georgia_channels.m3u
2026-08-26 06:56:44,259 [WARNING] Failed to find tvg-id="samefo" in georgia_channels.m3u
2026-08-26 06:56:44,260 [WARNING] Failed to find tvg-id="postv" in georgia_channels.m3u
2026-08-26 06:56:44,260 [WARNING] Failed to find tvg-id="megatv" in georgia_channels.m3u
2026-08-26 06:56:44,260 [WARNING] Failed to find tvg-id="qartuliarxi" in georgia_channels.m3u
2026-08-26 06:56:44,260 [WARNING] Failed to find tvg-id="musicbox" in georgia_channels.m3u
2026-08-26 06:56:44,261 [WARNING] Failed to find tvg-id="marneuli" in georgia_channels.m3u
2026-08-26 06:56:44,261 [WARNING] Failed to find tvg-id="axaliformula" in georgia_channels.m3u
2026-08-26 06:56:44,261 [WARNING] Failed to find tvg-id="o2" in georgia_channels.m3u
2026-08-26 06:56:44,261 [WARNING] Failed to find tvg-id="guria" in georgia_channels.m3u
2026-08-26 06:56:44,261 [WARNING] Failed to find tvg-id="imervizia" in georgia_channels.m3u
2026-08-26 06:56:44,262 [WARNING] Failed to find tvg-id="diatv" in georgia_channels.m3u
2026-08-26 06:56:44,262 [WARNING] Failed to find tvg-id="chveniarxi" in georgia_channels.m3u
2026-08-26 06:56:44,262 [WARNING] Failed to find tvg-id="batumitv" in georgia_channels.m3u
2026-08-26 06:56:44,262 [WARNING] Failed to find tvg-id="rcheuli" in georgia_channels.m3u
2026-08-26 06:56:44,262 [WARNING] Failed to find tvg-id="gurjaani" in georgia_channels.m3u
2026-08-26 06:56:44,262 [WARNING] Failed to find tvg-id="molitv" in georgia_channels.m3u
2026-08-26 06:56:44,263 [WARNING] Failed to find tvg-id="mexute" in georgia_channels.m3u
2026-08-26 06:56:44,263 [WARNING] Failed to find tvg-id="agrogaremo" in georgia_channels.m3u
2026-08-26 06:56:44,263 [WARNING] Failed to find tvg-id="artv" in georgia_channels.m3u
2026-08-26 06:56:44,263 [WARNING] Failed to find tvg-id="meteo24" in georgia_channels.m3u
2026-08-26 06:56:44,263 [WARNING] Failed to find tvg-id="georgiantimes" in georgia_channels.m3u
2026-08-26 06:56:44,264 [WARNING] Failed to find tvg-id="silkuniversal" in georgia_channels.m3u
2026-08-26 06:56:44,264 [WARNING] Failed to find tvg-id="rugbytv" in georgia_channels.m3u
2026-08-26 06:56:44,264 [WARNING] Failed to find tvg-id="gms" in georgia_channels.m3u
2026-08-26 06:56:44,264 [WARNING] Failed to find tvg-id="aiatv" in georgia_channels.m3u
2026-08-26 06:56:44,264 [WARNING] Failed to find tvg-id="batumi2" in georgia_channels.m3u
2026-08-26 06:56:44,265 [WARNING] Failed to find tvg-id="altinfo" in georgia_channels.m3u
2026-08-26 06:56:44,265 [WARNING] Failed to find tvg-id="parliament" in georgia_channels.m3u
2026-08-26 06:56:44,265 [WARNING] Failed to find tvg-id="egrisi" in georgia_channels.m3u
2026-08-26 06:56:44,265 [WARNING] Failed to find tvg-id="mzetv" in georgia_channels.m3u
2026-08-26 06:56:44,265 [INFO] No file changes were made.
2026-08-26 06:56:44,265 [INFO] === UPDATE EXECUTION FINISHED ===
