2026-08-21 08:43:24,283 [INFO] === UPDATE EXECUTION STARTED ===
2026-08-21 08:43:24,284 [INFO] Fetching Setanta Sports 3 from IPTV-ORG...
2026-08-21 08:43:24,374 [INFO] Launching batch scraper for 44 channels on tv.mar.tv...
2026-08-21 08:43:24,962 [INFO] Scraping rustavi2...
2026-08-21 08:43:30,068 [INFO]  -> Success: https://live8.mar.tv/1/4rd/index.m3u8
2026-08-21 08:43:30,102 [INFO] Scraping maestro...
2026-08-21 08:43:33,386 [INFO]  -> Success: https://live4.mar.tv/1ece3d0267a7e4d7f40b6d7bd97844f284d15a8623fcd508a5c9f37e45fd5a34/352m/index.m3u8
2026-08-21 08:43:33,418 [INFO] Scraping marao...
2026-08-21 08:43:36,700 [INFO]  -> Success: https://live2.mar.tv/1ece3d0267a7e4d7f40b6d7bd97844f284d15a8623fcd508a5c9f37e45fd5a34/12sd/index.m3u8
2026-08-21 08:43:36,732 [INFO] Scraping gds...
2026-08-21 08:43:40,014 [INFO]  -> Success: https://live1.mar.tv/1ece3d0267a7e4d7f40b6d7bd97844f284d15a8623fcd508a5c9f37e45fd5a34/13sd/index.m3u8
2026-08-21 08:43:40,047 [INFO] Scraping comedy...
2026-08-21 08:43:43,331 [INFO]  -> Success: https://live4.mar.tv/1ece3d0267a7e4d7f40b6d7bd97844f284d15a8623fcd508a5c9f37e45fd5a34/14rd/index.m3u8
2026-08-21 08:43:43,361 [INFO] Scraping bbb...
2026-08-21 08:43:46,642 [INFO]  -> Success: https://live2.mar.tv/1ece3d0267a7e4d7f40b6d7bd97844f284d15a8623fcd508a5c9f37e45fd5a34/16sd/index.m3u8
2026-08-21 08:43:46,675 [INFO] Scraping enkibenki...
2026-08-21 08:43:49,956 [INFO]  -> Success: https://live2.mar.tv/1ece3d0267a7e4d7f40b6d7bd97844f284d15a8623fcd508a5c9f37e45fd5a34/17e/index.m3u8
2026-08-21 08:43:49,990 [INFO] Scraping adjaratv...
2026-08-21 08:43:53,272 [INFO]  -> Success: https://live2.mar.tv/1ece3d0267a7e4d7f40b6d7bd97844f284d15a8623fcd508a5c9f37e45fd5a34/19rd/index.m3u8
2026-08-21 08:43:53,304 [INFO] Scraping rionitv...
2026-08-21 08:43:56,585 [INFO]  -> Success: https://live6.mar.tv/1ece3d0267a7e4d7f40b6d7bd97844f284d15a8623fcd508a5c9f37e45fd5a34/20rionn/index.m3u8
2026-08-21 08:43:56,617 [INFO] Scraping tv25...
2026-08-21 08:43:59,907 [INFO]  -> Success: https://live6.mar.tv/1ece3d0267a7e4d7f40b6d7bd97844f284d15a8623fcd508a5c9f37e45fd5a34/23tv25/index.m3u8
2026-08-21 08:43:59,938 [INFO] Scraping tv4rustavi...
2026-08-21 08:44:03,222 [INFO]  -> Success: https://live6.mar.tv/1ece3d0267a7e4d7f40b6d7bd97844f284d15a8623fcd508a5c9f37e45fd5a34/24tw4/index.m3u8
2026-08-21 08:44:03,256 [INFO] Scraping trialeti...
2026-08-21 08:44:06,541 [INFO]  -> Success: https://live6.mar.tv/1ece3d0267a7e4d7f40b6d7bd97844f284d15a8623fcd508a5c9f37e45fd5a34/trialleti/index.m3u8
2026-08-21 08:44:06,573 [INFO] Scraping dardimandi...
2026-08-21 08:44:09,859 [INFO]  -> Success: https://live5.mar.tv/1ece3d0267a7e4d7f40b6d7bd97844f284d15a8623fcd508a5c9f37e45fd5a34/27/index.m3u8
2026-08-21 08:44:09,891 [INFO] Scraping agro...
2026-08-21 08:44:13,175 [INFO]  -> Success: https://live5.mar.tv/1ece3d0267a7e4d7f40b6d7bd97844f284d15a8623fcd508a5c9f37e45fd5a34/28/index.m3u8
2026-08-21 08:44:13,206 [INFO] Scraping samefo...
2026-08-21 08:44:16,491 [INFO]  -> Success: https://live5.mar.tv/1ece3d0267a7e4d7f40b6d7bd97844f284d15a8623fcd508a5c9f37e45fd5a34/29/index.m3u8
2026-08-21 08:44:16,523 [INFO] Scraping postv...
2026-08-21 08:44:19,805 [INFO]  -> Success: https://live6.mar.tv/1ece3d0267a7e4d7f40b6d7bd97844f284d15a8623fcd508a5c9f37e45fd5a34/postvw/index.m3u8
2026-08-21 08:44:19,836 [INFO] Scraping megatv...
2026-08-21 08:44:23,115 [INFO]  -> Success: https://live4.mar.tv/1ece3d0267a7e4d7f40b6d7bd97844f284d15a8623fcd508a5c9f37e45fd5a34/32st/index.m3u8
2026-08-21 08:44:23,147 [INFO] Scraping qartuliarxi...
2026-08-21 08:44:26,429 [INFO]  -> Success: https://live6.mar.tv/1ece3d0267a7e4d7f40b6d7bd97844f284d15a8623fcd508a5c9f37e45fd5a34/qartuli/index.m3u8
2026-08-21 08:44:26,482 [INFO] Scraping musicbox...
2026-08-21 08:44:29,765 [INFO]  -> Success: https://live6.mar.tv/1ece3d0267a7e4d7f40b6d7bd97844f284d15a8623fcd508a5c9f37e45fd5a34/34musge/index.m3u8
2026-08-21 08:44:29,798 [INFO] Scraping marneuli...
2026-08-21 08:44:33,083 [INFO]  -> Success: https://live6.mar.tv/1ece3d0267a7e4d7f40b6d7bd97844f284d15a8623fcd508a5c9f37e45fd5a34/37marn/index.m3u8
2026-08-21 08:44:33,114 [INFO] Scraping axaliformula...
2026-08-21 08:44:36,399 [INFO]  -> Success: https://live6.mar.tv/1ece3d0267a7e4d7f40b6d7bd97844f284d15a8623fcd508a5c9f37e45fd5a34/axaliformla/index.m3u8
2026-08-21 08:44:36,432 [INFO] Scraping o2...
2026-08-21 08:44:39,718 [INFO]  -> Success: https://live5.mar.tv/1ece3d0267a7e4d7f40b6d7bd97844f284d15a8623fcd508a5c9f37e45fd5a34/40/index.m3u8
2026-08-21 08:44:39,748 [INFO] Scraping guria...
2026-08-21 08:44:43,032 [INFO]  -> Success: https://live5.mar.tv/1ece3d0267a7e4d7f40b6d7bd97844f284d15a8623fcd508a5c9f37e45fd5a34/42/index.m3u8
2026-08-21 08:44:43,067 [INFO] Scraping imervizia...
2026-08-21 08:44:46,346 [INFO]  -> Success: https://live6.mar.tv/1ece3d0267a7e4d7f40b6d7bd97844f284d15a8623fcd508a5c9f37e45fd5a34/imervizia/index.m3u8
2026-08-21 08:44:46,378 [INFO] Scraping diatv...
2026-08-21 08:44:49,659 [INFO]  -> Success: https://live4.mar.tv/1ece3d0267a7e4d7f40b6d7bd97844f284d15a8623fcd508a5c9f37e45fd5a34/dia/index.m3u8
2026-08-21 08:44:49,697 [INFO] Scraping chveniarxi...
2026-08-21 08:44:52,978 [INFO]  -> Success: https://live3.mar.tv/1ece3d0267a7e4d7f40b6d7bd97844f284d15a8623fcd508a5c9f37e45fd5a34/45rd/index.m3u8
2026-08-21 08:44:53,009 [INFO] Scraping batumitv...
2026-08-21 08:44:56,292 [INFO]  -> Success: https://live5.mar.tv/1ece3d0267a7e4d7f40b6d7bd97844f284d15a8623fcd508a5c9f37e45fd5a34/46/index.m3u8
2026-08-21 08:44:56,326 [INFO] Scraping rcheuli...
2026-08-21 08:44:59,610 [INFO]  -> Success: https://live5.mar.tv/1ece3d0267a7e4d7f40b6d7bd97844f284d15a8623fcd508a5c9f37e45fd5a34/47/index.m3u8
2026-08-21 08:44:59,644 [INFO] Scraping gurjaani...
2026-08-21 08:45:02,926 [INFO]  -> Success: https://live4.mar.tv/1ece3d0267a7e4d7f40b6d7bd97844f284d15a8623fcd508a5c9f37e45fd5a34/48m/index.m3u8
2026-08-21 08:45:02,960 [INFO] Scraping molitv...
2026-08-21 08:45:06,242 [INFO]  -> Success: https://live6.mar.tv/1ece3d0267a7e4d7f40b6d7bd97844f284d15a8623fcd508a5c9f37e45fd5a34/mollltv/index.m3u8
2026-08-21 08:45:06,275 [INFO] Scraping mexute...
2026-08-21 08:45:09,555 [INFO]  -> Success: https://live6.mar.tv/1ece3d0267a7e4d7f40b6d7bd97844f284d15a8623fcd508a5c9f37e45fd5a34/50/index.m3u8
2026-08-21 08:45:09,588 [INFO] Scraping agrogaremo...
2026-08-21 08:45:12,870 [INFO]  -> Success: https://live6.mar.tv/1ece3d0267a7e4d7f40b6d7bd97844f284d15a8623fcd508a5c9f37e45fd5a34/agrogaremo/index.m3u8
2026-08-21 08:45:12,902 [INFO] Scraping artv...
2026-08-21 08:45:16,186 [INFO]  -> Success: https://live6.mar.tv/1ece3d0267a7e4d7f40b6d7bd97844f284d15a8623fcd508a5c9f37e45fd5a34/tafutv/index.m3u8
2026-08-21 08:45:16,219 [INFO] Scraping meteo24...
2026-08-21 08:45:19,502 [INFO]  -> Success: https://live5.mar.tv/1ece3d0267a7e4d7f40b6d7bd97844f284d15a8623fcd508a5c9f37e45fd5a34/56/index.m3u8
2026-08-21 08:45:19,533 [INFO] Scraping georgiantimes...
2026-08-21 08:45:22,816 [INFO]  -> Success: https://live5.mar.tv/1ece3d0267a7e4d7f40b6d7bd97844f284d15a8623fcd508a5c9f37e45fd5a34/57/index.m3u8
2026-08-21 08:45:22,849 [INFO] Scraping silkuniversal...
2026-08-21 08:45:26,128 [INFO]  -> Success: https://live2.mar.tv/1ece3d0267a7e4d7f40b6d7bd97844f284d15a8623fcd508a5c9f37e45fd5a34/1arxiweb/index.m3u8
2026-08-21 08:45:26,161 [INFO] Scraping rugbytv...
2026-08-21 08:45:29,443 [INFO]  -> Success: https://live4.mar.tv/1ece3d0267a7e4d7f40b6d7bd97844f284d15a8623fcd508a5c9f37e45fd5a34/160m/index.m3u8
2026-08-21 08:45:29,475 [INFO] Scraping gms...
2026-08-21 08:45:32,761 [INFO]  -> Success: https://live5.mar.tv/1ece3d0267a7e4d7f40b6d7bd97844f284d15a8623fcd508a5c9f37e45fd5a34/161/index.m3u8
2026-08-21 08:45:32,793 [INFO] Scraping aiatv...
2026-08-21 08:45:36,079 [INFO]  -> Success: https://live6.mar.tv/1ece3d0267a7e4d7f40b6d7bd97844f284d15a8623fcd508a5c9f37e45fd5a34/aia/index.m3u8
2026-08-21 08:45:36,110 [INFO] Scraping batumi2...
2026-08-21 08:45:39,395 [INFO]  -> Success: https://live6.mar.tv/1ece3d0267a7e4d7f40b6d7bd97844f284d15a8623fcd508a5c9f37e45fd5a34/batumitv2/index.m3u8
2026-08-21 08:45:39,427 [INFO] Scraping altinfo...
2026-08-21 08:45:42,706 [INFO]  -> Success: https://live6.mar.tv/1ece3d0267a7e4d7f40b6d7bd97844f284d15a8623fcd508a5c9f37e45fd5a34/altinfo/index.m3u8
2026-08-21 08:45:42,737 [INFO] Scraping parliament...
2026-08-21 08:45:46,021 [INFO]  -> Success: https://live6.mar.tv/1ece3d0267a7e4d7f40b6d7bd97844f284d15a8623fcd508a5c9f37e45fd5a34/parlament/index.m3u8
2026-08-21 08:45:46,054 [INFO] Scraping egrisi...
2026-08-21 08:45:49,334 [INFO]  -> Success: https://live6.mar.tv/1ece3d0267a7e4d7f40b6d7bd97844f284d15a8623fcd508a5c9f37e45fd5a34/egrisi/index.m3u8
2026-08-21 08:45:49,369 [INFO] Scraping mzetv...
2026-08-21 08:45:52,650 [INFO]  -> Success: https://live6.mar.tv/1ece3d0267a7e4d7f40b6d7bd97844f284d15a8623fcd508a5c9f37e45fd5a34/mze/index.m3u8
2026-08-21 08:45:52,699 [INFO] Updated M3U block for: rustavi2
2026-08-21 08:45:52,699 [INFO] Updated M3U block for: maestro
2026-08-21 08:45:52,699 [INFO] Updated M3U block for: marao
2026-08-21 08:45:52,700 [INFO] Updated M3U block for: gds
2026-08-21 08:45:52,700 [INFO] Updated M3U block for: comedy
2026-08-21 08:45:52,700 [INFO] Updated M3U block for: bbb
2026-08-21 08:45:52,700 [INFO] Updated M3U block for: enkibenki
2026-08-21 08:45:52,701 [INFO] Updated M3U block for: adjaratv
2026-08-21 08:45:52,701 [INFO] Updated M3U block for: rionitv
2026-08-21 08:45:52,701 [INFO] Updated M3U block for: tv25
2026-08-21 08:45:52,701 [INFO] Updated M3U block for: tv4rustavi
2026-08-21 08:45:52,702 [INFO] Updated M3U block for: trialeti
2026-08-21 08:45:52,702 [INFO] Updated M3U block for: dardimandi
2026-08-21 08:45:52,702 [INFO] Updated M3U block for: agro
2026-08-21 08:45:52,703 [INFO] Updated M3U block for: samefo
2026-08-21 08:45:52,703 [INFO] Updated M3U block for: postv
2026-08-21 08:45:52,703 [INFO] Updated M3U block for: megatv
2026-08-21 08:45:52,703 [INFO] Updated M3U block for: qartuliarxi
2026-08-21 08:45:52,704 [INFO] Updated M3U block for: musicbox
2026-08-21 08:45:52,704 [INFO] Updated M3U block for: marneuli
2026-08-21 08:45:52,704 [INFO] Updated M3U block for: axaliformula
2026-08-21 08:45:52,704 [INFO] Updated M3U block for: o2
2026-08-21 08:45:52,705 [INFO] Updated M3U block for: guria
2026-08-21 08:45:52,705 [INFO] Updated M3U block for: imervizia
2026-08-21 08:45:52,705 [INFO] Updated M3U block for: diatv
2026-08-21 08:45:52,706 [INFO] Updated M3U block for: chveniarxi
2026-08-21 08:45:52,706 [INFO] Updated M3U block for: batumitv
2026-08-21 08:45:52,706 [INFO] Updated M3U block for: rcheuli
2026-08-21 08:45:52,706 [INFO] Updated M3U block for: gurjaani
2026-08-21 08:45:52,707 [INFO] Updated M3U block for: molitv
2026-08-21 08:45:52,707 [INFO] Updated M3U block for: mexute
2026-08-21 08:45:52,707 [INFO] Updated M3U block for: agrogaremo
2026-08-21 08:45:52,707 [INFO] Updated M3U block for: artv
2026-08-21 08:45:52,708 [INFO] Updated M3U block for: meteo24
2026-08-21 08:45:52,708 [INFO] Updated M3U block for: georgiantimes
2026-08-21 08:45:52,708 [INFO] Updated M3U block for: silkuniversal
2026-08-21 08:45:52,708 [INFO] Updated M3U block for: rugbytv
2026-08-21 08:45:52,709 [INFO] Updated M3U block for: gms
2026-08-21 08:45:52,709 [INFO] Updated M3U block for: aiatv
2026-08-21 08:45:52,709 [INFO] Updated M3U block for: batumi2
2026-08-21 08:45:52,709 [INFO] Updated M3U block for: altinfo
2026-08-21 08:45:52,710 [INFO] Updated M3U block for: parliament
2026-08-21 08:45:52,710 [INFO] Updated M3U block for: egrisi
2026-08-21 08:45:52,710 [INFO] Updated M3U block for: mzetv
2026-08-21 08:45:52,711 [INFO] Saved changes to georgia_channels.m3u.
2026-08-21 08:45:52,711 [INFO] === UPDATE EXECUTION FINISHED ===
