2026-08-21 13:48:47,359 [INFO] === UPDATE EXECUTION STARTED ===
2026-08-21 13:48:47,359 [INFO] Fetching Setanta Sports 3 from IPTV-ORG...
2026-08-21 13:48:47,493 [INFO] Launching batch scraper for 44 channels on tv.mar.tv...
2026-08-21 13:48:50,968 [INFO] Scraping rustavi2...
2026-08-21 13:48:56,354 [INFO]  -> Success: https://live8.mar.tv/1/4rd/index.m3u8
2026-08-21 13:48:56,384 [INFO] Scraping maestro...
2026-08-21 13:48:59,649 [INFO]  -> Success: https://live4.mar.tv/4d6bb748ef7a868a3fb5ed6ebdf5a558b8a8b8c49c16595426d82f3f572c5b07/352m/index.m3u8
2026-08-21 13:48:59,677 [INFO] Scraping marao...
2026-08-21 13:49:02,939 [INFO]  -> Success: https://live2.mar.tv/4d6bb748ef7a868a3fb5ed6ebdf5a558b8a8b8c49c16595426d82f3f572c5b07/12sd/index.m3u8
2026-08-21 13:49:02,963 [INFO] Scraping gds...
2026-08-21 13:49:06,226 [INFO]  -> Success: https://live1.mar.tv/4d6bb748ef7a868a3fb5ed6ebdf5a558b8a8b8c49c16595426d82f3f572c5b07/13sd/index.m3u8
2026-08-21 13:49:06,254 [INFO] Scraping comedy...
2026-08-21 13:49:09,521 [INFO]  -> Success: https://live4.mar.tv/4d6bb748ef7a868a3fb5ed6ebdf5a558b8a8b8c49c16595426d82f3f572c5b07/14rd/index.m3u8
2026-08-21 13:49:09,546 [INFO] Scraping bbb...
2026-08-21 13:49:12,808 [INFO]  -> Success: https://live2.mar.tv/4d6bb748ef7a868a3fb5ed6ebdf5a558b8a8b8c49c16595426d82f3f572c5b07/16sd/index.m3u8
2026-08-21 13:49:12,835 [INFO] Scraping enkibenki...
2026-08-21 13:49:16,096 [INFO]  -> Success: https://live2.mar.tv/4d6bb748ef7a868a3fb5ed6ebdf5a558b8a8b8c49c16595426d82f3f572c5b07/17e/index.m3u8
2026-08-21 13:49:16,122 [INFO] Scraping adjaratv...
2026-08-21 13:49:19,386 [INFO]  -> Success: https://live2.mar.tv/4d6bb748ef7a868a3fb5ed6ebdf5a558b8a8b8c49c16595426d82f3f572c5b07/19rd/index.m3u8
2026-08-21 13:49:19,414 [INFO] Scraping rionitv...
2026-08-21 13:49:22,678 [INFO]  -> Success: https://live6.mar.tv/4d6bb748ef7a868a3fb5ed6ebdf5a558b8a8b8c49c16595426d82f3f572c5b07/20rionn/index.m3u8
2026-08-21 13:49:22,744 [INFO] Scraping tv25...
2026-08-21 13:49:26,007 [INFO]  -> Success: https://live6.mar.tv/4d6bb748ef7a868a3fb5ed6ebdf5a558b8a8b8c49c16595426d82f3f572c5b07/23tv25/index.m3u8
2026-08-21 13:49:26,035 [INFO] Scraping tv4rustavi...
2026-08-21 13:49:29,296 [INFO]  -> Success: https://live6.mar.tv/4d6bb748ef7a868a3fb5ed6ebdf5a558b8a8b8c49c16595426d82f3f572c5b07/24tw4/index.m3u8
2026-08-21 13:49:29,321 [INFO] Scraping trialeti...
2026-08-21 13:49:32,582 [INFO]  -> Success: https://live6.mar.tv/4d6bb748ef7a868a3fb5ed6ebdf5a558b8a8b8c49c16595426d82f3f572c5b07/trialleti/index.m3u8
2026-08-21 13:49:32,609 [INFO] Scraping dardimandi...
2026-08-21 13:49:35,869 [INFO]  -> Success: https://live5.mar.tv/4d6bb748ef7a868a3fb5ed6ebdf5a558b8a8b8c49c16595426d82f3f572c5b07/27/index.m3u8
2026-08-21 13:49:35,896 [INFO] Scraping agro...
2026-08-21 13:49:39,159 [INFO]  -> Success: https://live5.mar.tv/4d6bb748ef7a868a3fb5ed6ebdf5a558b8a8b8c49c16595426d82f3f572c5b07/28/index.m3u8
2026-08-21 13:49:39,184 [INFO] Scraping samefo...
2026-08-21 13:49:42,444 [INFO]  -> Success: https://live5.mar.tv/4d6bb748ef7a868a3fb5ed6ebdf5a558b8a8b8c49c16595426d82f3f572c5b07/29/index.m3u8
2026-08-21 13:49:42,469 [INFO] Scraping postv...
2026-08-21 13:49:45,750 [INFO]  -> Success: https://live6.mar.tv/4d6bb748ef7a868a3fb5ed6ebdf5a558b8a8b8c49c16595426d82f3f572c5b07/postvw/index.m3u8
2026-08-21 13:49:45,778 [INFO] Scraping megatv...
2026-08-21 13:49:49,041 [INFO]  -> Success: https://live4.mar.tv/4d6bb748ef7a868a3fb5ed6ebdf5a558b8a8b8c49c16595426d82f3f572c5b07/32st/index.m3u8
2026-08-21 13:49:49,068 [INFO] Scraping qartuliarxi...
2026-08-21 13:49:52,339 [INFO]  -> Success: https://live6.mar.tv/4d6bb748ef7a868a3fb5ed6ebdf5a558b8a8b8c49c16595426d82f3f572c5b07/qartuli/index.m3u8
2026-08-21 13:49:52,365 [INFO] Scraping musicbox...
2026-08-21 13:49:55,627 [INFO]  -> Success: https://live6.mar.tv/4d6bb748ef7a868a3fb5ed6ebdf5a558b8a8b8c49c16595426d82f3f572c5b07/34musge/index.m3u8
2026-08-21 13:49:55,657 [INFO] Scraping marneuli...
2026-08-21 13:49:58,921 [INFO]  -> Success: https://live6.mar.tv/4d6bb748ef7a868a3fb5ed6ebdf5a558b8a8b8c49c16595426d82f3f572c5b07/37marn/index.m3u8
2026-08-21 13:49:58,946 [INFO] Scraping axaliformula...
2026-08-21 13:50:02,208 [INFO]  -> Success: https://live6.mar.tv/4d6bb748ef7a868a3fb5ed6ebdf5a558b8a8b8c49c16595426d82f3f572c5b07/axaliformla/index.m3u8
2026-08-21 13:50:02,232 [INFO] Scraping o2...
2026-08-21 13:50:05,498 [INFO]  -> Success: https://live5.mar.tv/4d6bb748ef7a868a3fb5ed6ebdf5a558b8a8b8c49c16595426d82f3f572c5b07/40/index.m3u8
2026-08-21 13:50:05,526 [INFO] Scraping guria...
2026-08-21 13:50:08,788 [INFO]  -> Success: https://live5.mar.tv/4d6bb748ef7a868a3fb5ed6ebdf5a558b8a8b8c49c16595426d82f3f572c5b07/42/index.m3u8
2026-08-21 13:50:08,813 [INFO] Scraping imervizia...
2026-08-21 13:50:12,078 [INFO]  -> Success: https://live6.mar.tv/4d6bb748ef7a868a3fb5ed6ebdf5a558b8a8b8c49c16595426d82f3f572c5b07/imervizia/index.m3u8
2026-08-21 13:50:12,107 [INFO] Scraping diatv...
2026-08-21 13:50:15,374 [INFO]  -> Success: https://live4.mar.tv/4d6bb748ef7a868a3fb5ed6ebdf5a558b8a8b8c49c16595426d82f3f572c5b07/dia/index.m3u8
2026-08-21 13:50:15,400 [INFO] Scraping chveniarxi...
2026-08-21 13:50:18,661 [INFO]  -> Success: https://live3.mar.tv/4d6bb748ef7a868a3fb5ed6ebdf5a558b8a8b8c49c16595426d82f3f572c5b07/45rd/index.m3u8
2026-08-21 13:50:18,690 [INFO] Scraping batumitv...
2026-08-21 13:50:21,979 [INFO]  -> Success: https://live5.mar.tv/4d6bb748ef7a868a3fb5ed6ebdf5a558b8a8b8c49c16595426d82f3f572c5b07/46/index.m3u8
2026-08-21 13:50:22,004 [INFO] Scraping rcheuli...
2026-08-21 13:50:25,268 [INFO]  -> Success: https://live5.mar.tv/4d6bb748ef7a868a3fb5ed6ebdf5a558b8a8b8c49c16595426d82f3f572c5b07/47/index.m3u8
2026-08-21 13:50:25,294 [INFO] Scraping gurjaani...
2026-08-21 13:50:28,571 [INFO]  -> Success: https://live4.mar.tv/4d6bb748ef7a868a3fb5ed6ebdf5a558b8a8b8c49c16595426d82f3f572c5b07/48m/index.m3u8
2026-08-21 13:50:28,596 [INFO] Scraping molitv...
2026-08-21 13:50:31,856 [INFO]  -> Success: https://live6.mar.tv/4d6bb748ef7a868a3fb5ed6ebdf5a558b8a8b8c49c16595426d82f3f572c5b07/mollltv/index.m3u8
2026-08-21 13:50:31,885 [INFO] Scraping mexute...
2026-08-21 13:50:35,147 [INFO]  -> Success: https://live6.mar.tv/4d6bb748ef7a868a3fb5ed6ebdf5a558b8a8b8c49c16595426d82f3f572c5b07/50/index.m3u8
2026-08-21 13:50:35,172 [INFO] Scraping agrogaremo...
2026-08-21 13:50:38,434 [INFO]  -> Success: https://live6.mar.tv/4d6bb748ef7a868a3fb5ed6ebdf5a558b8a8b8c49c16595426d82f3f572c5b07/agrogaremo/index.m3u8
2026-08-21 13:50:38,458 [INFO] Scraping artv...
2026-08-21 13:50:41,721 [INFO]  -> Success: https://live6.mar.tv/4d6bb748ef7a868a3fb5ed6ebdf5a558b8a8b8c49c16595426d82f3f572c5b07/tafutv/index.m3u8
2026-08-21 13:50:41,746 [INFO] Scraping meteo24...
2026-08-21 13:50:45,005 [INFO]  -> Success: https://live5.mar.tv/4d6bb748ef7a868a3fb5ed6ebdf5a558b8a8b8c49c16595426d82f3f572c5b07/56/index.m3u8
2026-08-21 13:50:45,035 [INFO] Scraping georgiantimes...
2026-08-21 13:50:48,310 [INFO]  -> Success: https://live5.mar.tv/4d6bb748ef7a868a3fb5ed6ebdf5a558b8a8b8c49c16595426d82f3f572c5b07/57/index.m3u8
2026-08-21 13:50:48,337 [INFO] Scraping silkuniversal...
2026-08-21 13:50:51,595 [INFO]  -> Success: https://live2.mar.tv/4d6bb748ef7a868a3fb5ed6ebdf5a558b8a8b8c49c16595426d82f3f572c5b07/1arxiweb/index.m3u8
2026-08-21 13:50:51,620 [INFO] Scraping rugbytv...
2026-08-21 13:50:54,881 [INFO]  -> Success: https://live4.mar.tv/4d6bb748ef7a868a3fb5ed6ebdf5a558b8a8b8c49c16595426d82f3f572c5b07/160m/index.m3u8
2026-08-21 13:50:54,906 [INFO] Scraping gms...
2026-08-21 13:50:58,184 [INFO]  -> Success: https://live5.mar.tv/4d6bb748ef7a868a3fb5ed6ebdf5a558b8a8b8c49c16595426d82f3f572c5b07/161/index.m3u8
2026-08-21 13:50:58,210 [INFO] Scraping aiatv...
2026-08-21 13:51:01,475 [INFO]  -> Success: https://live6.mar.tv/4d6bb748ef7a868a3fb5ed6ebdf5a558b8a8b8c49c16595426d82f3f572c5b07/aia/index.m3u8
2026-08-21 13:51:01,503 [INFO] Scraping batumi2...
2026-08-21 13:51:04,775 [INFO]  -> Success: https://live6.mar.tv/4d6bb748ef7a868a3fb5ed6ebdf5a558b8a8b8c49c16595426d82f3f572c5b07/batumitv2/index.m3u8
2026-08-21 13:51:04,799 [INFO] Scraping altinfo...
2026-08-21 13:51:08,061 [INFO]  -> Success: https://live6.mar.tv/4d6bb748ef7a868a3fb5ed6ebdf5a558b8a8b8c49c16595426d82f3f572c5b07/altinfo/index.m3u8
2026-08-21 13:51:08,088 [INFO] Scraping parliament...
2026-08-21 13:51:11,352 [INFO]  -> Success: https://live6.mar.tv/4d6bb748ef7a868a3fb5ed6ebdf5a558b8a8b8c49c16595426d82f3f572c5b07/parlament/index.m3u8
2026-08-21 13:51:11,377 [INFO] Scraping egrisi...
2026-08-21 13:51:14,641 [INFO]  -> Success: https://live6.mar.tv/4d6bb748ef7a868a3fb5ed6ebdf5a558b8a8b8c49c16595426d82f3f572c5b07/egrisi/index.m3u8
2026-08-21 13:51:14,667 [INFO] Scraping mzetv...
2026-08-21 13:51:17,936 [INFO]  -> Success: https://live6.mar.tv/4d6bb748ef7a868a3fb5ed6ebdf5a558b8a8b8c49c16595426d82f3f572c5b07/mze/index.m3u8
2026-08-21 13:51:17,969 [WARNING] Failed to find tvg-id="rustavi2" in georgia_channels.m3u
2026-08-21 13:51:17,969 [WARNING] Failed to find tvg-id="maestro" in georgia_channels.m3u
2026-08-21 13:51:17,969 [WARNING] Failed to find tvg-id="marao" in georgia_channels.m3u
2026-08-21 13:51:17,969 [WARNING] Failed to find tvg-id="gds" in georgia_channels.m3u
2026-08-21 13:51:17,969 [WARNING] Failed to find tvg-id="comedy" in georgia_channels.m3u
2026-08-21 13:51:17,969 [WARNING] Failed to find tvg-id="bbb" in georgia_channels.m3u
2026-08-21 13:51:17,969 [WARNING] Failed to find tvg-id="enkibenki" in georgia_channels.m3u
2026-08-21 13:51:17,969 [WARNING] Failed to find tvg-id="adjaratv" in georgia_channels.m3u
2026-08-21 13:51:17,970 [WARNING] Failed to find tvg-id="rionitv" in georgia_channels.m3u
2026-08-21 13:51:17,970 [WARNING] Failed to find tvg-id="tv25" in georgia_channels.m3u
2026-08-21 13:51:17,970 [WARNING] Failed to find tvg-id="tv4rustavi" in georgia_channels.m3u
2026-08-21 13:51:17,970 [WARNING] Failed to find tvg-id="trialeti" in georgia_channels.m3u
2026-08-21 13:51:17,970 [WARNING] Failed to find tvg-id="dardimandi" in georgia_channels.m3u
2026-08-21 13:51:17,970 [WARNING] Failed to find tvg-id="agro" in georgia_channels.m3u
2026-08-21 13:51:17,970 [WARNING] Failed to find tvg-id="samefo" in georgia_channels.m3u
2026-08-21 13:51:17,970 [WARNING] Failed to find tvg-id="postv" in georgia_channels.m3u
2026-08-21 13:51:17,970 [WARNING] Failed to find tvg-id="megatv" in georgia_channels.m3u
2026-08-21 13:51:17,971 [WARNING] Failed to find tvg-id="qartuliarxi" in georgia_channels.m3u
2026-08-21 13:51:17,971 [WARNING] Failed to find tvg-id="musicbox" in georgia_channels.m3u
2026-08-21 13:51:17,971 [WARNING] Failed to find tvg-id="marneuli" in georgia_channels.m3u
2026-08-21 13:51:17,971 [WARNING] Failed to find tvg-id="axaliformula" in georgia_channels.m3u
2026-08-21 13:51:17,971 [WARNING] Failed to find tvg-id="o2" in georgia_channels.m3u
2026-08-21 13:51:17,971 [WARNING] Failed to find tvg-id="guria" in georgia_channels.m3u
2026-08-21 13:51:17,971 [WARNING] Failed to find tvg-id="imervizia" in georgia_channels.m3u
2026-08-21 13:51:17,971 [WARNING] Failed to find tvg-id="diatv" in georgia_channels.m3u
2026-08-21 13:51:17,971 [WARNING] Failed to find tvg-id="chveniarxi" in georgia_channels.m3u
2026-08-21 13:51:17,971 [WARNING] Failed to find tvg-id="batumitv" in georgia_channels.m3u
2026-08-21 13:51:17,972 [WARNING] Failed to find tvg-id="rcheuli" in georgia_channels.m3u
2026-08-21 13:51:17,972 [WARNING] Failed to find tvg-id="gurjaani" in georgia_channels.m3u
2026-08-21 13:51:17,972 [WARNING] Failed to find tvg-id="molitv" in georgia_channels.m3u
2026-08-21 13:51:17,972 [WARNING] Failed to find tvg-id="mexute" in georgia_channels.m3u
2026-08-21 13:51:17,972 [WARNING] Failed to find tvg-id="agrogaremo" in georgia_channels.m3u
2026-08-21 13:51:17,972 [WARNING] Failed to find tvg-id="artv" in georgia_channels.m3u
2026-08-21 13:51:17,972 [WARNING] Failed to find tvg-id="meteo24" in georgia_channels.m3u
2026-08-21 13:51:17,972 [WARNING] Failed to find tvg-id="georgiantimes" in georgia_channels.m3u
2026-08-21 13:51:17,972 [WARNING] Failed to find tvg-id="silkuniversal" in georgia_channels.m3u
2026-08-21 13:51:17,973 [WARNING] Failed to find tvg-id="rugbytv" in georgia_channels.m3u
2026-08-21 13:51:17,973 [WARNING] Failed to find tvg-id="gms" in georgia_channels.m3u
2026-08-21 13:51:17,973 [WARNING] Failed to find tvg-id="aiatv" in georgia_channels.m3u
2026-08-21 13:51:17,973 [WARNING] Failed to find tvg-id="batumi2" in georgia_channels.m3u
2026-08-21 13:51:17,973 [WARNING] Failed to find tvg-id="altinfo" in georgia_channels.m3u
2026-08-21 13:51:17,973 [WARNING] Failed to find tvg-id="parliament" in georgia_channels.m3u
2026-08-21 13:51:17,973 [WARNING] Failed to find tvg-id="egrisi" in georgia_channels.m3u
2026-08-21 13:51:17,973 [WARNING] Failed to find tvg-id="mzetv" in georgia_channels.m3u
2026-08-21 13:51:17,973 [INFO] No file changes were made.
2026-08-21 13:51:17,973 [INFO] === UPDATE EXECUTION FINISHED ===
