2026-08-25 23:27:25,331 [INFO] === UPDATE EXECUTION STARTED ===
2026-08-25 23:27:25,331 [INFO] Fetching Setanta Sports 3 from IPTV-ORG...
2026-08-25 23:27:25,464 [INFO] Launching batch scraper for 44 channels on tv.mar.tv...
2026-08-25 23:27:26,058 [INFO] Scraping rustavi2...
2026-08-25 23:27:31,738 [INFO]  -> Success: https://live8.mar.tv/1/4rd/index.m3u8
2026-08-25 23:27:31,775 [INFO] Scraping maestro...
2026-08-25 23:27:35,109 [INFO]  -> Success: https://live4.mar.tv/814780cf74cc829b00d147eed1f5a5e173f35585b0e6ab5a9457c6589a73a76b/352m/index.m3u8
2026-08-25 23:27:35,142 [INFO] Scraping marao...
2026-08-25 23:27:38,478 [INFO]  -> Success: https://live2.mar.tv/814780cf74cc829b00d147eed1f5a5e173f35585b0e6ab5a9457c6589a73a76b/12sd/index.m3u8
2026-08-25 23:27:38,515 [INFO] Scraping gds...
2026-08-25 23:27:41,851 [INFO]  -> Success: https://live1.mar.tv/814780cf74cc829b00d147eed1f5a5e173f35585b0e6ab5a9457c6589a73a76b/13sd/index.m3u8
2026-08-25 23:27:41,888 [INFO] Scraping comedy...
2026-08-25 23:27:45,229 [INFO]  -> Success: https://live4.mar.tv/814780cf74cc829b00d147eed1f5a5e173f35585b0e6ab5a9457c6589a73a76b/14rd/index.m3u8
2026-08-25 23:27:45,263 [INFO] Scraping bbb...
2026-08-25 23:27:48,602 [INFO]  -> Success: https://live2.mar.tv/814780cf74cc829b00d147eed1f5a5e173f35585b0e6ab5a9457c6589a73a76b/16sd/index.m3u8
2026-08-25 23:27:48,636 [INFO] Scraping enkibenki...
2026-08-25 23:27:51,977 [INFO]  -> Success: https://live2.mar.tv/814780cf74cc829b00d147eed1f5a5e173f35585b0e6ab5a9457c6589a73a76b/17e/index.m3u8
2026-08-25 23:27:52,009 [INFO] Scraping adjaratv...
2026-08-25 23:27:55,351 [INFO]  -> Success: https://live2.mar.tv/814780cf74cc829b00d147eed1f5a5e173f35585b0e6ab5a9457c6589a73a76b/19rd/index.m3u8
2026-08-25 23:27:55,389 [INFO] Scraping rionitv...
2026-08-25 23:27:58,723 [INFO]  -> Success: https://live6.mar.tv/814780cf74cc829b00d147eed1f5a5e173f35585b0e6ab5a9457c6589a73a76b/20rionn/index.m3u8
2026-08-25 23:27:58,754 [INFO] Scraping tv25...
2026-08-25 23:28:02,091 [INFO]  -> Success: https://live6.mar.tv/814780cf74cc829b00d147eed1f5a5e173f35585b0e6ab5a9457c6589a73a76b/23tv25/index.m3u8
2026-08-25 23:28:02,122 [INFO] Scraping tv4rustavi...
2026-08-25 23:28:05,458 [INFO]  -> Success: https://live6.mar.tv/814780cf74cc829b00d147eed1f5a5e173f35585b0e6ab5a9457c6589a73a76b/24tw4/index.m3u8
2026-08-25 23:28:05,499 [INFO] Scraping trialeti...
2026-08-25 23:28:08,832 [INFO]  -> Success: https://live6.mar.tv/814780cf74cc829b00d147eed1f5a5e173f35585b0e6ab5a9457c6589a73a76b/trialleti/index.m3u8
2026-08-25 23:28:08,867 [INFO] Scraping dardimandi...
2026-08-25 23:28:12,201 [INFO]  -> Success: https://live5.mar.tv/814780cf74cc829b00d147eed1f5a5e173f35585b0e6ab5a9457c6589a73a76b/27/index.m3u8
2026-08-25 23:28:12,236 [INFO] Scraping agro...
2026-08-25 23:28:15,569 [INFO]  -> Success: https://live5.mar.tv/814780cf74cc829b00d147eed1f5a5e173f35585b0e6ab5a9457c6589a73a76b/28/index.m3u8
2026-08-25 23:28:15,602 [INFO] Scraping samefo...
2026-08-25 23:28:18,938 [INFO]  -> Success: https://live5.mar.tv/814780cf74cc829b00d147eed1f5a5e173f35585b0e6ab5a9457c6589a73a76b/29/index.m3u8
2026-08-25 23:28:18,970 [INFO] Scraping postv...
2026-08-25 23:28:22,312 [INFO]  -> Success: https://live6.mar.tv/814780cf74cc829b00d147eed1f5a5e173f35585b0e6ab5a9457c6589a73a76b/postvw/index.m3u8
2026-08-25 23:28:22,346 [INFO] Scraping megatv...
2026-08-25 23:28:25,689 [INFO]  -> Success: https://live4.mar.tv/814780cf74cc829b00d147eed1f5a5e173f35585b0e6ab5a9457c6589a73a76b/32st/index.m3u8
2026-08-25 23:28:25,720 [INFO] Scraping qartuliarxi...
2026-08-25 23:28:29,071 [INFO]  -> Success: https://live6.mar.tv/814780cf74cc829b00d147eed1f5a5e173f35585b0e6ab5a9457c6589a73a76b/qartuli/index.m3u8
2026-08-25 23:28:29,106 [INFO] Scraping musicbox...
2026-08-25 23:28:32,441 [INFO]  -> Success: https://live6.mar.tv/814780cf74cc829b00d147eed1f5a5e173f35585b0e6ab5a9457c6589a73a76b/34musge/index.m3u8
2026-08-25 23:28:32,473 [INFO] Scraping marneuli...
2026-08-25 23:28:35,814 [INFO]  -> Success: https://live6.mar.tv/814780cf74cc829b00d147eed1f5a5e173f35585b0e6ab5a9457c6589a73a76b/37marn/index.m3u8
2026-08-25 23:28:35,847 [INFO] Scraping axaliformula...
2026-08-25 23:28:39,185 [INFO]  -> Success: https://live6.mar.tv/814780cf74cc829b00d147eed1f5a5e173f35585b0e6ab5a9457c6589a73a76b/axaliformla/index.m3u8
2026-08-25 23:28:39,222 [INFO] Scraping o2...
2026-08-25 23:28:42,558 [INFO]  -> Success: https://live5.mar.tv/814780cf74cc829b00d147eed1f5a5e173f35585b0e6ab5a9457c6589a73a76b/40/index.m3u8
2026-08-25 23:28:42,593 [INFO] Scraping guria...
2026-08-25 23:28:45,931 [INFO]  -> Success: https://live5.mar.tv/814780cf74cc829b00d147eed1f5a5e173f35585b0e6ab5a9457c6589a73a76b/42/index.m3u8
2026-08-25 23:28:45,967 [INFO] Scraping imervizia...
2026-08-25 23:28:49,304 [INFO]  -> Success: https://live6.mar.tv/814780cf74cc829b00d147eed1f5a5e173f35585b0e6ab5a9457c6589a73a76b/imervizia/index.m3u8
2026-08-25 23:28:49,337 [INFO] Scraping diatv...
2026-08-25 23:28:52,675 [INFO]  -> Success: https://live4.mar.tv/814780cf74cc829b00d147eed1f5a5e173f35585b0e6ab5a9457c6589a73a76b/dia/index.m3u8
2026-08-25 23:28:52,708 [INFO] Scraping chveniarxi...
2026-08-25 23:28:56,049 [INFO]  -> Success: https://live3.mar.tv/814780cf74cc829b00d147eed1f5a5e173f35585b0e6ab5a9457c6589a73a76b/45rd/index.m3u8
2026-08-25 23:28:56,080 [INFO] Scraping batumitv...
2026-08-25 23:28:59,423 [INFO]  -> Success: https://live5.mar.tv/814780cf74cc829b00d147eed1f5a5e173f35585b0e6ab5a9457c6589a73a76b/46/index.m3u8
2026-08-25 23:28:59,464 [INFO] Scraping rcheuli...
2026-08-25 23:29:02,811 [INFO]  -> Success: https://live5.mar.tv/814780cf74cc829b00d147eed1f5a5e173f35585b0e6ab5a9457c6589a73a76b/47/index.m3u8
2026-08-25 23:29:02,845 [INFO] Scraping gurjaani...
2026-08-25 23:29:06,183 [INFO]  -> Success: https://live4.mar.tv/814780cf74cc829b00d147eed1f5a5e173f35585b0e6ab5a9457c6589a73a76b/48m/index.m3u8
2026-08-25 23:29:06,217 [INFO] Scraping molitv...
2026-08-25 23:29:09,559 [INFO]  -> Success: https://live6.mar.tv/814780cf74cc829b00d147eed1f5a5e173f35585b0e6ab5a9457c6589a73a76b/mollltv/index.m3u8
2026-08-25 23:29:09,592 [INFO] Scraping mexute...
2026-08-25 23:29:12,930 [INFO]  -> Success: https://live6.mar.tv/814780cf74cc829b00d147eed1f5a5e173f35585b0e6ab5a9457c6589a73a76b/50/index.m3u8
2026-08-25 23:29:12,962 [INFO] Scraping agrogaremo...
2026-08-25 23:29:16,299 [INFO]  -> Success: https://live6.mar.tv/814780cf74cc829b00d147eed1f5a5e173f35585b0e6ab5a9457c6589a73a76b/agrogaremo/index.m3u8
2026-08-25 23:29:16,333 [INFO] Scraping artv...
2026-08-25 23:29:19,670 [INFO]  -> Success: https://live6.mar.tv/814780cf74cc829b00d147eed1f5a5e173f35585b0e6ab5a9457c6589a73a76b/tafutv/index.m3u8
2026-08-25 23:29:19,702 [INFO] Scraping meteo24...
2026-08-25 23:29:23,038 [INFO]  -> Success: https://live5.mar.tv/814780cf74cc829b00d147eed1f5a5e173f35585b0e6ab5a9457c6589a73a76b/56/index.m3u8
2026-08-25 23:29:23,074 [INFO] Scraping georgiantimes...
2026-08-25 23:29:26,413 [INFO]  -> Success: https://live5.mar.tv/814780cf74cc829b00d147eed1f5a5e173f35585b0e6ab5a9457c6589a73a76b/57/index.m3u8
2026-08-25 23:29:26,449 [INFO] Scraping silkuniversal...
2026-08-25 23:29:29,790 [INFO]  -> Success: https://live2.mar.tv/814780cf74cc829b00d147eed1f5a5e173f35585b0e6ab5a9457c6589a73a76b/1arxiweb/index.m3u8
2026-08-25 23:29:29,823 [INFO] Scraping rugbytv...
2026-08-25 23:29:33,160 [INFO]  -> Success: https://live4.mar.tv/814780cf74cc829b00d147eed1f5a5e173f35585b0e6ab5a9457c6589a73a76b/160m/index.m3u8
2026-08-25 23:29:33,194 [INFO] Scraping gms...
2026-08-25 23:29:36,526 [INFO]  -> Success: https://live5.mar.tv/814780cf74cc829b00d147eed1f5a5e173f35585b0e6ab5a9457c6589a73a76b/161/index.m3u8
2026-08-25 23:29:36,561 [INFO] Scraping aiatv...
2026-08-25 23:29:39,898 [INFO]  -> Success: https://live6.mar.tv/814780cf74cc829b00d147eed1f5a5e173f35585b0e6ab5a9457c6589a73a76b/aia/index.m3u8
2026-08-25 23:29:39,932 [INFO] Scraping batumi2...
2026-08-25 23:29:43,270 [INFO]  -> Success: https://live6.mar.tv/814780cf74cc829b00d147eed1f5a5e173f35585b0e6ab5a9457c6589a73a76b/batumitv2/index.m3u8
2026-08-25 23:29:43,306 [INFO] Scraping altinfo...
2026-08-25 23:29:46,644 [INFO]  -> Success: https://live6.mar.tv/814780cf74cc829b00d147eed1f5a5e173f35585b0e6ab5a9457c6589a73a76b/altinfo/index.m3u8
2026-08-25 23:29:46,677 [INFO] Scraping parliament...
2026-08-25 23:29:50,014 [INFO]  -> Success: https://live6.mar.tv/814780cf74cc829b00d147eed1f5a5e173f35585b0e6ab5a9457c6589a73a76b/parlament/index.m3u8
2026-08-25 23:29:50,046 [INFO] Scraping egrisi...
2026-08-25 23:29:53,384 [INFO]  -> Success: https://live6.mar.tv/814780cf74cc829b00d147eed1f5a5e173f35585b0e6ab5a9457c6589a73a76b/egrisi/index.m3u8
2026-08-25 23:29:53,418 [INFO] Scraping mzetv...
2026-08-25 23:29:56,758 [INFO]  -> Success: https://live6.mar.tv/814780cf74cc829b00d147eed1f5a5e173f35585b0e6ab5a9457c6589a73a76b/mze/index.m3u8
2026-08-25 23:29:56,815 [WARNING] Failed to find tvg-id="rustavi2" in georgia_channels.m3u
2026-08-25 23:29:56,815 [WARNING] Failed to find tvg-id="maestro" in georgia_channels.m3u
2026-08-25 23:29:56,816 [WARNING] Failed to find tvg-id="marao" in georgia_channels.m3u
2026-08-25 23:29:56,816 [WARNING] Failed to find tvg-id="gds" in georgia_channels.m3u
2026-08-25 23:29:56,816 [WARNING] Failed to find tvg-id="comedy" in georgia_channels.m3u
2026-08-25 23:29:56,816 [WARNING] Failed to find tvg-id="bbb" in georgia_channels.m3u
2026-08-25 23:29:56,816 [WARNING] Failed to find tvg-id="enkibenki" in georgia_channels.m3u
2026-08-25 23:29:56,817 [WARNING] Failed to find tvg-id="adjaratv" in georgia_channels.m3u
2026-08-25 23:29:56,817 [WARNING] Failed to find tvg-id="rionitv" in georgia_channels.m3u
2026-08-25 23:29:56,817 [WARNING] Failed to find tvg-id="tv25" in georgia_channels.m3u
2026-08-25 23:29:56,817 [WARNING] Failed to find tvg-id="tv4rustavi" in georgia_channels.m3u
2026-08-25 23:29:56,817 [WARNING] Failed to find tvg-id="trialeti" in georgia_channels.m3u
2026-08-25 23:29:56,818 [WARNING] Failed to find tvg-id="dardimandi" in georgia_channels.m3u
2026-08-25 23:29:56,818 [WARNING] Failed to find tvg-id="agro" in georgia_channels.m3u
2026-08-25 23:29:56,818 [WARNING] Failed to find tvg-id="samefo" in georgia_channels.m3u
2026-08-25 23:29:56,818 [WARNING] Failed to find tvg-id="postv" in georgia_channels.m3u
2026-08-25 23:29:56,818 [WARNING] Failed to find tvg-id="megatv" in georgia_channels.m3u
2026-08-25 23:29:56,819 [WARNING] Failed to find tvg-id="qartuliarxi" in georgia_channels.m3u
2026-08-25 23:29:56,819 [WARNING] Failed to find tvg-id="musicbox" in georgia_channels.m3u
2026-08-25 23:29:56,819 [WARNING] Failed to find tvg-id="marneuli" in georgia_channels.m3u
2026-08-25 23:29:56,819 [WARNING] Failed to find tvg-id="axaliformula" in georgia_channels.m3u
2026-08-25 23:29:56,819 [WARNING] Failed to find tvg-id="o2" in georgia_channels.m3u
2026-08-25 23:29:56,820 [WARNING] Failed to find tvg-id="guria" in georgia_channels.m3u
2026-08-25 23:29:56,820 [WARNING] Failed to find tvg-id="imervizia" in georgia_channels.m3u
2026-08-25 23:29:56,820 [WARNING] Failed to find tvg-id="diatv" in georgia_channels.m3u
2026-08-25 23:29:56,820 [WARNING] Failed to find tvg-id="chveniarxi" in georgia_channels.m3u
2026-08-25 23:29:56,820 [WARNING] Failed to find tvg-id="batumitv" in georgia_channels.m3u
2026-08-25 23:29:56,820 [WARNING] Failed to find tvg-id="rcheuli" in georgia_channels.m3u
2026-08-25 23:29:56,821 [WARNING] Failed to find tvg-id="gurjaani" in georgia_channels.m3u
2026-08-25 23:29:56,821 [WARNING] Failed to find tvg-id="molitv" in georgia_channels.m3u
2026-08-25 23:29:56,821 [WARNING] Failed to find tvg-id="mexute" in georgia_channels.m3u
2026-08-25 23:29:56,821 [WARNING] Failed to find tvg-id="agrogaremo" in georgia_channels.m3u
2026-08-25 23:29:56,821 [WARNING] Failed to find tvg-id="artv" in georgia_channels.m3u
2026-08-25 23:29:56,822 [WARNING] Failed to find tvg-id="meteo24" in georgia_channels.m3u
2026-08-25 23:29:56,822 [WARNING] Failed to find tvg-id="georgiantimes" in georgia_channels.m3u
2026-08-25 23:29:56,822 [WARNING] Failed to find tvg-id="silkuniversal" in georgia_channels.m3u
2026-08-25 23:29:56,822 [WARNING] Failed to find tvg-id="rugbytv" in georgia_channels.m3u
2026-08-25 23:29:56,822 [WARNING] Failed to find tvg-id="gms" in georgia_channels.m3u
2026-08-25 23:29:56,823 [WARNING] Failed to find tvg-id="aiatv" in georgia_channels.m3u
2026-08-25 23:29:56,823 [WARNING] Failed to find tvg-id="batumi2" in georgia_channels.m3u
2026-08-25 23:29:56,823 [WARNING] Failed to find tvg-id="altinfo" in georgia_channels.m3u
2026-08-25 23:29:56,823 [WARNING] Failed to find tvg-id="parliament" in georgia_channels.m3u
2026-08-25 23:29:56,823 [WARNING] Failed to find tvg-id="egrisi" in georgia_channels.m3u
2026-08-25 23:29:56,823 [WARNING] Failed to find tvg-id="mzetv" in georgia_channels.m3u
2026-08-25 23:29:56,824 [INFO] No file changes were made.
2026-08-25 23:29:56,824 [INFO] === UPDATE EXECUTION FINISHED ===
