2026-08-22 08:33:36,933 [INFO] === UPDATE EXECUTION STARTED ===
2026-08-22 08:33:36,933 [INFO] Fetching Setanta Sports 3 from IPTV-ORG...
2026-08-22 08:33:37,056 [INFO] Launching batch scraper for 44 channels on tv.mar.tv...
2026-08-22 08:33:37,676 [INFO] Scraping rustavi2...
2026-08-22 08:33:43,367 [INFO]  -> Success: https://live8.mar.tv/1/4rd/index.m3u8
2026-08-22 08:33:43,402 [INFO] Scraping maestro...
2026-08-22 08:33:46,744 [INFO]  -> Success: https://live4.mar.tv/5e43a29e123b7c20a2a33ebbb3f6fdbb004862f4b7bb1cdd7d6ec1189365787d/352m/index.m3u8
2026-08-22 08:33:46,779 [INFO] Scraping marao...
2026-08-22 08:33:50,123 [INFO]  -> Success: https://live2.mar.tv/5e43a29e123b7c20a2a33ebbb3f6fdbb004862f4b7bb1cdd7d6ec1189365787d/12sd/index.m3u8
2026-08-22 08:33:50,161 [INFO] Scraping gds...
2026-08-22 08:33:53,502 [INFO]  -> Success: https://live1.mar.tv/5e43a29e123b7c20a2a33ebbb3f6fdbb004862f4b7bb1cdd7d6ec1189365787d/13sd/index.m3u8
2026-08-22 08:33:53,538 [INFO] Scraping comedy...
2026-08-22 08:33:56,874 [INFO]  -> Success: https://live4.mar.tv/5e43a29e123b7c20a2a33ebbb3f6fdbb004862f4b7bb1cdd7d6ec1189365787d/14rd/index.m3u8
2026-08-22 08:33:56,911 [INFO] Scraping bbb...
2026-08-22 08:34:00,252 [INFO]  -> Success: https://live2.mar.tv/5e43a29e123b7c20a2a33ebbb3f6fdbb004862f4b7bb1cdd7d6ec1189365787d/16sd/index.m3u8
2026-08-22 08:34:00,289 [INFO] Scraping enkibenki...
2026-08-22 08:34:03,627 [INFO]  -> Success: https://live2.mar.tv/5e43a29e123b7c20a2a33ebbb3f6fdbb004862f4b7bb1cdd7d6ec1189365787d/17e/index.m3u8
2026-08-22 08:34:03,661 [INFO] Scraping adjaratv...
2026-08-22 08:34:07,005 [INFO]  -> Success: https://live2.mar.tv/5e43a29e123b7c20a2a33ebbb3f6fdbb004862f4b7bb1cdd7d6ec1189365787d/19rd/index.m3u8
2026-08-22 08:34:07,041 [INFO] Scraping rionitv...
2026-08-22 08:34:10,377 [INFO]  -> Success: https://live6.mar.tv/5e43a29e123b7c20a2a33ebbb3f6fdbb004862f4b7bb1cdd7d6ec1189365787d/20rionn/index.m3u8
2026-08-22 08:34:10,411 [INFO] Scraping tv25...
2026-08-22 08:34:13,751 [INFO]  -> Success: https://live6.mar.tv/5e43a29e123b7c20a2a33ebbb3f6fdbb004862f4b7bb1cdd7d6ec1189365787d/23tv25/index.m3u8
2026-08-22 08:34:13,784 [INFO] Scraping tv4rustavi...
2026-08-22 08:34:17,119 [INFO]  -> Success: https://live6.mar.tv/5e43a29e123b7c20a2a33ebbb3f6fdbb004862f4b7bb1cdd7d6ec1189365787d/24tw4/index.m3u8
2026-08-22 08:34:17,154 [INFO] Scraping trialeti...
2026-08-22 08:34:20,492 [INFO]  -> Success: https://live6.mar.tv/5e43a29e123b7c20a2a33ebbb3f6fdbb004862f4b7bb1cdd7d6ec1189365787d/trialleti/index.m3u8
2026-08-22 08:34:20,526 [INFO] Scraping dardimandi...
2026-08-22 08:34:23,861 [INFO]  -> Success: https://live5.mar.tv/5e43a29e123b7c20a2a33ebbb3f6fdbb004862f4b7bb1cdd7d6ec1189365787d/27/index.m3u8
2026-08-22 08:34:23,900 [INFO] Scraping agro...
2026-08-22 08:34:27,237 [INFO]  -> Success: https://live5.mar.tv/5e43a29e123b7c20a2a33ebbb3f6fdbb004862f4b7bb1cdd7d6ec1189365787d/28/index.m3u8
2026-08-22 08:34:27,272 [INFO] Scraping samefo...
2026-08-22 08:34:30,612 [INFO]  -> Success: https://live5.mar.tv/5e43a29e123b7c20a2a33ebbb3f6fdbb004862f4b7bb1cdd7d6ec1189365787d/29/index.m3u8
2026-08-22 08:34:30,648 [INFO] Scraping postv...
2026-08-22 08:34:33,991 [INFO]  -> Success: https://live6.mar.tv/5e43a29e123b7c20a2a33ebbb3f6fdbb004862f4b7bb1cdd7d6ec1189365787d/postvw/index.m3u8
2026-08-22 08:34:34,024 [INFO] Scraping megatv...
2026-08-22 08:34:37,367 [INFO]  -> Success: https://live4.mar.tv/5e43a29e123b7c20a2a33ebbb3f6fdbb004862f4b7bb1cdd7d6ec1189365787d/32st/index.m3u8
2026-08-22 08:34:37,402 [INFO] Scraping qartuliarxi...
2026-08-22 08:34:40,738 [INFO]  -> Success: https://live6.mar.tv/5e43a29e123b7c20a2a33ebbb3f6fdbb004862f4b7bb1cdd7d6ec1189365787d/qartuli/index.m3u8
2026-08-22 08:34:40,774 [INFO] Scraping musicbox...
2026-08-22 08:34:44,115 [INFO]  -> Success: https://live6.mar.tv/5e43a29e123b7c20a2a33ebbb3f6fdbb004862f4b7bb1cdd7d6ec1189365787d/34musge/index.m3u8
2026-08-22 08:34:44,147 [INFO] Scraping marneuli...
2026-08-22 08:34:47,489 [INFO]  -> Success: https://live6.mar.tv/5e43a29e123b7c20a2a33ebbb3f6fdbb004862f4b7bb1cdd7d6ec1189365787d/37marn/index.m3u8
2026-08-22 08:34:47,525 [INFO] Scraping axaliformula...
2026-08-22 08:34:50,862 [INFO]  -> Success: https://live6.mar.tv/5e43a29e123b7c20a2a33ebbb3f6fdbb004862f4b7bb1cdd7d6ec1189365787d/axaliformla/index.m3u8
2026-08-22 08:34:50,897 [INFO] Scraping o2...
2026-08-22 08:34:54,235 [INFO]  -> Success: https://live5.mar.tv/5e43a29e123b7c20a2a33ebbb3f6fdbb004862f4b7bb1cdd7d6ec1189365787d/40/index.m3u8
2026-08-22 08:34:54,269 [INFO] Scraping guria...
2026-08-22 08:34:57,609 [INFO]  -> Success: https://live5.mar.tv/5e43a29e123b7c20a2a33ebbb3f6fdbb004862f4b7bb1cdd7d6ec1189365787d/42/index.m3u8
2026-08-22 08:34:57,643 [INFO] Scraping imervizia...
2026-08-22 08:35:00,979 [INFO]  -> Success: https://live6.mar.tv/5e43a29e123b7c20a2a33ebbb3f6fdbb004862f4b7bb1cdd7d6ec1189365787d/imervizia/index.m3u8
2026-08-22 08:35:01,015 [INFO] Scraping diatv...
2026-08-22 08:35:04,355 [INFO]  -> Success: https://live4.mar.tv/5e43a29e123b7c20a2a33ebbb3f6fdbb004862f4b7bb1cdd7d6ec1189365787d/dia/index.m3u8
2026-08-22 08:35:04,388 [INFO] Scraping chveniarxi...
2026-08-22 08:35:07,731 [INFO]  -> Success: https://live3.mar.tv/5e43a29e123b7c20a2a33ebbb3f6fdbb004862f4b7bb1cdd7d6ec1189365787d/45rd/index.m3u8
2026-08-22 08:35:07,765 [INFO] Scraping batumitv...
2026-08-22 08:35:11,103 [INFO]  -> Success: https://live5.mar.tv/5e43a29e123b7c20a2a33ebbb3f6fdbb004862f4b7bb1cdd7d6ec1189365787d/46/index.m3u8
2026-08-22 08:35:11,138 [INFO] Scraping rcheuli...
2026-08-22 08:35:14,476 [INFO]  -> Success: https://live5.mar.tv/5e43a29e123b7c20a2a33ebbb3f6fdbb004862f4b7bb1cdd7d6ec1189365787d/47/index.m3u8
2026-08-22 08:35:14,510 [INFO] Scraping gurjaani...
2026-08-22 08:35:17,848 [INFO]  -> Success: https://live4.mar.tv/5e43a29e123b7c20a2a33ebbb3f6fdbb004862f4b7bb1cdd7d6ec1189365787d/48m/index.m3u8
2026-08-22 08:35:17,879 [INFO] Scraping molitv...
2026-08-22 08:35:21,218 [INFO]  -> Success: https://live6.mar.tv/5e43a29e123b7c20a2a33ebbb3f6fdbb004862f4b7bb1cdd7d6ec1189365787d/mollltv/index.m3u8
2026-08-22 08:35:21,254 [INFO] Scraping mexute...
2026-08-22 08:35:24,598 [INFO]  -> Success: https://live6.mar.tv/5e43a29e123b7c20a2a33ebbb3f6fdbb004862f4b7bb1cdd7d6ec1189365787d/50/index.m3u8
2026-08-22 08:35:24,632 [INFO] Scraping agrogaremo...
2026-08-22 08:35:27,969 [INFO]  -> Success: https://live6.mar.tv/5e43a29e123b7c20a2a33ebbb3f6fdbb004862f4b7bb1cdd7d6ec1189365787d/agrogaremo/index.m3u8
2026-08-22 08:35:28,002 [INFO] Scraping artv...
2026-08-22 08:35:31,341 [INFO]  -> Success: https://live6.mar.tv/5e43a29e123b7c20a2a33ebbb3f6fdbb004862f4b7bb1cdd7d6ec1189365787d/tafutv/index.m3u8
2026-08-22 08:35:31,377 [INFO] Scraping meteo24...
2026-08-22 08:35:34,717 [INFO]  -> Success: https://live5.mar.tv/5e43a29e123b7c20a2a33ebbb3f6fdbb004862f4b7bb1cdd7d6ec1189365787d/56/index.m3u8
2026-08-22 08:35:34,752 [INFO] Scraping georgiantimes...
2026-08-22 08:35:38,089 [INFO]  -> Success: https://live5.mar.tv/5e43a29e123b7c20a2a33ebbb3f6fdbb004862f4b7bb1cdd7d6ec1189365787d/57/index.m3u8
2026-08-22 08:35:38,126 [INFO] Scraping silkuniversal...
2026-08-22 08:35:41,466 [INFO]  -> Success: https://live2.mar.tv/5e43a29e123b7c20a2a33ebbb3f6fdbb004862f4b7bb1cdd7d6ec1189365787d/1arxiweb/index.m3u8
2026-08-22 08:35:41,500 [INFO] Scraping rugbytv...
2026-08-22 08:35:44,842 [INFO]  -> Success: https://live4.mar.tv/5e43a29e123b7c20a2a33ebbb3f6fdbb004862f4b7bb1cdd7d6ec1189365787d/160m/index.m3u8
2026-08-22 08:35:44,873 [INFO] Scraping gms...
2026-08-22 08:35:48,215 [INFO]  -> Success: https://live5.mar.tv/5e43a29e123b7c20a2a33ebbb3f6fdbb004862f4b7bb1cdd7d6ec1189365787d/161/index.m3u8
2026-08-22 08:35:48,250 [INFO] Scraping aiatv...
2026-08-22 08:35:51,585 [INFO]  -> Success: https://live6.mar.tv/5e43a29e123b7c20a2a33ebbb3f6fdbb004862f4b7bb1cdd7d6ec1189365787d/aia/index.m3u8
2026-08-22 08:35:51,617 [INFO] Scraping batumi2...
2026-08-22 08:35:54,953 [INFO]  -> Success: https://live6.mar.tv/5e43a29e123b7c20a2a33ebbb3f6fdbb004862f4b7bb1cdd7d6ec1189365787d/batumitv2/index.m3u8
2026-08-22 08:35:54,990 [INFO] Scraping altinfo...
2026-08-22 08:35:58,328 [INFO]  -> Success: https://live6.mar.tv/5e43a29e123b7c20a2a33ebbb3f6fdbb004862f4b7bb1cdd7d6ec1189365787d/altinfo/index.m3u8
2026-08-22 08:35:58,363 [INFO] Scraping parliament...
2026-08-22 08:36:01,701 [INFO]  -> Success: https://live6.mar.tv/5e43a29e123b7c20a2a33ebbb3f6fdbb004862f4b7bb1cdd7d6ec1189365787d/parlament/index.m3u8
2026-08-22 08:36:01,734 [INFO] Scraping egrisi...
2026-08-22 08:36:05,068 [INFO]  -> Success: https://live6.mar.tv/5e43a29e123b7c20a2a33ebbb3f6fdbb004862f4b7bb1cdd7d6ec1189365787d/egrisi/index.m3u8
2026-08-22 08:36:05,103 [INFO] Scraping mzetv...
2026-08-22 08:36:08,442 [INFO]  -> Success: https://live6.mar.tv/5e43a29e123b7c20a2a33ebbb3f6fdbb004862f4b7bb1cdd7d6ec1189365787d/mze/index.m3u8
2026-08-22 08:36:08,498 [WARNING] Failed to find tvg-id="rustavi2" in georgia_channels.m3u
2026-08-22 08:36:08,498 [WARNING] Failed to find tvg-id="maestro" in georgia_channels.m3u
2026-08-22 08:36:08,498 [WARNING] Failed to find tvg-id="marao" in georgia_channels.m3u
2026-08-22 08:36:08,499 [WARNING] Failed to find tvg-id="gds" in georgia_channels.m3u
2026-08-22 08:36:08,499 [WARNING] Failed to find tvg-id="comedy" in georgia_channels.m3u
2026-08-22 08:36:08,499 [WARNING] Failed to find tvg-id="bbb" in georgia_channels.m3u
2026-08-22 08:36:08,499 [WARNING] Failed to find tvg-id="enkibenki" in georgia_channels.m3u
2026-08-22 08:36:08,499 [WARNING] Failed to find tvg-id="adjaratv" in georgia_channels.m3u
2026-08-22 08:36:08,500 [WARNING] Failed to find tvg-id="rionitv" in georgia_channels.m3u
2026-08-22 08:36:08,500 [WARNING] Failed to find tvg-id="tv25" in georgia_channels.m3u
2026-08-22 08:36:08,500 [WARNING] Failed to find tvg-id="tv4rustavi" in georgia_channels.m3u
2026-08-22 08:36:08,500 [WARNING] Failed to find tvg-id="trialeti" in georgia_channels.m3u
2026-08-22 08:36:08,500 [WARNING] Failed to find tvg-id="dardimandi" in georgia_channels.m3u
2026-08-22 08:36:08,501 [WARNING] Failed to find tvg-id="agro" in georgia_channels.m3u
2026-08-22 08:36:08,501 [WARNING] Failed to find tvg-id="samefo" in georgia_channels.m3u
2026-08-22 08:36:08,501 [WARNING] Failed to find tvg-id="postv" in georgia_channels.m3u
2026-08-22 08:36:08,501 [WARNING] Failed to find tvg-id="megatv" in georgia_channels.m3u
2026-08-22 08:36:08,501 [WARNING] Failed to find tvg-id="qartuliarxi" in georgia_channels.m3u
2026-08-22 08:36:08,502 [WARNING] Failed to find tvg-id="musicbox" in georgia_channels.m3u
2026-08-22 08:36:08,502 [WARNING] Failed to find tvg-id="marneuli" in georgia_channels.m3u
2026-08-22 08:36:08,502 [WARNING] Failed to find tvg-id="axaliformula" in georgia_channels.m3u
2026-08-22 08:36:08,502 [WARNING] Failed to find tvg-id="o2" in georgia_channels.m3u
2026-08-22 08:36:08,502 [WARNING] Failed to find tvg-id="guria" in georgia_channels.m3u
2026-08-22 08:36:08,503 [WARNING] Failed to find tvg-id="imervizia" in georgia_channels.m3u
2026-08-22 08:36:08,503 [WARNING] Failed to find tvg-id="diatv" in georgia_channels.m3u
2026-08-22 08:36:08,503 [WARNING] Failed to find tvg-id="chveniarxi" in georgia_channels.m3u
2026-08-22 08:36:08,503 [WARNING] Failed to find tvg-id="batumitv" in georgia_channels.m3u
2026-08-22 08:36:08,503 [WARNING] Failed to find tvg-id="rcheuli" in georgia_channels.m3u
2026-08-22 08:36:08,504 [WARNING] Failed to find tvg-id="gurjaani" in georgia_channels.m3u
2026-08-22 08:36:08,504 [WARNING] Failed to find tvg-id="molitv" in georgia_channels.m3u
2026-08-22 08:36:08,504 [WARNING] Failed to find tvg-id="mexute" in georgia_channels.m3u
2026-08-22 08:36:08,504 [WARNING] Failed to find tvg-id="agrogaremo" in georgia_channels.m3u
2026-08-22 08:36:08,504 [WARNING] Failed to find tvg-id="artv" in georgia_channels.m3u
2026-08-22 08:36:08,505 [WARNING] Failed to find tvg-id="meteo24" in georgia_channels.m3u
2026-08-22 08:36:08,505 [WARNING] Failed to find tvg-id="georgiantimes" in georgia_channels.m3u
2026-08-22 08:36:08,505 [WARNING] Failed to find tvg-id="silkuniversal" in georgia_channels.m3u
2026-08-22 08:36:08,505 [WARNING] Failed to find tvg-id="rugbytv" in georgia_channels.m3u
2026-08-22 08:36:08,506 [WARNING] Failed to find tvg-id="gms" in georgia_channels.m3u
2026-08-22 08:36:08,506 [WARNING] Failed to find tvg-id="aiatv" in georgia_channels.m3u
2026-08-22 08:36:08,506 [WARNING] Failed to find tvg-id="batumi2" in georgia_channels.m3u
2026-08-22 08:36:08,507 [WARNING] Failed to find tvg-id="altinfo" in georgia_channels.m3u
2026-08-22 08:36:08,507 [WARNING] Failed to find tvg-id="parliament" in georgia_channels.m3u
2026-08-22 08:36:08,507 [WARNING] Failed to find tvg-id="egrisi" in georgia_channels.m3u
2026-08-22 08:36:08,507 [WARNING] Failed to find tvg-id="mzetv" in georgia_channels.m3u
2026-08-22 08:36:08,507 [INFO] No file changes were made.
2026-08-22 08:36:08,507 [INFO] === UPDATE EXECUTION FINISHED ===
