2026-08-24 16:40:59,916 [INFO] === UPDATE EXECUTION STARTED ===
2026-08-24 16:40:59,916 [INFO] Fetching Setanta Sports 3 from IPTV-ORG...
2026-08-24 16:41:00,110 [INFO] Launching batch scraper for 44 channels on tv.mar.tv...
2026-08-24 16:41:00,734 [INFO] Scraping rustavi2...
2026-08-24 16:41:06,755 [INFO]  -> Success: https://live8.mar.tv/1/4rd/index.m3u8
2026-08-24 16:41:06,794 [INFO] Scraping maestro...
2026-08-24 16:41:10,147 [INFO]  -> Success: https://live4.mar.tv/3c8bf02f88bb052edd814618c23023647b38c33c49c0e25d4426875817065f7a/352m/index.m3u8
2026-08-24 16:41:10,181 [INFO] Scraping marao...
2026-08-24 16:41:13,529 [INFO]  -> Success: https://live2.mar.tv/3c8bf02f88bb052edd814618c23023647b38c33c49c0e25d4426875817065f7a/12sd/index.m3u8
2026-08-24 16:41:13,567 [INFO] Scraping gds...
2026-08-24 16:41:16,927 [INFO]  -> Success: https://live1.mar.tv/3c8bf02f88bb052edd814618c23023647b38c33c49c0e25d4426875817065f7a/13sd/index.m3u8
2026-08-24 16:41:16,964 [INFO] Scraping comedy...
2026-08-24 16:41:20,307 [INFO]  -> Success: https://live4.mar.tv/3c8bf02f88bb052edd814618c23023647b38c33c49c0e25d4426875817065f7a/14rd/index.m3u8
2026-08-24 16:41:20,345 [INFO] Scraping bbb...
2026-08-24 16:41:23,689 [INFO]  -> Success: https://live2.mar.tv/3c8bf02f88bb052edd814618c23023647b38c33c49c0e25d4426875817065f7a/16sd/index.m3u8
2026-08-24 16:41:23,724 [INFO] Scraping enkibenki...
2026-08-24 16:41:27,073 [INFO]  -> Success: https://live2.mar.tv/3c8bf02f88bb052edd814618c23023647b38c33c49c0e25d4426875817065f7a/17e/index.m3u8
2026-08-24 16:41:27,109 [INFO] Scraping adjaratv...
2026-08-24 16:41:30,453 [INFO]  -> Success: https://live2.mar.tv/3c8bf02f88bb052edd814618c23023647b38c33c49c0e25d4426875817065f7a/19rd/index.m3u8
2026-08-24 16:41:30,489 [INFO] Scraping rionitv...
2026-08-24 16:41:33,836 [INFO]  -> Success: https://live6.mar.tv/3c8bf02f88bb052edd814618c23023647b38c33c49c0e25d4426875817065f7a/20rionn/index.m3u8
2026-08-24 16:41:33,869 [INFO] Scraping tv25...
2026-08-24 16:41:37,215 [INFO]  -> Success: https://live6.mar.tv/3c8bf02f88bb052edd814618c23023647b38c33c49c0e25d4426875817065f7a/23tv25/index.m3u8
2026-08-24 16:41:37,251 [INFO] Scraping tv4rustavi...
2026-08-24 16:41:40,589 [INFO]  -> Success: https://live6.mar.tv/3c8bf02f88bb052edd814618c23023647b38c33c49c0e25d4426875817065f7a/24tw4/index.m3u8
2026-08-24 16:41:40,626 [INFO] Scraping trialeti...
2026-08-24 16:41:43,974 [INFO]  -> Success: https://live6.mar.tv/3c8bf02f88bb052edd814618c23023647b38c33c49c0e25d4426875817065f7a/trialleti/index.m3u8
2026-08-24 16:41:44,010 [INFO] Scraping dardimandi...
2026-08-24 16:41:47,356 [INFO]  -> Success: https://live5.mar.tv/3c8bf02f88bb052edd814618c23023647b38c33c49c0e25d4426875817065f7a/27/index.m3u8
2026-08-24 16:41:47,393 [INFO] Scraping agro...
2026-08-24 16:41:50,740 [INFO]  -> Success: https://live5.mar.tv/3c8bf02f88bb052edd814618c23023647b38c33c49c0e25d4426875817065f7a/28/index.m3u8
2026-08-24 16:41:50,777 [INFO] Scraping samefo...
2026-08-24 16:41:54,125 [INFO]  -> Success: https://live5.mar.tv/3c8bf02f88bb052edd814618c23023647b38c33c49c0e25d4426875817065f7a/29/index.m3u8
2026-08-24 16:41:54,159 [INFO] Scraping postv...
2026-08-24 16:41:57,504 [INFO]  -> Success: https://live6.mar.tv/3c8bf02f88bb052edd814618c23023647b38c33c49c0e25d4426875817065f7a/postvw/index.m3u8
2026-08-24 16:41:57,544 [INFO] Scraping megatv...
2026-08-24 16:42:00,894 [INFO]  -> Success: https://live4.mar.tv/3c8bf02f88bb052edd814618c23023647b38c33c49c0e25d4426875817065f7a/32st/index.m3u8
2026-08-24 16:42:00,928 [INFO] Scraping qartuliarxi...
2026-08-24 16:42:04,278 [INFO]  -> Success: https://live6.mar.tv/3c8bf02f88bb052edd814618c23023647b38c33c49c0e25d4426875817065f7a/qartuli/index.m3u8
2026-08-24 16:42:04,311 [INFO] Scraping musicbox...
2026-08-24 16:42:07,656 [INFO]  -> Success: https://live6.mar.tv/3c8bf02f88bb052edd814618c23023647b38c33c49c0e25d4426875817065f7a/34musge/index.m3u8
2026-08-24 16:42:07,692 [INFO] Scraping marneuli...
2026-08-24 16:42:11,038 [INFO]  -> Success: https://live6.mar.tv/3c8bf02f88bb052edd814618c23023647b38c33c49c0e25d4426875817065f7a/37marn/index.m3u8
2026-08-24 16:42:11,073 [INFO] Scraping axaliformula...
2026-08-24 16:42:14,414 [INFO]  -> Success: https://live6.mar.tv/3c8bf02f88bb052edd814618c23023647b38c33c49c0e25d4426875817065f7a/axaliformla/index.m3u8
2026-08-24 16:42:14,449 [INFO] Scraping o2...
2026-08-24 16:42:17,795 [INFO]  -> Success: https://live5.mar.tv/3c8bf02f88bb052edd814618c23023647b38c33c49c0e25d4426875817065f7a/40/index.m3u8
2026-08-24 16:42:17,826 [INFO] Scraping guria...
2026-08-24 16:42:21,174 [INFO]  -> Success: https://live5.mar.tv/3c8bf02f88bb052edd814618c23023647b38c33c49c0e25d4426875817065f7a/42/index.m3u8
2026-08-24 16:42:21,207 [INFO] Scraping imervizia...
2026-08-24 16:42:24,548 [INFO]  -> Success: https://live6.mar.tv/3c8bf02f88bb052edd814618c23023647b38c33c49c0e25d4426875817065f7a/imervizia/index.m3u8
2026-08-24 16:42:24,581 [INFO] Scraping diatv...
2026-08-24 16:42:27,943 [INFO]  -> Success: https://live4.mar.tv/3c8bf02f88bb052edd814618c23023647b38c33c49c0e25d4426875817065f7a/dia/index.m3u8
2026-08-24 16:42:27,979 [INFO] Scraping chveniarxi...
2026-08-24 16:42:31,321 [INFO]  -> Success: https://live3.mar.tv/3c8bf02f88bb052edd814618c23023647b38c33c49c0e25d4426875817065f7a/45rd/index.m3u8
2026-08-24 16:42:31,354 [INFO] Scraping batumitv...
2026-08-24 16:42:34,697 [INFO]  -> Success: https://live5.mar.tv/3c8bf02f88bb052edd814618c23023647b38c33c49c0e25d4426875817065f7a/46/index.m3u8
2026-08-24 16:42:34,730 [INFO] Scraping rcheuli...
2026-08-24 16:42:38,076 [INFO]  -> Success: https://live5.mar.tv/3c8bf02f88bb052edd814618c23023647b38c33c49c0e25d4426875817065f7a/47/index.m3u8
2026-08-24 16:42:38,109 [INFO] Scraping gurjaani...
2026-08-24 16:42:41,458 [INFO]  -> Success: https://live4.mar.tv/3c8bf02f88bb052edd814618c23023647b38c33c49c0e25d4426875817065f7a/48m/index.m3u8
2026-08-24 16:42:41,494 [INFO] Scraping molitv...
2026-08-24 16:42:44,839 [INFO]  -> Success: https://live6.mar.tv/3c8bf02f88bb052edd814618c23023647b38c33c49c0e25d4426875817065f7a/mollltv/index.m3u8
2026-08-24 16:42:44,874 [INFO] Scraping mexute...
2026-08-24 16:42:48,222 [INFO]  -> Success: https://live6.mar.tv/3c8bf02f88bb052edd814618c23023647b38c33c49c0e25d4426875817065f7a/50/index.m3u8
2026-08-24 16:42:48,258 [INFO] Scraping agrogaremo...
2026-08-24 16:42:51,607 [INFO]  -> Success: https://live6.mar.tv/3c8bf02f88bb052edd814618c23023647b38c33c49c0e25d4426875817065f7a/agrogaremo/index.m3u8
2026-08-24 16:42:51,641 [INFO] Scraping artv...
2026-08-24 16:42:54,983 [INFO]  -> Success: https://live6.mar.tv/3c8bf02f88bb052edd814618c23023647b38c33c49c0e25d4426875817065f7a/tafutv/index.m3u8
2026-08-24 16:42:55,020 [INFO] Scraping meteo24...
2026-08-24 16:42:58,362 [INFO]  -> Success: https://live5.mar.tv/3c8bf02f88bb052edd814618c23023647b38c33c49c0e25d4426875817065f7a/56/index.m3u8
2026-08-24 16:42:58,411 [INFO] Scraping georgiantimes...
2026-08-24 16:43:01,759 [INFO]  -> Success: https://live5.mar.tv/3c8bf02f88bb052edd814618c23023647b38c33c49c0e25d4426875817065f7a/57/index.m3u8
2026-08-24 16:43:01,794 [INFO] Scraping silkuniversal...
2026-08-24 16:43:05,145 [INFO]  -> Success: https://live2.mar.tv/3c8bf02f88bb052edd814618c23023647b38c33c49c0e25d4426875817065f7a/1arxiweb/index.m3u8
2026-08-24 16:43:05,182 [INFO] Scraping rugbytv...
2026-08-24 16:43:08,530 [INFO]  -> Success: https://live4.mar.tv/3c8bf02f88bb052edd814618c23023647b38c33c49c0e25d4426875817065f7a/160m/index.m3u8
2026-08-24 16:43:08,564 [INFO] Scraping gms...
2026-08-24 16:43:11,912 [INFO]  -> Success: https://live5.mar.tv/3c8bf02f88bb052edd814618c23023647b38c33c49c0e25d4426875817065f7a/161/index.m3u8
2026-08-24 16:43:11,949 [INFO] Scraping aiatv...
2026-08-24 16:43:15,297 [INFO]  -> Success: https://live6.mar.tv/3c8bf02f88bb052edd814618c23023647b38c33c49c0e25d4426875817065f7a/aia/index.m3u8
2026-08-24 16:43:15,337 [INFO] Scraping batumi2...
2026-08-24 16:43:18,684 [INFO]  -> Success: https://live6.mar.tv/3c8bf02f88bb052edd814618c23023647b38c33c49c0e25d4426875817065f7a/batumitv2/index.m3u8
2026-08-24 16:43:18,717 [INFO] Scraping altinfo...
2026-08-24 16:43:22,064 [INFO]  -> Success: https://live6.mar.tv/3c8bf02f88bb052edd814618c23023647b38c33c49c0e25d4426875817065f7a/altinfo/index.m3u8
2026-08-24 16:43:22,103 [INFO] Scraping parliament...
2026-08-24 16:43:25,445 [INFO]  -> Success: https://live6.mar.tv/3c8bf02f88bb052edd814618c23023647b38c33c49c0e25d4426875817065f7a/parlament/index.m3u8
2026-08-24 16:43:25,479 [INFO] Scraping egrisi...
2026-08-24 16:43:28,828 [INFO]  -> Success: https://live6.mar.tv/3c8bf02f88bb052edd814618c23023647b38c33c49c0e25d4426875817065f7a/egrisi/index.m3u8
2026-08-24 16:43:28,860 [INFO] Scraping mzetv...
2026-08-24 16:43:32,209 [INFO]  -> Success: https://live6.mar.tv/3c8bf02f88bb052edd814618c23023647b38c33c49c0e25d4426875817065f7a/mze/index.m3u8
2026-08-24 16:43:32,261 [WARNING] Failed to find tvg-id="rustavi2" in georgia_channels.m3u
2026-08-24 16:43:32,261 [WARNING] Failed to find tvg-id="maestro" in georgia_channels.m3u
2026-08-24 16:43:32,261 [WARNING] Failed to find tvg-id="marao" in georgia_channels.m3u
2026-08-24 16:43:32,262 [WARNING] Failed to find tvg-id="gds" in georgia_channels.m3u
2026-08-24 16:43:32,262 [WARNING] Failed to find tvg-id="comedy" in georgia_channels.m3u
2026-08-24 16:43:32,262 [WARNING] Failed to find tvg-id="bbb" in georgia_channels.m3u
2026-08-24 16:43:32,262 [WARNING] Failed to find tvg-id="enkibenki" in georgia_channels.m3u
2026-08-24 16:43:32,262 [WARNING] Failed to find tvg-id="adjaratv" in georgia_channels.m3u
2026-08-24 16:43:32,262 [WARNING] Failed to find tvg-id="rionitv" in georgia_channels.m3u
2026-08-24 16:43:32,263 [WARNING] Failed to find tvg-id="tv25" in georgia_channels.m3u
2026-08-24 16:43:32,263 [WARNING] Failed to find tvg-id="tv4rustavi" in georgia_channels.m3u
2026-08-24 16:43:32,263 [WARNING] Failed to find tvg-id="trialeti" in georgia_channels.m3u
2026-08-24 16:43:32,263 [WARNING] Failed to find tvg-id="dardimandi" in georgia_channels.m3u
2026-08-24 16:43:32,263 [WARNING] Failed to find tvg-id="agro" in georgia_channels.m3u
2026-08-24 16:43:32,264 [WARNING] Failed to find tvg-id="samefo" in georgia_channels.m3u
2026-08-24 16:43:32,264 [WARNING] Failed to find tvg-id="postv" in georgia_channels.m3u
2026-08-24 16:43:32,264 [WARNING] Failed to find tvg-id="megatv" in georgia_channels.m3u
2026-08-24 16:43:32,264 [WARNING] Failed to find tvg-id="qartuliarxi" in georgia_channels.m3u
2026-08-24 16:43:32,264 [WARNING] Failed to find tvg-id="musicbox" in georgia_channels.m3u
2026-08-24 16:43:32,265 [WARNING] Failed to find tvg-id="marneuli" in georgia_channels.m3u
2026-08-24 16:43:32,265 [WARNING] Failed to find tvg-id="axaliformula" in georgia_channels.m3u
2026-08-24 16:43:32,265 [WARNING] Failed to find tvg-id="o2" in georgia_channels.m3u
2026-08-24 16:43:32,265 [WARNING] Failed to find tvg-id="guria" in georgia_channels.m3u
2026-08-24 16:43:32,265 [WARNING] Failed to find tvg-id="imervizia" in georgia_channels.m3u
2026-08-24 16:43:32,266 [WARNING] Failed to find tvg-id="diatv" in georgia_channels.m3u
2026-08-24 16:43:32,266 [WARNING] Failed to find tvg-id="chveniarxi" in georgia_channels.m3u
2026-08-24 16:43:32,266 [WARNING] Failed to find tvg-id="batumitv" in georgia_channels.m3u
2026-08-24 16:43:32,266 [WARNING] Failed to find tvg-id="rcheuli" in georgia_channels.m3u
2026-08-24 16:43:32,266 [WARNING] Failed to find tvg-id="gurjaani" in georgia_channels.m3u
2026-08-24 16:43:32,267 [WARNING] Failed to find tvg-id="molitv" in georgia_channels.m3u
2026-08-24 16:43:32,267 [WARNING] Failed to find tvg-id="mexute" in georgia_channels.m3u
2026-08-24 16:43:32,267 [WARNING] Failed to find tvg-id="agrogaremo" in georgia_channels.m3u
2026-08-24 16:43:32,267 [WARNING] Failed to find tvg-id="artv" in georgia_channels.m3u
2026-08-24 16:43:32,267 [WARNING] Failed to find tvg-id="meteo24" in georgia_channels.m3u
2026-08-24 16:43:32,267 [WARNING] Failed to find tvg-id="georgiantimes" in georgia_channels.m3u
2026-08-24 16:43:32,268 [WARNING] Failed to find tvg-id="silkuniversal" in georgia_channels.m3u
2026-08-24 16:43:32,268 [WARNING] Failed to find tvg-id="rugbytv" in georgia_channels.m3u
2026-08-24 16:43:32,268 [WARNING] Failed to find tvg-id="gms" in georgia_channels.m3u
2026-08-24 16:43:32,268 [WARNING] Failed to find tvg-id="aiatv" in georgia_channels.m3u
2026-08-24 16:43:32,268 [WARNING] Failed to find tvg-id="batumi2" in georgia_channels.m3u
2026-08-24 16:43:32,269 [WARNING] Failed to find tvg-id="altinfo" in georgia_channels.m3u
2026-08-24 16:43:32,269 [WARNING] Failed to find tvg-id="parliament" in georgia_channels.m3u
2026-08-24 16:43:32,269 [WARNING] Failed to find tvg-id="egrisi" in georgia_channels.m3u
2026-08-24 16:43:32,269 [WARNING] Failed to find tvg-id="mzetv" in georgia_channels.m3u
2026-08-24 16:43:32,269 [INFO] No file changes were made.
2026-08-24 16:43:32,269 [INFO] === UPDATE EXECUTION FINISHED ===
