2026-08-23 21:24:39,239 [INFO] === UPDATE EXECUTION STARTED ===
2026-08-23 21:24:39,239 [INFO] Fetching Setanta Sports 3 from IPTV-ORG...
2026-08-23 21:24:39,296 [INFO] Launching batch scraper for 44 channels on tv.mar.tv...
2026-08-23 21:24:41,123 [INFO] Scraping rustavi2...
2026-08-23 21:24:46,060 [INFO]  -> Success: https://live8.mar.tv/1/4rd/index.m3u8
2026-08-23 21:24:46,095 [INFO] Scraping maestro...
2026-08-23 21:24:49,368 [INFO]  -> Success: https://live4.mar.tv/46d7b17dcc363f0fe154274b848b7267a10ae0f22846dbe2f18206e1320a7e5a/352m/index.m3u8
2026-08-23 21:24:49,401 [INFO] Scraping marao...
2026-08-23 21:24:52,673 [INFO]  -> Success: https://live2.mar.tv/46d7b17dcc363f0fe154274b848b7267a10ae0f22846dbe2f18206e1320a7e5a/12sd/index.m3u8
2026-08-23 21:24:52,706 [INFO] Scraping gds...
2026-08-23 21:24:55,980 [INFO]  -> Success: https://live1.mar.tv/46d7b17dcc363f0fe154274b848b7267a10ae0f22846dbe2f18206e1320a7e5a/13sd/index.m3u8
2026-08-23 21:24:56,015 [INFO] Scraping comedy...
2026-08-23 21:24:59,285 [INFO]  -> Success: https://live4.mar.tv/46d7b17dcc363f0fe154274b848b7267a10ae0f22846dbe2f18206e1320a7e5a/14rd/index.m3u8
2026-08-23 21:24:59,318 [INFO] Scraping bbb...
2026-08-23 21:25:02,586 [INFO]  -> Success: https://live2.mar.tv/46d7b17dcc363f0fe154274b848b7267a10ae0f22846dbe2f18206e1320a7e5a/16sd/index.m3u8
2026-08-23 21:25:02,619 [INFO] Scraping enkibenki...
2026-08-23 21:25:05,893 [INFO]  -> Success: https://live2.mar.tv/46d7b17dcc363f0fe154274b848b7267a10ae0f22846dbe2f18206e1320a7e5a/17e/index.m3u8
2026-08-23 21:25:05,935 [INFO] Scraping adjaratv...
2026-08-23 21:25:09,204 [INFO]  -> Success: https://live2.mar.tv/46d7b17dcc363f0fe154274b848b7267a10ae0f22846dbe2f18206e1320a7e5a/19rd/index.m3u8
2026-08-23 21:25:09,237 [INFO] Scraping rionitv...
2026-08-23 21:25:12,506 [INFO]  -> Success: https://live6.mar.tv/46d7b17dcc363f0fe154274b848b7267a10ae0f22846dbe2f18206e1320a7e5a/20rionn/index.m3u8
2026-08-23 21:25:12,539 [INFO] Scraping tv25...
2026-08-23 21:25:15,812 [INFO]  -> Success: https://live6.mar.tv/46d7b17dcc363f0fe154274b848b7267a10ae0f22846dbe2f18206e1320a7e5a/23tv25/index.m3u8
2026-08-23 21:25:15,844 [INFO] Scraping tv4rustavi...
2026-08-23 21:25:19,121 [INFO]  -> Success: https://live6.mar.tv/46d7b17dcc363f0fe154274b848b7267a10ae0f22846dbe2f18206e1320a7e5a/24tw4/index.m3u8
2026-08-23 21:25:19,152 [INFO] Scraping trialeti...
2026-08-23 21:25:22,425 [INFO]  -> Success: https://live6.mar.tv/46d7b17dcc363f0fe154274b848b7267a10ae0f22846dbe2f18206e1320a7e5a/trialleti/index.m3u8
2026-08-23 21:25:22,460 [INFO] Scraping dardimandi...
2026-08-23 21:25:25,732 [INFO]  -> Success: https://live5.mar.tv/46d7b17dcc363f0fe154274b848b7267a10ae0f22846dbe2f18206e1320a7e5a/27/index.m3u8
2026-08-23 21:25:25,764 [INFO] Scraping agro...
2026-08-23 21:25:29,038 [INFO]  -> Success: https://live5.mar.tv/46d7b17dcc363f0fe154274b848b7267a10ae0f22846dbe2f18206e1320a7e5a/28/index.m3u8
2026-08-23 21:25:29,069 [INFO] Scraping samefo...
2026-08-23 21:25:32,342 [INFO]  -> Success: https://live5.mar.tv/46d7b17dcc363f0fe154274b848b7267a10ae0f22846dbe2f18206e1320a7e5a/29/index.m3u8
2026-08-23 21:25:32,374 [INFO] Scraping postv...
2026-08-23 21:25:35,643 [INFO]  -> Success: https://live6.mar.tv/46d7b17dcc363f0fe154274b848b7267a10ae0f22846dbe2f18206e1320a7e5a/postvw/index.m3u8
2026-08-23 21:25:35,675 [INFO] Scraping megatv...
2026-08-23 21:25:38,947 [INFO]  -> Success: https://live4.mar.tv/46d7b17dcc363f0fe154274b848b7267a10ae0f22846dbe2f18206e1320a7e5a/32st/index.m3u8
2026-08-23 21:25:38,979 [INFO] Scraping qartuliarxi...
2026-08-23 21:25:42,250 [INFO]  -> Success: https://live6.mar.tv/46d7b17dcc363f0fe154274b848b7267a10ae0f22846dbe2f18206e1320a7e5a/qartuli/index.m3u8
2026-08-23 21:25:42,283 [INFO] Scraping musicbox...
2026-08-23 21:25:45,554 [INFO]  -> Success: https://live6.mar.tv/46d7b17dcc363f0fe154274b848b7267a10ae0f22846dbe2f18206e1320a7e5a/34musge/index.m3u8
2026-08-23 21:25:45,590 [INFO] Scraping marneuli...
2026-08-23 21:25:48,859 [INFO]  -> Success: https://live6.mar.tv/46d7b17dcc363f0fe154274b848b7267a10ae0f22846dbe2f18206e1320a7e5a/37marn/index.m3u8
2026-08-23 21:25:48,890 [INFO] Scraping axaliformula...
2026-08-23 21:25:52,163 [INFO]  -> Success: https://live6.mar.tv/46d7b17dcc363f0fe154274b848b7267a10ae0f22846dbe2f18206e1320a7e5a/axaliformla/index.m3u8
2026-08-23 21:25:52,197 [INFO] Scraping o2...
2026-08-23 21:25:55,471 [INFO]  -> Success: https://live5.mar.tv/46d7b17dcc363f0fe154274b848b7267a10ae0f22846dbe2f18206e1320a7e5a/40/index.m3u8
2026-08-23 21:25:55,502 [INFO] Scraping guria...
2026-08-23 21:25:58,778 [INFO]  -> Success: https://live5.mar.tv/46d7b17dcc363f0fe154274b848b7267a10ae0f22846dbe2f18206e1320a7e5a/42/index.m3u8
2026-08-23 21:25:58,809 [INFO] Scraping imervizia...
2026-08-23 21:26:02,081 [INFO]  -> Success: https://live6.mar.tv/46d7b17dcc363f0fe154274b848b7267a10ae0f22846dbe2f18206e1320a7e5a/imervizia/index.m3u8
2026-08-23 21:26:02,113 [INFO] Scraping diatv...
2026-08-23 21:26:05,386 [INFO]  -> Success: https://live4.mar.tv/46d7b17dcc363f0fe154274b848b7267a10ae0f22846dbe2f18206e1320a7e5a/dia/index.m3u8
2026-08-23 21:26:05,419 [INFO] Scraping chveniarxi...
2026-08-23 21:26:08,688 [INFO]  -> Success: https://live3.mar.tv/46d7b17dcc363f0fe154274b848b7267a10ae0f22846dbe2f18206e1320a7e5a/45rd/index.m3u8
2026-08-23 21:26:08,720 [INFO] Scraping batumitv...
2026-08-23 21:26:11,992 [INFO]  -> Success: https://live5.mar.tv/46d7b17dcc363f0fe154274b848b7267a10ae0f22846dbe2f18206e1320a7e5a/46/index.m3u8
2026-08-23 21:26:12,025 [INFO] Scraping rcheuli...
2026-08-23 21:26:15,298 [INFO]  -> Success: https://live5.mar.tv/46d7b17dcc363f0fe154274b848b7267a10ae0f22846dbe2f18206e1320a7e5a/47/index.m3u8
2026-08-23 21:26:15,330 [INFO] Scraping gurjaani...
2026-08-23 21:26:18,601 [INFO]  -> Success: https://live4.mar.tv/46d7b17dcc363f0fe154274b848b7267a10ae0f22846dbe2f18206e1320a7e5a/48m/index.m3u8
2026-08-23 21:26:18,632 [INFO] Scraping molitv...
2026-08-23 21:26:21,903 [INFO]  -> Success: https://live6.mar.tv/46d7b17dcc363f0fe154274b848b7267a10ae0f22846dbe2f18206e1320a7e5a/mollltv/index.m3u8
2026-08-23 21:26:21,935 [INFO] Scraping mexute...
2026-08-23 21:26:25,205 [INFO]  -> Success: https://live6.mar.tv/46d7b17dcc363f0fe154274b848b7267a10ae0f22846dbe2f18206e1320a7e5a/50/index.m3u8
2026-08-23 21:26:25,238 [INFO] Scraping agrogaremo...
2026-08-23 21:26:28,509 [INFO]  -> Success: https://live6.mar.tv/46d7b17dcc363f0fe154274b848b7267a10ae0f22846dbe2f18206e1320a7e5a/agrogaremo/index.m3u8
2026-08-23 21:26:28,543 [INFO] Scraping artv...
2026-08-23 21:26:31,817 [INFO]  -> Success: https://live6.mar.tv/46d7b17dcc363f0fe154274b848b7267a10ae0f22846dbe2f18206e1320a7e5a/tafutv/index.m3u8
2026-08-23 21:26:31,849 [INFO] Scraping meteo24...
2026-08-23 21:26:35,120 [INFO]  -> Success: https://live5.mar.tv/46d7b17dcc363f0fe154274b848b7267a10ae0f22846dbe2f18206e1320a7e5a/56/index.m3u8
2026-08-23 21:26:35,150 [INFO] Scraping georgiantimes...
2026-08-23 21:26:38,441 [INFO]  -> Success: https://live5.mar.tv/46d7b17dcc363f0fe154274b848b7267a10ae0f22846dbe2f18206e1320a7e5a/57/index.m3u8
2026-08-23 21:26:38,474 [INFO] Scraping silkuniversal...
2026-08-23 21:26:41,743 [INFO]  -> Success: https://live2.mar.tv/46d7b17dcc363f0fe154274b848b7267a10ae0f22846dbe2f18206e1320a7e5a/1arxiweb/index.m3u8
2026-08-23 21:26:41,775 [INFO] Scraping rugbytv...
2026-08-23 21:26:45,051 [INFO]  -> Success: https://live4.mar.tv/46d7b17dcc363f0fe154274b848b7267a10ae0f22846dbe2f18206e1320a7e5a/160m/index.m3u8
2026-08-23 21:26:45,084 [INFO] Scraping gms...
2026-08-23 21:26:48,358 [INFO]  -> Success: https://live5.mar.tv/46d7b17dcc363f0fe154274b848b7267a10ae0f22846dbe2f18206e1320a7e5a/161/index.m3u8
2026-08-23 21:26:48,391 [INFO] Scraping aiatv...
2026-08-23 21:26:51,664 [INFO]  -> Success: https://live6.mar.tv/46d7b17dcc363f0fe154274b848b7267a10ae0f22846dbe2f18206e1320a7e5a/aia/index.m3u8
2026-08-23 21:26:51,697 [INFO] Scraping batumi2...
2026-08-23 21:26:54,965 [INFO]  -> Success: https://live6.mar.tv/46d7b17dcc363f0fe154274b848b7267a10ae0f22846dbe2f18206e1320a7e5a/batumitv2/index.m3u8
2026-08-23 21:26:54,997 [INFO] Scraping altinfo...
2026-08-23 21:26:58,268 [INFO]  -> Success: https://live6.mar.tv/46d7b17dcc363f0fe154274b848b7267a10ae0f22846dbe2f18206e1320a7e5a/altinfo/index.m3u8
2026-08-23 21:26:58,301 [INFO] Scraping parliament...
2026-08-23 21:27:01,576 [INFO]  -> Success: https://live6.mar.tv/46d7b17dcc363f0fe154274b848b7267a10ae0f22846dbe2f18206e1320a7e5a/parlament/index.m3u8
2026-08-23 21:27:01,610 [INFO] Scraping egrisi...
2026-08-23 21:27:04,878 [INFO]  -> Success: https://live6.mar.tv/46d7b17dcc363f0fe154274b848b7267a10ae0f22846dbe2f18206e1320a7e5a/egrisi/index.m3u8
2026-08-23 21:27:04,909 [INFO] Scraping mzetv...
2026-08-23 21:27:08,183 [INFO]  -> Success: https://live6.mar.tv/46d7b17dcc363f0fe154274b848b7267a10ae0f22846dbe2f18206e1320a7e5a/mze/index.m3u8
2026-08-23 21:27:08,229 [WARNING] Failed to find tvg-id="rustavi2" in georgia_channels.m3u
2026-08-23 21:27:08,229 [WARNING] Failed to find tvg-id="maestro" in georgia_channels.m3u
2026-08-23 21:27:08,230 [WARNING] Failed to find tvg-id="marao" in georgia_channels.m3u
2026-08-23 21:27:08,230 [WARNING] Failed to find tvg-id="gds" in georgia_channels.m3u
2026-08-23 21:27:08,230 [WARNING] Failed to find tvg-id="comedy" in georgia_channels.m3u
2026-08-23 21:27:08,230 [WARNING] Failed to find tvg-id="bbb" in georgia_channels.m3u
2026-08-23 21:27:08,230 [WARNING] Failed to find tvg-id="enkibenki" in georgia_channels.m3u
2026-08-23 21:27:08,230 [WARNING] Failed to find tvg-id="adjaratv" in georgia_channels.m3u
2026-08-23 21:27:08,231 [WARNING] Failed to find tvg-id="rionitv" in georgia_channels.m3u
2026-08-23 21:27:08,231 [WARNING] Failed to find tvg-id="tv25" in georgia_channels.m3u
2026-08-23 21:27:08,231 [WARNING] Failed to find tvg-id="tv4rustavi" in georgia_channels.m3u
2026-08-23 21:27:08,231 [WARNING] Failed to find tvg-id="trialeti" in georgia_channels.m3u
2026-08-23 21:27:08,231 [WARNING] Failed to find tvg-id="dardimandi" in georgia_channels.m3u
2026-08-23 21:27:08,231 [WARNING] Failed to find tvg-id="agro" in georgia_channels.m3u
2026-08-23 21:27:08,232 [WARNING] Failed to find tvg-id="samefo" in georgia_channels.m3u
2026-08-23 21:27:08,232 [WARNING] Failed to find tvg-id="postv" in georgia_channels.m3u
2026-08-23 21:27:08,232 [WARNING] Failed to find tvg-id="megatv" in georgia_channels.m3u
2026-08-23 21:27:08,232 [WARNING] Failed to find tvg-id="qartuliarxi" in georgia_channels.m3u
2026-08-23 21:27:08,232 [WARNING] Failed to find tvg-id="musicbox" in georgia_channels.m3u
2026-08-23 21:27:08,232 [WARNING] Failed to find tvg-id="marneuli" in georgia_channels.m3u
2026-08-23 21:27:08,233 [WARNING] Failed to find tvg-id="axaliformula" in georgia_channels.m3u
2026-08-23 21:27:08,233 [WARNING] Failed to find tvg-id="o2" in georgia_channels.m3u
2026-08-23 21:27:08,233 [WARNING] Failed to find tvg-id="guria" in georgia_channels.m3u
2026-08-23 21:27:08,233 [WARNING] Failed to find tvg-id="imervizia" in georgia_channels.m3u
2026-08-23 21:27:08,233 [WARNING] Failed to find tvg-id="diatv" in georgia_channels.m3u
2026-08-23 21:27:08,233 [WARNING] Failed to find tvg-id="chveniarxi" in georgia_channels.m3u
2026-08-23 21:27:08,233 [WARNING] Failed to find tvg-id="batumitv" in georgia_channels.m3u
2026-08-23 21:27:08,234 [WARNING] Failed to find tvg-id="rcheuli" in georgia_channels.m3u
2026-08-23 21:27:08,234 [WARNING] Failed to find tvg-id="gurjaani" in georgia_channels.m3u
2026-08-23 21:27:08,234 [WARNING] Failed to find tvg-id="molitv" in georgia_channels.m3u
2026-08-23 21:27:08,234 [WARNING] Failed to find tvg-id="mexute" in georgia_channels.m3u
2026-08-23 21:27:08,234 [WARNING] Failed to find tvg-id="agrogaremo" in georgia_channels.m3u
2026-08-23 21:27:08,234 [WARNING] Failed to find tvg-id="artv" in georgia_channels.m3u
2026-08-23 21:27:08,235 [WARNING] Failed to find tvg-id="meteo24" in georgia_channels.m3u
2026-08-23 21:27:08,235 [WARNING] Failed to find tvg-id="georgiantimes" in georgia_channels.m3u
2026-08-23 21:27:08,235 [WARNING] Failed to find tvg-id="silkuniversal" in georgia_channels.m3u
2026-08-23 21:27:08,235 [WARNING] Failed to find tvg-id="rugbytv" in georgia_channels.m3u
2026-08-23 21:27:08,235 [WARNING] Failed to find tvg-id="gms" in georgia_channels.m3u
2026-08-23 21:27:08,235 [WARNING] Failed to find tvg-id="aiatv" in georgia_channels.m3u
2026-08-23 21:27:08,235 [WARNING] Failed to find tvg-id="batumi2" in georgia_channels.m3u
2026-08-23 21:27:08,236 [WARNING] Failed to find tvg-id="altinfo" in georgia_channels.m3u
2026-08-23 21:27:08,236 [WARNING] Failed to find tvg-id="parliament" in georgia_channels.m3u
2026-08-23 21:27:08,236 [WARNING] Failed to find tvg-id="egrisi" in georgia_channels.m3u
2026-08-23 21:27:08,236 [WARNING] Failed to find tvg-id="mzetv" in georgia_channels.m3u
2026-08-23 21:27:08,236 [INFO] No file changes were made.
2026-08-23 21:27:08,236 [INFO] === UPDATE EXECUTION FINISHED ===
