2026-08-23 11:23:19,348 [INFO] === UPDATE EXECUTION STARTED ===
2026-08-23 11:23:19,349 [INFO] Fetching Setanta Sports 3 from IPTV-ORG...
2026-08-23 11:23:19,421 [INFO] Launching batch scraper for 44 channels on tv.mar.tv...
2026-08-23 11:23:21,082 [INFO] Scraping rustavi2...
2026-08-23 11:23:26,074 [INFO]  -> Success: https://live8.mar.tv/1/4rd/index.m3u8
2026-08-23 11:23:26,109 [INFO] Scraping maestro...
2026-08-23 11:23:29,386 [INFO]  -> Success: https://live4.mar.tv/317a3ba1112bea3c87d060963acf9b79919ba6647eec28fb4d34597b29eb0735/352m/index.m3u8
2026-08-23 11:23:29,421 [INFO] Scraping marao...
2026-08-23 11:23:32,694 [INFO]  -> Success: https://live2.mar.tv/317a3ba1112bea3c87d060963acf9b79919ba6647eec28fb4d34597b29eb0735/12sd/index.m3u8
2026-08-23 11:23:32,730 [INFO] Scraping gds...
2026-08-23 11:23:36,007 [INFO]  -> Success: https://live1.mar.tv/317a3ba1112bea3c87d060963acf9b79919ba6647eec28fb4d34597b29eb0735/13sd/index.m3u8
2026-08-23 11:23:36,044 [INFO] Scraping comedy...
2026-08-23 11:23:39,319 [INFO]  -> Success: https://live4.mar.tv/317a3ba1112bea3c87d060963acf9b79919ba6647eec28fb4d34597b29eb0735/14rd/index.m3u8
2026-08-23 11:23:39,354 [INFO] Scraping bbb...
2026-08-23 11:23:42,629 [INFO]  -> Success: https://live2.mar.tv/317a3ba1112bea3c87d060963acf9b79919ba6647eec28fb4d34597b29eb0735/16sd/index.m3u8
2026-08-23 11:23:42,666 [INFO] Scraping enkibenki...
2026-08-23 11:23:45,943 [INFO]  -> Success: https://live2.mar.tv/317a3ba1112bea3c87d060963acf9b79919ba6647eec28fb4d34597b29eb0735/17e/index.m3u8
2026-08-23 11:23:45,985 [INFO] Scraping adjaratv...
2026-08-23 11:23:49,262 [INFO]  -> Success: https://live2.mar.tv/317a3ba1112bea3c87d060963acf9b79919ba6647eec28fb4d34597b29eb0735/19rd/index.m3u8
2026-08-23 11:23:49,299 [INFO] Scraping rionitv...
2026-08-23 11:23:52,582 [INFO]  -> Success: https://live6.mar.tv/317a3ba1112bea3c87d060963acf9b79919ba6647eec28fb4d34597b29eb0735/20rionn/index.m3u8
2026-08-23 11:23:52,615 [INFO] Scraping tv25...
2026-08-23 11:23:55,897 [INFO]  -> Success: https://live6.mar.tv/317a3ba1112bea3c87d060963acf9b79919ba6647eec28fb4d34597b29eb0735/23tv25/index.m3u8
2026-08-23 11:23:55,931 [INFO] Scraping tv4rustavi...
2026-08-23 11:23:59,209 [INFO]  -> Success: https://live6.mar.tv/317a3ba1112bea3c87d060963acf9b79919ba6647eec28fb4d34597b29eb0735/24tw4/index.m3u8
2026-08-23 11:23:59,243 [INFO] Scraping trialeti...
2026-08-23 11:24:02,519 [INFO]  -> Success: https://live6.mar.tv/317a3ba1112bea3c87d060963acf9b79919ba6647eec28fb4d34597b29eb0735/trialleti/index.m3u8
2026-08-23 11:24:02,552 [INFO] Scraping dardimandi...
2026-08-23 11:24:05,840 [INFO]  -> Success: https://live5.mar.tv/317a3ba1112bea3c87d060963acf9b79919ba6647eec28fb4d34597b29eb0735/27/index.m3u8
2026-08-23 11:24:05,875 [INFO] Scraping agro...
2026-08-23 11:24:09,150 [INFO]  -> Success: https://live5.mar.tv/317a3ba1112bea3c87d060963acf9b79919ba6647eec28fb4d34597b29eb0735/28/index.m3u8
2026-08-23 11:24:09,183 [INFO] Scraping samefo...
2026-08-23 11:24:12,462 [INFO]  -> Success: https://live5.mar.tv/317a3ba1112bea3c87d060963acf9b79919ba6647eec28fb4d34597b29eb0735/29/index.m3u8
2026-08-23 11:24:12,500 [INFO] Scraping postv...
2026-08-23 11:24:15,775 [INFO]  -> Success: https://live6.mar.tv/317a3ba1112bea3c87d060963acf9b79919ba6647eec28fb4d34597b29eb0735/postvw/index.m3u8
2026-08-23 11:24:15,808 [INFO] Scraping megatv...
2026-08-23 11:24:19,080 [INFO]  -> Success: https://live4.mar.tv/317a3ba1112bea3c87d060963acf9b79919ba6647eec28fb4d34597b29eb0735/32st/index.m3u8
2026-08-23 11:24:19,111 [INFO] Scraping qartuliarxi...
2026-08-23 11:24:22,388 [INFO]  -> Success: https://live6.mar.tv/317a3ba1112bea3c87d060963acf9b79919ba6647eec28fb4d34597b29eb0735/qartuli/index.m3u8
2026-08-23 11:24:22,425 [INFO] Scraping musicbox...
2026-08-23 11:24:25,702 [INFO]  -> Success: https://live6.mar.tv/317a3ba1112bea3c87d060963acf9b79919ba6647eec28fb4d34597b29eb0735/34musge/index.m3u8
2026-08-23 11:24:25,740 [INFO] Scraping marneuli...
2026-08-23 11:24:29,012 [INFO]  -> Success: https://live6.mar.tv/317a3ba1112bea3c87d060963acf9b79919ba6647eec28fb4d34597b29eb0735/37marn/index.m3u8
2026-08-23 11:24:29,046 [INFO] Scraping axaliformula...
2026-08-23 11:24:32,322 [INFO]  -> Success: https://live6.mar.tv/317a3ba1112bea3c87d060963acf9b79919ba6647eec28fb4d34597b29eb0735/axaliformla/index.m3u8
2026-08-23 11:24:32,356 [INFO] Scraping o2...
2026-08-23 11:24:35,632 [INFO]  -> Success: https://live5.mar.tv/317a3ba1112bea3c87d060963acf9b79919ba6647eec28fb4d34597b29eb0735/40/index.m3u8
2026-08-23 11:24:35,668 [INFO] Scraping guria...
2026-08-23 11:24:38,944 [INFO]  -> Success: https://live5.mar.tv/317a3ba1112bea3c87d060963acf9b79919ba6647eec28fb4d34597b29eb0735/42/index.m3u8
2026-08-23 11:24:38,982 [INFO] Scraping imervizia...
2026-08-23 11:24:42,260 [INFO]  -> Success: https://live6.mar.tv/317a3ba1112bea3c87d060963acf9b79919ba6647eec28fb4d34597b29eb0735/imervizia/index.m3u8
2026-08-23 11:24:42,293 [INFO] Scraping diatv...
2026-08-23 11:24:45,568 [INFO]  -> Success: https://live4.mar.tv/317a3ba1112bea3c87d060963acf9b79919ba6647eec28fb4d34597b29eb0735/dia/index.m3u8
2026-08-23 11:24:45,606 [INFO] Scraping chveniarxi...
2026-08-23 11:24:48,887 [INFO]  -> Success: https://live3.mar.tv/317a3ba1112bea3c87d060963acf9b79919ba6647eec28fb4d34597b29eb0735/45rd/index.m3u8
2026-08-23 11:24:48,920 [INFO] Scraping batumitv...
2026-08-23 11:24:52,206 [INFO]  -> Success: https://live5.mar.tv/317a3ba1112bea3c87d060963acf9b79919ba6647eec28fb4d34597b29eb0735/46/index.m3u8
2026-08-23 11:24:52,241 [INFO] Scraping rcheuli...
2026-08-23 11:24:55,516 [INFO]  -> Success: https://live5.mar.tv/317a3ba1112bea3c87d060963acf9b79919ba6647eec28fb4d34597b29eb0735/47/index.m3u8
2026-08-23 11:24:55,550 [INFO] Scraping gurjaani...
2026-08-23 11:24:58,826 [INFO]  -> Success: https://live4.mar.tv/317a3ba1112bea3c87d060963acf9b79919ba6647eec28fb4d34597b29eb0735/48m/index.m3u8
2026-08-23 11:24:58,861 [INFO] Scraping molitv...
2026-08-23 11:25:02,139 [INFO]  -> Success: https://live6.mar.tv/317a3ba1112bea3c87d060963acf9b79919ba6647eec28fb4d34597b29eb0735/mollltv/index.m3u8
2026-08-23 11:25:02,173 [INFO] Scraping mexute...
2026-08-23 11:25:05,449 [INFO]  -> Success: https://live6.mar.tv/317a3ba1112bea3c87d060963acf9b79919ba6647eec28fb4d34597b29eb0735/50/index.m3u8
2026-08-23 11:25:05,482 [INFO] Scraping agrogaremo...
2026-08-23 11:25:08,759 [INFO]  -> Success: https://live6.mar.tv/317a3ba1112bea3c87d060963acf9b79919ba6647eec28fb4d34597b29eb0735/agrogaremo/index.m3u8
2026-08-23 11:25:08,795 [INFO] Scraping artv...
2026-08-23 11:25:12,071 [INFO]  -> Success: https://live6.mar.tv/317a3ba1112bea3c87d060963acf9b79919ba6647eec28fb4d34597b29eb0735/tafutv/index.m3u8
2026-08-23 11:25:12,105 [INFO] Scraping meteo24...
2026-08-23 11:25:15,378 [INFO]  -> Success: https://live5.mar.tv/317a3ba1112bea3c87d060963acf9b79919ba6647eec28fb4d34597b29eb0735/56/index.m3u8
2026-08-23 11:25:15,412 [INFO] Scraping georgiantimes...
2026-08-23 11:25:18,690 [INFO]  -> Success: https://live5.mar.tv/317a3ba1112bea3c87d060963acf9b79919ba6647eec28fb4d34597b29eb0735/57/index.m3u8
2026-08-23 11:25:18,723 [INFO] Scraping silkuniversal...
2026-08-23 11:25:21,995 [INFO]  -> Success: https://live2.mar.tv/317a3ba1112bea3c87d060963acf9b79919ba6647eec28fb4d34597b29eb0735/1arxiweb/index.m3u8
2026-08-23 11:25:22,034 [INFO] Scraping rugbytv...
2026-08-23 11:25:25,309 [INFO]  -> Success: https://live4.mar.tv/317a3ba1112bea3c87d060963acf9b79919ba6647eec28fb4d34597b29eb0735/160m/index.m3u8
2026-08-23 11:25:25,343 [INFO] Scraping gms...
2026-08-23 11:25:28,620 [INFO]  -> Success: https://live5.mar.tv/317a3ba1112bea3c87d060963acf9b79919ba6647eec28fb4d34597b29eb0735/161/index.m3u8
2026-08-23 11:25:28,656 [INFO] Scraping aiatv...
2026-08-23 11:25:31,930 [INFO]  -> Success: https://live6.mar.tv/317a3ba1112bea3c87d060963acf9b79919ba6647eec28fb4d34597b29eb0735/aia/index.m3u8
2026-08-23 11:25:31,963 [INFO] Scraping batumi2...
2026-08-23 11:25:35,241 [INFO]  -> Success: https://live6.mar.tv/317a3ba1112bea3c87d060963acf9b79919ba6647eec28fb4d34597b29eb0735/batumitv2/index.m3u8
2026-08-23 11:25:35,275 [INFO] Scraping altinfo...
2026-08-23 11:25:38,549 [INFO]  -> Success: https://live6.mar.tv/317a3ba1112bea3c87d060963acf9b79919ba6647eec28fb4d34597b29eb0735/altinfo/index.m3u8
2026-08-23 11:25:38,585 [INFO] Scraping parliament...
2026-08-23 11:25:41,860 [INFO]  -> Success: https://live6.mar.tv/317a3ba1112bea3c87d060963acf9b79919ba6647eec28fb4d34597b29eb0735/parlament/index.m3u8
2026-08-23 11:25:41,894 [INFO] Scraping egrisi...
2026-08-23 11:25:45,169 [INFO]  -> Success: https://live6.mar.tv/317a3ba1112bea3c87d060963acf9b79919ba6647eec28fb4d34597b29eb0735/egrisi/index.m3u8
2026-08-23 11:25:45,202 [INFO] Scraping mzetv...
2026-08-23 11:25:48,477 [INFO]  -> Success: https://live6.mar.tv/317a3ba1112bea3c87d060963acf9b79919ba6647eec28fb4d34597b29eb0735/mze/index.m3u8
2026-08-23 11:25:48,532 [WARNING] Failed to find tvg-id="rustavi2" in georgia_channels.m3u
2026-08-23 11:25:48,532 [WARNING] Failed to find tvg-id="maestro" in georgia_channels.m3u
2026-08-23 11:25:48,532 [WARNING] Failed to find tvg-id="marao" in georgia_channels.m3u
2026-08-23 11:25:48,533 [WARNING] Failed to find tvg-id="gds" in georgia_channels.m3u
2026-08-23 11:25:48,533 [WARNING] Failed to find tvg-id="comedy" in georgia_channels.m3u
2026-08-23 11:25:48,533 [WARNING] Failed to find tvg-id="bbb" in georgia_channels.m3u
2026-08-23 11:25:48,533 [WARNING] Failed to find tvg-id="enkibenki" in georgia_channels.m3u
2026-08-23 11:25:48,533 [WARNING] Failed to find tvg-id="adjaratv" in georgia_channels.m3u
2026-08-23 11:25:48,533 [WARNING] Failed to find tvg-id="rionitv" in georgia_channels.m3u
2026-08-23 11:25:48,534 [WARNING] Failed to find tvg-id="tv25" in georgia_channels.m3u
2026-08-23 11:25:48,534 [WARNING] Failed to find tvg-id="tv4rustavi" in georgia_channels.m3u
2026-08-23 11:25:48,534 [WARNING] Failed to find tvg-id="trialeti" in georgia_channels.m3u
2026-08-23 11:25:48,534 [WARNING] Failed to find tvg-id="dardimandi" in georgia_channels.m3u
2026-08-23 11:25:48,534 [WARNING] Failed to find tvg-id="agro" in georgia_channels.m3u
2026-08-23 11:25:48,534 [WARNING] Failed to find tvg-id="samefo" in georgia_channels.m3u
2026-08-23 11:25:48,535 [WARNING] Failed to find tvg-id="postv" in georgia_channels.m3u
2026-08-23 11:25:48,535 [WARNING] Failed to find tvg-id="megatv" in georgia_channels.m3u
2026-08-23 11:25:48,535 [WARNING] Failed to find tvg-id="qartuliarxi" in georgia_channels.m3u
2026-08-23 11:25:48,535 [WARNING] Failed to find tvg-id="musicbox" in georgia_channels.m3u
2026-08-23 11:25:48,535 [WARNING] Failed to find tvg-id="marneuli" in georgia_channels.m3u
2026-08-23 11:25:48,535 [WARNING] Failed to find tvg-id="axaliformula" in georgia_channels.m3u
2026-08-23 11:25:48,535 [WARNING] Failed to find tvg-id="o2" in georgia_channels.m3u
2026-08-23 11:25:48,536 [WARNING] Failed to find tvg-id="guria" in georgia_channels.m3u
2026-08-23 11:25:48,536 [WARNING] Failed to find tvg-id="imervizia" in georgia_channels.m3u
2026-08-23 11:25:48,536 [WARNING] Failed to find tvg-id="diatv" in georgia_channels.m3u
2026-08-23 11:25:48,536 [WARNING] Failed to find tvg-id="chveniarxi" in georgia_channels.m3u
2026-08-23 11:25:48,536 [WARNING] Failed to find tvg-id="batumitv" in georgia_channels.m3u
2026-08-23 11:25:48,536 [WARNING] Failed to find tvg-id="rcheuli" in georgia_channels.m3u
2026-08-23 11:25:48,537 [WARNING] Failed to find tvg-id="gurjaani" in georgia_channels.m3u
2026-08-23 11:25:48,537 [WARNING] Failed to find tvg-id="molitv" in georgia_channels.m3u
2026-08-23 11:25:48,537 [WARNING] Failed to find tvg-id="mexute" in georgia_channels.m3u
2026-08-23 11:25:48,537 [WARNING] Failed to find tvg-id="agrogaremo" in georgia_channels.m3u
2026-08-23 11:25:48,537 [WARNING] Failed to find tvg-id="artv" in georgia_channels.m3u
2026-08-23 11:25:48,537 [WARNING] Failed to find tvg-id="meteo24" in georgia_channels.m3u
2026-08-23 11:25:48,537 [WARNING] Failed to find tvg-id="georgiantimes" in georgia_channels.m3u
2026-08-23 11:25:48,538 [WARNING] Failed to find tvg-id="silkuniversal" in georgia_channels.m3u
2026-08-23 11:25:48,538 [WARNING] Failed to find tvg-id="rugbytv" in georgia_channels.m3u
2026-08-23 11:25:48,538 [WARNING] Failed to find tvg-id="gms" in georgia_channels.m3u
2026-08-23 11:25:48,538 [WARNING] Failed to find tvg-id="aiatv" in georgia_channels.m3u
2026-08-23 11:25:48,538 [WARNING] Failed to find tvg-id="batumi2" in georgia_channels.m3u
2026-08-23 11:25:48,538 [WARNING] Failed to find tvg-id="altinfo" in georgia_channels.m3u
2026-08-23 11:25:48,539 [WARNING] Failed to find tvg-id="parliament" in georgia_channels.m3u
2026-08-23 11:25:48,539 [WARNING] Failed to find tvg-id="egrisi" in georgia_channels.m3u
2026-08-23 11:25:48,539 [WARNING] Failed to find tvg-id="mzetv" in georgia_channels.m3u
2026-08-23 11:25:48,539 [INFO] No file changes were made.
2026-08-23 11:25:48,539 [INFO] === UPDATE EXECUTION FINISHED ===
