2026-08-25 06:52:55,419 [INFO] === UPDATE EXECUTION STARTED ===
2026-08-25 06:52:55,420 [INFO] Fetching Setanta Sports 3 from IPTV-ORG...
2026-08-25 06:52:55,548 [INFO] Launching batch scraper for 44 channels on tv.mar.tv...
2026-08-25 06:52:56,909 [INFO] Scraping rustavi2...
2026-08-25 06:53:02,102 [INFO]  -> Success: https://live8.mar.tv/1/4rd/index.m3u8
2026-08-25 06:53:02,142 [INFO] Scraping maestro...
2026-08-25 06:53:05,452 [INFO]  -> Success: https://live4.mar.tv/6df6ab08d843dd07d7c28b058a33188d60596b814feedd1e8f3e0843c056b62b/352m/index.m3u8
2026-08-25 06:53:05,487 [INFO] Scraping marao...
2026-08-25 06:53:08,788 [INFO]  -> Success: https://live2.mar.tv/6df6ab08d843dd07d7c28b058a33188d60596b814feedd1e8f3e0843c056b62b/12sd/index.m3u8
2026-08-25 06:53:08,824 [INFO] Scraping gds...
2026-08-25 06:53:12,128 [INFO]  -> Success: https://live1.mar.tv/6df6ab08d843dd07d7c28b058a33188d60596b814feedd1e8f3e0843c056b62b/13sd/index.m3u8
2026-08-25 06:53:12,165 [INFO] Scraping comedy...
2026-08-25 06:53:15,468 [INFO]  -> Success: https://live4.mar.tv/6df6ab08d843dd07d7c28b058a33188d60596b814feedd1e8f3e0843c056b62b/14rd/index.m3u8
2026-08-25 06:53:15,500 [INFO] Scraping bbb...
2026-08-25 06:53:18,800 [INFO]  -> Success: https://live2.mar.tv/6df6ab08d843dd07d7c28b058a33188d60596b814feedd1e8f3e0843c056b62b/16sd/index.m3u8
2026-08-25 06:53:18,842 [INFO] Scraping enkibenki...
2026-08-25 06:53:22,148 [INFO]  -> Success: https://live2.mar.tv/6df6ab08d843dd07d7c28b058a33188d60596b814feedd1e8f3e0843c056b62b/17e/index.m3u8
2026-08-25 06:53:22,185 [INFO] Scraping adjaratv...
2026-08-25 06:53:25,488 [INFO]  -> Success: https://live2.mar.tv/6df6ab08d843dd07d7c28b058a33188d60596b814feedd1e8f3e0843c056b62b/19rd/index.m3u8
2026-08-25 06:53:25,522 [INFO] Scraping rionitv...
2026-08-25 06:53:28,824 [INFO]  -> Success: https://live6.mar.tv/6df6ab08d843dd07d7c28b058a33188d60596b814feedd1e8f3e0843c056b62b/20rionn/index.m3u8
2026-08-25 06:53:28,861 [INFO] Scraping tv25...
2026-08-25 06:53:32,167 [INFO]  -> Success: https://live6.mar.tv/6df6ab08d843dd07d7c28b058a33188d60596b814feedd1e8f3e0843c056b62b/23tv25/index.m3u8
2026-08-25 06:53:32,204 [INFO] Scraping tv4rustavi...
2026-08-25 06:53:35,514 [INFO]  -> Success: https://live6.mar.tv/6df6ab08d843dd07d7c28b058a33188d60596b814feedd1e8f3e0843c056b62b/24tw4/index.m3u8
2026-08-25 06:53:35,546 [INFO] Scraping trialeti...
2026-08-25 06:53:38,843 [INFO]  -> Success: https://live6.mar.tv/6df6ab08d843dd07d7c28b058a33188d60596b814feedd1e8f3e0843c056b62b/trialleti/index.m3u8
2026-08-25 06:53:38,877 [INFO] Scraping dardimandi...
2026-08-25 06:53:42,180 [INFO]  -> Success: https://live5.mar.tv/6df6ab08d843dd07d7c28b058a33188d60596b814feedd1e8f3e0843c056b62b/27/index.m3u8
2026-08-25 06:53:42,211 [INFO] Scraping agro...
2026-08-25 06:53:45,507 [INFO]  -> Success: https://live5.mar.tv/6df6ab08d843dd07d7c28b058a33188d60596b814feedd1e8f3e0843c056b62b/28/index.m3u8
2026-08-25 06:53:45,542 [INFO] Scraping samefo...
2026-08-25 06:53:48,846 [INFO]  -> Success: https://live5.mar.tv/6df6ab08d843dd07d7c28b058a33188d60596b814feedd1e8f3e0843c056b62b/29/index.m3u8
2026-08-25 06:53:48,880 [INFO] Scraping postv...
2026-08-25 06:53:52,182 [INFO]  -> Success: https://live6.mar.tv/6df6ab08d843dd07d7c28b058a33188d60596b814feedd1e8f3e0843c056b62b/postvw/index.m3u8
2026-08-25 06:53:52,219 [INFO] Scraping megatv...
2026-08-25 06:53:55,525 [INFO]  -> Success: https://live4.mar.tv/6df6ab08d843dd07d7c28b058a33188d60596b814feedd1e8f3e0843c056b62b/32st/index.m3u8
2026-08-25 06:53:55,560 [INFO] Scraping qartuliarxi...
2026-08-25 06:53:58,860 [INFO]  -> Success: https://live6.mar.tv/6df6ab08d843dd07d7c28b058a33188d60596b814feedd1e8f3e0843c056b62b/qartuli/index.m3u8
2026-08-25 06:53:58,894 [INFO] Scraping musicbox...
2026-08-25 06:54:02,197 [INFO]  -> Success: https://live6.mar.tv/6df6ab08d843dd07d7c28b058a33188d60596b814feedd1e8f3e0843c056b62b/34musge/index.m3u8
2026-08-25 06:54:02,231 [INFO] Scraping marneuli...
2026-08-25 06:54:05,533 [INFO]  -> Success: https://live6.mar.tv/6df6ab08d843dd07d7c28b058a33188d60596b814feedd1e8f3e0843c056b62b/37marn/index.m3u8
2026-08-25 06:54:05,567 [INFO] Scraping axaliformula...
2026-08-25 06:54:08,867 [INFO]  -> Success: https://live6.mar.tv/6df6ab08d843dd07d7c28b058a33188d60596b814feedd1e8f3e0843c056b62b/axaliformla/index.m3u8
2026-08-25 06:54:08,900 [INFO] Scraping o2...
2026-08-25 06:54:12,200 [INFO]  -> Success: https://live5.mar.tv/6df6ab08d843dd07d7c28b058a33188d60596b814feedd1e8f3e0843c056b62b/40/index.m3u8
2026-08-25 06:54:12,231 [INFO] Scraping guria...
2026-08-25 06:54:15,536 [INFO]  -> Success: https://live5.mar.tv/6df6ab08d843dd07d7c28b058a33188d60596b814feedd1e8f3e0843c056b62b/42/index.m3u8
2026-08-25 06:54:15,569 [INFO] Scraping imervizia...
2026-08-25 06:54:18,868 [INFO]  -> Success: https://live6.mar.tv/6df6ab08d843dd07d7c28b058a33188d60596b814feedd1e8f3e0843c056b62b/imervizia/index.m3u8
2026-08-25 06:54:18,902 [INFO] Scraping diatv...
2026-08-25 06:54:22,204 [INFO]  -> Success: https://live4.mar.tv/6df6ab08d843dd07d7c28b058a33188d60596b814feedd1e8f3e0843c056b62b/dia/index.m3u8
2026-08-25 06:54:22,236 [INFO] Scraping chveniarxi...
2026-08-25 06:54:25,537 [INFO]  -> Success: https://live3.mar.tv/6df6ab08d843dd07d7c28b058a33188d60596b814feedd1e8f3e0843c056b62b/45rd/index.m3u8
2026-08-25 06:54:25,571 [INFO] Scraping batumitv...
2026-08-25 06:54:28,867 [INFO]  -> Success: https://live5.mar.tv/6df6ab08d843dd07d7c28b058a33188d60596b814feedd1e8f3e0843c056b62b/46/index.m3u8
2026-08-25 06:54:28,904 [INFO] Scraping rcheuli...
2026-08-25 06:54:32,203 [INFO]  -> Success: https://live5.mar.tv/6df6ab08d843dd07d7c28b058a33188d60596b814feedd1e8f3e0843c056b62b/47/index.m3u8
2026-08-25 06:54:32,235 [INFO] Scraping gurjaani...
2026-08-25 06:54:35,535 [INFO]  -> Success: https://live4.mar.tv/6df6ab08d843dd07d7c28b058a33188d60596b814feedd1e8f3e0843c056b62b/48m/index.m3u8
2026-08-25 06:54:35,569 [INFO] Scraping molitv...
2026-08-25 06:54:38,868 [INFO]  -> Success: https://live6.mar.tv/6df6ab08d843dd07d7c28b058a33188d60596b814feedd1e8f3e0843c056b62b/mollltv/index.m3u8
2026-08-25 06:54:38,900 [INFO] Scraping mexute...
2026-08-25 06:54:42,199 [INFO]  -> Success: https://live6.mar.tv/6df6ab08d843dd07d7c28b058a33188d60596b814feedd1e8f3e0843c056b62b/50/index.m3u8
2026-08-25 06:54:42,231 [INFO] Scraping agrogaremo...
2026-08-25 06:54:45,537 [INFO]  -> Success: https://live6.mar.tv/6df6ab08d843dd07d7c28b058a33188d60596b814feedd1e8f3e0843c056b62b/agrogaremo/index.m3u8
2026-08-25 06:54:45,570 [INFO] Scraping artv...
2026-08-25 06:54:48,878 [INFO]  -> Success: https://live6.mar.tv/6df6ab08d843dd07d7c28b058a33188d60596b814feedd1e8f3e0843c056b62b/tafutv/index.m3u8
2026-08-25 06:54:48,911 [INFO] Scraping meteo24...
2026-08-25 06:54:52,210 [INFO]  -> Success: https://live5.mar.tv/6df6ab08d843dd07d7c28b058a33188d60596b814feedd1e8f3e0843c056b62b/56/index.m3u8
2026-08-25 06:54:52,243 [INFO] Scraping georgiantimes...
2026-08-25 06:54:55,554 [INFO]  -> Success: https://live5.mar.tv/6df6ab08d843dd07d7c28b058a33188d60596b814feedd1e8f3e0843c056b62b/57/index.m3u8
2026-08-25 06:54:55,588 [INFO] Scraping silkuniversal...
2026-08-25 06:54:58,887 [INFO]  -> Success: https://live2.mar.tv/6df6ab08d843dd07d7c28b058a33188d60596b814feedd1e8f3e0843c056b62b/1arxiweb/index.m3u8
2026-08-25 06:54:58,924 [INFO] Scraping rugbytv...
2026-08-25 06:55:02,229 [INFO]  -> Success: https://live4.mar.tv/6df6ab08d843dd07d7c28b058a33188d60596b814feedd1e8f3e0843c056b62b/160m/index.m3u8
2026-08-25 06:55:02,262 [INFO] Scraping gms...
2026-08-25 06:55:05,565 [INFO]  -> Success: https://live5.mar.tv/6df6ab08d843dd07d7c28b058a33188d60596b814feedd1e8f3e0843c056b62b/161/index.m3u8
2026-08-25 06:55:05,599 [INFO] Scraping aiatv...
2026-08-25 06:55:08,898 [INFO]  -> Success: https://live6.mar.tv/6df6ab08d843dd07d7c28b058a33188d60596b814feedd1e8f3e0843c056b62b/aia/index.m3u8
2026-08-25 06:55:08,932 [INFO] Scraping batumi2...
2026-08-25 06:55:12,236 [INFO]  -> Success: https://live6.mar.tv/6df6ab08d843dd07d7c28b058a33188d60596b814feedd1e8f3e0843c056b62b/batumitv2/index.m3u8
2026-08-25 06:55:12,271 [INFO] Scraping altinfo...
2026-08-25 06:55:15,575 [INFO]  -> Success: https://live6.mar.tv/6df6ab08d843dd07d7c28b058a33188d60596b814feedd1e8f3e0843c056b62b/altinfo/index.m3u8
2026-08-25 06:55:15,606 [INFO] Scraping parliament...
2026-08-25 06:55:18,928 [INFO]  -> Success: https://live6.mar.tv/6df6ab08d843dd07d7c28b058a33188d60596b814feedd1e8f3e0843c056b62b/parlament/index.m3u8
2026-08-25 06:55:18,961 [INFO] Scraping egrisi...
2026-08-25 06:55:22,262 [INFO]  -> Success: https://live6.mar.tv/6df6ab08d843dd07d7c28b058a33188d60596b814feedd1e8f3e0843c056b62b/egrisi/index.m3u8
2026-08-25 06:55:22,297 [INFO] Scraping mzetv...
2026-08-25 06:55:25,601 [INFO]  -> Success: https://live6.mar.tv/6df6ab08d843dd07d7c28b058a33188d60596b814feedd1e8f3e0843c056b62b/mze/index.m3u8
2026-08-25 06:55:25,646 [WARNING] Failed to find tvg-id="rustavi2" in georgia_channels.m3u
2026-08-25 06:55:25,646 [WARNING] Failed to find tvg-id="maestro" in georgia_channels.m3u
2026-08-25 06:55:25,646 [WARNING] Failed to find tvg-id="marao" in georgia_channels.m3u
2026-08-25 06:55:25,647 [WARNING] Failed to find tvg-id="gds" in georgia_channels.m3u
2026-08-25 06:55:25,647 [WARNING] Failed to find tvg-id="comedy" in georgia_channels.m3u
2026-08-25 06:55:25,647 [WARNING] Failed to find tvg-id="bbb" in georgia_channels.m3u
2026-08-25 06:55:25,647 [WARNING] Failed to find tvg-id="enkibenki" in georgia_channels.m3u
2026-08-25 06:55:25,647 [WARNING] Failed to find tvg-id="adjaratv" in georgia_channels.m3u
2026-08-25 06:55:25,647 [WARNING] Failed to find tvg-id="rionitv" in georgia_channels.m3u
2026-08-25 06:55:25,648 [WARNING] Failed to find tvg-id="tv25" in georgia_channels.m3u
2026-08-25 06:55:25,648 [WARNING] Failed to find tvg-id="tv4rustavi" in georgia_channels.m3u
2026-08-25 06:55:25,648 [WARNING] Failed to find tvg-id="trialeti" in georgia_channels.m3u
2026-08-25 06:55:25,648 [WARNING] Failed to find tvg-id="dardimandi" in georgia_channels.m3u
2026-08-25 06:55:25,648 [WARNING] Failed to find tvg-id="agro" in georgia_channels.m3u
2026-08-25 06:55:25,648 [WARNING] Failed to find tvg-id="samefo" in georgia_channels.m3u
2026-08-25 06:55:25,649 [WARNING] Failed to find tvg-id="postv" in georgia_channels.m3u
2026-08-25 06:55:25,649 [WARNING] Failed to find tvg-id="megatv" in georgia_channels.m3u
2026-08-25 06:55:25,649 [WARNING] Failed to find tvg-id="qartuliarxi" in georgia_channels.m3u
2026-08-25 06:55:25,649 [WARNING] Failed to find tvg-id="musicbox" in georgia_channels.m3u
2026-08-25 06:55:25,649 [WARNING] Failed to find tvg-id="marneuli" in georgia_channels.m3u
2026-08-25 06:55:25,649 [WARNING] Failed to find tvg-id="axaliformula" in georgia_channels.m3u
2026-08-25 06:55:25,649 [WARNING] Failed to find tvg-id="o2" in georgia_channels.m3u
2026-08-25 06:55:25,650 [WARNING] Failed to find tvg-id="guria" in georgia_channels.m3u
2026-08-25 06:55:25,650 [WARNING] Failed to find tvg-id="imervizia" in georgia_channels.m3u
2026-08-25 06:55:25,650 [WARNING] Failed to find tvg-id="diatv" in georgia_channels.m3u
2026-08-25 06:55:25,650 [WARNING] Failed to find tvg-id="chveniarxi" in georgia_channels.m3u
2026-08-25 06:55:25,650 [WARNING] Failed to find tvg-id="batumitv" in georgia_channels.m3u
2026-08-25 06:55:25,650 [WARNING] Failed to find tvg-id="rcheuli" in georgia_channels.m3u
2026-08-25 06:55:25,651 [WARNING] Failed to find tvg-id="gurjaani" in georgia_channels.m3u
2026-08-25 06:55:25,651 [WARNING] Failed to find tvg-id="molitv" in georgia_channels.m3u
2026-08-25 06:55:25,651 [WARNING] Failed to find tvg-id="mexute" in georgia_channels.m3u
2026-08-25 06:55:25,651 [WARNING] Failed to find tvg-id="agrogaremo" in georgia_channels.m3u
2026-08-25 06:55:25,651 [WARNING] Failed to find tvg-id="artv" in georgia_channels.m3u
2026-08-25 06:55:25,651 [WARNING] Failed to find tvg-id="meteo24" in georgia_channels.m3u
2026-08-25 06:55:25,651 [WARNING] Failed to find tvg-id="georgiantimes" in georgia_channels.m3u
2026-08-25 06:55:25,652 [WARNING] Failed to find tvg-id="silkuniversal" in georgia_channels.m3u
2026-08-25 06:55:25,652 [WARNING] Failed to find tvg-id="rugbytv" in georgia_channels.m3u
2026-08-25 06:55:25,652 [WARNING] Failed to find tvg-id="gms" in georgia_channels.m3u
2026-08-25 06:55:25,652 [WARNING] Failed to find tvg-id="aiatv" in georgia_channels.m3u
2026-08-25 06:55:25,652 [WARNING] Failed to find tvg-id="batumi2" in georgia_channels.m3u
2026-08-25 06:55:25,652 [WARNING] Failed to find tvg-id="altinfo" in georgia_channels.m3u
2026-08-25 06:55:25,653 [WARNING] Failed to find tvg-id="parliament" in georgia_channels.m3u
2026-08-25 06:55:25,653 [WARNING] Failed to find tvg-id="egrisi" in georgia_channels.m3u
2026-08-25 06:55:25,653 [WARNING] Failed to find tvg-id="mzetv" in georgia_channels.m3u
2026-08-25 06:55:25,653 [INFO] No file changes were made.
2026-08-25 06:55:25,653 [INFO] === UPDATE EXECUTION FINISHED ===
