2026-08-21 14:38:33,330 [INFO] === UPDATE EXECUTION STARTED ===
2026-08-21 14:38:33,330 [INFO] Fetching Setanta Sports 3 from IPTV-ORG...
2026-08-21 14:38:33,464 [INFO] Launching batch scraper for 44 channels on tv.mar.tv...
2026-08-21 14:38:33,979 [INFO] Scraping rustavi2...
2026-08-21 14:38:39,555 [INFO]  -> Success: https://live8.mar.tv/1/4rd/index.m3u8
2026-08-21 14:38:39,589 [INFO] Scraping maestro...
2026-08-21 14:38:42,910 [INFO]  -> Success: https://live4.mar.tv/b1c21bc9e857542736fd5318c17888786d51ba79155140449655d20aeba339a1/352m/index.m3u8
2026-08-21 14:38:42,939 [INFO] Scraping marao...
2026-08-21 14:38:46,257 [INFO]  -> Success: https://live2.mar.tv/b1c21bc9e857542736fd5318c17888786d51ba79155140449655d20aeba339a1/12sd/index.m3u8
2026-08-21 14:38:46,285 [INFO] Scraping gds...
2026-08-21 14:38:49,597 [INFO]  -> Success: https://live1.mar.tv/b1c21bc9e857542736fd5318c17888786d51ba79155140449655d20aeba339a1/13sd/index.m3u8
2026-08-21 14:38:49,627 [INFO] Scraping comedy...
2026-08-21 14:38:52,941 [INFO]  -> Success: https://live4.mar.tv/b1c21bc9e857542736fd5318c17888786d51ba79155140449655d20aeba339a1/14rd/index.m3u8
2026-08-21 14:38:52,970 [INFO] Scraping bbb...
2026-08-21 14:38:56,281 [INFO]  -> Success: https://live2.mar.tv/b1c21bc9e857542736fd5318c17888786d51ba79155140449655d20aeba339a1/16sd/index.m3u8
2026-08-21 14:38:56,313 [INFO] Scraping enkibenki...
2026-08-21 14:38:59,626 [INFO]  -> Success: https://live2.mar.tv/b1c21bc9e857542736fd5318c17888786d51ba79155140449655d20aeba339a1/17e/index.m3u8
2026-08-21 14:38:59,657 [INFO] Scraping adjaratv...
2026-08-21 14:39:02,973 [INFO]  -> Success: https://live2.mar.tv/b1c21bc9e857542736fd5318c17888786d51ba79155140449655d20aeba339a1/19rd/index.m3u8
2026-08-21 14:39:03,004 [INFO] Scraping rionitv...
2026-08-21 14:39:06,525 [INFO]  -> Success: https://live6.mar.tv/b1c21bc9e857542736fd5318c17888786d51ba79155140449655d20aeba339a1/20rionn/index.m3u8
2026-08-21 14:39:06,555 [INFO] Scraping tv25...
2026-08-21 14:39:09,881 [INFO]  -> Success: https://live6.mar.tv/b1c21bc9e857542736fd5318c17888786d51ba79155140449655d20aeba339a1/23tv25/index.m3u8
2026-08-21 14:39:09,915 [INFO] Scraping tv4rustavi...
2026-08-21 14:39:13,240 [INFO]  -> Success: https://live6.mar.tv/b1c21bc9e857542736fd5318c17888786d51ba79155140449655d20aeba339a1/24tw4/index.m3u8
2026-08-21 14:39:13,270 [INFO] Scraping trialeti...
2026-08-21 14:39:16,590 [INFO]  -> Success: https://live6.mar.tv/b1c21bc9e857542736fd5318c17888786d51ba79155140449655d20aeba339a1/trialleti/index.m3u8
2026-08-21 14:39:16,621 [INFO] Scraping dardimandi...
2026-08-21 14:39:19,943 [INFO]  -> Success: https://live5.mar.tv/b1c21bc9e857542736fd5318c17888786d51ba79155140449655d20aeba339a1/27/index.m3u8
2026-08-21 14:39:19,971 [INFO] Scraping agro...
2026-08-21 14:39:23,293 [INFO]  -> Success: https://live5.mar.tv/b1c21bc9e857542736fd5318c17888786d51ba79155140449655d20aeba339a1/28/index.m3u8
2026-08-21 14:39:23,326 [INFO] Scraping samefo...
2026-08-21 14:39:26,653 [INFO]  -> Success: https://live5.mar.tv/b1c21bc9e857542736fd5318c17888786d51ba79155140449655d20aeba339a1/29/index.m3u8
2026-08-21 14:39:26,685 [INFO] Scraping postv...
2026-08-21 14:39:30,006 [INFO]  -> Success: https://live6.mar.tv/b1c21bc9e857542736fd5318c17888786d51ba79155140449655d20aeba339a1/postvw/index.m3u8
2026-08-21 14:39:30,037 [INFO] Scraping megatv...
2026-08-21 14:39:33,360 [INFO]  -> Success: https://live4.mar.tv/b1c21bc9e857542736fd5318c17888786d51ba79155140449655d20aeba339a1/32st/index.m3u8
2026-08-21 14:39:33,389 [INFO] Scraping qartuliarxi...
2026-08-21 14:39:36,712 [INFO]  -> Success: https://live6.mar.tv/b1c21bc9e857542736fd5318c17888786d51ba79155140449655d20aeba339a1/qartuli/index.m3u8
2026-08-21 14:39:36,743 [INFO] Scraping musicbox...
2026-08-21 14:39:40,064 [INFO]  -> Success: https://live6.mar.tv/b1c21bc9e857542736fd5318c17888786d51ba79155140449655d20aeba339a1/34musge/index.m3u8
2026-08-21 14:39:40,094 [INFO] Scraping marneuli...
2026-08-21 14:39:43,416 [INFO]  -> Success: https://live6.mar.tv/b1c21bc9e857542736fd5318c17888786d51ba79155140449655d20aeba339a1/37marn/index.m3u8
2026-08-21 14:39:43,446 [INFO] Scraping axaliformula...
2026-08-21 14:39:46,767 [INFO]  -> Success: https://live6.mar.tv/b1c21bc9e857542736fd5318c17888786d51ba79155140449655d20aeba339a1/axaliformla/index.m3u8
2026-08-21 14:39:46,797 [INFO] Scraping o2...
2026-08-21 14:39:50,118 [INFO]  -> Success: https://live5.mar.tv/b1c21bc9e857542736fd5318c17888786d51ba79155140449655d20aeba339a1/40/index.m3u8
2026-08-21 14:39:50,148 [INFO] Scraping guria...
2026-08-21 14:39:53,470 [INFO]  -> Success: https://live5.mar.tv/b1c21bc9e857542736fd5318c17888786d51ba79155140449655d20aeba339a1/42/index.m3u8
2026-08-21 14:39:53,499 [INFO] Scraping imervizia...
2026-08-21 14:39:56,819 [INFO]  -> Success: https://live6.mar.tv/b1c21bc9e857542736fd5318c17888786d51ba79155140449655d20aeba339a1/imervizia/index.m3u8
2026-08-21 14:39:56,854 [INFO] Scraping diatv...
2026-08-21 14:40:00,177 [INFO]  -> Success: https://live4.mar.tv/b1c21bc9e857542736fd5318c17888786d51ba79155140449655d20aeba339a1/dia/index.m3u8
2026-08-21 14:40:00,210 [INFO] Scraping chveniarxi...
2026-08-21 14:40:03,532 [INFO]  -> Success: https://live3.mar.tv/b1c21bc9e857542736fd5318c17888786d51ba79155140449655d20aeba339a1/45rd/index.m3u8
2026-08-21 14:40:03,564 [INFO] Scraping batumitv...
2026-08-21 14:40:06,885 [INFO]  -> Success: https://live5.mar.tv/b1c21bc9e857542736fd5318c17888786d51ba79155140449655d20aeba339a1/46/index.m3u8
2026-08-21 14:40:06,917 [INFO] Scraping rcheuli...
2026-08-21 14:40:10,234 [INFO]  -> Success: https://live5.mar.tv/b1c21bc9e857542736fd5318c17888786d51ba79155140449655d20aeba339a1/47/index.m3u8
2026-08-21 14:40:10,267 [INFO] Scraping gurjaani...
2026-08-21 14:40:13,591 [INFO]  -> Success: https://live4.mar.tv/b1c21bc9e857542736fd5318c17888786d51ba79155140449655d20aeba339a1/48m/index.m3u8
2026-08-21 14:40:13,626 [INFO] Scraping molitv...
2026-08-21 14:40:16,953 [INFO]  -> Success: https://live6.mar.tv/b1c21bc9e857542736fd5318c17888786d51ba79155140449655d20aeba339a1/mollltv/index.m3u8
2026-08-21 14:40:16,986 [INFO] Scraping mexute...
2026-08-21 14:40:20,307 [INFO]  -> Success: https://live6.mar.tv/b1c21bc9e857542736fd5318c17888786d51ba79155140449655d20aeba339a1/50/index.m3u8
2026-08-21 14:40:20,339 [INFO] Scraping agrogaremo...
2026-08-21 14:40:23,664 [INFO]  -> Success: https://live6.mar.tv/b1c21bc9e857542736fd5318c17888786d51ba79155140449655d20aeba339a1/agrogaremo/index.m3u8
2026-08-21 14:40:23,691 [INFO] Scraping artv...
2026-08-21 14:40:27,011 [INFO]  -> Success: https://live6.mar.tv/b1c21bc9e857542736fd5318c17888786d51ba79155140449655d20aeba339a1/tafutv/index.m3u8
2026-08-21 14:40:27,040 [INFO] Scraping meteo24...
2026-08-21 14:40:30,358 [INFO]  -> Success: https://live5.mar.tv/b1c21bc9e857542736fd5318c17888786d51ba79155140449655d20aeba339a1/56/index.m3u8
2026-08-21 14:40:30,388 [INFO] Scraping georgiantimes...
2026-08-21 14:40:33,706 [INFO]  -> Success: https://live5.mar.tv/b1c21bc9e857542736fd5318c17888786d51ba79155140449655d20aeba339a1/57/index.m3u8
2026-08-21 14:40:33,736 [INFO] Scraping silkuniversal...
2026-08-21 14:40:37,105 [INFO]  -> Success: https://live2.mar.tv/b1c21bc9e857542736fd5318c17888786d51ba79155140449655d20aeba339a1/1arxiweb/index.m3u8
2026-08-21 14:40:37,132 [INFO] Scraping rugbytv...
2026-08-21 14:40:40,447 [INFO]  -> Success: https://live4.mar.tv/b1c21bc9e857542736fd5318c17888786d51ba79155140449655d20aeba339a1/160m/index.m3u8
2026-08-21 14:40:40,479 [INFO] Scraping gms...
2026-08-21 14:40:43,795 [INFO]  -> Success: https://live5.mar.tv/b1c21bc9e857542736fd5318c17888786d51ba79155140449655d20aeba339a1/161/index.m3u8
2026-08-21 14:40:43,826 [INFO] Scraping aiatv...
2026-08-21 14:40:47,135 [INFO]  -> Success: https://live6.mar.tv/b1c21bc9e857542736fd5318c17888786d51ba79155140449655d20aeba339a1/aia/index.m3u8
2026-08-21 14:40:47,170 [INFO] Scraping batumi2...
2026-08-21 14:40:50,487 [INFO]  -> Success: https://live6.mar.tv/b1c21bc9e857542736fd5318c17888786d51ba79155140449655d20aeba339a1/batumitv2/index.m3u8
2026-08-21 14:40:50,521 [INFO] Scraping altinfo...
2026-08-21 14:40:53,837 [INFO]  -> Success: https://live6.mar.tv/b1c21bc9e857542736fd5318c17888786d51ba79155140449655d20aeba339a1/altinfo/index.m3u8
2026-08-21 14:40:53,868 [INFO] Scraping parliament...
2026-08-21 14:40:57,189 [INFO]  -> Success: https://live6.mar.tv/b1c21bc9e857542736fd5318c17888786d51ba79155140449655d20aeba339a1/parlament/index.m3u8
2026-08-21 14:40:57,220 [INFO] Scraping egrisi...
2026-08-21 14:41:00,527 [INFO]  -> Success: https://live6.mar.tv/b1c21bc9e857542736fd5318c17888786d51ba79155140449655d20aeba339a1/egrisi/index.m3u8
2026-08-21 14:41:00,554 [INFO] Scraping mzetv...
2026-08-21 14:41:03,866 [INFO]  -> Success: https://live6.mar.tv/b1c21bc9e857542736fd5318c17888786d51ba79155140449655d20aeba339a1/mze/index.m3u8
2026-08-21 14:41:03,907 [WARNING] Failed to find tvg-id="rustavi2" in georgia_channels.m3u
2026-08-21 14:41:03,907 [WARNING] Failed to find tvg-id="maestro" in georgia_channels.m3u
2026-08-21 14:41:03,907 [WARNING] Failed to find tvg-id="marao" in georgia_channels.m3u
2026-08-21 14:41:03,907 [WARNING] Failed to find tvg-id="gds" in georgia_channels.m3u
2026-08-21 14:41:03,908 [WARNING] Failed to find tvg-id="comedy" in georgia_channels.m3u
2026-08-21 14:41:03,908 [WARNING] Failed to find tvg-id="bbb" in georgia_channels.m3u
2026-08-21 14:41:03,908 [WARNING] Failed to find tvg-id="enkibenki" in georgia_channels.m3u
2026-08-21 14:41:03,908 [WARNING] Failed to find tvg-id="adjaratv" in georgia_channels.m3u
2026-08-21 14:41:03,908 [WARNING] Failed to find tvg-id="rionitv" in georgia_channels.m3u
2026-08-21 14:41:03,909 [WARNING] Failed to find tvg-id="tv25" in georgia_channels.m3u
2026-08-21 14:41:03,909 [WARNING] Failed to find tvg-id="tv4rustavi" in georgia_channels.m3u
2026-08-21 14:41:03,909 [WARNING] Failed to find tvg-id="trialeti" in georgia_channels.m3u
2026-08-21 14:41:03,909 [WARNING] Failed to find tvg-id="dardimandi" in georgia_channels.m3u
2026-08-21 14:41:03,909 [WARNING] Failed to find tvg-id="agro" in georgia_channels.m3u
2026-08-21 14:41:03,909 [WARNING] Failed to find tvg-id="samefo" in georgia_channels.m3u
2026-08-21 14:41:03,910 [WARNING] Failed to find tvg-id="postv" in georgia_channels.m3u
2026-08-21 14:41:03,910 [WARNING] Failed to find tvg-id="megatv" in georgia_channels.m3u
2026-08-21 14:41:03,910 [WARNING] Failed to find tvg-id="qartuliarxi" in georgia_channels.m3u
2026-08-21 14:41:03,910 [WARNING] Failed to find tvg-id="musicbox" in georgia_channels.m3u
2026-08-21 14:41:03,910 [WARNING] Failed to find tvg-id="marneuli" in georgia_channels.m3u
2026-08-21 14:41:03,910 [WARNING] Failed to find tvg-id="axaliformula" in georgia_channels.m3u
2026-08-21 14:41:03,910 [WARNING] Failed to find tvg-id="o2" in georgia_channels.m3u
2026-08-21 14:41:03,911 [WARNING] Failed to find tvg-id="guria" in georgia_channels.m3u
2026-08-21 14:41:03,911 [WARNING] Failed to find tvg-id="imervizia" in georgia_channels.m3u
2026-08-21 14:41:03,911 [WARNING] Failed to find tvg-id="diatv" in georgia_channels.m3u
2026-08-21 14:41:03,911 [WARNING] Failed to find tvg-id="chveniarxi" in georgia_channels.m3u
2026-08-21 14:41:03,911 [WARNING] Failed to find tvg-id="batumitv" in georgia_channels.m3u
2026-08-21 14:41:03,911 [WARNING] Failed to find tvg-id="rcheuli" in georgia_channels.m3u
2026-08-21 14:41:03,911 [WARNING] Failed to find tvg-id="gurjaani" in georgia_channels.m3u
2026-08-21 14:41:03,911 [WARNING] Failed to find tvg-id="molitv" in georgia_channels.m3u
2026-08-21 14:41:03,912 [WARNING] Failed to find tvg-id="mexute" in georgia_channels.m3u
2026-08-21 14:41:03,912 [WARNING] Failed to find tvg-id="agrogaremo" in georgia_channels.m3u
2026-08-21 14:41:03,912 [WARNING] Failed to find tvg-id="artv" in georgia_channels.m3u
2026-08-21 14:41:03,912 [WARNING] Failed to find tvg-id="meteo24" in georgia_channels.m3u
2026-08-21 14:41:03,912 [WARNING] Failed to find tvg-id="georgiantimes" in georgia_channels.m3u
2026-08-21 14:41:03,912 [WARNING] Failed to find tvg-id="silkuniversal" in georgia_channels.m3u
2026-08-21 14:41:03,912 [WARNING] Failed to find tvg-id="rugbytv" in georgia_channels.m3u
2026-08-21 14:41:03,912 [WARNING] Failed to find tvg-id="gms" in georgia_channels.m3u
2026-08-21 14:41:03,913 [WARNING] Failed to find tvg-id="aiatv" in georgia_channels.m3u
2026-08-21 14:41:03,913 [WARNING] Failed to find tvg-id="batumi2" in georgia_channels.m3u
2026-08-21 14:41:03,913 [WARNING] Failed to find tvg-id="altinfo" in georgia_channels.m3u
2026-08-21 14:41:03,913 [WARNING] Failed to find tvg-id="parliament" in georgia_channels.m3u
2026-08-21 14:41:03,913 [WARNING] Failed to find tvg-id="egrisi" in georgia_channels.m3u
2026-08-21 14:41:03,913 [WARNING] Failed to find tvg-id="mzetv" in georgia_channels.m3u
2026-08-21 14:41:03,913 [INFO] No file changes were made.
2026-08-21 14:41:03,913 [INFO] === UPDATE EXECUTION FINISHED ===
