2026-08-22 23:23:40,742 [INFO] === UPDATE EXECUTION STARTED ===
2026-08-22 23:23:40,742 [INFO] Fetching Setanta Sports 3 from IPTV-ORG...
2026-08-22 23:23:40,826 [INFO] Launching batch scraper for 44 channels on tv.mar.tv...
2026-08-22 23:23:41,397 [INFO] Scraping rustavi2...
2026-08-22 23:23:46,316 [INFO]  -> Success: https://live8.mar.tv/1/4rd/index.m3u8
2026-08-22 23:23:46,349 [INFO] Scraping maestro...
2026-08-22 23:23:49,618 [INFO]  -> Success: https://live4.mar.tv/8bd4a240945db21c7cdf8f1be62dd9780cd8b6a849a63a9b06605507d4f363d7/352m/index.m3u8
2026-08-22 23:23:49,651 [INFO] Scraping marao...
2026-08-22 23:23:52,918 [INFO]  -> Success: https://live2.mar.tv/8bd4a240945db21c7cdf8f1be62dd9780cd8b6a849a63a9b06605507d4f363d7/12sd/index.m3u8
2026-08-22 23:23:52,949 [INFO] Scraping gds...
2026-08-22 23:23:56,220 [INFO]  -> Success: https://live1.mar.tv/8bd4a240945db21c7cdf8f1be62dd9780cd8b6a849a63a9b06605507d4f363d7/13sd/index.m3u8
2026-08-22 23:23:56,253 [INFO] Scraping comedy...
2026-08-22 23:23:59,520 [INFO]  -> Success: https://live4.mar.tv/8bd4a240945db21c7cdf8f1be62dd9780cd8b6a849a63a9b06605507d4f363d7/14rd/index.m3u8
2026-08-22 23:23:59,555 [INFO] Scraping bbb...
2026-08-22 23:24:02,819 [INFO]  -> Success: https://live2.mar.tv/8bd4a240945db21c7cdf8f1be62dd9780cd8b6a849a63a9b06605507d4f363d7/16sd/index.m3u8
2026-08-22 23:24:02,855 [INFO] Scraping enkibenki...
2026-08-22 23:24:06,123 [INFO]  -> Success: https://live2.mar.tv/8bd4a240945db21c7cdf8f1be62dd9780cd8b6a849a63a9b06605507d4f363d7/17e/index.m3u8
2026-08-22 23:24:06,155 [INFO] Scraping adjaratv...
2026-08-22 23:24:09,427 [INFO]  -> Success: https://live2.mar.tv/8bd4a240945db21c7cdf8f1be62dd9780cd8b6a849a63a9b06605507d4f363d7/19rd/index.m3u8
2026-08-22 23:24:09,460 [INFO] Scraping rionitv...
2026-08-22 23:24:12,729 [INFO]  -> Success: https://live6.mar.tv/8bd4a240945db21c7cdf8f1be62dd9780cd8b6a849a63a9b06605507d4f363d7/20rionn/index.m3u8
2026-08-22 23:24:12,766 [INFO] Scraping tv25...
2026-08-22 23:24:16,037 [INFO]  -> Success: https://live6.mar.tv/8bd4a240945db21c7cdf8f1be62dd9780cd8b6a849a63a9b06605507d4f363d7/23tv25/index.m3u8
2026-08-22 23:24:16,070 [INFO] Scraping tv4rustavi...
2026-08-22 23:24:19,343 [INFO]  -> Success: https://live6.mar.tv/8bd4a240945db21c7cdf8f1be62dd9780cd8b6a849a63a9b06605507d4f363d7/24tw4/index.m3u8
2026-08-22 23:24:19,376 [INFO] Scraping trialeti...
2026-08-22 23:24:22,643 [INFO]  -> Success: https://live6.mar.tv/8bd4a240945db21c7cdf8f1be62dd9780cd8b6a849a63a9b06605507d4f363d7/trialleti/index.m3u8
2026-08-22 23:24:22,675 [INFO] Scraping dardimandi...
2026-08-22 23:24:25,945 [INFO]  -> Success: https://live5.mar.tv/8bd4a240945db21c7cdf8f1be62dd9780cd8b6a849a63a9b06605507d4f363d7/27/index.m3u8
2026-08-22 23:24:25,979 [INFO] Scraping agro...
2026-08-22 23:24:29,250 [INFO]  -> Success: https://live5.mar.tv/8bd4a240945db21c7cdf8f1be62dd9780cd8b6a849a63a9b06605507d4f363d7/28/index.m3u8
2026-08-22 23:24:29,285 [INFO] Scraping samefo...
2026-08-22 23:24:32,549 [INFO]  -> Success: https://live5.mar.tv/8bd4a240945db21c7cdf8f1be62dd9780cd8b6a849a63a9b06605507d4f363d7/29/index.m3u8
2026-08-22 23:24:32,583 [INFO] Scraping postv...
2026-08-22 23:24:35,853 [INFO]  -> Success: https://live6.mar.tv/8bd4a240945db21c7cdf8f1be62dd9780cd8b6a849a63a9b06605507d4f363d7/postvw/index.m3u8
2026-08-22 23:24:35,886 [INFO] Scraping megatv...
2026-08-22 23:24:39,154 [INFO]  -> Success: https://live4.mar.tv/8bd4a240945db21c7cdf8f1be62dd9780cd8b6a849a63a9b06605507d4f363d7/32st/index.m3u8
2026-08-22 23:24:39,191 [INFO] Scraping qartuliarxi...
2026-08-22 23:24:42,457 [INFO]  -> Success: https://live6.mar.tv/8bd4a240945db21c7cdf8f1be62dd9780cd8b6a849a63a9b06605507d4f363d7/qartuli/index.m3u8
2026-08-22 23:24:42,489 [INFO] Scraping musicbox...
2026-08-22 23:24:45,760 [INFO]  -> Success: https://live6.mar.tv/8bd4a240945db21c7cdf8f1be62dd9780cd8b6a849a63a9b06605507d4f363d7/34musge/index.m3u8
2026-08-22 23:24:45,793 [INFO] Scraping marneuli...
2026-08-22 23:24:49,064 [INFO]  -> Success: https://live6.mar.tv/8bd4a240945db21c7cdf8f1be62dd9780cd8b6a849a63a9b06605507d4f363d7/37marn/index.m3u8
2026-08-22 23:24:49,096 [INFO] Scraping axaliformula...
2026-08-22 23:24:52,366 [INFO]  -> Success: https://live6.mar.tv/8bd4a240945db21c7cdf8f1be62dd9780cd8b6a849a63a9b06605507d4f363d7/axaliformla/index.m3u8
2026-08-22 23:24:52,400 [INFO] Scraping o2...
2026-08-22 23:24:55,669 [INFO]  -> Success: https://live5.mar.tv/8bd4a240945db21c7cdf8f1be62dd9780cd8b6a849a63a9b06605507d4f363d7/40/index.m3u8
2026-08-22 23:24:55,702 [INFO] Scraping guria...
2026-08-22 23:24:58,986 [INFO]  -> Success: https://live5.mar.tv/8bd4a240945db21c7cdf8f1be62dd9780cd8b6a849a63a9b06605507d4f363d7/42/index.m3u8
2026-08-22 23:24:59,018 [INFO] Scraping imervizia...
2026-08-22 23:25:02,286 [INFO]  -> Success: https://live6.mar.tv/8bd4a240945db21c7cdf8f1be62dd9780cd8b6a849a63a9b06605507d4f363d7/imervizia/index.m3u8
2026-08-22 23:25:02,315 [INFO] Scraping diatv...
2026-08-22 23:25:05,584 [INFO]  -> Success: https://live4.mar.tv/8bd4a240945db21c7cdf8f1be62dd9780cd8b6a849a63a9b06605507d4f363d7/dia/index.m3u8
2026-08-22 23:25:05,615 [INFO] Scraping chveniarxi...
2026-08-22 23:25:08,883 [INFO]  -> Success: https://live3.mar.tv/8bd4a240945db21c7cdf8f1be62dd9780cd8b6a849a63a9b06605507d4f363d7/45rd/index.m3u8
2026-08-22 23:25:08,916 [INFO] Scraping batumitv...
2026-08-22 23:25:12,186 [INFO]  -> Success: https://live5.mar.tv/8bd4a240945db21c7cdf8f1be62dd9780cd8b6a849a63a9b06605507d4f363d7/46/index.m3u8
2026-08-22 23:25:12,218 [INFO] Scraping rcheuli...
2026-08-22 23:25:15,486 [INFO]  -> Success: https://live5.mar.tv/8bd4a240945db21c7cdf8f1be62dd9780cd8b6a849a63a9b06605507d4f363d7/47/index.m3u8
2026-08-22 23:25:15,517 [INFO] Scraping gurjaani...
2026-08-22 23:25:18,786 [INFO]  -> Success: https://live4.mar.tv/8bd4a240945db21c7cdf8f1be62dd9780cd8b6a849a63a9b06605507d4f363d7/48m/index.m3u8
2026-08-22 23:25:18,817 [INFO] Scraping molitv...
2026-08-22 23:25:22,088 [INFO]  -> Success: https://live6.mar.tv/8bd4a240945db21c7cdf8f1be62dd9780cd8b6a849a63a9b06605507d4f363d7/mollltv/index.m3u8
2026-08-22 23:25:22,118 [INFO] Scraping mexute...
2026-08-22 23:25:25,388 [INFO]  -> Success: https://live6.mar.tv/8bd4a240945db21c7cdf8f1be62dd9780cd8b6a849a63a9b06605507d4f363d7/50/index.m3u8
2026-08-22 23:25:25,420 [INFO] Scraping agrogaremo...
2026-08-22 23:25:28,704 [INFO]  -> Success: https://live6.mar.tv/8bd4a240945db21c7cdf8f1be62dd9780cd8b6a849a63a9b06605507d4f363d7/agrogaremo/index.m3u8
2026-08-22 23:25:28,736 [INFO] Scraping artv...
2026-08-22 23:25:32,005 [INFO]  -> Success: https://live6.mar.tv/8bd4a240945db21c7cdf8f1be62dd9780cd8b6a849a63a9b06605507d4f363d7/tafutv/index.m3u8
2026-08-22 23:25:32,036 [INFO] Scraping meteo24...
2026-08-22 23:25:35,301 [INFO]  -> Success: https://live5.mar.tv/8bd4a240945db21c7cdf8f1be62dd9780cd8b6a849a63a9b06605507d4f363d7/56/index.m3u8
2026-08-22 23:25:35,334 [INFO] Scraping georgiantimes...
2026-08-22 23:25:38,602 [INFO]  -> Success: https://live5.mar.tv/8bd4a240945db21c7cdf8f1be62dd9780cd8b6a849a63a9b06605507d4f363d7/57/index.m3u8
2026-08-22 23:25:38,634 [INFO] Scraping silkuniversal...
2026-08-22 23:25:41,900 [INFO]  -> Success: https://live2.mar.tv/8bd4a240945db21c7cdf8f1be62dd9780cd8b6a849a63a9b06605507d4f363d7/1arxiweb/index.m3u8
2026-08-22 23:25:41,933 [INFO] Scraping rugbytv...
2026-08-22 23:25:45,206 [INFO]  -> Success: https://live4.mar.tv/8bd4a240945db21c7cdf8f1be62dd9780cd8b6a849a63a9b06605507d4f363d7/160m/index.m3u8
2026-08-22 23:25:45,243 [INFO] Scraping gms...
2026-08-22 23:25:48,510 [INFO]  -> Success: https://live5.mar.tv/8bd4a240945db21c7cdf8f1be62dd9780cd8b6a849a63a9b06605507d4f363d7/161/index.m3u8
2026-08-22 23:25:48,543 [INFO] Scraping aiatv...
2026-08-22 23:25:51,814 [INFO]  -> Success: https://live6.mar.tv/8bd4a240945db21c7cdf8f1be62dd9780cd8b6a849a63a9b06605507d4f363d7/aia/index.m3u8
2026-08-22 23:25:51,851 [INFO] Scraping batumi2...
2026-08-22 23:25:55,120 [INFO]  -> Success: https://live6.mar.tv/8bd4a240945db21c7cdf8f1be62dd9780cd8b6a849a63a9b06605507d4f363d7/batumitv2/index.m3u8
2026-08-22 23:25:55,153 [INFO] Scraping altinfo...
2026-08-22 23:25:58,432 [INFO]  -> Success: https://live6.mar.tv/8bd4a240945db21c7cdf8f1be62dd9780cd8b6a849a63a9b06605507d4f363d7/altinfo/index.m3u8
2026-08-22 23:25:58,463 [INFO] Scraping parliament...
2026-08-22 23:26:01,732 [INFO]  -> Success: https://live6.mar.tv/8bd4a240945db21c7cdf8f1be62dd9780cd8b6a849a63a9b06605507d4f363d7/parlament/index.m3u8
2026-08-22 23:26:01,765 [INFO] Scraping egrisi...
2026-08-22 23:26:05,032 [INFO]  -> Success: https://live6.mar.tv/8bd4a240945db21c7cdf8f1be62dd9780cd8b6a849a63a9b06605507d4f363d7/egrisi/index.m3u8
2026-08-22 23:26:05,062 [INFO] Scraping mzetv...
2026-08-22 23:26:08,333 [INFO]  -> Success: https://live6.mar.tv/8bd4a240945db21c7cdf8f1be62dd9780cd8b6a849a63a9b06605507d4f363d7/mze/index.m3u8
2026-08-22 23:26:08,378 [WARNING] Failed to find tvg-id="rustavi2" in georgia_channels.m3u
2026-08-22 23:26:08,378 [WARNING] Failed to find tvg-id="maestro" in georgia_channels.m3u
2026-08-22 23:26:08,379 [WARNING] Failed to find tvg-id="marao" in georgia_channels.m3u
2026-08-22 23:26:08,379 [WARNING] Failed to find tvg-id="gds" in georgia_channels.m3u
2026-08-22 23:26:08,379 [WARNING] Failed to find tvg-id="comedy" in georgia_channels.m3u
2026-08-22 23:26:08,379 [WARNING] Failed to find tvg-id="bbb" in georgia_channels.m3u
2026-08-22 23:26:08,379 [WARNING] Failed to find tvg-id="enkibenki" in georgia_channels.m3u
2026-08-22 23:26:08,380 [WARNING] Failed to find tvg-id="adjaratv" in georgia_channels.m3u
2026-08-22 23:26:08,380 [WARNING] Failed to find tvg-id="rionitv" in georgia_channels.m3u
2026-08-22 23:26:08,380 [WARNING] Failed to find tvg-id="tv25" in georgia_channels.m3u
2026-08-22 23:26:08,380 [WARNING] Failed to find tvg-id="tv4rustavi" in georgia_channels.m3u
2026-08-22 23:26:08,380 [WARNING] Failed to find tvg-id="trialeti" in georgia_channels.m3u
2026-08-22 23:26:08,381 [WARNING] Failed to find tvg-id="dardimandi" in georgia_channels.m3u
2026-08-22 23:26:08,381 [WARNING] Failed to find tvg-id="agro" in georgia_channels.m3u
2026-08-22 23:26:08,381 [WARNING] Failed to find tvg-id="samefo" in georgia_channels.m3u
2026-08-22 23:26:08,381 [WARNING] Failed to find tvg-id="postv" in georgia_channels.m3u
2026-08-22 23:26:08,381 [WARNING] Failed to find tvg-id="megatv" in georgia_channels.m3u
2026-08-22 23:26:08,381 [WARNING] Failed to find tvg-id="qartuliarxi" in georgia_channels.m3u
2026-08-22 23:26:08,382 [WARNING] Failed to find tvg-id="musicbox" in georgia_channels.m3u
2026-08-22 23:26:08,382 [WARNING] Failed to find tvg-id="marneuli" in georgia_channels.m3u
2026-08-22 23:26:08,382 [WARNING] Failed to find tvg-id="axaliformula" in georgia_channels.m3u
2026-08-22 23:26:08,382 [WARNING] Failed to find tvg-id="o2" in georgia_channels.m3u
2026-08-22 23:26:08,382 [WARNING] Failed to find tvg-id="guria" in georgia_channels.m3u
2026-08-22 23:26:08,382 [WARNING] Failed to find tvg-id="imervizia" in georgia_channels.m3u
2026-08-22 23:26:08,383 [WARNING] Failed to find tvg-id="diatv" in georgia_channels.m3u
2026-08-22 23:26:08,383 [WARNING] Failed to find tvg-id="chveniarxi" in georgia_channels.m3u
2026-08-22 23:26:08,383 [WARNING] Failed to find tvg-id="batumitv" in georgia_channels.m3u
2026-08-22 23:26:08,383 [WARNING] Failed to find tvg-id="rcheuli" in georgia_channels.m3u
2026-08-22 23:26:08,383 [WARNING] Failed to find tvg-id="gurjaani" in georgia_channels.m3u
2026-08-22 23:26:08,383 [WARNING] Failed to find tvg-id="molitv" in georgia_channels.m3u
2026-08-22 23:26:08,383 [WARNING] Failed to find tvg-id="mexute" in georgia_channels.m3u
2026-08-22 23:26:08,384 [WARNING] Failed to find tvg-id="agrogaremo" in georgia_channels.m3u
2026-08-22 23:26:08,384 [WARNING] Failed to find tvg-id="artv" in georgia_channels.m3u
2026-08-22 23:26:08,384 [WARNING] Failed to find tvg-id="meteo24" in georgia_channels.m3u
2026-08-22 23:26:08,384 [WARNING] Failed to find tvg-id="georgiantimes" in georgia_channels.m3u
2026-08-22 23:26:08,384 [WARNING] Failed to find tvg-id="silkuniversal" in georgia_channels.m3u
2026-08-22 23:26:08,384 [WARNING] Failed to find tvg-id="rugbytv" in georgia_channels.m3u
2026-08-22 23:26:08,384 [WARNING] Failed to find tvg-id="gms" in georgia_channels.m3u
2026-08-22 23:26:08,385 [WARNING] Failed to find tvg-id="aiatv" in georgia_channels.m3u
2026-08-22 23:26:08,385 [WARNING] Failed to find tvg-id="batumi2" in georgia_channels.m3u
2026-08-22 23:26:08,385 [WARNING] Failed to find tvg-id="altinfo" in georgia_channels.m3u
2026-08-22 23:26:08,385 [WARNING] Failed to find tvg-id="parliament" in georgia_channels.m3u
2026-08-22 23:26:08,385 [WARNING] Failed to find tvg-id="egrisi" in georgia_channels.m3u
2026-08-22 23:26:08,385 [WARNING] Failed to find tvg-id="mzetv" in georgia_channels.m3u
2026-08-22 23:26:08,385 [INFO] No file changes were made.
2026-08-22 23:26:08,385 [INFO] === UPDATE EXECUTION FINISHED ===
