2026-08-22 12:43:57,059 [INFO] === UPDATE EXECUTION STARTED ===
2026-08-22 12:43:57,059 [INFO] Fetching Setanta Sports 3 from IPTV-ORG...
2026-08-22 12:43:57,309 [INFO] Launching batch scraper for 44 channels on tv.mar.tv...
2026-08-22 12:43:57,722 [INFO] Scraping rustavi2...
2026-08-22 12:44:02,792 [INFO]  -> Success: https://live8.mar.tv/1/4rd/index.m3u8
2026-08-22 12:44:02,818 [INFO] Scraping maestro...
2026-08-22 12:44:06,082 [INFO]  -> Success: https://live4.mar.tv/fb4cbc2f5b6d0ee897cc8571475f9b033c7fff3603bbfe1a8dc844d09e07170c/352m/index.m3u8
2026-08-22 12:44:06,108 [INFO] Scraping marao...
2026-08-22 12:44:09,372 [INFO]  -> Success: https://live2.mar.tv/fb4cbc2f5b6d0ee897cc8571475f9b033c7fff3603bbfe1a8dc844d09e07170c/12sd/index.m3u8
2026-08-22 12:44:09,395 [INFO] Scraping gds...
2026-08-22 12:44:12,660 [INFO]  -> Success: https://live1.mar.tv/fb4cbc2f5b6d0ee897cc8571475f9b033c7fff3603bbfe1a8dc844d09e07170c/13sd/index.m3u8
2026-08-22 12:44:12,686 [INFO] Scraping comedy...
2026-08-22 12:44:15,951 [INFO]  -> Success: https://live4.mar.tv/fb4cbc2f5b6d0ee897cc8571475f9b033c7fff3603bbfe1a8dc844d09e07170c/14rd/index.m3u8
2026-08-22 12:44:15,976 [INFO] Scraping bbb...
2026-08-22 12:44:19,246 [INFO]  -> Success: https://live2.mar.tv/fb4cbc2f5b6d0ee897cc8571475f9b033c7fff3603bbfe1a8dc844d09e07170c/16sd/index.m3u8
2026-08-22 12:44:19,270 [INFO] Scraping enkibenki...
2026-08-22 12:44:22,533 [INFO]  -> Success: https://live2.mar.tv/fb4cbc2f5b6d0ee897cc8571475f9b033c7fff3603bbfe1a8dc844d09e07170c/17e/index.m3u8
2026-08-22 12:44:22,557 [INFO] Scraping adjaratv...
2026-08-22 12:44:25,821 [INFO]  -> Success: https://live2.mar.tv/fb4cbc2f5b6d0ee897cc8571475f9b033c7fff3603bbfe1a8dc844d09e07170c/19rd/index.m3u8
2026-08-22 12:44:25,846 [INFO] Scraping rionitv...
2026-08-22 12:44:29,110 [INFO]  -> Success: https://live6.mar.tv/fb4cbc2f5b6d0ee897cc8571475f9b033c7fff3603bbfe1a8dc844d09e07170c/20rionn/index.m3u8
2026-08-22 12:44:29,132 [INFO] Scraping tv25...
2026-08-22 12:44:32,396 [INFO]  -> Success: https://live6.mar.tv/fb4cbc2f5b6d0ee897cc8571475f9b033c7fff3603bbfe1a8dc844d09e07170c/23tv25/index.m3u8
2026-08-22 12:44:32,422 [INFO] Scraping tv4rustavi...
2026-08-22 12:44:35,688 [INFO]  -> Success: https://live6.mar.tv/fb4cbc2f5b6d0ee897cc8571475f9b033c7fff3603bbfe1a8dc844d09e07170c/24tw4/index.m3u8
2026-08-22 12:44:35,710 [INFO] Scraping trialeti...
2026-08-22 12:44:38,973 [INFO]  -> Success: https://live6.mar.tv/fb4cbc2f5b6d0ee897cc8571475f9b033c7fff3603bbfe1a8dc844d09e07170c/trialleti/index.m3u8
2026-08-22 12:44:38,999 [INFO] Scraping dardimandi...
2026-08-22 12:44:42,278 [INFO]  -> Success: https://live5.mar.tv/fb4cbc2f5b6d0ee897cc8571475f9b033c7fff3603bbfe1a8dc844d09e07170c/27/index.m3u8
2026-08-22 12:44:42,302 [INFO] Scraping agro...
2026-08-22 12:44:45,565 [INFO]  -> Success: https://live5.mar.tv/fb4cbc2f5b6d0ee897cc8571475f9b033c7fff3603bbfe1a8dc844d09e07170c/28/index.m3u8
2026-08-22 12:44:45,588 [INFO] Scraping samefo...
2026-08-22 12:44:48,859 [INFO]  -> Success: https://live5.mar.tv/fb4cbc2f5b6d0ee897cc8571475f9b033c7fff3603bbfe1a8dc844d09e07170c/29/index.m3u8
2026-08-22 12:44:48,886 [INFO] Scraping postv...
2026-08-22 12:44:52,156 [INFO]  -> Success: https://live6.mar.tv/fb4cbc2f5b6d0ee897cc8571475f9b033c7fff3603bbfe1a8dc844d09e07170c/postvw/index.m3u8
2026-08-22 12:44:52,182 [INFO] Scraping megatv...
2026-08-22 12:44:55,444 [INFO]  -> Success: https://live4.mar.tv/fb4cbc2f5b6d0ee897cc8571475f9b033c7fff3603bbfe1a8dc844d09e07170c/32st/index.m3u8
2026-08-22 12:44:55,492 [INFO] Scraping qartuliarxi...
2026-08-22 12:44:58,858 [INFO]  -> Success: https://live6.mar.tv/fb4cbc2f5b6d0ee897cc8571475f9b033c7fff3603bbfe1a8dc844d09e07170c/qartuli/index.m3u8
2026-08-22 12:44:58,886 [INFO] Scraping musicbox...
2026-08-22 12:45:02,162 [INFO]  -> Success: https://live6.mar.tv/fb4cbc2f5b6d0ee897cc8571475f9b033c7fff3603bbfe1a8dc844d09e07170c/34musge/index.m3u8
2026-08-22 12:45:02,186 [INFO] Scraping marneuli...
2026-08-22 12:45:05,451 [INFO]  -> Success: https://live6.mar.tv/fb4cbc2f5b6d0ee897cc8571475f9b033c7fff3603bbfe1a8dc844d09e07170c/37marn/index.m3u8
2026-08-22 12:45:05,474 [INFO] Scraping axaliformula...
2026-08-22 12:45:08,738 [INFO]  -> Success: https://live6.mar.tv/fb4cbc2f5b6d0ee897cc8571475f9b033c7fff3603bbfe1a8dc844d09e07170c/axaliformla/index.m3u8
2026-08-22 12:45:08,762 [INFO] Scraping o2...
2026-08-22 12:45:12,025 [INFO]  -> Success: https://live5.mar.tv/fb4cbc2f5b6d0ee897cc8571475f9b033c7fff3603bbfe1a8dc844d09e07170c/40/index.m3u8
2026-08-22 12:45:12,049 [INFO] Scraping guria...
2026-08-22 12:45:15,315 [INFO]  -> Success: https://live5.mar.tv/fb4cbc2f5b6d0ee897cc8571475f9b033c7fff3603bbfe1a8dc844d09e07170c/42/index.m3u8
2026-08-22 12:45:15,338 [INFO] Scraping imervizia...
2026-08-22 12:45:18,608 [INFO]  -> Success: https://live6.mar.tv/fb4cbc2f5b6d0ee897cc8571475f9b033c7fff3603bbfe1a8dc844d09e07170c/imervizia/index.m3u8
2026-08-22 12:45:18,635 [INFO] Scraping diatv...
2026-08-22 12:45:21,902 [INFO]  -> Success: https://live4.mar.tv/fb4cbc2f5b6d0ee897cc8571475f9b033c7fff3603bbfe1a8dc844d09e07170c/dia/index.m3u8
2026-08-22 12:45:21,925 [INFO] Scraping chveniarxi...
2026-08-22 12:45:25,190 [INFO]  -> Success: https://live3.mar.tv/fb4cbc2f5b6d0ee897cc8571475f9b033c7fff3603bbfe1a8dc844d09e07170c/45rd/index.m3u8
2026-08-22 12:45:25,217 [INFO] Scraping batumitv...
2026-08-22 12:45:28,493 [INFO]  -> Success: https://live5.mar.tv/fb4cbc2f5b6d0ee897cc8571475f9b033c7fff3603bbfe1a8dc844d09e07170c/46/index.m3u8
2026-08-22 12:45:28,516 [INFO] Scraping rcheuli...
2026-08-22 12:45:31,780 [INFO]  -> Success: https://live5.mar.tv/fb4cbc2f5b6d0ee897cc8571475f9b033c7fff3603bbfe1a8dc844d09e07170c/47/index.m3u8
2026-08-22 12:45:31,802 [INFO] Scraping gurjaani...
2026-08-22 12:45:35,063 [INFO]  -> Success: https://live4.mar.tv/fb4cbc2f5b6d0ee897cc8571475f9b033c7fff3603bbfe1a8dc844d09e07170c/48m/index.m3u8
2026-08-22 12:45:35,087 [INFO] Scraping molitv...
2026-08-22 12:45:38,348 [INFO]  -> Success: https://live6.mar.tv/fb4cbc2f5b6d0ee897cc8571475f9b033c7fff3603bbfe1a8dc844d09e07170c/mollltv/index.m3u8
2026-08-22 12:45:38,382 [INFO] Scraping mexute...
2026-08-22 12:45:41,646 [INFO]  -> Success: https://live6.mar.tv/fb4cbc2f5b6d0ee897cc8571475f9b033c7fff3603bbfe1a8dc844d09e07170c/50/index.m3u8
2026-08-22 12:45:41,669 [INFO] Scraping agrogaremo...
2026-08-22 12:45:44,934 [INFO]  -> Success: https://live6.mar.tv/fb4cbc2f5b6d0ee897cc8571475f9b033c7fff3603bbfe1a8dc844d09e07170c/agrogaremo/index.m3u8
2026-08-22 12:45:44,958 [INFO] Scraping artv...
2026-08-22 12:45:48,221 [INFO]  -> Success: https://live6.mar.tv/fb4cbc2f5b6d0ee897cc8571475f9b033c7fff3603bbfe1a8dc844d09e07170c/tafutv/index.m3u8
2026-08-22 12:45:48,243 [INFO] Scraping meteo24...
2026-08-22 12:45:51,505 [INFO]  -> Success: https://live5.mar.tv/fb4cbc2f5b6d0ee897cc8571475f9b033c7fff3603bbfe1a8dc844d09e07170c/56/index.m3u8
2026-08-22 12:45:51,528 [INFO] Scraping georgiantimes...
2026-08-22 12:45:54,812 [INFO]  -> Success: https://live5.mar.tv/fb4cbc2f5b6d0ee897cc8571475f9b033c7fff3603bbfe1a8dc844d09e07170c/57/index.m3u8
2026-08-22 12:45:54,835 [INFO] Scraping silkuniversal...
2026-08-22 12:45:58,101 [INFO]  -> Success: https://live2.mar.tv/fb4cbc2f5b6d0ee897cc8571475f9b033c7fff3603bbfe1a8dc844d09e07170c/1arxiweb/index.m3u8
2026-08-22 12:45:58,128 [INFO] Scraping rugbytv...
2026-08-22 12:46:01,394 [INFO]  -> Success: https://live4.mar.tv/fb4cbc2f5b6d0ee897cc8571475f9b033c7fff3603bbfe1a8dc844d09e07170c/160m/index.m3u8
2026-08-22 12:46:01,418 [INFO] Scraping gms...
2026-08-22 12:46:04,683 [INFO]  -> Success: https://live5.mar.tv/fb4cbc2f5b6d0ee897cc8571475f9b033c7fff3603bbfe1a8dc844d09e07170c/161/index.m3u8
2026-08-22 12:46:04,710 [INFO] Scraping aiatv...
2026-08-22 12:46:07,979 [INFO]  -> Success: https://live6.mar.tv/fb4cbc2f5b6d0ee897cc8571475f9b033c7fff3603bbfe1a8dc844d09e07170c/aia/index.m3u8
2026-08-22 12:46:08,006 [INFO] Scraping batumi2...
2026-08-22 12:46:11,275 [INFO]  -> Success: https://live6.mar.tv/fb4cbc2f5b6d0ee897cc8571475f9b033c7fff3603bbfe1a8dc844d09e07170c/batumitv2/index.m3u8
2026-08-22 12:46:11,297 [INFO] Scraping altinfo...
2026-08-22 12:46:14,562 [INFO]  -> Success: https://live6.mar.tv/fb4cbc2f5b6d0ee897cc8571475f9b033c7fff3603bbfe1a8dc844d09e07170c/altinfo/index.m3u8
2026-08-22 12:46:14,585 [INFO] Scraping parliament...
2026-08-22 12:46:17,847 [INFO]  -> Success: https://live6.mar.tv/fb4cbc2f5b6d0ee897cc8571475f9b033c7fff3603bbfe1a8dc844d09e07170c/parlament/index.m3u8
2026-08-22 12:46:17,872 [INFO] Scraping egrisi...
2026-08-22 12:46:21,137 [INFO]  -> Success: https://live6.mar.tv/fb4cbc2f5b6d0ee897cc8571475f9b033c7fff3603bbfe1a8dc844d09e07170c/egrisi/index.m3u8
2026-08-22 12:46:21,161 [INFO] Scraping mzetv...
2026-08-22 12:46:24,424 [INFO]  -> Success: https://live6.mar.tv/fb4cbc2f5b6d0ee897cc8571475f9b033c7fff3603bbfe1a8dc844d09e07170c/mze/index.m3u8
2026-08-22 12:46:24,460 [WARNING] Failed to find tvg-id="rustavi2" in georgia_channels.m3u
2026-08-22 12:46:24,460 [WARNING] Failed to find tvg-id="maestro" in georgia_channels.m3u
2026-08-22 12:46:24,460 [WARNING] Failed to find tvg-id="marao" in georgia_channels.m3u
2026-08-22 12:46:24,460 [WARNING] Failed to find tvg-id="gds" in georgia_channels.m3u
2026-08-22 12:46:24,460 [WARNING] Failed to find tvg-id="comedy" in georgia_channels.m3u
2026-08-22 12:46:24,461 [WARNING] Failed to find tvg-id="bbb" in georgia_channels.m3u
2026-08-22 12:46:24,461 [WARNING] Failed to find tvg-id="enkibenki" in georgia_channels.m3u
2026-08-22 12:46:24,461 [WARNING] Failed to find tvg-id="adjaratv" in georgia_channels.m3u
2026-08-22 12:46:24,461 [WARNING] Failed to find tvg-id="rionitv" in georgia_channels.m3u
2026-08-22 12:46:24,461 [WARNING] Failed to find tvg-id="tv25" in georgia_channels.m3u
2026-08-22 12:46:24,461 [WARNING] Failed to find tvg-id="tv4rustavi" in georgia_channels.m3u
2026-08-22 12:46:24,461 [WARNING] Failed to find tvg-id="trialeti" in georgia_channels.m3u
2026-08-22 12:46:24,461 [WARNING] Failed to find tvg-id="dardimandi" in georgia_channels.m3u
2026-08-22 12:46:24,461 [WARNING] Failed to find tvg-id="agro" in georgia_channels.m3u
2026-08-22 12:46:24,462 [WARNING] Failed to find tvg-id="samefo" in georgia_channels.m3u
2026-08-22 12:46:24,462 [WARNING] Failed to find tvg-id="postv" in georgia_channels.m3u
2026-08-22 12:46:24,462 [WARNING] Failed to find tvg-id="megatv" in georgia_channels.m3u
2026-08-22 12:46:24,462 [WARNING] Failed to find tvg-id="qartuliarxi" in georgia_channels.m3u
2026-08-22 12:46:24,462 [WARNING] Failed to find tvg-id="musicbox" in georgia_channels.m3u
2026-08-22 12:46:24,462 [WARNING] Failed to find tvg-id="marneuli" in georgia_channels.m3u
2026-08-22 12:46:24,462 [WARNING] Failed to find tvg-id="axaliformula" in georgia_channels.m3u
2026-08-22 12:46:24,463 [WARNING] Failed to find tvg-id="o2" in georgia_channels.m3u
2026-08-22 12:46:24,463 [WARNING] Failed to find tvg-id="guria" in georgia_channels.m3u
2026-08-22 12:46:24,463 [WARNING] Failed to find tvg-id="imervizia" in georgia_channels.m3u
2026-08-22 12:46:24,463 [WARNING] Failed to find tvg-id="diatv" in georgia_channels.m3u
2026-08-22 12:46:24,463 [WARNING] Failed to find tvg-id="chveniarxi" in georgia_channels.m3u
2026-08-22 12:46:24,463 [WARNING] Failed to find tvg-id="batumitv" in georgia_channels.m3u
2026-08-22 12:46:24,463 [WARNING] Failed to find tvg-id="rcheuli" in georgia_channels.m3u
2026-08-22 12:46:24,463 [WARNING] Failed to find tvg-id="gurjaani" in georgia_channels.m3u
2026-08-22 12:46:24,464 [WARNING] Failed to find tvg-id="molitv" in georgia_channels.m3u
2026-08-22 12:46:24,464 [WARNING] Failed to find tvg-id="mexute" in georgia_channels.m3u
2026-08-22 12:46:24,464 [WARNING] Failed to find tvg-id="agrogaremo" in georgia_channels.m3u
2026-08-22 12:46:24,464 [WARNING] Failed to find tvg-id="artv" in georgia_channels.m3u
2026-08-22 12:46:24,464 [WARNING] Failed to find tvg-id="meteo24" in georgia_channels.m3u
2026-08-22 12:46:24,464 [WARNING] Failed to find tvg-id="georgiantimes" in georgia_channels.m3u
2026-08-22 12:46:24,464 [WARNING] Failed to find tvg-id="silkuniversal" in georgia_channels.m3u
2026-08-22 12:46:24,464 [WARNING] Failed to find tvg-id="rugbytv" in georgia_channels.m3u
2026-08-22 12:46:24,464 [WARNING] Failed to find tvg-id="gms" in georgia_channels.m3u
2026-08-22 12:46:24,465 [WARNING] Failed to find tvg-id="aiatv" in georgia_channels.m3u
2026-08-22 12:46:24,465 [WARNING] Failed to find tvg-id="batumi2" in georgia_channels.m3u
2026-08-22 12:46:24,465 [WARNING] Failed to find tvg-id="altinfo" in georgia_channels.m3u
2026-08-22 12:46:24,465 [WARNING] Failed to find tvg-id="parliament" in georgia_channels.m3u
2026-08-22 12:46:24,465 [WARNING] Failed to find tvg-id="egrisi" in georgia_channels.m3u
2026-08-22 12:46:24,465 [WARNING] Failed to find tvg-id="mzetv" in georgia_channels.m3u
2026-08-22 12:46:24,465 [INFO] No file changes were made.
2026-08-22 12:46:24,465 [INFO] === UPDATE EXECUTION FINISHED ===
