2026-08-24 12:55:17,577 [INFO] === UPDATE EXECUTION STARTED ===
2026-08-24 12:55:17,578 [INFO] Fetching Setanta Sports 3 from IPTV-ORG...
2026-08-24 12:55:17,644 [INFO] Launching batch scraper for 44 channels on tv.mar.tv...
2026-08-24 12:55:18,261 [INFO] Scraping rustavi2...
2026-08-24 12:55:23,288 [INFO]  -> Success: https://live8.mar.tv/1/4rd/index.m3u8
2026-08-24 12:55:23,327 [INFO] Scraping maestro...
2026-08-24 12:55:26,605 [INFO]  -> Success: https://live4.mar.tv/c3e7e2619ec9ebaffd950e8bcb88436350add72ee6259fed244a96795b7812ec/352m/index.m3u8
2026-08-24 12:55:26,640 [INFO] Scraping marao...
2026-08-24 12:55:29,921 [INFO]  -> Success: https://live2.mar.tv/c3e7e2619ec9ebaffd950e8bcb88436350add72ee6259fed244a96795b7812ec/12sd/index.m3u8
2026-08-24 12:55:29,956 [INFO] Scraping gds...
2026-08-24 12:55:33,235 [INFO]  -> Success: https://live1.mar.tv/c3e7e2619ec9ebaffd950e8bcb88436350add72ee6259fed244a96795b7812ec/13sd/index.m3u8
2026-08-24 12:55:33,272 [INFO] Scraping comedy...
2026-08-24 12:55:36,555 [INFO]  -> Success: https://live4.mar.tv/c3e7e2619ec9ebaffd950e8bcb88436350add72ee6259fed244a96795b7812ec/14rd/index.m3u8
2026-08-24 12:55:36,592 [INFO] Scraping bbb...
2026-08-24 12:55:39,885 [INFO]  -> Success: https://live2.mar.tv/c3e7e2619ec9ebaffd950e8bcb88436350add72ee6259fed244a96795b7812ec/16sd/index.m3u8
2026-08-24 12:55:39,921 [INFO] Scraping enkibenki...
2026-08-24 12:55:43,204 [INFO]  -> Success: https://live2.mar.tv/c3e7e2619ec9ebaffd950e8bcb88436350add72ee6259fed244a96795b7812ec/17e/index.m3u8
2026-08-24 12:55:43,239 [INFO] Scraping adjaratv...
2026-08-24 12:55:46,519 [INFO]  -> Success: https://live2.mar.tv/c3e7e2619ec9ebaffd950e8bcb88436350add72ee6259fed244a96795b7812ec/19rd/index.m3u8
2026-08-24 12:55:46,555 [INFO] Scraping rionitv...
2026-08-24 12:55:49,832 [INFO]  -> Success: https://live6.mar.tv/c3e7e2619ec9ebaffd950e8bcb88436350add72ee6259fed244a96795b7812ec/20rionn/index.m3u8
2026-08-24 12:55:49,864 [INFO] Scraping tv25...
2026-08-24 12:55:53,146 [INFO]  -> Success: https://live6.mar.tv/c3e7e2619ec9ebaffd950e8bcb88436350add72ee6259fed244a96795b7812ec/23tv25/index.m3u8
2026-08-24 12:55:53,185 [INFO] Scraping tv4rustavi...
2026-08-24 12:55:56,475 [INFO]  -> Success: https://live6.mar.tv/c3e7e2619ec9ebaffd950e8bcb88436350add72ee6259fed244a96795b7812ec/24tw4/index.m3u8
2026-08-24 12:55:56,506 [INFO] Scraping trialeti...
2026-08-24 12:55:59,787 [INFO]  -> Success: https://live6.mar.tv/c3e7e2619ec9ebaffd950e8bcb88436350add72ee6259fed244a96795b7812ec/trialleti/index.m3u8
2026-08-24 12:55:59,826 [INFO] Scraping dardimandi...
2026-08-24 12:56:03,103 [INFO]  -> Success: https://live5.mar.tv/c3e7e2619ec9ebaffd950e8bcb88436350add72ee6259fed244a96795b7812ec/27/index.m3u8
2026-08-24 12:56:03,140 [INFO] Scraping agro...
2026-08-24 12:56:06,419 [INFO]  -> Success: https://live5.mar.tv/c3e7e2619ec9ebaffd950e8bcb88436350add72ee6259fed244a96795b7812ec/28/index.m3u8
2026-08-24 12:56:06,454 [INFO] Scraping samefo...
2026-08-24 12:56:09,734 [INFO]  -> Success: https://live5.mar.tv/c3e7e2619ec9ebaffd950e8bcb88436350add72ee6259fed244a96795b7812ec/29/index.m3u8
2026-08-24 12:56:09,769 [INFO] Scraping postv...
2026-08-24 12:56:13,053 [INFO]  -> Success: https://live6.mar.tv/c3e7e2619ec9ebaffd950e8bcb88436350add72ee6259fed244a96795b7812ec/postvw/index.m3u8
2026-08-24 12:56:13,088 [INFO] Scraping megatv...
2026-08-24 12:56:16,369 [INFO]  -> Success: https://live4.mar.tv/c3e7e2619ec9ebaffd950e8bcb88436350add72ee6259fed244a96795b7812ec/32st/index.m3u8
2026-08-24 12:56:16,403 [INFO] Scraping qartuliarxi...
2026-08-24 12:56:19,681 [INFO]  -> Success: https://live6.mar.tv/c3e7e2619ec9ebaffd950e8bcb88436350add72ee6259fed244a96795b7812ec/qartuli/index.m3u8
2026-08-24 12:56:19,714 [INFO] Scraping musicbox...
2026-08-24 12:56:22,991 [INFO]  -> Success: https://live6.mar.tv/c3e7e2619ec9ebaffd950e8bcb88436350add72ee6259fed244a96795b7812ec/34musge/index.m3u8
2026-08-24 12:56:23,106 [INFO] Scraping marneuli...
2026-08-24 12:56:26,402 [INFO]  -> Success: https://live6.mar.tv/c3e7e2619ec9ebaffd950e8bcb88436350add72ee6259fed244a96795b7812ec/37marn/index.m3u8
2026-08-24 12:56:26,442 [INFO] Scraping axaliformula...
2026-08-24 12:56:29,725 [INFO]  -> Success: https://live6.mar.tv/c3e7e2619ec9ebaffd950e8bcb88436350add72ee6259fed244a96795b7812ec/axaliformla/index.m3u8
2026-08-24 12:56:29,760 [INFO] Scraping o2...
2026-08-24 12:56:33,041 [INFO]  -> Success: https://live5.mar.tv/c3e7e2619ec9ebaffd950e8bcb88436350add72ee6259fed244a96795b7812ec/40/index.m3u8
2026-08-24 12:56:33,081 [INFO] Scraping guria...
2026-08-24 12:56:36,363 [INFO]  -> Success: https://live5.mar.tv/c3e7e2619ec9ebaffd950e8bcb88436350add72ee6259fed244a96795b7812ec/42/index.m3u8
2026-08-24 12:56:36,400 [INFO] Scraping imervizia...
2026-08-24 12:56:39,678 [INFO]  -> Success: https://live6.mar.tv/c3e7e2619ec9ebaffd950e8bcb88436350add72ee6259fed244a96795b7812ec/imervizia/index.m3u8
2026-08-24 12:56:39,715 [INFO] Scraping diatv...
2026-08-24 12:56:42,994 [INFO]  -> Success: https://live4.mar.tv/c3e7e2619ec9ebaffd950e8bcb88436350add72ee6259fed244a96795b7812ec/dia/index.m3u8
2026-08-24 12:56:43,028 [INFO] Scraping chveniarxi...
2026-08-24 12:56:46,312 [INFO]  -> Success: https://live3.mar.tv/c3e7e2619ec9ebaffd950e8bcb88436350add72ee6259fed244a96795b7812ec/45rd/index.m3u8
2026-08-24 12:56:46,345 [INFO] Scraping batumitv...
2026-08-24 12:56:49,619 [INFO]  -> Success: https://live5.mar.tv/c3e7e2619ec9ebaffd950e8bcb88436350add72ee6259fed244a96795b7812ec/46/index.m3u8
2026-08-24 12:56:49,652 [INFO] Scraping rcheuli...
2026-08-24 12:56:52,937 [INFO]  -> Success: https://live5.mar.tv/c3e7e2619ec9ebaffd950e8bcb88436350add72ee6259fed244a96795b7812ec/47/index.m3u8
2026-08-24 12:56:52,971 [INFO] Scraping gurjaani...
2026-08-24 12:56:56,247 [INFO]  -> Success: https://live4.mar.tv/c3e7e2619ec9ebaffd950e8bcb88436350add72ee6259fed244a96795b7812ec/48m/index.m3u8
2026-08-24 12:56:56,283 [INFO] Scraping molitv...
2026-08-24 12:56:59,565 [INFO]  -> Success: https://live6.mar.tv/c3e7e2619ec9ebaffd950e8bcb88436350add72ee6259fed244a96795b7812ec/mollltv/index.m3u8
2026-08-24 12:56:59,600 [INFO] Scraping mexute...
2026-08-24 12:57:02,893 [INFO]  -> Success: https://live6.mar.tv/c3e7e2619ec9ebaffd950e8bcb88436350add72ee6259fed244a96795b7812ec/50/index.m3u8
2026-08-24 12:57:02,932 [INFO] Scraping agrogaremo...
2026-08-24 12:57:06,220 [INFO]  -> Success: https://live6.mar.tv/c3e7e2619ec9ebaffd950e8bcb88436350add72ee6259fed244a96795b7812ec/agrogaremo/index.m3u8
2026-08-24 12:57:06,255 [INFO] Scraping artv...
2026-08-24 12:57:09,537 [INFO]  -> Success: https://live6.mar.tv/c3e7e2619ec9ebaffd950e8bcb88436350add72ee6259fed244a96795b7812ec/tafutv/index.m3u8
2026-08-24 12:57:09,572 [INFO] Scraping meteo24...
2026-08-24 12:57:12,849 [INFO]  -> Success: https://live5.mar.tv/c3e7e2619ec9ebaffd950e8bcb88436350add72ee6259fed244a96795b7812ec/56/index.m3u8
2026-08-24 12:57:12,886 [INFO] Scraping georgiantimes...
2026-08-24 12:57:16,164 [INFO]  -> Success: https://live5.mar.tv/c3e7e2619ec9ebaffd950e8bcb88436350add72ee6259fed244a96795b7812ec/57/index.m3u8
2026-08-24 12:57:16,197 [INFO] Scraping silkuniversal...
2026-08-24 12:57:19,475 [INFO]  -> Success: https://live2.mar.tv/c3e7e2619ec9ebaffd950e8bcb88436350add72ee6259fed244a96795b7812ec/1arxiweb/index.m3u8
2026-08-24 12:57:19,512 [INFO] Scraping rugbytv...
2026-08-24 12:57:22,797 [INFO]  -> Success: https://live4.mar.tv/c3e7e2619ec9ebaffd950e8bcb88436350add72ee6259fed244a96795b7812ec/160m/index.m3u8
2026-08-24 12:57:22,833 [INFO] Scraping gms...
2026-08-24 12:57:26,110 [INFO]  -> Success: https://live5.mar.tv/c3e7e2619ec9ebaffd950e8bcb88436350add72ee6259fed244a96795b7812ec/161/index.m3u8
2026-08-24 12:57:26,141 [INFO] Scraping aiatv...
2026-08-24 12:57:29,421 [INFO]  -> Success: https://live6.mar.tv/c3e7e2619ec9ebaffd950e8bcb88436350add72ee6259fed244a96795b7812ec/aia/index.m3u8
2026-08-24 12:57:29,455 [INFO] Scraping batumi2...
2026-08-24 12:57:32,733 [INFO]  -> Success: https://live6.mar.tv/c3e7e2619ec9ebaffd950e8bcb88436350add72ee6259fed244a96795b7812ec/batumitv2/index.m3u8
2026-08-24 12:57:32,778 [INFO] Scraping altinfo...
2026-08-24 12:57:36,059 [INFO]  -> Success: https://live6.mar.tv/c3e7e2619ec9ebaffd950e8bcb88436350add72ee6259fed244a96795b7812ec/altinfo/index.m3u8
2026-08-24 12:57:36,096 [INFO] Scraping parliament...
2026-08-24 12:57:39,374 [INFO]  -> Success: https://live6.mar.tv/c3e7e2619ec9ebaffd950e8bcb88436350add72ee6259fed244a96795b7812ec/parlament/index.m3u8
2026-08-24 12:57:39,409 [INFO] Scraping egrisi...
2026-08-24 12:57:42,689 [INFO]  -> Success: https://live6.mar.tv/c3e7e2619ec9ebaffd950e8bcb88436350add72ee6259fed244a96795b7812ec/egrisi/index.m3u8
2026-08-24 12:57:42,725 [INFO] Scraping mzetv...
2026-08-24 12:57:46,011 [INFO]  -> Success: https://live6.mar.tv/c3e7e2619ec9ebaffd950e8bcb88436350add72ee6259fed244a96795b7812ec/mze/index.m3u8
2026-08-24 12:57:46,058 [WARNING] Failed to find tvg-id="rustavi2" in georgia_channels.m3u
2026-08-24 12:57:46,059 [WARNING] Failed to find tvg-id="maestro" in georgia_channels.m3u
2026-08-24 12:57:46,059 [WARNING] Failed to find tvg-id="marao" in georgia_channels.m3u
2026-08-24 12:57:46,059 [WARNING] Failed to find tvg-id="gds" in georgia_channels.m3u
2026-08-24 12:57:46,060 [WARNING] Failed to find tvg-id="comedy" in georgia_channels.m3u
2026-08-24 12:57:46,060 [WARNING] Failed to find tvg-id="bbb" in georgia_channels.m3u
2026-08-24 12:57:46,060 [WARNING] Failed to find tvg-id="enkibenki" in georgia_channels.m3u
2026-08-24 12:57:46,060 [WARNING] Failed to find tvg-id="adjaratv" in georgia_channels.m3u
2026-08-24 12:57:46,061 [WARNING] Failed to find tvg-id="rionitv" in georgia_channels.m3u
2026-08-24 12:57:46,061 [WARNING] Failed to find tvg-id="tv25" in georgia_channels.m3u
2026-08-24 12:57:46,061 [WARNING] Failed to find tvg-id="tv4rustavi" in georgia_channels.m3u
2026-08-24 12:57:46,062 [WARNING] Failed to find tvg-id="trialeti" in georgia_channels.m3u
2026-08-24 12:57:46,062 [WARNING] Failed to find tvg-id="dardimandi" in georgia_channels.m3u
2026-08-24 12:57:46,062 [WARNING] Failed to find tvg-id="agro" in georgia_channels.m3u
2026-08-24 12:57:46,062 [WARNING] Failed to find tvg-id="samefo" in georgia_channels.m3u
2026-08-24 12:57:46,062 [WARNING] Failed to find tvg-id="postv" in georgia_channels.m3u
2026-08-24 12:57:46,063 [WARNING] Failed to find tvg-id="megatv" in georgia_channels.m3u
2026-08-24 12:57:46,063 [WARNING] Failed to find tvg-id="qartuliarxi" in georgia_channels.m3u
2026-08-24 12:57:46,063 [WARNING] Failed to find tvg-id="musicbox" in georgia_channels.m3u
2026-08-24 12:57:46,064 [WARNING] Failed to find tvg-id="marneuli" in georgia_channels.m3u
2026-08-24 12:57:46,064 [WARNING] Failed to find tvg-id="axaliformula" in georgia_channels.m3u
2026-08-24 12:57:46,064 [WARNING] Failed to find tvg-id="o2" in georgia_channels.m3u
2026-08-24 12:57:46,064 [WARNING] Failed to find tvg-id="guria" in georgia_channels.m3u
2026-08-24 12:57:46,065 [WARNING] Failed to find tvg-id="imervizia" in georgia_channels.m3u
2026-08-24 12:57:46,065 [WARNING] Failed to find tvg-id="diatv" in georgia_channels.m3u
2026-08-24 12:57:46,065 [WARNING] Failed to find tvg-id="chveniarxi" in georgia_channels.m3u
2026-08-24 12:57:46,065 [WARNING] Failed to find tvg-id="batumitv" in georgia_channels.m3u
2026-08-24 12:57:46,066 [WARNING] Failed to find tvg-id="rcheuli" in georgia_channels.m3u
2026-08-24 12:57:46,066 [WARNING] Failed to find tvg-id="gurjaani" in georgia_channels.m3u
2026-08-24 12:57:46,066 [WARNING] Failed to find tvg-id="molitv" in georgia_channels.m3u
2026-08-24 12:57:46,066 [WARNING] Failed to find tvg-id="mexute" in georgia_channels.m3u
2026-08-24 12:57:46,067 [WARNING] Failed to find tvg-id="agrogaremo" in georgia_channels.m3u
2026-08-24 12:57:46,067 [WARNING] Failed to find tvg-id="artv" in georgia_channels.m3u
2026-08-24 12:57:46,067 [WARNING] Failed to find tvg-id="meteo24" in georgia_channels.m3u
2026-08-24 12:57:46,067 [WARNING] Failed to find tvg-id="georgiantimes" in georgia_channels.m3u
2026-08-24 12:57:46,068 [WARNING] Failed to find tvg-id="silkuniversal" in georgia_channels.m3u
2026-08-24 12:57:46,068 [WARNING] Failed to find tvg-id="rugbytv" in georgia_channels.m3u
2026-08-24 12:57:46,068 [WARNING] Failed to find tvg-id="gms" in georgia_channels.m3u
2026-08-24 12:57:46,068 [WARNING] Failed to find tvg-id="aiatv" in georgia_channels.m3u
2026-08-24 12:57:46,068 [WARNING] Failed to find tvg-id="batumi2" in georgia_channels.m3u
2026-08-24 12:57:46,069 [WARNING] Failed to find tvg-id="altinfo" in georgia_channels.m3u
2026-08-24 12:57:46,069 [WARNING] Failed to find tvg-id="parliament" in georgia_channels.m3u
2026-08-24 12:57:46,069 [WARNING] Failed to find tvg-id="egrisi" in georgia_channels.m3u
2026-08-24 12:57:46,069 [WARNING] Failed to find tvg-id="mzetv" in georgia_channels.m3u
2026-08-24 12:57:46,069 [INFO] No file changes were made.
2026-08-24 12:57:46,069 [INFO] === UPDATE EXECUTION FINISHED ===
