2026-08-22 14:24:40,769 [INFO] === UPDATE EXECUTION STARTED ===
2026-08-22 14:24:40,770 [INFO] Fetching Setanta Sports 3 from IPTV-ORG...
2026-08-22 14:24:40,916 [INFO] Launching batch scraper for 44 channels on tv.mar.tv...
2026-08-22 14:24:41,597 [INFO] Scraping rustavi2...
2026-08-22 14:24:47,315 [INFO]  -> Success: https://live8.mar.tv/1/4rd/index.m3u8
2026-08-22 14:24:47,351 [INFO] Scraping maestro...
2026-08-22 14:24:50,689 [INFO]  -> Success: https://live4.mar.tv/51fd015db1a58cc8b8be6488995d16d483885d5d870492090a4e663865c11451/352m/index.m3u8
2026-08-22 14:24:50,728 [INFO] Scraping marao...
2026-08-22 14:24:54,067 [INFO]  -> Success: https://live2.mar.tv/51fd015db1a58cc8b8be6488995d16d483885d5d870492090a4e663865c11451/12sd/index.m3u8
2026-08-22 14:24:54,101 [INFO] Scraping gds...
2026-08-22 14:24:57,441 [INFO]  -> Success: https://live1.mar.tv/51fd015db1a58cc8b8be6488995d16d483885d5d870492090a4e663865c11451/13sd/index.m3u8
2026-08-22 14:24:57,476 [INFO] Scraping comedy...
2026-08-22 14:25:00,815 [INFO]  -> Success: https://live4.mar.tv/51fd015db1a58cc8b8be6488995d16d483885d5d870492090a4e663865c11451/14rd/index.m3u8
2026-08-22 14:25:00,850 [INFO] Scraping bbb...
2026-08-22 14:25:04,188 [INFO]  -> Success: https://live2.mar.tv/51fd015db1a58cc8b8be6488995d16d483885d5d870492090a4e663865c11451/16sd/index.m3u8
2026-08-22 14:25:04,223 [INFO] Scraping enkibenki...
2026-08-22 14:25:07,563 [INFO]  -> Success: https://live2.mar.tv/51fd015db1a58cc8b8be6488995d16d483885d5d870492090a4e663865c11451/17e/index.m3u8
2026-08-22 14:25:07,595 [INFO] Scraping adjaratv...
2026-08-22 14:25:10,941 [INFO]  -> Success: https://live2.mar.tv/51fd015db1a58cc8b8be6488995d16d483885d5d870492090a4e663865c11451/19rd/index.m3u8
2026-08-22 14:25:10,977 [INFO] Scraping rionitv...
2026-08-22 14:25:14,319 [INFO]  -> Success: https://live6.mar.tv/51fd015db1a58cc8b8be6488995d16d483885d5d870492090a4e663865c11451/20rionn/index.m3u8
2026-08-22 14:25:14,355 [INFO] Scraping tv25...
2026-08-22 14:25:17,700 [INFO]  -> Success: https://live6.mar.tv/51fd015db1a58cc8b8be6488995d16d483885d5d870492090a4e663865c11451/23tv25/index.m3u8
2026-08-22 14:25:17,734 [INFO] Scraping tv4rustavi...
2026-08-22 14:25:21,071 [INFO]  -> Success: https://live6.mar.tv/51fd015db1a58cc8b8be6488995d16d483885d5d870492090a4e663865c11451/24tw4/index.m3u8
2026-08-22 14:25:21,106 [INFO] Scraping trialeti...
2026-08-22 14:25:24,449 [INFO]  -> Success: https://live6.mar.tv/51fd015db1a58cc8b8be6488995d16d483885d5d870492090a4e663865c11451/trialleti/index.m3u8
2026-08-22 14:25:24,483 [INFO] Scraping dardimandi...
2026-08-22 14:25:27,828 [INFO]  -> Success: https://live5.mar.tv/51fd015db1a58cc8b8be6488995d16d483885d5d870492090a4e663865c11451/27/index.m3u8
2026-08-22 14:25:27,863 [INFO] Scraping agro...
2026-08-22 14:25:31,201 [INFO]  -> Success: https://live5.mar.tv/51fd015db1a58cc8b8be6488995d16d483885d5d870492090a4e663865c11451/28/index.m3u8
2026-08-22 14:25:31,235 [INFO] Scraping samefo...
2026-08-22 14:25:34,576 [INFO]  -> Success: https://live5.mar.tv/51fd015db1a58cc8b8be6488995d16d483885d5d870492090a4e663865c11451/29/index.m3u8
2026-08-22 14:25:34,611 [INFO] Scraping postv...
2026-08-22 14:25:37,954 [INFO]  -> Success: https://live6.mar.tv/51fd015db1a58cc8b8be6488995d16d483885d5d870492090a4e663865c11451/postvw/index.m3u8
2026-08-22 14:25:37,989 [INFO] Scraping megatv...
2026-08-22 14:25:41,335 [INFO]  -> Success: https://live4.mar.tv/51fd015db1a58cc8b8be6488995d16d483885d5d870492090a4e663865c11451/32st/index.m3u8
2026-08-22 14:25:41,372 [INFO] Scraping qartuliarxi...
2026-08-22 14:25:44,713 [INFO]  -> Success: https://live6.mar.tv/51fd015db1a58cc8b8be6488995d16d483885d5d870492090a4e663865c11451/qartuli/index.m3u8
2026-08-22 14:25:44,746 [INFO] Scraping musicbox...
2026-08-22 14:25:48,092 [INFO]  -> Success: https://live6.mar.tv/51fd015db1a58cc8b8be6488995d16d483885d5d870492090a4e663865c11451/34musge/index.m3u8
2026-08-22 14:25:48,123 [INFO] Scraping marneuli...
2026-08-22 14:25:51,459 [INFO]  -> Success: https://live6.mar.tv/51fd015db1a58cc8b8be6488995d16d483885d5d870492090a4e663865c11451/37marn/index.m3u8
2026-08-22 14:25:51,493 [INFO] Scraping axaliformula...
2026-08-22 14:25:54,831 [INFO]  -> Success: https://live6.mar.tv/51fd015db1a58cc8b8be6488995d16d483885d5d870492090a4e663865c11451/axaliformla/index.m3u8
2026-08-22 14:25:54,863 [INFO] Scraping o2...
2026-08-22 14:25:58,203 [INFO]  -> Success: https://live5.mar.tv/51fd015db1a58cc8b8be6488995d16d483885d5d870492090a4e663865c11451/40/index.m3u8
2026-08-22 14:25:58,236 [INFO] Scraping guria...
2026-08-22 14:26:01,572 [INFO]  -> Success: https://live5.mar.tv/51fd015db1a58cc8b8be6488995d16d483885d5d870492090a4e663865c11451/42/index.m3u8
2026-08-22 14:26:01,607 [INFO] Scraping imervizia...
2026-08-22 14:26:04,954 [INFO]  -> Success: https://live6.mar.tv/51fd015db1a58cc8b8be6488995d16d483885d5d870492090a4e663865c11451/imervizia/index.m3u8
2026-08-22 14:26:04,989 [INFO] Scraping diatv...
2026-08-22 14:26:08,331 [INFO]  -> Success: https://live4.mar.tv/51fd015db1a58cc8b8be6488995d16d483885d5d870492090a4e663865c11451/dia/index.m3u8
2026-08-22 14:26:08,366 [INFO] Scraping chveniarxi...
2026-08-22 14:26:11,707 [INFO]  -> Success: https://live3.mar.tv/51fd015db1a58cc8b8be6488995d16d483885d5d870492090a4e663865c11451/45rd/index.m3u8
2026-08-22 14:26:11,745 [INFO] Scraping batumitv...
2026-08-22 14:26:15,082 [INFO]  -> Success: https://live5.mar.tv/51fd015db1a58cc8b8be6488995d16d483885d5d870492090a4e663865c11451/46/index.m3u8
2026-08-22 14:26:15,116 [INFO] Scraping rcheuli...
2026-08-22 14:26:18,453 [INFO]  -> Success: https://live5.mar.tv/51fd015db1a58cc8b8be6488995d16d483885d5d870492090a4e663865c11451/47/index.m3u8
2026-08-22 14:26:18,487 [INFO] Scraping gurjaani...
2026-08-22 14:26:21,821 [INFO]  -> Success: https://live4.mar.tv/51fd015db1a58cc8b8be6488995d16d483885d5d870492090a4e663865c11451/48m/index.m3u8
2026-08-22 14:26:21,855 [INFO] Scraping molitv...
2026-08-22 14:26:25,195 [INFO]  -> Success: https://live6.mar.tv/51fd015db1a58cc8b8be6488995d16d483885d5d870492090a4e663865c11451/mollltv/index.m3u8
2026-08-22 14:26:25,229 [INFO] Scraping mexute...
2026-08-22 14:26:28,561 [INFO]  -> Success: https://live6.mar.tv/51fd015db1a58cc8b8be6488995d16d483885d5d870492090a4e663865c11451/50/index.m3u8
2026-08-22 14:26:28,596 [INFO] Scraping agrogaremo...
2026-08-22 14:26:31,941 [INFO]  -> Success: https://live6.mar.tv/51fd015db1a58cc8b8be6488995d16d483885d5d870492090a4e663865c11451/agrogaremo/index.m3u8
2026-08-22 14:26:31,975 [INFO] Scraping artv...
2026-08-22 14:26:35,309 [INFO]  -> Success: https://live6.mar.tv/51fd015db1a58cc8b8be6488995d16d483885d5d870492090a4e663865c11451/tafutv/index.m3u8
2026-08-22 14:26:35,344 [INFO] Scraping meteo24...
2026-08-22 14:26:38,691 [INFO]  -> Success: https://live5.mar.tv/51fd015db1a58cc8b8be6488995d16d483885d5d870492090a4e663865c11451/56/index.m3u8
2026-08-22 14:26:38,724 [INFO] Scraping georgiantimes...
2026-08-22 14:26:42,058 [INFO]  -> Success: https://live5.mar.tv/51fd015db1a58cc8b8be6488995d16d483885d5d870492090a4e663865c11451/57/index.m3u8
2026-08-22 14:26:42,091 [INFO] Scraping silkuniversal...
2026-08-22 14:26:45,429 [INFO]  -> Success: https://live2.mar.tv/51fd015db1a58cc8b8be6488995d16d483885d5d870492090a4e663865c11451/1arxiweb/index.m3u8
2026-08-22 14:26:45,466 [INFO] Scraping rugbytv...
2026-08-22 14:26:48,803 [INFO]  -> Success: https://live4.mar.tv/51fd015db1a58cc8b8be6488995d16d483885d5d870492090a4e663865c11451/160m/index.m3u8
2026-08-22 14:26:48,837 [INFO] Scraping gms...
2026-08-22 14:26:52,181 [INFO]  -> Success: https://live5.mar.tv/51fd015db1a58cc8b8be6488995d16d483885d5d870492090a4e663865c11451/161/index.m3u8
2026-08-22 14:26:52,215 [INFO] Scraping aiatv...
2026-08-22 14:26:55,560 [INFO]  -> Success: https://live6.mar.tv/51fd015db1a58cc8b8be6488995d16d483885d5d870492090a4e663865c11451/aia/index.m3u8
2026-08-22 14:26:55,595 [INFO] Scraping batumi2...
2026-08-22 14:26:58,931 [INFO]  -> Success: https://live6.mar.tv/51fd015db1a58cc8b8be6488995d16d483885d5d870492090a4e663865c11451/batumitv2/index.m3u8
2026-08-22 14:26:58,967 [INFO] Scraping altinfo...
2026-08-22 14:27:02,308 [INFO]  -> Success: https://live6.mar.tv/51fd015db1a58cc8b8be6488995d16d483885d5d870492090a4e663865c11451/altinfo/index.m3u8
2026-08-22 14:27:02,341 [INFO] Scraping parliament...
2026-08-22 14:27:05,677 [INFO]  -> Success: https://live6.mar.tv/51fd015db1a58cc8b8be6488995d16d483885d5d870492090a4e663865c11451/parlament/index.m3u8
2026-08-22 14:27:05,711 [INFO] Scraping egrisi...
2026-08-22 14:27:09,051 [INFO]  -> Success: https://live6.mar.tv/51fd015db1a58cc8b8be6488995d16d483885d5d870492090a4e663865c11451/egrisi/index.m3u8
2026-08-22 14:27:09,086 [INFO] Scraping mzetv...
2026-08-22 14:27:12,421 [INFO]  -> Success: https://live6.mar.tv/51fd015db1a58cc8b8be6488995d16d483885d5d870492090a4e663865c11451/mze/index.m3u8
2026-08-22 14:27:12,476 [WARNING] Failed to find tvg-id="rustavi2" in georgia_channels.m3u
2026-08-22 14:27:12,476 [WARNING] Failed to find tvg-id="maestro" in georgia_channels.m3u
2026-08-22 14:27:12,476 [WARNING] Failed to find tvg-id="marao" in georgia_channels.m3u
2026-08-22 14:27:12,477 [WARNING] Failed to find tvg-id="gds" in georgia_channels.m3u
2026-08-22 14:27:12,477 [WARNING] Failed to find tvg-id="comedy" in georgia_channels.m3u
2026-08-22 14:27:12,477 [WARNING] Failed to find tvg-id="bbb" in georgia_channels.m3u
2026-08-22 14:27:12,477 [WARNING] Failed to find tvg-id="enkibenki" in georgia_channels.m3u
2026-08-22 14:27:12,478 [WARNING] Failed to find tvg-id="adjaratv" in georgia_channels.m3u
2026-08-22 14:27:12,478 [WARNING] Failed to find tvg-id="rionitv" in georgia_channels.m3u
2026-08-22 14:27:12,478 [WARNING] Failed to find tvg-id="tv25" in georgia_channels.m3u
2026-08-22 14:27:12,479 [WARNING] Failed to find tvg-id="tv4rustavi" in georgia_channels.m3u
2026-08-22 14:27:12,479 [WARNING] Failed to find tvg-id="trialeti" in georgia_channels.m3u
2026-08-22 14:27:12,479 [WARNING] Failed to find tvg-id="dardimandi" in georgia_channels.m3u
2026-08-22 14:27:12,479 [WARNING] Failed to find tvg-id="agro" in georgia_channels.m3u
2026-08-22 14:27:12,480 [WARNING] Failed to find tvg-id="samefo" in georgia_channels.m3u
2026-08-22 14:27:12,480 [WARNING] Failed to find tvg-id="postv" in georgia_channels.m3u
2026-08-22 14:27:12,480 [WARNING] Failed to find tvg-id="megatv" in georgia_channels.m3u
2026-08-22 14:27:12,480 [WARNING] Failed to find tvg-id="qartuliarxi" in georgia_channels.m3u
2026-08-22 14:27:12,481 [WARNING] Failed to find tvg-id="musicbox" in georgia_channels.m3u
2026-08-22 14:27:12,481 [WARNING] Failed to find tvg-id="marneuli" in georgia_channels.m3u
2026-08-22 14:27:12,481 [WARNING] Failed to find tvg-id="axaliformula" in georgia_channels.m3u
2026-08-22 14:27:12,481 [WARNING] Failed to find tvg-id="o2" in georgia_channels.m3u
2026-08-22 14:27:12,482 [WARNING] Failed to find tvg-id="guria" in georgia_channels.m3u
2026-08-22 14:27:12,482 [WARNING] Failed to find tvg-id="imervizia" in georgia_channels.m3u
2026-08-22 14:27:12,482 [WARNING] Failed to find tvg-id="diatv" in georgia_channels.m3u
2026-08-22 14:27:12,483 [WARNING] Failed to find tvg-id="chveniarxi" in georgia_channels.m3u
2026-08-22 14:27:12,483 [WARNING] Failed to find tvg-id="batumitv" in georgia_channels.m3u
2026-08-22 14:27:12,483 [WARNING] Failed to find tvg-id="rcheuli" in georgia_channels.m3u
2026-08-22 14:27:12,483 [WARNING] Failed to find tvg-id="gurjaani" in georgia_channels.m3u
2026-08-22 14:27:12,484 [WARNING] Failed to find tvg-id="molitv" in georgia_channels.m3u
2026-08-22 14:27:12,484 [WARNING] Failed to find tvg-id="mexute" in georgia_channels.m3u
2026-08-22 14:27:12,484 [WARNING] Failed to find tvg-id="agrogaremo" in georgia_channels.m3u
2026-08-22 14:27:12,485 [WARNING] Failed to find tvg-id="artv" in georgia_channels.m3u
2026-08-22 14:27:12,485 [WARNING] Failed to find tvg-id="meteo24" in georgia_channels.m3u
2026-08-22 14:27:12,485 [WARNING] Failed to find tvg-id="georgiantimes" in georgia_channels.m3u
2026-08-22 14:27:12,485 [WARNING] Failed to find tvg-id="silkuniversal" in georgia_channels.m3u
2026-08-22 14:27:12,486 [WARNING] Failed to find tvg-id="rugbytv" in georgia_channels.m3u
2026-08-22 14:27:12,486 [WARNING] Failed to find tvg-id="gms" in georgia_channels.m3u
2026-08-22 14:27:12,486 [WARNING] Failed to find tvg-id="aiatv" in georgia_channels.m3u
2026-08-22 14:27:12,486 [WARNING] Failed to find tvg-id="batumi2" in georgia_channels.m3u
2026-08-22 14:27:12,487 [WARNING] Failed to find tvg-id="altinfo" in georgia_channels.m3u
2026-08-22 14:27:12,487 [WARNING] Failed to find tvg-id="parliament" in georgia_channels.m3u
2026-08-22 14:27:12,487 [WARNING] Failed to find tvg-id="egrisi" in georgia_channels.m3u
2026-08-22 14:27:12,488 [WARNING] Failed to find tvg-id="mzetv" in georgia_channels.m3u
2026-08-22 14:27:12,488 [INFO] No file changes were made.
2026-08-22 14:27:12,488 [INFO] === UPDATE EXECUTION FINISHED ===
