2026-08-23 06:45:30,644 [INFO] === UPDATE EXECUTION STARTED ===
2026-08-23 06:45:30,644 [INFO] Fetching Setanta Sports 3 from IPTV-ORG...
2026-08-23 06:45:30,706 [INFO] Launching batch scraper for 44 channels on tv.mar.tv...
2026-08-23 06:45:31,288 [INFO] Scraping rustavi2...
2026-08-23 06:45:36,239 [INFO]  -> Success: https://live8.mar.tv/1/4rd/index.m3u8
2026-08-23 06:45:36,277 [INFO] Scraping maestro...
2026-08-23 06:45:39,546 [INFO]  -> Success: https://live4.mar.tv/6a738cbeea5c99731a370b80eac18d55b9adedbdd4cf24ba6cf4210e34be82cd/352m/index.m3u8
2026-08-23 06:45:39,578 [INFO] Scraping marao...
2026-08-23 06:45:42,850 [INFO]  -> Success: https://live2.mar.tv/6a738cbeea5c99731a370b80eac18d55b9adedbdd4cf24ba6cf4210e34be82cd/12sd/index.m3u8
2026-08-23 06:45:42,883 [INFO] Scraping gds...
2026-08-23 06:45:46,153 [INFO]  -> Success: https://live1.mar.tv/6a738cbeea5c99731a370b80eac18d55b9adedbdd4cf24ba6cf4210e34be82cd/13sd/index.m3u8
2026-08-23 06:45:46,184 [INFO] Scraping comedy...
2026-08-23 06:45:49,455 [INFO]  -> Success: https://live4.mar.tv/6a738cbeea5c99731a370b80eac18d55b9adedbdd4cf24ba6cf4210e34be82cd/14rd/index.m3u8
2026-08-23 06:45:49,487 [INFO] Scraping bbb...
2026-08-23 06:45:52,753 [INFO]  -> Success: https://live2.mar.tv/6a738cbeea5c99731a370b80eac18d55b9adedbdd4cf24ba6cf4210e34be82cd/16sd/index.m3u8
2026-08-23 06:45:52,789 [INFO] Scraping enkibenki...
2026-08-23 06:45:56,057 [INFO]  -> Success: https://live2.mar.tv/6a738cbeea5c99731a370b80eac18d55b9adedbdd4cf24ba6cf4210e34be82cd/17e/index.m3u8
2026-08-23 06:45:56,092 [INFO] Scraping adjaratv...
2026-08-23 06:45:59,358 [INFO]  -> Success: https://live2.mar.tv/6a738cbeea5c99731a370b80eac18d55b9adedbdd4cf24ba6cf4210e34be82cd/19rd/index.m3u8
2026-08-23 06:45:59,395 [INFO] Scraping rionitv...
2026-08-23 06:46:02,669 [INFO]  -> Success: https://live6.mar.tv/6a738cbeea5c99731a370b80eac18d55b9adedbdd4cf24ba6cf4210e34be82cd/20rionn/index.m3u8
2026-08-23 06:46:02,702 [INFO] Scraping tv25...
2026-08-23 06:46:05,973 [INFO]  -> Success: https://live6.mar.tv/6a738cbeea5c99731a370b80eac18d55b9adedbdd4cf24ba6cf4210e34be82cd/23tv25/index.m3u8
2026-08-23 06:46:06,008 [INFO] Scraping tv4rustavi...
2026-08-23 06:46:09,280 [INFO]  -> Success: https://live6.mar.tv/6a738cbeea5c99731a370b80eac18d55b9adedbdd4cf24ba6cf4210e34be82cd/24tw4/index.m3u8
2026-08-23 06:46:09,314 [INFO] Scraping trialeti...
2026-08-23 06:46:12,585 [INFO]  -> Success: https://live6.mar.tv/6a738cbeea5c99731a370b80eac18d55b9adedbdd4cf24ba6cf4210e34be82cd/trialleti/index.m3u8
2026-08-23 06:46:12,617 [INFO] Scraping dardimandi...
2026-08-23 06:46:15,887 [INFO]  -> Success: https://live5.mar.tv/6a738cbeea5c99731a370b80eac18d55b9adedbdd4cf24ba6cf4210e34be82cd/27/index.m3u8
2026-08-23 06:46:15,919 [INFO] Scraping agro...
2026-08-23 06:46:19,192 [INFO]  -> Success: https://live5.mar.tv/6a738cbeea5c99731a370b80eac18d55b9adedbdd4cf24ba6cf4210e34be82cd/28/index.m3u8
2026-08-23 06:46:19,224 [INFO] Scraping samefo...
2026-08-23 06:46:22,496 [INFO]  -> Success: https://live5.mar.tv/6a738cbeea5c99731a370b80eac18d55b9adedbdd4cf24ba6cf4210e34be82cd/29/index.m3u8
2026-08-23 06:46:22,527 [INFO] Scraping postv...
2026-08-23 06:46:25,799 [INFO]  -> Success: https://live6.mar.tv/6a738cbeea5c99731a370b80eac18d55b9adedbdd4cf24ba6cf4210e34be82cd/postvw/index.m3u8
2026-08-23 06:46:25,831 [INFO] Scraping megatv...
2026-08-23 06:46:29,101 [INFO]  -> Success: https://live4.mar.tv/6a738cbeea5c99731a370b80eac18d55b9adedbdd4cf24ba6cf4210e34be82cd/32st/index.m3u8
2026-08-23 06:46:29,137 [INFO] Scraping qartuliarxi...
2026-08-23 06:46:32,407 [INFO]  -> Success: https://live6.mar.tv/6a738cbeea5c99731a370b80eac18d55b9adedbdd4cf24ba6cf4210e34be82cd/qartuli/index.m3u8
2026-08-23 06:46:32,442 [INFO] Scraping musicbox...
2026-08-23 06:46:35,714 [INFO]  -> Success: https://live6.mar.tv/6a738cbeea5c99731a370b80eac18d55b9adedbdd4cf24ba6cf4210e34be82cd/34musge/index.m3u8
2026-08-23 06:46:35,746 [INFO] Scraping marneuli...
2026-08-23 06:46:39,017 [INFO]  -> Success: https://live6.mar.tv/6a738cbeea5c99731a370b80eac18d55b9adedbdd4cf24ba6cf4210e34be82cd/37marn/index.m3u8
2026-08-23 06:46:39,051 [INFO] Scraping axaliformula...
2026-08-23 06:46:42,323 [INFO]  -> Success: https://live6.mar.tv/6a738cbeea5c99731a370b80eac18d55b9adedbdd4cf24ba6cf4210e34be82cd/axaliformla/index.m3u8
2026-08-23 06:46:42,354 [INFO] Scraping o2...
2026-08-23 06:46:45,623 [INFO]  -> Success: https://live5.mar.tv/6a738cbeea5c99731a370b80eac18d55b9adedbdd4cf24ba6cf4210e34be82cd/40/index.m3u8
2026-08-23 06:46:45,654 [INFO] Scraping guria...
2026-08-23 06:46:48,940 [INFO]  -> Success: https://live5.mar.tv/6a738cbeea5c99731a370b80eac18d55b9adedbdd4cf24ba6cf4210e34be82cd/42/index.m3u8
2026-08-23 06:46:48,974 [INFO] Scraping imervizia...
2026-08-23 06:46:52,242 [INFO]  -> Success: https://live6.mar.tv/6a738cbeea5c99731a370b80eac18d55b9adedbdd4cf24ba6cf4210e34be82cd/imervizia/index.m3u8
2026-08-23 06:46:52,278 [INFO] Scraping diatv...
2026-08-23 06:46:55,552 [INFO]  -> Success: https://live4.mar.tv/6a738cbeea5c99731a370b80eac18d55b9adedbdd4cf24ba6cf4210e34be82cd/dia/index.m3u8
2026-08-23 06:46:55,585 [INFO] Scraping chveniarxi...
2026-08-23 06:46:58,851 [INFO]  -> Success: https://live3.mar.tv/6a738cbeea5c99731a370b80eac18d55b9adedbdd4cf24ba6cf4210e34be82cd/45rd/index.m3u8
2026-08-23 06:46:58,887 [INFO] Scraping batumitv...
2026-08-23 06:47:02,158 [INFO]  -> Success: https://live5.mar.tv/6a738cbeea5c99731a370b80eac18d55b9adedbdd4cf24ba6cf4210e34be82cd/46/index.m3u8
2026-08-23 06:47:02,192 [INFO] Scraping rcheuli...
2026-08-23 06:47:05,463 [INFO]  -> Success: https://live5.mar.tv/6a738cbeea5c99731a370b80eac18d55b9adedbdd4cf24ba6cf4210e34be82cd/47/index.m3u8
2026-08-23 06:47:05,496 [INFO] Scraping gurjaani...
2026-08-23 06:47:08,764 [INFO]  -> Success: https://live4.mar.tv/6a738cbeea5c99731a370b80eac18d55b9adedbdd4cf24ba6cf4210e34be82cd/48m/index.m3u8
2026-08-23 06:47:08,796 [INFO] Scraping molitv...
2026-08-23 06:47:12,066 [INFO]  -> Success: https://live6.mar.tv/6a738cbeea5c99731a370b80eac18d55b9adedbdd4cf24ba6cf4210e34be82cd/mollltv/index.m3u8
2026-08-23 06:47:12,099 [INFO] Scraping mexute...
2026-08-23 06:47:15,374 [INFO]  -> Success: https://live6.mar.tv/6a738cbeea5c99731a370b80eac18d55b9adedbdd4cf24ba6cf4210e34be82cd/50/index.m3u8
2026-08-23 06:47:15,408 [INFO] Scraping agrogaremo...
2026-08-23 06:47:18,677 [INFO]  -> Success: https://live6.mar.tv/6a738cbeea5c99731a370b80eac18d55b9adedbdd4cf24ba6cf4210e34be82cd/agrogaremo/index.m3u8
2026-08-23 06:47:18,710 [INFO] Scraping artv...
2026-08-23 06:47:21,980 [INFO]  -> Success: https://live6.mar.tv/6a738cbeea5c99731a370b80eac18d55b9adedbdd4cf24ba6cf4210e34be82cd/tafutv/index.m3u8
2026-08-23 06:47:22,012 [INFO] Scraping meteo24...
2026-08-23 06:47:25,281 [INFO]  -> Success: https://live5.mar.tv/6a738cbeea5c99731a370b80eac18d55b9adedbdd4cf24ba6cf4210e34be82cd/56/index.m3u8
2026-08-23 06:47:25,334 [INFO] Scraping georgiantimes...
2026-08-23 06:47:28,609 [INFO]  -> Success: https://live5.mar.tv/6a738cbeea5c99731a370b80eac18d55b9adedbdd4cf24ba6cf4210e34be82cd/57/index.m3u8
2026-08-23 06:47:28,645 [INFO] Scraping silkuniversal...
2026-08-23 06:47:31,911 [INFO]  -> Success: https://live2.mar.tv/6a738cbeea5c99731a370b80eac18d55b9adedbdd4cf24ba6cf4210e34be82cd/1arxiweb/index.m3u8
2026-08-23 06:47:31,945 [INFO] Scraping rugbytv...
2026-08-23 06:47:35,218 [INFO]  -> Success: https://live4.mar.tv/6a738cbeea5c99731a370b80eac18d55b9adedbdd4cf24ba6cf4210e34be82cd/160m/index.m3u8
2026-08-23 06:47:35,251 [INFO] Scraping gms...
2026-08-23 06:47:38,523 [INFO]  -> Success: https://live5.mar.tv/6a738cbeea5c99731a370b80eac18d55b9adedbdd4cf24ba6cf4210e34be82cd/161/index.m3u8
2026-08-23 06:47:38,556 [INFO] Scraping aiatv...
2026-08-23 06:47:41,826 [INFO]  -> Success: https://live6.mar.tv/6a738cbeea5c99731a370b80eac18d55b9adedbdd4cf24ba6cf4210e34be82cd/aia/index.m3u8
2026-08-23 06:47:41,860 [INFO] Scraping batumi2...
2026-08-23 06:47:45,131 [INFO]  -> Success: https://live6.mar.tv/6a738cbeea5c99731a370b80eac18d55b9adedbdd4cf24ba6cf4210e34be82cd/batumitv2/index.m3u8
2026-08-23 06:47:45,164 [INFO] Scraping altinfo...
2026-08-23 06:47:48,438 [INFO]  -> Success: https://live6.mar.tv/6a738cbeea5c99731a370b80eac18d55b9adedbdd4cf24ba6cf4210e34be82cd/altinfo/index.m3u8
2026-08-23 06:47:48,475 [INFO] Scraping parliament...
2026-08-23 06:47:51,747 [INFO]  -> Success: https://live6.mar.tv/6a738cbeea5c99731a370b80eac18d55b9adedbdd4cf24ba6cf4210e34be82cd/parlament/index.m3u8
2026-08-23 06:47:51,779 [INFO] Scraping egrisi...
2026-08-23 06:47:55,048 [INFO]  -> Success: https://live6.mar.tv/6a738cbeea5c99731a370b80eac18d55b9adedbdd4cf24ba6cf4210e34be82cd/egrisi/index.m3u8
2026-08-23 06:47:55,080 [INFO] Scraping mzetv...
2026-08-23 06:47:58,353 [INFO]  -> Success: https://live6.mar.tv/6a738cbeea5c99731a370b80eac18d55b9adedbdd4cf24ba6cf4210e34be82cd/mze/index.m3u8
2026-08-23 06:47:58,400 [WARNING] Failed to find tvg-id="rustavi2" in georgia_channels.m3u
2026-08-23 06:47:58,401 [WARNING] Failed to find tvg-id="maestro" in georgia_channels.m3u
2026-08-23 06:47:58,401 [WARNING] Failed to find tvg-id="marao" in georgia_channels.m3u
2026-08-23 06:47:58,401 [WARNING] Failed to find tvg-id="gds" in georgia_channels.m3u
2026-08-23 06:47:58,402 [WARNING] Failed to find tvg-id="comedy" in georgia_channels.m3u
2026-08-23 06:47:58,402 [WARNING] Failed to find tvg-id="bbb" in georgia_channels.m3u
2026-08-23 06:47:58,402 [WARNING] Failed to find tvg-id="enkibenki" in georgia_channels.m3u
2026-08-23 06:47:58,402 [WARNING] Failed to find tvg-id="adjaratv" in georgia_channels.m3u
2026-08-23 06:47:58,403 [WARNING] Failed to find tvg-id="rionitv" in georgia_channels.m3u
2026-08-23 06:47:58,403 [WARNING] Failed to find tvg-id="tv25" in georgia_channels.m3u
2026-08-23 06:47:58,403 [WARNING] Failed to find tvg-id="tv4rustavi" in georgia_channels.m3u
2026-08-23 06:47:58,403 [WARNING] Failed to find tvg-id="trialeti" in georgia_channels.m3u
2026-08-23 06:47:58,404 [WARNING] Failed to find tvg-id="dardimandi" in georgia_channels.m3u
2026-08-23 06:47:58,404 [WARNING] Failed to find tvg-id="agro" in georgia_channels.m3u
2026-08-23 06:47:58,404 [WARNING] Failed to find tvg-id="samefo" in georgia_channels.m3u
2026-08-23 06:47:58,405 [WARNING] Failed to find tvg-id="postv" in georgia_channels.m3u
2026-08-23 06:47:58,405 [WARNING] Failed to find tvg-id="megatv" in georgia_channels.m3u
2026-08-23 06:47:58,405 [WARNING] Failed to find tvg-id="qartuliarxi" in georgia_channels.m3u
2026-08-23 06:47:58,405 [WARNING] Failed to find tvg-id="musicbox" in georgia_channels.m3u
2026-08-23 06:47:58,405 [WARNING] Failed to find tvg-id="marneuli" in georgia_channels.m3u
2026-08-23 06:47:58,406 [WARNING] Failed to find tvg-id="axaliformula" in georgia_channels.m3u
2026-08-23 06:47:58,406 [WARNING] Failed to find tvg-id="o2" in georgia_channels.m3u
2026-08-23 06:47:58,406 [WARNING] Failed to find tvg-id="guria" in georgia_channels.m3u
2026-08-23 06:47:58,406 [WARNING] Failed to find tvg-id="imervizia" in georgia_channels.m3u
2026-08-23 06:47:58,407 [WARNING] Failed to find tvg-id="diatv" in georgia_channels.m3u
2026-08-23 06:47:58,407 [WARNING] Failed to find tvg-id="chveniarxi" in georgia_channels.m3u
2026-08-23 06:47:58,407 [WARNING] Failed to find tvg-id="batumitv" in georgia_channels.m3u
2026-08-23 06:47:58,407 [WARNING] Failed to find tvg-id="rcheuli" in georgia_channels.m3u
2026-08-23 06:47:58,408 [WARNING] Failed to find tvg-id="gurjaani" in georgia_channels.m3u
2026-08-23 06:47:58,408 [WARNING] Failed to find tvg-id="molitv" in georgia_channels.m3u
2026-08-23 06:47:58,408 [WARNING] Failed to find tvg-id="mexute" in georgia_channels.m3u
2026-08-23 06:47:58,408 [WARNING] Failed to find tvg-id="agrogaremo" in georgia_channels.m3u
2026-08-23 06:47:58,409 [WARNING] Failed to find tvg-id="artv" in georgia_channels.m3u
2026-08-23 06:47:58,409 [WARNING] Failed to find tvg-id="meteo24" in georgia_channels.m3u
2026-08-23 06:47:58,409 [WARNING] Failed to find tvg-id="georgiantimes" in georgia_channels.m3u
2026-08-23 06:47:58,409 [WARNING] Failed to find tvg-id="silkuniversal" in georgia_channels.m3u
2026-08-23 06:47:58,410 [WARNING] Failed to find tvg-id="rugbytv" in georgia_channels.m3u
2026-08-23 06:47:58,410 [WARNING] Failed to find tvg-id="gms" in georgia_channels.m3u
2026-08-23 06:47:58,410 [WARNING] Failed to find tvg-id="aiatv" in georgia_channels.m3u
2026-08-23 06:47:58,410 [WARNING] Failed to find tvg-id="batumi2" in georgia_channels.m3u
2026-08-23 06:47:58,411 [WARNING] Failed to find tvg-id="altinfo" in georgia_channels.m3u
2026-08-23 06:47:58,411 [WARNING] Failed to find tvg-id="parliament" in georgia_channels.m3u
2026-08-23 06:47:58,411 [WARNING] Failed to find tvg-id="egrisi" in georgia_channels.m3u
2026-08-23 06:47:58,412 [WARNING] Failed to find tvg-id="mzetv" in georgia_channels.m3u
2026-08-23 06:47:58,412 [INFO] No file changes were made.
2026-08-23 06:47:58,412 [INFO] === UPDATE EXECUTION FINISHED ===
