2026-08-25 01:23:39,625 [INFO] === UPDATE EXECUTION STARTED ===
2026-08-25 01:23:39,626 [INFO] Fetching Setanta Sports 3 from IPTV-ORG...
2026-08-25 01:23:39,685 [INFO] Launching batch scraper for 44 channels on tv.mar.tv...
2026-08-25 01:23:41,690 [INFO] Scraping rustavi2...
2026-08-25 01:23:46,664 [INFO]  -> Success: https://live8.mar.tv/1/4rd/index.m3u8
2026-08-25 01:23:46,701 [INFO] Scraping maestro...
2026-08-25 01:23:49,970 [INFO]  -> Success: https://live4.mar.tv/fbf58d4d095b69cb08690e837e31607cd2d6207b973578aa8e08bb7fbaa194b9/352m/index.m3u8
2026-08-25 01:23:50,004 [INFO] Scraping marao...
2026-08-25 01:23:53,278 [INFO]  -> Success: https://live2.mar.tv/fbf58d4d095b69cb08690e837e31607cd2d6207b973578aa8e08bb7fbaa194b9/12sd/index.m3u8
2026-08-25 01:23:53,313 [INFO] Scraping gds...
2026-08-25 01:23:56,585 [INFO]  -> Success: https://live1.mar.tv/fbf58d4d095b69cb08690e837e31607cd2d6207b973578aa8e08bb7fbaa194b9/13sd/index.m3u8
2026-08-25 01:23:56,618 [INFO] Scraping comedy...
2026-08-25 01:23:59,889 [INFO]  -> Success: https://live4.mar.tv/fbf58d4d095b69cb08690e837e31607cd2d6207b973578aa8e08bb7fbaa194b9/14rd/index.m3u8
2026-08-25 01:23:59,926 [INFO] Scraping bbb...
2026-08-25 01:24:03,195 [INFO]  -> Success: https://live2.mar.tv/fbf58d4d095b69cb08690e837e31607cd2d6207b973578aa8e08bb7fbaa194b9/16sd/index.m3u8
2026-08-25 01:24:03,230 [INFO] Scraping enkibenki...
2026-08-25 01:24:06,498 [INFO]  -> Success: https://live2.mar.tv/fbf58d4d095b69cb08690e837e31607cd2d6207b973578aa8e08bb7fbaa194b9/17e/index.m3u8
2026-08-25 01:24:06,533 [INFO] Scraping adjaratv...
2026-08-25 01:24:09,803 [INFO]  -> Success: https://live2.mar.tv/fbf58d4d095b69cb08690e837e31607cd2d6207b973578aa8e08bb7fbaa194b9/19rd/index.m3u8
2026-08-25 01:24:09,836 [INFO] Scraping rionitv...
2026-08-25 01:24:13,104 [INFO]  -> Success: https://live6.mar.tv/fbf58d4d095b69cb08690e837e31607cd2d6207b973578aa8e08bb7fbaa194b9/20rionn/index.m3u8
2026-08-25 01:24:13,135 [INFO] Scraping tv25...
2026-08-25 01:24:16,404 [INFO]  -> Success: https://live6.mar.tv/fbf58d4d095b69cb08690e837e31607cd2d6207b973578aa8e08bb7fbaa194b9/23tv25/index.m3u8
2026-08-25 01:24:16,437 [INFO] Scraping tv4rustavi...
2026-08-25 01:24:19,710 [INFO]  -> Success: https://live6.mar.tv/fbf58d4d095b69cb08690e837e31607cd2d6207b973578aa8e08bb7fbaa194b9/24tw4/index.m3u8
2026-08-25 01:24:19,746 [INFO] Scraping trialeti...
2026-08-25 01:24:23,017 [INFO]  -> Success: https://live6.mar.tv/fbf58d4d095b69cb08690e837e31607cd2d6207b973578aa8e08bb7fbaa194b9/trialleti/index.m3u8
2026-08-25 01:24:23,054 [INFO] Scraping dardimandi...
2026-08-25 01:24:26,327 [INFO]  -> Success: https://live5.mar.tv/fbf58d4d095b69cb08690e837e31607cd2d6207b973578aa8e08bb7fbaa194b9/27/index.m3u8
2026-08-25 01:24:26,361 [INFO] Scraping agro...
2026-08-25 01:24:29,631 [INFO]  -> Success: https://live5.mar.tv/fbf58d4d095b69cb08690e837e31607cd2d6207b973578aa8e08bb7fbaa194b9/28/index.m3u8
2026-08-25 01:24:29,665 [INFO] Scraping samefo...
2026-08-25 01:24:32,933 [INFO]  -> Success: https://live5.mar.tv/fbf58d4d095b69cb08690e837e31607cd2d6207b973578aa8e08bb7fbaa194b9/29/index.m3u8
2026-08-25 01:24:32,964 [INFO] Scraping postv...
2026-08-25 01:24:36,235 [INFO]  -> Success: https://live6.mar.tv/fbf58d4d095b69cb08690e837e31607cd2d6207b973578aa8e08bb7fbaa194b9/postvw/index.m3u8
2026-08-25 01:24:36,267 [INFO] Scraping megatv...
2026-08-25 01:24:39,535 [INFO]  -> Success: https://live4.mar.tv/fbf58d4d095b69cb08690e837e31607cd2d6207b973578aa8e08bb7fbaa194b9/32st/index.m3u8
2026-08-25 01:24:39,569 [INFO] Scraping qartuliarxi...
2026-08-25 01:24:42,837 [INFO]  -> Success: https://live6.mar.tv/fbf58d4d095b69cb08690e837e31607cd2d6207b973578aa8e08bb7fbaa194b9/qartuli/index.m3u8
2026-08-25 01:24:42,869 [INFO] Scraping musicbox...
2026-08-25 01:24:46,140 [INFO]  -> Success: https://live6.mar.tv/fbf58d4d095b69cb08690e837e31607cd2d6207b973578aa8e08bb7fbaa194b9/34musge/index.m3u8
2026-08-25 01:24:46,173 [INFO] Scraping marneuli...
2026-08-25 01:24:49,443 [INFO]  -> Success: https://live6.mar.tv/fbf58d4d095b69cb08690e837e31607cd2d6207b973578aa8e08bb7fbaa194b9/37marn/index.m3u8
2026-08-25 01:24:49,477 [INFO] Scraping axaliformula...
2026-08-25 01:24:52,746 [INFO]  -> Success: https://live6.mar.tv/fbf58d4d095b69cb08690e837e31607cd2d6207b973578aa8e08bb7fbaa194b9/axaliformla/index.m3u8
2026-08-25 01:24:52,780 [INFO] Scraping o2...
2026-08-25 01:24:56,049 [INFO]  -> Success: https://live5.mar.tv/fbf58d4d095b69cb08690e837e31607cd2d6207b973578aa8e08bb7fbaa194b9/40/index.m3u8
2026-08-25 01:24:56,084 [INFO] Scraping guria...
2026-08-25 01:24:59,352 [INFO]  -> Success: https://live5.mar.tv/fbf58d4d095b69cb08690e837e31607cd2d6207b973578aa8e08bb7fbaa194b9/42/index.m3u8
2026-08-25 01:24:59,386 [INFO] Scraping imervizia...
2026-08-25 01:25:02,652 [INFO]  -> Success: https://live6.mar.tv/fbf58d4d095b69cb08690e837e31607cd2d6207b973578aa8e08bb7fbaa194b9/imervizia/index.m3u8
2026-08-25 01:25:02,685 [INFO] Scraping diatv...
2026-08-25 01:25:05,958 [INFO]  -> Success: https://live4.mar.tv/fbf58d4d095b69cb08690e837e31607cd2d6207b973578aa8e08bb7fbaa194b9/dia/index.m3u8
2026-08-25 01:25:05,989 [INFO] Scraping chveniarxi...
2026-08-25 01:25:09,257 [INFO]  -> Success: https://live3.mar.tv/fbf58d4d095b69cb08690e837e31607cd2d6207b973578aa8e08bb7fbaa194b9/45rd/index.m3u8
2026-08-25 01:25:09,299 [INFO] Scraping batumitv...
2026-08-25 01:25:12,570 [INFO]  -> Success: https://live5.mar.tv/fbf58d4d095b69cb08690e837e31607cd2d6207b973578aa8e08bb7fbaa194b9/46/index.m3u8
2026-08-25 01:25:12,604 [INFO] Scraping rcheuli...
2026-08-25 01:25:15,873 [INFO]  -> Success: https://live5.mar.tv/fbf58d4d095b69cb08690e837e31607cd2d6207b973578aa8e08bb7fbaa194b9/47/index.m3u8
2026-08-25 01:25:15,906 [INFO] Scraping gurjaani...
2026-08-25 01:25:19,176 [INFO]  -> Success: https://live4.mar.tv/fbf58d4d095b69cb08690e837e31607cd2d6207b973578aa8e08bb7fbaa194b9/48m/index.m3u8
2026-08-25 01:25:19,209 [INFO] Scraping molitv...
2026-08-25 01:25:22,482 [INFO]  -> Success: https://live6.mar.tv/fbf58d4d095b69cb08690e837e31607cd2d6207b973578aa8e08bb7fbaa194b9/mollltv/index.m3u8
2026-08-25 01:25:22,513 [INFO] Scraping mexute...
2026-08-25 01:25:25,780 [INFO]  -> Success: https://live6.mar.tv/fbf58d4d095b69cb08690e837e31607cd2d6207b973578aa8e08bb7fbaa194b9/50/index.m3u8
2026-08-25 01:25:25,815 [INFO] Scraping agrogaremo...
2026-08-25 01:25:29,093 [INFO]  -> Success: https://live6.mar.tv/fbf58d4d095b69cb08690e837e31607cd2d6207b973578aa8e08bb7fbaa194b9/agrogaremo/index.m3u8
2026-08-25 01:25:29,126 [INFO] Scraping artv...
2026-08-25 01:25:32,391 [INFO]  -> Success: https://live6.mar.tv/fbf58d4d095b69cb08690e837e31607cd2d6207b973578aa8e08bb7fbaa194b9/tafutv/index.m3u8
2026-08-25 01:25:32,424 [INFO] Scraping meteo24...
2026-08-25 01:25:35,692 [INFO]  -> Success: https://live5.mar.tv/fbf58d4d095b69cb08690e837e31607cd2d6207b973578aa8e08bb7fbaa194b9/56/index.m3u8
2026-08-25 01:25:35,726 [INFO] Scraping georgiantimes...
2026-08-25 01:25:39,001 [INFO]  -> Success: https://live5.mar.tv/fbf58d4d095b69cb08690e837e31607cd2d6207b973578aa8e08bb7fbaa194b9/57/index.m3u8
2026-08-25 01:25:39,033 [INFO] Scraping silkuniversal...
2026-08-25 01:25:42,299 [INFO]  -> Success: https://live2.mar.tv/fbf58d4d095b69cb08690e837e31607cd2d6207b973578aa8e08bb7fbaa194b9/1arxiweb/index.m3u8
2026-08-25 01:25:42,333 [INFO] Scraping rugbytv...
2026-08-25 01:25:45,608 [INFO]  -> Success: https://live4.mar.tv/fbf58d4d095b69cb08690e837e31607cd2d6207b973578aa8e08bb7fbaa194b9/160m/index.m3u8
2026-08-25 01:25:45,642 [INFO] Scraping gms...
2026-08-25 01:25:48,914 [INFO]  -> Success: https://live5.mar.tv/fbf58d4d095b69cb08690e837e31607cd2d6207b973578aa8e08bb7fbaa194b9/161/index.m3u8
2026-08-25 01:25:48,948 [INFO] Scraping aiatv...
2026-08-25 01:25:52,218 [INFO]  -> Success: https://live6.mar.tv/fbf58d4d095b69cb08690e837e31607cd2d6207b973578aa8e08bb7fbaa194b9/aia/index.m3u8
2026-08-25 01:25:52,251 [INFO] Scraping batumi2...
2026-08-25 01:25:55,524 [INFO]  -> Success: https://live6.mar.tv/fbf58d4d095b69cb08690e837e31607cd2d6207b973578aa8e08bb7fbaa194b9/batumitv2/index.m3u8
2026-08-25 01:25:55,556 [INFO] Scraping altinfo...
2026-08-25 01:25:58,822 [INFO]  -> Success: https://live6.mar.tv/fbf58d4d095b69cb08690e837e31607cd2d6207b973578aa8e08bb7fbaa194b9/altinfo/index.m3u8
2026-08-25 01:25:58,856 [INFO] Scraping parliament...
2026-08-25 01:26:02,128 [INFO]  -> Success: https://live6.mar.tv/fbf58d4d095b69cb08690e837e31607cd2d6207b973578aa8e08bb7fbaa194b9/parlament/index.m3u8
2026-08-25 01:26:02,160 [INFO] Scraping egrisi...
2026-08-25 01:26:05,429 [INFO]  -> Success: https://live6.mar.tv/fbf58d4d095b69cb08690e837e31607cd2d6207b973578aa8e08bb7fbaa194b9/egrisi/index.m3u8
2026-08-25 01:26:05,462 [INFO] Scraping mzetv...
2026-08-25 01:26:08,733 [INFO]  -> Success: https://live6.mar.tv/fbf58d4d095b69cb08690e837e31607cd2d6207b973578aa8e08bb7fbaa194b9/mze/index.m3u8
2026-08-25 01:26:08,786 [WARNING] Failed to find tvg-id="rustavi2" in georgia_channels.m3u
2026-08-25 01:26:08,786 [WARNING] Failed to find tvg-id="maestro" in georgia_channels.m3u
2026-08-25 01:26:08,786 [WARNING] Failed to find tvg-id="marao" in georgia_channels.m3u
2026-08-25 01:26:08,786 [WARNING] Failed to find tvg-id="gds" in georgia_channels.m3u
2026-08-25 01:26:08,786 [WARNING] Failed to find tvg-id="comedy" in georgia_channels.m3u
2026-08-25 01:26:08,787 [WARNING] Failed to find tvg-id="bbb" in georgia_channels.m3u
2026-08-25 01:26:08,787 [WARNING] Failed to find tvg-id="enkibenki" in georgia_channels.m3u
2026-08-25 01:26:08,787 [WARNING] Failed to find tvg-id="adjaratv" in georgia_channels.m3u
2026-08-25 01:26:08,787 [WARNING] Failed to find tvg-id="rionitv" in georgia_channels.m3u
2026-08-25 01:26:08,787 [WARNING] Failed to find tvg-id="tv25" in georgia_channels.m3u
2026-08-25 01:26:08,787 [WARNING] Failed to find tvg-id="tv4rustavi" in georgia_channels.m3u
2026-08-25 01:26:08,788 [WARNING] Failed to find tvg-id="trialeti" in georgia_channels.m3u
2026-08-25 01:26:08,788 [WARNING] Failed to find tvg-id="dardimandi" in georgia_channels.m3u
2026-08-25 01:26:08,788 [WARNING] Failed to find tvg-id="agro" in georgia_channels.m3u
2026-08-25 01:26:08,788 [WARNING] Failed to find tvg-id="samefo" in georgia_channels.m3u
2026-08-25 01:26:08,788 [WARNING] Failed to find tvg-id="postv" in georgia_channels.m3u
2026-08-25 01:26:08,788 [WARNING] Failed to find tvg-id="megatv" in georgia_channels.m3u
2026-08-25 01:26:08,789 [WARNING] Failed to find tvg-id="qartuliarxi" in georgia_channels.m3u
2026-08-25 01:26:08,789 [WARNING] Failed to find tvg-id="musicbox" in georgia_channels.m3u
2026-08-25 01:26:08,789 [WARNING] Failed to find tvg-id="marneuli" in georgia_channels.m3u
2026-08-25 01:26:08,789 [WARNING] Failed to find tvg-id="axaliformula" in georgia_channels.m3u
2026-08-25 01:26:08,789 [WARNING] Failed to find tvg-id="o2" in georgia_channels.m3u
2026-08-25 01:26:08,789 [WARNING] Failed to find tvg-id="guria" in georgia_channels.m3u
2026-08-25 01:26:08,789 [WARNING] Failed to find tvg-id="imervizia" in georgia_channels.m3u
2026-08-25 01:26:08,790 [WARNING] Failed to find tvg-id="diatv" in georgia_channels.m3u
2026-08-25 01:26:08,790 [WARNING] Failed to find tvg-id="chveniarxi" in georgia_channels.m3u
2026-08-25 01:26:08,790 [WARNING] Failed to find tvg-id="batumitv" in georgia_channels.m3u
2026-08-25 01:26:08,790 [WARNING] Failed to find tvg-id="rcheuli" in georgia_channels.m3u
2026-08-25 01:26:08,790 [WARNING] Failed to find tvg-id="gurjaani" in georgia_channels.m3u
2026-08-25 01:26:08,790 [WARNING] Failed to find tvg-id="molitv" in georgia_channels.m3u
2026-08-25 01:26:08,791 [WARNING] Failed to find tvg-id="mexute" in georgia_channels.m3u
2026-08-25 01:26:08,791 [WARNING] Failed to find tvg-id="agrogaremo" in georgia_channels.m3u
2026-08-25 01:26:08,791 [WARNING] Failed to find tvg-id="artv" in georgia_channels.m3u
2026-08-25 01:26:08,791 [WARNING] Failed to find tvg-id="meteo24" in georgia_channels.m3u
2026-08-25 01:26:08,791 [WARNING] Failed to find tvg-id="georgiantimes" in georgia_channels.m3u
2026-08-25 01:26:08,791 [WARNING] Failed to find tvg-id="silkuniversal" in georgia_channels.m3u
2026-08-25 01:26:08,792 [WARNING] Failed to find tvg-id="rugbytv" in georgia_channels.m3u
2026-08-25 01:26:08,792 [WARNING] Failed to find tvg-id="gms" in georgia_channels.m3u
2026-08-25 01:26:08,792 [WARNING] Failed to find tvg-id="aiatv" in georgia_channels.m3u
2026-08-25 01:26:08,792 [WARNING] Failed to find tvg-id="batumi2" in georgia_channels.m3u
2026-08-25 01:26:08,792 [WARNING] Failed to find tvg-id="altinfo" in georgia_channels.m3u
2026-08-25 01:26:08,792 [WARNING] Failed to find tvg-id="parliament" in georgia_channels.m3u
2026-08-25 01:26:08,792 [WARNING] Failed to find tvg-id="egrisi" in georgia_channels.m3u
2026-08-25 01:26:08,793 [WARNING] Failed to find tvg-id="mzetv" in georgia_channels.m3u
2026-08-25 01:26:08,793 [INFO] No file changes were made.
2026-08-25 01:26:08,793 [INFO] === UPDATE EXECUTION FINISHED ===
