2026-08-23 03:05:18,639 [INFO] === UPDATE EXECUTION STARTED ===
2026-08-23 03:05:18,639 [INFO] Fetching Setanta Sports 3 from IPTV-ORG...
2026-08-23 03:05:18,717 [INFO] Launching batch scraper for 44 channels on tv.mar.tv...
2026-08-23 03:05:19,989 [INFO] Scraping rustavi2...
2026-08-23 03:05:25,131 [INFO]  -> Success: https://live8.mar.tv/1/4rd/index.m3u8
2026-08-23 03:05:25,181 [INFO] Scraping maestro...
2026-08-23 03:05:28,472 [INFO]  -> Success: https://live4.mar.tv/4ff740c23789dc8a61973ae3d324792a579307580298704ba38ad38f476dd01c/352m/index.m3u8
2026-08-23 03:05:28,507 [INFO] Scraping marao...
2026-08-23 03:05:31,800 [INFO]  -> Success: https://live2.mar.tv/4ff740c23789dc8a61973ae3d324792a579307580298704ba38ad38f476dd01c/12sd/index.m3u8
2026-08-23 03:05:31,834 [INFO] Scraping gds...
2026-08-23 03:05:35,123 [INFO]  -> Success: https://live1.mar.tv/4ff740c23789dc8a61973ae3d324792a579307580298704ba38ad38f476dd01c/13sd/index.m3u8
2026-08-23 03:05:35,156 [INFO] Scraping comedy...
2026-08-23 03:05:38,443 [INFO]  -> Success: https://live4.mar.tv/4ff740c23789dc8a61973ae3d324792a579307580298704ba38ad38f476dd01c/14rd/index.m3u8
2026-08-23 03:05:38,477 [INFO] Scraping bbb...
2026-08-23 03:05:41,760 [INFO]  -> Success: https://live2.mar.tv/4ff740c23789dc8a61973ae3d324792a579307580298704ba38ad38f476dd01c/16sd/index.m3u8
2026-08-23 03:05:41,796 [INFO] Scraping enkibenki...
2026-08-23 03:05:45,082 [INFO]  -> Success: https://live2.mar.tv/4ff740c23789dc8a61973ae3d324792a579307580298704ba38ad38f476dd01c/17e/index.m3u8
2026-08-23 03:05:45,117 [INFO] Scraping adjaratv...
2026-08-23 03:05:48,405 [INFO]  -> Success: https://live2.mar.tv/4ff740c23789dc8a61973ae3d324792a579307580298704ba38ad38f476dd01c/19rd/index.m3u8
2026-08-23 03:05:48,442 [INFO] Scraping rionitv...
2026-08-23 03:05:51,725 [INFO]  -> Success: https://live6.mar.tv/4ff740c23789dc8a61973ae3d324792a579307580298704ba38ad38f476dd01c/20rionn/index.m3u8
2026-08-23 03:05:51,761 [INFO] Scraping tv25...
2026-08-23 03:05:55,046 [INFO]  -> Success: https://live6.mar.tv/4ff740c23789dc8a61973ae3d324792a579307580298704ba38ad38f476dd01c/23tv25/index.m3u8
2026-08-23 03:05:55,082 [INFO] Scraping tv4rustavi...
2026-08-23 03:05:58,369 [INFO]  -> Success: https://live6.mar.tv/4ff740c23789dc8a61973ae3d324792a579307580298704ba38ad38f476dd01c/24tw4/index.m3u8
2026-08-23 03:05:58,404 [INFO] Scraping trialeti...
2026-08-23 03:06:01,691 [INFO]  -> Success: https://live6.mar.tv/4ff740c23789dc8a61973ae3d324792a579307580298704ba38ad38f476dd01c/trialleti/index.m3u8
2026-08-23 03:06:01,724 [INFO] Scraping dardimandi...
2026-08-23 03:06:05,009 [INFO]  -> Success: https://live5.mar.tv/4ff740c23789dc8a61973ae3d324792a579307580298704ba38ad38f476dd01c/27/index.m3u8
2026-08-23 03:06:05,046 [INFO] Scraping agro...
2026-08-23 03:06:08,331 [INFO]  -> Success: https://live5.mar.tv/4ff740c23789dc8a61973ae3d324792a579307580298704ba38ad38f476dd01c/28/index.m3u8
2026-08-23 03:06:08,369 [INFO] Scraping samefo...
2026-08-23 03:06:11,658 [INFO]  -> Success: https://live5.mar.tv/4ff740c23789dc8a61973ae3d324792a579307580298704ba38ad38f476dd01c/29/index.m3u8
2026-08-23 03:06:11,692 [INFO] Scraping postv...
2026-08-23 03:06:14,979 [INFO]  -> Success: https://live6.mar.tv/4ff740c23789dc8a61973ae3d324792a579307580298704ba38ad38f476dd01c/postvw/index.m3u8
2026-08-23 03:06:15,015 [INFO] Scraping megatv...
2026-08-23 03:06:18,301 [INFO]  -> Success: https://live4.mar.tv/4ff740c23789dc8a61973ae3d324792a579307580298704ba38ad38f476dd01c/32st/index.m3u8
2026-08-23 03:06:18,336 [INFO] Scraping qartuliarxi...
2026-08-23 03:06:21,622 [INFO]  -> Success: https://live6.mar.tv/4ff740c23789dc8a61973ae3d324792a579307580298704ba38ad38f476dd01c/qartuli/index.m3u8
2026-08-23 03:06:21,656 [INFO] Scraping musicbox...
2026-08-23 03:06:24,939 [INFO]  -> Success: https://live6.mar.tv/4ff740c23789dc8a61973ae3d324792a579307580298704ba38ad38f476dd01c/34musge/index.m3u8
2026-08-23 03:06:24,974 [INFO] Scraping marneuli...
2026-08-23 03:06:28,260 [INFO]  -> Success: https://live6.mar.tv/4ff740c23789dc8a61973ae3d324792a579307580298704ba38ad38f476dd01c/37marn/index.m3u8
2026-08-23 03:06:28,293 [INFO] Scraping axaliformula...
2026-08-23 03:06:31,580 [INFO]  -> Success: https://live6.mar.tv/4ff740c23789dc8a61973ae3d324792a579307580298704ba38ad38f476dd01c/axaliformla/index.m3u8
2026-08-23 03:06:31,613 [INFO] Scraping o2...
2026-08-23 03:06:34,903 [INFO]  -> Success: https://live5.mar.tv/4ff740c23789dc8a61973ae3d324792a579307580298704ba38ad38f476dd01c/40/index.m3u8
2026-08-23 03:06:34,935 [INFO] Scraping guria...
2026-08-23 03:06:38,221 [INFO]  -> Success: https://live5.mar.tv/4ff740c23789dc8a61973ae3d324792a579307580298704ba38ad38f476dd01c/42/index.m3u8
2026-08-23 03:06:38,253 [INFO] Scraping imervizia...
2026-08-23 03:06:41,542 [INFO]  -> Success: https://live6.mar.tv/4ff740c23789dc8a61973ae3d324792a579307580298704ba38ad38f476dd01c/imervizia/index.m3u8
2026-08-23 03:06:41,578 [INFO] Scraping diatv...
2026-08-23 03:06:44,868 [INFO]  -> Success: https://live4.mar.tv/4ff740c23789dc8a61973ae3d324792a579307580298704ba38ad38f476dd01c/dia/index.m3u8
2026-08-23 03:06:44,903 [INFO] Scraping chveniarxi...
2026-08-23 03:06:48,192 [INFO]  -> Success: https://live3.mar.tv/4ff740c23789dc8a61973ae3d324792a579307580298704ba38ad38f476dd01c/45rd/index.m3u8
2026-08-23 03:06:48,225 [INFO] Scraping batumitv...
2026-08-23 03:06:51,507 [INFO]  -> Success: https://live5.mar.tv/4ff740c23789dc8a61973ae3d324792a579307580298704ba38ad38f476dd01c/46/index.m3u8
2026-08-23 03:06:51,544 [INFO] Scraping rcheuli...
2026-08-23 03:06:54,834 [INFO]  -> Success: https://live5.mar.tv/4ff740c23789dc8a61973ae3d324792a579307580298704ba38ad38f476dd01c/47/index.m3u8
2026-08-23 03:06:54,865 [INFO] Scraping gurjaani...
2026-08-23 03:06:58,150 [INFO]  -> Success: https://live4.mar.tv/4ff740c23789dc8a61973ae3d324792a579307580298704ba38ad38f476dd01c/48m/index.m3u8
2026-08-23 03:06:58,184 [INFO] Scraping molitv...
2026-08-23 03:07:01,475 [INFO]  -> Success: https://live6.mar.tv/4ff740c23789dc8a61973ae3d324792a579307580298704ba38ad38f476dd01c/mollltv/index.m3u8
2026-08-23 03:07:01,508 [INFO] Scraping mexute...
2026-08-23 03:07:04,790 [INFO]  -> Success: https://live6.mar.tv/4ff740c23789dc8a61973ae3d324792a579307580298704ba38ad38f476dd01c/50/index.m3u8
2026-08-23 03:07:04,824 [INFO] Scraping agrogaremo...
2026-08-23 03:07:08,111 [INFO]  -> Success: https://live6.mar.tv/4ff740c23789dc8a61973ae3d324792a579307580298704ba38ad38f476dd01c/agrogaremo/index.m3u8
2026-08-23 03:07:08,146 [INFO] Scraping artv...
2026-08-23 03:07:11,435 [INFO]  -> Success: https://live6.mar.tv/4ff740c23789dc8a61973ae3d324792a579307580298704ba38ad38f476dd01c/tafutv/index.m3u8
2026-08-23 03:07:11,470 [INFO] Scraping meteo24...
2026-08-23 03:07:14,755 [INFO]  -> Success: https://live5.mar.tv/4ff740c23789dc8a61973ae3d324792a579307580298704ba38ad38f476dd01c/56/index.m3u8
2026-08-23 03:07:14,789 [INFO] Scraping georgiantimes...
2026-08-23 03:07:18,077 [INFO]  -> Success: https://live5.mar.tv/4ff740c23789dc8a61973ae3d324792a579307580298704ba38ad38f476dd01c/57/index.m3u8
2026-08-23 03:07:18,111 [INFO] Scraping silkuniversal...
2026-08-23 03:07:21,400 [INFO]  -> Success: https://live2.mar.tv/4ff740c23789dc8a61973ae3d324792a579307580298704ba38ad38f476dd01c/1arxiweb/index.m3u8
2026-08-23 03:07:21,434 [INFO] Scraping rugbytv...
2026-08-23 03:07:24,720 [INFO]  -> Success: https://live4.mar.tv/4ff740c23789dc8a61973ae3d324792a579307580298704ba38ad38f476dd01c/160m/index.m3u8
2026-08-23 03:07:24,757 [INFO] Scraping gms...
2026-08-23 03:07:28,042 [INFO]  -> Success: https://live5.mar.tv/4ff740c23789dc8a61973ae3d324792a579307580298704ba38ad38f476dd01c/161/index.m3u8
2026-08-23 03:07:28,079 [INFO] Scraping aiatv...
2026-08-23 03:07:31,369 [INFO]  -> Success: https://live6.mar.tv/4ff740c23789dc8a61973ae3d324792a579307580298704ba38ad38f476dd01c/aia/index.m3u8
2026-08-23 03:07:31,404 [INFO] Scraping batumi2...
2026-08-23 03:07:34,693 [INFO]  -> Success: https://live6.mar.tv/4ff740c23789dc8a61973ae3d324792a579307580298704ba38ad38f476dd01c/batumitv2/index.m3u8
2026-08-23 03:07:34,727 [INFO] Scraping altinfo...
2026-08-23 03:07:38,010 [INFO]  -> Success: https://live6.mar.tv/4ff740c23789dc8a61973ae3d324792a579307580298704ba38ad38f476dd01c/altinfo/index.m3u8
2026-08-23 03:07:38,042 [INFO] Scraping parliament...
2026-08-23 03:07:41,327 [INFO]  -> Success: https://live6.mar.tv/4ff740c23789dc8a61973ae3d324792a579307580298704ba38ad38f476dd01c/parlament/index.m3u8
2026-08-23 03:07:41,360 [INFO] Scraping egrisi...
2026-08-23 03:07:44,647 [INFO]  -> Success: https://live6.mar.tv/4ff740c23789dc8a61973ae3d324792a579307580298704ba38ad38f476dd01c/egrisi/index.m3u8
2026-08-23 03:07:44,680 [INFO] Scraping mzetv...
2026-08-23 03:07:47,970 [INFO]  -> Success: https://live6.mar.tv/4ff740c23789dc8a61973ae3d324792a579307580298704ba38ad38f476dd01c/mze/index.m3u8
2026-08-23 03:07:48,021 [WARNING] Failed to find tvg-id="rustavi2" in georgia_channels.m3u
2026-08-23 03:07:48,021 [WARNING] Failed to find tvg-id="maestro" in georgia_channels.m3u
2026-08-23 03:07:48,021 [WARNING] Failed to find tvg-id="marao" in georgia_channels.m3u
2026-08-23 03:07:48,021 [WARNING] Failed to find tvg-id="gds" in georgia_channels.m3u
2026-08-23 03:07:48,021 [WARNING] Failed to find tvg-id="comedy" in georgia_channels.m3u
2026-08-23 03:07:48,022 [WARNING] Failed to find tvg-id="bbb" in georgia_channels.m3u
2026-08-23 03:07:48,022 [WARNING] Failed to find tvg-id="enkibenki" in georgia_channels.m3u
2026-08-23 03:07:48,022 [WARNING] Failed to find tvg-id="adjaratv" in georgia_channels.m3u
2026-08-23 03:07:48,022 [WARNING] Failed to find tvg-id="rionitv" in georgia_channels.m3u
2026-08-23 03:07:48,022 [WARNING] Failed to find tvg-id="tv25" in georgia_channels.m3u
2026-08-23 03:07:48,022 [WARNING] Failed to find tvg-id="tv4rustavi" in georgia_channels.m3u
2026-08-23 03:07:48,023 [WARNING] Failed to find tvg-id="trialeti" in georgia_channels.m3u
2026-08-23 03:07:48,023 [WARNING] Failed to find tvg-id="dardimandi" in georgia_channels.m3u
2026-08-23 03:07:48,023 [WARNING] Failed to find tvg-id="agro" in georgia_channels.m3u
2026-08-23 03:07:48,023 [WARNING] Failed to find tvg-id="samefo" in georgia_channels.m3u
2026-08-23 03:07:48,023 [WARNING] Failed to find tvg-id="postv" in georgia_channels.m3u
2026-08-23 03:07:48,023 [WARNING] Failed to find tvg-id="megatv" in georgia_channels.m3u
2026-08-23 03:07:48,024 [WARNING] Failed to find tvg-id="qartuliarxi" in georgia_channels.m3u
2026-08-23 03:07:48,024 [WARNING] Failed to find tvg-id="musicbox" in georgia_channels.m3u
2026-08-23 03:07:48,024 [WARNING] Failed to find tvg-id="marneuli" in georgia_channels.m3u
2026-08-23 03:07:48,024 [WARNING] Failed to find tvg-id="axaliformula" in georgia_channels.m3u
2026-08-23 03:07:48,024 [WARNING] Failed to find tvg-id="o2" in georgia_channels.m3u
2026-08-23 03:07:48,024 [WARNING] Failed to find tvg-id="guria" in georgia_channels.m3u
2026-08-23 03:07:48,025 [WARNING] Failed to find tvg-id="imervizia" in georgia_channels.m3u
2026-08-23 03:07:48,025 [WARNING] Failed to find tvg-id="diatv" in georgia_channels.m3u
2026-08-23 03:07:48,025 [WARNING] Failed to find tvg-id="chveniarxi" in georgia_channels.m3u
2026-08-23 03:07:48,025 [WARNING] Failed to find tvg-id="batumitv" in georgia_channels.m3u
2026-08-23 03:07:48,025 [WARNING] Failed to find tvg-id="rcheuli" in georgia_channels.m3u
2026-08-23 03:07:48,025 [WARNING] Failed to find tvg-id="gurjaani" in georgia_channels.m3u
2026-08-23 03:07:48,025 [WARNING] Failed to find tvg-id="molitv" in georgia_channels.m3u
2026-08-23 03:07:48,026 [WARNING] Failed to find tvg-id="mexute" in georgia_channels.m3u
2026-08-23 03:07:48,026 [WARNING] Failed to find tvg-id="agrogaremo" in georgia_channels.m3u
2026-08-23 03:07:48,026 [WARNING] Failed to find tvg-id="artv" in georgia_channels.m3u
2026-08-23 03:07:48,026 [WARNING] Failed to find tvg-id="meteo24" in georgia_channels.m3u
2026-08-23 03:07:48,026 [WARNING] Failed to find tvg-id="georgiantimes" in georgia_channels.m3u
2026-08-23 03:07:48,026 [WARNING] Failed to find tvg-id="silkuniversal" in georgia_channels.m3u
2026-08-23 03:07:48,027 [WARNING] Failed to find tvg-id="rugbytv" in georgia_channels.m3u
2026-08-23 03:07:48,027 [WARNING] Failed to find tvg-id="gms" in georgia_channels.m3u
2026-08-23 03:07:48,027 [WARNING] Failed to find tvg-id="aiatv" in georgia_channels.m3u
2026-08-23 03:07:48,027 [WARNING] Failed to find tvg-id="batumi2" in georgia_channels.m3u
2026-08-23 03:07:48,027 [WARNING] Failed to find tvg-id="altinfo" in georgia_channels.m3u
2026-08-23 03:07:48,027 [WARNING] Failed to find tvg-id="parliament" in georgia_channels.m3u
2026-08-23 03:07:48,027 [WARNING] Failed to find tvg-id="egrisi" in georgia_channels.m3u
2026-08-23 03:07:48,028 [WARNING] Failed to find tvg-id="mzetv" in georgia_channels.m3u
2026-08-23 03:07:48,028 [INFO] No file changes were made.
2026-08-23 03:07:48,028 [INFO] === UPDATE EXECUTION FINISHED ===
