2026-08-21 21:27:29,152 [INFO] === UPDATE EXECUTION STARTED ===
2026-08-21 21:27:29,152 [INFO] Fetching Setanta Sports 3 from IPTV-ORG...
2026-08-21 21:27:29,203 [INFO] Launching batch scraper for 44 channels on tv.mar.tv...
2026-08-21 21:27:29,784 [INFO] Scraping rustavi2...
2026-08-21 21:27:34,738 [INFO]  -> Success: https://live8.mar.tv/1/4rd/index.m3u8
2026-08-21 21:27:34,771 [INFO] Scraping maestro...
2026-08-21 21:27:38,057 [INFO]  -> Success: https://live4.mar.tv/da1ad499fe5eb5d4624d3af7ae7d05bafa27c48a3717ac140b02bfc677d98226/352m/index.m3u8
2026-08-21 21:27:38,089 [INFO] Scraping marao...
2026-08-21 21:27:41,382 [INFO]  -> Success: https://live2.mar.tv/da1ad499fe5eb5d4624d3af7ae7d05bafa27c48a3717ac140b02bfc677d98226/12sd/index.m3u8
2026-08-21 21:27:41,419 [INFO] Scraping gds...
2026-08-21 21:27:44,705 [INFO]  -> Success: https://live1.mar.tv/da1ad499fe5eb5d4624d3af7ae7d05bafa27c48a3717ac140b02bfc677d98226/13sd/index.m3u8
2026-08-21 21:27:44,739 [INFO] Scraping comedy...
2026-08-21 21:27:48,027 [INFO]  -> Success: https://live4.mar.tv/da1ad499fe5eb5d4624d3af7ae7d05bafa27c48a3717ac140b02bfc677d98226/14rd/index.m3u8
2026-08-21 21:27:48,058 [INFO] Scraping bbb...
2026-08-21 21:27:51,348 [INFO]  -> Success: https://live2.mar.tv/da1ad499fe5eb5d4624d3af7ae7d05bafa27c48a3717ac140b02bfc677d98226/16sd/index.m3u8
2026-08-21 21:27:51,380 [INFO] Scraping enkibenki...
2026-08-21 21:27:54,667 [INFO]  -> Success: https://live2.mar.tv/da1ad499fe5eb5d4624d3af7ae7d05bafa27c48a3717ac140b02bfc677d98226/17e/index.m3u8
2026-08-21 21:27:54,709 [INFO] Scraping adjaratv...
2026-08-21 21:27:57,998 [INFO]  -> Success: https://live2.mar.tv/da1ad499fe5eb5d4624d3af7ae7d05bafa27c48a3717ac140b02bfc677d98226/19rd/index.m3u8
2026-08-21 21:27:58,038 [INFO] Scraping rionitv...
2026-08-21 21:28:01,319 [INFO]  -> Success: https://live6.mar.tv/da1ad499fe5eb5d4624d3af7ae7d05bafa27c48a3717ac140b02bfc677d98226/20rionn/index.m3u8
2026-08-21 21:28:01,354 [INFO] Scraping tv25...
2026-08-21 21:28:04,646 [INFO]  -> Success: https://live6.mar.tv/da1ad499fe5eb5d4624d3af7ae7d05bafa27c48a3717ac140b02bfc677d98226/23tv25/index.m3u8
2026-08-21 21:28:04,678 [INFO] Scraping tv4rustavi...
2026-08-21 21:28:07,969 [INFO]  -> Success: https://live6.mar.tv/da1ad499fe5eb5d4624d3af7ae7d05bafa27c48a3717ac140b02bfc677d98226/24tw4/index.m3u8
2026-08-21 21:28:08,003 [INFO] Scraping trialeti...
2026-08-21 21:28:11,288 [INFO]  -> Success: https://live6.mar.tv/da1ad499fe5eb5d4624d3af7ae7d05bafa27c48a3717ac140b02bfc677d98226/trialleti/index.m3u8
2026-08-21 21:28:11,318 [INFO] Scraping dardimandi...
2026-08-21 21:28:14,628 [INFO]  -> Success: https://live5.mar.tv/da1ad499fe5eb5d4624d3af7ae7d05bafa27c48a3717ac140b02bfc677d98226/27/index.m3u8
2026-08-21 21:28:14,664 [INFO] Scraping agro...
2026-08-21 21:28:17,947 [INFO]  -> Success: https://live5.mar.tv/da1ad499fe5eb5d4624d3af7ae7d05bafa27c48a3717ac140b02bfc677d98226/28/index.m3u8
2026-08-21 21:28:17,981 [INFO] Scraping samefo...
2026-08-21 21:28:21,267 [INFO]  -> Success: https://live5.mar.tv/da1ad499fe5eb5d4624d3af7ae7d05bafa27c48a3717ac140b02bfc677d98226/29/index.m3u8
2026-08-21 21:28:21,302 [INFO] Scraping postv...
2026-08-21 21:28:24,588 [INFO]  -> Success: https://live6.mar.tv/da1ad499fe5eb5d4624d3af7ae7d05bafa27c48a3717ac140b02bfc677d98226/postvw/index.m3u8
2026-08-21 21:28:24,621 [INFO] Scraping megatv...
2026-08-21 21:28:27,909 [INFO]  -> Success: https://live4.mar.tv/da1ad499fe5eb5d4624d3af7ae7d05bafa27c48a3717ac140b02bfc677d98226/32st/index.m3u8
2026-08-21 21:28:27,940 [INFO] Scraping qartuliarxi...
2026-08-21 21:28:31,227 [INFO]  -> Success: https://live6.mar.tv/da1ad499fe5eb5d4624d3af7ae7d05bafa27c48a3717ac140b02bfc677d98226/qartuli/index.m3u8
2026-08-21 21:28:31,259 [INFO] Scraping musicbox...
2026-08-21 21:28:34,548 [INFO]  -> Success: https://live6.mar.tv/da1ad499fe5eb5d4624d3af7ae7d05bafa27c48a3717ac140b02bfc677d98226/34musge/index.m3u8
2026-08-21 21:28:34,580 [INFO] Scraping marneuli...
2026-08-21 21:28:37,867 [INFO]  -> Success: https://live6.mar.tv/da1ad499fe5eb5d4624d3af7ae7d05bafa27c48a3717ac140b02bfc677d98226/37marn/index.m3u8
2026-08-21 21:28:37,902 [INFO] Scraping axaliformula...
2026-08-21 21:28:41,198 [INFO]  -> Success: https://live6.mar.tv/da1ad499fe5eb5d4624d3af7ae7d05bafa27c48a3717ac140b02bfc677d98226/axaliformla/index.m3u8
2026-08-21 21:28:41,235 [INFO] Scraping o2...
2026-08-21 21:28:44,522 [INFO]  -> Success: https://live5.mar.tv/da1ad499fe5eb5d4624d3af7ae7d05bafa27c48a3717ac140b02bfc677d98226/40/index.m3u8
2026-08-21 21:28:44,555 [INFO] Scraping guria...
2026-08-21 21:28:47,842 [INFO]  -> Success: https://live5.mar.tv/da1ad499fe5eb5d4624d3af7ae7d05bafa27c48a3717ac140b02bfc677d98226/42/index.m3u8
2026-08-21 21:28:47,876 [INFO] Scraping imervizia...
2026-08-21 21:28:51,170 [INFO]  -> Success: https://live6.mar.tv/da1ad499fe5eb5d4624d3af7ae7d05bafa27c48a3717ac140b02bfc677d98226/imervizia/index.m3u8
2026-08-21 21:28:51,205 [INFO] Scraping diatv...
2026-08-21 21:28:54,494 [INFO]  -> Success: https://live4.mar.tv/da1ad499fe5eb5d4624d3af7ae7d05bafa27c48a3717ac140b02bfc677d98226/dia/index.m3u8
2026-08-21 21:28:54,527 [INFO] Scraping chveniarxi...
2026-08-21 21:28:57,814 [INFO]  -> Success: https://live3.mar.tv/da1ad499fe5eb5d4624d3af7ae7d05bafa27c48a3717ac140b02bfc677d98226/45rd/index.m3u8
2026-08-21 21:28:57,848 [INFO] Scraping batumitv...
2026-08-21 21:29:01,134 [INFO]  -> Success: https://live5.mar.tv/da1ad499fe5eb5d4624d3af7ae7d05bafa27c48a3717ac140b02bfc677d98226/46/index.m3u8
2026-08-21 21:29:01,169 [INFO] Scraping rcheuli...
2026-08-21 21:29:04,457 [INFO]  -> Success: https://live5.mar.tv/da1ad499fe5eb5d4624d3af7ae7d05bafa27c48a3717ac140b02bfc677d98226/47/index.m3u8
2026-08-21 21:29:04,488 [INFO] Scraping gurjaani...
2026-08-21 21:29:07,771 [INFO]  -> Success: https://live4.mar.tv/da1ad499fe5eb5d4624d3af7ae7d05bafa27c48a3717ac140b02bfc677d98226/48m/index.m3u8
2026-08-21 21:29:07,804 [INFO] Scraping molitv...
2026-08-21 21:29:11,085 [INFO]  -> Success: https://live6.mar.tv/da1ad499fe5eb5d4624d3af7ae7d05bafa27c48a3717ac140b02bfc677d98226/mollltv/index.m3u8
2026-08-21 21:29:11,115 [INFO] Scraping mexute...
2026-08-21 21:29:14,401 [INFO]  -> Success: https://live6.mar.tv/da1ad499fe5eb5d4624d3af7ae7d05bafa27c48a3717ac140b02bfc677d98226/50/index.m3u8
2026-08-21 21:29:14,432 [INFO] Scraping agrogaremo...
2026-08-21 21:29:17,725 [INFO]  -> Success: https://live6.mar.tv/da1ad499fe5eb5d4624d3af7ae7d05bafa27c48a3717ac140b02bfc677d98226/agrogaremo/index.m3u8
2026-08-21 21:29:17,761 [INFO] Scraping artv...
2026-08-21 21:29:21,043 [INFO]  -> Success: https://live6.mar.tv/da1ad499fe5eb5d4624d3af7ae7d05bafa27c48a3717ac140b02bfc677d98226/tafutv/index.m3u8
2026-08-21 21:29:21,079 [INFO] Scraping meteo24...
2026-08-21 21:29:24,364 [INFO]  -> Success: https://live5.mar.tv/da1ad499fe5eb5d4624d3af7ae7d05bafa27c48a3717ac140b02bfc677d98226/56/index.m3u8
2026-08-21 21:29:24,400 [INFO] Scraping georgiantimes...
2026-08-21 21:29:27,687 [INFO]  -> Success: https://live5.mar.tv/da1ad499fe5eb5d4624d3af7ae7d05bafa27c48a3717ac140b02bfc677d98226/57/index.m3u8
2026-08-21 21:29:27,720 [INFO] Scraping silkuniversal...
2026-08-21 21:29:31,004 [INFO]  -> Success: https://live2.mar.tv/da1ad499fe5eb5d4624d3af7ae7d05bafa27c48a3717ac140b02bfc677d98226/1arxiweb/index.m3u8
2026-08-21 21:29:31,038 [INFO] Scraping rugbytv...
2026-08-21 21:29:34,326 [INFO]  -> Success: https://live4.mar.tv/da1ad499fe5eb5d4624d3af7ae7d05bafa27c48a3717ac140b02bfc677d98226/160m/index.m3u8
2026-08-21 21:29:34,359 [INFO] Scraping gms...
2026-08-21 21:29:37,648 [INFO]  -> Success: https://live5.mar.tv/da1ad499fe5eb5d4624d3af7ae7d05bafa27c48a3717ac140b02bfc677d98226/161/index.m3u8
2026-08-21 21:29:37,682 [INFO] Scraping aiatv...
2026-08-21 21:29:40,968 [INFO]  -> Success: https://live6.mar.tv/da1ad499fe5eb5d4624d3af7ae7d05bafa27c48a3717ac140b02bfc677d98226/aia/index.m3u8
2026-08-21 21:29:41,003 [INFO] Scraping batumi2...
2026-08-21 21:29:44,288 [INFO]  -> Success: https://live6.mar.tv/da1ad499fe5eb5d4624d3af7ae7d05bafa27c48a3717ac140b02bfc677d98226/batumitv2/index.m3u8
2026-08-21 21:29:44,323 [INFO] Scraping altinfo...
2026-08-21 21:29:47,606 [INFO]  -> Success: https://live6.mar.tv/da1ad499fe5eb5d4624d3af7ae7d05bafa27c48a3717ac140b02bfc677d98226/altinfo/index.m3u8
2026-08-21 21:29:47,639 [INFO] Scraping parliament...
2026-08-21 21:29:50,922 [INFO]  -> Success: https://live6.mar.tv/da1ad499fe5eb5d4624d3af7ae7d05bafa27c48a3717ac140b02bfc677d98226/parlament/index.m3u8
2026-08-21 21:29:50,958 [INFO] Scraping egrisi...
2026-08-21 21:29:54,245 [INFO]  -> Success: https://live6.mar.tv/da1ad499fe5eb5d4624d3af7ae7d05bafa27c48a3717ac140b02bfc677d98226/egrisi/index.m3u8
2026-08-21 21:29:54,279 [INFO] Scraping mzetv...
2026-08-21 21:29:57,562 [INFO]  -> Success: https://live6.mar.tv/da1ad499fe5eb5d4624d3af7ae7d05bafa27c48a3717ac140b02bfc677d98226/mze/index.m3u8
2026-08-21 21:29:57,611 [WARNING] Failed to find tvg-id="rustavi2" in georgia_channels.m3u
2026-08-21 21:29:57,611 [WARNING] Failed to find tvg-id="maestro" in georgia_channels.m3u
2026-08-21 21:29:57,612 [WARNING] Failed to find tvg-id="marao" in georgia_channels.m3u
2026-08-21 21:29:57,612 [WARNING] Failed to find tvg-id="gds" in georgia_channels.m3u
2026-08-21 21:29:57,612 [WARNING] Failed to find tvg-id="comedy" in georgia_channels.m3u
2026-08-21 21:29:57,612 [WARNING] Failed to find tvg-id="bbb" in georgia_channels.m3u
2026-08-21 21:29:57,612 [WARNING] Failed to find tvg-id="enkibenki" in georgia_channels.m3u
2026-08-21 21:29:57,613 [WARNING] Failed to find tvg-id="adjaratv" in georgia_channels.m3u
2026-08-21 21:29:57,613 [WARNING] Failed to find tvg-id="rionitv" in georgia_channels.m3u
2026-08-21 21:29:57,613 [WARNING] Failed to find tvg-id="tv25" in georgia_channels.m3u
2026-08-21 21:29:57,613 [WARNING] Failed to find tvg-id="tv4rustavi" in georgia_channels.m3u
2026-08-21 21:29:57,613 [WARNING] Failed to find tvg-id="trialeti" in georgia_channels.m3u
2026-08-21 21:29:57,614 [WARNING] Failed to find tvg-id="dardimandi" in georgia_channels.m3u
2026-08-21 21:29:57,614 [WARNING] Failed to find tvg-id="agro" in georgia_channels.m3u
2026-08-21 21:29:57,614 [WARNING] Failed to find tvg-id="samefo" in georgia_channels.m3u
2026-08-21 21:29:57,614 [WARNING] Failed to find tvg-id="postv" in georgia_channels.m3u
2026-08-21 21:29:57,614 [WARNING] Failed to find tvg-id="megatv" in georgia_channels.m3u
2026-08-21 21:29:57,615 [WARNING] Failed to find tvg-id="qartuliarxi" in georgia_channels.m3u
2026-08-21 21:29:57,615 [WARNING] Failed to find tvg-id="musicbox" in georgia_channels.m3u
2026-08-21 21:29:57,615 [WARNING] Failed to find tvg-id="marneuli" in georgia_channels.m3u
2026-08-21 21:29:57,615 [WARNING] Failed to find tvg-id="axaliformula" in georgia_channels.m3u
2026-08-21 21:29:57,615 [WARNING] Failed to find tvg-id="o2" in georgia_channels.m3u
2026-08-21 21:29:57,616 [WARNING] Failed to find tvg-id="guria" in georgia_channels.m3u
2026-08-21 21:29:57,616 [WARNING] Failed to find tvg-id="imervizia" in georgia_channels.m3u
2026-08-21 21:29:57,616 [WARNING] Failed to find tvg-id="diatv" in georgia_channels.m3u
2026-08-21 21:29:57,616 [WARNING] Failed to find tvg-id="chveniarxi" in georgia_channels.m3u
2026-08-21 21:29:57,616 [WARNING] Failed to find tvg-id="batumitv" in georgia_channels.m3u
2026-08-21 21:29:57,616 [WARNING] Failed to find tvg-id="rcheuli" in georgia_channels.m3u
2026-08-21 21:29:57,617 [WARNING] Failed to find tvg-id="gurjaani" in georgia_channels.m3u
2026-08-21 21:29:57,617 [WARNING] Failed to find tvg-id="molitv" in georgia_channels.m3u
2026-08-21 21:29:57,617 [WARNING] Failed to find tvg-id="mexute" in georgia_channels.m3u
2026-08-21 21:29:57,617 [WARNING] Failed to find tvg-id="agrogaremo" in georgia_channels.m3u
2026-08-21 21:29:57,617 [WARNING] Failed to find tvg-id="artv" in georgia_channels.m3u
2026-08-21 21:29:57,617 [WARNING] Failed to find tvg-id="meteo24" in georgia_channels.m3u
2026-08-21 21:29:57,618 [WARNING] Failed to find tvg-id="georgiantimes" in georgia_channels.m3u
2026-08-21 21:29:57,618 [WARNING] Failed to find tvg-id="silkuniversal" in georgia_channels.m3u
2026-08-21 21:29:57,618 [WARNING] Failed to find tvg-id="rugbytv" in georgia_channels.m3u
2026-08-21 21:29:57,618 [WARNING] Failed to find tvg-id="gms" in georgia_channels.m3u
2026-08-21 21:29:57,618 [WARNING] Failed to find tvg-id="aiatv" in georgia_channels.m3u
2026-08-21 21:29:57,619 [WARNING] Failed to find tvg-id="batumi2" in georgia_channels.m3u
2026-08-21 21:29:57,619 [WARNING] Failed to find tvg-id="altinfo" in georgia_channels.m3u
2026-08-21 21:29:57,619 [WARNING] Failed to find tvg-id="parliament" in georgia_channels.m3u
2026-08-21 21:29:57,619 [WARNING] Failed to find tvg-id="egrisi" in georgia_channels.m3u
2026-08-21 21:29:57,619 [WARNING] Failed to find tvg-id="mzetv" in georgia_channels.m3u
2026-08-21 21:29:57,619 [INFO] No file changes were made.
2026-08-21 21:29:57,619 [INFO] === UPDATE EXECUTION FINISHED ===
