2026-08-22 18:34:30,286 [INFO] === UPDATE EXECUTION STARTED ===
2026-08-22 18:34:30,287 [INFO] Fetching Setanta Sports 3 from IPTV-ORG...
2026-08-22 18:34:30,424 [INFO] Launching batch scraper for 44 channels on tv.mar.tv...
2026-08-22 18:34:31,029 [INFO] Scraping rustavi2...
2026-08-22 18:34:36,711 [INFO]  -> Success: https://live8.mar.tv/1/4rd/index.m3u8
2026-08-22 18:34:36,746 [INFO] Scraping maestro...
2026-08-22 18:34:40,081 [INFO]  -> Success: https://live4.mar.tv/c341e8eabde395450228c2677efd191bef3276de1ae5954ad7eda6311df3f7fb/352m/index.m3u8
2026-08-22 18:34:40,115 [INFO] Scraping marao...
2026-08-22 18:34:43,449 [INFO]  -> Success: https://live2.mar.tv/c341e8eabde395450228c2677efd191bef3276de1ae5954ad7eda6311df3f7fb/12sd/index.m3u8
2026-08-22 18:34:43,485 [INFO] Scraping gds...
2026-08-22 18:34:46,817 [INFO]  -> Success: https://live1.mar.tv/c341e8eabde395450228c2677efd191bef3276de1ae5954ad7eda6311df3f7fb/13sd/index.m3u8
2026-08-22 18:34:46,849 [INFO] Scraping comedy...
2026-08-22 18:34:50,184 [INFO]  -> Success: https://live4.mar.tv/c341e8eabde395450228c2677efd191bef3276de1ae5954ad7eda6311df3f7fb/14rd/index.m3u8
2026-08-22 18:34:50,216 [INFO] Scraping bbb...
2026-08-22 18:34:53,548 [INFO]  -> Success: https://live2.mar.tv/c341e8eabde395450228c2677efd191bef3276de1ae5954ad7eda6311df3f7fb/16sd/index.m3u8
2026-08-22 18:34:53,582 [INFO] Scraping enkibenki...
2026-08-22 18:34:56,913 [INFO]  -> Success: https://live2.mar.tv/c341e8eabde395450228c2677efd191bef3276de1ae5954ad7eda6311df3f7fb/17e/index.m3u8
2026-08-22 18:34:56,944 [INFO] Scraping adjaratv...
2026-08-22 18:35:00,278 [INFO]  -> Success: https://live2.mar.tv/c341e8eabde395450228c2677efd191bef3276de1ae5954ad7eda6311df3f7fb/19rd/index.m3u8
2026-08-22 18:35:00,312 [INFO] Scraping rionitv...
2026-08-22 18:35:03,651 [INFO]  -> Success: https://live6.mar.tv/c341e8eabde395450228c2677efd191bef3276de1ae5954ad7eda6311df3f7fb/20rionn/index.m3u8
2026-08-22 18:35:03,684 [INFO] Scraping tv25...
2026-08-22 18:35:07,018 [INFO]  -> Success: https://live6.mar.tv/c341e8eabde395450228c2677efd191bef3276de1ae5954ad7eda6311df3f7fb/23tv25/index.m3u8
2026-08-22 18:35:07,052 [INFO] Scraping tv4rustavi...
2026-08-22 18:35:10,385 [INFO]  -> Success: https://live6.mar.tv/c341e8eabde395450228c2677efd191bef3276de1ae5954ad7eda6311df3f7fb/24tw4/index.m3u8
2026-08-22 18:35:10,415 [INFO] Scraping trialeti...
2026-08-22 18:35:13,748 [INFO]  -> Success: https://live6.mar.tv/c341e8eabde395450228c2677efd191bef3276de1ae5954ad7eda6311df3f7fb/trialleti/index.m3u8
2026-08-22 18:35:13,783 [INFO] Scraping dardimandi...
2026-08-22 18:35:17,114 [INFO]  -> Success: https://live5.mar.tv/c341e8eabde395450228c2677efd191bef3276de1ae5954ad7eda6311df3f7fb/27/index.m3u8
2026-08-22 18:35:17,147 [INFO] Scraping agro...
2026-08-22 18:35:20,480 [INFO]  -> Success: https://live5.mar.tv/c341e8eabde395450228c2677efd191bef3276de1ae5954ad7eda6311df3f7fb/28/index.m3u8
2026-08-22 18:35:20,512 [INFO] Scraping samefo...
2026-08-22 18:35:23,846 [INFO]  -> Success: https://live5.mar.tv/c341e8eabde395450228c2677efd191bef3276de1ae5954ad7eda6311df3f7fb/29/index.m3u8
2026-08-22 18:35:23,879 [INFO] Scraping postv...
2026-08-22 18:35:27,213 [INFO]  -> Success: https://live6.mar.tv/c341e8eabde395450228c2677efd191bef3276de1ae5954ad7eda6311df3f7fb/postvw/index.m3u8
2026-08-22 18:35:27,245 [INFO] Scraping megatv...
2026-08-22 18:35:30,576 [INFO]  -> Success: https://live4.mar.tv/c341e8eabde395450228c2677efd191bef3276de1ae5954ad7eda6311df3f7fb/32st/index.m3u8
2026-08-22 18:35:30,609 [INFO] Scraping qartuliarxi...
2026-08-22 18:35:33,945 [INFO]  -> Success: https://live6.mar.tv/c341e8eabde395450228c2677efd191bef3276de1ae5954ad7eda6311df3f7fb/qartuli/index.m3u8
2026-08-22 18:35:33,977 [INFO] Scraping musicbox...
2026-08-22 18:35:37,311 [INFO]  -> Success: https://live6.mar.tv/c341e8eabde395450228c2677efd191bef3276de1ae5954ad7eda6311df3f7fb/34musge/index.m3u8
2026-08-22 18:35:37,347 [INFO] Scraping marneuli...
2026-08-22 18:35:40,683 [INFO]  -> Success: https://live6.mar.tv/c341e8eabde395450228c2677efd191bef3276de1ae5954ad7eda6311df3f7fb/37marn/index.m3u8
2026-08-22 18:35:40,715 [INFO] Scraping axaliformula...
2026-08-22 18:35:44,042 [INFO]  -> Success: https://live6.mar.tv/c341e8eabde395450228c2677efd191bef3276de1ae5954ad7eda6311df3f7fb/axaliformla/index.m3u8
2026-08-22 18:35:44,077 [INFO] Scraping o2...
2026-08-22 18:35:47,409 [INFO]  -> Success: https://live5.mar.tv/c341e8eabde395450228c2677efd191bef3276de1ae5954ad7eda6311df3f7fb/40/index.m3u8
2026-08-22 18:35:47,445 [INFO] Scraping guria...
2026-08-22 18:35:50,778 [INFO]  -> Success: https://live5.mar.tv/c341e8eabde395450228c2677efd191bef3276de1ae5954ad7eda6311df3f7fb/42/index.m3u8
2026-08-22 18:35:50,810 [INFO] Scraping imervizia...
2026-08-22 18:35:54,144 [INFO]  -> Success: https://live6.mar.tv/c341e8eabde395450228c2677efd191bef3276de1ae5954ad7eda6311df3f7fb/imervizia/index.m3u8
2026-08-22 18:35:54,176 [INFO] Scraping diatv...
2026-08-22 18:35:57,508 [INFO]  -> Success: https://live4.mar.tv/c341e8eabde395450228c2677efd191bef3276de1ae5954ad7eda6311df3f7fb/dia/index.m3u8
2026-08-22 18:35:57,543 [INFO] Scraping chveniarxi...
2026-08-22 18:36:00,876 [INFO]  -> Success: https://live3.mar.tv/c341e8eabde395450228c2677efd191bef3276de1ae5954ad7eda6311df3f7fb/45rd/index.m3u8
2026-08-22 18:36:00,908 [INFO] Scraping batumitv...
2026-08-22 18:36:04,242 [INFO]  -> Success: https://live5.mar.tv/c341e8eabde395450228c2677efd191bef3276de1ae5954ad7eda6311df3f7fb/46/index.m3u8
2026-08-22 18:36:04,276 [INFO] Scraping rcheuli...
2026-08-22 18:36:07,608 [INFO]  -> Success: https://live5.mar.tv/c341e8eabde395450228c2677efd191bef3276de1ae5954ad7eda6311df3f7fb/47/index.m3u8
2026-08-22 18:36:07,638 [INFO] Scraping gurjaani...
2026-08-22 18:36:10,973 [INFO]  -> Success: https://live4.mar.tv/c341e8eabde395450228c2677efd191bef3276de1ae5954ad7eda6311df3f7fb/48m/index.m3u8
2026-08-22 18:36:11,004 [INFO] Scraping molitv...
2026-08-22 18:36:14,335 [INFO]  -> Success: https://live6.mar.tv/c341e8eabde395450228c2677efd191bef3276de1ae5954ad7eda6311df3f7fb/mollltv/index.m3u8
2026-08-22 18:36:14,367 [INFO] Scraping mexute...
2026-08-22 18:36:17,703 [INFO]  -> Success: https://live6.mar.tv/c341e8eabde395450228c2677efd191bef3276de1ae5954ad7eda6311df3f7fb/50/index.m3u8
2026-08-22 18:36:17,734 [INFO] Scraping agrogaremo...
2026-08-22 18:36:21,070 [INFO]  -> Success: https://live6.mar.tv/c341e8eabde395450228c2677efd191bef3276de1ae5954ad7eda6311df3f7fb/agrogaremo/index.m3u8
2026-08-22 18:36:21,101 [INFO] Scraping artv...
2026-08-22 18:36:24,432 [INFO]  -> Success: https://live6.mar.tv/c341e8eabde395450228c2677efd191bef3276de1ae5954ad7eda6311df3f7fb/tafutv/index.m3u8
2026-08-22 18:36:24,466 [INFO] Scraping meteo24...
2026-08-22 18:36:27,801 [INFO]  -> Success: https://live5.mar.tv/c341e8eabde395450228c2677efd191bef3276de1ae5954ad7eda6311df3f7fb/56/index.m3u8
2026-08-22 18:36:27,836 [INFO] Scraping georgiantimes...
2026-08-22 18:36:31,174 [INFO]  -> Success: https://live5.mar.tv/c341e8eabde395450228c2677efd191bef3276de1ae5954ad7eda6311df3f7fb/57/index.m3u8
2026-08-22 18:36:31,207 [INFO] Scraping silkuniversal...
2026-08-22 18:36:34,536 [INFO]  -> Success: https://live2.mar.tv/c341e8eabde395450228c2677efd191bef3276de1ae5954ad7eda6311df3f7fb/1arxiweb/index.m3u8
2026-08-22 18:36:34,571 [INFO] Scraping rugbytv...
2026-08-22 18:36:37,902 [INFO]  -> Success: https://live4.mar.tv/c341e8eabde395450228c2677efd191bef3276de1ae5954ad7eda6311df3f7fb/160m/index.m3u8
2026-08-22 18:36:37,935 [INFO] Scraping gms...
2026-08-22 18:36:41,267 [INFO]  -> Success: https://live5.mar.tv/c341e8eabde395450228c2677efd191bef3276de1ae5954ad7eda6311df3f7fb/161/index.m3u8
2026-08-22 18:36:41,302 [INFO] Scraping aiatv...
2026-08-22 18:36:44,637 [INFO]  -> Success: https://live6.mar.tv/c341e8eabde395450228c2677efd191bef3276de1ae5954ad7eda6311df3f7fb/aia/index.m3u8
2026-08-22 18:36:44,669 [INFO] Scraping batumi2...
2026-08-22 18:36:48,003 [INFO]  -> Success: https://live6.mar.tv/c341e8eabde395450228c2677efd191bef3276de1ae5954ad7eda6311df3f7fb/batumitv2/index.m3u8
2026-08-22 18:36:48,037 [INFO] Scraping altinfo...
2026-08-22 18:36:51,370 [INFO]  -> Success: https://live6.mar.tv/c341e8eabde395450228c2677efd191bef3276de1ae5954ad7eda6311df3f7fb/altinfo/index.m3u8
2026-08-22 18:36:51,402 [INFO] Scraping parliament...
2026-08-22 18:36:54,733 [INFO]  -> Success: https://live6.mar.tv/c341e8eabde395450228c2677efd191bef3276de1ae5954ad7eda6311df3f7fb/parlament/index.m3u8
2026-08-22 18:36:54,767 [INFO] Scraping egrisi...
2026-08-22 18:36:58,099 [INFO]  -> Success: https://live6.mar.tv/c341e8eabde395450228c2677efd191bef3276de1ae5954ad7eda6311df3f7fb/egrisi/index.m3u8
2026-08-22 18:36:58,129 [INFO] Scraping mzetv...
2026-08-22 18:37:01,462 [INFO]  -> Success: https://live6.mar.tv/c341e8eabde395450228c2677efd191bef3276de1ae5954ad7eda6311df3f7fb/mze/index.m3u8
2026-08-22 18:37:01,514 [WARNING] Failed to find tvg-id="rustavi2" in georgia_channels.m3u
2026-08-22 18:37:01,514 [WARNING] Failed to find tvg-id="maestro" in georgia_channels.m3u
2026-08-22 18:37:01,515 [WARNING] Failed to find tvg-id="marao" in georgia_channels.m3u
2026-08-22 18:37:01,515 [WARNING] Failed to find tvg-id="gds" in georgia_channels.m3u
2026-08-22 18:37:01,515 [WARNING] Failed to find tvg-id="comedy" in georgia_channels.m3u
2026-08-22 18:37:01,515 [WARNING] Failed to find tvg-id="bbb" in georgia_channels.m3u
2026-08-22 18:37:01,516 [WARNING] Failed to find tvg-id="enkibenki" in georgia_channels.m3u
2026-08-22 18:37:01,516 [WARNING] Failed to find tvg-id="adjaratv" in georgia_channels.m3u
2026-08-22 18:37:01,516 [WARNING] Failed to find tvg-id="rionitv" in georgia_channels.m3u
2026-08-22 18:37:01,516 [WARNING] Failed to find tvg-id="tv25" in georgia_channels.m3u
2026-08-22 18:37:01,516 [WARNING] Failed to find tvg-id="tv4rustavi" in georgia_channels.m3u
2026-08-22 18:37:01,517 [WARNING] Failed to find tvg-id="trialeti" in georgia_channels.m3u
2026-08-22 18:37:01,517 [WARNING] Failed to find tvg-id="dardimandi" in georgia_channels.m3u
2026-08-22 18:37:01,517 [WARNING] Failed to find tvg-id="agro" in georgia_channels.m3u
2026-08-22 18:37:01,517 [WARNING] Failed to find tvg-id="samefo" in georgia_channels.m3u
2026-08-22 18:37:01,518 [WARNING] Failed to find tvg-id="postv" in georgia_channels.m3u
2026-08-22 18:37:01,518 [WARNING] Failed to find tvg-id="megatv" in georgia_channels.m3u
2026-08-22 18:37:01,518 [WARNING] Failed to find tvg-id="qartuliarxi" in georgia_channels.m3u
2026-08-22 18:37:01,518 [WARNING] Failed to find tvg-id="musicbox" in georgia_channels.m3u
2026-08-22 18:37:01,518 [WARNING] Failed to find tvg-id="marneuli" in georgia_channels.m3u
2026-08-22 18:37:01,519 [WARNING] Failed to find tvg-id="axaliformula" in georgia_channels.m3u
2026-08-22 18:37:01,519 [WARNING] Failed to find tvg-id="o2" in georgia_channels.m3u
2026-08-22 18:37:01,519 [WARNING] Failed to find tvg-id="guria" in georgia_channels.m3u
2026-08-22 18:37:01,519 [WARNING] Failed to find tvg-id="imervizia" in georgia_channels.m3u
2026-08-22 18:37:01,519 [WARNING] Failed to find tvg-id="diatv" in georgia_channels.m3u
2026-08-22 18:37:01,520 [WARNING] Failed to find tvg-id="chveniarxi" in georgia_channels.m3u
2026-08-22 18:37:01,520 [WARNING] Failed to find tvg-id="batumitv" in georgia_channels.m3u
2026-08-22 18:37:01,520 [WARNING] Failed to find tvg-id="rcheuli" in georgia_channels.m3u
2026-08-22 18:37:01,520 [WARNING] Failed to find tvg-id="gurjaani" in georgia_channels.m3u
2026-08-22 18:37:01,520 [WARNING] Failed to find tvg-id="molitv" in georgia_channels.m3u
2026-08-22 18:37:01,521 [WARNING] Failed to find tvg-id="mexute" in georgia_channels.m3u
2026-08-22 18:37:01,521 [WARNING] Failed to find tvg-id="agrogaremo" in georgia_channels.m3u
2026-08-22 18:37:01,521 [WARNING] Failed to find tvg-id="artv" in georgia_channels.m3u
2026-08-22 18:37:01,521 [WARNING] Failed to find tvg-id="meteo24" in georgia_channels.m3u
2026-08-22 18:37:01,521 [WARNING] Failed to find tvg-id="georgiantimes" in georgia_channels.m3u
2026-08-22 18:37:01,522 [WARNING] Failed to find tvg-id="silkuniversal" in georgia_channels.m3u
2026-08-22 18:37:01,522 [WARNING] Failed to find tvg-id="rugbytv" in georgia_channels.m3u
2026-08-22 18:37:01,522 [WARNING] Failed to find tvg-id="gms" in georgia_channels.m3u
2026-08-22 18:37:01,522 [WARNING] Failed to find tvg-id="aiatv" in georgia_channels.m3u
2026-08-22 18:37:01,522 [WARNING] Failed to find tvg-id="batumi2" in georgia_channels.m3u
2026-08-22 18:37:01,523 [WARNING] Failed to find tvg-id="altinfo" in georgia_channels.m3u
2026-08-22 18:37:01,523 [WARNING] Failed to find tvg-id="parliament" in georgia_channels.m3u
2026-08-22 18:37:01,523 [WARNING] Failed to find tvg-id="egrisi" in georgia_channels.m3u
2026-08-22 18:37:01,523 [WARNING] Failed to find tvg-id="mzetv" in georgia_channels.m3u
2026-08-22 18:37:01,523 [INFO] No file changes were made.
2026-08-22 18:37:01,523 [INFO] === UPDATE EXECUTION FINISHED ===
