2026-08-21 20:29:23,970 [INFO] === UPDATE EXECUTION STARTED ===
2026-08-21 20:29:23,970 [INFO] Fetching Setanta Sports 3 from IPTV-ORG...
2026-08-21 20:29:24,095 [INFO] Launching batch scraper for 44 channels on tv.mar.tv...
2026-08-21 20:29:27,087 [INFO] Scraping rustavi2...
2026-08-21 20:29:32,625 [INFO]  -> Success: https://live8.mar.tv/1/4rd/index.m3u8
2026-08-21 20:29:32,660 [INFO] Scraping maestro...
2026-08-21 20:29:35,993 [INFO]  -> Success: https://live4.mar.tv/9691a62bc9c69a65f9841fd01bc48303dd209a5a77f1e4748fd9cd7f9c3d9713/352m/index.m3u8
2026-08-21 20:29:36,026 [INFO] Scraping marao...
2026-08-21 20:29:39,353 [INFO]  -> Success: https://live2.mar.tv/9691a62bc9c69a65f9841fd01bc48303dd209a5a77f1e4748fd9cd7f9c3d9713/12sd/index.m3u8
2026-08-21 20:29:39,386 [INFO] Scraping gds...
2026-08-21 20:29:42,711 [INFO]  -> Success: https://live1.mar.tv/9691a62bc9c69a65f9841fd01bc48303dd209a5a77f1e4748fd9cd7f9c3d9713/13sd/index.m3u8
2026-08-21 20:29:42,744 [INFO] Scraping comedy...
2026-08-21 20:29:46,069 [INFO]  -> Success: https://live4.mar.tv/9691a62bc9c69a65f9841fd01bc48303dd209a5a77f1e4748fd9cd7f9c3d9713/14rd/index.m3u8
2026-08-21 20:29:46,100 [INFO] Scraping bbb...
2026-08-21 20:29:49,430 [INFO]  -> Success: https://live2.mar.tv/9691a62bc9c69a65f9841fd01bc48303dd209a5a77f1e4748fd9cd7f9c3d9713/16sd/index.m3u8
2026-08-21 20:29:49,463 [INFO] Scraping enkibenki...
2026-08-21 20:29:52,790 [INFO]  -> Success: https://live2.mar.tv/9691a62bc9c69a65f9841fd01bc48303dd209a5a77f1e4748fd9cd7f9c3d9713/17e/index.m3u8
2026-08-21 20:29:52,824 [INFO] Scraping adjaratv...
2026-08-21 20:29:56,148 [INFO]  -> Success: https://live2.mar.tv/9691a62bc9c69a65f9841fd01bc48303dd209a5a77f1e4748fd9cd7f9c3d9713/19rd/index.m3u8
2026-08-21 20:29:56,183 [INFO] Scraping rionitv...
2026-08-21 20:29:59,510 [INFO]  -> Success: https://live6.mar.tv/9691a62bc9c69a65f9841fd01bc48303dd209a5a77f1e4748fd9cd7f9c3d9713/20rionn/index.m3u8
2026-08-21 20:29:59,542 [INFO] Scraping tv25...
2026-08-21 20:30:02,869 [INFO]  -> Success: https://live6.mar.tv/9691a62bc9c69a65f9841fd01bc48303dd209a5a77f1e4748fd9cd7f9c3d9713/23tv25/index.m3u8
2026-08-21 20:30:02,902 [INFO] Scraping tv4rustavi...
2026-08-21 20:30:06,229 [INFO]  -> Success: https://live6.mar.tv/9691a62bc9c69a65f9841fd01bc48303dd209a5a77f1e4748fd9cd7f9c3d9713/24tw4/index.m3u8
2026-08-21 20:30:06,262 [INFO] Scraping trialeti...
2026-08-21 20:30:09,587 [INFO]  -> Success: https://live6.mar.tv/9691a62bc9c69a65f9841fd01bc48303dd209a5a77f1e4748fd9cd7f9c3d9713/trialleti/index.m3u8
2026-08-21 20:30:09,620 [INFO] Scraping dardimandi...
2026-08-21 20:30:12,948 [INFO]  -> Success: https://live5.mar.tv/9691a62bc9c69a65f9841fd01bc48303dd209a5a77f1e4748fd9cd7f9c3d9713/27/index.m3u8
2026-08-21 20:30:12,981 [INFO] Scraping agro...
2026-08-21 20:30:16,305 [INFO]  -> Success: https://live5.mar.tv/9691a62bc9c69a65f9841fd01bc48303dd209a5a77f1e4748fd9cd7f9c3d9713/28/index.m3u8
2026-08-21 20:30:16,340 [INFO] Scraping samefo...
2026-08-21 20:30:19,672 [INFO]  -> Success: https://live5.mar.tv/9691a62bc9c69a65f9841fd01bc48303dd209a5a77f1e4748fd9cd7f9c3d9713/29/index.m3u8
2026-08-21 20:30:19,702 [INFO] Scraping postv...
2026-08-21 20:30:23,031 [INFO]  -> Success: https://live6.mar.tv/9691a62bc9c69a65f9841fd01bc48303dd209a5a77f1e4748fd9cd7f9c3d9713/postvw/index.m3u8
2026-08-21 20:30:23,064 [INFO] Scraping megatv...
2026-08-21 20:30:26,645 [INFO]  -> Success: https://live4.mar.tv/9691a62bc9c69a65f9841fd01bc48303dd209a5a77f1e4748fd9cd7f9c3d9713/32st/index.m3u8
2026-08-21 20:30:26,676 [INFO] Scraping qartuliarxi...
2026-08-21 20:30:29,997 [INFO]  -> Success: https://live6.mar.tv/9691a62bc9c69a65f9841fd01bc48303dd209a5a77f1e4748fd9cd7f9c3d9713/qartuli/index.m3u8
2026-08-21 20:30:30,029 [INFO] Scraping musicbox...
2026-08-21 20:30:33,352 [INFO]  -> Success: https://live6.mar.tv/9691a62bc9c69a65f9841fd01bc48303dd209a5a77f1e4748fd9cd7f9c3d9713/34musge/index.m3u8
2026-08-21 20:30:33,385 [INFO] Scraping marneuli...
2026-08-21 20:30:36,709 [INFO]  -> Success: https://live6.mar.tv/9691a62bc9c69a65f9841fd01bc48303dd209a5a77f1e4748fd9cd7f9c3d9713/37marn/index.m3u8
2026-08-21 20:30:36,741 [INFO] Scraping axaliformula...
2026-08-21 20:30:40,066 [INFO]  -> Success: https://live6.mar.tv/9691a62bc9c69a65f9841fd01bc48303dd209a5a77f1e4748fd9cd7f9c3d9713/axaliformla/index.m3u8
2026-08-21 20:30:40,098 [INFO] Scraping o2...
2026-08-21 20:30:43,427 [INFO]  -> Success: https://live5.mar.tv/9691a62bc9c69a65f9841fd01bc48303dd209a5a77f1e4748fd9cd7f9c3d9713/40/index.m3u8
2026-08-21 20:30:43,466 [INFO] Scraping guria...
2026-08-21 20:30:46,789 [INFO]  -> Success: https://live5.mar.tv/9691a62bc9c69a65f9841fd01bc48303dd209a5a77f1e4748fd9cd7f9c3d9713/42/index.m3u8
2026-08-21 20:30:46,823 [INFO] Scraping imervizia...
2026-08-21 20:30:50,153 [INFO]  -> Success: https://live6.mar.tv/9691a62bc9c69a65f9841fd01bc48303dd209a5a77f1e4748fd9cd7f9c3d9713/imervizia/index.m3u8
2026-08-21 20:30:50,186 [INFO] Scraping diatv...
2026-08-21 20:30:53,514 [INFO]  -> Success: https://live4.mar.tv/9691a62bc9c69a65f9841fd01bc48303dd209a5a77f1e4748fd9cd7f9c3d9713/dia/index.m3u8
2026-08-21 20:30:53,553 [INFO] Scraping chveniarxi...
2026-08-21 20:30:56,887 [INFO]  -> Success: https://live3.mar.tv/9691a62bc9c69a65f9841fd01bc48303dd209a5a77f1e4748fd9cd7f9c3d9713/45rd/index.m3u8
2026-08-21 20:30:56,917 [INFO] Scraping batumitv...
2026-08-21 20:31:00,245 [INFO]  -> Success: https://live5.mar.tv/9691a62bc9c69a65f9841fd01bc48303dd209a5a77f1e4748fd9cd7f9c3d9713/46/index.m3u8
2026-08-21 20:31:00,278 [INFO] Scraping rcheuli...
2026-08-21 20:31:03,603 [INFO]  -> Success: https://live5.mar.tv/9691a62bc9c69a65f9841fd01bc48303dd209a5a77f1e4748fd9cd7f9c3d9713/47/index.m3u8
2026-08-21 20:31:03,638 [INFO] Scraping gurjaani...
2026-08-21 20:31:06,962 [INFO]  -> Success: https://live4.mar.tv/9691a62bc9c69a65f9841fd01bc48303dd209a5a77f1e4748fd9cd7f9c3d9713/48m/index.m3u8
2026-08-21 20:31:06,996 [INFO] Scraping molitv...
2026-08-21 20:31:10,321 [INFO]  -> Success: https://live6.mar.tv/9691a62bc9c69a65f9841fd01bc48303dd209a5a77f1e4748fd9cd7f9c3d9713/mollltv/index.m3u8
2026-08-21 20:31:10,353 [INFO] Scraping mexute...
2026-08-21 20:31:13,698 [INFO]  -> Success: https://live6.mar.tv/9691a62bc9c69a65f9841fd01bc48303dd209a5a77f1e4748fd9cd7f9c3d9713/50/index.m3u8
2026-08-21 20:31:13,728 [INFO] Scraping agrogaremo...
2026-08-21 20:31:17,054 [INFO]  -> Success: https://live6.mar.tv/9691a62bc9c69a65f9841fd01bc48303dd209a5a77f1e4748fd9cd7f9c3d9713/agrogaremo/index.m3u8
2026-08-21 20:31:17,087 [INFO] Scraping artv...
2026-08-21 20:31:20,416 [INFO]  -> Success: https://live6.mar.tv/9691a62bc9c69a65f9841fd01bc48303dd209a5a77f1e4748fd9cd7f9c3d9713/tafutv/index.m3u8
2026-08-21 20:31:20,449 [INFO] Scraping meteo24...
2026-08-21 20:31:23,771 [INFO]  -> Success: https://live5.mar.tv/9691a62bc9c69a65f9841fd01bc48303dd209a5a77f1e4748fd9cd7f9c3d9713/56/index.m3u8
2026-08-21 20:31:23,806 [INFO] Scraping georgiantimes...
2026-08-21 20:31:27,137 [INFO]  -> Success: https://live5.mar.tv/9691a62bc9c69a65f9841fd01bc48303dd209a5a77f1e4748fd9cd7f9c3d9713/57/index.m3u8
2026-08-21 20:31:27,169 [INFO] Scraping silkuniversal...
2026-08-21 20:31:30,496 [INFO]  -> Success: https://live2.mar.tv/9691a62bc9c69a65f9841fd01bc48303dd209a5a77f1e4748fd9cd7f9c3d9713/1arxiweb/index.m3u8
2026-08-21 20:31:30,532 [INFO] Scraping rugbytv...
2026-08-21 20:31:33,857 [INFO]  -> Success: https://live4.mar.tv/9691a62bc9c69a65f9841fd01bc48303dd209a5a77f1e4748fd9cd7f9c3d9713/160m/index.m3u8
2026-08-21 20:31:33,891 [INFO] Scraping gms...
2026-08-21 20:31:37,219 [INFO]  -> Success: https://live5.mar.tv/9691a62bc9c69a65f9841fd01bc48303dd209a5a77f1e4748fd9cd7f9c3d9713/161/index.m3u8
2026-08-21 20:31:37,251 [INFO] Scraping aiatv...
2026-08-21 20:31:40,582 [INFO]  -> Success: https://live6.mar.tv/9691a62bc9c69a65f9841fd01bc48303dd209a5a77f1e4748fd9cd7f9c3d9713/aia/index.m3u8
2026-08-21 20:31:40,617 [INFO] Scraping batumi2...
2026-08-21 20:31:43,945 [INFO]  -> Success: https://live6.mar.tv/9691a62bc9c69a65f9841fd01bc48303dd209a5a77f1e4748fd9cd7f9c3d9713/batumitv2/index.m3u8
2026-08-21 20:31:43,980 [INFO] Scraping altinfo...
2026-08-21 20:31:47,307 [INFO]  -> Success: https://live6.mar.tv/9691a62bc9c69a65f9841fd01bc48303dd209a5a77f1e4748fd9cd7f9c3d9713/altinfo/index.m3u8
2026-08-21 20:31:47,340 [INFO] Scraping parliament...
2026-08-21 20:31:50,668 [INFO]  -> Success: https://live6.mar.tv/9691a62bc9c69a65f9841fd01bc48303dd209a5a77f1e4748fd9cd7f9c3d9713/parlament/index.m3u8
2026-08-21 20:31:50,700 [INFO] Scraping egrisi...
2026-08-21 20:31:54,031 [INFO]  -> Success: https://live6.mar.tv/9691a62bc9c69a65f9841fd01bc48303dd209a5a77f1e4748fd9cd7f9c3d9713/egrisi/index.m3u8
2026-08-21 20:31:54,065 [INFO] Scraping mzetv...
2026-08-21 20:31:57,389 [INFO]  -> Success: https://live6.mar.tv/9691a62bc9c69a65f9841fd01bc48303dd209a5a77f1e4748fd9cd7f9c3d9713/mze/index.m3u8
2026-08-21 20:31:57,439 [WARNING] Failed to find tvg-id="rustavi2" in georgia_channels.m3u
2026-08-21 20:31:57,439 [WARNING] Failed to find tvg-id="maestro" in georgia_channels.m3u
2026-08-21 20:31:57,439 [WARNING] Failed to find tvg-id="marao" in georgia_channels.m3u
2026-08-21 20:31:57,439 [WARNING] Failed to find tvg-id="gds" in georgia_channels.m3u
2026-08-21 20:31:57,440 [WARNING] Failed to find tvg-id="comedy" in georgia_channels.m3u
2026-08-21 20:31:57,440 [WARNING] Failed to find tvg-id="bbb" in georgia_channels.m3u
2026-08-21 20:31:57,440 [WARNING] Failed to find tvg-id="enkibenki" in georgia_channels.m3u
2026-08-21 20:31:57,440 [WARNING] Failed to find tvg-id="adjaratv" in georgia_channels.m3u
2026-08-21 20:31:57,441 [WARNING] Failed to find tvg-id="rionitv" in georgia_channels.m3u
2026-08-21 20:31:57,441 [WARNING] Failed to find tvg-id="tv25" in georgia_channels.m3u
2026-08-21 20:31:57,441 [WARNING] Failed to find tvg-id="tv4rustavi" in georgia_channels.m3u
2026-08-21 20:31:57,441 [WARNING] Failed to find tvg-id="trialeti" in georgia_channels.m3u
2026-08-21 20:31:57,441 [WARNING] Failed to find tvg-id="dardimandi" in georgia_channels.m3u
2026-08-21 20:31:57,442 [WARNING] Failed to find tvg-id="agro" in georgia_channels.m3u
2026-08-21 20:31:57,442 [WARNING] Failed to find tvg-id="samefo" in georgia_channels.m3u
2026-08-21 20:31:57,442 [WARNING] Failed to find tvg-id="postv" in georgia_channels.m3u
2026-08-21 20:31:57,442 [WARNING] Failed to find tvg-id="megatv" in georgia_channels.m3u
2026-08-21 20:31:57,443 [WARNING] Failed to find tvg-id="qartuliarxi" in georgia_channels.m3u
2026-08-21 20:31:57,443 [WARNING] Failed to find tvg-id="musicbox" in georgia_channels.m3u
2026-08-21 20:31:57,443 [WARNING] Failed to find tvg-id="marneuli" in georgia_channels.m3u
2026-08-21 20:31:57,443 [WARNING] Failed to find tvg-id="axaliformula" in georgia_channels.m3u
2026-08-21 20:31:57,443 [WARNING] Failed to find tvg-id="o2" in georgia_channels.m3u
2026-08-21 20:31:57,444 [WARNING] Failed to find tvg-id="guria" in georgia_channels.m3u
2026-08-21 20:31:57,444 [WARNING] Failed to find tvg-id="imervizia" in georgia_channels.m3u
2026-08-21 20:31:57,444 [WARNING] Failed to find tvg-id="diatv" in georgia_channels.m3u
2026-08-21 20:31:57,444 [WARNING] Failed to find tvg-id="chveniarxi" in georgia_channels.m3u
2026-08-21 20:31:57,445 [WARNING] Failed to find tvg-id="batumitv" in georgia_channels.m3u
2026-08-21 20:31:57,445 [WARNING] Failed to find tvg-id="rcheuli" in georgia_channels.m3u
2026-08-21 20:31:57,445 [WARNING] Failed to find tvg-id="gurjaani" in georgia_channels.m3u
2026-08-21 20:31:57,445 [WARNING] Failed to find tvg-id="molitv" in georgia_channels.m3u
2026-08-21 20:31:57,445 [WARNING] Failed to find tvg-id="mexute" in georgia_channels.m3u
2026-08-21 20:31:57,446 [WARNING] Failed to find tvg-id="agrogaremo" in georgia_channels.m3u
2026-08-21 20:31:57,446 [WARNING] Failed to find tvg-id="artv" in georgia_channels.m3u
2026-08-21 20:31:57,446 [WARNING] Failed to find tvg-id="meteo24" in georgia_channels.m3u
2026-08-21 20:31:57,446 [WARNING] Failed to find tvg-id="georgiantimes" in georgia_channels.m3u
2026-08-21 20:31:57,447 [WARNING] Failed to find tvg-id="silkuniversal" in georgia_channels.m3u
2026-08-21 20:31:57,447 [WARNING] Failed to find tvg-id="rugbytv" in georgia_channels.m3u
2026-08-21 20:31:57,447 [WARNING] Failed to find tvg-id="gms" in georgia_channels.m3u
2026-08-21 20:31:57,447 [WARNING] Failed to find tvg-id="aiatv" in georgia_channels.m3u
2026-08-21 20:31:57,448 [WARNING] Failed to find tvg-id="batumi2" in georgia_channels.m3u
2026-08-21 20:31:57,448 [WARNING] Failed to find tvg-id="altinfo" in georgia_channels.m3u
2026-08-21 20:31:57,448 [WARNING] Failed to find tvg-id="parliament" in georgia_channels.m3u
2026-08-21 20:31:57,448 [WARNING] Failed to find tvg-id="egrisi" in georgia_channels.m3u
2026-08-21 20:31:57,449 [WARNING] Failed to find tvg-id="mzetv" in georgia_channels.m3u
2026-08-21 20:31:57,449 [INFO] No file changes were made.
2026-08-21 20:31:57,449 [INFO] === UPDATE EXECUTION FINISHED ===
