2026-08-21 06:52:46,636 [INFO] === UPDATE EXECUTION STARTED ===
2026-08-21 06:52:46,636 [INFO] Fetching Setanta Sports 3 from IPTV-ORG...
2026-08-21 06:52:46,754 [INFO] Launching batch scraper for 44 channels on tv.mar.tv...
2026-08-21 06:52:47,556 [INFO] Scraping rustavi2...
2026-08-21 06:52:53,106 [INFO]  -> Success: https://live8.mar.tv/1/4rd/index.m3u8
2026-08-21 06:52:53,138 [INFO] Scraping maestro...
2026-08-21 06:52:56,425 [INFO]  -> Success: https://live4.mar.tv/765c29fa061d7d7ec482445b90c2459a62bc3afc0cc50d171cd957610d40c379/352m/index.m3u8
2026-08-21 06:52:56,454 [INFO] Scraping marao...
2026-08-21 06:52:59,742 [INFO]  -> Success: https://live2.mar.tv/765c29fa061d7d7ec482445b90c2459a62bc3afc0cc50d171cd957610d40c379/12sd/index.m3u8
2026-08-21 06:52:59,768 [INFO] Scraping gds...
2026-08-21 06:53:03,046 [INFO]  -> Success: https://live1.mar.tv/765c29fa061d7d7ec482445b90c2459a62bc3afc0cc50d171cd957610d40c379/13sd/index.m3u8
2026-08-21 06:53:03,072 [INFO] Scraping comedy...
2026-08-21 06:53:06,348 [INFO]  -> Success: https://live4.mar.tv/765c29fa061d7d7ec482445b90c2459a62bc3afc0cc50d171cd957610d40c379/14rd/index.m3u8
2026-08-21 06:53:06,373 [INFO] Scraping bbb...
2026-08-21 06:53:09,645 [INFO]  -> Success: https://live2.mar.tv/765c29fa061d7d7ec482445b90c2459a62bc3afc0cc50d171cd957610d40c379/16sd/index.m3u8
2026-08-21 06:53:09,678 [INFO] Scraping enkibenki...
2026-08-21 06:53:12,952 [INFO]  -> Success: https://live2.mar.tv/765c29fa061d7d7ec482445b90c2459a62bc3afc0cc50d171cd957610d40c379/17e/index.m3u8
2026-08-21 06:53:12,977 [INFO] Scraping adjaratv...
2026-08-21 06:53:16,256 [INFO]  -> Success: https://live2.mar.tv/765c29fa061d7d7ec482445b90c2459a62bc3afc0cc50d171cd957610d40c379/19rd/index.m3u8
2026-08-21 06:53:16,286 [INFO] Scraping rionitv...
2026-08-21 06:53:19,560 [INFO]  -> Success: https://live6.mar.tv/765c29fa061d7d7ec482445b90c2459a62bc3afc0cc50d171cd957610d40c379/20rionn/index.m3u8
2026-08-21 06:53:19,589 [INFO] Scraping tv25...
2026-08-21 06:53:22,860 [INFO]  -> Success: https://live6.mar.tv/765c29fa061d7d7ec482445b90c2459a62bc3afc0cc50d171cd957610d40c379/23tv25/index.m3u8
2026-08-21 06:53:22,886 [INFO] Scraping tv4rustavi...
2026-08-21 06:53:26,155 [INFO]  -> Success: https://live6.mar.tv/765c29fa061d7d7ec482445b90c2459a62bc3afc0cc50d171cd957610d40c379/24tw4/index.m3u8
2026-08-21 06:53:26,184 [INFO] Scraping trialeti...
2026-08-21 06:53:29,455 [INFO]  -> Success: https://live6.mar.tv/765c29fa061d7d7ec482445b90c2459a62bc3afc0cc50d171cd957610d40c379/trialleti/index.m3u8
2026-08-21 06:53:29,485 [INFO] Scraping dardimandi...
2026-08-21 06:53:32,755 [INFO]  -> Success: https://live5.mar.tv/765c29fa061d7d7ec482445b90c2459a62bc3afc0cc50d171cd957610d40c379/27/index.m3u8
2026-08-21 06:53:32,783 [INFO] Scraping agro...
2026-08-21 06:53:36,055 [INFO]  -> Success: https://live5.mar.tv/765c29fa061d7d7ec482445b90c2459a62bc3afc0cc50d171cd957610d40c379/28/index.m3u8
2026-08-21 06:53:36,085 [INFO] Scraping samefo...
2026-08-21 06:53:39,357 [INFO]  -> Success: https://live5.mar.tv/765c29fa061d7d7ec482445b90c2459a62bc3afc0cc50d171cd957610d40c379/29/index.m3u8
2026-08-21 06:53:39,381 [INFO] Scraping postv...
2026-08-21 06:53:42,651 [INFO]  -> Success: https://live6.mar.tv/765c29fa061d7d7ec482445b90c2459a62bc3afc0cc50d171cd957610d40c379/postvw/index.m3u8
2026-08-21 06:53:42,677 [INFO] Scraping megatv...
2026-08-21 06:53:45,949 [INFO]  -> Success: https://live4.mar.tv/765c29fa061d7d7ec482445b90c2459a62bc3afc0cc50d171cd957610d40c379/32st/index.m3u8
2026-08-21 06:53:45,977 [INFO] Scraping qartuliarxi...
2026-08-21 06:53:49,261 [INFO]  -> Success: https://live6.mar.tv/765c29fa061d7d7ec482445b90c2459a62bc3afc0cc50d171cd957610d40c379/qartuli/index.m3u8
2026-08-21 06:53:49,291 [INFO] Scraping musicbox...
2026-08-21 06:53:52,572 [INFO]  -> Success: https://live6.mar.tv/765c29fa061d7d7ec482445b90c2459a62bc3afc0cc50d171cd957610d40c379/34musge/index.m3u8
2026-08-21 06:53:52,605 [INFO] Scraping marneuli...
2026-08-21 06:53:55,882 [INFO]  -> Success: https://live6.mar.tv/765c29fa061d7d7ec482445b90c2459a62bc3afc0cc50d171cd957610d40c379/37marn/index.m3u8
2026-08-21 06:53:55,908 [INFO] Scraping axaliformula...
2026-08-21 06:53:59,178 [INFO]  -> Success: https://live6.mar.tv/765c29fa061d7d7ec482445b90c2459a62bc3afc0cc50d171cd957610d40c379/axaliformla/index.m3u8
2026-08-21 06:53:59,205 [INFO] Scraping o2...
2026-08-21 06:54:02,478 [INFO]  -> Success: https://live5.mar.tv/765c29fa061d7d7ec482445b90c2459a62bc3afc0cc50d171cd957610d40c379/40/index.m3u8
2026-08-21 06:54:02,506 [INFO] Scraping guria...
2026-08-21 06:54:05,781 [INFO]  -> Success: https://live5.mar.tv/765c29fa061d7d7ec482445b90c2459a62bc3afc0cc50d171cd957610d40c379/42/index.m3u8
2026-08-21 06:54:05,810 [INFO] Scraping imervizia...
2026-08-21 06:54:09,083 [INFO]  -> Success: https://live6.mar.tv/765c29fa061d7d7ec482445b90c2459a62bc3afc0cc50d171cd957610d40c379/imervizia/index.m3u8
2026-08-21 06:54:09,116 [INFO] Scraping diatv...
2026-08-21 06:54:12,396 [INFO]  -> Success: https://live4.mar.tv/765c29fa061d7d7ec482445b90c2459a62bc3afc0cc50d171cd957610d40c379/dia/index.m3u8
2026-08-21 06:54:12,425 [INFO] Scraping chveniarxi...
2026-08-21 06:54:15,703 [INFO]  -> Success: https://live3.mar.tv/765c29fa061d7d7ec482445b90c2459a62bc3afc0cc50d171cd957610d40c379/45rd/index.m3u8
2026-08-21 06:54:15,729 [INFO] Scraping batumitv...
2026-08-21 06:54:18,999 [INFO]  -> Success: https://live5.mar.tv/765c29fa061d7d7ec482445b90c2459a62bc3afc0cc50d171cd957610d40c379/46/index.m3u8
2026-08-21 06:54:19,025 [INFO] Scraping rcheuli...
2026-08-21 06:54:22,314 [INFO]  -> Success: https://live5.mar.tv/765c29fa061d7d7ec482445b90c2459a62bc3afc0cc50d171cd957610d40c379/47/index.m3u8
2026-08-21 06:54:22,342 [INFO] Scraping gurjaani...
2026-08-21 06:54:25,612 [INFO]  -> Success: https://live4.mar.tv/765c29fa061d7d7ec482445b90c2459a62bc3afc0cc50d171cd957610d40c379/48m/index.m3u8
2026-08-21 06:54:25,642 [INFO] Scraping molitv...
2026-08-21 06:54:28,924 [INFO]  -> Success: https://live6.mar.tv/765c29fa061d7d7ec482445b90c2459a62bc3afc0cc50d171cd957610d40c379/mollltv/index.m3u8
2026-08-21 06:54:28,962 [INFO] Scraping mexute...
2026-08-21 06:54:32,236 [INFO]  -> Success: https://live6.mar.tv/765c29fa061d7d7ec482445b90c2459a62bc3afc0cc50d171cd957610d40c379/50/index.m3u8
2026-08-21 06:54:32,263 [INFO] Scraping agrogaremo...
2026-08-21 06:54:35,537 [INFO]  -> Success: https://live6.mar.tv/765c29fa061d7d7ec482445b90c2459a62bc3afc0cc50d171cd957610d40c379/agrogaremo/index.m3u8
2026-08-21 06:54:35,565 [INFO] Scraping artv...
2026-08-21 06:54:38,839 [INFO]  -> Success: https://live6.mar.tv/765c29fa061d7d7ec482445b90c2459a62bc3afc0cc50d171cd957610d40c379/tafutv/index.m3u8
2026-08-21 06:54:38,865 [INFO] Scraping meteo24...
2026-08-21 06:54:42,138 [INFO]  -> Success: https://live5.mar.tv/765c29fa061d7d7ec482445b90c2459a62bc3afc0cc50d171cd957610d40c379/56/index.m3u8
2026-08-21 06:54:42,168 [INFO] Scraping georgiantimes...
2026-08-21 06:54:45,473 [INFO]  -> Success: https://live5.mar.tv/765c29fa061d7d7ec482445b90c2459a62bc3afc0cc50d171cd957610d40c379/57/index.m3u8
2026-08-21 06:54:45,502 [INFO] Scraping silk...
2026-08-21 06:54:48,782 [INFO]  -> Success: https://live2.mar.tv/765c29fa061d7d7ec482445b90c2459a62bc3afc0cc50d171cd957610d40c379/1arxiweb/index.m3u8
2026-08-21 06:54:48,813 [INFO] Scraping rugbytv...
2026-08-21 06:54:52,088 [INFO]  -> Success: https://live4.mar.tv/765c29fa061d7d7ec482445b90c2459a62bc3afc0cc50d171cd957610d40c379/160m/index.m3u8
2026-08-21 06:54:52,118 [INFO] Scraping gms...
2026-08-21 06:54:55,390 [INFO]  -> Success: https://live5.mar.tv/765c29fa061d7d7ec482445b90c2459a62bc3afc0cc50d171cd957610d40c379/161/index.m3u8
2026-08-21 06:54:55,418 [INFO] Scraping aiatv...
2026-08-21 06:54:58,689 [INFO]  -> Success: https://live6.mar.tv/765c29fa061d7d7ec482445b90c2459a62bc3afc0cc50d171cd957610d40c379/aia/index.m3u8
2026-08-21 06:54:58,717 [INFO] Scraping batumi2...
2026-08-21 06:55:01,991 [INFO]  -> Success: https://live6.mar.tv/765c29fa061d7d7ec482445b90c2459a62bc3afc0cc50d171cd957610d40c379/batumitv2/index.m3u8
2026-08-21 06:55:02,022 [INFO] Scraping altinfo...
2026-08-21 06:55:05,301 [INFO]  -> Success: https://live6.mar.tv/765c29fa061d7d7ec482445b90c2459a62bc3afc0cc50d171cd957610d40c379/altinfo/index.m3u8
2026-08-21 06:55:05,331 [INFO] Scraping parliament...
2026-08-21 06:55:08,601 [INFO]  -> Success: https://live6.mar.tv/765c29fa061d7d7ec482445b90c2459a62bc3afc0cc50d171cd957610d40c379/parlament/index.m3u8
2026-08-21 06:55:08,629 [INFO] Scraping egrisi...
2026-08-21 06:55:11,902 [INFO]  -> Success: https://live6.mar.tv/765c29fa061d7d7ec482445b90c2459a62bc3afc0cc50d171cd957610d40c379/egrisi/index.m3u8
2026-08-21 06:55:11,932 [INFO] Scraping mzetv...
2026-08-21 06:55:15,205 [INFO]  -> Success: https://live6.mar.tv/765c29fa061d7d7ec482445b90c2459a62bc3afc0cc50d171cd957610d40c379/mze/index.m3u8
2026-08-21 06:55:15,245 [INFO] Updated M3U block for: rustavi2
2026-08-21 06:55:15,245 [INFO] Updated M3U block for: maestro
2026-08-21 06:55:15,245 [INFO] Updated M3U block for: marao
2026-08-21 06:55:15,246 [INFO] Updated M3U block for: gds
2026-08-21 06:55:15,246 [INFO] Updated M3U block for: comedy
2026-08-21 06:55:15,246 [INFO] Updated M3U block for: bbb
2026-08-21 06:55:15,246 [INFO] Updated M3U block for: enkibenki
2026-08-21 06:55:15,246 [INFO] Updated M3U block for: adjaratv
2026-08-21 06:55:15,246 [INFO] Updated M3U block for: rionitv
2026-08-21 06:55:15,246 [INFO] Updated M3U block for: tv25
2026-08-21 06:55:15,247 [INFO] Updated M3U block for: tv4rustavi
2026-08-21 06:55:15,247 [INFO] Updated M3U block for: trialeti
2026-08-21 06:55:15,247 [INFO] Updated M3U block for: dardimandi
2026-08-21 06:55:15,247 [INFO] Updated M3U block for: agro
2026-08-21 06:55:15,247 [INFO] Updated M3U block for: samefo
2026-08-21 06:55:15,247 [INFO] Updated M3U block for: postv
2026-08-21 06:55:15,248 [INFO] Updated M3U block for: megatv
2026-08-21 06:55:15,248 [INFO] Updated M3U block for: qartuliarxi
2026-08-21 06:55:15,248 [INFO] Updated M3U block for: musicbox
2026-08-21 06:55:15,248 [INFO] Updated M3U block for: marneuli
2026-08-21 06:55:15,248 [INFO] Updated M3U block for: axaliformula
2026-08-21 06:55:15,248 [INFO] Updated M3U block for: o2
2026-08-21 06:55:15,249 [INFO] Updated M3U block for: guria
2026-08-21 06:55:15,249 [INFO] Updated M3U block for: imervizia
2026-08-21 06:55:15,249 [INFO] Updated M3U block for: diatv
2026-08-21 06:55:15,249 [INFO] Updated M3U block for: chveniarxi
2026-08-21 06:55:15,249 [INFO] Updated M3U block for: batumitv
2026-08-21 06:55:15,249 [INFO] Updated M3U block for: rcheuli
2026-08-21 06:55:15,250 [INFO] Updated M3U block for: gurjaani
2026-08-21 06:55:15,250 [INFO] Updated M3U block for: molitv
2026-08-21 06:55:15,250 [INFO] Updated M3U block for: mexute
2026-08-21 06:55:15,250 [INFO] Updated M3U block for: agrogaremo
2026-08-21 06:55:15,250 [INFO] Updated M3U block for: artv
2026-08-21 06:55:15,250 [INFO] Updated M3U block for: meteo24
2026-08-21 06:55:15,251 [INFO] Updated M3U block for: georgiantimes
2026-08-21 06:55:15,251 [INFO] Updated M3U block for: silk
2026-08-21 06:55:15,251 [INFO] Updated M3U block for: rugbytv
2026-08-21 06:55:15,251 [INFO] Updated M3U block for: gms
2026-08-21 06:55:15,251 [INFO] Updated M3U block for: aiatv
2026-08-21 06:55:15,251 [INFO] Updated M3U block for: batumi2
2026-08-21 06:55:15,251 [INFO] Updated M3U block for: altinfo
2026-08-21 06:55:15,252 [INFO] Updated M3U block for: parliament
2026-08-21 06:55:15,252 [INFO] Updated M3U block for: egrisi
2026-08-21 06:55:15,252 [INFO] Updated M3U block for: mzetv
2026-08-21 06:55:15,252 [INFO] Saved changes to georgia_channels.m3u.
2026-08-21 06:55:15,252 [INFO] === UPDATE EXECUTION FINISHED ===
