2026-08-24 18:44:01,305 [INFO] === UPDATE EXECUTION STARTED ===
2026-08-24 18:44:01,305 [INFO] Fetching Setanta Sports 3 from IPTV-ORG...
2026-08-24 18:44:01,425 [INFO] Launching batch scraper for 44 channels on tv.mar.tv...
2026-08-24 18:44:02,034 [INFO] Scraping rustavi2...
2026-08-24 18:44:07,688 [INFO]  -> Success: https://live8.mar.tv/1/4rd/index.m3u8
2026-08-24 18:44:07,722 [INFO] Scraping maestro...
2026-08-24 18:44:11,051 [INFO]  -> Success: https://live4.mar.tv/64a8384d639c1fda01adfe191aa83a49302f2863d93acb90e791fe17c802a5fe/352m/index.m3u8
2026-08-24 18:44:11,084 [INFO] Scraping marao...
2026-08-24 18:44:14,409 [INFO]  -> Success: https://live2.mar.tv/64a8384d639c1fda01adfe191aa83a49302f2863d93acb90e791fe17c802a5fe/12sd/index.m3u8
2026-08-24 18:44:14,440 [INFO] Scraping gds...
2026-08-24 18:44:17,770 [INFO]  -> Success: https://live1.mar.tv/64a8384d639c1fda01adfe191aa83a49302f2863d93acb90e791fe17c802a5fe/13sd/index.m3u8
2026-08-24 18:44:17,801 [INFO] Scraping comedy...
2026-08-24 18:44:21,130 [INFO]  -> Success: https://live4.mar.tv/64a8384d639c1fda01adfe191aa83a49302f2863d93acb90e791fe17c802a5fe/14rd/index.m3u8
2026-08-24 18:44:21,162 [INFO] Scraping bbb...
2026-08-24 18:44:24,486 [INFO]  -> Success: https://live2.mar.tv/64a8384d639c1fda01adfe191aa83a49302f2863d93acb90e791fe17c802a5fe/16sd/index.m3u8
2026-08-24 18:44:24,518 [INFO] Scraping enkibenki...
2026-08-24 18:44:27,845 [INFO]  -> Success: https://live2.mar.tv/64a8384d639c1fda01adfe191aa83a49302f2863d93acb90e791fe17c802a5fe/17e/index.m3u8
2026-08-24 18:44:27,878 [INFO] Scraping adjaratv...
2026-08-24 18:44:31,205 [INFO]  -> Success: https://live2.mar.tv/64a8384d639c1fda01adfe191aa83a49302f2863d93acb90e791fe17c802a5fe/19rd/index.m3u8
2026-08-24 18:44:31,240 [INFO] Scraping rionitv...
2026-08-24 18:44:34,567 [INFO]  -> Success: https://live6.mar.tv/64a8384d639c1fda01adfe191aa83a49302f2863d93acb90e791fe17c802a5fe/20rionn/index.m3u8
2026-08-24 18:44:34,599 [INFO] Scraping tv25...
2026-08-24 18:44:37,925 [INFO]  -> Success: https://live6.mar.tv/64a8384d639c1fda01adfe191aa83a49302f2863d93acb90e791fe17c802a5fe/23tv25/index.m3u8
2026-08-24 18:44:37,960 [INFO] Scraping tv4rustavi...
2026-08-24 18:44:41,286 [INFO]  -> Success: https://live6.mar.tv/64a8384d639c1fda01adfe191aa83a49302f2863d93acb90e791fe17c802a5fe/24tw4/index.m3u8
2026-08-24 18:44:41,319 [INFO] Scraping trialeti...
2026-08-24 18:44:44,646 [INFO]  -> Success: https://live6.mar.tv/64a8384d639c1fda01adfe191aa83a49302f2863d93acb90e791fe17c802a5fe/trialleti/index.m3u8
2026-08-24 18:44:44,681 [INFO] Scraping dardimandi...
2026-08-24 18:44:48,007 [INFO]  -> Success: https://live5.mar.tv/64a8384d639c1fda01adfe191aa83a49302f2863d93acb90e791fe17c802a5fe/27/index.m3u8
2026-08-24 18:44:48,041 [INFO] Scraping agro...
2026-08-24 18:44:51,369 [INFO]  -> Success: https://live5.mar.tv/64a8384d639c1fda01adfe191aa83a49302f2863d93acb90e791fe17c802a5fe/28/index.m3u8
2026-08-24 18:44:51,402 [INFO] Scraping samefo...
2026-08-24 18:44:54,735 [INFO]  -> Success: https://live5.mar.tv/64a8384d639c1fda01adfe191aa83a49302f2863d93acb90e791fe17c802a5fe/29/index.m3u8
2026-08-24 18:44:54,770 [INFO] Scraping postv...
2026-08-24 18:44:58,100 [INFO]  -> Success: https://live6.mar.tv/64a8384d639c1fda01adfe191aa83a49302f2863d93acb90e791fe17c802a5fe/postvw/index.m3u8
2026-08-24 18:44:58,135 [INFO] Scraping megatv...
2026-08-24 18:45:01,460 [INFO]  -> Success: https://live4.mar.tv/64a8384d639c1fda01adfe191aa83a49302f2863d93acb90e791fe17c802a5fe/32st/index.m3u8
2026-08-24 18:45:01,491 [INFO] Scraping qartuliarxi...
2026-08-24 18:45:04,819 [INFO]  -> Success: https://live6.mar.tv/64a8384d639c1fda01adfe191aa83a49302f2863d93acb90e791fe17c802a5fe/qartuli/index.m3u8
2026-08-24 18:45:04,853 [INFO] Scraping musicbox...
2026-08-24 18:45:08,183 [INFO]  -> Success: https://live6.mar.tv/64a8384d639c1fda01adfe191aa83a49302f2863d93acb90e791fe17c802a5fe/34musge/index.m3u8
2026-08-24 18:45:08,216 [INFO] Scraping marneuli...
2026-08-24 18:45:11,545 [INFO]  -> Success: https://live6.mar.tv/64a8384d639c1fda01adfe191aa83a49302f2863d93acb90e791fe17c802a5fe/37marn/index.m3u8
2026-08-24 18:45:11,576 [INFO] Scraping axaliformula...
2026-08-24 18:45:14,902 [INFO]  -> Success: https://live6.mar.tv/64a8384d639c1fda01adfe191aa83a49302f2863d93acb90e791fe17c802a5fe/axaliformla/index.m3u8
2026-08-24 18:45:14,932 [INFO] Scraping o2...
2026-08-24 18:45:18,260 [INFO]  -> Success: https://live5.mar.tv/64a8384d639c1fda01adfe191aa83a49302f2863d93acb90e791fe17c802a5fe/40/index.m3u8
2026-08-24 18:45:18,293 [INFO] Scraping guria...
2026-08-24 18:45:21,621 [INFO]  -> Success: https://live5.mar.tv/64a8384d639c1fda01adfe191aa83a49302f2863d93acb90e791fe17c802a5fe/42/index.m3u8
2026-08-24 18:45:21,651 [INFO] Scraping imervizia...
2026-08-24 18:45:24,979 [INFO]  -> Success: https://live6.mar.tv/64a8384d639c1fda01adfe191aa83a49302f2863d93acb90e791fe17c802a5fe/imervizia/index.m3u8
2026-08-24 18:45:25,011 [INFO] Scraping diatv...
2026-08-24 18:45:28,338 [INFO]  -> Success: https://live4.mar.tv/64a8384d639c1fda01adfe191aa83a49302f2863d93acb90e791fe17c802a5fe/dia/index.m3u8
2026-08-24 18:45:28,369 [INFO] Scraping chveniarxi...
2026-08-24 18:45:31,698 [INFO]  -> Success: https://live3.mar.tv/64a8384d639c1fda01adfe191aa83a49302f2863d93acb90e791fe17c802a5fe/45rd/index.m3u8
2026-08-24 18:45:31,732 [INFO] Scraping batumitv...
2026-08-24 18:45:35,057 [INFO]  -> Success: https://live5.mar.tv/64a8384d639c1fda01adfe191aa83a49302f2863d93acb90e791fe17c802a5fe/46/index.m3u8
2026-08-24 18:45:35,090 [INFO] Scraping rcheuli...
2026-08-24 18:45:38,419 [INFO]  -> Success: https://live5.mar.tv/64a8384d639c1fda01adfe191aa83a49302f2863d93acb90e791fe17c802a5fe/47/index.m3u8
2026-08-24 18:45:38,453 [INFO] Scraping gurjaani...
2026-08-24 18:45:41,784 [INFO]  -> Success: https://live4.mar.tv/64a8384d639c1fda01adfe191aa83a49302f2863d93acb90e791fe17c802a5fe/48m/index.m3u8
2026-08-24 18:45:41,815 [INFO] Scraping molitv...
2026-08-24 18:45:45,142 [INFO]  -> Success: https://live6.mar.tv/64a8384d639c1fda01adfe191aa83a49302f2863d93acb90e791fe17c802a5fe/mollltv/index.m3u8
2026-08-24 18:45:45,174 [INFO] Scraping mexute...
2026-08-24 18:45:48,504 [INFO]  -> Success: https://live6.mar.tv/64a8384d639c1fda01adfe191aa83a49302f2863d93acb90e791fe17c802a5fe/50/index.m3u8
2026-08-24 18:45:48,540 [INFO] Scraping agrogaremo...
2026-08-24 18:45:51,867 [INFO]  -> Success: https://live6.mar.tv/64a8384d639c1fda01adfe191aa83a49302f2863d93acb90e791fe17c802a5fe/agrogaremo/index.m3u8
2026-08-24 18:45:51,899 [INFO] Scraping artv...
2026-08-24 18:45:55,225 [INFO]  -> Success: https://live6.mar.tv/64a8384d639c1fda01adfe191aa83a49302f2863d93acb90e791fe17c802a5fe/tafutv/index.m3u8
2026-08-24 18:45:55,257 [INFO] Scraping meteo24...
2026-08-24 18:45:58,586 [INFO]  -> Success: https://live5.mar.tv/64a8384d639c1fda01adfe191aa83a49302f2863d93acb90e791fe17c802a5fe/56/index.m3u8
2026-08-24 18:45:58,617 [INFO] Scraping georgiantimes...
2026-08-24 18:46:01,945 [INFO]  -> Success: https://live5.mar.tv/64a8384d639c1fda01adfe191aa83a49302f2863d93acb90e791fe17c802a5fe/57/index.m3u8
2026-08-24 18:46:01,981 [INFO] Scraping silkuniversal...
2026-08-24 18:46:05,311 [INFO]  -> Success: https://live2.mar.tv/64a8384d639c1fda01adfe191aa83a49302f2863d93acb90e791fe17c802a5fe/1arxiweb/index.m3u8
2026-08-24 18:46:05,343 [INFO] Scraping rugbytv...
2026-08-24 18:46:08,669 [INFO]  -> Success: https://live4.mar.tv/64a8384d639c1fda01adfe191aa83a49302f2863d93acb90e791fe17c802a5fe/160m/index.m3u8
2026-08-24 18:46:08,702 [INFO] Scraping gms...
2026-08-24 18:46:12,027 [INFO]  -> Success: https://live5.mar.tv/64a8384d639c1fda01adfe191aa83a49302f2863d93acb90e791fe17c802a5fe/161/index.m3u8
2026-08-24 18:46:12,060 [INFO] Scraping aiatv...
2026-08-24 18:46:15,387 [INFO]  -> Success: https://live6.mar.tv/64a8384d639c1fda01adfe191aa83a49302f2863d93acb90e791fe17c802a5fe/aia/index.m3u8
2026-08-24 18:46:15,423 [INFO] Scraping batumi2...
2026-08-24 18:46:18,750 [INFO]  -> Success: https://live6.mar.tv/64a8384d639c1fda01adfe191aa83a49302f2863d93acb90e791fe17c802a5fe/batumitv2/index.m3u8
2026-08-24 18:46:18,783 [INFO] Scraping altinfo...
2026-08-24 18:46:22,109 [INFO]  -> Success: https://live6.mar.tv/64a8384d639c1fda01adfe191aa83a49302f2863d93acb90e791fe17c802a5fe/altinfo/index.m3u8
2026-08-24 18:46:22,142 [INFO] Scraping parliament...
2026-08-24 18:46:25,470 [INFO]  -> Success: https://live6.mar.tv/64a8384d639c1fda01adfe191aa83a49302f2863d93acb90e791fe17c802a5fe/parlament/index.m3u8
2026-08-24 18:46:25,501 [INFO] Scraping egrisi...
2026-08-24 18:46:28,825 [INFO]  -> Success: https://live6.mar.tv/64a8384d639c1fda01adfe191aa83a49302f2863d93acb90e791fe17c802a5fe/egrisi/index.m3u8
2026-08-24 18:46:28,857 [INFO] Scraping mzetv...
2026-08-24 18:46:32,184 [INFO]  -> Success: https://live6.mar.tv/64a8384d639c1fda01adfe191aa83a49302f2863d93acb90e791fe17c802a5fe/mze/index.m3u8
2026-08-24 18:46:32,232 [WARNING] Failed to find tvg-id="rustavi2" in georgia_channels.m3u
2026-08-24 18:46:32,232 [WARNING] Failed to find tvg-id="maestro" in georgia_channels.m3u
2026-08-24 18:46:32,232 [WARNING] Failed to find tvg-id="marao" in georgia_channels.m3u
2026-08-24 18:46:32,233 [WARNING] Failed to find tvg-id="gds" in georgia_channels.m3u
2026-08-24 18:46:32,233 [WARNING] Failed to find tvg-id="comedy" in georgia_channels.m3u
2026-08-24 18:46:32,233 [WARNING] Failed to find tvg-id="bbb" in georgia_channels.m3u
2026-08-24 18:46:32,233 [WARNING] Failed to find tvg-id="enkibenki" in georgia_channels.m3u
2026-08-24 18:46:32,233 [WARNING] Failed to find tvg-id="adjaratv" in georgia_channels.m3u
2026-08-24 18:46:32,234 [WARNING] Failed to find tvg-id="rionitv" in georgia_channels.m3u
2026-08-24 18:46:32,234 [WARNING] Failed to find tvg-id="tv25" in georgia_channels.m3u
2026-08-24 18:46:32,234 [WARNING] Failed to find tvg-id="tv4rustavi" in georgia_channels.m3u
2026-08-24 18:46:32,234 [WARNING] Failed to find tvg-id="trialeti" in georgia_channels.m3u
2026-08-24 18:46:32,235 [WARNING] Failed to find tvg-id="dardimandi" in georgia_channels.m3u
2026-08-24 18:46:32,235 [WARNING] Failed to find tvg-id="agro" in georgia_channels.m3u
2026-08-24 18:46:32,235 [WARNING] Failed to find tvg-id="samefo" in georgia_channels.m3u
2026-08-24 18:46:32,235 [WARNING] Failed to find tvg-id="postv" in georgia_channels.m3u
2026-08-24 18:46:32,235 [WARNING] Failed to find tvg-id="megatv" in georgia_channels.m3u
2026-08-24 18:46:32,236 [WARNING] Failed to find tvg-id="qartuliarxi" in georgia_channels.m3u
2026-08-24 18:46:32,236 [WARNING] Failed to find tvg-id="musicbox" in georgia_channels.m3u
2026-08-24 18:46:32,236 [WARNING] Failed to find tvg-id="marneuli" in georgia_channels.m3u
2026-08-24 18:46:32,236 [WARNING] Failed to find tvg-id="axaliformula" in georgia_channels.m3u
2026-08-24 18:46:32,236 [WARNING] Failed to find tvg-id="o2" in georgia_channels.m3u
2026-08-24 18:46:32,237 [WARNING] Failed to find tvg-id="guria" in georgia_channels.m3u
2026-08-24 18:46:32,237 [WARNING] Failed to find tvg-id="imervizia" in georgia_channels.m3u
2026-08-24 18:46:32,237 [WARNING] Failed to find tvg-id="diatv" in georgia_channels.m3u
2026-08-24 18:46:32,237 [WARNING] Failed to find tvg-id="chveniarxi" in georgia_channels.m3u
2026-08-24 18:46:32,238 [WARNING] Failed to find tvg-id="batumitv" in georgia_channels.m3u
2026-08-24 18:46:32,238 [WARNING] Failed to find tvg-id="rcheuli" in georgia_channels.m3u
2026-08-24 18:46:32,238 [WARNING] Failed to find tvg-id="gurjaani" in georgia_channels.m3u
2026-08-24 18:46:32,238 [WARNING] Failed to find tvg-id="molitv" in georgia_channels.m3u
2026-08-24 18:46:32,239 [WARNING] Failed to find tvg-id="mexute" in georgia_channels.m3u
2026-08-24 18:46:32,239 [WARNING] Failed to find tvg-id="agrogaremo" in georgia_channels.m3u
2026-08-24 18:46:32,239 [WARNING] Failed to find tvg-id="artv" in georgia_channels.m3u
2026-08-24 18:46:32,239 [WARNING] Failed to find tvg-id="meteo24" in georgia_channels.m3u
2026-08-24 18:46:32,239 [WARNING] Failed to find tvg-id="georgiantimes" in georgia_channels.m3u
2026-08-24 18:46:32,240 [WARNING] Failed to find tvg-id="silkuniversal" in georgia_channels.m3u
2026-08-24 18:46:32,240 [WARNING] Failed to find tvg-id="rugbytv" in georgia_channels.m3u
2026-08-24 18:46:32,240 [WARNING] Failed to find tvg-id="gms" in georgia_channels.m3u
2026-08-24 18:46:32,240 [WARNING] Failed to find tvg-id="aiatv" in georgia_channels.m3u
2026-08-24 18:46:32,241 [WARNING] Failed to find tvg-id="batumi2" in georgia_channels.m3u
2026-08-24 18:46:32,241 [WARNING] Failed to find tvg-id="altinfo" in georgia_channels.m3u
2026-08-24 18:46:32,241 [WARNING] Failed to find tvg-id="parliament" in georgia_channels.m3u
2026-08-24 18:46:32,241 [WARNING] Failed to find tvg-id="egrisi" in georgia_channels.m3u
2026-08-24 18:46:32,241 [WARNING] Failed to find tvg-id="mzetv" in georgia_channels.m3u
2026-08-24 18:46:32,242 [INFO] No file changes were made.
2026-08-24 18:46:32,242 [INFO] === UPDATE EXECUTION FINISHED ===
