2026-08-25 15:45:15,864 [INFO] === UPDATE EXECUTION STARTED ===
2026-08-25 15:45:15,865 [INFO] Fetching Setanta Sports 3 from IPTV-ORG...
2026-08-25 15:45:15,980 [INFO] Launching batch scraper for 44 channels on tv.mar.tv...
2026-08-25 15:45:17,743 [INFO] Scraping rustavi2...
2026-08-25 15:45:22,798 [INFO]  -> Success: https://live8.mar.tv/1/4rd/index.m3u8
2026-08-25 15:45:22,826 [INFO] Scraping maestro...
2026-08-25 15:45:26,093 [INFO]  -> Success: https://live4.mar.tv/0547b07a945040e481a92cbade4661a7a468d1b40bc55b1dde1416b8485d7d39/352m/index.m3u8
2026-08-25 15:45:26,120 [INFO] Scraping marao...
2026-08-25 15:45:29,390 [INFO]  -> Success: https://live2.mar.tv/0547b07a945040e481a92cbade4661a7a468d1b40bc55b1dde1416b8485d7d39/12sd/index.m3u8
2026-08-25 15:45:29,417 [INFO] Scraping gds...
2026-08-25 15:45:32,690 [INFO]  -> Success: https://live1.mar.tv/0547b07a945040e481a92cbade4661a7a468d1b40bc55b1dde1416b8485d7d39/13sd/index.m3u8
2026-08-25 15:45:32,715 [INFO] Scraping comedy...
2026-08-25 15:45:35,983 [INFO]  -> Success: https://live4.mar.tv/0547b07a945040e481a92cbade4661a7a468d1b40bc55b1dde1416b8485d7d39/14rd/index.m3u8
2026-08-25 15:45:36,008 [INFO] Scraping bbb...
2026-08-25 15:45:39,277 [INFO]  -> Success: https://live2.mar.tv/0547b07a945040e481a92cbade4661a7a468d1b40bc55b1dde1416b8485d7d39/16sd/index.m3u8
2026-08-25 15:45:39,301 [INFO] Scraping enkibenki...
2026-08-25 15:45:42,568 [INFO]  -> Success: https://live2.mar.tv/0547b07a945040e481a92cbade4661a7a468d1b40bc55b1dde1416b8485d7d39/17e/index.m3u8
2026-08-25 15:45:42,595 [INFO] Scraping adjaratv...
2026-08-25 15:45:45,863 [INFO]  -> Success: https://live2.mar.tv/0547b07a945040e481a92cbade4661a7a468d1b40bc55b1dde1416b8485d7d39/19rd/index.m3u8
2026-08-25 15:45:45,889 [INFO] Scraping rionitv...
2026-08-25 15:45:49,286 [INFO]  -> Success: https://live6.mar.tv/0547b07a945040e481a92cbade4661a7a468d1b40bc55b1dde1416b8485d7d39/20rionn/index.m3u8
2026-08-25 15:45:49,310 [INFO] Scraping tv25...
2026-08-25 15:45:52,577 [INFO]  -> Success: https://live6.mar.tv/0547b07a945040e481a92cbade4661a7a468d1b40bc55b1dde1416b8485d7d39/23tv25/index.m3u8
2026-08-25 15:45:52,604 [INFO] Scraping tv4rustavi...
2026-08-25 15:45:55,868 [INFO]  -> Success: https://live6.mar.tv/0547b07a945040e481a92cbade4661a7a468d1b40bc55b1dde1416b8485d7d39/24tw4/index.m3u8
2026-08-25 15:45:55,895 [INFO] Scraping trialeti...
2026-08-25 15:45:59,158 [INFO]  -> Success: https://live6.mar.tv/0547b07a945040e481a92cbade4661a7a468d1b40bc55b1dde1416b8485d7d39/trialleti/index.m3u8
2026-08-25 15:45:59,185 [INFO] Scraping dardimandi...
2026-08-25 15:46:02,449 [INFO]  -> Success: https://live5.mar.tv/0547b07a945040e481a92cbade4661a7a468d1b40bc55b1dde1416b8485d7d39/27/index.m3u8
2026-08-25 15:46:02,473 [INFO] Scraping agro...
2026-08-25 15:46:05,739 [INFO]  -> Success: https://live5.mar.tv/0547b07a945040e481a92cbade4661a7a468d1b40bc55b1dde1416b8485d7d39/28/index.m3u8
2026-08-25 15:46:05,766 [INFO] Scraping samefo...
2026-08-25 15:46:09,032 [INFO]  -> Success: https://live5.mar.tv/0547b07a945040e481a92cbade4661a7a468d1b40bc55b1dde1416b8485d7d39/29/index.m3u8
2026-08-25 15:46:09,060 [INFO] Scraping postv...
2026-08-25 15:46:12,325 [INFO]  -> Success: https://live6.mar.tv/0547b07a945040e481a92cbade4661a7a468d1b40bc55b1dde1416b8485d7d39/postvw/index.m3u8
2026-08-25 15:46:12,353 [INFO] Scraping megatv...
2026-08-25 15:46:15,620 [INFO]  -> Success: https://live4.mar.tv/0547b07a945040e481a92cbade4661a7a468d1b40bc55b1dde1416b8485d7d39/32st/index.m3u8
2026-08-25 15:46:15,647 [INFO] Scraping qartuliarxi...
2026-08-25 15:46:18,912 [INFO]  -> Success: https://live6.mar.tv/0547b07a945040e481a92cbade4661a7a468d1b40bc55b1dde1416b8485d7d39/qartuli/index.m3u8
2026-08-25 15:46:18,944 [INFO] Scraping musicbox...
2026-08-25 15:46:22,213 [INFO]  -> Success: https://live6.mar.tv/0547b07a945040e481a92cbade4661a7a468d1b40bc55b1dde1416b8485d7d39/34musge/index.m3u8
2026-08-25 15:46:22,240 [INFO] Scraping marneuli...
2026-08-25 15:46:25,503 [INFO]  -> Success: https://live6.mar.tv/0547b07a945040e481a92cbade4661a7a468d1b40bc55b1dde1416b8485d7d39/37marn/index.m3u8
2026-08-25 15:46:25,527 [INFO] Scraping axaliformula...
2026-08-25 15:46:28,795 [INFO]  -> Success: https://live6.mar.tv/0547b07a945040e481a92cbade4661a7a468d1b40bc55b1dde1416b8485d7d39/axaliformla/index.m3u8
2026-08-25 15:46:28,820 [INFO] Scraping o2...
2026-08-25 15:46:32,086 [INFO]  -> Success: https://live5.mar.tv/0547b07a945040e481a92cbade4661a7a468d1b40bc55b1dde1416b8485d7d39/40/index.m3u8
2026-08-25 15:46:32,116 [INFO] Scraping guria...
2026-08-25 15:46:35,383 [INFO]  -> Success: https://live5.mar.tv/0547b07a945040e481a92cbade4661a7a468d1b40bc55b1dde1416b8485d7d39/42/index.m3u8
2026-08-25 15:46:35,407 [INFO] Scraping imervizia...
2026-08-25 15:46:38,671 [INFO]  -> Success: https://live6.mar.tv/0547b07a945040e481a92cbade4661a7a468d1b40bc55b1dde1416b8485d7d39/imervizia/index.m3u8
2026-08-25 15:46:38,696 [INFO] Scraping diatv...
2026-08-25 15:46:41,966 [INFO]  -> Success: https://live4.mar.tv/0547b07a945040e481a92cbade4661a7a468d1b40bc55b1dde1416b8485d7d39/dia/index.m3u8
2026-08-25 15:46:41,996 [INFO] Scraping chveniarxi...
2026-08-25 15:46:45,263 [INFO]  -> Success: https://live3.mar.tv/0547b07a945040e481a92cbade4661a7a468d1b40bc55b1dde1416b8485d7d39/45rd/index.m3u8
2026-08-25 15:46:45,290 [INFO] Scraping batumitv...
2026-08-25 15:46:48,555 [INFO]  -> Success: https://live5.mar.tv/0547b07a945040e481a92cbade4661a7a468d1b40bc55b1dde1416b8485d7d39/46/index.m3u8
2026-08-25 15:46:48,578 [INFO] Scraping rcheuli...
2026-08-25 15:46:51,843 [INFO]  -> Success: https://live5.mar.tv/0547b07a945040e481a92cbade4661a7a468d1b40bc55b1dde1416b8485d7d39/47/index.m3u8
2026-08-25 15:46:51,871 [INFO] Scraping gurjaani...
2026-08-25 15:46:55,148 [INFO]  -> Success: https://live4.mar.tv/0547b07a945040e481a92cbade4661a7a468d1b40bc55b1dde1416b8485d7d39/48m/index.m3u8
2026-08-25 15:46:55,173 [INFO] Scraping molitv...
2026-08-25 15:46:58,440 [INFO]  -> Success: https://live6.mar.tv/0547b07a945040e481a92cbade4661a7a468d1b40bc55b1dde1416b8485d7d39/mollltv/index.m3u8
2026-08-25 15:46:58,477 [INFO] Scraping mexute...
2026-08-25 15:47:01,742 [INFO]  -> Success: https://live6.mar.tv/0547b07a945040e481a92cbade4661a7a468d1b40bc55b1dde1416b8485d7d39/50/index.m3u8
2026-08-25 15:47:01,768 [INFO] Scraping agrogaremo...
2026-08-25 15:47:05,036 [INFO]  -> Success: https://live6.mar.tv/0547b07a945040e481a92cbade4661a7a468d1b40bc55b1dde1416b8485d7d39/agrogaremo/index.m3u8
2026-08-25 15:47:05,060 [INFO] Scraping artv...
2026-08-25 15:47:08,329 [INFO]  -> Success: https://live6.mar.tv/0547b07a945040e481a92cbade4661a7a468d1b40bc55b1dde1416b8485d7d39/tafutv/index.m3u8
2026-08-25 15:47:08,352 [INFO] Scraping meteo24...
2026-08-25 15:47:11,623 [INFO]  -> Success: https://live5.mar.tv/0547b07a945040e481a92cbade4661a7a468d1b40bc55b1dde1416b8485d7d39/56/index.m3u8
2026-08-25 15:47:11,649 [INFO] Scraping georgiantimes...
2026-08-25 15:47:14,935 [INFO]  -> Success: https://live5.mar.tv/0547b07a945040e481a92cbade4661a7a468d1b40bc55b1dde1416b8485d7d39/57/index.m3u8
2026-08-25 15:47:14,960 [INFO] Scraping silkuniversal...
2026-08-25 15:47:18,227 [INFO]  -> Success: https://live2.mar.tv/0547b07a945040e481a92cbade4661a7a468d1b40bc55b1dde1416b8485d7d39/1arxiweb/index.m3u8
2026-08-25 15:47:18,257 [INFO] Scraping rugbytv...
2026-08-25 15:47:21,525 [INFO]  -> Success: https://live4.mar.tv/0547b07a945040e481a92cbade4661a7a468d1b40bc55b1dde1416b8485d7d39/160m/index.m3u8
2026-08-25 15:47:21,551 [INFO] Scraping gms...
2026-08-25 15:47:24,818 [INFO]  -> Success: https://live5.mar.tv/0547b07a945040e481a92cbade4661a7a468d1b40bc55b1dde1416b8485d7d39/161/index.m3u8
2026-08-25 15:47:24,844 [INFO] Scraping aiatv...
2026-08-25 15:47:28,114 [INFO]  -> Success: https://live6.mar.tv/0547b07a945040e481a92cbade4661a7a468d1b40bc55b1dde1416b8485d7d39/aia/index.m3u8
2026-08-25 15:47:28,141 [INFO] Scraping batumi2...
2026-08-25 15:47:31,411 [INFO]  -> Success: https://live6.mar.tv/0547b07a945040e481a92cbade4661a7a468d1b40bc55b1dde1416b8485d7d39/batumitv2/index.m3u8
2026-08-25 15:47:31,439 [INFO] Scraping altinfo...
2026-08-25 15:47:34,709 [INFO]  -> Success: https://live6.mar.tv/0547b07a945040e481a92cbade4661a7a468d1b40bc55b1dde1416b8485d7d39/altinfo/index.m3u8
2026-08-25 15:47:34,733 [INFO] Scraping parliament...
2026-08-25 15:47:38,002 [INFO]  -> Success: https://live6.mar.tv/0547b07a945040e481a92cbade4661a7a468d1b40bc55b1dde1416b8485d7d39/parlament/index.m3u8
2026-08-25 15:47:38,028 [INFO] Scraping egrisi...
2026-08-25 15:47:41,294 [INFO]  -> Success: https://live6.mar.tv/0547b07a945040e481a92cbade4661a7a468d1b40bc55b1dde1416b8485d7d39/egrisi/index.m3u8
2026-08-25 15:47:41,324 [INFO] Scraping mzetv...
2026-08-25 15:47:44,591 [INFO]  -> Success: https://live6.mar.tv/0547b07a945040e481a92cbade4661a7a468d1b40bc55b1dde1416b8485d7d39/mze/index.m3u8
2026-08-25 15:47:44,631 [WARNING] Failed to find tvg-id="rustavi2" in georgia_channels.m3u
2026-08-25 15:47:44,631 [WARNING] Failed to find tvg-id="maestro" in georgia_channels.m3u
2026-08-25 15:47:44,631 [WARNING] Failed to find tvg-id="marao" in georgia_channels.m3u
2026-08-25 15:47:44,631 [WARNING] Failed to find tvg-id="gds" in georgia_channels.m3u
2026-08-25 15:47:44,631 [WARNING] Failed to find tvg-id="comedy" in georgia_channels.m3u
2026-08-25 15:47:44,631 [WARNING] Failed to find tvg-id="bbb" in georgia_channels.m3u
2026-08-25 15:47:44,631 [WARNING] Failed to find tvg-id="enkibenki" in georgia_channels.m3u
2026-08-25 15:47:44,632 [WARNING] Failed to find tvg-id="adjaratv" in georgia_channels.m3u
2026-08-25 15:47:44,632 [WARNING] Failed to find tvg-id="rionitv" in georgia_channels.m3u
2026-08-25 15:47:44,632 [WARNING] Failed to find tvg-id="tv25" in georgia_channels.m3u
2026-08-25 15:47:44,632 [WARNING] Failed to find tvg-id="tv4rustavi" in georgia_channels.m3u
2026-08-25 15:47:44,632 [WARNING] Failed to find tvg-id="trialeti" in georgia_channels.m3u
2026-08-25 15:47:44,632 [WARNING] Failed to find tvg-id="dardimandi" in georgia_channels.m3u
2026-08-25 15:47:44,632 [WARNING] Failed to find tvg-id="agro" in georgia_channels.m3u
2026-08-25 15:47:44,632 [WARNING] Failed to find tvg-id="samefo" in georgia_channels.m3u
2026-08-25 15:47:44,632 [WARNING] Failed to find tvg-id="postv" in georgia_channels.m3u
2026-08-25 15:47:44,632 [WARNING] Failed to find tvg-id="megatv" in georgia_channels.m3u
2026-08-25 15:47:44,632 [WARNING] Failed to find tvg-id="qartuliarxi" in georgia_channels.m3u
2026-08-25 15:47:44,632 [WARNING] Failed to find tvg-id="musicbox" in georgia_channels.m3u
2026-08-25 15:47:44,633 [WARNING] Failed to find tvg-id="marneuli" in georgia_channels.m3u
2026-08-25 15:47:44,634 [WARNING] Failed to find tvg-id="axaliformula" in georgia_channels.m3u
2026-08-25 15:47:44,634 [WARNING] Failed to find tvg-id="o2" in georgia_channels.m3u
2026-08-25 15:47:44,634 [WARNING] Failed to find tvg-id="guria" in georgia_channels.m3u
2026-08-25 15:47:44,634 [WARNING] Failed to find tvg-id="imervizia" in georgia_channels.m3u
2026-08-25 15:47:44,634 [WARNING] Failed to find tvg-id="diatv" in georgia_channels.m3u
2026-08-25 15:47:44,634 [WARNING] Failed to find tvg-id="chveniarxi" in georgia_channels.m3u
2026-08-25 15:47:44,634 [WARNING] Failed to find tvg-id="batumitv" in georgia_channels.m3u
2026-08-25 15:47:44,634 [WARNING] Failed to find tvg-id="rcheuli" in georgia_channels.m3u
2026-08-25 15:47:44,634 [WARNING] Failed to find tvg-id="gurjaani" in georgia_channels.m3u
2026-08-25 15:47:44,634 [WARNING] Failed to find tvg-id="molitv" in georgia_channels.m3u
2026-08-25 15:47:44,635 [WARNING] Failed to find tvg-id="mexute" in georgia_channels.m3u
2026-08-25 15:47:44,635 [WARNING] Failed to find tvg-id="agrogaremo" in georgia_channels.m3u
2026-08-25 15:47:44,635 [WARNING] Failed to find tvg-id="artv" in georgia_channels.m3u
2026-08-25 15:47:44,635 [WARNING] Failed to find tvg-id="meteo24" in georgia_channels.m3u
2026-08-25 15:47:44,635 [WARNING] Failed to find tvg-id="georgiantimes" in georgia_channels.m3u
2026-08-25 15:47:44,635 [WARNING] Failed to find tvg-id="silkuniversal" in georgia_channels.m3u
2026-08-25 15:47:44,635 [WARNING] Failed to find tvg-id="rugbytv" in georgia_channels.m3u
2026-08-25 15:47:44,635 [WARNING] Failed to find tvg-id="gms" in georgia_channels.m3u
2026-08-25 15:47:44,635 [WARNING] Failed to find tvg-id="aiatv" in georgia_channels.m3u
2026-08-25 15:47:44,636 [WARNING] Failed to find tvg-id="batumi2" in georgia_channels.m3u
2026-08-25 15:47:44,636 [WARNING] Failed to find tvg-id="altinfo" in georgia_channels.m3u
2026-08-25 15:47:44,636 [WARNING] Failed to find tvg-id="parliament" in georgia_channels.m3u
2026-08-25 15:47:44,636 [WARNING] Failed to find tvg-id="egrisi" in georgia_channels.m3u
2026-08-25 15:47:44,636 [WARNING] Failed to find tvg-id="mzetv" in georgia_channels.m3u
2026-08-25 15:47:44,636 [INFO] No file changes were made.
2026-08-25 15:47:44,636 [INFO] === UPDATE EXECUTION FINISHED ===
