2026-08-26 13:59:04,361 [INFO] === UPDATE EXECUTION STARTED ===
2026-08-26 13:59:04,361 [INFO] Fetching Setanta Sports 3 from IPTV-ORG...
2026-08-26 13:59:04,489 [INFO] Launching batch scraper for 44 channels on tv.mar.tv...
2026-08-26 13:59:05,100 [INFO] Scraping rustavi2...
2026-08-26 13:59:10,177 [INFO]  -> Success: https://live8.mar.tv/1/4rd/index.m3u8
2026-08-26 13:59:10,211 [INFO] Scraping maestro...
2026-08-26 13:59:13,513 [INFO]  -> Success: https://live4.mar.tv/e9bd9ff82e8c5b708b270409638574d073c9ed2c8a3bf71c70544182c726b121/352m/index.m3u8
2026-08-26 13:59:13,549 [INFO] Scraping marao...
2026-08-26 13:59:16,851 [INFO]  -> Success: https://live2.mar.tv/e9bd9ff82e8c5b708b270409638574d073c9ed2c8a3bf71c70544182c726b121/12sd/index.m3u8
2026-08-26 13:59:16,887 [INFO] Scraping gds...
2026-08-26 13:59:20,188 [INFO]  -> Success: https://live1.mar.tv/e9bd9ff82e8c5b708b270409638574d073c9ed2c8a3bf71c70544182c726b121/13sd/index.m3u8
2026-08-26 13:59:20,224 [INFO] Scraping comedy...
2026-08-26 13:59:23,522 [INFO]  -> Success: https://live4.mar.tv/e9bd9ff82e8c5b708b270409638574d073c9ed2c8a3bf71c70544182c726b121/14rd/index.m3u8
2026-08-26 13:59:23,557 [INFO] Scraping bbb...
2026-08-26 13:59:26,858 [INFO]  -> Success: https://live2.mar.tv/e9bd9ff82e8c5b708b270409638574d073c9ed2c8a3bf71c70544182c726b121/16sd/index.m3u8
2026-08-26 13:59:26,895 [INFO] Scraping enkibenki...
2026-08-26 13:59:30,194 [INFO]  -> Success: https://live2.mar.tv/e9bd9ff82e8c5b708b270409638574d073c9ed2c8a3bf71c70544182c726b121/17e/index.m3u8
2026-08-26 13:59:30,231 [INFO] Scraping adjaratv...
2026-08-26 13:59:33,531 [INFO]  -> Success: https://live2.mar.tv/e9bd9ff82e8c5b708b270409638574d073c9ed2c8a3bf71c70544182c726b121/19rd/index.m3u8
2026-08-26 13:59:33,565 [INFO] Scraping rionitv...
2026-08-26 13:59:36,864 [INFO]  -> Success: https://live6.mar.tv/e9bd9ff82e8c5b708b270409638574d073c9ed2c8a3bf71c70544182c726b121/20rionn/index.m3u8
2026-08-26 13:59:36,899 [INFO] Scraping tv25...
2026-08-26 13:59:40,202 [INFO]  -> Success: https://live6.mar.tv/e9bd9ff82e8c5b708b270409638574d073c9ed2c8a3bf71c70544182c726b121/23tv25/index.m3u8
2026-08-26 13:59:40,237 [INFO] Scraping tv4rustavi...
2026-08-26 13:59:43,541 [INFO]  -> Success: https://live6.mar.tv/e9bd9ff82e8c5b708b270409638574d073c9ed2c8a3bf71c70544182c726b121/24tw4/index.m3u8
2026-08-26 13:59:43,573 [INFO] Scraping trialeti...
2026-08-26 13:59:46,878 [INFO]  -> Success: https://live6.mar.tv/e9bd9ff82e8c5b708b270409638574d073c9ed2c8a3bf71c70544182c726b121/trialleti/index.m3u8
2026-08-26 13:59:46,912 [INFO] Scraping dardimandi...
2026-08-26 13:59:50,222 [INFO]  -> Success: https://live5.mar.tv/e9bd9ff82e8c5b708b270409638574d073c9ed2c8a3bf71c70544182c726b121/27/index.m3u8
2026-08-26 13:59:50,258 [INFO] Scraping agro...
2026-08-26 13:59:53,560 [INFO]  -> Success: https://live5.mar.tv/e9bd9ff82e8c5b708b270409638574d073c9ed2c8a3bf71c70544182c726b121/28/index.m3u8
2026-08-26 13:59:53,595 [INFO] Scraping samefo...
2026-08-26 13:59:56,899 [INFO]  -> Success: https://live5.mar.tv/e9bd9ff82e8c5b708b270409638574d073c9ed2c8a3bf71c70544182c726b121/29/index.m3u8
2026-08-26 13:59:56,933 [INFO] Scraping postv...
2026-08-26 14:00:00,231 [INFO]  -> Success: https://live6.mar.tv/e9bd9ff82e8c5b708b270409638574d073c9ed2c8a3bf71c70544182c726b121/postvw/index.m3u8
2026-08-26 14:00:00,267 [INFO] Scraping megatv...
2026-08-26 14:00:03,570 [INFO]  -> Success: https://live4.mar.tv/e9bd9ff82e8c5b708b270409638574d073c9ed2c8a3bf71c70544182c726b121/32st/index.m3u8
2026-08-26 14:00:03,603 [INFO] Scraping qartuliarxi...
2026-08-26 14:00:06,902 [INFO]  -> Success: https://live6.mar.tv/e9bd9ff82e8c5b708b270409638574d073c9ed2c8a3bf71c70544182c726b121/qartuli/index.m3u8
2026-08-26 14:00:06,935 [INFO] Scraping musicbox...
2026-08-26 14:00:10,233 [INFO]  -> Success: https://live6.mar.tv/afe6cc2fa771ab8f0293962039d119da5275ec0b9c8902c054d572393677e77d/34musge/index.m3u8
2026-08-26 14:00:10,266 [INFO] Scraping marneuli...
2026-08-26 14:00:13,560 [INFO]  -> Success: https://live6.mar.tv/e9bd9ff82e8c5b708b270409638574d073c9ed2c8a3bf71c70544182c726b121/37marn/index.m3u8
2026-08-26 14:00:13,595 [INFO] Scraping axaliformula...
2026-08-26 14:00:16,892 [INFO]  -> Success: https://live6.mar.tv/e9bd9ff82e8c5b708b270409638574d073c9ed2c8a3bf71c70544182c726b121/axaliformla/index.m3u8
2026-08-26 14:00:16,926 [INFO] Scraping o2...
2026-08-26 14:00:20,222 [INFO]  -> Success: https://live5.mar.tv/afe6cc2fa771ab8f0293962039d119da5275ec0b9c8902c054d572393677e77d/40/index.m3u8
2026-08-26 14:00:20,256 [INFO] Scraping guria...
2026-08-26 14:00:23,554 [INFO]  -> Success: https://live5.mar.tv/e9bd9ff82e8c5b708b270409638574d073c9ed2c8a3bf71c70544182c726b121/42/index.m3u8
2026-08-26 14:00:23,586 [INFO] Scraping imervizia...
2026-08-26 14:00:26,884 [INFO]  -> Success: https://live6.mar.tv/e9bd9ff82e8c5b708b270409638574d073c9ed2c8a3bf71c70544182c726b121/imervizia/index.m3u8
2026-08-26 14:00:26,916 [INFO] Scraping diatv...
2026-08-26 14:00:30,214 [INFO]  -> Success: https://live4.mar.tv/e9bd9ff82e8c5b708b270409638574d073c9ed2c8a3bf71c70544182c726b121/dia/index.m3u8
2026-08-26 14:00:30,249 [INFO] Scraping chveniarxi...
2026-08-26 14:00:33,550 [INFO]  -> Success: https://live3.mar.tv/e9bd9ff82e8c5b708b270409638574d073c9ed2c8a3bf71c70544182c726b121/45rd/index.m3u8
2026-08-26 14:00:33,581 [INFO] Scraping batumitv...
2026-08-26 14:00:36,881 [INFO]  -> Success: https://live5.mar.tv/afe6cc2fa771ab8f0293962039d119da5275ec0b9c8902c054d572393677e77d/46/index.m3u8
2026-08-26 14:00:36,917 [INFO] Scraping rcheuli...
2026-08-26 14:00:40,216 [INFO]  -> Success: https://live5.mar.tv/e9bd9ff82e8c5b708b270409638574d073c9ed2c8a3bf71c70544182c726b121/47/index.m3u8
2026-08-26 14:00:40,249 [INFO] Scraping gurjaani...
2026-08-26 14:00:43,548 [INFO]  -> Success: https://live4.mar.tv/e9bd9ff82e8c5b708b270409638574d073c9ed2c8a3bf71c70544182c726b121/48m/index.m3u8
2026-08-26 14:00:43,583 [INFO] Scraping molitv...
2026-08-26 14:00:46,882 [INFO]  -> Success: https://live6.mar.tv/e9bd9ff82e8c5b708b270409638574d073c9ed2c8a3bf71c70544182c726b121/mollltv/index.m3u8
2026-08-26 14:00:46,914 [INFO] Scraping mexute...
2026-08-26 14:00:50,216 [INFO]  -> Success: https://live6.mar.tv/e9bd9ff82e8c5b708b270409638574d073c9ed2c8a3bf71c70544182c726b121/50/index.m3u8
2026-08-26 14:00:50,247 [INFO] Scraping agrogaremo...
2026-08-26 14:00:53,547 [INFO]  -> Success: https://live6.mar.tv/afe6cc2fa771ab8f0293962039d119da5275ec0b9c8902c054d572393677e77d/agrogaremo/index.m3u8
2026-08-26 14:00:53,580 [INFO] Scraping artv...
2026-08-26 14:00:56,877 [INFO]  -> Success: https://live6.mar.tv/e9bd9ff82e8c5b708b270409638574d073c9ed2c8a3bf71c70544182c726b121/tafutv/index.m3u8
2026-08-26 14:00:56,911 [INFO] Scraping meteo24...
2026-08-26 14:01:00,212 [INFO]  -> Success: https://live5.mar.tv/e9bd9ff82e8c5b708b270409638574d073c9ed2c8a3bf71c70544182c726b121/56/index.m3u8
2026-08-26 14:01:00,248 [INFO] Scraping georgiantimes...
2026-08-26 14:01:03,574 [INFO]  -> Success: https://live5.mar.tv/e9bd9ff82e8c5b708b270409638574d073c9ed2c8a3bf71c70544182c726b121/57/index.m3u8
2026-08-26 14:01:03,607 [INFO] Scraping silkuniversal...
2026-08-26 14:01:06,901 [INFO]  -> Success: https://live2.mar.tv/afe6cc2fa771ab8f0293962039d119da5275ec0b9c8902c054d572393677e77d/1arxiweb/index.m3u8
2026-08-26 14:01:06,935 [INFO] Scraping rugbytv...
2026-08-26 14:01:10,236 [INFO]  -> Success: https://live4.mar.tv/e9bd9ff82e8c5b708b270409638574d073c9ed2c8a3bf71c70544182c726b121/160m/index.m3u8
2026-08-26 14:01:10,270 [INFO] Scraping gms...
2026-08-26 14:01:13,570 [INFO]  -> Success: https://live5.mar.tv/e9bd9ff82e8c5b708b270409638574d073c9ed2c8a3bf71c70544182c726b121/161/index.m3u8
2026-08-26 14:01:13,604 [INFO] Scraping aiatv...
2026-08-26 14:01:16,907 [INFO]  -> Success: https://live6.mar.tv/e9bd9ff82e8c5b708b270409638574d073c9ed2c8a3bf71c70544182c726b121/aia/index.m3u8
2026-08-26 14:01:16,940 [INFO] Scraping batumi2...
2026-08-26 14:01:20,239 [INFO]  -> Success: https://live6.mar.tv/e9bd9ff82e8c5b708b270409638574d073c9ed2c8a3bf71c70544182c726b121/batumitv2/index.m3u8
2026-08-26 14:01:20,273 [INFO] Scraping altinfo...
2026-08-26 14:01:23,567 [INFO]  -> Success: https://live6.mar.tv/afe6cc2fa771ab8f0293962039d119da5275ec0b9c8902c054d572393677e77d/altinfo/index.m3u8
2026-08-26 14:01:23,599 [INFO] Scraping parliament...
2026-08-26 14:01:26,903 [INFO]  -> Success: https://live6.mar.tv/afe6cc2fa771ab8f0293962039d119da5275ec0b9c8902c054d572393677e77d/parlament/index.m3u8
2026-08-26 14:01:26,933 [INFO] Scraping egrisi...
2026-08-26 14:01:30,231 [INFO]  -> Success: https://live6.mar.tv/afe6cc2fa771ab8f0293962039d119da5275ec0b9c8902c054d572393677e77d/egrisi/index.m3u8
2026-08-26 14:01:30,263 [INFO] Scraping mzetv...
2026-08-26 14:01:33,562 [INFO]  -> Success: https://live6.mar.tv/e9bd9ff82e8c5b708b270409638574d073c9ed2c8a3bf71c70544182c726b121/mze/index.m3u8
2026-08-26 14:01:33,613 [WARNING] Failed to find tvg-id="rustavi2" in georgia_channels.m3u
2026-08-26 14:01:33,614 [WARNING] Failed to find tvg-id="maestro" in georgia_channels.m3u
2026-08-26 14:01:33,614 [WARNING] Failed to find tvg-id="marao" in georgia_channels.m3u
2026-08-26 14:01:33,614 [WARNING] Failed to find tvg-id="gds" in georgia_channels.m3u
2026-08-26 14:01:33,614 [WARNING] Failed to find tvg-id="comedy" in georgia_channels.m3u
2026-08-26 14:01:33,615 [WARNING] Failed to find tvg-id="bbb" in georgia_channels.m3u
2026-08-26 14:01:33,615 [WARNING] Failed to find tvg-id="enkibenki" in georgia_channels.m3u
2026-08-26 14:01:33,615 [WARNING] Failed to find tvg-id="adjaratv" in georgia_channels.m3u
2026-08-26 14:01:33,615 [WARNING] Failed to find tvg-id="rionitv" in georgia_channels.m3u
2026-08-26 14:01:33,616 [WARNING] Failed to find tvg-id="tv25" in georgia_channels.m3u
2026-08-26 14:01:33,616 [WARNING] Failed to find tvg-id="tv4rustavi" in georgia_channels.m3u
2026-08-26 14:01:33,616 [WARNING] Failed to find tvg-id="trialeti" in georgia_channels.m3u
2026-08-26 14:01:33,616 [WARNING] Failed to find tvg-id="dardimandi" in georgia_channels.m3u
2026-08-26 14:01:33,616 [WARNING] Failed to find tvg-id="agro" in georgia_channels.m3u
2026-08-26 14:01:33,617 [WARNING] Failed to find tvg-id="samefo" in georgia_channels.m3u
2026-08-26 14:01:33,617 [WARNING] Failed to find tvg-id="postv" in georgia_channels.m3u
2026-08-26 14:01:33,617 [WARNING] Failed to find tvg-id="megatv" in georgia_channels.m3u
2026-08-26 14:01:33,617 [WARNING] Failed to find tvg-id="qartuliarxi" in georgia_channels.m3u
2026-08-26 14:01:33,617 [WARNING] Failed to find tvg-id="musicbox" in georgia_channels.m3u
2026-08-26 14:01:33,618 [WARNING] Failed to find tvg-id="marneuli" in georgia_channels.m3u
2026-08-26 14:01:33,618 [WARNING] Failed to find tvg-id="axaliformula" in georgia_channels.m3u
2026-08-26 14:01:33,618 [WARNING] Failed to find tvg-id="o2" in georgia_channels.m3u
2026-08-26 14:01:33,618 [WARNING] Failed to find tvg-id="guria" in georgia_channels.m3u
2026-08-26 14:01:33,618 [WARNING] Failed to find tvg-id="imervizia" in georgia_channels.m3u
2026-08-26 14:01:33,619 [WARNING] Failed to find tvg-id="diatv" in georgia_channels.m3u
2026-08-26 14:01:33,619 [WARNING] Failed to find tvg-id="chveniarxi" in georgia_channels.m3u
2026-08-26 14:01:33,619 [WARNING] Failed to find tvg-id="batumitv" in georgia_channels.m3u
2026-08-26 14:01:33,619 [WARNING] Failed to find tvg-id="rcheuli" in georgia_channels.m3u
2026-08-26 14:01:33,619 [WARNING] Failed to find tvg-id="gurjaani" in georgia_channels.m3u
2026-08-26 14:01:33,620 [WARNING] Failed to find tvg-id="molitv" in georgia_channels.m3u
2026-08-26 14:01:33,620 [WARNING] Failed to find tvg-id="mexute" in georgia_channels.m3u
2026-08-26 14:01:33,620 [WARNING] Failed to find tvg-id="agrogaremo" in georgia_channels.m3u
2026-08-26 14:01:33,620 [WARNING] Failed to find tvg-id="artv" in georgia_channels.m3u
2026-08-26 14:01:33,620 [WARNING] Failed to find tvg-id="meteo24" in georgia_channels.m3u
2026-08-26 14:01:33,621 [WARNING] Failed to find tvg-id="georgiantimes" in georgia_channels.m3u
2026-08-26 14:01:33,621 [WARNING] Failed to find tvg-id="silkuniversal" in georgia_channels.m3u
2026-08-26 14:01:33,621 [WARNING] Failed to find tvg-id="rugbytv" in georgia_channels.m3u
2026-08-26 14:01:33,621 [WARNING] Failed to find tvg-id="gms" in georgia_channels.m3u
2026-08-26 14:01:33,621 [WARNING] Failed to find tvg-id="aiatv" in georgia_channels.m3u
2026-08-26 14:01:33,621 [WARNING] Failed to find tvg-id="batumi2" in georgia_channels.m3u
2026-08-26 14:01:33,622 [WARNING] Failed to find tvg-id="altinfo" in georgia_channels.m3u
2026-08-26 14:01:33,622 [WARNING] Failed to find tvg-id="parliament" in georgia_channels.m3u
2026-08-26 14:01:33,622 [WARNING] Failed to find tvg-id="egrisi" in georgia_channels.m3u
2026-08-26 14:01:33,622 [WARNING] Failed to find tvg-id="mzetv" in georgia_channels.m3u
2026-08-26 14:01:33,622 [INFO] No file changes were made.
2026-08-26 14:01:33,622 [INFO] === UPDATE EXECUTION FINISHED ===
