2026-08-24 20:33:32,173 [INFO] === UPDATE EXECUTION STARTED ===
2026-08-24 20:33:32,173 [INFO] Fetching Setanta Sports 3 from IPTV-ORG...
2026-08-24 20:33:32,327 [INFO] Launching batch scraper for 44 channels on tv.mar.tv...
2026-08-24 20:33:32,900 [INFO] Scraping rustavi2...
2026-08-24 20:33:38,570 [INFO]  -> Success: https://live8.mar.tv/1/4rd/index.m3u8
2026-08-24 20:33:38,602 [INFO] Scraping maestro...
2026-08-24 20:33:41,937 [INFO]  -> Success: https://live4.mar.tv/612ce4a9e2f22cba5b4e021bb1f216859d59af5a0688252a115dd9e173fb8cd5/352m/index.m3u8
2026-08-24 20:33:41,967 [INFO] Scraping marao...
2026-08-24 20:33:45,303 [INFO]  -> Success: https://live2.mar.tv/612ce4a9e2f22cba5b4e021bb1f216859d59af5a0688252a115dd9e173fb8cd5/12sd/index.m3u8
2026-08-24 20:33:45,336 [INFO] Scraping gds...
2026-08-24 20:33:48,668 [INFO]  -> Success: https://live1.mar.tv/612ce4a9e2f22cba5b4e021bb1f216859d59af5a0688252a115dd9e173fb8cd5/13sd/index.m3u8
2026-08-24 20:33:48,700 [INFO] Scraping comedy...
2026-08-24 20:33:52,036 [INFO]  -> Success: https://live4.mar.tv/612ce4a9e2f22cba5b4e021bb1f216859d59af5a0688252a115dd9e173fb8cd5/14rd/index.m3u8
2026-08-24 20:33:52,066 [INFO] Scraping bbb...
2026-08-24 20:33:55,397 [INFO]  -> Success: https://live2.mar.tv/612ce4a9e2f22cba5b4e021bb1f216859d59af5a0688252a115dd9e173fb8cd5/16sd/index.m3u8
2026-08-24 20:33:55,429 [INFO] Scraping enkibenki...
2026-08-24 20:33:58,763 [INFO]  -> Success: https://live2.mar.tv/612ce4a9e2f22cba5b4e021bb1f216859d59af5a0688252a115dd9e173fb8cd5/17e/index.m3u8
2026-08-24 20:33:58,797 [INFO] Scraping adjaratv...
2026-08-24 20:34:02,132 [INFO]  -> Success: https://live2.mar.tv/612ce4a9e2f22cba5b4e021bb1f216859d59af5a0688252a115dd9e173fb8cd5/19rd/index.m3u8
2026-08-24 20:34:02,165 [INFO] Scraping rionitv...
2026-08-24 20:34:05,499 [INFO]  -> Success: https://live6.mar.tv/612ce4a9e2f22cba5b4e021bb1f216859d59af5a0688252a115dd9e173fb8cd5/20rionn/index.m3u8
2026-08-24 20:34:05,531 [INFO] Scraping tv25...
2026-08-24 20:34:08,865 [INFO]  -> Success: https://live6.mar.tv/612ce4a9e2f22cba5b4e021bb1f216859d59af5a0688252a115dd9e173fb8cd5/23tv25/index.m3u8
2026-08-24 20:34:08,900 [INFO] Scraping tv4rustavi...
2026-08-24 20:34:12,237 [INFO]  -> Success: https://live6.mar.tv/612ce4a9e2f22cba5b4e021bb1f216859d59af5a0688252a115dd9e173fb8cd5/24tw4/index.m3u8
2026-08-24 20:34:12,270 [INFO] Scraping trialeti...
2026-08-24 20:34:15,602 [INFO]  -> Success: https://live6.mar.tv/612ce4a9e2f22cba5b4e021bb1f216859d59af5a0688252a115dd9e173fb8cd5/trialleti/index.m3u8
2026-08-24 20:34:15,634 [INFO] Scraping dardimandi...
2026-08-24 20:34:18,966 [INFO]  -> Success: https://live5.mar.tv/612ce4a9e2f22cba5b4e021bb1f216859d59af5a0688252a115dd9e173fb8cd5/27/index.m3u8
2026-08-24 20:34:18,996 [INFO] Scraping agro...
2026-08-24 20:34:22,328 [INFO]  -> Success: https://live5.mar.tv/612ce4a9e2f22cba5b4e021bb1f216859d59af5a0688252a115dd9e173fb8cd5/28/index.m3u8
2026-08-24 20:34:22,362 [INFO] Scraping samefo...
2026-08-24 20:34:25,696 [INFO]  -> Success: https://live5.mar.tv/612ce4a9e2f22cba5b4e021bb1f216859d59af5a0688252a115dd9e173fb8cd5/29/index.m3u8
2026-08-24 20:34:25,728 [INFO] Scraping postv...
2026-08-24 20:34:29,063 [INFO]  -> Success: https://live6.mar.tv/612ce4a9e2f22cba5b4e021bb1f216859d59af5a0688252a115dd9e173fb8cd5/postvw/index.m3u8
2026-08-24 20:34:29,098 [INFO] Scraping megatv...
2026-08-24 20:34:32,433 [INFO]  -> Success: https://live4.mar.tv/612ce4a9e2f22cba5b4e021bb1f216859d59af5a0688252a115dd9e173fb8cd5/32st/index.m3u8
2026-08-24 20:34:32,464 [INFO] Scraping qartuliarxi...
2026-08-24 20:34:35,799 [INFO]  -> Success: https://live6.mar.tv/612ce4a9e2f22cba5b4e021bb1f216859d59af5a0688252a115dd9e173fb8cd5/qartuli/index.m3u8
2026-08-24 20:34:35,831 [INFO] Scraping musicbox...
2026-08-24 20:34:39,165 [INFO]  -> Success: https://live6.mar.tv/612ce4a9e2f22cba5b4e021bb1f216859d59af5a0688252a115dd9e173fb8cd5/34musge/index.m3u8
2026-08-24 20:34:39,199 [INFO] Scraping marneuli...
2026-08-24 20:34:42,533 [INFO]  -> Success: https://live6.mar.tv/612ce4a9e2f22cba5b4e021bb1f216859d59af5a0688252a115dd9e173fb8cd5/37marn/index.m3u8
2026-08-24 20:34:42,565 [INFO] Scraping axaliformula...
2026-08-24 20:34:45,895 [INFO]  -> Success: https://live6.mar.tv/612ce4a9e2f22cba5b4e021bb1f216859d59af5a0688252a115dd9e173fb8cd5/axaliformla/index.m3u8
2026-08-24 20:34:45,927 [INFO] Scraping o2...
2026-08-24 20:34:49,262 [INFO]  -> Success: https://live5.mar.tv/612ce4a9e2f22cba5b4e021bb1f216859d59af5a0688252a115dd9e173fb8cd5/40/index.m3u8
2026-08-24 20:34:49,293 [INFO] Scraping guria...
2026-08-24 20:34:52,625 [INFO]  -> Success: https://live5.mar.tv/612ce4a9e2f22cba5b4e021bb1f216859d59af5a0688252a115dd9e173fb8cd5/42/index.m3u8
2026-08-24 20:34:52,656 [INFO] Scraping imervizia...
2026-08-24 20:34:55,987 [INFO]  -> Success: https://live6.mar.tv/612ce4a9e2f22cba5b4e021bb1f216859d59af5a0688252a115dd9e173fb8cd5/imervizia/index.m3u8
2026-08-24 20:34:56,023 [INFO] Scraping diatv...
2026-08-24 20:34:59,355 [INFO]  -> Success: https://live4.mar.tv/612ce4a9e2f22cba5b4e021bb1f216859d59af5a0688252a115dd9e173fb8cd5/dia/index.m3u8
2026-08-24 20:34:59,388 [INFO] Scraping chveniarxi...
2026-08-24 20:35:02,722 [INFO]  -> Success: https://live3.mar.tv/612ce4a9e2f22cba5b4e021bb1f216859d59af5a0688252a115dd9e173fb8cd5/45rd/index.m3u8
2026-08-24 20:35:02,755 [INFO] Scraping batumitv...
2026-08-24 20:35:06,091 [INFO]  -> Success: https://live5.mar.tv/612ce4a9e2f22cba5b4e021bb1f216859d59af5a0688252a115dd9e173fb8cd5/46/index.m3u8
2026-08-24 20:35:06,126 [INFO] Scraping rcheuli...
2026-08-24 20:35:09,474 [INFO]  -> Success: https://live5.mar.tv/612ce4a9e2f22cba5b4e021bb1f216859d59af5a0688252a115dd9e173fb8cd5/47/index.m3u8
2026-08-24 20:35:09,506 [INFO] Scraping gurjaani...
2026-08-24 20:35:12,838 [INFO]  -> Success: https://live4.mar.tv/612ce4a9e2f22cba5b4e021bb1f216859d59af5a0688252a115dd9e173fb8cd5/48m/index.m3u8
2026-08-24 20:35:12,869 [INFO] Scraping molitv...
2026-08-24 20:35:16,204 [INFO]  -> Success: https://live6.mar.tv/612ce4a9e2f22cba5b4e021bb1f216859d59af5a0688252a115dd9e173fb8cd5/mollltv/index.m3u8
2026-08-24 20:35:16,238 [INFO] Scraping mexute...
2026-08-24 20:35:19,574 [INFO]  -> Success: https://live6.mar.tv/612ce4a9e2f22cba5b4e021bb1f216859d59af5a0688252a115dd9e173fb8cd5/50/index.m3u8
2026-08-24 20:35:19,608 [INFO] Scraping agrogaremo...
2026-08-24 20:35:22,941 [INFO]  -> Success: https://live6.mar.tv/612ce4a9e2f22cba5b4e021bb1f216859d59af5a0688252a115dd9e173fb8cd5/agrogaremo/index.m3u8
2026-08-24 20:35:22,975 [INFO] Scraping artv...
2026-08-24 20:35:26,310 [INFO]  -> Success: https://live6.mar.tv/612ce4a9e2f22cba5b4e021bb1f216859d59af5a0688252a115dd9e173fb8cd5/tafutv/index.m3u8
2026-08-24 20:35:26,344 [INFO] Scraping meteo24...
2026-08-24 20:35:29,678 [INFO]  -> Success: https://live5.mar.tv/612ce4a9e2f22cba5b4e021bb1f216859d59af5a0688252a115dd9e173fb8cd5/56/index.m3u8
2026-08-24 20:35:29,712 [INFO] Scraping georgiantimes...
2026-08-24 20:35:33,044 [INFO]  -> Success: https://live5.mar.tv/612ce4a9e2f22cba5b4e021bb1f216859d59af5a0688252a115dd9e173fb8cd5/57/index.m3u8
2026-08-24 20:35:33,078 [INFO] Scraping silkuniversal...
2026-08-24 20:35:36,429 [INFO]  -> Success: https://live2.mar.tv/612ce4a9e2f22cba5b4e021bb1f216859d59af5a0688252a115dd9e173fb8cd5/1arxiweb/index.m3u8
2026-08-24 20:35:36,461 [INFO] Scraping rugbytv...
2026-08-24 20:35:39,793 [INFO]  -> Success: https://live4.mar.tv/612ce4a9e2f22cba5b4e021bb1f216859d59af5a0688252a115dd9e173fb8cd5/160m/index.m3u8
2026-08-24 20:35:39,826 [INFO] Scraping gms...
2026-08-24 20:35:43,163 [INFO]  -> Success: https://live5.mar.tv/612ce4a9e2f22cba5b4e021bb1f216859d59af5a0688252a115dd9e173fb8cd5/161/index.m3u8
2026-08-24 20:35:43,200 [INFO] Scraping aiatv...
2026-08-24 20:35:46,542 [INFO]  -> Success: https://live6.mar.tv/612ce4a9e2f22cba5b4e021bb1f216859d59af5a0688252a115dd9e173fb8cd5/aia/index.m3u8
2026-08-24 20:35:46,575 [INFO] Scraping batumi2...
2026-08-24 20:35:49,907 [INFO]  -> Success: https://live6.mar.tv/612ce4a9e2f22cba5b4e021bb1f216859d59af5a0688252a115dd9e173fb8cd5/batumitv2/index.m3u8
2026-08-24 20:35:49,940 [INFO] Scraping altinfo...
2026-08-24 20:35:53,274 [INFO]  -> Success: https://live6.mar.tv/612ce4a9e2f22cba5b4e021bb1f216859d59af5a0688252a115dd9e173fb8cd5/altinfo/index.m3u8
2026-08-24 20:35:53,305 [INFO] Scraping parliament...
2026-08-24 20:35:56,643 [INFO]  -> Success: https://live6.mar.tv/612ce4a9e2f22cba5b4e021bb1f216859d59af5a0688252a115dd9e173fb8cd5/parlament/index.m3u8
2026-08-24 20:35:56,673 [INFO] Scraping egrisi...
2026-08-24 20:36:00,006 [INFO]  -> Success: https://live6.mar.tv/612ce4a9e2f22cba5b4e021bb1f216859d59af5a0688252a115dd9e173fb8cd5/egrisi/index.m3u8
2026-08-24 20:36:00,038 [INFO] Scraping mzetv...
2026-08-24 20:36:03,372 [INFO]  -> Success: https://live6.mar.tv/612ce4a9e2f22cba5b4e021bb1f216859d59af5a0688252a115dd9e173fb8cd5/mze/index.m3u8
2026-08-24 20:36:03,425 [WARNING] Failed to find tvg-id="rustavi2" in georgia_channels.m3u
2026-08-24 20:36:03,426 [WARNING] Failed to find tvg-id="maestro" in georgia_channels.m3u
2026-08-24 20:36:03,426 [WARNING] Failed to find tvg-id="marao" in georgia_channels.m3u
2026-08-24 20:36:03,426 [WARNING] Failed to find tvg-id="gds" in georgia_channels.m3u
2026-08-24 20:36:03,426 [WARNING] Failed to find tvg-id="comedy" in georgia_channels.m3u
2026-08-24 20:36:03,427 [WARNING] Failed to find tvg-id="bbb" in georgia_channels.m3u
2026-08-24 20:36:03,427 [WARNING] Failed to find tvg-id="enkibenki" in georgia_channels.m3u
2026-08-24 20:36:03,427 [WARNING] Failed to find tvg-id="adjaratv" in georgia_channels.m3u
2026-08-24 20:36:03,427 [WARNING] Failed to find tvg-id="rionitv" in georgia_channels.m3u
2026-08-24 20:36:03,427 [WARNING] Failed to find tvg-id="tv25" in georgia_channels.m3u
2026-08-24 20:36:03,428 [WARNING] Failed to find tvg-id="tv4rustavi" in georgia_channels.m3u
2026-08-24 20:36:03,428 [WARNING] Failed to find tvg-id="trialeti" in georgia_channels.m3u
2026-08-24 20:36:03,428 [WARNING] Failed to find tvg-id="dardimandi" in georgia_channels.m3u
2026-08-24 20:36:03,428 [WARNING] Failed to find tvg-id="agro" in georgia_channels.m3u
2026-08-24 20:36:03,429 [WARNING] Failed to find tvg-id="samefo" in georgia_channels.m3u
2026-08-24 20:36:03,429 [WARNING] Failed to find tvg-id="postv" in georgia_channels.m3u
2026-08-24 20:36:03,429 [WARNING] Failed to find tvg-id="megatv" in georgia_channels.m3u
2026-08-24 20:36:03,429 [WARNING] Failed to find tvg-id="qartuliarxi" in georgia_channels.m3u
2026-08-24 20:36:03,429 [WARNING] Failed to find tvg-id="musicbox" in georgia_channels.m3u
2026-08-24 20:36:03,430 [WARNING] Failed to find tvg-id="marneuli" in georgia_channels.m3u
2026-08-24 20:36:03,430 [WARNING] Failed to find tvg-id="axaliformula" in georgia_channels.m3u
2026-08-24 20:36:03,430 [WARNING] Failed to find tvg-id="o2" in georgia_channels.m3u
2026-08-24 20:36:03,431 [WARNING] Failed to find tvg-id="guria" in georgia_channels.m3u
2026-08-24 20:36:03,431 [WARNING] Failed to find tvg-id="imervizia" in georgia_channels.m3u
2026-08-24 20:36:03,431 [WARNING] Failed to find tvg-id="diatv" in georgia_channels.m3u
2026-08-24 20:36:03,431 [WARNING] Failed to find tvg-id="chveniarxi" in georgia_channels.m3u
2026-08-24 20:36:03,432 [WARNING] Failed to find tvg-id="batumitv" in georgia_channels.m3u
2026-08-24 20:36:03,432 [WARNING] Failed to find tvg-id="rcheuli" in georgia_channels.m3u
2026-08-24 20:36:03,432 [WARNING] Failed to find tvg-id="gurjaani" in georgia_channels.m3u
2026-08-24 20:36:03,432 [WARNING] Failed to find tvg-id="molitv" in georgia_channels.m3u
2026-08-24 20:36:03,433 [WARNING] Failed to find tvg-id="mexute" in georgia_channels.m3u
2026-08-24 20:36:03,433 [WARNING] Failed to find tvg-id="agrogaremo" in georgia_channels.m3u
2026-08-24 20:36:03,433 [WARNING] Failed to find tvg-id="artv" in georgia_channels.m3u
2026-08-24 20:36:03,433 [WARNING] Failed to find tvg-id="meteo24" in georgia_channels.m3u
2026-08-24 20:36:03,434 [WARNING] Failed to find tvg-id="georgiantimes" in georgia_channels.m3u
2026-08-24 20:36:03,434 [WARNING] Failed to find tvg-id="silkuniversal" in georgia_channels.m3u
2026-08-24 20:36:03,434 [WARNING] Failed to find tvg-id="rugbytv" in georgia_channels.m3u
2026-08-24 20:36:03,434 [WARNING] Failed to find tvg-id="gms" in georgia_channels.m3u
2026-08-24 20:36:03,435 [WARNING] Failed to find tvg-id="aiatv" in georgia_channels.m3u
2026-08-24 20:36:03,435 [WARNING] Failed to find tvg-id="batumi2" in georgia_channels.m3u
2026-08-24 20:36:03,435 [WARNING] Failed to find tvg-id="altinfo" in georgia_channels.m3u
2026-08-24 20:36:03,435 [WARNING] Failed to find tvg-id="parliament" in georgia_channels.m3u
2026-08-24 20:36:03,436 [WARNING] Failed to find tvg-id="egrisi" in georgia_channels.m3u
2026-08-24 20:36:03,436 [WARNING] Failed to find tvg-id="mzetv" in georgia_channels.m3u
2026-08-24 20:36:03,436 [INFO] No file changes were made.
2026-08-24 20:36:03,436 [INFO] === UPDATE EXECUTION FINISHED ===
