2026-08-23 01:35:25,787 [INFO] === UPDATE EXECUTION STARTED ===
2026-08-23 01:35:25,787 [INFO] Fetching Setanta Sports 3 from IPTV-ORG...
2026-08-23 01:35:25,940 [INFO] Launching batch scraper for 44 channels on tv.mar.tv...
2026-08-23 01:35:26,543 [INFO] Scraping rustavi2...
2026-08-23 01:35:32,038 [INFO]  -> Success: https://live8.mar.tv/1/4rd/index.m3u8
2026-08-23 01:35:32,076 [INFO] Scraping maestro...
2026-08-23 01:35:35,413 [INFO]  -> Success: https://live4.mar.tv/d0feffcd71d3828dad113e8b8d83c79ad5adc2e86073aae20ab9400edfb1160a/352m/index.m3u8
2026-08-23 01:35:35,446 [INFO] Scraping marao...
2026-08-23 01:35:38,786 [INFO]  -> Success: https://live2.mar.tv/d0feffcd71d3828dad113e8b8d83c79ad5adc2e86073aae20ab9400edfb1160a/12sd/index.m3u8
2026-08-23 01:35:38,821 [INFO] Scraping gds...
2026-08-23 01:35:42,155 [INFO]  -> Success: https://live1.mar.tv/d0feffcd71d3828dad113e8b8d83c79ad5adc2e86073aae20ab9400edfb1160a/13sd/index.m3u8
2026-08-23 01:35:42,193 [INFO] Scraping comedy...
2026-08-23 01:35:45,531 [INFO]  -> Success: https://live4.mar.tv/d0feffcd71d3828dad113e8b8d83c79ad5adc2e86073aae20ab9400edfb1160a/14rd/index.m3u8
2026-08-23 01:35:45,564 [INFO] Scraping bbb...
2026-08-23 01:35:48,901 [INFO]  -> Success: https://live2.mar.tv/d0feffcd71d3828dad113e8b8d83c79ad5adc2e86073aae20ab9400edfb1160a/16sd/index.m3u8
2026-08-23 01:35:48,938 [INFO] Scraping enkibenki...
2026-08-23 01:35:52,275 [INFO]  -> Success: https://live2.mar.tv/d0feffcd71d3828dad113e8b8d83c79ad5adc2e86073aae20ab9400edfb1160a/17e/index.m3u8
2026-08-23 01:35:52,310 [INFO] Scraping adjaratv...
2026-08-23 01:35:55,649 [INFO]  -> Success: https://live2.mar.tv/d0feffcd71d3828dad113e8b8d83c79ad5adc2e86073aae20ab9400edfb1160a/19rd/index.m3u8
2026-08-23 01:35:55,684 [INFO] Scraping rionitv...
2026-08-23 01:35:59,023 [INFO]  -> Success: https://live6.mar.tv/d0feffcd71d3828dad113e8b8d83c79ad5adc2e86073aae20ab9400edfb1160a/20rionn/index.m3u8
2026-08-23 01:35:59,056 [INFO] Scraping tv25...
2026-08-23 01:36:02,392 [INFO]  -> Success: https://live6.mar.tv/d0feffcd71d3828dad113e8b8d83c79ad5adc2e86073aae20ab9400edfb1160a/23tv25/index.m3u8
2026-08-23 01:36:02,426 [INFO] Scraping tv4rustavi...
2026-08-23 01:36:05,764 [INFO]  -> Success: https://live6.mar.tv/d0feffcd71d3828dad113e8b8d83c79ad5adc2e86073aae20ab9400edfb1160a/24tw4/index.m3u8
2026-08-23 01:36:05,797 [INFO] Scraping trialeti...
2026-08-23 01:36:09,133 [INFO]  -> Success: https://live6.mar.tv/d0feffcd71d3828dad113e8b8d83c79ad5adc2e86073aae20ab9400edfb1160a/trialleti/index.m3u8
2026-08-23 01:36:09,170 [INFO] Scraping dardimandi...
2026-08-23 01:36:12,523 [INFO]  -> Success: https://live5.mar.tv/d0feffcd71d3828dad113e8b8d83c79ad5adc2e86073aae20ab9400edfb1160a/27/index.m3u8
2026-08-23 01:36:12,558 [INFO] Scraping agro...
2026-08-23 01:36:15,896 [INFO]  -> Success: https://live5.mar.tv/d0feffcd71d3828dad113e8b8d83c79ad5adc2e86073aae20ab9400edfb1160a/28/index.m3u8
2026-08-23 01:36:15,927 [INFO] Scraping samefo...
2026-08-23 01:36:19,267 [INFO]  -> Success: https://live5.mar.tv/d0feffcd71d3828dad113e8b8d83c79ad5adc2e86073aae20ab9400edfb1160a/29/index.m3u8
2026-08-23 01:36:19,301 [INFO] Scraping postv...
2026-08-23 01:36:22,634 [INFO]  -> Success: https://live6.mar.tv/d0feffcd71d3828dad113e8b8d83c79ad5adc2e86073aae20ab9400edfb1160a/postvw/index.m3u8
2026-08-23 01:36:22,667 [INFO] Scraping megatv...
2026-08-23 01:36:26,003 [INFO]  -> Success: https://live4.mar.tv/d0feffcd71d3828dad113e8b8d83c79ad5adc2e86073aae20ab9400edfb1160a/32st/index.m3u8
2026-08-23 01:36:26,035 [INFO] Scraping qartuliarxi...
2026-08-23 01:36:29,374 [INFO]  -> Success: https://live6.mar.tv/d0feffcd71d3828dad113e8b8d83c79ad5adc2e86073aae20ab9400edfb1160a/qartuli/index.m3u8
2026-08-23 01:36:29,407 [INFO] Scraping musicbox...
2026-08-23 01:36:32,743 [INFO]  -> Success: https://live6.mar.tv/d0feffcd71d3828dad113e8b8d83c79ad5adc2e86073aae20ab9400edfb1160a/34musge/index.m3u8
2026-08-23 01:36:32,776 [INFO] Scraping marneuli...
2026-08-23 01:36:36,116 [INFO]  -> Success: https://live6.mar.tv/d0feffcd71d3828dad113e8b8d83c79ad5adc2e86073aae20ab9400edfb1160a/37marn/index.m3u8
2026-08-23 01:36:36,151 [INFO] Scraping axaliformula...
2026-08-23 01:36:39,487 [INFO]  -> Success: https://live6.mar.tv/d0feffcd71d3828dad113e8b8d83c79ad5adc2e86073aae20ab9400edfb1160a/axaliformla/index.m3u8
2026-08-23 01:36:39,522 [INFO] Scraping o2...
2026-08-23 01:36:42,861 [INFO]  -> Success: https://live5.mar.tv/d0feffcd71d3828dad113e8b8d83c79ad5adc2e86073aae20ab9400edfb1160a/40/index.m3u8
2026-08-23 01:36:42,896 [INFO] Scraping guria...
2026-08-23 01:36:46,234 [INFO]  -> Success: https://live5.mar.tv/d0feffcd71d3828dad113e8b8d83c79ad5adc2e86073aae20ab9400edfb1160a/42/index.m3u8
2026-08-23 01:36:46,267 [INFO] Scraping imervizia...
2026-08-23 01:36:49,605 [INFO]  -> Success: https://live6.mar.tv/d0feffcd71d3828dad113e8b8d83c79ad5adc2e86073aae20ab9400edfb1160a/imervizia/index.m3u8
2026-08-23 01:36:49,639 [INFO] Scraping diatv...
2026-08-23 01:36:52,979 [INFO]  -> Success: https://live4.mar.tv/d0feffcd71d3828dad113e8b8d83c79ad5adc2e86073aae20ab9400edfb1160a/dia/index.m3u8
2026-08-23 01:36:53,015 [INFO] Scraping chveniarxi...
2026-08-23 01:36:56,349 [INFO]  -> Success: https://live3.mar.tv/d0feffcd71d3828dad113e8b8d83c79ad5adc2e86073aae20ab9400edfb1160a/45rd/index.m3u8
2026-08-23 01:36:56,384 [INFO] Scraping batumitv...
2026-08-23 01:36:59,719 [INFO]  -> Success: https://live5.mar.tv/d0feffcd71d3828dad113e8b8d83c79ad5adc2e86073aae20ab9400edfb1160a/46/index.m3u8
2026-08-23 01:36:59,752 [INFO] Scraping rcheuli...
2026-08-23 01:37:03,091 [INFO]  -> Success: https://live5.mar.tv/d0feffcd71d3828dad113e8b8d83c79ad5adc2e86073aae20ab9400edfb1160a/47/index.m3u8
2026-08-23 01:37:03,124 [INFO] Scraping gurjaani...
2026-08-23 01:37:06,463 [INFO]  -> Success: https://live4.mar.tv/d0feffcd71d3828dad113e8b8d83c79ad5adc2e86073aae20ab9400edfb1160a/48m/index.m3u8
2026-08-23 01:37:06,495 [INFO] Scraping molitv...
2026-08-23 01:37:09,832 [INFO]  -> Success: https://live6.mar.tv/d0feffcd71d3828dad113e8b8d83c79ad5adc2e86073aae20ab9400edfb1160a/mollltv/index.m3u8
2026-08-23 01:37:09,870 [INFO] Scraping mexute...
2026-08-23 01:37:13,212 [INFO]  -> Success: https://live6.mar.tv/d0feffcd71d3828dad113e8b8d83c79ad5adc2e86073aae20ab9400edfb1160a/50/index.m3u8
2026-08-23 01:37:13,247 [INFO] Scraping agrogaremo...
2026-08-23 01:37:16,582 [INFO]  -> Success: https://live6.mar.tv/d0feffcd71d3828dad113e8b8d83c79ad5adc2e86073aae20ab9400edfb1160a/agrogaremo/index.m3u8
2026-08-23 01:37:16,615 [INFO] Scraping artv...
2026-08-23 01:37:19,950 [INFO]  -> Success: https://live6.mar.tv/d0feffcd71d3828dad113e8b8d83c79ad5adc2e86073aae20ab9400edfb1160a/tafutv/index.m3u8
2026-08-23 01:37:19,984 [INFO] Scraping meteo24...
2026-08-23 01:37:23,322 [INFO]  -> Success: https://live5.mar.tv/d0feffcd71d3828dad113e8b8d83c79ad5adc2e86073aae20ab9400edfb1160a/56/index.m3u8
2026-08-23 01:37:23,355 [INFO] Scraping georgiantimes...
2026-08-23 01:37:26,701 [INFO]  -> Success: https://live5.mar.tv/d0feffcd71d3828dad113e8b8d83c79ad5adc2e86073aae20ab9400edfb1160a/57/index.m3u8
2026-08-23 01:37:26,733 [INFO] Scraping silkuniversal...
2026-08-23 01:37:30,074 [INFO]  -> Success: https://live2.mar.tv/d0feffcd71d3828dad113e8b8d83c79ad5adc2e86073aae20ab9400edfb1160a/1arxiweb/index.m3u8
2026-08-23 01:37:30,109 [INFO] Scraping rugbytv...
2026-08-23 01:37:33,448 [INFO]  -> Success: https://live4.mar.tv/d0feffcd71d3828dad113e8b8d83c79ad5adc2e86073aae20ab9400edfb1160a/160m/index.m3u8
2026-08-23 01:37:33,482 [INFO] Scraping gms...
2026-08-23 01:37:36,822 [INFO]  -> Success: https://live5.mar.tv/d0feffcd71d3828dad113e8b8d83c79ad5adc2e86073aae20ab9400edfb1160a/161/index.m3u8
2026-08-23 01:37:36,864 [INFO] Scraping aiatv...
2026-08-23 01:37:40,201 [INFO]  -> Success: https://live6.mar.tv/d0feffcd71d3828dad113e8b8d83c79ad5adc2e86073aae20ab9400edfb1160a/aia/index.m3u8
2026-08-23 01:37:40,235 [INFO] Scraping batumi2...
2026-08-23 01:37:43,571 [INFO]  -> Success: https://live6.mar.tv/d0feffcd71d3828dad113e8b8d83c79ad5adc2e86073aae20ab9400edfb1160a/batumitv2/index.m3u8
2026-08-23 01:37:43,608 [INFO] Scraping altinfo...
2026-08-23 01:37:46,943 [INFO]  -> Success: https://live6.mar.tv/d0feffcd71d3828dad113e8b8d83c79ad5adc2e86073aae20ab9400edfb1160a/altinfo/index.m3u8
2026-08-23 01:37:46,976 [INFO] Scraping parliament...
2026-08-23 01:37:50,313 [INFO]  -> Success: https://live6.mar.tv/d0feffcd71d3828dad113e8b8d83c79ad5adc2e86073aae20ab9400edfb1160a/parlament/index.m3u8
2026-08-23 01:37:50,348 [INFO] Scraping egrisi...
2026-08-23 01:37:53,689 [INFO]  -> Success: https://live6.mar.tv/d0feffcd71d3828dad113e8b8d83c79ad5adc2e86073aae20ab9400edfb1160a/egrisi/index.m3u8
2026-08-23 01:37:53,721 [INFO] Scraping mzetv...
2026-08-23 01:37:57,057 [INFO]  -> Success: https://live6.mar.tv/d0feffcd71d3828dad113e8b8d83c79ad5adc2e86073aae20ab9400edfb1160a/mze/index.m3u8
2026-08-23 01:37:57,108 [WARNING] Failed to find tvg-id="rustavi2" in georgia_channels.m3u
2026-08-23 01:37:57,108 [WARNING] Failed to find tvg-id="maestro" in georgia_channels.m3u
2026-08-23 01:37:57,108 [WARNING] Failed to find tvg-id="marao" in georgia_channels.m3u
2026-08-23 01:37:57,109 [WARNING] Failed to find tvg-id="gds" in georgia_channels.m3u
2026-08-23 01:37:57,109 [WARNING] Failed to find tvg-id="comedy" in georgia_channels.m3u
2026-08-23 01:37:57,109 [WARNING] Failed to find tvg-id="bbb" in georgia_channels.m3u
2026-08-23 01:37:57,110 [WARNING] Failed to find tvg-id="enkibenki" in georgia_channels.m3u
2026-08-23 01:37:57,110 [WARNING] Failed to find tvg-id="adjaratv" in georgia_channels.m3u
2026-08-23 01:37:57,110 [WARNING] Failed to find tvg-id="rionitv" in georgia_channels.m3u
2026-08-23 01:37:57,110 [WARNING] Failed to find tvg-id="tv25" in georgia_channels.m3u
2026-08-23 01:37:57,111 [WARNING] Failed to find tvg-id="tv4rustavi" in georgia_channels.m3u
2026-08-23 01:37:57,111 [WARNING] Failed to find tvg-id="trialeti" in georgia_channels.m3u
2026-08-23 01:37:57,111 [WARNING] Failed to find tvg-id="dardimandi" in georgia_channels.m3u
2026-08-23 01:37:57,111 [WARNING] Failed to find tvg-id="agro" in georgia_channels.m3u
2026-08-23 01:37:57,112 [WARNING] Failed to find tvg-id="samefo" in georgia_channels.m3u
2026-08-23 01:37:57,112 [WARNING] Failed to find tvg-id="postv" in georgia_channels.m3u
2026-08-23 01:37:57,112 [WARNING] Failed to find tvg-id="megatv" in georgia_channels.m3u
2026-08-23 01:37:57,112 [WARNING] Failed to find tvg-id="qartuliarxi" in georgia_channels.m3u
2026-08-23 01:37:57,113 [WARNING] Failed to find tvg-id="musicbox" in georgia_channels.m3u
2026-08-23 01:37:57,113 [WARNING] Failed to find tvg-id="marneuli" in georgia_channels.m3u
2026-08-23 01:37:57,113 [WARNING] Failed to find tvg-id="axaliformula" in georgia_channels.m3u
2026-08-23 01:37:57,113 [WARNING] Failed to find tvg-id="o2" in georgia_channels.m3u
2026-08-23 01:37:57,113 [WARNING] Failed to find tvg-id="guria" in georgia_channels.m3u
2026-08-23 01:37:57,114 [WARNING] Failed to find tvg-id="imervizia" in georgia_channels.m3u
2026-08-23 01:37:57,114 [WARNING] Failed to find tvg-id="diatv" in georgia_channels.m3u
2026-08-23 01:37:57,114 [WARNING] Failed to find tvg-id="chveniarxi" in georgia_channels.m3u
2026-08-23 01:37:57,114 [WARNING] Failed to find tvg-id="batumitv" in georgia_channels.m3u
2026-08-23 01:37:57,114 [WARNING] Failed to find tvg-id="rcheuli" in georgia_channels.m3u
2026-08-23 01:37:57,115 [WARNING] Failed to find tvg-id="gurjaani" in georgia_channels.m3u
2026-08-23 01:37:57,115 [WARNING] Failed to find tvg-id="molitv" in georgia_channels.m3u
2026-08-23 01:37:57,115 [WARNING] Failed to find tvg-id="mexute" in georgia_channels.m3u
2026-08-23 01:37:57,115 [WARNING] Failed to find tvg-id="agrogaremo" in georgia_channels.m3u
2026-08-23 01:37:57,115 [WARNING] Failed to find tvg-id="artv" in georgia_channels.m3u
2026-08-23 01:37:57,116 [WARNING] Failed to find tvg-id="meteo24" in georgia_channels.m3u
2026-08-23 01:37:57,116 [WARNING] Failed to find tvg-id="georgiantimes" in georgia_channels.m3u
2026-08-23 01:37:57,116 [WARNING] Failed to find tvg-id="silkuniversal" in georgia_channels.m3u
2026-08-23 01:37:57,116 [WARNING] Failed to find tvg-id="rugbytv" in georgia_channels.m3u
2026-08-23 01:37:57,116 [WARNING] Failed to find tvg-id="gms" in georgia_channels.m3u
2026-08-23 01:37:57,117 [WARNING] Failed to find tvg-id="aiatv" in georgia_channels.m3u
2026-08-23 01:37:57,117 [WARNING] Failed to find tvg-id="batumi2" in georgia_channels.m3u
2026-08-23 01:37:57,117 [WARNING] Failed to find tvg-id="altinfo" in georgia_channels.m3u
2026-08-23 01:37:57,117 [WARNING] Failed to find tvg-id="parliament" in georgia_channels.m3u
2026-08-23 01:37:57,117 [WARNING] Failed to find tvg-id="egrisi" in georgia_channels.m3u
2026-08-23 01:37:57,118 [WARNING] Failed to find tvg-id="mzetv" in georgia_channels.m3u
2026-08-23 01:37:57,118 [INFO] No file changes were made.
2026-08-23 01:37:57,118 [INFO] === UPDATE EXECUTION FINISHED ===
