2026-08-24 22:30:05,568 [INFO] === UPDATE EXECUTION STARTED ===
2026-08-24 22:30:05,568 [INFO] Fetching Setanta Sports 3 from IPTV-ORG...
2026-08-24 22:30:05,704 [INFO] Launching batch scraper for 44 channels on tv.mar.tv...
2026-08-24 22:30:07,503 [INFO] Scraping rustavi2...
2026-08-24 22:30:12,885 [INFO]  -> Success: https://live8.mar.tv/1/4rd/index.m3u8
2026-08-24 22:30:12,911 [INFO] Scraping maestro...
2026-08-24 22:30:16,182 [INFO]  -> Success: https://live4.mar.tv/d68a31357daf1a9d72309860b6fc02e9a876cd1c41d4f077bb479d33c7d5aae0/352m/index.m3u8
2026-08-24 22:30:16,208 [INFO] Scraping marao...
2026-08-24 22:30:19,471 [INFO]  -> Success: https://live2.mar.tv/d68a31357daf1a9d72309860b6fc02e9a876cd1c41d4f077bb479d33c7d5aae0/12sd/index.m3u8
2026-08-24 22:30:19,502 [INFO] Scraping gds...
2026-08-24 22:30:22,783 [INFO]  -> Success: https://live1.mar.tv/d68a31357daf1a9d72309860b6fc02e9a876cd1c41d4f077bb479d33c7d5aae0/13sd/index.m3u8
2026-08-24 22:30:22,810 [INFO] Scraping comedy...
2026-08-24 22:30:26,080 [INFO]  -> Success: https://live4.mar.tv/d68a31357daf1a9d72309860b6fc02e9a876cd1c41d4f077bb479d33c7d5aae0/14rd/index.m3u8
2026-08-24 22:30:26,109 [INFO] Scraping bbb...
2026-08-24 22:30:29,375 [INFO]  -> Success: https://live2.mar.tv/d68a31357daf1a9d72309860b6fc02e9a876cd1c41d4f077bb479d33c7d5aae0/16sd/index.m3u8
2026-08-24 22:30:29,401 [INFO] Scraping enkibenki...
2026-08-24 22:30:32,675 [INFO]  -> Success: https://live2.mar.tv/d68a31357daf1a9d72309860b6fc02e9a876cd1c41d4f077bb479d33c7d5aae0/17e/index.m3u8
2026-08-24 22:30:32,705 [INFO] Scraping adjaratv...
2026-08-24 22:30:35,984 [INFO]  -> Success: https://live2.mar.tv/d68a31357daf1a9d72309860b6fc02e9a876cd1c41d4f077bb479d33c7d5aae0/19rd/index.m3u8
2026-08-24 22:30:36,014 [INFO] Scraping rionitv...
2026-08-24 22:30:39,284 [INFO]  -> Success: https://live6.mar.tv/d68a31357daf1a9d72309860b6fc02e9a876cd1c41d4f077bb479d33c7d5aae0/20rionn/index.m3u8
2026-08-24 22:30:39,313 [INFO] Scraping tv25...
2026-08-24 22:30:42,582 [INFO]  -> Success: https://live6.mar.tv/d68a31357daf1a9d72309860b6fc02e9a876cd1c41d4f077bb479d33c7d5aae0/23tv25/index.m3u8
2026-08-24 22:30:42,610 [INFO] Scraping tv4rustavi...
2026-08-24 22:30:45,881 [INFO]  -> Success: https://live6.mar.tv/d68a31357daf1a9d72309860b6fc02e9a876cd1c41d4f077bb479d33c7d5aae0/24tw4/index.m3u8
2026-08-24 22:30:45,906 [INFO] Scraping trialeti...
2026-08-24 22:30:49,174 [INFO]  -> Success: https://live6.mar.tv/d68a31357daf1a9d72309860b6fc02e9a876cd1c41d4f077bb479d33c7d5aae0/trialleti/index.m3u8
2026-08-24 22:30:49,199 [INFO] Scraping dardimandi...
2026-08-24 22:30:52,470 [INFO]  -> Success: https://live5.mar.tv/d68a31357daf1a9d72309860b6fc02e9a876cd1c41d4f077bb479d33c7d5aae0/27/index.m3u8
2026-08-24 22:30:52,495 [INFO] Scraping agro...
2026-08-24 22:30:55,767 [INFO]  -> Success: https://live5.mar.tv/d68a31357daf1a9d72309860b6fc02e9a876cd1c41d4f077bb479d33c7d5aae0/28/index.m3u8
2026-08-24 22:30:55,793 [INFO] Scraping samefo...
2026-08-24 22:30:59,073 [INFO]  -> Success: https://live5.mar.tv/d68a31357daf1a9d72309860b6fc02e9a876cd1c41d4f077bb479d33c7d5aae0/29/index.m3u8
2026-08-24 22:30:59,097 [INFO] Scraping postv...
2026-08-24 22:31:02,367 [INFO]  -> Success: https://live6.mar.tv/d68a31357daf1a9d72309860b6fc02e9a876cd1c41d4f077bb479d33c7d5aae0/postvw/index.m3u8
2026-08-24 22:31:02,394 [INFO] Scraping megatv...
2026-08-24 22:31:05,672 [INFO]  -> Success: https://live4.mar.tv/d68a31357daf1a9d72309860b6fc02e9a876cd1c41d4f077bb479d33c7d5aae0/32st/index.m3u8
2026-08-24 22:31:05,701 [INFO] Scraping qartuliarxi...
2026-08-24 22:31:08,973 [INFO]  -> Success: https://live6.mar.tv/d68a31357daf1a9d72309860b6fc02e9a876cd1c41d4f077bb479d33c7d5aae0/qartuli/index.m3u8
2026-08-24 22:31:09,006 [INFO] Scraping musicbox...
2026-08-24 22:31:12,275 [INFO]  -> Success: https://live6.mar.tv/d68a31357daf1a9d72309860b6fc02e9a876cd1c41d4f077bb479d33c7d5aae0/34musge/index.m3u8
2026-08-24 22:31:12,303 [INFO] Scraping marneuli...
2026-08-24 22:31:15,583 [INFO]  -> Success: https://live6.mar.tv/d68a31357daf1a9d72309860b6fc02e9a876cd1c41d4f077bb479d33c7d5aae0/37marn/index.m3u8
2026-08-24 22:31:15,608 [INFO] Scraping axaliformula...
2026-08-24 22:31:18,874 [INFO]  -> Success: https://live6.mar.tv/d68a31357daf1a9d72309860b6fc02e9a876cd1c41d4f077bb479d33c7d5aae0/axaliformla/index.m3u8
2026-08-24 22:31:18,904 [INFO] Scraping o2...
2026-08-24 22:31:22,173 [INFO]  -> Success: https://live5.mar.tv/d68a31357daf1a9d72309860b6fc02e9a876cd1c41d4f077bb479d33c7d5aae0/40/index.m3u8
2026-08-24 22:31:22,198 [INFO] Scraping guria...
2026-08-24 22:31:25,469 [INFO]  -> Success: https://live5.mar.tv/d68a31357daf1a9d72309860b6fc02e9a876cd1c41d4f077bb479d33c7d5aae0/42/index.m3u8
2026-08-24 22:31:25,495 [INFO] Scraping imervizia...
2026-08-24 22:31:28,765 [INFO]  -> Success: https://live6.mar.tv/d68a31357daf1a9d72309860b6fc02e9a876cd1c41d4f077bb479d33c7d5aae0/imervizia/index.m3u8
2026-08-24 22:31:28,795 [INFO] Scraping diatv...
2026-08-24 22:31:32,066 [INFO]  -> Success: https://live4.mar.tv/d68a31357daf1a9d72309860b6fc02e9a876cd1c41d4f077bb479d33c7d5aae0/dia/index.m3u8
2026-08-24 22:31:32,091 [INFO] Scraping chveniarxi...
2026-08-24 22:31:35,359 [INFO]  -> Success: https://live3.mar.tv/d68a31357daf1a9d72309860b6fc02e9a876cd1c41d4f077bb479d33c7d5aae0/45rd/index.m3u8
2026-08-24 22:31:35,386 [INFO] Scraping batumitv...
2026-08-24 22:31:38,662 [INFO]  -> Success: https://live5.mar.tv/d68a31357daf1a9d72309860b6fc02e9a876cd1c41d4f077bb479d33c7d5aae0/46/index.m3u8
2026-08-24 22:31:38,698 [INFO] Scraping rcheuli...
2026-08-24 22:31:41,986 [INFO]  -> Success: https://live5.mar.tv/d68a31357daf1a9d72309860b6fc02e9a876cd1c41d4f077bb479d33c7d5aae0/47/index.m3u8
2026-08-24 22:31:42,011 [INFO] Scraping gurjaani...
2026-08-24 22:31:45,282 [INFO]  -> Success: https://live4.mar.tv/d68a31357daf1a9d72309860b6fc02e9a876cd1c41d4f077bb479d33c7d5aae0/48m/index.m3u8
2026-08-24 22:31:45,308 [INFO] Scraping molitv...
2026-08-24 22:31:48,576 [INFO]  -> Success: https://live6.mar.tv/d68a31357daf1a9d72309860b6fc02e9a876cd1c41d4f077bb479d33c7d5aae0/mollltv/index.m3u8
2026-08-24 22:31:48,602 [INFO] Scraping mexute...
2026-08-24 22:31:51,873 [INFO]  -> Success: https://live6.mar.tv/d68a31357daf1a9d72309860b6fc02e9a876cd1c41d4f077bb479d33c7d5aae0/50/index.m3u8
2026-08-24 22:31:51,906 [INFO] Scraping agrogaremo...
2026-08-24 22:31:55,187 [INFO]  -> Success: https://live6.mar.tv/d68a31357daf1a9d72309860b6fc02e9a876cd1c41d4f077bb479d33c7d5aae0/agrogaremo/index.m3u8
2026-08-24 22:31:55,211 [INFO] Scraping artv...
2026-08-24 22:31:58,481 [INFO]  -> Success: https://live6.mar.tv/d68a31357daf1a9d72309860b6fc02e9a876cd1c41d4f077bb479d33c7d5aae0/tafutv/index.m3u8
2026-08-24 22:31:58,511 [INFO] Scraping meteo24...
2026-08-24 22:32:01,780 [INFO]  -> Success: https://live5.mar.tv/d68a31357daf1a9d72309860b6fc02e9a876cd1c41d4f077bb479d33c7d5aae0/56/index.m3u8
2026-08-24 22:32:01,807 [INFO] Scraping georgiantimes...
2026-08-24 22:32:05,077 [INFO]  -> Success: https://live5.mar.tv/d68a31357daf1a9d72309860b6fc02e9a876cd1c41d4f077bb479d33c7d5aae0/57/index.m3u8
2026-08-24 22:32:05,106 [INFO] Scraping silkuniversal...
2026-08-24 22:32:08,388 [INFO]  -> Success: https://live2.mar.tv/d68a31357daf1a9d72309860b6fc02e9a876cd1c41d4f077bb479d33c7d5aae0/1arxiweb/index.m3u8
2026-08-24 22:32:08,414 [INFO] Scraping rugbytv...
2026-08-24 22:32:11,684 [INFO]  -> Success: https://live4.mar.tv/d68a31357daf1a9d72309860b6fc02e9a876cd1c41d4f077bb479d33c7d5aae0/160m/index.m3u8
2026-08-24 22:32:11,711 [INFO] Scraping gms...
2026-08-24 22:32:14,979 [INFO]  -> Success: https://live5.mar.tv/d68a31357daf1a9d72309860b6fc02e9a876cd1c41d4f077bb479d33c7d5aae0/161/index.m3u8
2026-08-24 22:32:15,005 [INFO] Scraping aiatv...
2026-08-24 22:32:18,275 [INFO]  -> Success: https://live6.mar.tv/d68a31357daf1a9d72309860b6fc02e9a876cd1c41d4f077bb479d33c7d5aae0/aia/index.m3u8
2026-08-24 22:32:18,299 [INFO] Scraping batumi2...
2026-08-24 22:32:21,569 [INFO]  -> Success: https://live6.mar.tv/d68a31357daf1a9d72309860b6fc02e9a876cd1c41d4f077bb479d33c7d5aae0/batumitv2/index.m3u8
2026-08-24 22:32:21,596 [INFO] Scraping altinfo...
2026-08-24 22:32:24,876 [INFO]  -> Success: https://live6.mar.tv/d68a31357daf1a9d72309860b6fc02e9a876cd1c41d4f077bb479d33c7d5aae0/altinfo/index.m3u8
2026-08-24 22:32:24,899 [INFO] Scraping parliament...
2026-08-24 22:32:28,170 [INFO]  -> Success: https://live6.mar.tv/d68a31357daf1a9d72309860b6fc02e9a876cd1c41d4f077bb479d33c7d5aae0/parlament/index.m3u8
2026-08-24 22:32:28,195 [INFO] Scraping egrisi...
2026-08-24 22:32:31,464 [INFO]  -> Success: https://live6.mar.tv/d68a31357daf1a9d72309860b6fc02e9a876cd1c41d4f077bb479d33c7d5aae0/egrisi/index.m3u8
2026-08-24 22:32:31,489 [INFO] Scraping mzetv...
2026-08-24 22:32:34,764 [INFO]  -> Success: https://live6.mar.tv/d68a31357daf1a9d72309860b6fc02e9a876cd1c41d4f077bb479d33c7d5aae0/mze/index.m3u8
2026-08-24 22:32:34,802 [WARNING] Failed to find tvg-id="rustavi2" in georgia_channels.m3u
2026-08-24 22:32:34,802 [WARNING] Failed to find tvg-id="maestro" in georgia_channels.m3u
2026-08-24 22:32:34,802 [WARNING] Failed to find tvg-id="marao" in georgia_channels.m3u
2026-08-24 22:32:34,803 [WARNING] Failed to find tvg-id="gds" in georgia_channels.m3u
2026-08-24 22:32:34,803 [WARNING] Failed to find tvg-id="comedy" in georgia_channels.m3u
2026-08-24 22:32:34,803 [WARNING] Failed to find tvg-id="bbb" in georgia_channels.m3u
2026-08-24 22:32:34,803 [WARNING] Failed to find tvg-id="enkibenki" in georgia_channels.m3u
2026-08-24 22:32:34,803 [WARNING] Failed to find tvg-id="adjaratv" in georgia_channels.m3u
2026-08-24 22:32:34,803 [WARNING] Failed to find tvg-id="rionitv" in georgia_channels.m3u
2026-08-24 22:32:34,803 [WARNING] Failed to find tvg-id="tv25" in georgia_channels.m3u
2026-08-24 22:32:34,803 [WARNING] Failed to find tvg-id="tv4rustavi" in georgia_channels.m3u
2026-08-24 22:32:34,804 [WARNING] Failed to find tvg-id="trialeti" in georgia_channels.m3u
2026-08-24 22:32:34,804 [WARNING] Failed to find tvg-id="dardimandi" in georgia_channels.m3u
2026-08-24 22:32:34,804 [WARNING] Failed to find tvg-id="agro" in georgia_channels.m3u
2026-08-24 22:32:34,804 [WARNING] Failed to find tvg-id="samefo" in georgia_channels.m3u
2026-08-24 22:32:34,804 [WARNING] Failed to find tvg-id="postv" in georgia_channels.m3u
2026-08-24 22:32:34,804 [WARNING] Failed to find tvg-id="megatv" in georgia_channels.m3u
2026-08-24 22:32:34,804 [WARNING] Failed to find tvg-id="qartuliarxi" in georgia_channels.m3u
2026-08-24 22:32:34,804 [WARNING] Failed to find tvg-id="musicbox" in georgia_channels.m3u
2026-08-24 22:32:34,805 [WARNING] Failed to find tvg-id="marneuli" in georgia_channels.m3u
2026-08-24 22:32:34,805 [WARNING] Failed to find tvg-id="axaliformula" in georgia_channels.m3u
2026-08-24 22:32:34,805 [WARNING] Failed to find tvg-id="o2" in georgia_channels.m3u
2026-08-24 22:32:34,805 [WARNING] Failed to find tvg-id="guria" in georgia_channels.m3u
2026-08-24 22:32:34,805 [WARNING] Failed to find tvg-id="imervizia" in georgia_channels.m3u
2026-08-24 22:32:34,805 [WARNING] Failed to find tvg-id="diatv" in georgia_channels.m3u
2026-08-24 22:32:34,805 [WARNING] Failed to find tvg-id="chveniarxi" in georgia_channels.m3u
2026-08-24 22:32:34,805 [WARNING] Failed to find tvg-id="batumitv" in georgia_channels.m3u
2026-08-24 22:32:34,806 [WARNING] Failed to find tvg-id="rcheuli" in georgia_channels.m3u
2026-08-24 22:32:34,806 [WARNING] Failed to find tvg-id="gurjaani" in georgia_channels.m3u
2026-08-24 22:32:34,806 [WARNING] Failed to find tvg-id="molitv" in georgia_channels.m3u
2026-08-24 22:32:34,806 [WARNING] Failed to find tvg-id="mexute" in georgia_channels.m3u
2026-08-24 22:32:34,806 [WARNING] Failed to find tvg-id="agrogaremo" in georgia_channels.m3u
2026-08-24 22:32:34,806 [WARNING] Failed to find tvg-id="artv" in georgia_channels.m3u
2026-08-24 22:32:34,806 [WARNING] Failed to find tvg-id="meteo24" in georgia_channels.m3u
2026-08-24 22:32:34,806 [WARNING] Failed to find tvg-id="georgiantimes" in georgia_channels.m3u
2026-08-24 22:32:34,806 [WARNING] Failed to find tvg-id="silkuniversal" in georgia_channels.m3u
2026-08-24 22:32:34,807 [WARNING] Failed to find tvg-id="rugbytv" in georgia_channels.m3u
2026-08-24 22:32:34,807 [WARNING] Failed to find tvg-id="gms" in georgia_channels.m3u
2026-08-24 22:32:34,807 [WARNING] Failed to find tvg-id="aiatv" in georgia_channels.m3u
2026-08-24 22:32:34,807 [WARNING] Failed to find tvg-id="batumi2" in georgia_channels.m3u
2026-08-24 22:32:34,807 [WARNING] Failed to find tvg-id="altinfo" in georgia_channels.m3u
2026-08-24 22:32:34,807 [WARNING] Failed to find tvg-id="parliament" in georgia_channels.m3u
2026-08-24 22:32:34,807 [WARNING] Failed to find tvg-id="egrisi" in georgia_channels.m3u
2026-08-24 22:32:34,807 [WARNING] Failed to find tvg-id="mzetv" in georgia_channels.m3u
2026-08-24 22:32:34,807 [INFO] No file changes were made.
2026-08-24 22:32:34,807 [INFO] === UPDATE EXECUTION FINISHED ===
