2026-08-23 04:40:47,655 [INFO] === UPDATE EXECUTION STARTED ===
2026-08-23 04:40:47,656 [INFO] Fetching Setanta Sports 3 from IPTV-ORG...
2026-08-23 04:40:47,807 [INFO] Launching batch scraper for 44 channels on tv.mar.tv...
2026-08-23 04:40:48,406 [INFO] Scraping rustavi2...
2026-08-23 04:40:54,054 [INFO]  -> Success: https://live8.mar.tv/1/4rd/index.m3u8
2026-08-23 04:40:54,086 [INFO] Scraping maestro...
2026-08-23 04:40:57,413 [INFO]  -> Success: https://live4.mar.tv/d8300330c364971846e4b434f6512ff94341031a0402abd1f0e4b3d31099908f/352m/index.m3u8
2026-08-23 04:40:57,448 [INFO] Scraping marao...
2026-08-23 04:41:00,782 [INFO]  -> Success: https://live2.mar.tv/d8300330c364971846e4b434f6512ff94341031a0402abd1f0e4b3d31099908f/12sd/index.m3u8
2026-08-23 04:41:00,816 [INFO] Scraping gds...
2026-08-23 04:41:04,146 [INFO]  -> Success: https://live1.mar.tv/d8300330c364971846e4b434f6512ff94341031a0402abd1f0e4b3d31099908f/13sd/index.m3u8
2026-08-23 04:41:04,178 [INFO] Scraping comedy...
2026-08-23 04:41:07,505 [INFO]  -> Success: https://live4.mar.tv/d8300330c364971846e4b434f6512ff94341031a0402abd1f0e4b3d31099908f/14rd/index.m3u8
2026-08-23 04:41:07,537 [INFO] Scraping bbb...
2026-08-23 04:41:10,868 [INFO]  -> Success: https://live2.mar.tv/d8300330c364971846e4b434f6512ff94341031a0402abd1f0e4b3d31099908f/16sd/index.m3u8
2026-08-23 04:41:10,904 [INFO] Scraping enkibenki...
2026-08-23 04:41:14,237 [INFO]  -> Success: https://live2.mar.tv/d8300330c364971846e4b434f6512ff94341031a0402abd1f0e4b3d31099908f/17e/index.m3u8
2026-08-23 04:41:14,270 [INFO] Scraping adjaratv...
2026-08-23 04:41:17,601 [INFO]  -> Success: https://live2.mar.tv/d8300330c364971846e4b434f6512ff94341031a0402abd1f0e4b3d31099908f/19rd/index.m3u8
2026-08-23 04:41:17,638 [INFO] Scraping rionitv...
2026-08-23 04:41:20,964 [INFO]  -> Success: https://live6.mar.tv/d8300330c364971846e4b434f6512ff94341031a0402abd1f0e4b3d31099908f/20rionn/index.m3u8
2026-08-23 04:41:20,997 [INFO] Scraping tv25...
2026-08-23 04:41:24,334 [INFO]  -> Success: https://live6.mar.tv/d8300330c364971846e4b434f6512ff94341031a0402abd1f0e4b3d31099908f/23tv25/index.m3u8
2026-08-23 04:41:24,367 [INFO] Scraping tv4rustavi...
2026-08-23 04:41:27,696 [INFO]  -> Success: https://live6.mar.tv/d8300330c364971846e4b434f6512ff94341031a0402abd1f0e4b3d31099908f/24tw4/index.m3u8
2026-08-23 04:41:27,730 [INFO] Scraping trialeti...
2026-08-23 04:41:31,062 [INFO]  -> Success: https://live6.mar.tv/d8300330c364971846e4b434f6512ff94341031a0402abd1f0e4b3d31099908f/trialleti/index.m3u8
2026-08-23 04:41:31,094 [INFO] Scraping dardimandi...
2026-08-23 04:41:34,425 [INFO]  -> Success: https://live5.mar.tv/d8300330c364971846e4b434f6512ff94341031a0402abd1f0e4b3d31099908f/27/index.m3u8
2026-08-23 04:41:34,461 [INFO] Scraping agro...
2026-08-23 04:41:37,796 [INFO]  -> Success: https://live5.mar.tv/d8300330c364971846e4b434f6512ff94341031a0402abd1f0e4b3d31099908f/28/index.m3u8
2026-08-23 04:41:37,829 [INFO] Scraping samefo...
2026-08-23 04:41:41,157 [INFO]  -> Success: https://live5.mar.tv/d8300330c364971846e4b434f6512ff94341031a0402abd1f0e4b3d31099908f/29/index.m3u8
2026-08-23 04:41:41,193 [INFO] Scraping postv...
2026-08-23 04:41:44,525 [INFO]  -> Success: https://live6.mar.tv/d8300330c364971846e4b434f6512ff94341031a0402abd1f0e4b3d31099908f/postvw/index.m3u8
2026-08-23 04:41:44,559 [INFO] Scraping megatv...
2026-08-23 04:41:47,891 [INFO]  -> Success: https://live4.mar.tv/d8300330c364971846e4b434f6512ff94341031a0402abd1f0e4b3d31099908f/32st/index.m3u8
2026-08-23 04:41:47,924 [INFO] Scraping qartuliarxi...
2026-08-23 04:41:51,255 [INFO]  -> Success: https://live6.mar.tv/d8300330c364971846e4b434f6512ff94341031a0402abd1f0e4b3d31099908f/qartuli/index.m3u8
2026-08-23 04:41:51,287 [INFO] Scraping musicbox...
2026-08-23 04:41:54,620 [INFO]  -> Success: https://live6.mar.tv/d8300330c364971846e4b434f6512ff94341031a0402abd1f0e4b3d31099908f/34musge/index.m3u8
2026-08-23 04:41:54,654 [INFO] Scraping marneuli...
2026-08-23 04:41:57,981 [INFO]  -> Success: https://live6.mar.tv/d8300330c364971846e4b434f6512ff94341031a0402abd1f0e4b3d31099908f/37marn/index.m3u8
2026-08-23 04:41:58,014 [INFO] Scraping axaliformula...
2026-08-23 04:42:01,345 [INFO]  -> Success: https://live6.mar.tv/d8300330c364971846e4b434f6512ff94341031a0402abd1f0e4b3d31099908f/axaliformla/index.m3u8
2026-08-23 04:42:01,380 [INFO] Scraping o2...
2026-08-23 04:42:04,710 [INFO]  -> Success: https://live5.mar.tv/d8300330c364971846e4b434f6512ff94341031a0402abd1f0e4b3d31099908f/40/index.m3u8
2026-08-23 04:42:04,746 [INFO] Scraping guria...
2026-08-23 04:42:08,075 [INFO]  -> Success: https://live5.mar.tv/d8300330c364971846e4b434f6512ff94341031a0402abd1f0e4b3d31099908f/42/index.m3u8
2026-08-23 04:42:08,108 [INFO] Scraping imervizia...
2026-08-23 04:42:11,437 [INFO]  -> Success: https://live6.mar.tv/d8300330c364971846e4b434f6512ff94341031a0402abd1f0e4b3d31099908f/imervizia/index.m3u8
2026-08-23 04:42:11,469 [INFO] Scraping diatv...
2026-08-23 04:42:14,798 [INFO]  -> Success: https://live4.mar.tv/d8300330c364971846e4b434f6512ff94341031a0402abd1f0e4b3d31099908f/dia/index.m3u8
2026-08-23 04:42:14,833 [INFO] Scraping chveniarxi...
2026-08-23 04:42:18,162 [INFO]  -> Success: https://live3.mar.tv/d8300330c364971846e4b434f6512ff94341031a0402abd1f0e4b3d31099908f/45rd/index.m3u8
2026-08-23 04:42:18,192 [INFO] Scraping batumitv...
2026-08-23 04:42:21,522 [INFO]  -> Success: https://live5.mar.tv/d8300330c364971846e4b434f6512ff94341031a0402abd1f0e4b3d31099908f/46/index.m3u8
2026-08-23 04:42:21,554 [INFO] Scraping rcheuli...
2026-08-23 04:42:24,886 [INFO]  -> Success: https://live5.mar.tv/d8300330c364971846e4b434f6512ff94341031a0402abd1f0e4b3d31099908f/47/index.m3u8
2026-08-23 04:42:24,921 [INFO] Scraping gurjaani...
2026-08-23 04:42:28,253 [INFO]  -> Success: https://live4.mar.tv/d8300330c364971846e4b434f6512ff94341031a0402abd1f0e4b3d31099908f/48m/index.m3u8
2026-08-23 04:42:28,287 [INFO] Scraping molitv...
2026-08-23 04:42:31,615 [INFO]  -> Success: https://live6.mar.tv/d8300330c364971846e4b434f6512ff94341031a0402abd1f0e4b3d31099908f/mollltv/index.m3u8
2026-08-23 04:42:31,647 [INFO] Scraping mexute...
2026-08-23 04:42:34,977 [INFO]  -> Success: https://live6.mar.tv/d8300330c364971846e4b434f6512ff94341031a0402abd1f0e4b3d31099908f/50/index.m3u8
2026-08-23 04:42:35,012 [INFO] Scraping agrogaremo...
2026-08-23 04:42:38,342 [INFO]  -> Success: https://live6.mar.tv/d8300330c364971846e4b434f6512ff94341031a0402abd1f0e4b3d31099908f/agrogaremo/index.m3u8
2026-08-23 04:42:38,372 [INFO] Scraping artv...
2026-08-23 04:42:41,701 [INFO]  -> Success: https://live6.mar.tv/d8300330c364971846e4b434f6512ff94341031a0402abd1f0e4b3d31099908f/tafutv/index.m3u8
2026-08-23 04:42:41,734 [INFO] Scraping meteo24...
2026-08-23 04:42:45,072 [INFO]  -> Success: https://live5.mar.tv/d8300330c364971846e4b434f6512ff94341031a0402abd1f0e4b3d31099908f/56/index.m3u8
2026-08-23 04:42:45,103 [INFO] Scraping georgiantimes...
2026-08-23 04:42:48,432 [INFO]  -> Success: https://live5.mar.tv/d8300330c364971846e4b434f6512ff94341031a0402abd1f0e4b3d31099908f/57/index.m3u8
2026-08-23 04:42:48,466 [INFO] Scraping silkuniversal...
2026-08-23 04:42:51,820 [INFO]  -> Success: https://live2.mar.tv/d8300330c364971846e4b434f6512ff94341031a0402abd1f0e4b3d31099908f/1arxiweb/index.m3u8
2026-08-23 04:42:51,851 [INFO] Scraping rugbytv...
2026-08-23 04:42:55,179 [INFO]  -> Success: https://live4.mar.tv/d8300330c364971846e4b434f6512ff94341031a0402abd1f0e4b3d31099908f/160m/index.m3u8
2026-08-23 04:42:55,214 [INFO] Scraping gms...
2026-08-23 04:42:58,541 [INFO]  -> Success: https://live5.mar.tv/d8300330c364971846e4b434f6512ff94341031a0402abd1f0e4b3d31099908f/161/index.m3u8
2026-08-23 04:42:58,575 [INFO] Scraping aiatv...
2026-08-23 04:43:01,907 [INFO]  -> Success: https://live6.mar.tv/d8300330c364971846e4b434f6512ff94341031a0402abd1f0e4b3d31099908f/aia/index.m3u8
2026-08-23 04:43:01,939 [INFO] Scraping batumi2...
2026-08-23 04:43:05,272 [INFO]  -> Success: https://live6.mar.tv/d8300330c364971846e4b434f6512ff94341031a0402abd1f0e4b3d31099908f/batumitv2/index.m3u8
2026-08-23 04:43:05,308 [INFO] Scraping altinfo...
2026-08-23 04:43:08,633 [INFO]  -> Success: https://live6.mar.tv/d8300330c364971846e4b434f6512ff94341031a0402abd1f0e4b3d31099908f/altinfo/index.m3u8
2026-08-23 04:43:08,669 [INFO] Scraping parliament...
2026-08-23 04:43:12,004 [INFO]  -> Success: https://live6.mar.tv/d8300330c364971846e4b434f6512ff94341031a0402abd1f0e4b3d31099908f/parlament/index.m3u8
2026-08-23 04:43:12,038 [INFO] Scraping egrisi...
2026-08-23 04:43:15,370 [INFO]  -> Success: https://live6.mar.tv/d8300330c364971846e4b434f6512ff94341031a0402abd1f0e4b3d31099908f/egrisi/index.m3u8
2026-08-23 04:43:15,401 [INFO] Scraping mzetv...
2026-08-23 04:43:18,731 [INFO]  -> Success: https://live6.mar.tv/d8300330c364971846e4b434f6512ff94341031a0402abd1f0e4b3d31099908f/mze/index.m3u8
2026-08-23 04:43:18,780 [WARNING] Failed to find tvg-id="rustavi2" in georgia_channels.m3u
2026-08-23 04:43:18,781 [WARNING] Failed to find tvg-id="maestro" in georgia_channels.m3u
2026-08-23 04:43:18,781 [WARNING] Failed to find tvg-id="marao" in georgia_channels.m3u
2026-08-23 04:43:18,781 [WARNING] Failed to find tvg-id="gds" in georgia_channels.m3u
2026-08-23 04:43:18,781 [WARNING] Failed to find tvg-id="comedy" in georgia_channels.m3u
2026-08-23 04:43:18,782 [WARNING] Failed to find tvg-id="bbb" in georgia_channels.m3u
2026-08-23 04:43:18,782 [WARNING] Failed to find tvg-id="enkibenki" in georgia_channels.m3u
2026-08-23 04:43:18,782 [WARNING] Failed to find tvg-id="adjaratv" in georgia_channels.m3u
2026-08-23 04:43:18,783 [WARNING] Failed to find tvg-id="rionitv" in georgia_channels.m3u
2026-08-23 04:43:18,783 [WARNING] Failed to find tvg-id="tv25" in georgia_channels.m3u
2026-08-23 04:43:18,783 [WARNING] Failed to find tvg-id="tv4rustavi" in georgia_channels.m3u
2026-08-23 04:43:18,783 [WARNING] Failed to find tvg-id="trialeti" in georgia_channels.m3u
2026-08-23 04:43:18,783 [WARNING] Failed to find tvg-id="dardimandi" in georgia_channels.m3u
2026-08-23 04:43:18,784 [WARNING] Failed to find tvg-id="agro" in georgia_channels.m3u
2026-08-23 04:43:18,784 [WARNING] Failed to find tvg-id="samefo" in georgia_channels.m3u
2026-08-23 04:43:18,784 [WARNING] Failed to find tvg-id="postv" in georgia_channels.m3u
2026-08-23 04:43:18,784 [WARNING] Failed to find tvg-id="megatv" in georgia_channels.m3u
2026-08-23 04:43:18,784 [WARNING] Failed to find tvg-id="qartuliarxi" in georgia_channels.m3u
2026-08-23 04:43:18,784 [WARNING] Failed to find tvg-id="musicbox" in georgia_channels.m3u
2026-08-23 04:43:18,785 [WARNING] Failed to find tvg-id="marneuli" in georgia_channels.m3u
2026-08-23 04:43:18,785 [WARNING] Failed to find tvg-id="axaliformula" in georgia_channels.m3u
2026-08-23 04:43:18,785 [WARNING] Failed to find tvg-id="o2" in georgia_channels.m3u
2026-08-23 04:43:18,785 [WARNING] Failed to find tvg-id="guria" in georgia_channels.m3u
2026-08-23 04:43:18,786 [WARNING] Failed to find tvg-id="imervizia" in georgia_channels.m3u
2026-08-23 04:43:18,786 [WARNING] Failed to find tvg-id="diatv" in georgia_channels.m3u
2026-08-23 04:43:18,786 [WARNING] Failed to find tvg-id="chveniarxi" in georgia_channels.m3u
2026-08-23 04:43:18,786 [WARNING] Failed to find tvg-id="batumitv" in georgia_channels.m3u
2026-08-23 04:43:18,786 [WARNING] Failed to find tvg-id="rcheuli" in georgia_channels.m3u
2026-08-23 04:43:18,786 [WARNING] Failed to find tvg-id="gurjaani" in georgia_channels.m3u
2026-08-23 04:43:18,787 [WARNING] Failed to find tvg-id="molitv" in georgia_channels.m3u
2026-08-23 04:43:18,787 [WARNING] Failed to find tvg-id="mexute" in georgia_channels.m3u
2026-08-23 04:43:18,787 [WARNING] Failed to find tvg-id="agrogaremo" in georgia_channels.m3u
2026-08-23 04:43:18,787 [WARNING] Failed to find tvg-id="artv" in georgia_channels.m3u
2026-08-23 04:43:18,787 [WARNING] Failed to find tvg-id="meteo24" in georgia_channels.m3u
2026-08-23 04:43:18,788 [WARNING] Failed to find tvg-id="georgiantimes" in georgia_channels.m3u
2026-08-23 04:43:18,788 [WARNING] Failed to find tvg-id="silkuniversal" in georgia_channels.m3u
2026-08-23 04:43:18,788 [WARNING] Failed to find tvg-id="rugbytv" in georgia_channels.m3u
2026-08-23 04:43:18,788 [WARNING] Failed to find tvg-id="gms" in georgia_channels.m3u
2026-08-23 04:43:18,788 [WARNING] Failed to find tvg-id="aiatv" in georgia_channels.m3u
2026-08-23 04:43:18,789 [WARNING] Failed to find tvg-id="batumi2" in georgia_channels.m3u
2026-08-23 04:43:18,789 [WARNING] Failed to find tvg-id="altinfo" in georgia_channels.m3u
2026-08-23 04:43:18,789 [WARNING] Failed to find tvg-id="parliament" in georgia_channels.m3u
2026-08-23 04:43:18,789 [WARNING] Failed to find tvg-id="egrisi" in georgia_channels.m3u
2026-08-23 04:43:18,789 [WARNING] Failed to find tvg-id="mzetv" in georgia_channels.m3u
2026-08-23 04:43:18,789 [INFO] No file changes were made.
2026-08-23 04:43:18,789 [INFO] === UPDATE EXECUTION FINISHED ===
