2026-08-25 13:52:58,353 [INFO] === UPDATE EXECUTION STARTED ===
2026-08-25 13:52:58,353 [INFO] Fetching Setanta Sports 3 from IPTV-ORG...
2026-08-25 13:52:58,445 [INFO] Launching batch scraper for 44 channels on tv.mar.tv...
2026-08-25 13:52:59,246 [INFO] Scraping rustavi2...
2026-08-25 13:53:04,280 [INFO]  -> Success: https://live8.mar.tv/1/4rd/index.m3u8
2026-08-25 13:53:04,323 [INFO] Scraping maestro...
2026-08-25 13:53:07,614 [INFO]  -> Success: https://live4.mar.tv/fcc3af7881a6355956454c31d17bd2f999232e14e429919d49fa720de3692fb6/352m/index.m3u8
2026-08-25 13:53:07,650 [INFO] Scraping marao...
2026-08-25 13:53:10,935 [INFO]  -> Success: https://live2.mar.tv/fcc3af7881a6355956454c31d17bd2f999232e14e429919d49fa720de3692fb6/12sd/index.m3u8
2026-08-25 13:53:10,974 [INFO] Scraping gds...
2026-08-25 13:53:14,261 [INFO]  -> Success: https://live1.mar.tv/fcc3af7881a6355956454c31d17bd2f999232e14e429919d49fa720de3692fb6/13sd/index.m3u8
2026-08-25 13:53:14,297 [INFO] Scraping comedy...
2026-08-25 13:53:17,580 [INFO]  -> Success: https://live4.mar.tv/fcc3af7881a6355956454c31d17bd2f999232e14e429919d49fa720de3692fb6/14rd/index.m3u8
2026-08-25 13:53:17,616 [INFO] Scraping bbb...
2026-08-25 13:53:20,897 [INFO]  -> Success: https://live2.mar.tv/fcc3af7881a6355956454c31d17bd2f999232e14e429919d49fa720de3692fb6/16sd/index.m3u8
2026-08-25 13:53:20,939 [INFO] Scraping enkibenki...
2026-08-25 13:53:24,222 [INFO]  -> Success: https://live2.mar.tv/fcc3af7881a6355956454c31d17bd2f999232e14e429919d49fa720de3692fb6/17e/index.m3u8
2026-08-25 13:53:24,257 [INFO] Scraping adjaratv...
2026-08-25 13:53:27,541 [INFO]  -> Success: https://live2.mar.tv/fcc3af7881a6355956454c31d17bd2f999232e14e429919d49fa720de3692fb6/19rd/index.m3u8
2026-08-25 13:53:27,577 [INFO] Scraping rionitv...
2026-08-25 13:53:30,862 [INFO]  -> Success: https://live6.mar.tv/fcc3af7881a6355956454c31d17bd2f999232e14e429919d49fa720de3692fb6/20rionn/index.m3u8
2026-08-25 13:53:30,901 [INFO] Scraping tv25...
2026-08-25 13:53:34,182 [INFO]  -> Success: https://live6.mar.tv/fcc3af7881a6355956454c31d17bd2f999232e14e429919d49fa720de3692fb6/23tv25/index.m3u8
2026-08-25 13:53:34,216 [INFO] Scraping tv4rustavi...
2026-08-25 13:53:37,502 [INFO]  -> Success: https://live6.mar.tv/fcc3af7881a6355956454c31d17bd2f999232e14e429919d49fa720de3692fb6/24tw4/index.m3u8
2026-08-25 13:53:37,536 [INFO] Scraping trialeti...
2026-08-25 13:53:40,817 [INFO]  -> Success: https://live6.mar.tv/fcc3af7881a6355956454c31d17bd2f999232e14e429919d49fa720de3692fb6/trialleti/index.m3u8
2026-08-25 13:53:40,852 [INFO] Scraping dardimandi...
2026-08-25 13:53:44,132 [INFO]  -> Success: https://live5.mar.tv/fcc3af7881a6355956454c31d17bd2f999232e14e429919d49fa720de3692fb6/27/index.m3u8
2026-08-25 13:53:44,168 [INFO] Scraping agro...
2026-08-25 13:53:47,445 [INFO]  -> Success: https://live5.mar.tv/fcc3af7881a6355956454c31d17bd2f999232e14e429919d49fa720de3692fb6/28/index.m3u8
2026-08-25 13:53:47,479 [INFO] Scraping samefo...
2026-08-25 13:53:50,760 [INFO]  -> Success: https://live5.mar.tv/fcc3af7881a6355956454c31d17bd2f999232e14e429919d49fa720de3692fb6/29/index.m3u8
2026-08-25 13:53:50,794 [INFO] Scraping postv...
2026-08-25 13:53:54,075 [INFO]  -> Success: https://live6.mar.tv/fcc3af7881a6355956454c31d17bd2f999232e14e429919d49fa720de3692fb6/postvw/index.m3u8
2026-08-25 13:53:54,108 [INFO] Scraping megatv...
2026-08-25 13:53:57,389 [INFO]  -> Success: https://live4.mar.tv/fcc3af7881a6355956454c31d17bd2f999232e14e429919d49fa720de3692fb6/32st/index.m3u8
2026-08-25 13:53:57,425 [INFO] Scraping qartuliarxi...
2026-08-25 13:54:00,702 [INFO]  -> Success: https://live6.mar.tv/fcc3af7881a6355956454c31d17bd2f999232e14e429919d49fa720de3692fb6/qartuli/index.m3u8
2026-08-25 13:54:00,742 [INFO] Scraping musicbox...
2026-08-25 13:54:04,022 [INFO]  -> Success: https://live6.mar.tv/fcc3af7881a6355956454c31d17bd2f999232e14e429919d49fa720de3692fb6/34musge/index.m3u8
2026-08-25 13:54:04,059 [INFO] Scraping marneuli...
2026-08-25 13:54:07,341 [INFO]  -> Success: https://live6.mar.tv/fcc3af7881a6355956454c31d17bd2f999232e14e429919d49fa720de3692fb6/37marn/index.m3u8
2026-08-25 13:54:07,375 [INFO] Scraping axaliformula...
2026-08-25 13:54:10,658 [INFO]  -> Success: https://live6.mar.tv/fcc3af7881a6355956454c31d17bd2f999232e14e429919d49fa720de3692fb6/axaliformla/index.m3u8
2026-08-25 13:54:10,693 [INFO] Scraping o2...
2026-08-25 13:54:13,975 [INFO]  -> Success: https://live5.mar.tv/fcc3af7881a6355956454c31d17bd2f999232e14e429919d49fa720de3692fb6/40/index.m3u8
2026-08-25 13:54:14,011 [INFO] Scraping guria...
2026-08-25 13:54:17,291 [INFO]  -> Success: https://live5.mar.tv/fcc3af7881a6355956454c31d17bd2f999232e14e429919d49fa720de3692fb6/42/index.m3u8
2026-08-25 13:54:17,326 [INFO] Scraping imervizia...
2026-08-25 13:54:20,607 [INFO]  -> Success: https://live6.mar.tv/fcc3af7881a6355956454c31d17bd2f999232e14e429919d49fa720de3692fb6/imervizia/index.m3u8
2026-08-25 13:54:20,640 [INFO] Scraping diatv...
2026-08-25 13:54:23,917 [INFO]  -> Success: https://live4.mar.tv/fcc3af7881a6355956454c31d17bd2f999232e14e429919d49fa720de3692fb6/dia/index.m3u8
2026-08-25 13:54:23,955 [INFO] Scraping chveniarxi...
2026-08-25 13:54:27,236 [INFO]  -> Success: https://live3.mar.tv/fcc3af7881a6355956454c31d17bd2f999232e14e429919d49fa720de3692fb6/45rd/index.m3u8
2026-08-25 13:54:27,271 [INFO] Scraping batumitv...
2026-08-25 13:54:30,549 [INFO]  -> Success: https://live5.mar.tv/fcc3af7881a6355956454c31d17bd2f999232e14e429919d49fa720de3692fb6/46/index.m3u8
2026-08-25 13:54:30,585 [INFO] Scraping rcheuli...
2026-08-25 13:54:33,867 [INFO]  -> Success: https://live5.mar.tv/fcc3af7881a6355956454c31d17bd2f999232e14e429919d49fa720de3692fb6/47/index.m3u8
2026-08-25 13:54:33,905 [INFO] Scraping gurjaani...
2026-08-25 13:54:37,182 [INFO]  -> Success: https://live4.mar.tv/fcc3af7881a6355956454c31d17bd2f999232e14e429919d49fa720de3692fb6/48m/index.m3u8
2026-08-25 13:54:37,215 [INFO] Scraping molitv...
2026-08-25 13:54:40,496 [INFO]  -> Success: https://live6.mar.tv/fcc3af7881a6355956454c31d17bd2f999232e14e429919d49fa720de3692fb6/mollltv/index.m3u8
2026-08-25 13:54:40,528 [INFO] Scraping mexute...
2026-08-25 13:54:43,806 [INFO]  -> Success: https://live6.mar.tv/fcc3af7881a6355956454c31d17bd2f999232e14e429919d49fa720de3692fb6/50/index.m3u8
2026-08-25 13:54:43,840 [INFO] Scraping agrogaremo...
2026-08-25 13:54:47,125 [INFO]  -> Success: https://live6.mar.tv/fcc3af7881a6355956454c31d17bd2f999232e14e429919d49fa720de3692fb6/agrogaremo/index.m3u8
2026-08-25 13:54:47,157 [INFO] Scraping artv...
2026-08-25 13:54:50,437 [INFO]  -> Success: https://live6.mar.tv/fcc3af7881a6355956454c31d17bd2f999232e14e429919d49fa720de3692fb6/tafutv/index.m3u8
2026-08-25 13:54:50,472 [INFO] Scraping meteo24...
2026-08-25 13:54:53,750 [INFO]  -> Success: https://live5.mar.tv/fcc3af7881a6355956454c31d17bd2f999232e14e429919d49fa720de3692fb6/56/index.m3u8
2026-08-25 13:54:53,786 [INFO] Scraping georgiantimes...
2026-08-25 13:54:57,071 [INFO]  -> Success: https://live5.mar.tv/fcc3af7881a6355956454c31d17bd2f999232e14e429919d49fa720de3692fb6/57/index.m3u8
2026-08-25 13:54:57,104 [INFO] Scraping silkuniversal...
2026-08-25 13:55:00,383 [INFO]  -> Success: https://live2.mar.tv/fcc3af7881a6355956454c31d17bd2f999232e14e429919d49fa720de3692fb6/1arxiweb/index.m3u8
2026-08-25 13:55:00,419 [INFO] Scraping rugbytv...
2026-08-25 13:55:03,703 [INFO]  -> Success: https://live4.mar.tv/fcc3af7881a6355956454c31d17bd2f999232e14e429919d49fa720de3692fb6/160m/index.m3u8
2026-08-25 13:55:03,736 [INFO] Scraping gms...
2026-08-25 13:55:07,015 [INFO]  -> Success: https://live5.mar.tv/fcc3af7881a6355956454c31d17bd2f999232e14e429919d49fa720de3692fb6/161/index.m3u8
2026-08-25 13:55:07,051 [INFO] Scraping aiatv...
2026-08-25 13:55:10,332 [INFO]  -> Success: https://live6.mar.tv/fcc3af7881a6355956454c31d17bd2f999232e14e429919d49fa720de3692fb6/aia/index.m3u8
2026-08-25 13:55:10,368 [INFO] Scraping batumi2...
2026-08-25 13:55:13,648 [INFO]  -> Success: https://live6.mar.tv/fcc3af7881a6355956454c31d17bd2f999232e14e429919d49fa720de3692fb6/batumitv2/index.m3u8
2026-08-25 13:55:13,685 [INFO] Scraping altinfo...
2026-08-25 13:55:16,960 [INFO]  -> Success: https://live6.mar.tv/fcc3af7881a6355956454c31d17bd2f999232e14e429919d49fa720de3692fb6/altinfo/index.m3u8
2026-08-25 13:55:16,995 [INFO] Scraping parliament...
2026-08-25 13:55:20,279 [INFO]  -> Success: https://live6.mar.tv/fcc3af7881a6355956454c31d17bd2f999232e14e429919d49fa720de3692fb6/parlament/index.m3u8
2026-08-25 13:55:20,314 [INFO] Scraping egrisi...
2026-08-25 13:55:23,596 [INFO]  -> Success: https://live6.mar.tv/fcc3af7881a6355956454c31d17bd2f999232e14e429919d49fa720de3692fb6/egrisi/index.m3u8
2026-08-25 13:55:23,631 [INFO] Scraping mzetv...
2026-08-25 13:55:26,908 [INFO]  -> Success: https://live6.mar.tv/fcc3af7881a6355956454c31d17bd2f999232e14e429919d49fa720de3692fb6/mze/index.m3u8
2026-08-25 13:55:26,964 [WARNING] Failed to find tvg-id="rustavi2" in georgia_channels.m3u
2026-08-25 13:55:26,965 [WARNING] Failed to find tvg-id="maestro" in georgia_channels.m3u
2026-08-25 13:55:26,965 [WARNING] Failed to find tvg-id="marao" in georgia_channels.m3u
2026-08-25 13:55:26,965 [WARNING] Failed to find tvg-id="gds" in georgia_channels.m3u
2026-08-25 13:55:26,965 [WARNING] Failed to find tvg-id="comedy" in georgia_channels.m3u
2026-08-25 13:55:26,965 [WARNING] Failed to find tvg-id="bbb" in georgia_channels.m3u
2026-08-25 13:55:26,966 [WARNING] Failed to find tvg-id="enkibenki" in georgia_channels.m3u
2026-08-25 13:55:26,966 [WARNING] Failed to find tvg-id="adjaratv" in georgia_channels.m3u
2026-08-25 13:55:26,966 [WARNING] Failed to find tvg-id="rionitv" in georgia_channels.m3u
2026-08-25 13:55:26,966 [WARNING] Failed to find tvg-id="tv25" in georgia_channels.m3u
2026-08-25 13:55:26,966 [WARNING] Failed to find tvg-id="tv4rustavi" in georgia_channels.m3u
2026-08-25 13:55:26,966 [WARNING] Failed to find tvg-id="trialeti" in georgia_channels.m3u
2026-08-25 13:55:26,967 [WARNING] Failed to find tvg-id="dardimandi" in georgia_channels.m3u
2026-08-25 13:55:26,967 [WARNING] Failed to find tvg-id="agro" in georgia_channels.m3u
2026-08-25 13:55:26,967 [WARNING] Failed to find tvg-id="samefo" in georgia_channels.m3u
2026-08-25 13:55:26,967 [WARNING] Failed to find tvg-id="postv" in georgia_channels.m3u
2026-08-25 13:55:26,967 [WARNING] Failed to find tvg-id="megatv" in georgia_channels.m3u
2026-08-25 13:55:26,967 [WARNING] Failed to find tvg-id="qartuliarxi" in georgia_channels.m3u
2026-08-25 13:55:26,967 [WARNING] Failed to find tvg-id="musicbox" in georgia_channels.m3u
2026-08-25 13:55:26,968 [WARNING] Failed to find tvg-id="marneuli" in georgia_channels.m3u
2026-08-25 13:55:26,968 [WARNING] Failed to find tvg-id="axaliformula" in georgia_channels.m3u
2026-08-25 13:55:26,968 [WARNING] Failed to find tvg-id="o2" in georgia_channels.m3u
2026-08-25 13:55:26,968 [WARNING] Failed to find tvg-id="guria" in georgia_channels.m3u
2026-08-25 13:55:26,968 [WARNING] Failed to find tvg-id="imervizia" in georgia_channels.m3u
2026-08-25 13:55:26,968 [WARNING] Failed to find tvg-id="diatv" in georgia_channels.m3u
2026-08-25 13:55:26,969 [WARNING] Failed to find tvg-id="chveniarxi" in georgia_channels.m3u
2026-08-25 13:55:26,969 [WARNING] Failed to find tvg-id="batumitv" in georgia_channels.m3u
2026-08-25 13:55:26,969 [WARNING] Failed to find tvg-id="rcheuli" in georgia_channels.m3u
2026-08-25 13:55:26,969 [WARNING] Failed to find tvg-id="gurjaani" in georgia_channels.m3u
2026-08-25 13:55:26,969 [WARNING] Failed to find tvg-id="molitv" in georgia_channels.m3u
2026-08-25 13:55:26,969 [WARNING] Failed to find tvg-id="mexute" in georgia_channels.m3u
2026-08-25 13:55:26,969 [WARNING] Failed to find tvg-id="agrogaremo" in georgia_channels.m3u
2026-08-25 13:55:26,970 [WARNING] Failed to find tvg-id="artv" in georgia_channels.m3u
2026-08-25 13:55:26,970 [WARNING] Failed to find tvg-id="meteo24" in georgia_channels.m3u
2026-08-25 13:55:26,970 [WARNING] Failed to find tvg-id="georgiantimes" in georgia_channels.m3u
2026-08-25 13:55:26,970 [WARNING] Failed to find tvg-id="silkuniversal" in georgia_channels.m3u
2026-08-25 13:55:26,970 [WARNING] Failed to find tvg-id="rugbytv" in georgia_channels.m3u
2026-08-25 13:55:26,970 [WARNING] Failed to find tvg-id="gms" in georgia_channels.m3u
2026-08-25 13:55:26,971 [WARNING] Failed to find tvg-id="aiatv" in georgia_channels.m3u
2026-08-25 13:55:26,971 [WARNING] Failed to find tvg-id="batumi2" in georgia_channels.m3u
2026-08-25 13:55:26,971 [WARNING] Failed to find tvg-id="altinfo" in georgia_channels.m3u
2026-08-25 13:55:26,971 [WARNING] Failed to find tvg-id="parliament" in georgia_channels.m3u
2026-08-25 13:55:26,971 [WARNING] Failed to find tvg-id="egrisi" in georgia_channels.m3u
2026-08-25 13:55:26,971 [WARNING] Failed to find tvg-id="mzetv" in georgia_channels.m3u
2026-08-25 13:55:26,971 [INFO] No file changes were made.
2026-08-25 13:55:26,971 [INFO] === UPDATE EXECUTION FINISHED ===
