2026-08-21 23:26:53,077 [INFO] === UPDATE EXECUTION STARTED ===
2026-08-21 23:26:53,077 [INFO] Fetching Setanta Sports 3 from IPTV-ORG...
2026-08-21 23:26:53,139 [INFO] Launching batch scraper for 44 channels on tv.mar.tv...
2026-08-21 23:26:53,738 [INFO] Scraping rustavi2...
2026-08-21 23:26:58,702 [INFO]  -> Success: https://live8.mar.tv/1/4rd/index.m3u8
2026-08-21 23:26:58,736 [INFO] Scraping maestro...
2026-08-21 23:27:02,019 [INFO]  -> Success: https://live4.mar.tv/996869ac18db1122e4e7303bc6b2d8ab1d6b8580872f811c83f182d71c0ccfa4/352m/index.m3u8
2026-08-21 23:27:02,057 [INFO] Scraping marao...
2026-08-21 23:27:05,337 [INFO]  -> Success: https://live2.mar.tv/996869ac18db1122e4e7303bc6b2d8ab1d6b8580872f811c83f182d71c0ccfa4/12sd/index.m3u8
2026-08-21 23:27:05,372 [INFO] Scraping gds...
2026-08-21 23:27:08,647 [INFO]  -> Success: https://live1.mar.tv/996869ac18db1122e4e7303bc6b2d8ab1d6b8580872f811c83f182d71c0ccfa4/13sd/index.m3u8
2026-08-21 23:27:08,684 [INFO] Scraping comedy...
2026-08-21 23:27:11,973 [INFO]  -> Success: https://live4.mar.tv/996869ac18db1122e4e7303bc6b2d8ab1d6b8580872f811c83f182d71c0ccfa4/14rd/index.m3u8
2026-08-21 23:27:12,008 [INFO] Scraping bbb...
2026-08-21 23:27:15,291 [INFO]  -> Success: https://live2.mar.tv/996869ac18db1122e4e7303bc6b2d8ab1d6b8580872f811c83f182d71c0ccfa4/16sd/index.m3u8
2026-08-21 23:27:15,325 [INFO] Scraping enkibenki...
2026-08-21 23:27:18,602 [INFO]  -> Success: https://live2.mar.tv/996869ac18db1122e4e7303bc6b2d8ab1d6b8580872f811c83f182d71c0ccfa4/17e/index.m3u8
2026-08-21 23:27:18,640 [INFO] Scraping adjaratv...
2026-08-21 23:27:21,919 [INFO]  -> Success: https://live2.mar.tv/996869ac18db1122e4e7303bc6b2d8ab1d6b8580872f811c83f182d71c0ccfa4/19rd/index.m3u8
2026-08-21 23:27:21,953 [INFO] Scraping rionitv...
2026-08-21 23:27:25,236 [INFO]  -> Success: https://live6.mar.tv/996869ac18db1122e4e7303bc6b2d8ab1d6b8580872f811c83f182d71c0ccfa4/20rionn/index.m3u8
2026-08-21 23:27:25,275 [INFO] Scraping tv25...
2026-08-21 23:27:28,561 [INFO]  -> Success: https://live6.mar.tv/996869ac18db1122e4e7303bc6b2d8ab1d6b8580872f811c83f182d71c0ccfa4/23tv25/index.m3u8
2026-08-21 23:27:28,598 [INFO] Scraping tv4rustavi...
2026-08-21 23:27:31,881 [INFO]  -> Success: https://live6.mar.tv/996869ac18db1122e4e7303bc6b2d8ab1d6b8580872f811c83f182d71c0ccfa4/24tw4/index.m3u8
2026-08-21 23:27:31,916 [INFO] Scraping trialeti...
2026-08-21 23:27:35,200 [INFO]  -> Success: https://live6.mar.tv/996869ac18db1122e4e7303bc6b2d8ab1d6b8580872f811c83f182d71c0ccfa4/trialleti/index.m3u8
2026-08-21 23:27:35,249 [INFO] Scraping dardimandi...
2026-08-21 23:27:38,522 [INFO]  -> Success: https://live5.mar.tv/996869ac18db1122e4e7303bc6b2d8ab1d6b8580872f811c83f182d71c0ccfa4/27/index.m3u8
2026-08-21 23:27:38,556 [INFO] Scraping agro...
2026-08-21 23:27:41,828 [INFO]  -> Success: https://live5.mar.tv/996869ac18db1122e4e7303bc6b2d8ab1d6b8580872f811c83f182d71c0ccfa4/28/index.m3u8
2026-08-21 23:27:41,862 [INFO] Scraping samefo...
2026-08-21 23:27:45,141 [INFO]  -> Success: https://live5.mar.tv/996869ac18db1122e4e7303bc6b2d8ab1d6b8580872f811c83f182d71c0ccfa4/29/index.m3u8
2026-08-21 23:27:45,175 [INFO] Scraping postv...
2026-08-21 23:27:48,457 [INFO]  -> Success: https://live6.mar.tv/996869ac18db1122e4e7303bc6b2d8ab1d6b8580872f811c83f182d71c0ccfa4/postvw/index.m3u8
2026-08-21 23:27:48,491 [INFO] Scraping megatv...
2026-08-21 23:27:51,766 [INFO]  -> Success: https://live4.mar.tv/996869ac18db1122e4e7303bc6b2d8ab1d6b8580872f811c83f182d71c0ccfa4/32st/index.m3u8
2026-08-21 23:27:51,800 [INFO] Scraping qartuliarxi...
2026-08-21 23:27:55,078 [INFO]  -> Success: https://live6.mar.tv/996869ac18db1122e4e7303bc6b2d8ab1d6b8580872f811c83f182d71c0ccfa4/qartuli/index.m3u8
2026-08-21 23:27:55,110 [INFO] Scraping musicbox...
2026-08-21 23:27:58,382 [INFO]  -> Success: https://live6.mar.tv/996869ac18db1122e4e7303bc6b2d8ab1d6b8580872f811c83f182d71c0ccfa4/34musge/index.m3u8
2026-08-21 23:27:58,412 [INFO] Scraping marneuli...
2026-08-21 23:28:01,690 [INFO]  -> Success: https://live6.mar.tv/996869ac18db1122e4e7303bc6b2d8ab1d6b8580872f811c83f182d71c0ccfa4/37marn/index.m3u8
2026-08-21 23:28:01,724 [INFO] Scraping axaliformula...
2026-08-21 23:28:05,003 [INFO]  -> Success: https://live6.mar.tv/996869ac18db1122e4e7303bc6b2d8ab1d6b8580872f811c83f182d71c0ccfa4/axaliformla/index.m3u8
2026-08-21 23:28:05,035 [INFO] Scraping o2...
2026-08-21 23:28:08,306 [INFO]  -> Success: https://live5.mar.tv/996869ac18db1122e4e7303bc6b2d8ab1d6b8580872f811c83f182d71c0ccfa4/40/index.m3u8
2026-08-21 23:28:08,339 [INFO] Scraping guria...
2026-08-21 23:28:11,617 [INFO]  -> Success: https://live5.mar.tv/996869ac18db1122e4e7303bc6b2d8ab1d6b8580872f811c83f182d71c0ccfa4/42/index.m3u8
2026-08-21 23:28:11,651 [INFO] Scraping imervizia...
2026-08-21 23:28:14,923 [INFO]  -> Success: https://live6.mar.tv/996869ac18db1122e4e7303bc6b2d8ab1d6b8580872f811c83f182d71c0ccfa4/imervizia/index.m3u8
2026-08-21 23:28:14,957 [INFO] Scraping diatv...
2026-08-21 23:28:18,230 [INFO]  -> Success: https://live4.mar.tv/996869ac18db1122e4e7303bc6b2d8ab1d6b8580872f811c83f182d71c0ccfa4/dia/index.m3u8
2026-08-21 23:28:18,266 [INFO] Scraping chveniarxi...
2026-08-21 23:28:21,549 [INFO]  -> Success: https://live3.mar.tv/996869ac18db1122e4e7303bc6b2d8ab1d6b8580872f811c83f182d71c0ccfa4/45rd/index.m3u8
2026-08-21 23:28:21,583 [INFO] Scraping batumitv...
2026-08-21 23:28:24,857 [INFO]  -> Success: https://live5.mar.tv/996869ac18db1122e4e7303bc6b2d8ab1d6b8580872f811c83f182d71c0ccfa4/46/index.m3u8
2026-08-21 23:28:24,891 [INFO] Scraping rcheuli...
2026-08-21 23:28:28,163 [INFO]  -> Success: https://live5.mar.tv/996869ac18db1122e4e7303bc6b2d8ab1d6b8580872f811c83f182d71c0ccfa4/47/index.m3u8
2026-08-21 23:28:28,195 [INFO] Scraping gurjaani...
2026-08-21 23:28:31,461 [INFO]  -> Success: https://live4.mar.tv/996869ac18db1122e4e7303bc6b2d8ab1d6b8580872f811c83f182d71c0ccfa4/48m/index.m3u8
2026-08-21 23:28:31,492 [INFO] Scraping molitv...
2026-08-21 23:28:34,760 [INFO]  -> Success: https://live6.mar.tv/996869ac18db1122e4e7303bc6b2d8ab1d6b8580872f811c83f182d71c0ccfa4/mollltv/index.m3u8
2026-08-21 23:28:34,793 [INFO] Scraping mexute...
2026-08-21 23:28:38,065 [INFO]  -> Success: https://live6.mar.tv/996869ac18db1122e4e7303bc6b2d8ab1d6b8580872f811c83f182d71c0ccfa4/50/index.m3u8
2026-08-21 23:28:38,098 [INFO] Scraping agrogaremo...
2026-08-21 23:28:41,371 [INFO]  -> Success: https://live6.mar.tv/996869ac18db1122e4e7303bc6b2d8ab1d6b8580872f811c83f182d71c0ccfa4/agrogaremo/index.m3u8
2026-08-21 23:28:41,406 [INFO] Scraping artv...
2026-08-21 23:28:44,676 [INFO]  -> Success: https://live6.mar.tv/996869ac18db1122e4e7303bc6b2d8ab1d6b8580872f811c83f182d71c0ccfa4/tafutv/index.m3u8
2026-08-21 23:28:44,708 [INFO] Scraping meteo24...
2026-08-21 23:28:47,976 [INFO]  -> Success: https://live5.mar.tv/996869ac18db1122e4e7303bc6b2d8ab1d6b8580872f811c83f182d71c0ccfa4/56/index.m3u8
2026-08-21 23:28:48,009 [INFO] Scraping georgiantimes...
2026-08-21 23:28:51,287 [INFO]  -> Success: https://live5.mar.tv/996869ac18db1122e4e7303bc6b2d8ab1d6b8580872f811c83f182d71c0ccfa4/57/index.m3u8
2026-08-21 23:28:51,320 [INFO] Scraping silkuniversal...
2026-08-21 23:28:54,591 [INFO]  -> Success: https://live2.mar.tv/996869ac18db1122e4e7303bc6b2d8ab1d6b8580872f811c83f182d71c0ccfa4/1arxiweb/index.m3u8
2026-08-21 23:28:54,624 [INFO] Scraping rugbytv...
2026-08-21 23:28:57,897 [INFO]  -> Success: https://live4.mar.tv/996869ac18db1122e4e7303bc6b2d8ab1d6b8580872f811c83f182d71c0ccfa4/160m/index.m3u8
2026-08-21 23:28:57,938 [INFO] Scraping gms...
2026-08-21 23:29:01,213 [INFO]  -> Success: https://live5.mar.tv/996869ac18db1122e4e7303bc6b2d8ab1d6b8580872f811c83f182d71c0ccfa4/161/index.m3u8
2026-08-21 23:29:01,247 [INFO] Scraping aiatv...
2026-08-21 23:29:04,518 [INFO]  -> Success: https://live6.mar.tv/996869ac18db1122e4e7303bc6b2d8ab1d6b8580872f811c83f182d71c0ccfa4/aia/index.m3u8
2026-08-21 23:29:04,555 [INFO] Scraping batumi2...
2026-08-21 23:29:07,831 [INFO]  -> Success: https://live6.mar.tv/996869ac18db1122e4e7303bc6b2d8ab1d6b8580872f811c83f182d71c0ccfa4/batumitv2/index.m3u8
2026-08-21 23:29:07,866 [INFO] Scraping altinfo...
2026-08-21 23:29:11,148 [INFO]  -> Success: https://live6.mar.tv/996869ac18db1122e4e7303bc6b2d8ab1d6b8580872f811c83f182d71c0ccfa4/altinfo/index.m3u8
2026-08-21 23:29:11,185 [INFO] Scraping parliament...
2026-08-21 23:29:14,462 [INFO]  -> Success: https://live6.mar.tv/996869ac18db1122e4e7303bc6b2d8ab1d6b8580872f811c83f182d71c0ccfa4/parlament/index.m3u8
2026-08-21 23:29:14,496 [INFO] Scraping egrisi...
2026-08-21 23:29:17,774 [INFO]  -> Success: https://live6.mar.tv/996869ac18db1122e4e7303bc6b2d8ab1d6b8580872f811c83f182d71c0ccfa4/egrisi/index.m3u8
2026-08-21 23:29:17,819 [INFO] Scraping mzetv...
2026-08-21 23:29:21,099 [INFO]  -> Success: https://live6.mar.tv/996869ac18db1122e4e7303bc6b2d8ab1d6b8580872f811c83f182d71c0ccfa4/mze/index.m3u8
2026-08-21 23:29:21,151 [WARNING] Failed to find tvg-id="rustavi2" in georgia_channels.m3u
2026-08-21 23:29:21,151 [WARNING] Failed to find tvg-id="maestro" in georgia_channels.m3u
2026-08-21 23:29:21,151 [WARNING] Failed to find tvg-id="marao" in georgia_channels.m3u
2026-08-21 23:29:21,151 [WARNING] Failed to find tvg-id="gds" in georgia_channels.m3u
2026-08-21 23:29:21,152 [WARNING] Failed to find tvg-id="comedy" in georgia_channels.m3u
2026-08-21 23:29:21,152 [WARNING] Failed to find tvg-id="bbb" in georgia_channels.m3u
2026-08-21 23:29:21,152 [WARNING] Failed to find tvg-id="enkibenki" in georgia_channels.m3u
2026-08-21 23:29:21,153 [WARNING] Failed to find tvg-id="adjaratv" in georgia_channels.m3u
2026-08-21 23:29:21,153 [WARNING] Failed to find tvg-id="rionitv" in georgia_channels.m3u
2026-08-21 23:29:21,153 [WARNING] Failed to find tvg-id="tv25" in georgia_channels.m3u
2026-08-21 23:29:21,153 [WARNING] Failed to find tvg-id="tv4rustavi" in georgia_channels.m3u
2026-08-21 23:29:21,154 [WARNING] Failed to find tvg-id="trialeti" in georgia_channels.m3u
2026-08-21 23:29:21,154 [WARNING] Failed to find tvg-id="dardimandi" in georgia_channels.m3u
2026-08-21 23:29:21,154 [WARNING] Failed to find tvg-id="agro" in georgia_channels.m3u
2026-08-21 23:29:21,154 [WARNING] Failed to find tvg-id="samefo" in georgia_channels.m3u
2026-08-21 23:29:21,155 [WARNING] Failed to find tvg-id="postv" in georgia_channels.m3u
2026-08-21 23:29:21,155 [WARNING] Failed to find tvg-id="megatv" in georgia_channels.m3u
2026-08-21 23:29:21,155 [WARNING] Failed to find tvg-id="qartuliarxi" in georgia_channels.m3u
2026-08-21 23:29:21,155 [WARNING] Failed to find tvg-id="musicbox" in georgia_channels.m3u
2026-08-21 23:29:21,156 [WARNING] Failed to find tvg-id="marneuli" in georgia_channels.m3u
2026-08-21 23:29:21,156 [WARNING] Failed to find tvg-id="axaliformula" in georgia_channels.m3u
2026-08-21 23:29:21,156 [WARNING] Failed to find tvg-id="o2" in georgia_channels.m3u
2026-08-21 23:29:21,156 [WARNING] Failed to find tvg-id="guria" in georgia_channels.m3u
2026-08-21 23:29:21,157 [WARNING] Failed to find tvg-id="imervizia" in georgia_channels.m3u
2026-08-21 23:29:21,157 [WARNING] Failed to find tvg-id="diatv" in georgia_channels.m3u
2026-08-21 23:29:21,157 [WARNING] Failed to find tvg-id="chveniarxi" in georgia_channels.m3u
2026-08-21 23:29:21,157 [WARNING] Failed to find tvg-id="batumitv" in georgia_channels.m3u
2026-08-21 23:29:21,158 [WARNING] Failed to find tvg-id="rcheuli" in georgia_channels.m3u
2026-08-21 23:29:21,158 [WARNING] Failed to find tvg-id="gurjaani" in georgia_channels.m3u
2026-08-21 23:29:21,158 [WARNING] Failed to find tvg-id="molitv" in georgia_channels.m3u
2026-08-21 23:29:21,159 [WARNING] Failed to find tvg-id="mexute" in georgia_channels.m3u
2026-08-21 23:29:21,159 [WARNING] Failed to find tvg-id="agrogaremo" in georgia_channels.m3u
2026-08-21 23:29:21,159 [WARNING] Failed to find tvg-id="artv" in georgia_channels.m3u
2026-08-21 23:29:21,159 [WARNING] Failed to find tvg-id="meteo24" in georgia_channels.m3u
2026-08-21 23:29:21,160 [WARNING] Failed to find tvg-id="georgiantimes" in georgia_channels.m3u
2026-08-21 23:29:21,160 [WARNING] Failed to find tvg-id="silkuniversal" in georgia_channels.m3u
2026-08-21 23:29:21,160 [WARNING] Failed to find tvg-id="rugbytv" in georgia_channels.m3u
2026-08-21 23:29:21,160 [WARNING] Failed to find tvg-id="gms" in georgia_channels.m3u
2026-08-21 23:29:21,161 [WARNING] Failed to find tvg-id="aiatv" in georgia_channels.m3u
2026-08-21 23:29:21,161 [WARNING] Failed to find tvg-id="batumi2" in georgia_channels.m3u
2026-08-21 23:29:21,161 [WARNING] Failed to find tvg-id="altinfo" in georgia_channels.m3u
2026-08-21 23:29:21,161 [WARNING] Failed to find tvg-id="parliament" in georgia_channels.m3u
2026-08-21 23:29:21,162 [WARNING] Failed to find tvg-id="egrisi" in georgia_channels.m3u
2026-08-21 23:29:21,162 [WARNING] Failed to find tvg-id="mzetv" in georgia_channels.m3u
2026-08-21 23:29:21,162 [INFO] No file changes were made.
2026-08-21 23:29:21,162 [INFO] === UPDATE EXECUTION FINISHED ===
