2026-08-26 19:04:58,079 [INFO] === UPDATE EXECUTION STARTED ===
2026-08-26 19:04:58,080 [INFO] Fetching Setanta Sports 3 from IPTV-ORG...
2026-08-26 19:04:58,124 [INFO] Launching batch scraper for 44 channels on tv.mar.tv...
2026-08-26 19:04:58,883 [INFO] Scraping rustavi2...
2026-08-26 19:05:03,880 [INFO]  -> Success: https://live8.mar.tv/1/4rd/index.m3u8
2026-08-26 19:05:03,913 [INFO] Scraping maestro...
2026-08-26 19:05:07,194 [INFO]  -> Success: https://live4.mar.tv/bec21211942a497732d01d39777fa3ae6b6fed9e6df44655cb8873f5f40d9185/352m/index.m3u8
2026-08-26 19:05:07,227 [INFO] Scraping marao...
2026-08-26 19:05:10,507 [INFO]  -> Success: https://live2.mar.tv/bec21211942a497732d01d39777fa3ae6b6fed9e6df44655cb8873f5f40d9185/12sd/index.m3u8
2026-08-26 19:05:10,541 [INFO] Scraping gds...
2026-08-26 19:05:13,819 [INFO]  -> Success: https://live1.mar.tv/bec21211942a497732d01d39777fa3ae6b6fed9e6df44655cb8873f5f40d9185/13sd/index.m3u8
2026-08-26 19:05:13,856 [INFO] Scraping comedy...
2026-08-26 19:05:17,138 [INFO]  -> Success: https://live4.mar.tv/bec21211942a497732d01d39777fa3ae6b6fed9e6df44655cb8873f5f40d9185/14rd/index.m3u8
2026-08-26 19:05:17,171 [INFO] Scraping bbb...
2026-08-26 19:05:20,446 [INFO]  -> Success: https://live2.mar.tv/bec21211942a497732d01d39777fa3ae6b6fed9e6df44655cb8873f5f40d9185/16sd/index.m3u8
2026-08-26 19:05:20,481 [INFO] Scraping enkibenki...
2026-08-26 19:05:23,759 [INFO]  -> Success: https://live2.mar.tv/bec21211942a497732d01d39777fa3ae6b6fed9e6df44655cb8873f5f40d9185/17e/index.m3u8
2026-08-26 19:05:23,794 [INFO] Scraping adjaratv...
2026-08-26 19:05:27,072 [INFO]  -> Success: https://live2.mar.tv/bec21211942a497732d01d39777fa3ae6b6fed9e6df44655cb8873f5f40d9185/19rd/index.m3u8
2026-08-26 19:05:27,106 [INFO] Scraping rionitv...
2026-08-26 19:05:30,378 [INFO]  -> Success: https://live6.mar.tv/bec21211942a497732d01d39777fa3ae6b6fed9e6df44655cb8873f5f40d9185/20rionn/index.m3u8
2026-08-26 19:05:30,411 [INFO] Scraping tv25...
2026-08-26 19:05:33,689 [INFO]  -> Success: https://live6.mar.tv/bec21211942a497732d01d39777fa3ae6b6fed9e6df44655cb8873f5f40d9185/23tv25/index.m3u8
2026-08-26 19:05:33,723 [INFO] Scraping tv4rustavi...
2026-08-26 19:05:37,001 [INFO]  -> Success: https://live6.mar.tv/bec21211942a497732d01d39777fa3ae6b6fed9e6df44655cb8873f5f40d9185/24tw4/index.m3u8
2026-08-26 19:05:37,035 [INFO] Scraping trialeti...
2026-08-26 19:05:40,309 [INFO]  -> Success: https://live6.mar.tv/bec21211942a497732d01d39777fa3ae6b6fed9e6df44655cb8873f5f40d9185/trialleti/index.m3u8
2026-08-26 19:05:40,396 [INFO] Scraping dardimandi...
2026-08-26 19:05:43,674 [INFO]  -> Success: https://live5.mar.tv/bec21211942a497732d01d39777fa3ae6b6fed9e6df44655cb8873f5f40d9185/27/index.m3u8
2026-08-26 19:05:43,707 [INFO] Scraping agro...
2026-08-26 19:05:46,984 [INFO]  -> Success: https://live5.mar.tv/bec21211942a497732d01d39777fa3ae6b6fed9e6df44655cb8873f5f40d9185/28/index.m3u8
2026-08-26 19:05:47,018 [INFO] Scraping samefo...
2026-08-26 19:05:50,294 [INFO]  -> Success: https://live5.mar.tv/bec21211942a497732d01d39777fa3ae6b6fed9e6df44655cb8873f5f40d9185/29/index.m3u8
2026-08-26 19:05:50,328 [INFO] Scraping postv...
2026-08-26 19:05:53,605 [INFO]  -> Success: https://live6.mar.tv/bec21211942a497732d01d39777fa3ae6b6fed9e6df44655cb8873f5f40d9185/postvw/index.m3u8
2026-08-26 19:05:53,639 [INFO] Scraping megatv...
2026-08-26 19:05:56,915 [INFO]  -> Success: https://live4.mar.tv/bec21211942a497732d01d39777fa3ae6b6fed9e6df44655cb8873f5f40d9185/32st/index.m3u8
2026-08-26 19:05:56,946 [INFO] Scraping qartuliarxi...
2026-08-26 19:06:00,221 [INFO]  -> Success: https://live6.mar.tv/bec21211942a497732d01d39777fa3ae6b6fed9e6df44655cb8873f5f40d9185/qartuli/index.m3u8
2026-08-26 19:06:00,257 [INFO] Scraping musicbox...
2026-08-26 19:06:03,530 [INFO]  -> Success: https://live6.mar.tv/bec21211942a497732d01d39777fa3ae6b6fed9e6df44655cb8873f5f40d9185/34musge/index.m3u8
2026-08-26 19:06:03,566 [INFO] Scraping marneuli...
2026-08-26 19:06:06,843 [INFO]  -> Success: https://live6.mar.tv/bec21211942a497732d01d39777fa3ae6b6fed9e6df44655cb8873f5f40d9185/37marn/index.m3u8
2026-08-26 19:06:06,877 [INFO] Scraping axaliformula...
2026-08-26 19:06:10,152 [INFO]  -> Success: https://live6.mar.tv/bec21211942a497732d01d39777fa3ae6b6fed9e6df44655cb8873f5f40d9185/axaliformla/index.m3u8
2026-08-26 19:06:10,188 [INFO] Scraping o2...
2026-08-26 19:06:13,460 [INFO]  -> Success: https://live5.mar.tv/bec21211942a497732d01d39777fa3ae6b6fed9e6df44655cb8873f5f40d9185/40/index.m3u8
2026-08-26 19:06:13,492 [INFO] Scraping guria...
2026-08-26 19:06:16,776 [INFO]  -> Success: https://live5.mar.tv/bec21211942a497732d01d39777fa3ae6b6fed9e6df44655cb8873f5f40d9185/42/index.m3u8
2026-08-26 19:06:16,811 [INFO] Scraping imervizia...
2026-08-26 19:06:20,085 [INFO]  -> Success: https://live6.mar.tv/bec21211942a497732d01d39777fa3ae6b6fed9e6df44655cb8873f5f40d9185/imervizia/index.m3u8
2026-08-26 19:06:20,117 [INFO] Scraping diatv...
2026-08-26 19:06:23,395 [INFO]  -> Success: https://live4.mar.tv/bec21211942a497732d01d39777fa3ae6b6fed9e6df44655cb8873f5f40d9185/dia/index.m3u8
2026-08-26 19:06:23,429 [INFO] Scraping chveniarxi...
2026-08-26 19:06:26,703 [INFO]  -> Success: https://live3.mar.tv/bec21211942a497732d01d39777fa3ae6b6fed9e6df44655cb8873f5f40d9185/45rd/index.m3u8
2026-08-26 19:06:26,740 [INFO] Scraping batumitv...
2026-08-26 19:06:30,016 [INFO]  -> Success: https://live5.mar.tv/bec21211942a497732d01d39777fa3ae6b6fed9e6df44655cb8873f5f40d9185/46/index.m3u8
2026-08-26 19:06:30,051 [INFO] Scraping rcheuli...
2026-08-26 19:06:33,331 [INFO]  -> Success: https://live5.mar.tv/bec21211942a497732d01d39777fa3ae6b6fed9e6df44655cb8873f5f40d9185/47/index.m3u8
2026-08-26 19:06:33,364 [INFO] Scraping gurjaani...
2026-08-26 19:06:36,636 [INFO]  -> Success: https://live4.mar.tv/bec21211942a497732d01d39777fa3ae6b6fed9e6df44655cb8873f5f40d9185/48m/index.m3u8
2026-08-26 19:06:36,668 [INFO] Scraping molitv...
2026-08-26 19:06:39,943 [INFO]  -> Success: https://live6.mar.tv/bec21211942a497732d01d39777fa3ae6b6fed9e6df44655cb8873f5f40d9185/mollltv/index.m3u8
2026-08-26 19:06:39,975 [INFO] Scraping mexute...
2026-08-26 19:06:43,252 [INFO]  -> Success: https://live6.mar.tv/bec21211942a497732d01d39777fa3ae6b6fed9e6df44655cb8873f5f40d9185/50/index.m3u8
2026-08-26 19:06:43,286 [INFO] Scraping agrogaremo...
2026-08-26 19:06:46,559 [INFO]  -> Success: https://live6.mar.tv/bec21211942a497732d01d39777fa3ae6b6fed9e6df44655cb8873f5f40d9185/agrogaremo/index.m3u8
2026-08-26 19:06:46,595 [INFO] Scraping artv...
2026-08-26 19:06:49,874 [INFO]  -> Success: https://live6.mar.tv/bec21211942a497732d01d39777fa3ae6b6fed9e6df44655cb8873f5f40d9185/tafutv/index.m3u8
2026-08-26 19:06:49,910 [INFO] Scraping meteo24...
2026-08-26 19:06:53,185 [INFO]  -> Success: https://live5.mar.tv/bec21211942a497732d01d39777fa3ae6b6fed9e6df44655cb8873f5f40d9185/56/index.m3u8
2026-08-26 19:06:53,222 [INFO] Scraping georgiantimes...
2026-08-26 19:06:56,497 [INFO]  -> Success: https://live5.mar.tv/bec21211942a497732d01d39777fa3ae6b6fed9e6df44655cb8873f5f40d9185/57/index.m3u8
2026-08-26 19:06:56,534 [INFO] Scraping silkuniversal...
2026-08-26 19:06:59,809 [INFO]  -> Success: https://live2.mar.tv/bec21211942a497732d01d39777fa3ae6b6fed9e6df44655cb8873f5f40d9185/1arxiweb/index.m3u8
2026-08-26 19:06:59,841 [INFO] Scraping rugbytv...
2026-08-26 19:07:03,117 [INFO]  -> Success: https://live4.mar.tv/bec21211942a497732d01d39777fa3ae6b6fed9e6df44655cb8873f5f40d9185/160m/index.m3u8
2026-08-26 19:07:03,151 [INFO] Scraping gms...
2026-08-26 19:07:06,427 [INFO]  -> Success: https://live5.mar.tv/bec21211942a497732d01d39777fa3ae6b6fed9e6df44655cb8873f5f40d9185/161/index.m3u8
2026-08-26 19:07:06,461 [INFO] Scraping aiatv...
2026-08-26 19:07:09,739 [INFO]  -> Success: https://live6.mar.tv/bec21211942a497732d01d39777fa3ae6b6fed9e6df44655cb8873f5f40d9185/aia/index.m3u8
2026-08-26 19:07:09,773 [INFO] Scraping batumi2...
2026-08-26 19:07:13,049 [INFO]  -> Success: https://live6.mar.tv/bec21211942a497732d01d39777fa3ae6b6fed9e6df44655cb8873f5f40d9185/batumitv2/index.m3u8
2026-08-26 19:07:13,085 [INFO] Scraping altinfo...
2026-08-26 19:07:16,359 [INFO]  -> Success: https://live6.mar.tv/bec21211942a497732d01d39777fa3ae6b6fed9e6df44655cb8873f5f40d9185/altinfo/index.m3u8
2026-08-26 19:07:16,394 [INFO] Scraping parliament...
2026-08-26 19:07:19,674 [INFO]  -> Success: https://live6.mar.tv/bec21211942a497732d01d39777fa3ae6b6fed9e6df44655cb8873f5f40d9185/parlament/index.m3u8
2026-08-26 19:07:19,706 [INFO] Scraping egrisi...
2026-08-26 19:07:22,995 [INFO]  -> Success: https://live6.mar.tv/bec21211942a497732d01d39777fa3ae6b6fed9e6df44655cb8873f5f40d9185/egrisi/index.m3u8
2026-08-26 19:07:23,030 [INFO] Scraping mzetv...
2026-08-26 19:07:26,306 [INFO]  -> Success: https://live6.mar.tv/bec21211942a497732d01d39777fa3ae6b6fed9e6df44655cb8873f5f40d9185/mze/index.m3u8
2026-08-26 19:07:26,354 [WARNING] Failed to find tvg-id="rustavi2" in georgia_channels.m3u
2026-08-26 19:07:26,354 [WARNING] Failed to find tvg-id="maestro" in georgia_channels.m3u
2026-08-26 19:07:26,354 [WARNING] Failed to find tvg-id="marao" in georgia_channels.m3u
2026-08-26 19:07:26,354 [WARNING] Failed to find tvg-id="gds" in georgia_channels.m3u
2026-08-26 19:07:26,355 [WARNING] Failed to find tvg-id="comedy" in georgia_channels.m3u
2026-08-26 19:07:26,355 [WARNING] Failed to find tvg-id="bbb" in georgia_channels.m3u
2026-08-26 19:07:26,355 [WARNING] Failed to find tvg-id="enkibenki" in georgia_channels.m3u
2026-08-26 19:07:26,355 [WARNING] Failed to find tvg-id="adjaratv" in georgia_channels.m3u
2026-08-26 19:07:26,355 [WARNING] Failed to find tvg-id="rionitv" in georgia_channels.m3u
2026-08-26 19:07:26,355 [WARNING] Failed to find tvg-id="tv25" in georgia_channels.m3u
2026-08-26 19:07:26,356 [WARNING] Failed to find tvg-id="tv4rustavi" in georgia_channels.m3u
2026-08-26 19:07:26,356 [WARNING] Failed to find tvg-id="trialeti" in georgia_channels.m3u
2026-08-26 19:07:26,356 [WARNING] Failed to find tvg-id="dardimandi" in georgia_channels.m3u
2026-08-26 19:07:26,356 [WARNING] Failed to find tvg-id="agro" in georgia_channels.m3u
2026-08-26 19:07:26,356 [WARNING] Failed to find tvg-id="samefo" in georgia_channels.m3u
2026-08-26 19:07:26,356 [WARNING] Failed to find tvg-id="postv" in georgia_channels.m3u
2026-08-26 19:07:26,356 [WARNING] Failed to find tvg-id="megatv" in georgia_channels.m3u
2026-08-26 19:07:26,357 [WARNING] Failed to find tvg-id="qartuliarxi" in georgia_channels.m3u
2026-08-26 19:07:26,357 [WARNING] Failed to find tvg-id="musicbox" in georgia_channels.m3u
2026-08-26 19:07:26,357 [WARNING] Failed to find tvg-id="marneuli" in georgia_channels.m3u
2026-08-26 19:07:26,357 [WARNING] Failed to find tvg-id="axaliformula" in georgia_channels.m3u
2026-08-26 19:07:26,357 [WARNING] Failed to find tvg-id="o2" in georgia_channels.m3u
2026-08-26 19:07:26,357 [WARNING] Failed to find tvg-id="guria" in georgia_channels.m3u
2026-08-26 19:07:26,358 [WARNING] Failed to find tvg-id="imervizia" in georgia_channels.m3u
2026-08-26 19:07:26,358 [WARNING] Failed to find tvg-id="diatv" in georgia_channels.m3u
2026-08-26 19:07:26,358 [WARNING] Failed to find tvg-id="chveniarxi" in georgia_channels.m3u
2026-08-26 19:07:26,358 [WARNING] Failed to find tvg-id="batumitv" in georgia_channels.m3u
2026-08-26 19:07:26,358 [WARNING] Failed to find tvg-id="rcheuli" in georgia_channels.m3u
2026-08-26 19:07:26,358 [WARNING] Failed to find tvg-id="gurjaani" in georgia_channels.m3u
2026-08-26 19:07:26,358 [WARNING] Failed to find tvg-id="molitv" in georgia_channels.m3u
2026-08-26 19:07:26,359 [WARNING] Failed to find tvg-id="mexute" in georgia_channels.m3u
2026-08-26 19:07:26,359 [WARNING] Failed to find tvg-id="agrogaremo" in georgia_channels.m3u
2026-08-26 19:07:26,359 [WARNING] Failed to find tvg-id="artv" in georgia_channels.m3u
2026-08-26 19:07:26,359 [WARNING] Failed to find tvg-id="meteo24" in georgia_channels.m3u
2026-08-26 19:07:26,359 [WARNING] Failed to find tvg-id="georgiantimes" in georgia_channels.m3u
2026-08-26 19:07:26,359 [WARNING] Failed to find tvg-id="silkuniversal" in georgia_channels.m3u
2026-08-26 19:07:26,360 [WARNING] Failed to find tvg-id="rugbytv" in georgia_channels.m3u
2026-08-26 19:07:26,360 [WARNING] Failed to find tvg-id="gms" in georgia_channels.m3u
2026-08-26 19:07:26,360 [WARNING] Failed to find tvg-id="aiatv" in georgia_channels.m3u
2026-08-26 19:07:26,360 [WARNING] Failed to find tvg-id="batumi2" in georgia_channels.m3u
2026-08-26 19:07:26,360 [WARNING] Failed to find tvg-id="altinfo" in georgia_channels.m3u
2026-08-26 19:07:26,361 [WARNING] Failed to find tvg-id="parliament" in georgia_channels.m3u
2026-08-26 19:07:26,361 [WARNING] Failed to find tvg-id="egrisi" in georgia_channels.m3u
2026-08-26 19:07:26,361 [WARNING] Failed to find tvg-id="mzetv" in georgia_channels.m3u
2026-08-26 19:07:26,361 [INFO] No file changes were made.
2026-08-26 19:07:26,361 [INFO] === UPDATE EXECUTION FINISHED ===
