2026-08-24 14:45:44,206 [INFO] === UPDATE EXECUTION STARTED ===
2026-08-24 14:45:44,206 [INFO] Fetching Setanta Sports 3 from IPTV-ORG...
2026-08-24 14:45:44,356 [INFO] Launching batch scraper for 44 channels on tv.mar.tv...
2026-08-24 14:45:44,941 [INFO] Scraping rustavi2...
2026-08-24 14:45:50,214 [INFO]  -> Success: https://live8.mar.tv/1/4rd/index.m3u8
2026-08-24 14:45:50,251 [INFO] Scraping maestro...
2026-08-24 14:45:53,581 [INFO]  -> Success: https://live4.mar.tv/90b3083ac8c8ba8d0e6967eb2e7a0e6d783d5261afda5ad05975f8edcaeea62d/352m/index.m3u8
2026-08-24 14:45:53,615 [INFO] Scraping marao...
2026-08-24 14:45:56,924 [INFO]  -> Success: https://live2.mar.tv/90b3083ac8c8ba8d0e6967eb2e7a0e6d783d5261afda5ad05975f8edcaeea62d/12sd/index.m3u8
2026-08-24 14:45:56,958 [INFO] Scraping gds...
2026-08-24 14:46:00,271 [INFO]  -> Success: https://live1.mar.tv/90b3083ac8c8ba8d0e6967eb2e7a0e6d783d5261afda5ad05975f8edcaeea62d/13sd/index.m3u8
2026-08-24 14:46:00,303 [INFO] Scraping comedy...
2026-08-24 14:46:03,616 [INFO]  -> Success: https://live4.mar.tv/90b3083ac8c8ba8d0e6967eb2e7a0e6d783d5261afda5ad05975f8edcaeea62d/14rd/index.m3u8
2026-08-24 14:46:03,648 [INFO] Scraping bbb...
2026-08-24 14:46:06,962 [INFO]  -> Success: https://live2.mar.tv/90b3083ac8c8ba8d0e6967eb2e7a0e6d783d5261afda5ad05975f8edcaeea62d/16sd/index.m3u8
2026-08-24 14:46:06,995 [INFO] Scraping enkibenki...
2026-08-24 14:46:10,305 [INFO]  -> Success: https://live2.mar.tv/90b3083ac8c8ba8d0e6967eb2e7a0e6d783d5261afda5ad05975f8edcaeea62d/17e/index.m3u8
2026-08-24 14:46:10,339 [INFO] Scraping adjaratv...
2026-08-24 14:46:13,652 [INFO]  -> Success: https://live2.mar.tv/90b3083ac8c8ba8d0e6967eb2e7a0e6d783d5261afda5ad05975f8edcaeea62d/19rd/index.m3u8
2026-08-24 14:46:13,686 [INFO] Scraping rionitv...
2026-08-24 14:46:17,001 [INFO]  -> Success: https://live6.mar.tv/90b3083ac8c8ba8d0e6967eb2e7a0e6d783d5261afda5ad05975f8edcaeea62d/20rionn/index.m3u8
2026-08-24 14:46:17,034 [INFO] Scraping tv25...
2026-08-24 14:46:20,348 [INFO]  -> Success: https://live6.mar.tv/90b3083ac8c8ba8d0e6967eb2e7a0e6d783d5261afda5ad05975f8edcaeea62d/23tv25/index.m3u8
2026-08-24 14:46:20,378 [INFO] Scraping tv4rustavi...
2026-08-24 14:46:23,690 [INFO]  -> Success: https://live6.mar.tv/90b3083ac8c8ba8d0e6967eb2e7a0e6d783d5261afda5ad05975f8edcaeea62d/24tw4/index.m3u8
2026-08-24 14:46:23,757 [INFO] Scraping trialeti...
2026-08-24 14:46:27,072 [INFO]  -> Success: https://live6.mar.tv/90b3083ac8c8ba8d0e6967eb2e7a0e6d783d5261afda5ad05975f8edcaeea62d/trialleti/index.m3u8
2026-08-24 14:46:27,105 [INFO] Scraping dardimandi...
2026-08-24 14:46:30,416 [INFO]  -> Success: https://live5.mar.tv/90b3083ac8c8ba8d0e6967eb2e7a0e6d783d5261afda5ad05975f8edcaeea62d/27/index.m3u8
2026-08-24 14:46:30,448 [INFO] Scraping agro...
2026-08-24 14:46:33,762 [INFO]  -> Success: https://live5.mar.tv/90b3083ac8c8ba8d0e6967eb2e7a0e6d783d5261afda5ad05975f8edcaeea62d/28/index.m3u8
2026-08-24 14:46:33,795 [INFO] Scraping samefo...
2026-08-24 14:46:37,108 [INFO]  -> Success: https://live5.mar.tv/90b3083ac8c8ba8d0e6967eb2e7a0e6d783d5261afda5ad05975f8edcaeea62d/29/index.m3u8
2026-08-24 14:46:37,142 [INFO] Scraping postv...
2026-08-24 14:46:40,452 [INFO]  -> Success: https://live6.mar.tv/90b3083ac8c8ba8d0e6967eb2e7a0e6d783d5261afda5ad05975f8edcaeea62d/postvw/index.m3u8
2026-08-24 14:46:40,487 [INFO] Scraping megatv...
2026-08-24 14:46:43,799 [INFO]  -> Success: https://live4.mar.tv/90b3083ac8c8ba8d0e6967eb2e7a0e6d783d5261afda5ad05975f8edcaeea62d/32st/index.m3u8
2026-08-24 14:46:43,832 [INFO] Scraping qartuliarxi...
2026-08-24 14:46:47,144 [INFO]  -> Success: https://live6.mar.tv/90b3083ac8c8ba8d0e6967eb2e7a0e6d783d5261afda5ad05975f8edcaeea62d/qartuli/index.m3u8
2026-08-24 14:46:47,177 [INFO] Scraping musicbox...
2026-08-24 14:46:50,489 [INFO]  -> Success: https://live6.mar.tv/90b3083ac8c8ba8d0e6967eb2e7a0e6d783d5261afda5ad05975f8edcaeea62d/34musge/index.m3u8
2026-08-24 14:46:50,521 [INFO] Scraping marneuli...
2026-08-24 14:46:53,834 [INFO]  -> Success: https://live6.mar.tv/90b3083ac8c8ba8d0e6967eb2e7a0e6d783d5261afda5ad05975f8edcaeea62d/37marn/index.m3u8
2026-08-24 14:46:53,868 [INFO] Scraping axaliformula...
2026-08-24 14:46:57,179 [INFO]  -> Success: https://live6.mar.tv/90b3083ac8c8ba8d0e6967eb2e7a0e6d783d5261afda5ad05975f8edcaeea62d/axaliformla/index.m3u8
2026-08-24 14:46:57,212 [INFO] Scraping o2...
2026-08-24 14:47:00,522 [INFO]  -> Success: https://live5.mar.tv/90b3083ac8c8ba8d0e6967eb2e7a0e6d783d5261afda5ad05975f8edcaeea62d/40/index.m3u8
2026-08-24 14:47:00,555 [INFO] Scraping guria...
2026-08-24 14:47:03,870 [INFO]  -> Success: https://live5.mar.tv/90b3083ac8c8ba8d0e6967eb2e7a0e6d783d5261afda5ad05975f8edcaeea62d/42/index.m3u8
2026-08-24 14:47:03,902 [INFO] Scraping imervizia...
2026-08-24 14:47:07,212 [INFO]  -> Success: https://live6.mar.tv/90b3083ac8c8ba8d0e6967eb2e7a0e6d783d5261afda5ad05975f8edcaeea62d/imervizia/index.m3u8
2026-08-24 14:47:07,247 [INFO] Scraping diatv...
2026-08-24 14:47:10,559 [INFO]  -> Success: https://live4.mar.tv/90b3083ac8c8ba8d0e6967eb2e7a0e6d783d5261afda5ad05975f8edcaeea62d/dia/index.m3u8
2026-08-24 14:47:10,594 [INFO] Scraping chveniarxi...
2026-08-24 14:47:13,904 [INFO]  -> Success: https://live3.mar.tv/90b3083ac8c8ba8d0e6967eb2e7a0e6d783d5261afda5ad05975f8edcaeea62d/45rd/index.m3u8
2026-08-24 14:47:13,937 [INFO] Scraping batumitv...
2026-08-24 14:47:17,250 [INFO]  -> Success: https://live5.mar.tv/90b3083ac8c8ba8d0e6967eb2e7a0e6d783d5261afda5ad05975f8edcaeea62d/46/index.m3u8
2026-08-24 14:47:17,285 [INFO] Scraping rcheuli...
2026-08-24 14:47:20,595 [INFO]  -> Success: https://live5.mar.tv/90b3083ac8c8ba8d0e6967eb2e7a0e6d783d5261afda5ad05975f8edcaeea62d/47/index.m3u8
2026-08-24 14:47:20,627 [INFO] Scraping gurjaani...
2026-08-24 14:47:23,938 [INFO]  -> Success: https://live4.mar.tv/90b3083ac8c8ba8d0e6967eb2e7a0e6d783d5261afda5ad05975f8edcaeea62d/48m/index.m3u8
2026-08-24 14:47:23,970 [INFO] Scraping molitv...
2026-08-24 14:47:27,285 [INFO]  -> Success: https://live6.mar.tv/90b3083ac8c8ba8d0e6967eb2e7a0e6d783d5261afda5ad05975f8edcaeea62d/mollltv/index.m3u8
2026-08-24 14:47:27,317 [INFO] Scraping mexute...
2026-08-24 14:47:30,628 [INFO]  -> Success: https://live6.mar.tv/90b3083ac8c8ba8d0e6967eb2e7a0e6d783d5261afda5ad05975f8edcaeea62d/50/index.m3u8
2026-08-24 14:47:30,660 [INFO] Scraping agrogaremo...
2026-08-24 14:47:33,971 [INFO]  -> Success: https://live6.mar.tv/90b3083ac8c8ba8d0e6967eb2e7a0e6d783d5261afda5ad05975f8edcaeea62d/agrogaremo/index.m3u8
2026-08-24 14:47:34,002 [INFO] Scraping artv...
2026-08-24 14:47:37,314 [INFO]  -> Success: https://live6.mar.tv/90b3083ac8c8ba8d0e6967eb2e7a0e6d783d5261afda5ad05975f8edcaeea62d/tafutv/index.m3u8
2026-08-24 14:47:37,345 [INFO] Scraping meteo24...
2026-08-24 14:47:40,677 [INFO]  -> Success: https://live5.mar.tv/90b3083ac8c8ba8d0e6967eb2e7a0e6d783d5261afda5ad05975f8edcaeea62d/56/index.m3u8
2026-08-24 14:47:40,711 [INFO] Scraping georgiantimes...
2026-08-24 14:47:44,025 [INFO]  -> Success: https://live5.mar.tv/90b3083ac8c8ba8d0e6967eb2e7a0e6d783d5261afda5ad05975f8edcaeea62d/57/index.m3u8
2026-08-24 14:47:44,061 [INFO] Scraping silkuniversal...
2026-08-24 14:47:47,373 [INFO]  -> Success: https://live2.mar.tv/90b3083ac8c8ba8d0e6967eb2e7a0e6d783d5261afda5ad05975f8edcaeea62d/1arxiweb/index.m3u8
2026-08-24 14:47:47,405 [INFO] Scraping rugbytv...
2026-08-24 14:47:50,718 [INFO]  -> Success: https://live4.mar.tv/90b3083ac8c8ba8d0e6967eb2e7a0e6d783d5261afda5ad05975f8edcaeea62d/160m/index.m3u8
2026-08-24 14:47:50,752 [INFO] Scraping gms...
2026-08-24 14:47:54,065 [INFO]  -> Success: https://live5.mar.tv/90b3083ac8c8ba8d0e6967eb2e7a0e6d783d5261afda5ad05975f8edcaeea62d/161/index.m3u8
2026-08-24 14:47:54,098 [INFO] Scraping aiatv...
2026-08-24 14:47:57,415 [INFO]  -> Success: https://live6.mar.tv/90b3083ac8c8ba8d0e6967eb2e7a0e6d783d5261afda5ad05975f8edcaeea62d/aia/index.m3u8
2026-08-24 14:47:57,448 [INFO] Scraping batumi2...
2026-08-24 14:48:00,759 [INFO]  -> Success: https://live6.mar.tv/90b3083ac8c8ba8d0e6967eb2e7a0e6d783d5261afda5ad05975f8edcaeea62d/batumitv2/index.m3u8
2026-08-24 14:48:00,793 [INFO] Scraping altinfo...
2026-08-24 14:48:04,111 [INFO]  -> Success: https://live6.mar.tv/90b3083ac8c8ba8d0e6967eb2e7a0e6d783d5261afda5ad05975f8edcaeea62d/altinfo/index.m3u8
2026-08-24 14:48:04,144 [INFO] Scraping parliament...
2026-08-24 14:48:07,457 [INFO]  -> Success: https://live6.mar.tv/90b3083ac8c8ba8d0e6967eb2e7a0e6d783d5261afda5ad05975f8edcaeea62d/parlament/index.m3u8
2026-08-24 14:48:07,488 [INFO] Scraping egrisi...
2026-08-24 14:48:10,799 [INFO]  -> Success: https://live6.mar.tv/90b3083ac8c8ba8d0e6967eb2e7a0e6d783d5261afda5ad05975f8edcaeea62d/egrisi/index.m3u8
2026-08-24 14:48:10,832 [INFO] Scraping mzetv...
2026-08-24 14:48:14,146 [INFO]  -> Success: https://live6.mar.tv/90b3083ac8c8ba8d0e6967eb2e7a0e6d783d5261afda5ad05975f8edcaeea62d/mze/index.m3u8
2026-08-24 14:48:14,197 [WARNING] Failed to find tvg-id="rustavi2" in georgia_channels.m3u
2026-08-24 14:48:14,197 [WARNING] Failed to find tvg-id="maestro" in georgia_channels.m3u
2026-08-24 14:48:14,197 [WARNING] Failed to find tvg-id="marao" in georgia_channels.m3u
2026-08-24 14:48:14,198 [WARNING] Failed to find tvg-id="gds" in georgia_channels.m3u
2026-08-24 14:48:14,198 [WARNING] Failed to find tvg-id="comedy" in georgia_channels.m3u
2026-08-24 14:48:14,198 [WARNING] Failed to find tvg-id="bbb" in georgia_channels.m3u
2026-08-24 14:48:14,199 [WARNING] Failed to find tvg-id="enkibenki" in georgia_channels.m3u
2026-08-24 14:48:14,199 [WARNING] Failed to find tvg-id="adjaratv" in georgia_channels.m3u
2026-08-24 14:48:14,199 [WARNING] Failed to find tvg-id="rionitv" in georgia_channels.m3u
2026-08-24 14:48:14,199 [WARNING] Failed to find tvg-id="tv25" in georgia_channels.m3u
2026-08-24 14:48:14,200 [WARNING] Failed to find tvg-id="tv4rustavi" in georgia_channels.m3u
2026-08-24 14:48:14,200 [WARNING] Failed to find tvg-id="trialeti" in georgia_channels.m3u
2026-08-24 14:48:14,200 [WARNING] Failed to find tvg-id="dardimandi" in georgia_channels.m3u
2026-08-24 14:48:14,200 [WARNING] Failed to find tvg-id="agro" in georgia_channels.m3u
2026-08-24 14:48:14,201 [WARNING] Failed to find tvg-id="samefo" in georgia_channels.m3u
2026-08-24 14:48:14,201 [WARNING] Failed to find tvg-id="postv" in georgia_channels.m3u
2026-08-24 14:48:14,201 [WARNING] Failed to find tvg-id="megatv" in georgia_channels.m3u
2026-08-24 14:48:14,201 [WARNING] Failed to find tvg-id="qartuliarxi" in georgia_channels.m3u
2026-08-24 14:48:14,202 [WARNING] Failed to find tvg-id="musicbox" in georgia_channels.m3u
2026-08-24 14:48:14,202 [WARNING] Failed to find tvg-id="marneuli" in georgia_channels.m3u
2026-08-24 14:48:14,202 [WARNING] Failed to find tvg-id="axaliformula" in georgia_channels.m3u
2026-08-24 14:48:14,202 [WARNING] Failed to find tvg-id="o2" in georgia_channels.m3u
2026-08-24 14:48:14,203 [WARNING] Failed to find tvg-id="guria" in georgia_channels.m3u
2026-08-24 14:48:14,203 [WARNING] Failed to find tvg-id="imervizia" in georgia_channels.m3u
2026-08-24 14:48:14,203 [WARNING] Failed to find tvg-id="diatv" in georgia_channels.m3u
2026-08-24 14:48:14,203 [WARNING] Failed to find tvg-id="chveniarxi" in georgia_channels.m3u
2026-08-24 14:48:14,204 [WARNING] Failed to find tvg-id="batumitv" in georgia_channels.m3u
2026-08-24 14:48:14,204 [WARNING] Failed to find tvg-id="rcheuli" in georgia_channels.m3u
2026-08-24 14:48:14,204 [WARNING] Failed to find tvg-id="gurjaani" in georgia_channels.m3u
2026-08-24 14:48:14,205 [WARNING] Failed to find tvg-id="molitv" in georgia_channels.m3u
2026-08-24 14:48:14,205 [WARNING] Failed to find tvg-id="mexute" in georgia_channels.m3u
2026-08-24 14:48:14,205 [WARNING] Failed to find tvg-id="agrogaremo" in georgia_channels.m3u
2026-08-24 14:48:14,205 [WARNING] Failed to find tvg-id="artv" in georgia_channels.m3u
2026-08-24 14:48:14,206 [WARNING] Failed to find tvg-id="meteo24" in georgia_channels.m3u
2026-08-24 14:48:14,206 [WARNING] Failed to find tvg-id="georgiantimes" in georgia_channels.m3u
2026-08-24 14:48:14,206 [WARNING] Failed to find tvg-id="silkuniversal" in georgia_channels.m3u
2026-08-24 14:48:14,206 [WARNING] Failed to find tvg-id="rugbytv" in georgia_channels.m3u
2026-08-24 14:48:14,207 [WARNING] Failed to find tvg-id="gms" in georgia_channels.m3u
2026-08-24 14:48:14,207 [WARNING] Failed to find tvg-id="aiatv" in georgia_channels.m3u
2026-08-24 14:48:14,207 [WARNING] Failed to find tvg-id="batumi2" in georgia_channels.m3u
2026-08-24 14:48:14,207 [WARNING] Failed to find tvg-id="altinfo" in georgia_channels.m3u
2026-08-24 14:48:14,208 [WARNING] Failed to find tvg-id="parliament" in georgia_channels.m3u
2026-08-24 14:48:14,208 [WARNING] Failed to find tvg-id="egrisi" in georgia_channels.m3u
2026-08-24 14:48:14,208 [WARNING] Failed to find tvg-id="mzetv" in georgia_channels.m3u
2026-08-24 14:48:14,208 [INFO] No file changes were made.
2026-08-24 14:48:14,208 [INFO] === UPDATE EXECUTION FINISHED ===
