2026-08-25 20:33:37,046 [INFO] === UPDATE EXECUTION STARTED ===
2026-08-25 20:33:37,046 [INFO] Fetching Setanta Sports 3 from IPTV-ORG...
2026-08-25 20:33:37,159 [INFO] Launching batch scraper for 44 channels on tv.mar.tv...
2026-08-25 20:33:38,948 [INFO] Scraping rustavi2...
2026-08-25 20:33:44,501 [INFO]  -> Success: https://live8.mar.tv/1/4rd/index.m3u8
2026-08-25 20:33:44,534 [INFO] Scraping maestro...
2026-08-25 20:33:47,827 [INFO]  -> Success: https://live4.mar.tv/e12a8144209b2455f9b1828b538f77739e5721ace1467a5ea079278450d21a98/352m/index.m3u8
2026-08-25 20:33:47,851 [INFO] Scraping marao...
2026-08-25 20:33:51,147 [INFO]  -> Success: https://live2.mar.tv/e12a8144209b2455f9b1828b538f77739e5721ace1467a5ea079278450d21a98/12sd/index.m3u8
2026-08-25 20:33:51,174 [INFO] Scraping gds...
2026-08-25 20:33:54,466 [INFO]  -> Success: https://live1.mar.tv/e12a8144209b2455f9b1828b538f77739e5721ace1467a5ea079278450d21a98/13sd/index.m3u8
2026-08-25 20:33:54,494 [INFO] Scraping comedy...
2026-08-25 20:33:57,793 [INFO]  -> Success: https://live4.mar.tv/e12a8144209b2455f9b1828b538f77739e5721ace1467a5ea079278450d21a98/14rd/index.m3u8
2026-08-25 20:33:57,820 [INFO] Scraping bbb...
2026-08-25 20:34:01,115 [INFO]  -> Success: https://live2.mar.tv/e12a8144209b2455f9b1828b538f77739e5721ace1467a5ea079278450d21a98/16sd/index.m3u8
2026-08-25 20:34:01,142 [INFO] Scraping enkibenki...
2026-08-25 20:34:04,437 [INFO]  -> Success: https://live2.mar.tv/e12a8144209b2455f9b1828b538f77739e5721ace1467a5ea079278450d21a98/17e/index.m3u8
2026-08-25 20:34:04,466 [INFO] Scraping adjaratv...
2026-08-25 20:34:07,761 [INFO]  -> Success: https://live2.mar.tv/e12a8144209b2455f9b1828b538f77739e5721ace1467a5ea079278450d21a98/19rd/index.m3u8
2026-08-25 20:34:07,786 [INFO] Scraping rionitv...
2026-08-25 20:34:11,080 [INFO]  -> Success: https://live6.mar.tv/e12a8144209b2455f9b1828b538f77739e5721ace1467a5ea079278450d21a98/20rionn/index.m3u8
2026-08-25 20:34:11,107 [INFO] Scraping tv25...
2026-08-25 20:34:14,401 [INFO]  -> Success: https://live6.mar.tv/e12a8144209b2455f9b1828b538f77739e5721ace1467a5ea079278450d21a98/23tv25/index.m3u8
2026-08-25 20:34:14,427 [INFO] Scraping tv4rustavi...
2026-08-25 20:34:17,725 [INFO]  -> Success: https://live6.mar.tv/e12a8144209b2455f9b1828b538f77739e5721ace1467a5ea079278450d21a98/24tw4/index.m3u8
2026-08-25 20:34:17,749 [INFO] Scraping trialeti...
2026-08-25 20:34:21,044 [INFO]  -> Success: https://live6.mar.tv/e12a8144209b2455f9b1828b538f77739e5721ace1467a5ea079278450d21a98/trialleti/index.m3u8
2026-08-25 20:34:21,071 [INFO] Scraping dardimandi...
2026-08-25 20:34:24,364 [INFO]  -> Success: https://live5.mar.tv/e12a8144209b2455f9b1828b538f77739e5721ace1467a5ea079278450d21a98/27/index.m3u8
2026-08-25 20:34:24,395 [INFO] Scraping agro...
2026-08-25 20:34:27,686 [INFO]  -> Success: https://live5.mar.tv/e12a8144209b2455f9b1828b538f77739e5721ace1467a5ea079278450d21a98/28/index.m3u8
2026-08-25 20:34:27,711 [INFO] Scraping samefo...
2026-08-25 20:34:31,006 [INFO]  -> Success: https://live5.mar.tv/e12a8144209b2455f9b1828b538f77739e5721ace1467a5ea079278450d21a98/29/index.m3u8
2026-08-25 20:34:31,031 [INFO] Scraping postv...
2026-08-25 20:34:34,323 [INFO]  -> Success: https://live6.mar.tv/e12a8144209b2455f9b1828b538f77739e5721ace1467a5ea079278450d21a98/postvw/index.m3u8
2026-08-25 20:34:34,349 [INFO] Scraping megatv...
2026-08-25 20:34:37,643 [INFO]  -> Success: https://live4.mar.tv/e12a8144209b2455f9b1828b538f77739e5721ace1467a5ea079278450d21a98/32st/index.m3u8
2026-08-25 20:34:37,668 [INFO] Scraping qartuliarxi...
2026-08-25 20:34:40,966 [INFO]  -> Success: https://live6.mar.tv/e12a8144209b2455f9b1828b538f77739e5721ace1467a5ea079278450d21a98/qartuli/index.m3u8
2026-08-25 20:34:40,992 [INFO] Scraping musicbox...
2026-08-25 20:34:44,286 [INFO]  -> Success: https://live6.mar.tv/e12a8144209b2455f9b1828b538f77739e5721ace1467a5ea079278450d21a98/34musge/index.m3u8
2026-08-25 20:34:44,312 [INFO] Scraping marneuli...
2026-08-25 20:34:47,607 [INFO]  -> Success: https://live6.mar.tv/e12a8144209b2455f9b1828b538f77739e5721ace1467a5ea079278450d21a98/37marn/index.m3u8
2026-08-25 20:34:47,633 [INFO] Scraping axaliformula...
2026-08-25 20:34:50,924 [INFO]  -> Success: https://live6.mar.tv/e12a8144209b2455f9b1828b538f77739e5721ace1467a5ea079278450d21a98/axaliformla/index.m3u8
2026-08-25 20:34:50,951 [INFO] Scraping o2...
2026-08-25 20:34:54,248 [INFO]  -> Success: https://live5.mar.tv/e12a8144209b2455f9b1828b538f77739e5721ace1467a5ea079278450d21a98/40/index.m3u8
2026-08-25 20:34:54,274 [INFO] Scraping guria...
2026-08-25 20:34:57,567 [INFO]  -> Success: https://live5.mar.tv/e12a8144209b2455f9b1828b538f77739e5721ace1467a5ea079278450d21a98/42/index.m3u8
2026-08-25 20:34:57,594 [INFO] Scraping imervizia...
2026-08-25 20:35:00,888 [INFO]  -> Success: https://live6.mar.tv/e12a8144209b2455f9b1828b538f77739e5721ace1467a5ea079278450d21a98/imervizia/index.m3u8
2026-08-25 20:35:00,914 [INFO] Scraping diatv...
2026-08-25 20:35:04,210 [INFO]  -> Success: https://live4.mar.tv/e12a8144209b2455f9b1828b538f77739e5721ace1467a5ea079278450d21a98/dia/index.m3u8
2026-08-25 20:35:04,239 [INFO] Scraping chveniarxi...
2026-08-25 20:35:07,534 [INFO]  -> Success: https://live3.mar.tv/e12a8144209b2455f9b1828b538f77739e5721ace1467a5ea079278450d21a98/45rd/index.m3u8
2026-08-25 20:35:07,561 [INFO] Scraping batumitv...
2026-08-25 20:35:10,854 [INFO]  -> Success: https://live5.mar.tv/e12a8144209b2455f9b1828b538f77739e5721ace1467a5ea079278450d21a98/46/index.m3u8
2026-08-25 20:35:10,882 [INFO] Scraping rcheuli...
2026-08-25 20:35:14,175 [INFO]  -> Success: https://live5.mar.tv/e12a8144209b2455f9b1828b538f77739e5721ace1467a5ea079278450d21a98/47/index.m3u8
2026-08-25 20:35:14,204 [INFO] Scraping gurjaani...
2026-08-25 20:35:17,502 [INFO]  -> Success: https://live4.mar.tv/e12a8144209b2455f9b1828b538f77739e5721ace1467a5ea079278450d21a98/48m/index.m3u8
2026-08-25 20:35:17,528 [INFO] Scraping molitv...
2026-08-25 20:35:20,824 [INFO]  -> Success: https://live6.mar.tv/e12a8144209b2455f9b1828b538f77739e5721ace1467a5ea079278450d21a98/mollltv/index.m3u8
2026-08-25 20:35:20,850 [INFO] Scraping mexute...
2026-08-25 20:35:24,148 [INFO]  -> Success: https://live6.mar.tv/e12a8144209b2455f9b1828b538f77739e5721ace1467a5ea079278450d21a98/50/index.m3u8
2026-08-25 20:35:24,175 [INFO] Scraping agrogaremo...
2026-08-25 20:35:27,469 [INFO]  -> Success: https://live6.mar.tv/e12a8144209b2455f9b1828b538f77739e5721ace1467a5ea079278450d21a98/agrogaremo/index.m3u8
2026-08-25 20:35:27,496 [INFO] Scraping artv...
2026-08-25 20:35:30,793 [INFO]  -> Success: https://live6.mar.tv/e12a8144209b2455f9b1828b538f77739e5721ace1467a5ea079278450d21a98/tafutv/index.m3u8
2026-08-25 20:35:30,819 [INFO] Scraping meteo24...
2026-08-25 20:35:34,117 [INFO]  -> Success: https://live5.mar.tv/e12a8144209b2455f9b1828b538f77739e5721ace1467a5ea079278450d21a98/56/index.m3u8
2026-08-25 20:35:34,144 [INFO] Scraping georgiantimes...
2026-08-25 20:35:37,438 [INFO]  -> Success: https://live5.mar.tv/e12a8144209b2455f9b1828b538f77739e5721ace1467a5ea079278450d21a98/57/index.m3u8
2026-08-25 20:35:37,466 [INFO] Scraping silkuniversal...
2026-08-25 20:35:40,761 [INFO]  -> Success: https://live2.mar.tv/e12a8144209b2455f9b1828b538f77739e5721ace1467a5ea079278450d21a98/1arxiweb/index.m3u8
2026-08-25 20:35:40,789 [INFO] Scraping rugbytv...
2026-08-25 20:35:44,086 [INFO]  -> Success: https://live4.mar.tv/e12a8144209b2455f9b1828b538f77739e5721ace1467a5ea079278450d21a98/160m/index.m3u8
2026-08-25 20:35:44,112 [INFO] Scraping gms...
2026-08-25 20:35:47,407 [INFO]  -> Success: https://live5.mar.tv/e12a8144209b2455f9b1828b538f77739e5721ace1467a5ea079278450d21a98/161/index.m3u8
2026-08-25 20:35:47,432 [INFO] Scraping aiatv...
2026-08-25 20:35:50,726 [INFO]  -> Success: https://live6.mar.tv/e12a8144209b2455f9b1828b538f77739e5721ace1467a5ea079278450d21a98/aia/index.m3u8
2026-08-25 20:35:50,753 [INFO] Scraping batumi2...
2026-08-25 20:35:54,047 [INFO]  -> Success: https://live6.mar.tv/e12a8144209b2455f9b1828b538f77739e5721ace1467a5ea079278450d21a98/batumitv2/index.m3u8
2026-08-25 20:35:54,073 [INFO] Scraping altinfo...
2026-08-25 20:35:57,368 [INFO]  -> Success: https://live6.mar.tv/e12a8144209b2455f9b1828b538f77739e5721ace1467a5ea079278450d21a98/altinfo/index.m3u8
2026-08-25 20:35:57,395 [INFO] Scraping parliament...
2026-08-25 20:36:00,688 [INFO]  -> Success: https://live6.mar.tv/e12a8144209b2455f9b1828b538f77739e5721ace1467a5ea079278450d21a98/parlament/index.m3u8
2026-08-25 20:36:00,716 [INFO] Scraping egrisi...
2026-08-25 20:36:04,022 [INFO]  -> Success: https://live6.mar.tv/e12a8144209b2455f9b1828b538f77739e5721ace1467a5ea079278450d21a98/egrisi/index.m3u8
2026-08-25 20:36:04,048 [INFO] Scraping mzetv...
2026-08-25 20:36:07,346 [INFO]  -> Success: https://live6.mar.tv/e12a8144209b2455f9b1828b538f77739e5721ace1467a5ea079278450d21a98/mze/index.m3u8
2026-08-25 20:36:07,383 [WARNING] Failed to find tvg-id="rustavi2" in georgia_channels.m3u
2026-08-25 20:36:07,383 [WARNING] Failed to find tvg-id="maestro" in georgia_channels.m3u
2026-08-25 20:36:07,384 [WARNING] Failed to find tvg-id="marao" in georgia_channels.m3u
2026-08-25 20:36:07,384 [WARNING] Failed to find tvg-id="gds" in georgia_channels.m3u
2026-08-25 20:36:07,384 [WARNING] Failed to find tvg-id="comedy" in georgia_channels.m3u
2026-08-25 20:36:07,384 [WARNING] Failed to find tvg-id="bbb" in georgia_channels.m3u
2026-08-25 20:36:07,384 [WARNING] Failed to find tvg-id="enkibenki" in georgia_channels.m3u
2026-08-25 20:36:07,384 [WARNING] Failed to find tvg-id="adjaratv" in georgia_channels.m3u
2026-08-25 20:36:07,385 [WARNING] Failed to find tvg-id="rionitv" in georgia_channels.m3u
2026-08-25 20:36:07,385 [WARNING] Failed to find tvg-id="tv25" in georgia_channels.m3u
2026-08-25 20:36:07,385 [WARNING] Failed to find tvg-id="tv4rustavi" in georgia_channels.m3u
2026-08-25 20:36:07,385 [WARNING] Failed to find tvg-id="trialeti" in georgia_channels.m3u
2026-08-25 20:36:07,385 [WARNING] Failed to find tvg-id="dardimandi" in georgia_channels.m3u
2026-08-25 20:36:07,385 [WARNING] Failed to find tvg-id="agro" in georgia_channels.m3u
2026-08-25 20:36:07,385 [WARNING] Failed to find tvg-id="samefo" in georgia_channels.m3u
2026-08-25 20:36:07,385 [WARNING] Failed to find tvg-id="postv" in georgia_channels.m3u
2026-08-25 20:36:07,386 [WARNING] Failed to find tvg-id="megatv" in georgia_channels.m3u
2026-08-25 20:36:07,386 [WARNING] Failed to find tvg-id="qartuliarxi" in georgia_channels.m3u
2026-08-25 20:36:07,386 [WARNING] Failed to find tvg-id="musicbox" in georgia_channels.m3u
2026-08-25 20:36:07,386 [WARNING] Failed to find tvg-id="marneuli" in georgia_channels.m3u
2026-08-25 20:36:07,386 [WARNING] Failed to find tvg-id="axaliformula" in georgia_channels.m3u
2026-08-25 20:36:07,386 [WARNING] Failed to find tvg-id="o2" in georgia_channels.m3u
2026-08-25 20:36:07,386 [WARNING] Failed to find tvg-id="guria" in georgia_channels.m3u
2026-08-25 20:36:07,387 [WARNING] Failed to find tvg-id="imervizia" in georgia_channels.m3u
2026-08-25 20:36:07,387 [WARNING] Failed to find tvg-id="diatv" in georgia_channels.m3u
2026-08-25 20:36:07,387 [WARNING] Failed to find tvg-id="chveniarxi" in georgia_channels.m3u
2026-08-25 20:36:07,387 [WARNING] Failed to find tvg-id="batumitv" in georgia_channels.m3u
2026-08-25 20:36:07,387 [WARNING] Failed to find tvg-id="rcheuli" in georgia_channels.m3u
2026-08-25 20:36:07,387 [WARNING] Failed to find tvg-id="gurjaani" in georgia_channels.m3u
2026-08-25 20:36:07,387 [WARNING] Failed to find tvg-id="molitv" in georgia_channels.m3u
2026-08-25 20:36:07,388 [WARNING] Failed to find tvg-id="mexute" in georgia_channels.m3u
2026-08-25 20:36:07,388 [WARNING] Failed to find tvg-id="agrogaremo" in georgia_channels.m3u
2026-08-25 20:36:07,388 [WARNING] Failed to find tvg-id="artv" in georgia_channels.m3u
2026-08-25 20:36:07,388 [WARNING] Failed to find tvg-id="meteo24" in georgia_channels.m3u
2026-08-25 20:36:07,388 [WARNING] Failed to find tvg-id="georgiantimes" in georgia_channels.m3u
2026-08-25 20:36:07,388 [WARNING] Failed to find tvg-id="silkuniversal" in georgia_channels.m3u
2026-08-25 20:36:07,388 [WARNING] Failed to find tvg-id="rugbytv" in georgia_channels.m3u
2026-08-25 20:36:07,389 [WARNING] Failed to find tvg-id="gms" in georgia_channels.m3u
2026-08-25 20:36:07,389 [WARNING] Failed to find tvg-id="aiatv" in georgia_channels.m3u
2026-08-25 20:36:07,389 [WARNING] Failed to find tvg-id="batumi2" in georgia_channels.m3u
2026-08-25 20:36:07,389 [WARNING] Failed to find tvg-id="altinfo" in georgia_channels.m3u
2026-08-25 20:36:07,389 [WARNING] Failed to find tvg-id="parliament" in georgia_channels.m3u
2026-08-25 20:36:07,389 [WARNING] Failed to find tvg-id="egrisi" in georgia_channels.m3u
2026-08-25 20:36:07,390 [WARNING] Failed to find tvg-id="mzetv" in georgia_channels.m3u
2026-08-25 20:36:07,390 [INFO] No file changes were made.
2026-08-25 20:36:07,390 [INFO] === UPDATE EXECUTION FINISHED ===
