2026-08-25 04:41:55,844 [INFO] === UPDATE EXECUTION STARTED ===
2026-08-25 04:41:55,845 [INFO] Fetching Setanta Sports 3 from IPTV-ORG...
2026-08-25 04:41:56,001 [INFO] Launching batch scraper for 44 channels on tv.mar.tv...
2026-08-25 04:41:58,100 [INFO] Scraping rustavi2...
2026-08-25 04:42:03,578 [INFO]  -> Success: https://live8.mar.tv/1/4rd/index.m3u8
2026-08-25 04:42:03,612 [INFO] Scraping maestro...
2026-08-25 04:42:06,929 [INFO]  -> Success: https://live4.mar.tv/48e5b8853e8d84c807adc578c810425e01a5a36324fde9ed4486c47e332d81b7/352m/index.m3u8
2026-08-25 04:42:06,961 [INFO] Scraping marao...
2026-08-25 04:42:10,273 [INFO]  -> Success: https://live2.mar.tv/48e5b8853e8d84c807adc578c810425e01a5a36324fde9ed4486c47e332d81b7/12sd/index.m3u8
2026-08-25 04:42:10,303 [INFO] Scraping gds...
2026-08-25 04:42:13,616 [INFO]  -> Success: https://live1.mar.tv/48e5b8853e8d84c807adc578c810425e01a5a36324fde9ed4486c47e332d81b7/13sd/index.m3u8
2026-08-25 04:42:13,649 [INFO] Scraping comedy...
2026-08-25 04:42:16,959 [INFO]  -> Success: https://live4.mar.tv/48e5b8853e8d84c807adc578c810425e01a5a36324fde9ed4486c47e332d81b7/14rd/index.m3u8
2026-08-25 04:42:16,993 [INFO] Scraping bbb...
2026-08-25 04:42:20,303 [INFO]  -> Success: https://live2.mar.tv/48e5b8853e8d84c807adc578c810425e01a5a36324fde9ed4486c47e332d81b7/16sd/index.m3u8
2026-08-25 04:42:20,335 [INFO] Scraping enkibenki...
2026-08-25 04:42:23,648 [INFO]  -> Success: https://live2.mar.tv/48e5b8853e8d84c807adc578c810425e01a5a36324fde9ed4486c47e332d81b7/17e/index.m3u8
2026-08-25 04:42:23,680 [INFO] Scraping adjaratv...
2026-08-25 04:42:26,990 [INFO]  -> Success: https://live2.mar.tv/48e5b8853e8d84c807adc578c810425e01a5a36324fde9ed4486c47e332d81b7/19rd/index.m3u8
2026-08-25 04:42:27,026 [INFO] Scraping rionitv...
2026-08-25 04:42:30,337 [INFO]  -> Success: https://live6.mar.tv/48e5b8853e8d84c807adc578c810425e01a5a36324fde9ed4486c47e332d81b7/20rionn/index.m3u8
2026-08-25 04:42:30,371 [INFO] Scraping tv25...
2026-08-25 04:42:33,685 [INFO]  -> Success: https://live6.mar.tv/48e5b8853e8d84c807adc578c810425e01a5a36324fde9ed4486c47e332d81b7/23tv25/index.m3u8
2026-08-25 04:42:33,715 [INFO] Scraping tv4rustavi...
2026-08-25 04:42:37,029 [INFO]  -> Success: https://live6.mar.tv/48e5b8853e8d84c807adc578c810425e01a5a36324fde9ed4486c47e332d81b7/24tw4/index.m3u8
2026-08-25 04:42:37,060 [INFO] Scraping trialeti...
2026-08-25 04:42:40,371 [INFO]  -> Success: https://live6.mar.tv/48e5b8853e8d84c807adc578c810425e01a5a36324fde9ed4486c47e332d81b7/trialleti/index.m3u8
2026-08-25 04:42:40,403 [INFO] Scraping dardimandi...
2026-08-25 04:42:43,718 [INFO]  -> Success: https://live5.mar.tv/48e5b8853e8d84c807adc578c810425e01a5a36324fde9ed4486c47e332d81b7/27/index.m3u8
2026-08-25 04:42:43,751 [INFO] Scraping agro...
2026-08-25 04:42:47,063 [INFO]  -> Success: https://live5.mar.tv/48e5b8853e8d84c807adc578c810425e01a5a36324fde9ed4486c47e332d81b7/28/index.m3u8
2026-08-25 04:42:47,093 [INFO] Scraping samefo...
2026-08-25 04:42:50,406 [INFO]  -> Success: https://live5.mar.tv/48e5b8853e8d84c807adc578c810425e01a5a36324fde9ed4486c47e332d81b7/29/index.m3u8
2026-08-25 04:42:50,436 [INFO] Scraping postv...
2026-08-25 04:42:53,750 [INFO]  -> Success: https://live6.mar.tv/48e5b8853e8d84c807adc578c810425e01a5a36324fde9ed4486c47e332d81b7/postvw/index.m3u8
2026-08-25 04:42:53,782 [INFO] Scraping megatv...
2026-08-25 04:42:57,095 [INFO]  -> Success: https://live4.mar.tv/48e5b8853e8d84c807adc578c810425e01a5a36324fde9ed4486c47e332d81b7/32st/index.m3u8
2026-08-25 04:42:57,126 [INFO] Scraping qartuliarxi...
2026-08-25 04:43:00,438 [INFO]  -> Success: https://live6.mar.tv/48e5b8853e8d84c807adc578c810425e01a5a36324fde9ed4486c47e332d81b7/qartuli/index.m3u8
2026-08-25 04:43:00,469 [INFO] Scraping musicbox...
2026-08-25 04:43:03,782 [INFO]  -> Success: https://live6.mar.tv/48e5b8853e8d84c807adc578c810425e01a5a36324fde9ed4486c47e332d81b7/34musge/index.m3u8
2026-08-25 04:43:03,817 [INFO] Scraping marneuli...
2026-08-25 04:43:07,130 [INFO]  -> Success: https://live6.mar.tv/48e5b8853e8d84c807adc578c810425e01a5a36324fde9ed4486c47e332d81b7/37marn/index.m3u8
2026-08-25 04:43:07,161 [INFO] Scraping axaliformula...
2026-08-25 04:43:10,470 [INFO]  -> Success: https://live6.mar.tv/48e5b8853e8d84c807adc578c810425e01a5a36324fde9ed4486c47e332d81b7/axaliformla/index.m3u8
2026-08-25 04:43:10,506 [INFO] Scraping o2...
2026-08-25 04:43:13,818 [INFO]  -> Success: https://live5.mar.tv/48e5b8853e8d84c807adc578c810425e01a5a36324fde9ed4486c47e332d81b7/40/index.m3u8
2026-08-25 04:43:13,848 [INFO] Scraping guria...
2026-08-25 04:43:17,158 [INFO]  -> Success: https://live5.mar.tv/48e5b8853e8d84c807adc578c810425e01a5a36324fde9ed4486c47e332d81b7/42/index.m3u8
2026-08-25 04:43:17,191 [INFO] Scraping imervizia...
2026-08-25 04:43:20,505 [INFO]  -> Success: https://live6.mar.tv/48e5b8853e8d84c807adc578c810425e01a5a36324fde9ed4486c47e332d81b7/imervizia/index.m3u8
2026-08-25 04:43:20,540 [INFO] Scraping diatv...
2026-08-25 04:43:23,852 [INFO]  -> Success: https://live4.mar.tv/48e5b8853e8d84c807adc578c810425e01a5a36324fde9ed4486c47e332d81b7/dia/index.m3u8
2026-08-25 04:43:23,882 [INFO] Scraping chveniarxi...
2026-08-25 04:43:27,194 [INFO]  -> Success: https://live3.mar.tv/48e5b8853e8d84c807adc578c810425e01a5a36324fde9ed4486c47e332d81b7/45rd/index.m3u8
2026-08-25 04:43:27,226 [INFO] Scraping batumitv...
2026-08-25 04:43:30,539 [INFO]  -> Success: https://live5.mar.tv/48e5b8853e8d84c807adc578c810425e01a5a36324fde9ed4486c47e332d81b7/46/index.m3u8
2026-08-25 04:43:30,571 [INFO] Scraping rcheuli...
2026-08-25 04:43:33,880 [INFO]  -> Success: https://live5.mar.tv/48e5b8853e8d84c807adc578c810425e01a5a36324fde9ed4486c47e332d81b7/47/index.m3u8
2026-08-25 04:43:33,914 [INFO] Scraping gurjaani...
2026-08-25 04:43:37,223 [INFO]  -> Success: https://live4.mar.tv/48e5b8853e8d84c807adc578c810425e01a5a36324fde9ed4486c47e332d81b7/48m/index.m3u8
2026-08-25 04:43:37,254 [INFO] Scraping molitv...
2026-08-25 04:43:40,569 [INFO]  -> Success: https://live6.mar.tv/48e5b8853e8d84c807adc578c810425e01a5a36324fde9ed4486c47e332d81b7/mollltv/index.m3u8
2026-08-25 04:43:40,603 [INFO] Scraping mexute...
2026-08-25 04:43:43,918 [INFO]  -> Success: https://live6.mar.tv/48e5b8853e8d84c807adc578c810425e01a5a36324fde9ed4486c47e332d81b7/50/index.m3u8
2026-08-25 04:43:43,949 [INFO] Scraping agrogaremo...
2026-08-25 04:43:47,259 [INFO]  -> Success: https://live6.mar.tv/48e5b8853e8d84c807adc578c810425e01a5a36324fde9ed4486c47e332d81b7/agrogaremo/index.m3u8
2026-08-25 04:43:47,290 [INFO] Scraping artv...
2026-08-25 04:43:50,603 [INFO]  -> Success: https://live6.mar.tv/48e5b8853e8d84c807adc578c810425e01a5a36324fde9ed4486c47e332d81b7/tafutv/index.m3u8
2026-08-25 04:43:50,637 [INFO] Scraping meteo24...
2026-08-25 04:43:53,947 [INFO]  -> Success: https://live5.mar.tv/48e5b8853e8d84c807adc578c810425e01a5a36324fde9ed4486c47e332d81b7/56/index.m3u8
2026-08-25 04:43:53,977 [INFO] Scraping georgiantimes...
2026-08-25 04:43:57,302 [INFO]  -> Success: https://live5.mar.tv/48e5b8853e8d84c807adc578c810425e01a5a36324fde9ed4486c47e332d81b7/57/index.m3u8
2026-08-25 04:43:57,335 [INFO] Scraping silkuniversal...
2026-08-25 04:44:00,649 [INFO]  -> Success: https://live2.mar.tv/48e5b8853e8d84c807adc578c810425e01a5a36324fde9ed4486c47e332d81b7/1arxiweb/index.m3u8
2026-08-25 04:44:00,681 [INFO] Scraping rugbytv...
2026-08-25 04:44:03,994 [INFO]  -> Success: https://live4.mar.tv/48e5b8853e8d84c807adc578c810425e01a5a36324fde9ed4486c47e332d81b7/160m/index.m3u8
2026-08-25 04:44:04,025 [INFO] Scraping gms...
2026-08-25 04:44:07,338 [INFO]  -> Success: https://live5.mar.tv/48e5b8853e8d84c807adc578c810425e01a5a36324fde9ed4486c47e332d81b7/161/index.m3u8
2026-08-25 04:44:07,368 [INFO] Scraping aiatv...
2026-08-25 04:44:10,679 [INFO]  -> Success: https://live6.mar.tv/48e5b8853e8d84c807adc578c810425e01a5a36324fde9ed4486c47e332d81b7/aia/index.m3u8
2026-08-25 04:44:10,710 [INFO] Scraping batumi2...
2026-08-25 04:44:14,022 [INFO]  -> Success: https://live6.mar.tv/48e5b8853e8d84c807adc578c810425e01a5a36324fde9ed4486c47e332d81b7/batumitv2/index.m3u8
2026-08-25 04:44:14,056 [INFO] Scraping altinfo...
2026-08-25 04:44:17,365 [INFO]  -> Success: https://live6.mar.tv/48e5b8853e8d84c807adc578c810425e01a5a36324fde9ed4486c47e332d81b7/altinfo/index.m3u8
2026-08-25 04:44:17,400 [INFO] Scraping parliament...
2026-08-25 04:44:20,710 [INFO]  -> Success: https://live6.mar.tv/48e5b8853e8d84c807adc578c810425e01a5a36324fde9ed4486c47e332d81b7/parlament/index.m3u8
2026-08-25 04:44:20,741 [INFO] Scraping egrisi...
2026-08-25 04:44:24,051 [INFO]  -> Success: https://live6.mar.tv/48e5b8853e8d84c807adc578c810425e01a5a36324fde9ed4486c47e332d81b7/egrisi/index.m3u8
2026-08-25 04:44:24,082 [INFO] Scraping mzetv...
2026-08-25 04:44:27,393 [INFO]  -> Success: https://live6.mar.tv/48e5b8853e8d84c807adc578c810425e01a5a36324fde9ed4486c47e332d81b7/mze/index.m3u8
2026-08-25 04:44:27,437 [WARNING] Failed to find tvg-id="rustavi2" in georgia_channels.m3u
2026-08-25 04:44:27,437 [WARNING] Failed to find tvg-id="maestro" in georgia_channels.m3u
2026-08-25 04:44:27,438 [WARNING] Failed to find tvg-id="marao" in georgia_channels.m3u
2026-08-25 04:44:27,438 [WARNING] Failed to find tvg-id="gds" in georgia_channels.m3u
2026-08-25 04:44:27,438 [WARNING] Failed to find tvg-id="comedy" in georgia_channels.m3u
2026-08-25 04:44:27,438 [WARNING] Failed to find tvg-id="bbb" in georgia_channels.m3u
2026-08-25 04:44:27,438 [WARNING] Failed to find tvg-id="enkibenki" in georgia_channels.m3u
2026-08-25 04:44:27,439 [WARNING] Failed to find tvg-id="adjaratv" in georgia_channels.m3u
2026-08-25 04:44:27,439 [WARNING] Failed to find tvg-id="rionitv" in georgia_channels.m3u
2026-08-25 04:44:27,439 [WARNING] Failed to find tvg-id="tv25" in georgia_channels.m3u
2026-08-25 04:44:27,439 [WARNING] Failed to find tvg-id="tv4rustavi" in georgia_channels.m3u
2026-08-25 04:44:27,439 [WARNING] Failed to find tvg-id="trialeti" in georgia_channels.m3u
2026-08-25 04:44:27,440 [WARNING] Failed to find tvg-id="dardimandi" in georgia_channels.m3u
2026-08-25 04:44:27,440 [WARNING] Failed to find tvg-id="agro" in georgia_channels.m3u
2026-08-25 04:44:27,440 [WARNING] Failed to find tvg-id="samefo" in georgia_channels.m3u
2026-08-25 04:44:27,440 [WARNING] Failed to find tvg-id="postv" in georgia_channels.m3u
2026-08-25 04:44:27,440 [WARNING] Failed to find tvg-id="megatv" in georgia_channels.m3u
2026-08-25 04:44:27,441 [WARNING] Failed to find tvg-id="qartuliarxi" in georgia_channels.m3u
2026-08-25 04:44:27,441 [WARNING] Failed to find tvg-id="musicbox" in georgia_channels.m3u
2026-08-25 04:44:27,441 [WARNING] Failed to find tvg-id="marneuli" in georgia_channels.m3u
2026-08-25 04:44:27,441 [WARNING] Failed to find tvg-id="axaliformula" in georgia_channels.m3u
2026-08-25 04:44:27,441 [WARNING] Failed to find tvg-id="o2" in georgia_channels.m3u
2026-08-25 04:44:27,442 [WARNING] Failed to find tvg-id="guria" in georgia_channels.m3u
2026-08-25 04:44:27,442 [WARNING] Failed to find tvg-id="imervizia" in georgia_channels.m3u
2026-08-25 04:44:27,442 [WARNING] Failed to find tvg-id="diatv" in georgia_channels.m3u
2026-08-25 04:44:27,442 [WARNING] Failed to find tvg-id="chveniarxi" in georgia_channels.m3u
2026-08-25 04:44:27,442 [WARNING] Failed to find tvg-id="batumitv" in georgia_channels.m3u
2026-08-25 04:44:27,443 [WARNING] Failed to find tvg-id="rcheuli" in georgia_channels.m3u
2026-08-25 04:44:27,443 [WARNING] Failed to find tvg-id="gurjaani" in georgia_channels.m3u
2026-08-25 04:44:27,443 [WARNING] Failed to find tvg-id="molitv" in georgia_channels.m3u
2026-08-25 04:44:27,443 [WARNING] Failed to find tvg-id="mexute" in georgia_channels.m3u
2026-08-25 04:44:27,443 [WARNING] Failed to find tvg-id="agrogaremo" in georgia_channels.m3u
2026-08-25 04:44:27,444 [WARNING] Failed to find tvg-id="artv" in georgia_channels.m3u
2026-08-25 04:44:27,444 [WARNING] Failed to find tvg-id="meteo24" in georgia_channels.m3u
2026-08-25 04:44:27,444 [WARNING] Failed to find tvg-id="georgiantimes" in georgia_channels.m3u
2026-08-25 04:44:27,444 [WARNING] Failed to find tvg-id="silkuniversal" in georgia_channels.m3u
2026-08-25 04:44:27,444 [WARNING] Failed to find tvg-id="rugbytv" in georgia_channels.m3u
2026-08-25 04:44:27,445 [WARNING] Failed to find tvg-id="gms" in georgia_channels.m3u
2026-08-25 04:44:27,445 [WARNING] Failed to find tvg-id="aiatv" in georgia_channels.m3u
2026-08-25 04:44:27,445 [WARNING] Failed to find tvg-id="batumi2" in georgia_channels.m3u
2026-08-25 04:44:27,445 [WARNING] Failed to find tvg-id="altinfo" in georgia_channels.m3u
2026-08-25 04:44:27,445 [WARNING] Failed to find tvg-id="parliament" in georgia_channels.m3u
2026-08-25 04:44:27,446 [WARNING] Failed to find tvg-id="egrisi" in georgia_channels.m3u
2026-08-25 04:44:27,446 [WARNING] Failed to find tvg-id="mzetv" in georgia_channels.m3u
2026-08-25 04:44:27,446 [INFO] No file changes were made.
2026-08-25 04:44:27,446 [INFO] === UPDATE EXECUTION FINISHED ===
