2026-08-23 12:45:18,086 [INFO] === UPDATE EXECUTION STARTED ===
2026-08-23 12:45:18,086 [INFO] Fetching Setanta Sports 3 from IPTV-ORG...
2026-08-23 12:45:18,219 [INFO] Launching batch scraper for 44 channels on tv.mar.tv...
2026-08-23 12:45:18,814 [INFO] Scraping rustavi2...
2026-08-23 12:45:24,487 [INFO]  -> Success: https://live8.mar.tv/1/4rd/index.m3u8
2026-08-23 12:45:24,526 [INFO] Scraping maestro...
2026-08-23 12:45:27,859 [INFO]  -> Success: https://live4.mar.tv/d32813b8bcf4cc4e27c7f73d6eaa984f3390661fb131c75f1224df4960b8376b/352m/index.m3u8
2026-08-23 12:45:27,892 [INFO] Scraping marao...
2026-08-23 12:45:31,226 [INFO]  -> Success: https://live2.mar.tv/d32813b8bcf4cc4e27c7f73d6eaa984f3390661fb131c75f1224df4960b8376b/12sd/index.m3u8
2026-08-23 12:45:31,259 [INFO] Scraping gds...
2026-08-23 12:45:34,590 [INFO]  -> Success: https://live1.mar.tv/d32813b8bcf4cc4e27c7f73d6eaa984f3390661fb131c75f1224df4960b8376b/13sd/index.m3u8
2026-08-23 12:45:34,625 [INFO] Scraping comedy...
2026-08-23 12:45:37,960 [INFO]  -> Success: https://live4.mar.tv/d32813b8bcf4cc4e27c7f73d6eaa984f3390661fb131c75f1224df4960b8376b/14rd/index.m3u8
2026-08-23 12:45:37,991 [INFO] Scraping bbb...
2026-08-23 12:45:41,326 [INFO]  -> Success: https://live2.mar.tv/d32813b8bcf4cc4e27c7f73d6eaa984f3390661fb131c75f1224df4960b8376b/16sd/index.m3u8
2026-08-23 12:45:41,359 [INFO] Scraping enkibenki...
2026-08-23 12:45:44,690 [INFO]  -> Success: https://live2.mar.tv/d32813b8bcf4cc4e27c7f73d6eaa984f3390661fb131c75f1224df4960b8376b/17e/index.m3u8
2026-08-23 12:45:44,723 [INFO] Scraping adjaratv...
2026-08-23 12:45:48,057 [INFO]  -> Success: https://live2.mar.tv/d32813b8bcf4cc4e27c7f73d6eaa984f3390661fb131c75f1224df4960b8376b/19rd/index.m3u8
2026-08-23 12:45:48,090 [INFO] Scraping rionitv...
2026-08-23 12:45:51,421 [INFO]  -> Success: https://live6.mar.tv/d32813b8bcf4cc4e27c7f73d6eaa984f3390661fb131c75f1224df4960b8376b/20rionn/index.m3u8
2026-08-23 12:45:51,452 [INFO] Scraping tv25...
2026-08-23 12:45:54,788 [INFO]  -> Success: https://live6.mar.tv/d32813b8bcf4cc4e27c7f73d6eaa984f3390661fb131c75f1224df4960b8376b/23tv25/index.m3u8
2026-08-23 12:45:54,823 [INFO] Scraping tv4rustavi...
2026-08-23 12:45:58,158 [INFO]  -> Success: https://live6.mar.tv/d32813b8bcf4cc4e27c7f73d6eaa984f3390661fb131c75f1224df4960b8376b/24tw4/index.m3u8
2026-08-23 12:45:58,191 [INFO] Scraping trialeti...
2026-08-23 12:46:01,527 [INFO]  -> Success: https://live6.mar.tv/d32813b8bcf4cc4e27c7f73d6eaa984f3390661fb131c75f1224df4960b8376b/trialleti/index.m3u8
2026-08-23 12:46:01,558 [INFO] Scraping dardimandi...
2026-08-23 12:46:04,897 [INFO]  -> Success: https://live5.mar.tv/d32813b8bcf4cc4e27c7f73d6eaa984f3390661fb131c75f1224df4960b8376b/27/index.m3u8
2026-08-23 12:46:04,931 [INFO] Scraping agro...
2026-08-23 12:46:08,265 [INFO]  -> Success: https://live5.mar.tv/d32813b8bcf4cc4e27c7f73d6eaa984f3390661fb131c75f1224df4960b8376b/28/index.m3u8
2026-08-23 12:46:08,298 [INFO] Scraping samefo...
2026-08-23 12:46:11,630 [INFO]  -> Success: https://live5.mar.tv/d32813b8bcf4cc4e27c7f73d6eaa984f3390661fb131c75f1224df4960b8376b/29/index.m3u8
2026-08-23 12:46:11,663 [INFO] Scraping postv...
2026-08-23 12:46:14,997 [INFO]  -> Success: https://live6.mar.tv/d32813b8bcf4cc4e27c7f73d6eaa984f3390661fb131c75f1224df4960b8376b/postvw/index.m3u8
2026-08-23 12:46:15,028 [INFO] Scraping megatv...
2026-08-23 12:46:18,362 [INFO]  -> Success: https://live4.mar.tv/d32813b8bcf4cc4e27c7f73d6eaa984f3390661fb131c75f1224df4960b8376b/32st/index.m3u8
2026-08-23 12:46:18,395 [INFO] Scraping qartuliarxi...
2026-08-23 12:46:21,725 [INFO]  -> Success: https://live6.mar.tv/d32813b8bcf4cc4e27c7f73d6eaa984f3390661fb131c75f1224df4960b8376b/qartuli/index.m3u8
2026-08-23 12:46:21,759 [INFO] Scraping musicbox...
2026-08-23 12:46:25,092 [INFO]  -> Success: https://live6.mar.tv/d32813b8bcf4cc4e27c7f73d6eaa984f3390661fb131c75f1224df4960b8376b/34musge/index.m3u8
2026-08-23 12:46:25,123 [INFO] Scraping marneuli...
2026-08-23 12:46:28,454 [INFO]  -> Success: https://live6.mar.tv/d32813b8bcf4cc4e27c7f73d6eaa984f3390661fb131c75f1224df4960b8376b/37marn/index.m3u8
2026-08-23 12:46:28,486 [INFO] Scraping axaliformula...
2026-08-23 12:46:31,817 [INFO]  -> Success: https://live6.mar.tv/d32813b8bcf4cc4e27c7f73d6eaa984f3390661fb131c75f1224df4960b8376b/axaliformla/index.m3u8
2026-08-23 12:46:31,849 [INFO] Scraping o2...
2026-08-23 12:46:35,178 [INFO]  -> Success: https://live5.mar.tv/d32813b8bcf4cc4e27c7f73d6eaa984f3390661fb131c75f1224df4960b8376b/40/index.m3u8
2026-08-23 12:46:35,211 [INFO] Scraping guria...
2026-08-23 12:46:38,543 [INFO]  -> Success: https://live5.mar.tv/d32813b8bcf4cc4e27c7f73d6eaa984f3390661fb131c75f1224df4960b8376b/42/index.m3u8
2026-08-23 12:46:38,574 [INFO] Scraping imervizia...
2026-08-23 12:46:41,931 [INFO]  -> Success: https://live6.mar.tv/d32813b8bcf4cc4e27c7f73d6eaa984f3390661fb131c75f1224df4960b8376b/imervizia/index.m3u8
2026-08-23 12:46:41,963 [INFO] Scraping diatv...
2026-08-23 12:46:45,298 [INFO]  -> Success: https://live4.mar.tv/d32813b8bcf4cc4e27c7f73d6eaa984f3390661fb131c75f1224df4960b8376b/dia/index.m3u8
2026-08-23 12:46:45,334 [INFO] Scraping chveniarxi...
2026-08-23 12:46:48,665 [INFO]  -> Success: https://live3.mar.tv/d32813b8bcf4cc4e27c7f73d6eaa984f3390661fb131c75f1224df4960b8376b/45rd/index.m3u8
2026-08-23 12:46:48,697 [INFO] Scraping batumitv...
2026-08-23 12:46:52,032 [INFO]  -> Success: https://live5.mar.tv/d32813b8bcf4cc4e27c7f73d6eaa984f3390661fb131c75f1224df4960b8376b/46/index.m3u8
2026-08-23 12:46:52,066 [INFO] Scraping rcheuli...
2026-08-23 12:46:55,397 [INFO]  -> Success: https://live5.mar.tv/d32813b8bcf4cc4e27c7f73d6eaa984f3390661fb131c75f1224df4960b8376b/47/index.m3u8
2026-08-23 12:46:55,428 [INFO] Scraping gurjaani...
2026-08-23 12:46:58,761 [INFO]  -> Success: https://live4.mar.tv/d32813b8bcf4cc4e27c7f73d6eaa984f3390661fb131c75f1224df4960b8376b/48m/index.m3u8
2026-08-23 12:46:58,795 [INFO] Scraping molitv...
2026-08-23 12:47:02,132 [INFO]  -> Success: https://live6.mar.tv/d32813b8bcf4cc4e27c7f73d6eaa984f3390661fb131c75f1224df4960b8376b/mollltv/index.m3u8
2026-08-23 12:47:02,163 [INFO] Scraping mexute...
2026-08-23 12:47:05,496 [INFO]  -> Success: https://live6.mar.tv/d32813b8bcf4cc4e27c7f73d6eaa984f3390661fb131c75f1224df4960b8376b/50/index.m3u8
2026-08-23 12:47:05,529 [INFO] Scraping agrogaremo...
2026-08-23 12:47:08,862 [INFO]  -> Success: https://live6.mar.tv/d32813b8bcf4cc4e27c7f73d6eaa984f3390661fb131c75f1224df4960b8376b/agrogaremo/index.m3u8
2026-08-23 12:47:08,895 [INFO] Scraping artv...
2026-08-23 12:47:12,228 [INFO]  -> Success: https://live6.mar.tv/d32813b8bcf4cc4e27c7f73d6eaa984f3390661fb131c75f1224df4960b8376b/tafutv/index.m3u8
2026-08-23 12:47:12,260 [INFO] Scraping meteo24...
2026-08-23 12:47:15,593 [INFO]  -> Success: https://live5.mar.tv/d32813b8bcf4cc4e27c7f73d6eaa984f3390661fb131c75f1224df4960b8376b/56/index.m3u8
2026-08-23 12:47:15,626 [INFO] Scraping georgiantimes...
2026-08-23 12:47:18,961 [INFO]  -> Success: https://live5.mar.tv/d32813b8bcf4cc4e27c7f73d6eaa984f3390661fb131c75f1224df4960b8376b/57/index.m3u8
2026-08-23 12:47:18,998 [INFO] Scraping silkuniversal...
2026-08-23 12:47:22,331 [INFO]  -> Success: https://live2.mar.tv/d32813b8bcf4cc4e27c7f73d6eaa984f3390661fb131c75f1224df4960b8376b/1arxiweb/index.m3u8
2026-08-23 12:47:22,366 [INFO] Scraping rugbytv...
2026-08-23 12:47:25,697 [INFO]  -> Success: https://live4.mar.tv/d32813b8bcf4cc4e27c7f73d6eaa984f3390661fb131c75f1224df4960b8376b/160m/index.m3u8
2026-08-23 12:47:25,732 [INFO] Scraping gms...
2026-08-23 12:47:29,066 [INFO]  -> Success: https://live5.mar.tv/d32813b8bcf4cc4e27c7f73d6eaa984f3390661fb131c75f1224df4960b8376b/161/index.m3u8
2026-08-23 12:47:29,099 [INFO] Scraping aiatv...
2026-08-23 12:47:32,437 [INFO]  -> Success: https://live6.mar.tv/d32813b8bcf4cc4e27c7f73d6eaa984f3390661fb131c75f1224df4960b8376b/aia/index.m3u8
2026-08-23 12:47:32,470 [INFO] Scraping batumi2...
2026-08-23 12:47:35,801 [INFO]  -> Success: https://live6.mar.tv/d32813b8bcf4cc4e27c7f73d6eaa984f3390661fb131c75f1224df4960b8376b/batumitv2/index.m3u8
2026-08-23 12:47:35,835 [INFO] Scraping altinfo...
2026-08-23 12:47:39,166 [INFO]  -> Success: https://live6.mar.tv/d32813b8bcf4cc4e27c7f73d6eaa984f3390661fb131c75f1224df4960b8376b/altinfo/index.m3u8
2026-08-23 12:47:39,198 [INFO] Scraping parliament...
2026-08-23 12:47:42,530 [INFO]  -> Success: https://live6.mar.tv/d32813b8bcf4cc4e27c7f73d6eaa984f3390661fb131c75f1224df4960b8376b/parlament/index.m3u8
2026-08-23 12:47:42,563 [INFO] Scraping egrisi...
2026-08-23 12:47:45,891 [INFO]  -> Success: https://live6.mar.tv/d32813b8bcf4cc4e27c7f73d6eaa984f3390661fb131c75f1224df4960b8376b/egrisi/index.m3u8
2026-08-23 12:47:45,923 [INFO] Scraping mzetv...
2026-08-23 12:47:49,253 [INFO]  -> Success: https://live6.mar.tv/d32813b8bcf4cc4e27c7f73d6eaa984f3390661fb131c75f1224df4960b8376b/mze/index.m3u8
2026-08-23 12:47:49,299 [WARNING] Failed to find tvg-id="rustavi2" in georgia_channels.m3u
2026-08-23 12:47:49,300 [WARNING] Failed to find tvg-id="maestro" in georgia_channels.m3u
2026-08-23 12:47:49,300 [WARNING] Failed to find tvg-id="marao" in georgia_channels.m3u
2026-08-23 12:47:49,300 [WARNING] Failed to find tvg-id="gds" in georgia_channels.m3u
2026-08-23 12:47:49,301 [WARNING] Failed to find tvg-id="comedy" in georgia_channels.m3u
2026-08-23 12:47:49,301 [WARNING] Failed to find tvg-id="bbb" in georgia_channels.m3u
2026-08-23 12:47:49,301 [WARNING] Failed to find tvg-id="enkibenki" in georgia_channels.m3u
2026-08-23 12:47:49,301 [WARNING] Failed to find tvg-id="adjaratv" in georgia_channels.m3u
2026-08-23 12:47:49,302 [WARNING] Failed to find tvg-id="rionitv" in georgia_channels.m3u
2026-08-23 12:47:49,302 [WARNING] Failed to find tvg-id="tv25" in georgia_channels.m3u
2026-08-23 12:47:49,302 [WARNING] Failed to find tvg-id="tv4rustavi" in georgia_channels.m3u
2026-08-23 12:47:49,302 [WARNING] Failed to find tvg-id="trialeti" in georgia_channels.m3u
2026-08-23 12:47:49,303 [WARNING] Failed to find tvg-id="dardimandi" in georgia_channels.m3u
2026-08-23 12:47:49,303 [WARNING] Failed to find tvg-id="agro" in georgia_channels.m3u
2026-08-23 12:47:49,303 [WARNING] Failed to find tvg-id="samefo" in georgia_channels.m3u
2026-08-23 12:47:49,303 [WARNING] Failed to find tvg-id="postv" in georgia_channels.m3u
2026-08-23 12:47:49,303 [WARNING] Failed to find tvg-id="megatv" in georgia_channels.m3u
2026-08-23 12:47:49,304 [WARNING] Failed to find tvg-id="qartuliarxi" in georgia_channels.m3u
2026-08-23 12:47:49,304 [WARNING] Failed to find tvg-id="musicbox" in georgia_channels.m3u
2026-08-23 12:47:49,304 [WARNING] Failed to find tvg-id="marneuli" in georgia_channels.m3u
2026-08-23 12:47:49,304 [WARNING] Failed to find tvg-id="axaliformula" in georgia_channels.m3u
2026-08-23 12:47:49,304 [WARNING] Failed to find tvg-id="o2" in georgia_channels.m3u
2026-08-23 12:47:49,304 [WARNING] Failed to find tvg-id="guria" in georgia_channels.m3u
2026-08-23 12:47:49,305 [WARNING] Failed to find tvg-id="imervizia" in georgia_channels.m3u
2026-08-23 12:47:49,305 [WARNING] Failed to find tvg-id="diatv" in georgia_channels.m3u
2026-08-23 12:47:49,305 [WARNING] Failed to find tvg-id="chveniarxi" in georgia_channels.m3u
2026-08-23 12:47:49,305 [WARNING] Failed to find tvg-id="batumitv" in georgia_channels.m3u
2026-08-23 12:47:49,305 [WARNING] Failed to find tvg-id="rcheuli" in georgia_channels.m3u
2026-08-23 12:47:49,305 [WARNING] Failed to find tvg-id="gurjaani" in georgia_channels.m3u
2026-08-23 12:47:49,306 [WARNING] Failed to find tvg-id="molitv" in georgia_channels.m3u
2026-08-23 12:47:49,306 [WARNING] Failed to find tvg-id="mexute" in georgia_channels.m3u
2026-08-23 12:47:49,306 [WARNING] Failed to find tvg-id="agrogaremo" in georgia_channels.m3u
2026-08-23 12:47:49,306 [WARNING] Failed to find tvg-id="artv" in georgia_channels.m3u
2026-08-23 12:47:49,307 [WARNING] Failed to find tvg-id="meteo24" in georgia_channels.m3u
2026-08-23 12:47:49,307 [WARNING] Failed to find tvg-id="georgiantimes" in georgia_channels.m3u
2026-08-23 12:47:49,307 [WARNING] Failed to find tvg-id="silkuniversal" in georgia_channels.m3u
2026-08-23 12:47:49,307 [WARNING] Failed to find tvg-id="rugbytv" in georgia_channels.m3u
2026-08-23 12:47:49,307 [WARNING] Failed to find tvg-id="gms" in georgia_channels.m3u
2026-08-23 12:47:49,308 [WARNING] Failed to find tvg-id="aiatv" in georgia_channels.m3u
2026-08-23 12:47:49,308 [WARNING] Failed to find tvg-id="batumi2" in georgia_channels.m3u
2026-08-23 12:47:49,308 [WARNING] Failed to find tvg-id="altinfo" in georgia_channels.m3u
2026-08-23 12:47:49,308 [WARNING] Failed to find tvg-id="parliament" in georgia_channels.m3u
2026-08-23 12:47:49,309 [WARNING] Failed to find tvg-id="egrisi" in georgia_channels.m3u
2026-08-23 12:47:49,309 [WARNING] Failed to find tvg-id="mzetv" in georgia_channels.m3u
2026-08-23 12:47:49,309 [INFO] No file changes were made.
2026-08-23 12:47:49,309 [INFO] === UPDATE EXECUTION FINISHED ===
