2026-08-24 10:39:45,640 [INFO] === UPDATE EXECUTION STARTED ===
2026-08-24 10:39:45,640 [INFO] Fetching Setanta Sports 3 from IPTV-ORG...
2026-08-24 10:39:45,771 [INFO] Launching batch scraper for 44 channels on tv.mar.tv...
2026-08-24 10:39:47,434 [INFO] Scraping rustavi2...
2026-08-24 10:39:53,325 [INFO]  -> Success: https://live8.mar.tv/1/4rd/index.m3u8
2026-08-24 10:39:53,363 [INFO] Scraping maestro...
2026-08-24 10:39:56,694 [INFO]  -> Success: https://live4.mar.tv/b46068338cea05b2af579d743c8bd9c72766ca0909808ae30ad897a7b133b908/352m/index.m3u8
2026-08-24 10:39:56,727 [INFO] Scraping marao...
2026-08-24 10:40:00,060 [INFO]  -> Success: https://live2.mar.tv/b46068338cea05b2af579d743c8bd9c72766ca0909808ae30ad897a7b133b908/12sd/index.m3u8
2026-08-24 10:40:00,093 [INFO] Scraping gds...
2026-08-24 10:40:03,427 [INFO]  -> Success: https://live1.mar.tv/b46068338cea05b2af579d743c8bd9c72766ca0909808ae30ad897a7b133b908/13sd/index.m3u8
2026-08-24 10:40:03,459 [INFO] Scraping comedy...
2026-08-24 10:40:06,792 [INFO]  -> Success: https://live4.mar.tv/b46068338cea05b2af579d743c8bd9c72766ca0909808ae30ad897a7b133b908/14rd/index.m3u8
2026-08-24 10:40:06,824 [INFO] Scraping bbb...
2026-08-24 10:40:10,156 [INFO]  -> Success: https://live2.mar.tv/b46068338cea05b2af579d743c8bd9c72766ca0909808ae30ad897a7b133b908/16sd/index.m3u8
2026-08-24 10:40:10,191 [INFO] Scraping enkibenki...
2026-08-24 10:40:13,523 [INFO]  -> Success: https://live2.mar.tv/b46068338cea05b2af579d743c8bd9c72766ca0909808ae30ad897a7b133b908/17e/index.m3u8
2026-08-24 10:40:13,555 [INFO] Scraping adjaratv...
2026-08-24 10:40:16,894 [INFO]  -> Success: https://live2.mar.tv/b46068338cea05b2af579d743c8bd9c72766ca0909808ae30ad897a7b133b908/19rd/index.m3u8
2026-08-24 10:40:16,928 [INFO] Scraping rionitv...
2026-08-24 10:40:20,260 [INFO]  -> Success: https://live6.mar.tv/b46068338cea05b2af579d743c8bd9c72766ca0909808ae30ad897a7b133b908/20rionn/index.m3u8
2026-08-24 10:40:20,290 [INFO] Scraping tv25...
2026-08-24 10:40:23,627 [INFO]  -> Success: https://live6.mar.tv/b46068338cea05b2af579d743c8bd9c72766ca0909808ae30ad897a7b133b908/23tv25/index.m3u8
2026-08-24 10:40:23,662 [INFO] Scraping tv4rustavi...
2026-08-24 10:40:26,996 [INFO]  -> Success: https://live6.mar.tv/b46068338cea05b2af579d743c8bd9c72766ca0909808ae30ad897a7b133b908/24tw4/index.m3u8
2026-08-24 10:40:27,031 [INFO] Scraping trialeti...
2026-08-24 10:40:30,360 [INFO]  -> Success: https://live6.mar.tv/b46068338cea05b2af579d743c8bd9c72766ca0909808ae30ad897a7b133b908/trialleti/index.m3u8
2026-08-24 10:40:30,395 [INFO] Scraping dardimandi...
2026-08-24 10:40:33,726 [INFO]  -> Success: https://live5.mar.tv/b46068338cea05b2af579d743c8bd9c72766ca0909808ae30ad897a7b133b908/27/index.m3u8
2026-08-24 10:40:33,759 [INFO] Scraping agro...
2026-08-24 10:40:37,091 [INFO]  -> Success: https://live5.mar.tv/b46068338cea05b2af579d743c8bd9c72766ca0909808ae30ad897a7b133b908/28/index.m3u8
2026-08-24 10:40:37,121 [INFO] Scraping samefo...
2026-08-24 10:40:40,454 [INFO]  -> Success: https://live5.mar.tv/b46068338cea05b2af579d743c8bd9c72766ca0909808ae30ad897a7b133b908/29/index.m3u8
2026-08-24 10:40:40,487 [INFO] Scraping postv...
2026-08-24 10:40:43,817 [INFO]  -> Success: https://live6.mar.tv/b46068338cea05b2af579d743c8bd9c72766ca0909808ae30ad897a7b133b908/postvw/index.m3u8
2026-08-24 10:40:43,851 [INFO] Scraping megatv...
2026-08-24 10:40:47,184 [INFO]  -> Success: https://live4.mar.tv/b46068338cea05b2af579d743c8bd9c72766ca0909808ae30ad897a7b133b908/32st/index.m3u8
2026-08-24 10:40:47,215 [INFO] Scraping qartuliarxi...
2026-08-24 10:40:50,550 [INFO]  -> Success: https://live6.mar.tv/b46068338cea05b2af579d743c8bd9c72766ca0909808ae30ad897a7b133b908/qartuli/index.m3u8
2026-08-24 10:40:50,582 [INFO] Scraping musicbox...
2026-08-24 10:40:53,915 [INFO]  -> Success: https://live6.mar.tv/b46068338cea05b2af579d743c8bd9c72766ca0909808ae30ad897a7b133b908/34musge/index.m3u8
2026-08-24 10:40:53,951 [INFO] Scraping marneuli...
2026-08-24 10:40:57,283 [INFO]  -> Success: https://live6.mar.tv/b46068338cea05b2af579d743c8bd9c72766ca0909808ae30ad897a7b133b908/37marn/index.m3u8
2026-08-24 10:40:57,314 [INFO] Scraping axaliformula...
2026-08-24 10:41:00,645 [INFO]  -> Success: https://live6.mar.tv/b46068338cea05b2af579d743c8bd9c72766ca0909808ae30ad897a7b133b908/axaliformla/index.m3u8
2026-08-24 10:41:00,678 [INFO] Scraping o2...
2026-08-24 10:41:04,011 [INFO]  -> Success: https://live5.mar.tv/b46068338cea05b2af579d743c8bd9c72766ca0909808ae30ad897a7b133b908/40/index.m3u8
2026-08-24 10:41:04,042 [INFO] Scraping guria...
2026-08-24 10:41:07,374 [INFO]  -> Success: https://live5.mar.tv/b46068338cea05b2af579d743c8bd9c72766ca0909808ae30ad897a7b133b908/42/index.m3u8
2026-08-24 10:41:07,406 [INFO] Scraping imervizia...
2026-08-24 10:41:10,738 [INFO]  -> Success: https://live6.mar.tv/b46068338cea05b2af579d743c8bd9c72766ca0909808ae30ad897a7b133b908/imervizia/index.m3u8
2026-08-24 10:41:10,770 [INFO] Scraping diatv...
2026-08-24 10:41:14,099 [INFO]  -> Success: https://live4.mar.tv/b46068338cea05b2af579d743c8bd9c72766ca0909808ae30ad897a7b133b908/dia/index.m3u8
2026-08-24 10:41:14,132 [INFO] Scraping chveniarxi...
2026-08-24 10:41:17,462 [INFO]  -> Success: https://live3.mar.tv/b46068338cea05b2af579d743c8bd9c72766ca0909808ae30ad897a7b133b908/45rd/index.m3u8
2026-08-24 10:41:17,494 [INFO] Scraping batumitv...
2026-08-24 10:41:20,825 [INFO]  -> Success: https://live5.mar.tv/b46068338cea05b2af579d743c8bd9c72766ca0909808ae30ad897a7b133b908/46/index.m3u8
2026-08-24 10:41:20,858 [INFO] Scraping rcheuli...
2026-08-24 10:41:24,186 [INFO]  -> Success: https://live5.mar.tv/b46068338cea05b2af579d743c8bd9c72766ca0909808ae30ad897a7b133b908/47/index.m3u8
2026-08-24 10:41:24,219 [INFO] Scraping gurjaani...
2026-08-24 10:41:27,552 [INFO]  -> Success: https://live4.mar.tv/b46068338cea05b2af579d743c8bd9c72766ca0909808ae30ad897a7b133b908/48m/index.m3u8
2026-08-24 10:41:27,585 [INFO] Scraping molitv...
2026-08-24 10:41:30,918 [INFO]  -> Success: https://live6.mar.tv/b46068338cea05b2af579d743c8bd9c72766ca0909808ae30ad897a7b133b908/mollltv/index.m3u8
2026-08-24 10:41:30,949 [INFO] Scraping mexute...
2026-08-24 10:41:34,286 [INFO]  -> Success: https://live6.mar.tv/b46068338cea05b2af579d743c8bd9c72766ca0909808ae30ad897a7b133b908/50/index.m3u8
2026-08-24 10:41:34,318 [INFO] Scraping agrogaremo...
2026-08-24 10:41:37,649 [INFO]  -> Success: https://live6.mar.tv/b46068338cea05b2af579d743c8bd9c72766ca0909808ae30ad897a7b133b908/agrogaremo/index.m3u8
2026-08-24 10:41:37,678 [INFO] Scraping artv...
2026-08-24 10:41:41,012 [INFO]  -> Success: https://live6.mar.tv/b46068338cea05b2af579d743c8bd9c72766ca0909808ae30ad897a7b133b908/tafutv/index.m3u8
2026-08-24 10:41:41,045 [INFO] Scraping meteo24...
2026-08-24 10:41:44,381 [INFO]  -> Success: https://live5.mar.tv/b46068338cea05b2af579d743c8bd9c72766ca0909808ae30ad897a7b133b908/56/index.m3u8
2026-08-24 10:41:44,414 [INFO] Scraping georgiantimes...
2026-08-24 10:41:47,748 [INFO]  -> Success: https://live5.mar.tv/b46068338cea05b2af579d743c8bd9c72766ca0909808ae30ad897a7b133b908/57/index.m3u8
2026-08-24 10:41:47,780 [INFO] Scraping silkuniversal...
2026-08-24 10:41:51,118 [INFO]  -> Success: https://live2.mar.tv/b46068338cea05b2af579d743c8bd9c72766ca0909808ae30ad897a7b133b908/1arxiweb/index.m3u8
2026-08-24 10:41:51,152 [INFO] Scraping rugbytv...
2026-08-24 10:41:54,486 [INFO]  -> Success: https://live4.mar.tv/b46068338cea05b2af579d743c8bd9c72766ca0909808ae30ad897a7b133b908/160m/index.m3u8
2026-08-24 10:41:54,519 [INFO] Scraping gms...
2026-08-24 10:41:57,854 [INFO]  -> Success: https://live5.mar.tv/b46068338cea05b2af579d743c8bd9c72766ca0909808ae30ad897a7b133b908/161/index.m3u8
2026-08-24 10:41:57,894 [INFO] Scraping aiatv...
2026-08-24 10:42:01,224 [INFO]  -> Success: https://live6.mar.tv/b46068338cea05b2af579d743c8bd9c72766ca0909808ae30ad897a7b133b908/aia/index.m3u8
2026-08-24 10:42:01,256 [INFO] Scraping batumi2...
2026-08-24 10:42:04,585 [INFO]  -> Success: https://live6.mar.tv/b46068338cea05b2af579d743c8bd9c72766ca0909808ae30ad897a7b133b908/batumitv2/index.m3u8
2026-08-24 10:42:04,617 [INFO] Scraping altinfo...
2026-08-24 10:42:07,947 [INFO]  -> Success: https://live6.mar.tv/b46068338cea05b2af579d743c8bd9c72766ca0909808ae30ad897a7b133b908/altinfo/index.m3u8
2026-08-24 10:42:07,981 [INFO] Scraping parliament...
2026-08-24 10:42:11,315 [INFO]  -> Success: https://live6.mar.tv/b46068338cea05b2af579d743c8bd9c72766ca0909808ae30ad897a7b133b908/parlament/index.m3u8
2026-08-24 10:42:11,349 [INFO] Scraping egrisi...
2026-08-24 10:42:14,680 [INFO]  -> Success: https://live6.mar.tv/b46068338cea05b2af579d743c8bd9c72766ca0909808ae30ad897a7b133b908/egrisi/index.m3u8
2026-08-24 10:42:14,716 [INFO] Scraping mzetv...
2026-08-24 10:42:18,046 [INFO]  -> Success: https://live6.mar.tv/b46068338cea05b2af579d743c8bd9c72766ca0909808ae30ad897a7b133b908/mze/index.m3u8
2026-08-24 10:42:18,091 [WARNING] Failed to find tvg-id="rustavi2" in georgia_channels.m3u
2026-08-24 10:42:18,092 [WARNING] Failed to find tvg-id="maestro" in georgia_channels.m3u
2026-08-24 10:42:18,092 [WARNING] Failed to find tvg-id="marao" in georgia_channels.m3u
2026-08-24 10:42:18,092 [WARNING] Failed to find tvg-id="gds" in georgia_channels.m3u
2026-08-24 10:42:18,092 [WARNING] Failed to find tvg-id="comedy" in georgia_channels.m3u
2026-08-24 10:42:18,093 [WARNING] Failed to find tvg-id="bbb" in georgia_channels.m3u
2026-08-24 10:42:18,093 [WARNING] Failed to find tvg-id="enkibenki" in georgia_channels.m3u
2026-08-24 10:42:18,093 [WARNING] Failed to find tvg-id="adjaratv" in georgia_channels.m3u
2026-08-24 10:42:18,093 [WARNING] Failed to find tvg-id="rionitv" in georgia_channels.m3u
2026-08-24 10:42:18,094 [WARNING] Failed to find tvg-id="tv25" in georgia_channels.m3u
2026-08-24 10:42:18,094 [WARNING] Failed to find tvg-id="tv4rustavi" in georgia_channels.m3u
2026-08-24 10:42:18,094 [WARNING] Failed to find tvg-id="trialeti" in georgia_channels.m3u
2026-08-24 10:42:18,094 [WARNING] Failed to find tvg-id="dardimandi" in georgia_channels.m3u
2026-08-24 10:42:18,095 [WARNING] Failed to find tvg-id="agro" in georgia_channels.m3u
2026-08-24 10:42:18,095 [WARNING] Failed to find tvg-id="samefo" in georgia_channels.m3u
2026-08-24 10:42:18,095 [WARNING] Failed to find tvg-id="postv" in georgia_channels.m3u
2026-08-24 10:42:18,095 [WARNING] Failed to find tvg-id="megatv" in georgia_channels.m3u
2026-08-24 10:42:18,096 [WARNING] Failed to find tvg-id="qartuliarxi" in georgia_channels.m3u
2026-08-24 10:42:18,096 [WARNING] Failed to find tvg-id="musicbox" in georgia_channels.m3u
2026-08-24 10:42:18,096 [WARNING] Failed to find tvg-id="marneuli" in georgia_channels.m3u
2026-08-24 10:42:18,097 [WARNING] Failed to find tvg-id="axaliformula" in georgia_channels.m3u
2026-08-24 10:42:18,097 [WARNING] Failed to find tvg-id="o2" in georgia_channels.m3u
2026-08-24 10:42:18,097 [WARNING] Failed to find tvg-id="guria" in georgia_channels.m3u
2026-08-24 10:42:18,097 [WARNING] Failed to find tvg-id="imervizia" in georgia_channels.m3u
2026-08-24 10:42:18,098 [WARNING] Failed to find tvg-id="diatv" in georgia_channels.m3u
2026-08-24 10:42:18,098 [WARNING] Failed to find tvg-id="chveniarxi" in georgia_channels.m3u
2026-08-24 10:42:18,098 [WARNING] Failed to find tvg-id="batumitv" in georgia_channels.m3u
2026-08-24 10:42:18,098 [WARNING] Failed to find tvg-id="rcheuli" in georgia_channels.m3u
2026-08-24 10:42:18,099 [WARNING] Failed to find tvg-id="gurjaani" in georgia_channels.m3u
2026-08-24 10:42:18,099 [WARNING] Failed to find tvg-id="molitv" in georgia_channels.m3u
2026-08-24 10:42:18,099 [WARNING] Failed to find tvg-id="mexute" in georgia_channels.m3u
2026-08-24 10:42:18,099 [WARNING] Failed to find tvg-id="agrogaremo" in georgia_channels.m3u
2026-08-24 10:42:18,100 [WARNING] Failed to find tvg-id="artv" in georgia_channels.m3u
2026-08-24 10:42:18,100 [WARNING] Failed to find tvg-id="meteo24" in georgia_channels.m3u
2026-08-24 10:42:18,100 [WARNING] Failed to find tvg-id="georgiantimes" in georgia_channels.m3u
2026-08-24 10:42:18,100 [WARNING] Failed to find tvg-id="silkuniversal" in georgia_channels.m3u
2026-08-24 10:42:18,101 [WARNING] Failed to find tvg-id="rugbytv" in georgia_channels.m3u
2026-08-24 10:42:18,101 [WARNING] Failed to find tvg-id="gms" in georgia_channels.m3u
2026-08-24 10:42:18,101 [WARNING] Failed to find tvg-id="aiatv" in georgia_channels.m3u
2026-08-24 10:42:18,101 [WARNING] Failed to find tvg-id="batumi2" in georgia_channels.m3u
2026-08-24 10:42:18,102 [WARNING] Failed to find tvg-id="altinfo" in georgia_channels.m3u
2026-08-24 10:42:18,102 [WARNING] Failed to find tvg-id="parliament" in georgia_channels.m3u
2026-08-24 10:42:18,102 [WARNING] Failed to find tvg-id="egrisi" in georgia_channels.m3u
2026-08-24 10:42:18,103 [WARNING] Failed to find tvg-id="mzetv" in georgia_channels.m3u
2026-08-24 10:42:18,103 [INFO] No file changes were made.
2026-08-24 10:42:18,103 [INFO] === UPDATE EXECUTION FINISHED ===
