2026-08-21 22:28:13,100 [INFO] === UPDATE EXECUTION STARTED ===
2026-08-21 22:28:13,100 [INFO] Fetching Setanta Sports 3 from IPTV-ORG...
2026-08-21 22:28:13,244 [INFO] Launching batch scraper for 44 channels on tv.mar.tv...
2026-08-21 22:28:14,881 [INFO] Scraping rustavi2...
2026-08-21 22:28:20,563 [INFO]  -> Success: https://live8.mar.tv/1/4rd/index.m3u8
2026-08-21 22:28:20,600 [INFO] Scraping maestro...
2026-08-21 22:28:23,919 [INFO]  -> Success: https://live4.mar.tv/b70a802a36dbe66d829e5aa7f4936dac0137c42afa26cf5d3da1c65790f4a92a/352m/index.m3u8
2026-08-21 22:28:23,951 [INFO] Scraping marao...
2026-08-21 22:28:27,270 [INFO]  -> Success: https://live2.mar.tv/b70a802a36dbe66d829e5aa7f4936dac0137c42afa26cf5d3da1c65790f4a92a/12sd/index.m3u8
2026-08-21 22:28:27,303 [INFO] Scraping gds...
2026-08-21 22:28:30,617 [INFO]  -> Success: https://live1.mar.tv/b70a802a36dbe66d829e5aa7f4936dac0137c42afa26cf5d3da1c65790f4a92a/13sd/index.m3u8
2026-08-21 22:28:30,646 [INFO] Scraping comedy...
2026-08-21 22:28:33,959 [INFO]  -> Success: https://live4.mar.tv/b70a802a36dbe66d829e5aa7f4936dac0137c42afa26cf5d3da1c65790f4a92a/14rd/index.m3u8
2026-08-21 22:28:33,990 [INFO] Scraping bbb...
2026-08-21 22:28:37,305 [INFO]  -> Success: https://live2.mar.tv/b70a802a36dbe66d829e5aa7f4936dac0137c42afa26cf5d3da1c65790f4a92a/16sd/index.m3u8
2026-08-21 22:28:37,335 [INFO] Scraping enkibenki...
2026-08-21 22:28:40,649 [INFO]  -> Success: https://live2.mar.tv/b70a802a36dbe66d829e5aa7f4936dac0137c42afa26cf5d3da1c65790f4a92a/17e/index.m3u8
2026-08-21 22:28:40,683 [INFO] Scraping adjaratv...
2026-08-21 22:28:44,000 [INFO]  -> Success: https://live2.mar.tv/b70a802a36dbe66d829e5aa7f4936dac0137c42afa26cf5d3da1c65790f4a92a/19rd/index.m3u8
2026-08-21 22:28:44,031 [INFO] Scraping rionitv...
2026-08-21 22:28:47,350 [INFO]  -> Success: https://live6.mar.tv/b70a802a36dbe66d829e5aa7f4936dac0137c42afa26cf5d3da1c65790f4a92a/20rionn/index.m3u8
2026-08-21 22:28:47,381 [INFO] Scraping tv25...
2026-08-21 22:28:50,697 [INFO]  -> Success: https://live6.mar.tv/b70a802a36dbe66d829e5aa7f4936dac0137c42afa26cf5d3da1c65790f4a92a/23tv25/index.m3u8
2026-08-21 22:28:50,728 [INFO] Scraping tv4rustavi...
2026-08-21 22:28:54,044 [INFO]  -> Success: https://live6.mar.tv/b70a802a36dbe66d829e5aa7f4936dac0137c42afa26cf5d3da1c65790f4a92a/24tw4/index.m3u8
2026-08-21 22:28:54,073 [INFO] Scraping trialeti...
2026-08-21 22:28:57,389 [INFO]  -> Success: https://live6.mar.tv/b70a802a36dbe66d829e5aa7f4936dac0137c42afa26cf5d3da1c65790f4a92a/trialleti/index.m3u8
2026-08-21 22:28:57,419 [INFO] Scraping dardimandi...
2026-08-21 22:29:00,746 [INFO]  -> Success: https://live5.mar.tv/b70a802a36dbe66d829e5aa7f4936dac0137c42afa26cf5d3da1c65790f4a92a/27/index.m3u8
2026-08-21 22:29:00,773 [INFO] Scraping agro...
2026-08-21 22:29:04,089 [INFO]  -> Success: https://live5.mar.tv/b70a802a36dbe66d829e5aa7f4936dac0137c42afa26cf5d3da1c65790f4a92a/28/index.m3u8
2026-08-21 22:29:04,118 [INFO] Scraping samefo...
2026-08-21 22:29:07,434 [INFO]  -> Success: https://live5.mar.tv/b70a802a36dbe66d829e5aa7f4936dac0137c42afa26cf5d3da1c65790f4a92a/29/index.m3u8
2026-08-21 22:29:07,464 [INFO] Scraping postv...
2026-08-21 22:29:10,778 [INFO]  -> Success: https://live6.mar.tv/b70a802a36dbe66d829e5aa7f4936dac0137c42afa26cf5d3da1c65790f4a92a/postvw/index.m3u8
2026-08-21 22:29:10,809 [INFO] Scraping megatv...
2026-08-21 22:29:14,126 [INFO]  -> Success: https://live4.mar.tv/b70a802a36dbe66d829e5aa7f4936dac0137c42afa26cf5d3da1c65790f4a92a/32st/index.m3u8
2026-08-21 22:29:14,155 [INFO] Scraping qartuliarxi...
2026-08-21 22:29:17,471 [INFO]  -> Success: https://live6.mar.tv/b70a802a36dbe66d829e5aa7f4936dac0137c42afa26cf5d3da1c65790f4a92a/qartuli/index.m3u8
2026-08-21 22:29:17,498 [INFO] Scraping musicbox...
2026-08-21 22:29:20,807 [INFO]  -> Success: https://live6.mar.tv/b70a802a36dbe66d829e5aa7f4936dac0137c42afa26cf5d3da1c65790f4a92a/34musge/index.m3u8
2026-08-21 22:29:20,836 [INFO] Scraping marneuli...
2026-08-21 22:29:24,154 [INFO]  -> Success: https://live6.mar.tv/b70a802a36dbe66d829e5aa7f4936dac0137c42afa26cf5d3da1c65790f4a92a/37marn/index.m3u8
2026-08-21 22:29:24,187 [INFO] Scraping axaliformula...
2026-08-21 22:29:27,500 [INFO]  -> Success: https://live6.mar.tv/b70a802a36dbe66d829e5aa7f4936dac0137c42afa26cf5d3da1c65790f4a92a/axaliformla/index.m3u8
2026-08-21 22:29:27,531 [INFO] Scraping o2...
2026-08-21 22:29:30,844 [INFO]  -> Success: https://live5.mar.tv/b70a802a36dbe66d829e5aa7f4936dac0137c42afa26cf5d3da1c65790f4a92a/40/index.m3u8
2026-08-21 22:29:30,872 [INFO] Scraping guria...
2026-08-21 22:29:34,186 [INFO]  -> Success: https://live5.mar.tv/b70a802a36dbe66d829e5aa7f4936dac0137c42afa26cf5d3da1c65790f4a92a/42/index.m3u8
2026-08-21 22:29:34,216 [INFO] Scraping imervizia...
2026-08-21 22:29:37,529 [INFO]  -> Success: https://live6.mar.tv/b70a802a36dbe66d829e5aa7f4936dac0137c42afa26cf5d3da1c65790f4a92a/imervizia/index.m3u8
2026-08-21 22:29:37,560 [INFO] Scraping diatv...
2026-08-21 22:29:40,876 [INFO]  -> Success: https://live4.mar.tv/b70a802a36dbe66d829e5aa7f4936dac0137c42afa26cf5d3da1c65790f4a92a/dia/index.m3u8
2026-08-21 22:29:40,904 [INFO] Scraping chveniarxi...
2026-08-21 22:29:44,219 [INFO]  -> Success: https://live3.mar.tv/b70a802a36dbe66d829e5aa7f4936dac0137c42afa26cf5d3da1c65790f4a92a/45rd/index.m3u8
2026-08-21 22:29:44,248 [INFO] Scraping batumitv...
2026-08-21 22:29:47,567 [INFO]  -> Success: https://live5.mar.tv/b70a802a36dbe66d829e5aa7f4936dac0137c42afa26cf5d3da1c65790f4a92a/46/index.m3u8
2026-08-21 22:29:47,597 [INFO] Scraping rcheuli...
2026-08-21 22:29:50,913 [INFO]  -> Success: https://live5.mar.tv/b70a802a36dbe66d829e5aa7f4936dac0137c42afa26cf5d3da1c65790f4a92a/47/index.m3u8
2026-08-21 22:29:50,943 [INFO] Scraping gurjaani...
2026-08-21 22:29:54,257 [INFO]  -> Success: https://live4.mar.tv/b70a802a36dbe66d829e5aa7f4936dac0137c42afa26cf5d3da1c65790f4a92a/48m/index.m3u8
2026-08-21 22:29:54,289 [INFO] Scraping molitv...
2026-08-21 22:29:57,606 [INFO]  -> Success: https://live6.mar.tv/b70a802a36dbe66d829e5aa7f4936dac0137c42afa26cf5d3da1c65790f4a92a/mollltv/index.m3u8
2026-08-21 22:29:57,641 [INFO] Scraping mexute...
2026-08-21 22:30:00,957 [INFO]  -> Success: https://live6.mar.tv/b70a802a36dbe66d829e5aa7f4936dac0137c42afa26cf5d3da1c65790f4a92a/50/index.m3u8
2026-08-21 22:30:00,986 [INFO] Scraping agrogaremo...
2026-08-21 22:30:04,299 [INFO]  -> Success: https://live6.mar.tv/b70a802a36dbe66d829e5aa7f4936dac0137c42afa26cf5d3da1c65790f4a92a/agrogaremo/index.m3u8
2026-08-21 22:30:04,332 [INFO] Scraping artv...
2026-08-21 22:30:07,644 [INFO]  -> Success: https://live6.mar.tv/b70a802a36dbe66d829e5aa7f4936dac0137c42afa26cf5d3da1c65790f4a92a/tafutv/index.m3u8
2026-08-21 22:30:07,674 [INFO] Scraping meteo24...
2026-08-21 22:30:10,986 [INFO]  -> Success: https://live5.mar.tv/b70a802a36dbe66d829e5aa7f4936dac0137c42afa26cf5d3da1c65790f4a92a/56/index.m3u8
2026-08-21 22:30:11,020 [INFO] Scraping georgiantimes...
2026-08-21 22:30:14,336 [INFO]  -> Success: https://live5.mar.tv/b70a802a36dbe66d829e5aa7f4936dac0137c42afa26cf5d3da1c65790f4a92a/57/index.m3u8
2026-08-21 22:30:14,370 [INFO] Scraping silkuniversal...
2026-08-21 22:30:17,680 [INFO]  -> Success: https://live2.mar.tv/b70a802a36dbe66d829e5aa7f4936dac0137c42afa26cf5d3da1c65790f4a92a/1arxiweb/index.m3u8
2026-08-21 22:30:17,709 [INFO] Scraping rugbytv...
2026-08-21 22:30:21,027 [INFO]  -> Success: https://live4.mar.tv/b70a802a36dbe66d829e5aa7f4936dac0137c42afa26cf5d3da1c65790f4a92a/160m/index.m3u8
2026-08-21 22:30:21,056 [INFO] Scraping gms...
2026-08-21 22:30:24,378 [INFO]  -> Success: https://live5.mar.tv/b70a802a36dbe66d829e5aa7f4936dac0137c42afa26cf5d3da1c65790f4a92a/161/index.m3u8
2026-08-21 22:30:24,413 [INFO] Scraping aiatv...
2026-08-21 22:30:27,731 [INFO]  -> Success: https://live6.mar.tv/b70a802a36dbe66d829e5aa7f4936dac0137c42afa26cf5d3da1c65790f4a92a/aia/index.m3u8
2026-08-21 22:30:27,763 [INFO] Scraping batumi2...
2026-08-21 22:30:31,082 [INFO]  -> Success: https://live6.mar.tv/b70a802a36dbe66d829e5aa7f4936dac0137c42afa26cf5d3da1c65790f4a92a/batumitv2/index.m3u8
2026-08-21 22:30:31,115 [INFO] Scraping altinfo...
2026-08-21 22:30:34,430 [INFO]  -> Success: https://live6.mar.tv/b70a802a36dbe66d829e5aa7f4936dac0137c42afa26cf5d3da1c65790f4a92a/altinfo/index.m3u8
2026-08-21 22:30:34,461 [INFO] Scraping parliament...
2026-08-21 22:30:37,774 [INFO]  -> Success: https://live6.mar.tv/b70a802a36dbe66d829e5aa7f4936dac0137c42afa26cf5d3da1c65790f4a92a/parlament/index.m3u8
2026-08-21 22:30:37,803 [INFO] Scraping egrisi...
2026-08-21 22:30:41,118 [INFO]  -> Success: https://live6.mar.tv/b70a802a36dbe66d829e5aa7f4936dac0137c42afa26cf5d3da1c65790f4a92a/egrisi/index.m3u8
2026-08-21 22:30:41,150 [INFO] Scraping mzetv...
2026-08-21 22:30:44,466 [INFO]  -> Success: https://live6.mar.tv/b70a802a36dbe66d829e5aa7f4936dac0137c42afa26cf5d3da1c65790f4a92a/mze/index.m3u8
2026-08-21 22:30:44,512 [WARNING] Failed to find tvg-id="rustavi2" in georgia_channels.m3u
2026-08-21 22:30:44,512 [WARNING] Failed to find tvg-id="maestro" in georgia_channels.m3u
2026-08-21 22:30:44,512 [WARNING] Failed to find tvg-id="marao" in georgia_channels.m3u
2026-08-21 22:30:44,513 [WARNING] Failed to find tvg-id="gds" in georgia_channels.m3u
2026-08-21 22:30:44,513 [WARNING] Failed to find tvg-id="comedy" in georgia_channels.m3u
2026-08-21 22:30:44,513 [WARNING] Failed to find tvg-id="bbb" in georgia_channels.m3u
2026-08-21 22:30:44,513 [WARNING] Failed to find tvg-id="enkibenki" in georgia_channels.m3u
2026-08-21 22:30:44,513 [WARNING] Failed to find tvg-id="adjaratv" in georgia_channels.m3u
2026-08-21 22:30:44,513 [WARNING] Failed to find tvg-id="rionitv" in georgia_channels.m3u
2026-08-21 22:30:44,513 [WARNING] Failed to find tvg-id="tv25" in georgia_channels.m3u
2026-08-21 22:30:44,514 [WARNING] Failed to find tvg-id="tv4rustavi" in georgia_channels.m3u
2026-08-21 22:30:44,514 [WARNING] Failed to find tvg-id="trialeti" in georgia_channels.m3u
2026-08-21 22:30:44,514 [WARNING] Failed to find tvg-id="dardimandi" in georgia_channels.m3u
2026-08-21 22:30:44,514 [WARNING] Failed to find tvg-id="agro" in georgia_channels.m3u
2026-08-21 22:30:44,514 [WARNING] Failed to find tvg-id="samefo" in georgia_channels.m3u
2026-08-21 22:30:44,515 [WARNING] Failed to find tvg-id="postv" in georgia_channels.m3u
2026-08-21 22:30:44,515 [WARNING] Failed to find tvg-id="megatv" in georgia_channels.m3u
2026-08-21 22:30:44,515 [WARNING] Failed to find tvg-id="qartuliarxi" in georgia_channels.m3u
2026-08-21 22:30:44,515 [WARNING] Failed to find tvg-id="musicbox" in georgia_channels.m3u
2026-08-21 22:30:44,515 [WARNING] Failed to find tvg-id="marneuli" in georgia_channels.m3u
2026-08-21 22:30:44,516 [WARNING] Failed to find tvg-id="axaliformula" in georgia_channels.m3u
2026-08-21 22:30:44,516 [WARNING] Failed to find tvg-id="o2" in georgia_channels.m3u
2026-08-21 22:30:44,516 [WARNING] Failed to find tvg-id="guria" in georgia_channels.m3u
2026-08-21 22:30:44,516 [WARNING] Failed to find tvg-id="imervizia" in georgia_channels.m3u
2026-08-21 22:30:44,516 [WARNING] Failed to find tvg-id="diatv" in georgia_channels.m3u
2026-08-21 22:30:44,516 [WARNING] Failed to find tvg-id="chveniarxi" in georgia_channels.m3u
2026-08-21 22:30:44,517 [WARNING] Failed to find tvg-id="batumitv" in georgia_channels.m3u
2026-08-21 22:30:44,517 [WARNING] Failed to find tvg-id="rcheuli" in georgia_channels.m3u
2026-08-21 22:30:44,517 [WARNING] Failed to find tvg-id="gurjaani" in georgia_channels.m3u
2026-08-21 22:30:44,517 [WARNING] Failed to find tvg-id="molitv" in georgia_channels.m3u
2026-08-21 22:30:44,517 [WARNING] Failed to find tvg-id="mexute" in georgia_channels.m3u
2026-08-21 22:30:44,517 [WARNING] Failed to find tvg-id="agrogaremo" in georgia_channels.m3u
2026-08-21 22:30:44,517 [WARNING] Failed to find tvg-id="artv" in georgia_channels.m3u
2026-08-21 22:30:44,518 [WARNING] Failed to find tvg-id="meteo24" in georgia_channels.m3u
2026-08-21 22:30:44,518 [WARNING] Failed to find tvg-id="georgiantimes" in georgia_channels.m3u
2026-08-21 22:30:44,518 [WARNING] Failed to find tvg-id="silkuniversal" in georgia_channels.m3u
2026-08-21 22:30:44,518 [WARNING] Failed to find tvg-id="rugbytv" in georgia_channels.m3u
2026-08-21 22:30:44,518 [WARNING] Failed to find tvg-id="gms" in georgia_channels.m3u
2026-08-21 22:30:44,518 [WARNING] Failed to find tvg-id="aiatv" in georgia_channels.m3u
2026-08-21 22:30:44,519 [WARNING] Failed to find tvg-id="batumi2" in georgia_channels.m3u
2026-08-21 22:30:44,519 [WARNING] Failed to find tvg-id="altinfo" in georgia_channels.m3u
2026-08-21 22:30:44,519 [WARNING] Failed to find tvg-id="parliament" in georgia_channels.m3u
2026-08-21 22:30:44,519 [WARNING] Failed to find tvg-id="egrisi" in georgia_channels.m3u
2026-08-21 22:30:44,519 [WARNING] Failed to find tvg-id="mzetv" in georgia_channels.m3u
2026-08-21 22:30:44,519 [INFO] No file changes were made.
2026-08-21 22:30:44,519 [INFO] === UPDATE EXECUTION FINISHED ===
