2026-08-26 05:37:03,235 [INFO] === UPDATE EXECUTION STARTED ===
2026-08-26 05:37:03,235 [INFO] Fetching Setanta Sports 3 from IPTV-ORG...
2026-08-26 05:37:03,366 [INFO] Launching batch scraper for 44 channels on tv.mar.tv...
2026-08-26 05:37:05,584 [INFO] Scraping rustavi2...
2026-08-26 05:37:11,064 [INFO]  -> Success: https://live8.mar.tv/1/4rd/index.m3u8
2026-08-26 05:37:11,104 [INFO] Scraping maestro...
2026-08-26 05:37:14,443 [INFO]  -> Success: https://live4.mar.tv/bb2abac36e1fa60c969cb709f052b942194cdd95f2a1d1869bb134a063676ff2/352m/index.m3u8
2026-08-26 05:37:14,475 [INFO] Scraping marao...
2026-08-26 05:37:17,812 [INFO]  -> Success: https://live2.mar.tv/bb2abac36e1fa60c969cb709f052b942194cdd95f2a1d1869bb134a063676ff2/12sd/index.m3u8
2026-08-26 05:37:17,845 [INFO] Scraping gds...
2026-08-26 05:37:21,184 [INFO]  -> Success: https://live1.mar.tv/bb2abac36e1fa60c969cb709f052b942194cdd95f2a1d1869bb134a063676ff2/13sd/index.m3u8
2026-08-26 05:37:21,218 [INFO] Scraping comedy...
2026-08-26 05:37:24,553 [INFO]  -> Success: https://live4.mar.tv/bb2abac36e1fa60c969cb709f052b942194cdd95f2a1d1869bb134a063676ff2/14rd/index.m3u8
2026-08-26 05:37:24,586 [INFO] Scraping bbb...
2026-08-26 05:37:27,920 [INFO]  -> Success: https://live2.mar.tv/bb2abac36e1fa60c969cb709f052b942194cdd95f2a1d1869bb134a063676ff2/16sd/index.m3u8
2026-08-26 05:37:27,955 [INFO] Scraping enkibenki...
2026-08-26 05:37:31,291 [INFO]  -> Success: https://live2.mar.tv/bb2abac36e1fa60c969cb709f052b942194cdd95f2a1d1869bb134a063676ff2/17e/index.m3u8
2026-08-26 05:37:31,323 [INFO] Scraping adjaratv...
2026-08-26 05:37:34,657 [INFO]  -> Success: https://live2.mar.tv/bb2abac36e1fa60c969cb709f052b942194cdd95f2a1d1869bb134a063676ff2/19rd/index.m3u8
2026-08-26 05:37:34,690 [INFO] Scraping rionitv...
2026-08-26 05:37:38,028 [INFO]  -> Success: https://live6.mar.tv/bb2abac36e1fa60c969cb709f052b942194cdd95f2a1d1869bb134a063676ff2/20rionn/index.m3u8
2026-08-26 05:37:38,060 [INFO] Scraping tv25...
2026-08-26 05:37:41,394 [INFO]  -> Success: https://live6.mar.tv/bb2abac36e1fa60c969cb709f052b942194cdd95f2a1d1869bb134a063676ff2/23tv25/index.m3u8
2026-08-26 05:37:41,427 [INFO] Scraping tv4rustavi...
2026-08-26 05:37:44,766 [INFO]  -> Success: https://live6.mar.tv/bb2abac36e1fa60c969cb709f052b942194cdd95f2a1d1869bb134a063676ff2/24tw4/index.m3u8
2026-08-26 05:37:44,798 [INFO] Scraping trialeti...
2026-08-26 05:37:48,136 [INFO]  -> Success: https://live6.mar.tv/bb2abac36e1fa60c969cb709f052b942194cdd95f2a1d1869bb134a063676ff2/trialleti/index.m3u8
2026-08-26 05:37:48,167 [INFO] Scraping dardimandi...
2026-08-26 05:37:51,501 [INFO]  -> Success: https://live5.mar.tv/bb2abac36e1fa60c969cb709f052b942194cdd95f2a1d1869bb134a063676ff2/27/index.m3u8
2026-08-26 05:37:51,535 [INFO] Scraping agro...
2026-08-26 05:37:54,870 [INFO]  -> Success: https://live5.mar.tv/bb2abac36e1fa60c969cb709f052b942194cdd95f2a1d1869bb134a063676ff2/28/index.m3u8
2026-08-26 05:37:54,902 [INFO] Scraping samefo...
2026-08-26 05:37:58,239 [INFO]  -> Success: https://live5.mar.tv/bb2abac36e1fa60c969cb709f052b942194cdd95f2a1d1869bb134a063676ff2/29/index.m3u8
2026-08-26 05:37:58,274 [INFO] Scraping postv...
2026-08-26 05:38:01,607 [INFO]  -> Success: https://live6.mar.tv/bb2abac36e1fa60c969cb709f052b942194cdd95f2a1d1869bb134a063676ff2/postvw/index.m3u8
2026-08-26 05:38:01,643 [INFO] Scraping megatv...
2026-08-26 05:38:04,979 [INFO]  -> Success: https://live4.mar.tv/bb2abac36e1fa60c969cb709f052b942194cdd95f2a1d1869bb134a063676ff2/32st/index.m3u8
2026-08-26 05:38:05,012 [INFO] Scraping qartuliarxi...
2026-08-26 05:38:08,348 [INFO]  -> Success: https://live6.mar.tv/bb2abac36e1fa60c969cb709f052b942194cdd95f2a1d1869bb134a063676ff2/qartuli/index.m3u8
2026-08-26 05:38:08,381 [INFO] Scraping musicbox...
2026-08-26 05:38:11,715 [INFO]  -> Success: https://live6.mar.tv/bb2abac36e1fa60c969cb709f052b942194cdd95f2a1d1869bb134a063676ff2/34musge/index.m3u8
2026-08-26 05:38:11,751 [INFO] Scraping marneuli...
2026-08-26 05:38:15,088 [INFO]  -> Success: https://live6.mar.tv/bb2abac36e1fa60c969cb709f052b942194cdd95f2a1d1869bb134a063676ff2/37marn/index.m3u8
2026-08-26 05:38:15,119 [INFO] Scraping axaliformula...
2026-08-26 05:38:18,456 [INFO]  -> Success: https://live6.mar.tv/bb2abac36e1fa60c969cb709f052b942194cdd95f2a1d1869bb134a063676ff2/axaliformla/index.m3u8
2026-08-26 05:38:18,489 [INFO] Scraping o2...
2026-08-26 05:38:21,826 [INFO]  -> Success: https://live5.mar.tv/bb2abac36e1fa60c969cb709f052b942194cdd95f2a1d1869bb134a063676ff2/40/index.m3u8
2026-08-26 05:38:21,862 [INFO] Scraping guria...
2026-08-26 05:38:25,196 [INFO]  -> Success: https://live5.mar.tv/bb2abac36e1fa60c969cb709f052b942194cdd95f2a1d1869bb134a063676ff2/42/index.m3u8
2026-08-26 05:38:25,231 [INFO] Scraping imervizia...
2026-08-26 05:38:28,567 [INFO]  -> Success: https://live6.mar.tv/bb2abac36e1fa60c969cb709f052b942194cdd95f2a1d1869bb134a063676ff2/imervizia/index.m3u8
2026-08-26 05:38:28,600 [INFO] Scraping diatv...
2026-08-26 05:38:31,934 [INFO]  -> Success: https://live4.mar.tv/bb2abac36e1fa60c969cb709f052b942194cdd95f2a1d1869bb134a063676ff2/dia/index.m3u8
2026-08-26 05:38:31,970 [INFO] Scraping chveniarxi...
2026-08-26 05:38:35,303 [INFO]  -> Success: https://live3.mar.tv/bb2abac36e1fa60c969cb709f052b942194cdd95f2a1d1869bb134a063676ff2/45rd/index.m3u8
2026-08-26 05:38:35,336 [INFO] Scraping batumitv...
2026-08-26 05:38:38,673 [INFO]  -> Success: https://live5.mar.tv/bb2abac36e1fa60c969cb709f052b942194cdd95f2a1d1869bb134a063676ff2/46/index.m3u8
2026-08-26 05:38:38,704 [INFO] Scraping rcheuli...
2026-08-26 05:38:42,040 [INFO]  -> Success: https://live5.mar.tv/bb2abac36e1fa60c969cb709f052b942194cdd95f2a1d1869bb134a063676ff2/47/index.m3u8
2026-08-26 05:38:42,075 [INFO] Scraping gurjaani...
2026-08-26 05:38:45,407 [INFO]  -> Success: https://live4.mar.tv/bb2abac36e1fa60c969cb709f052b942194cdd95f2a1d1869bb134a063676ff2/48m/index.m3u8
2026-08-26 05:38:45,442 [INFO] Scraping molitv...
2026-08-26 05:38:48,778 [INFO]  -> Success: https://live6.mar.tv/bb2abac36e1fa60c969cb709f052b942194cdd95f2a1d1869bb134a063676ff2/mollltv/index.m3u8
2026-08-26 05:38:48,814 [INFO] Scraping mexute...
2026-08-26 05:38:52,151 [INFO]  -> Success: https://live6.mar.tv/bb2abac36e1fa60c969cb709f052b942194cdd95f2a1d1869bb134a063676ff2/50/index.m3u8
2026-08-26 05:38:52,185 [INFO] Scraping agrogaremo...
2026-08-26 05:38:55,522 [INFO]  -> Success: https://live6.mar.tv/bb2abac36e1fa60c969cb709f052b942194cdd95f2a1d1869bb134a063676ff2/agrogaremo/index.m3u8
2026-08-26 05:38:55,556 [INFO] Scraping artv...
2026-08-26 05:38:58,894 [INFO]  -> Success: https://live6.mar.tv/bb2abac36e1fa60c969cb709f052b942194cdd95f2a1d1869bb134a063676ff2/tafutv/index.m3u8
2026-08-26 05:38:58,928 [INFO] Scraping meteo24...
2026-08-26 05:39:02,268 [INFO]  -> Success: https://live5.mar.tv/bb2abac36e1fa60c969cb709f052b942194cdd95f2a1d1869bb134a063676ff2/56/index.m3u8
2026-08-26 05:39:02,302 [INFO] Scraping georgiantimes...
2026-08-26 05:39:05,635 [INFO]  -> Success: https://live5.mar.tv/bb2abac36e1fa60c969cb709f052b942194cdd95f2a1d1869bb134a063676ff2/57/index.m3u8
2026-08-26 05:39:05,670 [INFO] Scraping silkuniversal...
2026-08-26 05:39:09,008 [INFO]  -> Success: https://live2.mar.tv/bb2abac36e1fa60c969cb709f052b942194cdd95f2a1d1869bb134a063676ff2/1arxiweb/index.m3u8
2026-08-26 05:39:09,043 [INFO] Scraping rugbytv...
2026-08-26 05:39:12,377 [INFO]  -> Success: https://live4.mar.tv/bb2abac36e1fa60c969cb709f052b942194cdd95f2a1d1869bb134a063676ff2/160m/index.m3u8
2026-08-26 05:39:12,410 [INFO] Scraping gms...
2026-08-26 05:39:15,744 [INFO]  -> Success: https://live5.mar.tv/bb2abac36e1fa60c969cb709f052b942194cdd95f2a1d1869bb134a063676ff2/161/index.m3u8
2026-08-26 05:39:15,779 [INFO] Scraping aiatv...
2026-08-26 05:39:19,117 [INFO]  -> Success: https://live6.mar.tv/bb2abac36e1fa60c969cb709f052b942194cdd95f2a1d1869bb134a063676ff2/aia/index.m3u8
2026-08-26 05:39:19,151 [INFO] Scraping batumi2...
2026-08-26 05:39:22,489 [INFO]  -> Success: https://live6.mar.tv/bb2abac36e1fa60c969cb709f052b942194cdd95f2a1d1869bb134a063676ff2/batumitv2/index.m3u8
2026-08-26 05:39:22,522 [INFO] Scraping altinfo...
2026-08-26 05:39:25,856 [INFO]  -> Success: https://live6.mar.tv/bb2abac36e1fa60c969cb709f052b942194cdd95f2a1d1869bb134a063676ff2/altinfo/index.m3u8
2026-08-26 05:39:25,891 [INFO] Scraping parliament...
2026-08-26 05:39:29,226 [INFO]  -> Success: https://live6.mar.tv/bb2abac36e1fa60c969cb709f052b942194cdd95f2a1d1869bb134a063676ff2/parlament/index.m3u8
2026-08-26 05:39:29,259 [INFO] Scraping egrisi...
2026-08-26 05:39:32,594 [INFO]  -> Success: https://live6.mar.tv/bb2abac36e1fa60c969cb709f052b942194cdd95f2a1d1869bb134a063676ff2/egrisi/index.m3u8
2026-08-26 05:39:32,628 [INFO] Scraping mzetv...
2026-08-26 05:39:35,967 [INFO]  -> Success: https://live6.mar.tv/bb2abac36e1fa60c969cb709f052b942194cdd95f2a1d1869bb134a063676ff2/mze/index.m3u8
2026-08-26 05:39:36,015 [WARNING] Failed to find tvg-id="rustavi2" in georgia_channels.m3u
2026-08-26 05:39:36,015 [WARNING] Failed to find tvg-id="maestro" in georgia_channels.m3u
2026-08-26 05:39:36,016 [WARNING] Failed to find tvg-id="marao" in georgia_channels.m3u
2026-08-26 05:39:36,016 [WARNING] Failed to find tvg-id="gds" in georgia_channels.m3u
2026-08-26 05:39:36,016 [WARNING] Failed to find tvg-id="comedy" in georgia_channels.m3u
2026-08-26 05:39:36,016 [WARNING] Failed to find tvg-id="bbb" in georgia_channels.m3u
2026-08-26 05:39:36,017 [WARNING] Failed to find tvg-id="enkibenki" in georgia_channels.m3u
2026-08-26 05:39:36,017 [WARNING] Failed to find tvg-id="adjaratv" in georgia_channels.m3u
2026-08-26 05:39:36,017 [WARNING] Failed to find tvg-id="rionitv" in georgia_channels.m3u
2026-08-26 05:39:36,017 [WARNING] Failed to find tvg-id="tv25" in georgia_channels.m3u
2026-08-26 05:39:36,018 [WARNING] Failed to find tvg-id="tv4rustavi" in georgia_channels.m3u
2026-08-26 05:39:36,018 [WARNING] Failed to find tvg-id="trialeti" in georgia_channels.m3u
2026-08-26 05:39:36,018 [WARNING] Failed to find tvg-id="dardimandi" in georgia_channels.m3u
2026-08-26 05:39:36,018 [WARNING] Failed to find tvg-id="agro" in georgia_channels.m3u
2026-08-26 05:39:36,019 [WARNING] Failed to find tvg-id="samefo" in georgia_channels.m3u
2026-08-26 05:39:36,019 [WARNING] Failed to find tvg-id="postv" in georgia_channels.m3u
2026-08-26 05:39:36,019 [WARNING] Failed to find tvg-id="megatv" in georgia_channels.m3u
2026-08-26 05:39:36,019 [WARNING] Failed to find tvg-id="qartuliarxi" in georgia_channels.m3u
2026-08-26 05:39:36,019 [WARNING] Failed to find tvg-id="musicbox" in georgia_channels.m3u
2026-08-26 05:39:36,020 [WARNING] Failed to find tvg-id="marneuli" in georgia_channels.m3u
2026-08-26 05:39:36,020 [WARNING] Failed to find tvg-id="axaliformula" in georgia_channels.m3u
2026-08-26 05:39:36,020 [WARNING] Failed to find tvg-id="o2" in georgia_channels.m3u
2026-08-26 05:39:36,020 [WARNING] Failed to find tvg-id="guria" in georgia_channels.m3u
2026-08-26 05:39:36,020 [WARNING] Failed to find tvg-id="imervizia" in georgia_channels.m3u
2026-08-26 05:39:36,020 [WARNING] Failed to find tvg-id="diatv" in georgia_channels.m3u
2026-08-26 05:39:36,021 [WARNING] Failed to find tvg-id="chveniarxi" in georgia_channels.m3u
2026-08-26 05:39:36,021 [WARNING] Failed to find tvg-id="batumitv" in georgia_channels.m3u
2026-08-26 05:39:36,021 [WARNING] Failed to find tvg-id="rcheuli" in georgia_channels.m3u
2026-08-26 05:39:36,021 [WARNING] Failed to find tvg-id="gurjaani" in georgia_channels.m3u
2026-08-26 05:39:36,021 [WARNING] Failed to find tvg-id="molitv" in georgia_channels.m3u
2026-08-26 05:39:36,022 [WARNING] Failed to find tvg-id="mexute" in georgia_channels.m3u
2026-08-26 05:39:36,022 [WARNING] Failed to find tvg-id="agrogaremo" in georgia_channels.m3u
2026-08-26 05:39:36,022 [WARNING] Failed to find tvg-id="artv" in georgia_channels.m3u
2026-08-26 05:39:36,022 [WARNING] Failed to find tvg-id="meteo24" in georgia_channels.m3u
2026-08-26 05:39:36,022 [WARNING] Failed to find tvg-id="georgiantimes" in georgia_channels.m3u
2026-08-26 05:39:36,023 [WARNING] Failed to find tvg-id="silkuniversal" in georgia_channels.m3u
2026-08-26 05:39:36,023 [WARNING] Failed to find tvg-id="rugbytv" in georgia_channels.m3u
2026-08-26 05:39:36,023 [WARNING] Failed to find tvg-id="gms" in georgia_channels.m3u
2026-08-26 05:39:36,023 [WARNING] Failed to find tvg-id="aiatv" in georgia_channels.m3u
2026-08-26 05:39:36,023 [WARNING] Failed to find tvg-id="batumi2" in georgia_channels.m3u
2026-08-26 05:39:36,024 [WARNING] Failed to find tvg-id="altinfo" in georgia_channels.m3u
2026-08-26 05:39:36,024 [WARNING] Failed to find tvg-id="parliament" in georgia_channels.m3u
2026-08-26 05:39:36,024 [WARNING] Failed to find tvg-id="egrisi" in georgia_channels.m3u
2026-08-26 05:39:36,024 [WARNING] Failed to find tvg-id="mzetv" in georgia_channels.m3u
2026-08-26 05:39:36,024 [INFO] No file changes were made.
2026-08-26 05:39:36,024 [INFO] === UPDATE EXECUTION FINISHED ===
