2026-08-23 20:26:56,879 [INFO] === UPDATE EXECUTION STARTED ===
2026-08-23 20:26:56,880 [INFO] Fetching Setanta Sports 3 from IPTV-ORG...
2026-08-23 20:26:57,033 [INFO] Launching batch scraper for 44 channels on tv.mar.tv...
2026-08-23 20:26:57,653 [INFO] Scraping rustavi2...
2026-08-23 20:27:03,098 [INFO]  -> Success: https://live8.mar.tv/1/4rd/index.m3u8
2026-08-23 20:27:03,136 [INFO] Scraping maestro...
2026-08-23 20:27:06,482 [INFO]  -> Success: https://live4.mar.tv/7e8f132fa36bf3f0e3b43d8ef6cdd2c0fd25cd1b4353f0c6b059c130163034de/352m/index.m3u8
2026-08-23 20:27:06,520 [INFO] Scraping marao...
2026-08-23 20:27:09,860 [INFO]  -> Success: https://live2.mar.tv/7e8f132fa36bf3f0e3b43d8ef6cdd2c0fd25cd1b4353f0c6b059c130163034de/12sd/index.m3u8
2026-08-23 20:27:09,898 [INFO] Scraping gds...
2026-08-23 20:27:13,235 [INFO]  -> Success: https://live1.mar.tv/7e8f132fa36bf3f0e3b43d8ef6cdd2c0fd25cd1b4353f0c6b059c130163034de/13sd/index.m3u8
2026-08-23 20:27:13,272 [INFO] Scraping comedy...
2026-08-23 20:27:16,614 [INFO]  -> Success: https://live4.mar.tv/7e8f132fa36bf3f0e3b43d8ef6cdd2c0fd25cd1b4353f0c6b059c130163034de/14rd/index.m3u8
2026-08-23 20:27:16,649 [INFO] Scraping bbb...
2026-08-23 20:27:19,982 [INFO]  -> Success: https://live2.mar.tv/7e8f132fa36bf3f0e3b43d8ef6cdd2c0fd25cd1b4353f0c6b059c130163034de/16sd/index.m3u8
2026-08-23 20:27:20,018 [INFO] Scraping enkibenki...
2026-08-23 20:27:23,352 [INFO]  -> Success: https://live2.mar.tv/7e8f132fa36bf3f0e3b43d8ef6cdd2c0fd25cd1b4353f0c6b059c130163034de/17e/index.m3u8
2026-08-23 20:27:23,389 [INFO] Scraping adjaratv...
2026-08-23 20:27:26,729 [INFO]  -> Success: https://live2.mar.tv/7e8f132fa36bf3f0e3b43d8ef6cdd2c0fd25cd1b4353f0c6b059c130163034de/19rd/index.m3u8
2026-08-23 20:27:26,763 [INFO] Scraping rionitv...
2026-08-23 20:27:30,098 [INFO]  -> Success: https://live6.mar.tv/7e8f132fa36bf3f0e3b43d8ef6cdd2c0fd25cd1b4353f0c6b059c130163034de/20rionn/index.m3u8
2026-08-23 20:27:30,133 [INFO] Scraping tv25...
2026-08-23 20:27:33,472 [INFO]  -> Success: https://live6.mar.tv/7e8f132fa36bf3f0e3b43d8ef6cdd2c0fd25cd1b4353f0c6b059c130163034de/23tv25/index.m3u8
2026-08-23 20:27:33,509 [INFO] Scraping tv4rustavi...
2026-08-23 20:27:36,847 [INFO]  -> Success: https://live6.mar.tv/7e8f132fa36bf3f0e3b43d8ef6cdd2c0fd25cd1b4353f0c6b059c130163034de/24tw4/index.m3u8
2026-08-23 20:27:36,885 [INFO] Scraping trialeti...
2026-08-23 20:27:40,221 [INFO]  -> Success: https://live6.mar.tv/7e8f132fa36bf3f0e3b43d8ef6cdd2c0fd25cd1b4353f0c6b059c130163034de/trialleti/index.m3u8
2026-08-23 20:27:40,260 [INFO] Scraping dardimandi...
2026-08-23 20:27:43,599 [INFO]  -> Success: https://live5.mar.tv/7e8f132fa36bf3f0e3b43d8ef6cdd2c0fd25cd1b4353f0c6b059c130163034de/27/index.m3u8
2026-08-23 20:27:43,635 [INFO] Scraping agro...
2026-08-23 20:27:46,974 [INFO]  -> Success: https://live5.mar.tv/7e8f132fa36bf3f0e3b43d8ef6cdd2c0fd25cd1b4353f0c6b059c130163034de/28/index.m3u8
2026-08-23 20:27:47,010 [INFO] Scraping samefo...
2026-08-23 20:27:50,349 [INFO]  -> Success: https://live5.mar.tv/7e8f132fa36bf3f0e3b43d8ef6cdd2c0fd25cd1b4353f0c6b059c130163034de/29/index.m3u8
2026-08-23 20:27:50,385 [INFO] Scraping postv...
2026-08-23 20:27:53,726 [INFO]  -> Success: https://live6.mar.tv/7e8f132fa36bf3f0e3b43d8ef6cdd2c0fd25cd1b4353f0c6b059c130163034de/postvw/index.m3u8
2026-08-23 20:27:53,758 [INFO] Scraping megatv...
2026-08-23 20:27:57,099 [INFO]  -> Success: https://live4.mar.tv/7e8f132fa36bf3f0e3b43d8ef6cdd2c0fd25cd1b4353f0c6b059c130163034de/32st/index.m3u8
2026-08-23 20:27:57,134 [INFO] Scraping qartuliarxi...
2026-08-23 20:28:00,470 [INFO]  -> Success: https://live6.mar.tv/7e8f132fa36bf3f0e3b43d8ef6cdd2c0fd25cd1b4353f0c6b059c130163034de/qartuli/index.m3u8
2026-08-23 20:28:00,505 [INFO] Scraping musicbox...
2026-08-23 20:28:03,842 [INFO]  -> Success: https://live6.mar.tv/7e8f132fa36bf3f0e3b43d8ef6cdd2c0fd25cd1b4353f0c6b059c130163034de/34musge/index.m3u8
2026-08-23 20:28:03,875 [INFO] Scraping marneuli...
2026-08-23 20:28:07,209 [INFO]  -> Success: https://live6.mar.tv/7e8f132fa36bf3f0e3b43d8ef6cdd2c0fd25cd1b4353f0c6b059c130163034de/37marn/index.m3u8
2026-08-23 20:28:07,242 [INFO] Scraping axaliformula...
2026-08-23 20:28:10,586 [INFO]  -> Success: https://live6.mar.tv/7e8f132fa36bf3f0e3b43d8ef6cdd2c0fd25cd1b4353f0c6b059c130163034de/axaliformla/index.m3u8
2026-08-23 20:28:10,621 [INFO] Scraping o2...
2026-08-23 20:28:13,954 [INFO]  -> Success: https://live5.mar.tv/7e8f132fa36bf3f0e3b43d8ef6cdd2c0fd25cd1b4353f0c6b059c130163034de/40/index.m3u8
2026-08-23 20:28:13,988 [INFO] Scraping guria...
2026-08-23 20:28:17,328 [INFO]  -> Success: https://live5.mar.tv/7e8f132fa36bf3f0e3b43d8ef6cdd2c0fd25cd1b4353f0c6b059c130163034de/42/index.m3u8
2026-08-23 20:28:17,364 [INFO] Scraping imervizia...
2026-08-23 20:28:20,710 [INFO]  -> Success: https://live6.mar.tv/7e8f132fa36bf3f0e3b43d8ef6cdd2c0fd25cd1b4353f0c6b059c130163034de/imervizia/index.m3u8
2026-08-23 20:28:20,748 [INFO] Scraping diatv...
2026-08-23 20:28:24,081 [INFO]  -> Success: https://live4.mar.tv/7e8f132fa36bf3f0e3b43d8ef6cdd2c0fd25cd1b4353f0c6b059c130163034de/dia/index.m3u8
2026-08-23 20:28:24,117 [INFO] Scraping chveniarxi...
2026-08-23 20:28:27,451 [INFO]  -> Success: https://live3.mar.tv/7e8f132fa36bf3f0e3b43d8ef6cdd2c0fd25cd1b4353f0c6b059c130163034de/45rd/index.m3u8
2026-08-23 20:28:27,485 [INFO] Scraping batumitv...
2026-08-23 20:28:30,821 [INFO]  -> Success: https://live5.mar.tv/7e8f132fa36bf3f0e3b43d8ef6cdd2c0fd25cd1b4353f0c6b059c130163034de/46/index.m3u8
2026-08-23 20:28:30,858 [INFO] Scraping rcheuli...
2026-08-23 20:28:34,195 [INFO]  -> Success: https://live5.mar.tv/7e8f132fa36bf3f0e3b43d8ef6cdd2c0fd25cd1b4353f0c6b059c130163034de/47/index.m3u8
2026-08-23 20:28:34,229 [INFO] Scraping gurjaani...
2026-08-23 20:28:37,569 [INFO]  -> Success: https://live4.mar.tv/7e8f132fa36bf3f0e3b43d8ef6cdd2c0fd25cd1b4353f0c6b059c130163034de/48m/index.m3u8
2026-08-23 20:28:37,601 [INFO] Scraping molitv...
2026-08-23 20:28:40,935 [INFO]  -> Success: https://live6.mar.tv/7e8f132fa36bf3f0e3b43d8ef6cdd2c0fd25cd1b4353f0c6b059c130163034de/mollltv/index.m3u8
2026-08-23 20:28:40,967 [INFO] Scraping mexute...
2026-08-23 20:28:44,308 [INFO]  -> Success: https://live6.mar.tv/7e8f132fa36bf3f0e3b43d8ef6cdd2c0fd25cd1b4353f0c6b059c130163034de/50/index.m3u8
2026-08-23 20:28:44,340 [INFO] Scraping agrogaremo...
2026-08-23 20:28:47,678 [INFO]  -> Success: https://live6.mar.tv/7e8f132fa36bf3f0e3b43d8ef6cdd2c0fd25cd1b4353f0c6b059c130163034de/agrogaremo/index.m3u8
2026-08-23 20:28:47,711 [INFO] Scraping artv...
2026-08-23 20:28:51,045 [INFO]  -> Success: https://live6.mar.tv/7e8f132fa36bf3f0e3b43d8ef6cdd2c0fd25cd1b4353f0c6b059c130163034de/tafutv/index.m3u8
2026-08-23 20:28:51,080 [INFO] Scraping meteo24...
2026-08-23 20:28:54,412 [INFO]  -> Success: https://live5.mar.tv/7e8f132fa36bf3f0e3b43d8ef6cdd2c0fd25cd1b4353f0c6b059c130163034de/56/index.m3u8
2026-08-23 20:28:54,445 [INFO] Scraping georgiantimes...
2026-08-23 20:28:57,786 [INFO]  -> Success: https://live5.mar.tv/7e8f132fa36bf3f0e3b43d8ef6cdd2c0fd25cd1b4353f0c6b059c130163034de/57/index.m3u8
2026-08-23 20:28:57,821 [INFO] Scraping silkuniversal...
2026-08-23 20:29:01,164 [INFO]  -> Success: https://live2.mar.tv/7e8f132fa36bf3f0e3b43d8ef6cdd2c0fd25cd1b4353f0c6b059c130163034de/1arxiweb/index.m3u8
2026-08-23 20:29:01,199 [INFO] Scraping rugbytv...
2026-08-23 20:29:04,536 [INFO]  -> Success: https://live4.mar.tv/7e8f132fa36bf3f0e3b43d8ef6cdd2c0fd25cd1b4353f0c6b059c130163034de/160m/index.m3u8
2026-08-23 20:29:04,568 [INFO] Scraping gms...
2026-08-23 20:29:07,900 [INFO]  -> Success: https://live5.mar.tv/7e8f132fa36bf3f0e3b43d8ef6cdd2c0fd25cd1b4353f0c6b059c130163034de/161/index.m3u8
2026-08-23 20:29:07,934 [INFO] Scraping aiatv...
2026-08-23 20:29:11,272 [INFO]  -> Success: https://live6.mar.tv/7e8f132fa36bf3f0e3b43d8ef6cdd2c0fd25cd1b4353f0c6b059c130163034de/aia/index.m3u8
2026-08-23 20:29:11,305 [INFO] Scraping batumi2...
2026-08-23 20:29:14,643 [INFO]  -> Success: https://live6.mar.tv/7e8f132fa36bf3f0e3b43d8ef6cdd2c0fd25cd1b4353f0c6b059c130163034de/batumitv2/index.m3u8
2026-08-23 20:29:14,677 [INFO] Scraping altinfo...
2026-08-23 20:29:18,011 [INFO]  -> Success: https://live6.mar.tv/7e8f132fa36bf3f0e3b43d8ef6cdd2c0fd25cd1b4353f0c6b059c130163034de/altinfo/index.m3u8
2026-08-23 20:29:18,044 [INFO] Scraping parliament...
2026-08-23 20:29:21,379 [INFO]  -> Success: https://live6.mar.tv/7e8f132fa36bf3f0e3b43d8ef6cdd2c0fd25cd1b4353f0c6b059c130163034de/parlament/index.m3u8
2026-08-23 20:29:21,414 [INFO] Scraping egrisi...
2026-08-23 20:29:24,752 [INFO]  -> Success: https://live6.mar.tv/7e8f132fa36bf3f0e3b43d8ef6cdd2c0fd25cd1b4353f0c6b059c130163034de/egrisi/index.m3u8
2026-08-23 20:29:24,790 [INFO] Scraping mzetv...
2026-08-23 20:29:28,125 [INFO]  -> Success: https://live6.mar.tv/7e8f132fa36bf3f0e3b43d8ef6cdd2c0fd25cd1b4353f0c6b059c130163034de/mze/index.m3u8
2026-08-23 20:29:28,177 [WARNING] Failed to find tvg-id="rustavi2" in georgia_channels.m3u
2026-08-23 20:29:28,177 [WARNING] Failed to find tvg-id="maestro" in georgia_channels.m3u
2026-08-23 20:29:28,177 [WARNING] Failed to find tvg-id="marao" in georgia_channels.m3u
2026-08-23 20:29:28,177 [WARNING] Failed to find tvg-id="gds" in georgia_channels.m3u
2026-08-23 20:29:28,178 [WARNING] Failed to find tvg-id="comedy" in georgia_channels.m3u
2026-08-23 20:29:28,178 [WARNING] Failed to find tvg-id="bbb" in georgia_channels.m3u
2026-08-23 20:29:28,178 [WARNING] Failed to find tvg-id="enkibenki" in georgia_channels.m3u
2026-08-23 20:29:28,178 [WARNING] Failed to find tvg-id="adjaratv" in georgia_channels.m3u
2026-08-23 20:29:28,179 [WARNING] Failed to find tvg-id="rionitv" in georgia_channels.m3u
2026-08-23 20:29:28,179 [WARNING] Failed to find tvg-id="tv25" in georgia_channels.m3u
2026-08-23 20:29:28,179 [WARNING] Failed to find tvg-id="tv4rustavi" in georgia_channels.m3u
2026-08-23 20:29:28,179 [WARNING] Failed to find tvg-id="trialeti" in georgia_channels.m3u
2026-08-23 20:29:28,180 [WARNING] Failed to find tvg-id="dardimandi" in georgia_channels.m3u
2026-08-23 20:29:28,180 [WARNING] Failed to find tvg-id="agro" in georgia_channels.m3u
2026-08-23 20:29:28,180 [WARNING] Failed to find tvg-id="samefo" in georgia_channels.m3u
2026-08-23 20:29:28,180 [WARNING] Failed to find tvg-id="postv" in georgia_channels.m3u
2026-08-23 20:29:28,180 [WARNING] Failed to find tvg-id="megatv" in georgia_channels.m3u
2026-08-23 20:29:28,181 [WARNING] Failed to find tvg-id="qartuliarxi" in georgia_channels.m3u
2026-08-23 20:29:28,181 [WARNING] Failed to find tvg-id="musicbox" in georgia_channels.m3u
2026-08-23 20:29:28,181 [WARNING] Failed to find tvg-id="marneuli" in georgia_channels.m3u
2026-08-23 20:29:28,181 [WARNING] Failed to find tvg-id="axaliformula" in georgia_channels.m3u
2026-08-23 20:29:28,181 [WARNING] Failed to find tvg-id="o2" in georgia_channels.m3u
2026-08-23 20:29:28,182 [WARNING] Failed to find tvg-id="guria" in georgia_channels.m3u
2026-08-23 20:29:28,182 [WARNING] Failed to find tvg-id="imervizia" in georgia_channels.m3u
2026-08-23 20:29:28,182 [WARNING] Failed to find tvg-id="diatv" in georgia_channels.m3u
2026-08-23 20:29:28,182 [WARNING] Failed to find tvg-id="chveniarxi" in georgia_channels.m3u
2026-08-23 20:29:28,183 [WARNING] Failed to find tvg-id="batumitv" in georgia_channels.m3u
2026-08-23 20:29:28,183 [WARNING] Failed to find tvg-id="rcheuli" in georgia_channels.m3u
2026-08-23 20:29:28,183 [WARNING] Failed to find tvg-id="gurjaani" in georgia_channels.m3u
2026-08-23 20:29:28,183 [WARNING] Failed to find tvg-id="molitv" in georgia_channels.m3u
2026-08-23 20:29:28,183 [WARNING] Failed to find tvg-id="mexute" in georgia_channels.m3u
2026-08-23 20:29:28,184 [WARNING] Failed to find tvg-id="agrogaremo" in georgia_channels.m3u
2026-08-23 20:29:28,184 [WARNING] Failed to find tvg-id="artv" in georgia_channels.m3u
2026-08-23 20:29:28,184 [WARNING] Failed to find tvg-id="meteo24" in georgia_channels.m3u
2026-08-23 20:29:28,184 [WARNING] Failed to find tvg-id="georgiantimes" in georgia_channels.m3u
2026-08-23 20:29:28,185 [WARNING] Failed to find tvg-id="silkuniversal" in georgia_channels.m3u
2026-08-23 20:29:28,185 [WARNING] Failed to find tvg-id="rugbytv" in georgia_channels.m3u
2026-08-23 20:29:28,185 [WARNING] Failed to find tvg-id="gms" in georgia_channels.m3u
2026-08-23 20:29:28,185 [WARNING] Failed to find tvg-id="aiatv" in georgia_channels.m3u
2026-08-23 20:29:28,186 [WARNING] Failed to find tvg-id="batumi2" in georgia_channels.m3u
2026-08-23 20:29:28,186 [WARNING] Failed to find tvg-id="altinfo" in georgia_channels.m3u
2026-08-23 20:29:28,186 [WARNING] Failed to find tvg-id="parliament" in georgia_channels.m3u
2026-08-23 20:29:28,186 [WARNING] Failed to find tvg-id="egrisi" in georgia_channels.m3u
2026-08-23 20:29:28,186 [WARNING] Failed to find tvg-id="mzetv" in georgia_channels.m3u
2026-08-23 20:29:28,187 [INFO] No file changes were made.
2026-08-23 20:29:28,187 [INFO] === UPDATE EXECUTION FINISHED ===
