2026-08-21 07:45:41,922 [INFO] === UPDATE EXECUTION STARTED ===
2026-08-21 07:45:41,923 [INFO] Fetching Setanta Sports 3 from IPTV-ORG...
2026-08-21 07:45:42,045 [INFO] Launching batch scraper for 44 channels on tv.mar.tv...
2026-08-21 07:45:44,392 [INFO] Scraping rustavi2...
2026-08-21 07:45:50,109 [INFO]  -> Success: https://live8.mar.tv/1/4rd/index.m3u8
2026-08-21 07:45:50,145 [INFO] Scraping maestro...
2026-08-21 07:45:53,485 [INFO]  -> Success: https://live4.mar.tv/f5bbe282673b494c0337c42603b8ef36ca839b909cef85ba836da0ba87bdf142/352m/index.m3u8
2026-08-21 07:45:53,521 [INFO] Scraping marao...
2026-08-21 07:45:56,858 [INFO]  -> Success: https://live2.mar.tv/f5bbe282673b494c0337c42603b8ef36ca839b909cef85ba836da0ba87bdf142/12sd/index.m3u8
2026-08-21 07:45:56,896 [INFO] Scraping gds...
2026-08-21 07:46:00,235 [INFO]  -> Success: https://live1.mar.tv/f5bbe282673b494c0337c42603b8ef36ca839b909cef85ba836da0ba87bdf142/13sd/index.m3u8
2026-08-21 07:46:00,273 [INFO] Scraping comedy...
2026-08-21 07:46:03,616 [INFO]  -> Success: https://live4.mar.tv/f5bbe282673b494c0337c42603b8ef36ca839b909cef85ba836da0ba87bdf142/14rd/index.m3u8
2026-08-21 07:46:03,648 [INFO] Scraping bbb...
2026-08-21 07:46:06,988 [INFO]  -> Success: https://live2.mar.tv/f5bbe282673b494c0337c42603b8ef36ca839b909cef85ba836da0ba87bdf142/16sd/index.m3u8
2026-08-21 07:46:07,020 [INFO] Scraping enkibenki...
2026-08-21 07:46:10,364 [INFO]  -> Success: https://live2.mar.tv/f5bbe282673b494c0337c42603b8ef36ca839b909cef85ba836da0ba87bdf142/17e/index.m3u8
2026-08-21 07:46:10,397 [INFO] Scraping adjaratv...
2026-08-21 07:46:13,735 [INFO]  -> Success: https://live2.mar.tv/f5bbe282673b494c0337c42603b8ef36ca839b909cef85ba836da0ba87bdf142/19rd/index.m3u8
2026-08-21 07:46:13,767 [INFO] Scraping rionitv...
2026-08-21 07:46:17,110 [INFO]  -> Success: https://live6.mar.tv/f5bbe282673b494c0337c42603b8ef36ca839b909cef85ba836da0ba87bdf142/20rionn/index.m3u8
2026-08-21 07:46:17,145 [INFO] Scraping tv25...
2026-08-21 07:46:20,483 [INFO]  -> Success: https://live6.mar.tv/f5bbe282673b494c0337c42603b8ef36ca839b909cef85ba836da0ba87bdf142/23tv25/index.m3u8
2026-08-21 07:46:20,518 [INFO] Scraping tv4rustavi...
2026-08-21 07:46:23,855 [INFO]  -> Success: https://live6.mar.tv/f5bbe282673b494c0337c42603b8ef36ca839b909cef85ba836da0ba87bdf142/24tw4/index.m3u8
2026-08-21 07:46:23,897 [INFO] Scraping trialeti...
2026-08-21 07:46:27,233 [INFO]  -> Success: https://live6.mar.tv/f5bbe282673b494c0337c42603b8ef36ca839b909cef85ba836da0ba87bdf142/trialleti/index.m3u8
2026-08-21 07:46:27,270 [INFO] Scraping dardimandi...
2026-08-21 07:46:30,615 [INFO]  -> Success: https://live5.mar.tv/f5bbe282673b494c0337c42603b8ef36ca839b909cef85ba836da0ba87bdf142/27/index.m3u8
2026-08-21 07:46:30,652 [INFO] Scraping agro...
2026-08-21 07:46:33,991 [INFO]  -> Success: https://live5.mar.tv/f5bbe282673b494c0337c42603b8ef36ca839b909cef85ba836da0ba87bdf142/28/index.m3u8
2026-08-21 07:46:34,029 [INFO] Scraping samefo...
2026-08-21 07:46:37,368 [INFO]  -> Success: https://live5.mar.tv/f5bbe282673b494c0337c42603b8ef36ca839b909cef85ba836da0ba87bdf142/29/index.m3u8
2026-08-21 07:46:37,404 [INFO] Scraping postv...
2026-08-21 07:46:40,742 [INFO]  -> Success: https://live6.mar.tv/f5bbe282673b494c0337c42603b8ef36ca839b909cef85ba836da0ba87bdf142/postvw/index.m3u8
2026-08-21 07:46:40,778 [INFO] Scraping megatv...
2026-08-21 07:46:44,118 [INFO]  -> Success: https://live4.mar.tv/f5bbe282673b494c0337c42603b8ef36ca839b909cef85ba836da0ba87bdf142/32st/index.m3u8
2026-08-21 07:46:44,152 [INFO] Scraping qartuliarxi...
2026-08-21 07:46:47,489 [INFO]  -> Success: https://live6.mar.tv/f5bbe282673b494c0337c42603b8ef36ca839b909cef85ba836da0ba87bdf142/qartuli/index.m3u8
2026-08-21 07:46:47,525 [INFO] Scraping musicbox...
2026-08-21 07:46:50,864 [INFO]  -> Success: https://live6.mar.tv/f5bbe282673b494c0337c42603b8ef36ca839b909cef85ba836da0ba87bdf142/34musge/index.m3u8
2026-08-21 07:46:50,899 [INFO] Scraping marneuli...
2026-08-21 07:46:54,241 [INFO]  -> Success: https://live6.mar.tv/f5bbe282673b494c0337c42603b8ef36ca839b909cef85ba836da0ba87bdf142/37marn/index.m3u8
2026-08-21 07:46:54,274 [INFO] Scraping axaliformula...
2026-08-21 07:46:57,618 [INFO]  -> Success: https://live6.mar.tv/f5bbe282673b494c0337c42603b8ef36ca839b909cef85ba836da0ba87bdf142/axaliformla/index.m3u8
2026-08-21 07:46:57,650 [INFO] Scraping o2...
2026-08-21 07:47:00,990 [INFO]  -> Success: https://live5.mar.tv/f5bbe282673b494c0337c42603b8ef36ca839b909cef85ba836da0ba87bdf142/40/index.m3u8
2026-08-21 07:47:01,023 [INFO] Scraping guria...
2026-08-21 07:47:04,366 [INFO]  -> Success: https://live5.mar.tv/f5bbe282673b494c0337c42603b8ef36ca839b909cef85ba836da0ba87bdf142/42/index.m3u8
2026-08-21 07:47:04,401 [INFO] Scraping imervizia...
2026-08-21 07:47:07,738 [INFO]  -> Success: https://live6.mar.tv/f5bbe282673b494c0337c42603b8ef36ca839b909cef85ba836da0ba87bdf142/imervizia/index.m3u8
2026-08-21 07:47:07,770 [INFO] Scraping diatv...
2026-08-21 07:47:11,109 [INFO]  -> Success: https://live4.mar.tv/f5bbe282673b494c0337c42603b8ef36ca839b909cef85ba836da0ba87bdf142/dia/index.m3u8
2026-08-21 07:47:11,142 [INFO] Scraping chveniarxi...
2026-08-21 07:47:14,482 [INFO]  -> Success: https://live3.mar.tv/f5bbe282673b494c0337c42603b8ef36ca839b909cef85ba836da0ba87bdf142/45rd/index.m3u8
2026-08-21 07:47:14,516 [INFO] Scraping batumitv...
2026-08-21 07:47:17,857 [INFO]  -> Success: https://live5.mar.tv/f5bbe282673b494c0337c42603b8ef36ca839b909cef85ba836da0ba87bdf142/46/index.m3u8
2026-08-21 07:47:17,890 [INFO] Scraping rcheuli...
2026-08-21 07:47:21,225 [INFO]  -> Success: https://live5.mar.tv/f5bbe282673b494c0337c42603b8ef36ca839b909cef85ba836da0ba87bdf142/47/index.m3u8
2026-08-21 07:47:21,259 [INFO] Scraping gurjaani...
2026-08-21 07:47:24,596 [INFO]  -> Success: https://live4.mar.tv/f5bbe282673b494c0337c42603b8ef36ca839b909cef85ba836da0ba87bdf142/48m/index.m3u8
2026-08-21 07:47:24,632 [INFO] Scraping molitv...
2026-08-21 07:47:27,972 [INFO]  -> Success: https://live6.mar.tv/f5bbe282673b494c0337c42603b8ef36ca839b909cef85ba836da0ba87bdf142/mollltv/index.m3u8
2026-08-21 07:47:28,006 [INFO] Scraping mexute...
2026-08-21 07:47:31,348 [INFO]  -> Success: https://live6.mar.tv/f5bbe282673b494c0337c42603b8ef36ca839b909cef85ba836da0ba87bdf142/50/index.m3u8
2026-08-21 07:47:31,383 [INFO] Scraping agrogaremo...
2026-08-21 07:47:34,721 [INFO]  -> Success: https://live6.mar.tv/f5bbe282673b494c0337c42603b8ef36ca839b909cef85ba836da0ba87bdf142/agrogaremo/index.m3u8
2026-08-21 07:47:34,755 [INFO] Scraping artv...
2026-08-21 07:47:38,097 [INFO]  -> Success: https://live6.mar.tv/f5bbe282673b494c0337c42603b8ef36ca839b909cef85ba836da0ba87bdf142/tafutv/index.m3u8
2026-08-21 07:47:38,136 [INFO] Scraping meteo24...
2026-08-21 07:47:41,473 [INFO]  -> Success: https://live5.mar.tv/f5bbe282673b494c0337c42603b8ef36ca839b909cef85ba836da0ba87bdf142/56/index.m3u8
2026-08-21 07:47:41,505 [INFO] Scraping georgiantimes...
2026-08-21 07:47:44,847 [INFO]  -> Success: https://live5.mar.tv/f5bbe282673b494c0337c42603b8ef36ca839b909cef85ba836da0ba87bdf142/57/index.m3u8
2026-08-21 07:47:44,882 [INFO] Scraping silkuniversal...
2026-08-21 07:47:48,223 [INFO]  -> Success: https://live2.mar.tv/f5bbe282673b494c0337c42603b8ef36ca839b909cef85ba836da0ba87bdf142/1arxiweb/index.m3u8
2026-08-21 07:47:48,257 [INFO] Scraping rugbytv...
2026-08-21 07:47:51,600 [INFO]  -> Success: https://live4.mar.tv/f5bbe282673b494c0337c42603b8ef36ca839b909cef85ba836da0ba87bdf142/160m/index.m3u8
2026-08-21 07:47:51,636 [INFO] Scraping gms...
2026-08-21 07:47:54,974 [INFO]  -> Success: https://live5.mar.tv/f5bbe282673b494c0337c42603b8ef36ca839b909cef85ba836da0ba87bdf142/161/index.m3u8
2026-08-21 07:47:55,007 [INFO] Scraping aiatv...
2026-08-21 07:47:58,348 [INFO]  -> Success: https://live6.mar.tv/f5bbe282673b494c0337c42603b8ef36ca839b909cef85ba836da0ba87bdf142/aia/index.m3u8
2026-08-21 07:47:58,384 [INFO] Scraping batumi2...
2026-08-21 07:48:01,716 [INFO]  -> Success: https://live6.mar.tv/f5bbe282673b494c0337c42603b8ef36ca839b909cef85ba836da0ba87bdf142/batumitv2/index.m3u8
2026-08-21 07:48:01,749 [INFO] Scraping altinfo...
2026-08-21 07:48:05,087 [INFO]  -> Success: https://live6.mar.tv/f5bbe282673b494c0337c42603b8ef36ca839b909cef85ba836da0ba87bdf142/altinfo/index.m3u8
2026-08-21 07:48:05,121 [INFO] Scraping parliament...
2026-08-21 07:48:08,454 [INFO]  -> Success: https://live6.mar.tv/f5bbe282673b494c0337c42603b8ef36ca839b909cef85ba836da0ba87bdf142/parlament/index.m3u8
2026-08-21 07:48:08,487 [INFO] Scraping egrisi...
2026-08-21 07:48:11,826 [INFO]  -> Success: https://live6.mar.tv/f5bbe282673b494c0337c42603b8ef36ca839b909cef85ba836da0ba87bdf142/egrisi/index.m3u8
2026-08-21 07:48:11,859 [INFO] Scraping mzetv...
2026-08-21 07:48:15,201 [INFO]  -> Success: https://live6.mar.tv/f5bbe282673b494c0337c42603b8ef36ca839b909cef85ba836da0ba87bdf142/mze/index.m3u8
2026-08-21 07:48:15,252 [INFO] Updated M3U block for: rustavi2
2026-08-21 07:48:15,252 [INFO] Updated M3U block for: maestro
2026-08-21 07:48:15,252 [INFO] Updated M3U block for: marao
2026-08-21 07:48:15,253 [INFO] Updated M3U block for: gds
2026-08-21 07:48:15,253 [INFO] Updated M3U block for: comedy
2026-08-21 07:48:15,253 [INFO] Updated M3U block for: bbb
2026-08-21 07:48:15,253 [INFO] Updated M3U block for: enkibenki
2026-08-21 07:48:15,254 [INFO] Updated M3U block for: adjaratv
2026-08-21 07:48:15,254 [INFO] Updated M3U block for: rionitv
2026-08-21 07:48:15,254 [INFO] Updated M3U block for: tv25
2026-08-21 07:48:15,254 [INFO] Updated M3U block for: tv4rustavi
2026-08-21 07:48:15,255 [INFO] Updated M3U block for: trialeti
2026-08-21 07:48:15,255 [INFO] Updated M3U block for: dardimandi
2026-08-21 07:48:15,255 [INFO] Updated M3U block for: agro
2026-08-21 07:48:15,256 [INFO] Updated M3U block for: samefo
2026-08-21 07:48:15,256 [INFO] Updated M3U block for: postv
2026-08-21 07:48:15,256 [INFO] Updated M3U block for: megatv
2026-08-21 07:48:15,257 [INFO] Updated M3U block for: qartuliarxi
2026-08-21 07:48:15,257 [INFO] Updated M3U block for: musicbox
2026-08-21 07:48:15,257 [INFO] Updated M3U block for: marneuli
2026-08-21 07:48:15,258 [INFO] Updated M3U block for: axaliformula
2026-08-21 07:48:15,258 [INFO] Updated M3U block for: o2
2026-08-21 07:48:15,258 [INFO] Updated M3U block for: guria
2026-08-21 07:48:15,258 [INFO] Updated M3U block for: imervizia
2026-08-21 07:48:15,259 [INFO] Updated M3U block for: diatv
2026-08-21 07:48:15,259 [INFO] Updated M3U block for: chveniarxi
2026-08-21 07:48:15,259 [INFO] Updated M3U block for: batumitv
2026-08-21 07:48:15,259 [INFO] Updated M3U block for: rcheuli
2026-08-21 07:48:15,260 [INFO] Updated M3U block for: gurjaani
2026-08-21 07:48:15,260 [INFO] Updated M3U block for: molitv
2026-08-21 07:48:15,260 [INFO] Updated M3U block for: mexute
2026-08-21 07:48:15,260 [INFO] Updated M3U block for: agrogaremo
2026-08-21 07:48:15,261 [INFO] Updated M3U block for: artv
2026-08-21 07:48:15,261 [INFO] Updated M3U block for: meteo24
2026-08-21 07:48:15,261 [INFO] Updated M3U block for: georgiantimes
2026-08-21 07:48:15,261 [INFO] Updated M3U block for: silkuniversal
2026-08-21 07:48:15,262 [INFO] Updated M3U block for: rugbytv
2026-08-21 07:48:15,262 [INFO] Updated M3U block for: gms
2026-08-21 07:48:15,262 [INFO] Updated M3U block for: aiatv
2026-08-21 07:48:15,262 [INFO] Updated M3U block for: batumi2
2026-08-21 07:48:15,263 [INFO] Updated M3U block for: altinfo
2026-08-21 07:48:15,263 [INFO] Updated M3U block for: parliament
2026-08-21 07:48:15,263 [INFO] Updated M3U block for: egrisi
2026-08-21 07:48:15,263 [INFO] Updated M3U block for: mzetv
2026-08-21 07:48:15,264 [INFO] Saved changes to georgia_channels.m3u.
2026-08-21 07:48:15,264 [INFO] === UPDATE EXECUTION FINISHED ===
