2026-08-21 09:40:14,689 [INFO] === UPDATE EXECUTION STARTED ===
2026-08-21 09:40:14,690 [INFO] Fetching Setanta Sports 3 from IPTV-ORG...
2026-08-21 09:40:15,015 [INFO] Launching batch scraper for 44 channels on tv.mar.tv...
2026-08-21 09:40:15,969 [INFO] Scraping rustavi2...
2026-08-21 09:40:21,519 [INFO]  -> Success: https://live8.mar.tv/1/4rd/index.m3u8
2026-08-21 09:40:21,549 [INFO] Scraping maestro...
2026-08-21 09:40:24,867 [INFO]  -> Success: https://live4.mar.tv/207b6e63e4a3e4c827a5ccbcb027c6cb78ba6a8bd70ea681a3e15a68f93c49cc/352m/index.m3u8
2026-08-21 09:40:24,894 [INFO] Scraping marao...
2026-08-21 09:40:28,203 [INFO]  -> Success: https://live2.mar.tv/207b6e63e4a3e4c827a5ccbcb027c6cb78ba6a8bd70ea681a3e15a68f93c49cc/12sd/index.m3u8
2026-08-21 09:40:28,231 [INFO] Scraping gds...
2026-08-21 09:40:31,545 [INFO]  -> Success: https://live1.mar.tv/207b6e63e4a3e4c827a5ccbcb027c6cb78ba6a8bd70ea681a3e15a68f93c49cc/13sd/index.m3u8
2026-08-21 09:40:31,574 [INFO] Scraping comedy...
2026-08-21 09:40:34,886 [INFO]  -> Success: https://live4.mar.tv/207b6e63e4a3e4c827a5ccbcb027c6cb78ba6a8bd70ea681a3e15a68f93c49cc/14rd/index.m3u8
2026-08-21 09:40:34,919 [INFO] Scraping bbb...
2026-08-21 09:40:38,237 [INFO]  -> Success: https://live2.mar.tv/207b6e63e4a3e4c827a5ccbcb027c6cb78ba6a8bd70ea681a3e15a68f93c49cc/16sd/index.m3u8
2026-08-21 09:40:38,269 [INFO] Scraping enkibenki...
2026-08-21 09:40:41,583 [INFO]  -> Success: https://live2.mar.tv/207b6e63e4a3e4c827a5ccbcb027c6cb78ba6a8bd70ea681a3e15a68f93c49cc/17e/index.m3u8
2026-08-21 09:40:41,615 [INFO] Scraping adjaratv...
2026-08-21 09:40:44,930 [INFO]  -> Success: https://live2.mar.tv/207b6e63e4a3e4c827a5ccbcb027c6cb78ba6a8bd70ea681a3e15a68f93c49cc/19rd/index.m3u8
2026-08-21 09:40:44,964 [INFO] Scraping rionitv...
2026-08-21 09:40:48,276 [INFO]  -> Success: https://live6.mar.tv/207b6e63e4a3e4c827a5ccbcb027c6cb78ba6a8bd70ea681a3e15a68f93c49cc/20rionn/index.m3u8
2026-08-21 09:40:48,308 [INFO] Scraping tv25...
2026-08-21 09:40:51,621 [INFO]  -> Success: https://live6.mar.tv/207b6e63e4a3e4c827a5ccbcb027c6cb78ba6a8bd70ea681a3e15a68f93c49cc/23tv25/index.m3u8
2026-08-21 09:40:51,651 [INFO] Scraping tv4rustavi...
2026-08-21 09:40:54,961 [INFO]  -> Success: https://live6.mar.tv/207b6e63e4a3e4c827a5ccbcb027c6cb78ba6a8bd70ea681a3e15a68f93c49cc/24tw4/index.m3u8
2026-08-21 09:40:54,991 [INFO] Scraping trialeti...
2026-08-21 09:40:58,395 [INFO]  -> Success: https://live6.mar.tv/207b6e63e4a3e4c827a5ccbcb027c6cb78ba6a8bd70ea681a3e15a68f93c49cc/trialleti/index.m3u8
2026-08-21 09:40:58,426 [INFO] Scraping dardimandi...
2026-08-21 09:41:01,736 [INFO]  -> Success: https://live5.mar.tv/207b6e63e4a3e4c827a5ccbcb027c6cb78ba6a8bd70ea681a3e15a68f93c49cc/27/index.m3u8
2026-08-21 09:41:01,763 [INFO] Scraping agro...
2026-08-21 09:41:05,075 [INFO]  -> Success: https://live5.mar.tv/207b6e63e4a3e4c827a5ccbcb027c6cb78ba6a8bd70ea681a3e15a68f93c49cc/28/index.m3u8
2026-08-21 09:41:05,103 [INFO] Scraping samefo...
2026-08-21 09:41:08,410 [INFO]  -> Success: https://live5.mar.tv/207b6e63e4a3e4c827a5ccbcb027c6cb78ba6a8bd70ea681a3e15a68f93c49cc/29/index.m3u8
2026-08-21 09:41:08,439 [INFO] Scraping postv...
2026-08-21 09:41:11,751 [INFO]  -> Success: https://live6.mar.tv/207b6e63e4a3e4c827a5ccbcb027c6cb78ba6a8bd70ea681a3e15a68f93c49cc/postvw/index.m3u8
2026-08-21 09:41:11,786 [INFO] Scraping megatv...
2026-08-21 09:41:15,097 [INFO]  -> Success: https://live4.mar.tv/207b6e63e4a3e4c827a5ccbcb027c6cb78ba6a8bd70ea681a3e15a68f93c49cc/32st/index.m3u8
2026-08-21 09:41:15,128 [INFO] Scraping qartuliarxi...
2026-08-21 09:41:18,436 [INFO]  -> Success: https://live6.mar.tv/207b6e63e4a3e4c827a5ccbcb027c6cb78ba6a8bd70ea681a3e15a68f93c49cc/qartuli/index.m3u8
2026-08-21 09:41:18,467 [INFO] Scraping musicbox...
2026-08-21 09:41:21,771 [INFO]  -> Success: https://live6.mar.tv/207b6e63e4a3e4c827a5ccbcb027c6cb78ba6a8bd70ea681a3e15a68f93c49cc/34musge/index.m3u8
2026-08-21 09:41:21,802 [INFO] Scraping marneuli...
2026-08-21 09:41:25,112 [INFO]  -> Success: https://live6.mar.tv/207b6e63e4a3e4c827a5ccbcb027c6cb78ba6a8bd70ea681a3e15a68f93c49cc/37marn/index.m3u8
2026-08-21 09:41:25,141 [INFO] Scraping axaliformula...
2026-08-21 09:41:28,448 [INFO]  -> Success: https://live6.mar.tv/207b6e63e4a3e4c827a5ccbcb027c6cb78ba6a8bd70ea681a3e15a68f93c49cc/axaliformla/index.m3u8
2026-08-21 09:41:28,476 [INFO] Scraping o2...
2026-08-21 09:41:31,782 [INFO]  -> Success: https://live5.mar.tv/207b6e63e4a3e4c827a5ccbcb027c6cb78ba6a8bd70ea681a3e15a68f93c49cc/40/index.m3u8
2026-08-21 09:41:31,816 [INFO] Scraping guria...
2026-08-21 09:41:35,127 [INFO]  -> Success: https://live5.mar.tv/207b6e63e4a3e4c827a5ccbcb027c6cb78ba6a8bd70ea681a3e15a68f93c49cc/42/index.m3u8
2026-08-21 09:41:35,159 [INFO] Scraping imervizia...
2026-08-21 09:41:38,472 [INFO]  -> Success: https://live6.mar.tv/207b6e63e4a3e4c827a5ccbcb027c6cb78ba6a8bd70ea681a3e15a68f93c49cc/imervizia/index.m3u8
2026-08-21 09:41:38,503 [INFO] Scraping diatv...
2026-08-21 09:41:41,812 [INFO]  -> Success: https://live4.mar.tv/207b6e63e4a3e4c827a5ccbcb027c6cb78ba6a8bd70ea681a3e15a68f93c49cc/dia/index.m3u8
2026-08-21 09:41:41,844 [INFO] Scraping chveniarxi...
2026-08-21 09:41:45,150 [INFO]  -> Success: https://live3.mar.tv/207b6e63e4a3e4c827a5ccbcb027c6cb78ba6a8bd70ea681a3e15a68f93c49cc/45rd/index.m3u8
2026-08-21 09:41:45,182 [INFO] Scraping batumitv...
2026-08-21 09:41:48,492 [INFO]  -> Success: https://live5.mar.tv/207b6e63e4a3e4c827a5ccbcb027c6cb78ba6a8bd70ea681a3e15a68f93c49cc/46/index.m3u8
2026-08-21 09:41:48,523 [INFO] Scraping rcheuli...
2026-08-21 09:41:51,831 [INFO]  -> Success: https://live5.mar.tv/207b6e63e4a3e4c827a5ccbcb027c6cb78ba6a8bd70ea681a3e15a68f93c49cc/47/index.m3u8
2026-08-21 09:41:51,861 [INFO] Scraping gurjaani...
2026-08-21 09:41:55,171 [INFO]  -> Success: https://live4.mar.tv/207b6e63e4a3e4c827a5ccbcb027c6cb78ba6a8bd70ea681a3e15a68f93c49cc/48m/index.m3u8
2026-08-21 09:41:55,202 [INFO] Scraping molitv...
2026-08-21 09:41:58,513 [INFO]  -> Success: https://live6.mar.tv/207b6e63e4a3e4c827a5ccbcb027c6cb78ba6a8bd70ea681a3e15a68f93c49cc/mollltv/index.m3u8
2026-08-21 09:41:58,543 [INFO] Scraping mexute...
2026-08-21 09:42:01,848 [INFO]  -> Success: https://live6.mar.tv/207b6e63e4a3e4c827a5ccbcb027c6cb78ba6a8bd70ea681a3e15a68f93c49cc/50/index.m3u8
2026-08-21 09:42:01,878 [INFO] Scraping agrogaremo...
2026-08-21 09:42:05,188 [INFO]  -> Success: https://live6.mar.tv/207b6e63e4a3e4c827a5ccbcb027c6cb78ba6a8bd70ea681a3e15a68f93c49cc/agrogaremo/index.m3u8
2026-08-21 09:42:05,216 [INFO] Scraping artv...
2026-08-21 09:42:08,523 [INFO]  -> Success: https://live6.mar.tv/207b6e63e4a3e4c827a5ccbcb027c6cb78ba6a8bd70ea681a3e15a68f93c49cc/tafutv/index.m3u8
2026-08-21 09:42:08,551 [INFO] Scraping meteo24...
2026-08-21 09:42:11,859 [INFO]  -> Success: https://live5.mar.tv/207b6e63e4a3e4c827a5ccbcb027c6cb78ba6a8bd70ea681a3e15a68f93c49cc/56/index.m3u8
2026-08-21 09:42:11,884 [INFO] Scraping georgiantimes...
2026-08-21 09:42:15,192 [INFO]  -> Success: https://live5.mar.tv/207b6e63e4a3e4c827a5ccbcb027c6cb78ba6a8bd70ea681a3e15a68f93c49cc/57/index.m3u8
2026-08-21 09:42:15,223 [INFO] Scraping silkuniversal...
2026-08-21 09:42:18,534 [INFO]  -> Success: https://live2.mar.tv/207b6e63e4a3e4c827a5ccbcb027c6cb78ba6a8bd70ea681a3e15a68f93c49cc/1arxiweb/index.m3u8
2026-08-21 09:42:18,567 [INFO] Scraping rugbytv...
2026-08-21 09:42:21,885 [INFO]  -> Success: https://live4.mar.tv/207b6e63e4a3e4c827a5ccbcb027c6cb78ba6a8bd70ea681a3e15a68f93c49cc/160m/index.m3u8
2026-08-21 09:42:21,918 [INFO] Scraping gms...
2026-08-21 09:42:25,232 [INFO]  -> Success: https://live5.mar.tv/207b6e63e4a3e4c827a5ccbcb027c6cb78ba6a8bd70ea681a3e15a68f93c49cc/161/index.m3u8
2026-08-21 09:42:25,264 [INFO] Scraping aiatv...
2026-08-21 09:42:28,581 [INFO]  -> Success: https://live6.mar.tv/207b6e63e4a3e4c827a5ccbcb027c6cb78ba6a8bd70ea681a3e15a68f93c49cc/aia/index.m3u8
2026-08-21 09:42:28,612 [INFO] Scraping batumi2...
2026-08-21 09:42:31,928 [INFO]  -> Success: https://live6.mar.tv/207b6e63e4a3e4c827a5ccbcb027c6cb78ba6a8bd70ea681a3e15a68f93c49cc/batumitv2/index.m3u8
2026-08-21 09:42:31,963 [INFO] Scraping altinfo...
2026-08-21 09:42:35,280 [INFO]  -> Success: https://live6.mar.tv/207b6e63e4a3e4c827a5ccbcb027c6cb78ba6a8bd70ea681a3e15a68f93c49cc/altinfo/index.m3u8
2026-08-21 09:42:35,310 [INFO] Scraping parliament...
2026-08-21 09:42:38,623 [INFO]  -> Success: https://live6.mar.tv/207b6e63e4a3e4c827a5ccbcb027c6cb78ba6a8bd70ea681a3e15a68f93c49cc/parlament/index.m3u8
2026-08-21 09:42:38,660 [INFO] Scraping egrisi...
2026-08-21 09:42:41,979 [INFO]  -> Success: https://live6.mar.tv/207b6e63e4a3e4c827a5ccbcb027c6cb78ba6a8bd70ea681a3e15a68f93c49cc/egrisi/index.m3u8
2026-08-21 09:42:42,008 [INFO] Scraping mzetv...
2026-08-21 09:42:45,320 [INFO]  -> Success: https://live6.mar.tv/207b6e63e4a3e4c827a5ccbcb027c6cb78ba6a8bd70ea681a3e15a68f93c49cc/mze/index.m3u8
2026-08-21 09:42:45,365 [INFO] Updated M3U block for: rustavi2
2026-08-21 09:42:45,365 [INFO] Updated M3U block for: maestro
2026-08-21 09:42:45,365 [INFO] Updated M3U block for: marao
2026-08-21 09:42:45,366 [INFO] Updated M3U block for: gds
2026-08-21 09:42:45,366 [INFO] Updated M3U block for: comedy
2026-08-21 09:42:45,366 [INFO] Updated M3U block for: bbb
2026-08-21 09:42:45,366 [INFO] Updated M3U block for: enkibenki
2026-08-21 09:42:45,366 [INFO] Updated M3U block for: adjaratv
2026-08-21 09:42:45,367 [INFO] Updated M3U block for: rionitv
2026-08-21 09:42:45,367 [INFO] Updated M3U block for: tv25
2026-08-21 09:42:45,367 [INFO] Updated M3U block for: tv4rustavi
2026-08-21 09:42:45,367 [INFO] Updated M3U block for: trialeti
2026-08-21 09:42:45,367 [INFO] Updated M3U block for: dardimandi
2026-08-21 09:42:45,367 [INFO] Updated M3U block for: agro
2026-08-21 09:42:45,368 [INFO] Updated M3U block for: samefo
2026-08-21 09:42:45,368 [INFO] Updated M3U block for: postv
2026-08-21 09:42:45,368 [INFO] Updated M3U block for: megatv
2026-08-21 09:42:45,368 [INFO] Updated M3U block for: qartuliarxi
2026-08-21 09:42:45,369 [INFO] Updated M3U block for: musicbox
2026-08-21 09:42:45,369 [INFO] Updated M3U block for: marneuli
2026-08-21 09:42:45,369 [INFO] Updated M3U block for: axaliformula
2026-08-21 09:42:45,369 [INFO] Updated M3U block for: o2
2026-08-21 09:42:45,369 [INFO] Updated M3U block for: guria
2026-08-21 09:42:45,370 [INFO] Updated M3U block for: imervizia
2026-08-21 09:42:45,370 [INFO] Updated M3U block for: diatv
2026-08-21 09:42:45,370 [INFO] Updated M3U block for: chveniarxi
2026-08-21 09:42:45,370 [INFO] Updated M3U block for: batumitv
2026-08-21 09:42:45,371 [INFO] Updated M3U block for: rcheuli
2026-08-21 09:42:45,371 [INFO] Updated M3U block for: gurjaani
2026-08-21 09:42:45,371 [INFO] Updated M3U block for: molitv
2026-08-21 09:42:45,371 [INFO] Updated M3U block for: mexute
2026-08-21 09:42:45,372 [INFO] Updated M3U block for: agrogaremo
2026-08-21 09:42:45,372 [INFO] Updated M3U block for: artv
2026-08-21 09:42:45,372 [INFO] Updated M3U block for: meteo24
2026-08-21 09:42:45,372 [INFO] Updated M3U block for: georgiantimes
2026-08-21 09:42:45,372 [INFO] Updated M3U block for: silkuniversal
2026-08-21 09:42:45,373 [INFO] Updated M3U block for: rugbytv
2026-08-21 09:42:45,373 [INFO] Updated M3U block for: gms
2026-08-21 09:42:45,373 [INFO] Updated M3U block for: aiatv
2026-08-21 09:42:45,373 [INFO] Updated M3U block for: batumi2
2026-08-21 09:42:45,374 [INFO] Updated M3U block for: altinfo
2026-08-21 09:42:45,374 [INFO] Updated M3U block for: parliament
2026-08-21 09:42:45,374 [INFO] Updated M3U block for: egrisi
2026-08-21 09:42:45,374 [INFO] Updated M3U block for: mzetv
2026-08-21 09:42:45,375 [INFO] Saved changes to georgia_channels.m3u.
2026-08-21 09:42:45,375 [INFO] === UPDATE EXECUTION FINISHED ===
