2026-08-25 07:47:08,214 [INFO] === UPDATE EXECUTION STARTED ===
2026-08-25 07:47:08,214 [INFO] Fetching Setanta Sports 3 from IPTV-ORG...
2026-08-25 07:47:08,269 [INFO] Launching batch scraper for 44 channels on tv.mar.tv...
2026-08-25 07:47:10,466 [INFO] Scraping rustavi2...
2026-08-25 07:47:15,418 [INFO]  -> Success: https://live8.mar.tv/1/4rd/index.m3u8
2026-08-25 07:47:15,458 [INFO] Scraping maestro...
2026-08-25 07:47:18,741 [INFO]  -> Success: https://live4.mar.tv/b4a3b8a5ccf9e163bfbd88bb7e3762f3a1b248e856b097cd8ae3640475c91b3c/352m/index.m3u8
2026-08-25 07:47:18,772 [INFO] Scraping marao...
2026-08-25 07:47:22,045 [INFO]  -> Success: https://live2.mar.tv/b4a3b8a5ccf9e163bfbd88bb7e3762f3a1b248e856b097cd8ae3640475c91b3c/12sd/index.m3u8
2026-08-25 07:47:22,078 [INFO] Scraping gds...
2026-08-25 07:47:25,346 [INFO]  -> Success: https://live1.mar.tv/b4a3b8a5ccf9e163bfbd88bb7e3762f3a1b248e856b097cd8ae3640475c91b3c/13sd/index.m3u8
2026-08-25 07:47:25,380 [INFO] Scraping comedy...
2026-08-25 07:47:28,649 [INFO]  -> Success: https://live4.mar.tv/b4a3b8a5ccf9e163bfbd88bb7e3762f3a1b248e856b097cd8ae3640475c91b3c/14rd/index.m3u8
2026-08-25 07:47:28,680 [INFO] Scraping bbb...
2026-08-25 07:47:31,946 [INFO]  -> Success: https://live2.mar.tv/b4a3b8a5ccf9e163bfbd88bb7e3762f3a1b248e856b097cd8ae3640475c91b3c/16sd/index.m3u8
2026-08-25 07:47:31,978 [INFO] Scraping enkibenki...
2026-08-25 07:47:35,244 [INFO]  -> Success: https://live2.mar.tv/b4a3b8a5ccf9e163bfbd88bb7e3762f3a1b248e856b097cd8ae3640475c91b3c/17e/index.m3u8
2026-08-25 07:47:35,275 [INFO] Scraping adjaratv...
2026-08-25 07:47:38,551 [INFO]  -> Success: https://live2.mar.tv/b4a3b8a5ccf9e163bfbd88bb7e3762f3a1b248e856b097cd8ae3640475c91b3c/19rd/index.m3u8
2026-08-25 07:47:38,584 [INFO] Scraping rionitv...
2026-08-25 07:47:41,855 [INFO]  -> Success: https://live6.mar.tv/b4a3b8a5ccf9e163bfbd88bb7e3762f3a1b248e856b097cd8ae3640475c91b3c/20rionn/index.m3u8
2026-08-25 07:47:41,890 [INFO] Scraping tv25...
2026-08-25 07:47:45,155 [INFO]  -> Success: https://live6.mar.tv/b4a3b8a5ccf9e163bfbd88bb7e3762f3a1b248e856b097cd8ae3640475c91b3c/23tv25/index.m3u8
2026-08-25 07:47:45,188 [INFO] Scraping tv4rustavi...
2026-08-25 07:47:48,457 [INFO]  -> Success: https://live6.mar.tv/b4a3b8a5ccf9e163bfbd88bb7e3762f3a1b248e856b097cd8ae3640475c91b3c/24tw4/index.m3u8
2026-08-25 07:47:48,489 [INFO] Scraping trialeti...
2026-08-25 07:47:51,755 [INFO]  -> Success: https://live6.mar.tv/b4a3b8a5ccf9e163bfbd88bb7e3762f3a1b248e856b097cd8ae3640475c91b3c/trialleti/index.m3u8
2026-08-25 07:47:51,801 [INFO] Scraping dardimandi...
2026-08-25 07:47:55,075 [INFO]  -> Success: https://live5.mar.tv/b4a3b8a5ccf9e163bfbd88bb7e3762f3a1b248e856b097cd8ae3640475c91b3c/27/index.m3u8
2026-08-25 07:47:55,106 [INFO] Scraping agro...
2026-08-25 07:47:58,376 [INFO]  -> Success: https://live5.mar.tv/b4a3b8a5ccf9e163bfbd88bb7e3762f3a1b248e856b097cd8ae3640475c91b3c/28/index.m3u8
2026-08-25 07:47:58,407 [INFO] Scraping samefo...
2026-08-25 07:48:01,677 [INFO]  -> Success: https://live5.mar.tv/b4a3b8a5ccf9e163bfbd88bb7e3762f3a1b248e856b097cd8ae3640475c91b3c/29/index.m3u8
2026-08-25 07:48:01,708 [INFO] Scraping postv...
2026-08-25 07:48:04,977 [INFO]  -> Success: https://live6.mar.tv/b4a3b8a5ccf9e163bfbd88bb7e3762f3a1b248e856b097cd8ae3640475c91b3c/postvw/index.m3u8
2026-08-25 07:48:05,007 [INFO] Scraping megatv...
2026-08-25 07:48:08,276 [INFO]  -> Success: https://live4.mar.tv/b4a3b8a5ccf9e163bfbd88bb7e3762f3a1b248e856b097cd8ae3640475c91b3c/32st/index.m3u8
2026-08-25 07:48:08,306 [INFO] Scraping qartuliarxi...
2026-08-25 07:48:11,575 [INFO]  -> Success: https://live6.mar.tv/b4a3b8a5ccf9e163bfbd88bb7e3762f3a1b248e856b097cd8ae3640475c91b3c/qartuli/index.m3u8
2026-08-25 07:48:11,605 [INFO] Scraping musicbox...
2026-08-25 07:48:14,877 [INFO]  -> Success: https://live6.mar.tv/b4a3b8a5ccf9e163bfbd88bb7e3762f3a1b248e856b097cd8ae3640475c91b3c/34musge/index.m3u8
2026-08-25 07:48:14,910 [INFO] Scraping marneuli...
2026-08-25 07:48:18,181 [INFO]  -> Success: https://live6.mar.tv/b4a3b8a5ccf9e163bfbd88bb7e3762f3a1b248e856b097cd8ae3640475c91b3c/37marn/index.m3u8
2026-08-25 07:48:18,214 [INFO] Scraping axaliformula...
2026-08-25 07:48:21,482 [INFO]  -> Success: https://live6.mar.tv/b4a3b8a5ccf9e163bfbd88bb7e3762f3a1b248e856b097cd8ae3640475c91b3c/axaliformla/index.m3u8
2026-08-25 07:48:21,518 [INFO] Scraping o2...
2026-08-25 07:48:24,786 [INFO]  -> Success: https://live5.mar.tv/b4a3b8a5ccf9e163bfbd88bb7e3762f3a1b248e856b097cd8ae3640475c91b3c/40/index.m3u8
2026-08-25 07:48:24,820 [INFO] Scraping guria...
2026-08-25 07:48:28,085 [INFO]  -> Success: https://live5.mar.tv/b4a3b8a5ccf9e163bfbd88bb7e3762f3a1b248e856b097cd8ae3640475c91b3c/42/index.m3u8
2026-08-25 07:48:28,119 [INFO] Scraping imervizia...
2026-08-25 07:48:31,386 [INFO]  -> Success: https://live6.mar.tv/b4a3b8a5ccf9e163bfbd88bb7e3762f3a1b248e856b097cd8ae3640475c91b3c/imervizia/index.m3u8
2026-08-25 07:48:31,418 [INFO] Scraping diatv...
2026-08-25 07:48:34,689 [INFO]  -> Success: https://live4.mar.tv/b4a3b8a5ccf9e163bfbd88bb7e3762f3a1b248e856b097cd8ae3640475c91b3c/dia/index.m3u8
2026-08-25 07:48:34,721 [INFO] Scraping chveniarxi...
2026-08-25 07:48:37,986 [INFO]  -> Success: https://live3.mar.tv/b4a3b8a5ccf9e163bfbd88bb7e3762f3a1b248e856b097cd8ae3640475c91b3c/45rd/index.m3u8
2026-08-25 07:48:38,020 [INFO] Scraping batumitv...
2026-08-25 07:48:41,292 [INFO]  -> Success: https://live5.mar.tv/b4a3b8a5ccf9e163bfbd88bb7e3762f3a1b248e856b097cd8ae3640475c91b3c/46/index.m3u8
2026-08-25 07:48:41,323 [INFO] Scraping rcheuli...
2026-08-25 07:48:44,594 [INFO]  -> Success: https://live5.mar.tv/b4a3b8a5ccf9e163bfbd88bb7e3762f3a1b248e856b097cd8ae3640475c91b3c/47/index.m3u8
2026-08-25 07:48:44,626 [INFO] Scraping gurjaani...
2026-08-25 07:48:47,893 [INFO]  -> Success: https://live4.mar.tv/b4a3b8a5ccf9e163bfbd88bb7e3762f3a1b248e856b097cd8ae3640475c91b3c/48m/index.m3u8
2026-08-25 07:48:47,925 [INFO] Scraping molitv...
2026-08-25 07:48:51,194 [INFO]  -> Success: https://live6.mar.tv/b4a3b8a5ccf9e163bfbd88bb7e3762f3a1b248e856b097cd8ae3640475c91b3c/mollltv/index.m3u8
2026-08-25 07:48:51,227 [INFO] Scraping mexute...
2026-08-25 07:48:54,495 [INFO]  -> Success: https://live6.mar.tv/b4a3b8a5ccf9e163bfbd88bb7e3762f3a1b248e856b097cd8ae3640475c91b3c/50/index.m3u8
2026-08-25 07:48:54,526 [INFO] Scraping agrogaremo...
2026-08-25 07:48:57,792 [INFO]  -> Success: https://live6.mar.tv/b4a3b8a5ccf9e163bfbd88bb7e3762f3a1b248e856b097cd8ae3640475c91b3c/agrogaremo/index.m3u8
2026-08-25 07:48:57,823 [INFO] Scraping artv...
2026-08-25 07:49:01,093 [INFO]  -> Success: https://live6.mar.tv/b4a3b8a5ccf9e163bfbd88bb7e3762f3a1b248e856b097cd8ae3640475c91b3c/tafutv/index.m3u8
2026-08-25 07:49:01,123 [INFO] Scraping meteo24...
2026-08-25 07:49:04,395 [INFO]  -> Success: https://live5.mar.tv/b4a3b8a5ccf9e163bfbd88bb7e3762f3a1b248e856b097cd8ae3640475c91b3c/56/index.m3u8
2026-08-25 07:49:04,428 [INFO] Scraping georgiantimes...
2026-08-25 07:49:07,701 [INFO]  -> Success: https://live5.mar.tv/b4a3b8a5ccf9e163bfbd88bb7e3762f3a1b248e856b097cd8ae3640475c91b3c/57/index.m3u8
2026-08-25 07:49:07,735 [INFO] Scraping silkuniversal...
2026-08-25 07:49:11,001 [INFO]  -> Success: https://live2.mar.tv/b4a3b8a5ccf9e163bfbd88bb7e3762f3a1b248e856b097cd8ae3640475c91b3c/1arxiweb/index.m3u8
2026-08-25 07:49:11,036 [INFO] Scraping rugbytv...
2026-08-25 07:49:14,304 [INFO]  -> Success: https://live4.mar.tv/b4a3b8a5ccf9e163bfbd88bb7e3762f3a1b248e856b097cd8ae3640475c91b3c/160m/index.m3u8
2026-08-25 07:49:14,338 [INFO] Scraping gms...
2026-08-25 07:49:17,604 [INFO]  -> Success: https://live5.mar.tv/b4a3b8a5ccf9e163bfbd88bb7e3762f3a1b248e856b097cd8ae3640475c91b3c/161/index.m3u8
2026-08-25 07:49:17,636 [INFO] Scraping aiatv...
2026-08-25 07:49:20,911 [INFO]  -> Success: https://live6.mar.tv/b4a3b8a5ccf9e163bfbd88bb7e3762f3a1b248e856b097cd8ae3640475c91b3c/aia/index.m3u8
2026-08-25 07:49:20,949 [INFO] Scraping batumi2...
2026-08-25 07:49:24,214 [INFO]  -> Success: https://live6.mar.tv/b4a3b8a5ccf9e163bfbd88bb7e3762f3a1b248e856b097cd8ae3640475c91b3c/batumitv2/index.m3u8
2026-08-25 07:49:24,247 [INFO] Scraping altinfo...
2026-08-25 07:49:27,515 [INFO]  -> Success: https://live6.mar.tv/b4a3b8a5ccf9e163bfbd88bb7e3762f3a1b248e856b097cd8ae3640475c91b3c/altinfo/index.m3u8
2026-08-25 07:49:27,546 [INFO] Scraping parliament...
2026-08-25 07:49:30,816 [INFO]  -> Success: https://live6.mar.tv/b4a3b8a5ccf9e163bfbd88bb7e3762f3a1b248e856b097cd8ae3640475c91b3c/parlament/index.m3u8
2026-08-25 07:49:30,851 [INFO] Scraping egrisi...
2026-08-25 07:49:34,116 [INFO]  -> Success: https://live6.mar.tv/b4a3b8a5ccf9e163bfbd88bb7e3762f3a1b248e856b097cd8ae3640475c91b3c/egrisi/index.m3u8
2026-08-25 07:49:34,148 [INFO] Scraping mzetv...
2026-08-25 07:49:37,418 [INFO]  -> Success: https://live6.mar.tv/b4a3b8a5ccf9e163bfbd88bb7e3762f3a1b248e856b097cd8ae3640475c91b3c/mze/index.m3u8
2026-08-25 07:49:37,467 [WARNING] Failed to find tvg-id="rustavi2" in georgia_channels.m3u
2026-08-25 07:49:37,468 [WARNING] Failed to find tvg-id="maestro" in georgia_channels.m3u
2026-08-25 07:49:37,468 [WARNING] Failed to find tvg-id="marao" in georgia_channels.m3u
2026-08-25 07:49:37,468 [WARNING] Failed to find tvg-id="gds" in georgia_channels.m3u
2026-08-25 07:49:37,468 [WARNING] Failed to find tvg-id="comedy" in georgia_channels.m3u
2026-08-25 07:49:37,468 [WARNING] Failed to find tvg-id="bbb" in georgia_channels.m3u
2026-08-25 07:49:37,469 [WARNING] Failed to find tvg-id="enkibenki" in georgia_channels.m3u
2026-08-25 07:49:37,469 [WARNING] Failed to find tvg-id="adjaratv" in georgia_channels.m3u
2026-08-25 07:49:37,469 [WARNING] Failed to find tvg-id="rionitv" in georgia_channels.m3u
2026-08-25 07:49:37,469 [WARNING] Failed to find tvg-id="tv25" in georgia_channels.m3u
2026-08-25 07:49:37,469 [WARNING] Failed to find tvg-id="tv4rustavi" in georgia_channels.m3u
2026-08-25 07:49:37,470 [WARNING] Failed to find tvg-id="trialeti" in georgia_channels.m3u
2026-08-25 07:49:37,470 [WARNING] Failed to find tvg-id="dardimandi" in georgia_channels.m3u
2026-08-25 07:49:37,470 [WARNING] Failed to find tvg-id="agro" in georgia_channels.m3u
2026-08-25 07:49:37,470 [WARNING] Failed to find tvg-id="samefo" in georgia_channels.m3u
2026-08-25 07:49:37,470 [WARNING] Failed to find tvg-id="postv" in georgia_channels.m3u
2026-08-25 07:49:37,471 [WARNING] Failed to find tvg-id="megatv" in georgia_channels.m3u
2026-08-25 07:49:37,471 [WARNING] Failed to find tvg-id="qartuliarxi" in georgia_channels.m3u
2026-08-25 07:49:37,471 [WARNING] Failed to find tvg-id="musicbox" in georgia_channels.m3u
2026-08-25 07:49:37,471 [WARNING] Failed to find tvg-id="marneuli" in georgia_channels.m3u
2026-08-25 07:49:37,471 [WARNING] Failed to find tvg-id="axaliformula" in georgia_channels.m3u
2026-08-25 07:49:37,471 [WARNING] Failed to find tvg-id="o2" in georgia_channels.m3u
2026-08-25 07:49:37,472 [WARNING] Failed to find tvg-id="guria" in georgia_channels.m3u
2026-08-25 07:49:37,472 [WARNING] Failed to find tvg-id="imervizia" in georgia_channels.m3u
2026-08-25 07:49:37,472 [WARNING] Failed to find tvg-id="diatv" in georgia_channels.m3u
2026-08-25 07:49:37,472 [WARNING] Failed to find tvg-id="chveniarxi" in georgia_channels.m3u
2026-08-25 07:49:37,473 [WARNING] Failed to find tvg-id="batumitv" in georgia_channels.m3u
2026-08-25 07:49:37,473 [WARNING] Failed to find tvg-id="rcheuli" in georgia_channels.m3u
2026-08-25 07:49:37,473 [WARNING] Failed to find tvg-id="gurjaani" in georgia_channels.m3u
2026-08-25 07:49:37,473 [WARNING] Failed to find tvg-id="molitv" in georgia_channels.m3u
2026-08-25 07:49:37,473 [WARNING] Failed to find tvg-id="mexute" in georgia_channels.m3u
2026-08-25 07:49:37,474 [WARNING] Failed to find tvg-id="agrogaremo" in georgia_channels.m3u
2026-08-25 07:49:37,474 [WARNING] Failed to find tvg-id="artv" in georgia_channels.m3u
2026-08-25 07:49:37,474 [WARNING] Failed to find tvg-id="meteo24" in georgia_channels.m3u
2026-08-25 07:49:37,474 [WARNING] Failed to find tvg-id="georgiantimes" in georgia_channels.m3u
2026-08-25 07:49:37,474 [WARNING] Failed to find tvg-id="silkuniversal" in georgia_channels.m3u
2026-08-25 07:49:37,475 [WARNING] Failed to find tvg-id="rugbytv" in georgia_channels.m3u
2026-08-25 07:49:37,475 [WARNING] Failed to find tvg-id="gms" in georgia_channels.m3u
2026-08-25 07:49:37,475 [WARNING] Failed to find tvg-id="aiatv" in georgia_channels.m3u
2026-08-25 07:49:37,475 [WARNING] Failed to find tvg-id="batumi2" in georgia_channels.m3u
2026-08-25 07:49:37,475 [WARNING] Failed to find tvg-id="altinfo" in georgia_channels.m3u
2026-08-25 07:49:37,476 [WARNING] Failed to find tvg-id="parliament" in georgia_channels.m3u
2026-08-25 07:49:37,476 [WARNING] Failed to find tvg-id="egrisi" in georgia_channels.m3u
2026-08-25 07:49:37,476 [WARNING] Failed to find tvg-id="mzetv" in georgia_channels.m3u
2026-08-25 07:49:37,476 [INFO] No file changes were made.
2026-08-25 07:49:37,476 [INFO] === UPDATE EXECUTION FINISHED ===
