2026-08-24 15:41:52,516 [INFO] === UPDATE EXECUTION STARTED ===
2026-08-24 15:41:52,516 [INFO] Fetching Setanta Sports 3 from IPTV-ORG...
2026-08-24 15:41:52,663 [INFO] Launching batch scraper for 44 channels on tv.mar.tv...
2026-08-24 15:41:53,288 [INFO] Scraping rustavi2...
2026-08-24 15:41:58,796 [INFO]  -> Success: https://live8.mar.tv/1/4rd/index.m3u8
2026-08-24 15:41:58,836 [INFO] Scraping maestro...
2026-08-24 15:42:02,180 [INFO]  -> Success: https://live4.mar.tv/ff503da3572489aa3fe062edccf094523bedecd2a7d49b1000aba7edfbc63b4f/352m/index.m3u8
2026-08-24 15:42:02,216 [INFO] Scraping marao...
2026-08-24 15:42:05,558 [INFO]  -> Success: https://live2.mar.tv/ff503da3572489aa3fe062edccf094523bedecd2a7d49b1000aba7edfbc63b4f/12sd/index.m3u8
2026-08-24 15:42:05,590 [INFO] Scraping gds...
2026-08-24 15:42:08,930 [INFO]  -> Success: https://live1.mar.tv/ff503da3572489aa3fe062edccf094523bedecd2a7d49b1000aba7edfbc63b4f/13sd/index.m3u8
2026-08-24 15:42:08,961 [INFO] Scraping comedy...
2026-08-24 15:42:12,305 [INFO]  -> Success: https://live4.mar.tv/ff503da3572489aa3fe062edccf094523bedecd2a7d49b1000aba7edfbc63b4f/14rd/index.m3u8
2026-08-24 15:42:12,339 [INFO] Scraping bbb...
2026-08-24 15:42:15,680 [INFO]  -> Success: https://live2.mar.tv/ff503da3572489aa3fe062edccf094523bedecd2a7d49b1000aba7edfbc63b4f/16sd/index.m3u8
2026-08-24 15:42:15,712 [INFO] Scraping enkibenki...
2026-08-24 15:42:19,055 [INFO]  -> Success: https://live2.mar.tv/ff503da3572489aa3fe062edccf094523bedecd2a7d49b1000aba7edfbc63b4f/17e/index.m3u8
2026-08-24 15:42:19,087 [INFO] Scraping adjaratv...
2026-08-24 15:42:22,426 [INFO]  -> Success: https://live2.mar.tv/ff503da3572489aa3fe062edccf094523bedecd2a7d49b1000aba7edfbc63b4f/19rd/index.m3u8
2026-08-24 15:42:22,459 [INFO] Scraping rionitv...
2026-08-24 15:42:25,800 [INFO]  -> Success: https://live6.mar.tv/ff503da3572489aa3fe062edccf094523bedecd2a7d49b1000aba7edfbc63b4f/20rionn/index.m3u8
2026-08-24 15:42:25,834 [INFO] Scraping tv25...
2026-08-24 15:42:29,178 [INFO]  -> Success: https://live6.mar.tv/ff503da3572489aa3fe062edccf094523bedecd2a7d49b1000aba7edfbc63b4f/23tv25/index.m3u8
2026-08-24 15:42:29,209 [INFO] Scraping tv4rustavi...
2026-08-24 15:42:32,554 [INFO]  -> Success: https://live6.mar.tv/ff503da3572489aa3fe062edccf094523bedecd2a7d49b1000aba7edfbc63b4f/24tw4/index.m3u8
2026-08-24 15:42:32,585 [INFO] Scraping trialeti...
2026-08-24 15:42:35,930 [INFO]  -> Success: https://live6.mar.tv/ff503da3572489aa3fe062edccf094523bedecd2a7d49b1000aba7edfbc63b4f/trialleti/index.m3u8
2026-08-24 15:42:35,968 [INFO] Scraping dardimandi...
2026-08-24 15:42:39,312 [INFO]  -> Success: https://live5.mar.tv/ff503da3572489aa3fe062edccf094523bedecd2a7d49b1000aba7edfbc63b4f/27/index.m3u8
2026-08-24 15:42:39,344 [INFO] Scraping agro...
2026-08-24 15:42:42,680 [INFO]  -> Success: https://live5.mar.tv/ff503da3572489aa3fe062edccf094523bedecd2a7d49b1000aba7edfbc63b4f/28/index.m3u8
2026-08-24 15:42:42,714 [INFO] Scraping samefo...
2026-08-24 15:42:46,061 [INFO]  -> Success: https://live5.mar.tv/ff503da3572489aa3fe062edccf094523bedecd2a7d49b1000aba7edfbc63b4f/29/index.m3u8
2026-08-24 15:42:46,093 [INFO] Scraping postv...
2026-08-24 15:42:49,436 [INFO]  -> Success: https://live6.mar.tv/ff503da3572489aa3fe062edccf094523bedecd2a7d49b1000aba7edfbc63b4f/postvw/index.m3u8
2026-08-24 15:42:49,468 [INFO] Scraping megatv...
2026-08-24 15:42:52,811 [INFO]  -> Success: https://live4.mar.tv/ff503da3572489aa3fe062edccf094523bedecd2a7d49b1000aba7edfbc63b4f/32st/index.m3u8
2026-08-24 15:42:52,842 [INFO] Scraping qartuliarxi...
2026-08-24 15:42:56,185 [INFO]  -> Success: https://live6.mar.tv/ff503da3572489aa3fe062edccf094523bedecd2a7d49b1000aba7edfbc63b4f/qartuli/index.m3u8
2026-08-24 15:42:56,216 [INFO] Scraping musicbox...
2026-08-24 15:42:59,559 [INFO]  -> Success: https://live6.mar.tv/ff503da3572489aa3fe062edccf094523bedecd2a7d49b1000aba7edfbc63b4f/34musge/index.m3u8
2026-08-24 15:42:59,589 [INFO] Scraping marneuli...
2026-08-24 15:43:02,930 [INFO]  -> Success: https://live6.mar.tv/ff503da3572489aa3fe062edccf094523bedecd2a7d49b1000aba7edfbc63b4f/37marn/index.m3u8
2026-08-24 15:43:02,963 [INFO] Scraping axaliformula...
2026-08-24 15:43:06,301 [INFO]  -> Success: https://live6.mar.tv/ff503da3572489aa3fe062edccf094523bedecd2a7d49b1000aba7edfbc63b4f/axaliformla/index.m3u8
2026-08-24 15:43:06,336 [INFO] Scraping o2...
2026-08-24 15:43:09,677 [INFO]  -> Success: https://live5.mar.tv/ff503da3572489aa3fe062edccf094523bedecd2a7d49b1000aba7edfbc63b4f/40/index.m3u8
2026-08-24 15:43:09,710 [INFO] Scraping guria...
2026-08-24 15:43:13,048 [INFO]  -> Success: https://live5.mar.tv/ff503da3572489aa3fe062edccf094523bedecd2a7d49b1000aba7edfbc63b4f/42/index.m3u8
2026-08-24 15:43:13,081 [INFO] Scraping imervizia...
2026-08-24 15:43:16,423 [INFO]  -> Success: https://live6.mar.tv/ff503da3572489aa3fe062edccf094523bedecd2a7d49b1000aba7edfbc63b4f/imervizia/index.m3u8
2026-08-24 15:43:16,453 [INFO] Scraping diatv...
2026-08-24 15:43:19,792 [INFO]  -> Success: https://live4.mar.tv/ff503da3572489aa3fe062edccf094523bedecd2a7d49b1000aba7edfbc63b4f/dia/index.m3u8
2026-08-24 15:43:19,825 [INFO] Scraping chveniarxi...
2026-08-24 15:43:23,164 [INFO]  -> Success: https://live3.mar.tv/ff503da3572489aa3fe062edccf094523bedecd2a7d49b1000aba7edfbc63b4f/45rd/index.m3u8
2026-08-24 15:43:23,197 [INFO] Scraping batumitv...
2026-08-24 15:43:26,540 [INFO]  -> Success: https://live5.mar.tv/ff503da3572489aa3fe062edccf094523bedecd2a7d49b1000aba7edfbc63b4f/46/index.m3u8
2026-08-24 15:43:26,570 [INFO] Scraping rcheuli...
2026-08-24 15:43:29,910 [INFO]  -> Success: https://live5.mar.tv/ff503da3572489aa3fe062edccf094523bedecd2a7d49b1000aba7edfbc63b4f/47/index.m3u8
2026-08-24 15:43:29,943 [INFO] Scraping gurjaani...
2026-08-24 15:43:33,285 [INFO]  -> Success: https://live4.mar.tv/ff503da3572489aa3fe062edccf094523bedecd2a7d49b1000aba7edfbc63b4f/48m/index.m3u8
2026-08-24 15:43:33,318 [INFO] Scraping molitv...
2026-08-24 15:43:36,661 [INFO]  -> Success: https://live6.mar.tv/ff503da3572489aa3fe062edccf094523bedecd2a7d49b1000aba7edfbc63b4f/mollltv/index.m3u8
2026-08-24 15:43:36,693 [INFO] Scraping mexute...
2026-08-24 15:43:40,033 [INFO]  -> Success: https://live6.mar.tv/ff503da3572489aa3fe062edccf094523bedecd2a7d49b1000aba7edfbc63b4f/50/index.m3u8
2026-08-24 15:43:40,064 [INFO] Scraping agrogaremo...
2026-08-24 15:43:43,406 [INFO]  -> Success: https://live6.mar.tv/ff503da3572489aa3fe062edccf094523bedecd2a7d49b1000aba7edfbc63b4f/agrogaremo/index.m3u8
2026-08-24 15:43:43,436 [INFO] Scraping artv...
2026-08-24 15:43:46,773 [INFO]  -> Success: https://live6.mar.tv/ff503da3572489aa3fe062edccf094523bedecd2a7d49b1000aba7edfbc63b4f/tafutv/index.m3u8
2026-08-24 15:43:46,806 [INFO] Scraping meteo24...
2026-08-24 15:43:50,148 [INFO]  -> Success: https://live5.mar.tv/ff503da3572489aa3fe062edccf094523bedecd2a7d49b1000aba7edfbc63b4f/56/index.m3u8
2026-08-24 15:43:50,185 [INFO] Scraping georgiantimes...
2026-08-24 15:43:53,527 [INFO]  -> Success: https://live5.mar.tv/ff503da3572489aa3fe062edccf094523bedecd2a7d49b1000aba7edfbc63b4f/57/index.m3u8
2026-08-24 15:43:53,576 [INFO] Scraping silkuniversal...
2026-08-24 15:43:56,916 [INFO]  -> Success: https://live2.mar.tv/ff503da3572489aa3fe062edccf094523bedecd2a7d49b1000aba7edfbc63b4f/1arxiweb/index.m3u8
2026-08-24 15:43:56,948 [INFO] Scraping rugbytv...
2026-08-24 15:44:00,291 [INFO]  -> Success: https://live4.mar.tv/ff503da3572489aa3fe062edccf094523bedecd2a7d49b1000aba7edfbc63b4f/160m/index.m3u8
2026-08-24 15:44:00,326 [INFO] Scraping gms...
2026-08-24 15:44:03,663 [INFO]  -> Success: https://live5.mar.tv/ff503da3572489aa3fe062edccf094523bedecd2a7d49b1000aba7edfbc63b4f/161/index.m3u8
2026-08-24 15:44:03,694 [INFO] Scraping aiatv...
2026-08-24 15:44:07,034 [INFO]  -> Success: https://live6.mar.tv/ff503da3572489aa3fe062edccf094523bedecd2a7d49b1000aba7edfbc63b4f/aia/index.m3u8
2026-08-24 15:44:07,068 [INFO] Scraping batumi2...
2026-08-24 15:44:10,409 [INFO]  -> Success: https://live6.mar.tv/ff503da3572489aa3fe062edccf094523bedecd2a7d49b1000aba7edfbc63b4f/batumitv2/index.m3u8
2026-08-24 15:44:10,442 [INFO] Scraping altinfo...
2026-08-24 15:44:13,782 [INFO]  -> Success: https://live6.mar.tv/ff503da3572489aa3fe062edccf094523bedecd2a7d49b1000aba7edfbc63b4f/altinfo/index.m3u8
2026-08-24 15:44:13,813 [INFO] Scraping parliament...
2026-08-24 15:44:17,154 [INFO]  -> Success: https://live6.mar.tv/ff503da3572489aa3fe062edccf094523bedecd2a7d49b1000aba7edfbc63b4f/parlament/index.m3u8
2026-08-24 15:44:17,186 [INFO] Scraping egrisi...
2026-08-24 15:44:20,525 [INFO]  -> Success: https://live6.mar.tv/ff503da3572489aa3fe062edccf094523bedecd2a7d49b1000aba7edfbc63b4f/egrisi/index.m3u8
2026-08-24 15:44:20,555 [INFO] Scraping mzetv...
2026-08-24 15:44:23,895 [INFO]  -> Success: https://live6.mar.tv/ff503da3572489aa3fe062edccf094523bedecd2a7d49b1000aba7edfbc63b4f/mze/index.m3u8
2026-08-24 15:44:23,946 [WARNING] Failed to find tvg-id="rustavi2" in georgia_channels.m3u
2026-08-24 15:44:23,946 [WARNING] Failed to find tvg-id="maestro" in georgia_channels.m3u
2026-08-24 15:44:23,946 [WARNING] Failed to find tvg-id="marao" in georgia_channels.m3u
2026-08-24 15:44:23,947 [WARNING] Failed to find tvg-id="gds" in georgia_channels.m3u
2026-08-24 15:44:23,947 [WARNING] Failed to find tvg-id="comedy" in georgia_channels.m3u
2026-08-24 15:44:23,947 [WARNING] Failed to find tvg-id="bbb" in georgia_channels.m3u
2026-08-24 15:44:23,947 [WARNING] Failed to find tvg-id="enkibenki" in georgia_channels.m3u
2026-08-24 15:44:23,948 [WARNING] Failed to find tvg-id="adjaratv" in georgia_channels.m3u
2026-08-24 15:44:23,948 [WARNING] Failed to find tvg-id="rionitv" in georgia_channels.m3u
2026-08-24 15:44:23,948 [WARNING] Failed to find tvg-id="tv25" in georgia_channels.m3u
2026-08-24 15:44:23,948 [WARNING] Failed to find tvg-id="tv4rustavi" in georgia_channels.m3u
2026-08-24 15:44:23,949 [WARNING] Failed to find tvg-id="trialeti" in georgia_channels.m3u
2026-08-24 15:44:23,949 [WARNING] Failed to find tvg-id="dardimandi" in georgia_channels.m3u
2026-08-24 15:44:23,949 [WARNING] Failed to find tvg-id="agro" in georgia_channels.m3u
2026-08-24 15:44:23,949 [WARNING] Failed to find tvg-id="samefo" in georgia_channels.m3u
2026-08-24 15:44:23,950 [WARNING] Failed to find tvg-id="postv" in georgia_channels.m3u
2026-08-24 15:44:23,950 [WARNING] Failed to find tvg-id="megatv" in georgia_channels.m3u
2026-08-24 15:44:23,950 [WARNING] Failed to find tvg-id="qartuliarxi" in georgia_channels.m3u
2026-08-24 15:44:23,950 [WARNING] Failed to find tvg-id="musicbox" in georgia_channels.m3u
2026-08-24 15:44:23,951 [WARNING] Failed to find tvg-id="marneuli" in georgia_channels.m3u
2026-08-24 15:44:23,951 [WARNING] Failed to find tvg-id="axaliformula" in georgia_channels.m3u
2026-08-24 15:44:23,951 [WARNING] Failed to find tvg-id="o2" in georgia_channels.m3u
2026-08-24 15:44:23,951 [WARNING] Failed to find tvg-id="guria" in georgia_channels.m3u
2026-08-24 15:44:23,951 [WARNING] Failed to find tvg-id="imervizia" in georgia_channels.m3u
2026-08-24 15:44:23,952 [WARNING] Failed to find tvg-id="diatv" in georgia_channels.m3u
2026-08-24 15:44:23,952 [WARNING] Failed to find tvg-id="chveniarxi" in georgia_channels.m3u
2026-08-24 15:44:23,952 [WARNING] Failed to find tvg-id="batumitv" in georgia_channels.m3u
2026-08-24 15:44:23,952 [WARNING] Failed to find tvg-id="rcheuli" in georgia_channels.m3u
2026-08-24 15:44:23,952 [WARNING] Failed to find tvg-id="gurjaani" in georgia_channels.m3u
2026-08-24 15:44:23,953 [WARNING] Failed to find tvg-id="molitv" in georgia_channels.m3u
2026-08-24 15:44:23,953 [WARNING] Failed to find tvg-id="mexute" in georgia_channels.m3u
2026-08-24 15:44:23,953 [WARNING] Failed to find tvg-id="agrogaremo" in georgia_channels.m3u
2026-08-24 15:44:23,953 [WARNING] Failed to find tvg-id="artv" in georgia_channels.m3u
2026-08-24 15:44:23,954 [WARNING] Failed to find tvg-id="meteo24" in georgia_channels.m3u
2026-08-24 15:44:23,954 [WARNING] Failed to find tvg-id="georgiantimes" in georgia_channels.m3u
2026-08-24 15:44:23,954 [WARNING] Failed to find tvg-id="silkuniversal" in georgia_channels.m3u
2026-08-24 15:44:23,954 [WARNING] Failed to find tvg-id="rugbytv" in georgia_channels.m3u
2026-08-24 15:44:23,954 [WARNING] Failed to find tvg-id="gms" in georgia_channels.m3u
2026-08-24 15:44:23,955 [WARNING] Failed to find tvg-id="aiatv" in georgia_channels.m3u
2026-08-24 15:44:23,955 [WARNING] Failed to find tvg-id="batumi2" in georgia_channels.m3u
2026-08-24 15:44:23,955 [WARNING] Failed to find tvg-id="altinfo" in georgia_channels.m3u
2026-08-24 15:44:23,955 [WARNING] Failed to find tvg-id="parliament" in georgia_channels.m3u
2026-08-24 15:44:23,956 [WARNING] Failed to find tvg-id="egrisi" in georgia_channels.m3u
2026-08-24 15:44:23,956 [WARNING] Failed to find tvg-id="mzetv" in georgia_channels.m3u
2026-08-24 15:44:23,956 [INFO] No file changes were made.
2026-08-24 15:44:23,956 [INFO] === UPDATE EXECUTION FINISHED ===
