2026-08-22 02:56:36,544 [INFO] === UPDATE EXECUTION STARTED ===
2026-08-22 02:56:36,545 [INFO] Fetching Setanta Sports 3 from IPTV-ORG...
2026-08-22 02:56:36,675 [INFO] Launching batch scraper for 44 channels on tv.mar.tv...
2026-08-22 02:56:38,195 [INFO] Scraping rustavi2...
2026-08-22 02:56:43,719 [INFO]  -> Success: https://live8.mar.tv/1/4rd/index.m3u8
2026-08-22 02:56:43,755 [INFO] Scraping maestro...
2026-08-22 02:56:47,072 [INFO]  -> Success: https://live4.mar.tv/20c54433d7b6b0a03ac1c52daa1c97fbe47f57e3e47f4e2bf2193d134c40cd00/352m/index.m3u8
2026-08-22 02:56:47,103 [INFO] Scraping marao...
2026-08-22 02:56:50,420 [INFO]  -> Success: https://live2.mar.tv/20c54433d7b6b0a03ac1c52daa1c97fbe47f57e3e47f4e2bf2193d134c40cd00/12sd/index.m3u8
2026-08-22 02:56:50,455 [INFO] Scraping gds...
2026-08-22 02:56:53,782 [INFO]  -> Success: https://live1.mar.tv/20c54433d7b6b0a03ac1c52daa1c97fbe47f57e3e47f4e2bf2193d134c40cd00/13sd/index.m3u8
2026-08-22 02:56:53,810 [INFO] Scraping comedy...
2026-08-22 02:56:57,136 [INFO]  -> Success: https://live4.mar.tv/20c54433d7b6b0a03ac1c52daa1c97fbe47f57e3e47f4e2bf2193d134c40cd00/14rd/index.m3u8
2026-08-22 02:56:57,166 [INFO] Scraping bbb...
2026-08-22 02:57:00,486 [INFO]  -> Success: https://live2.mar.tv/20c54433d7b6b0a03ac1c52daa1c97fbe47f57e3e47f4e2bf2193d134c40cd00/16sd/index.m3u8
2026-08-22 02:57:00,514 [INFO] Scraping enkibenki...
2026-08-22 02:57:03,830 [INFO]  -> Success: https://live2.mar.tv/20c54433d7b6b0a03ac1c52daa1c97fbe47f57e3e47f4e2bf2193d134c40cd00/17e/index.m3u8
2026-08-22 02:57:03,857 [INFO] Scraping adjaratv...
2026-08-22 02:57:07,171 [INFO]  -> Success: https://live2.mar.tv/20c54433d7b6b0a03ac1c52daa1c97fbe47f57e3e47f4e2bf2193d134c40cd00/19rd/index.m3u8
2026-08-22 02:57:07,201 [INFO] Scraping rionitv...
2026-08-22 02:57:10,516 [INFO]  -> Success: https://live6.mar.tv/20c54433d7b6b0a03ac1c52daa1c97fbe47f57e3e47f4e2bf2193d134c40cd00/20rionn/index.m3u8
2026-08-22 02:57:10,545 [INFO] Scraping tv25...
2026-08-22 02:57:13,856 [INFO]  -> Success: https://live6.mar.tv/20c54433d7b6b0a03ac1c52daa1c97fbe47f57e3e47f4e2bf2193d134c40cd00/23tv25/index.m3u8
2026-08-22 02:57:13,886 [INFO] Scraping tv4rustavi...
2026-08-22 02:57:17,202 [INFO]  -> Success: https://live6.mar.tv/20c54433d7b6b0a03ac1c52daa1c97fbe47f57e3e47f4e2bf2193d134c40cd00/24tw4/index.m3u8
2026-08-22 02:57:17,230 [INFO] Scraping trialeti...
2026-08-22 02:57:20,544 [INFO]  -> Success: https://live6.mar.tv/20c54433d7b6b0a03ac1c52daa1c97fbe47f57e3e47f4e2bf2193d134c40cd00/trialleti/index.m3u8
2026-08-22 02:57:20,577 [INFO] Scraping dardimandi...
2026-08-22 02:57:23,915 [INFO]  -> Success: https://live5.mar.tv/20c54433d7b6b0a03ac1c52daa1c97fbe47f57e3e47f4e2bf2193d134c40cd00/27/index.m3u8
2026-08-22 02:57:23,946 [INFO] Scraping agro...
2026-08-22 02:57:27,260 [INFO]  -> Success: https://live5.mar.tv/20c54433d7b6b0a03ac1c52daa1c97fbe47f57e3e47f4e2bf2193d134c40cd00/28/index.m3u8
2026-08-22 02:57:27,288 [INFO] Scraping samefo...
2026-08-22 02:57:30,604 [INFO]  -> Success: https://live5.mar.tv/20c54433d7b6b0a03ac1c52daa1c97fbe47f57e3e47f4e2bf2193d134c40cd00/29/index.m3u8
2026-08-22 02:57:30,633 [INFO] Scraping postv...
2026-08-22 02:57:33,948 [INFO]  -> Success: https://live6.mar.tv/20c54433d7b6b0a03ac1c52daa1c97fbe47f57e3e47f4e2bf2193d134c40cd00/postvw/index.m3u8
2026-08-22 02:57:33,977 [INFO] Scraping megatv...
2026-08-22 02:57:37,292 [INFO]  -> Success: https://live4.mar.tv/20c54433d7b6b0a03ac1c52daa1c97fbe47f57e3e47f4e2bf2193d134c40cd00/32st/index.m3u8
2026-08-22 02:57:37,319 [INFO] Scraping qartuliarxi...
2026-08-22 02:57:40,634 [INFO]  -> Success: https://live6.mar.tv/20c54433d7b6b0a03ac1c52daa1c97fbe47f57e3e47f4e2bf2193d134c40cd00/qartuli/index.m3u8
2026-08-22 02:57:40,663 [INFO] Scraping musicbox...
2026-08-22 02:57:43,979 [INFO]  -> Success: https://live6.mar.tv/20c54433d7b6b0a03ac1c52daa1c97fbe47f57e3e47f4e2bf2193d134c40cd00/34musge/index.m3u8
2026-08-22 02:57:44,015 [INFO] Scraping marneuli...
2026-08-22 02:57:47,330 [INFO]  -> Success: https://live6.mar.tv/20c54433d7b6b0a03ac1c52daa1c97fbe47f57e3e47f4e2bf2193d134c40cd00/37marn/index.m3u8
2026-08-22 02:57:47,362 [INFO] Scraping axaliformula...
2026-08-22 02:57:50,676 [INFO]  -> Success: https://live6.mar.tv/20c54433d7b6b0a03ac1c52daa1c97fbe47f57e3e47f4e2bf2193d134c40cd00/axaliformla/index.m3u8
2026-08-22 02:57:50,705 [INFO] Scraping o2...
2026-08-22 02:57:54,017 [INFO]  -> Success: https://live5.mar.tv/20c54433d7b6b0a03ac1c52daa1c97fbe47f57e3e47f4e2bf2193d134c40cd00/40/index.m3u8
2026-08-22 02:57:54,045 [INFO] Scraping guria...
2026-08-22 02:57:57,358 [INFO]  -> Success: https://live5.mar.tv/20c54433d7b6b0a03ac1c52daa1c97fbe47f57e3e47f4e2bf2193d134c40cd00/42/index.m3u8
2026-08-22 02:57:57,391 [INFO] Scraping imervizia...
2026-08-22 02:58:00,704 [INFO]  -> Success: https://live6.mar.tv/20c54433d7b6b0a03ac1c52daa1c97fbe47f57e3e47f4e2bf2193d134c40cd00/imervizia/index.m3u8
2026-08-22 02:58:00,739 [INFO] Scraping diatv...
2026-08-22 02:58:04,057 [INFO]  -> Success: https://live4.mar.tv/20c54433d7b6b0a03ac1c52daa1c97fbe47f57e3e47f4e2bf2193d134c40cd00/dia/index.m3u8
2026-08-22 02:58:04,091 [INFO] Scraping chveniarxi...
2026-08-22 02:58:07,408 [INFO]  -> Success: https://live3.mar.tv/20c54433d7b6b0a03ac1c52daa1c97fbe47f57e3e47f4e2bf2193d134c40cd00/45rd/index.m3u8
2026-08-22 02:58:07,440 [INFO] Scraping batumitv...
2026-08-22 02:58:10,758 [INFO]  -> Success: https://live5.mar.tv/20c54433d7b6b0a03ac1c52daa1c97fbe47f57e3e47f4e2bf2193d134c40cd00/46/index.m3u8
2026-08-22 02:58:10,788 [INFO] Scraping rcheuli...
2026-08-22 02:58:14,105 [INFO]  -> Success: https://live5.mar.tv/20c54433d7b6b0a03ac1c52daa1c97fbe47f57e3e47f4e2bf2193d134c40cd00/47/index.m3u8
2026-08-22 02:58:14,135 [INFO] Scraping gurjaani...
2026-08-22 02:58:17,450 [INFO]  -> Success: https://live4.mar.tv/20c54433d7b6b0a03ac1c52daa1c97fbe47f57e3e47f4e2bf2193d134c40cd00/48m/index.m3u8
2026-08-22 02:58:17,478 [INFO] Scraping molitv...
2026-08-22 02:58:20,789 [INFO]  -> Success: https://live6.mar.tv/20c54433d7b6b0a03ac1c52daa1c97fbe47f57e3e47f4e2bf2193d134c40cd00/mollltv/index.m3u8
2026-08-22 02:58:20,817 [INFO] Scraping mexute...
2026-08-22 02:58:24,138 [INFO]  -> Success: https://live6.mar.tv/20c54433d7b6b0a03ac1c52daa1c97fbe47f57e3e47f4e2bf2193d134c40cd00/50/index.m3u8
2026-08-22 02:58:24,168 [INFO] Scraping agrogaremo...
2026-08-22 02:58:27,482 [INFO]  -> Success: https://live6.mar.tv/20c54433d7b6b0a03ac1c52daa1c97fbe47f57e3e47f4e2bf2193d134c40cd00/agrogaremo/index.m3u8
2026-08-22 02:58:27,510 [INFO] Scraping artv...
2026-08-22 02:58:30,825 [INFO]  -> Success: https://live6.mar.tv/20c54433d7b6b0a03ac1c52daa1c97fbe47f57e3e47f4e2bf2193d134c40cd00/tafutv/index.m3u8
2026-08-22 02:58:30,857 [INFO] Scraping meteo24...
2026-08-22 02:58:34,174 [INFO]  -> Success: https://live5.mar.tv/20c54433d7b6b0a03ac1c52daa1c97fbe47f57e3e47f4e2bf2193d134c40cd00/56/index.m3u8
2026-08-22 02:58:34,203 [INFO] Scraping georgiantimes...
2026-08-22 02:58:37,523 [INFO]  -> Success: https://live5.mar.tv/20c54433d7b6b0a03ac1c52daa1c97fbe47f57e3e47f4e2bf2193d134c40cd00/57/index.m3u8
2026-08-22 02:58:37,558 [INFO] Scraping silkuniversal...
2026-08-22 02:58:40,872 [INFO]  -> Success: https://live2.mar.tv/20c54433d7b6b0a03ac1c52daa1c97fbe47f57e3e47f4e2bf2193d134c40cd00/1arxiweb/index.m3u8
2026-08-22 02:58:40,905 [INFO] Scraping rugbytv...
2026-08-22 02:58:44,223 [INFO]  -> Success: https://live4.mar.tv/20c54433d7b6b0a03ac1c52daa1c97fbe47f57e3e47f4e2bf2193d134c40cd00/160m/index.m3u8
2026-08-22 02:58:44,256 [INFO] Scraping gms...
2026-08-22 02:58:47,569 [INFO]  -> Success: https://live5.mar.tv/20c54433d7b6b0a03ac1c52daa1c97fbe47f57e3e47f4e2bf2193d134c40cd00/161/index.m3u8
2026-08-22 02:58:47,599 [INFO] Scraping aiatv...
2026-08-22 02:58:50,916 [INFO]  -> Success: https://live6.mar.tv/20c54433d7b6b0a03ac1c52daa1c97fbe47f57e3e47f4e2bf2193d134c40cd00/aia/index.m3u8
2026-08-22 02:58:50,944 [INFO] Scraping batumi2...
2026-08-22 02:58:54,257 [INFO]  -> Success: https://live6.mar.tv/20c54433d7b6b0a03ac1c52daa1c97fbe47f57e3e47f4e2bf2193d134c40cd00/batumitv2/index.m3u8
2026-08-22 02:58:54,286 [INFO] Scraping altinfo...
2026-08-22 02:58:57,600 [INFO]  -> Success: https://live6.mar.tv/20c54433d7b6b0a03ac1c52daa1c97fbe47f57e3e47f4e2bf2193d134c40cd00/altinfo/index.m3u8
2026-08-22 02:58:57,630 [INFO] Scraping parliament...
2026-08-22 02:59:00,947 [INFO]  -> Success: https://live6.mar.tv/20c54433d7b6b0a03ac1c52daa1c97fbe47f57e3e47f4e2bf2193d134c40cd00/parlament/index.m3u8
2026-08-22 02:59:00,974 [INFO] Scraping egrisi...
2026-08-22 02:59:04,291 [INFO]  -> Success: https://live6.mar.tv/20c54433d7b6b0a03ac1c52daa1c97fbe47f57e3e47f4e2bf2193d134c40cd00/egrisi/index.m3u8
2026-08-22 02:59:04,320 [INFO] Scraping mzetv...
2026-08-22 02:59:07,639 [INFO]  -> Success: https://live6.mar.tv/20c54433d7b6b0a03ac1c52daa1c97fbe47f57e3e47f4e2bf2193d134c40cd00/mze/index.m3u8
2026-08-22 02:59:07,679 [WARNING] Failed to find tvg-id="rustavi2" in georgia_channels.m3u
2026-08-22 02:59:07,680 [WARNING] Failed to find tvg-id="maestro" in georgia_channels.m3u
2026-08-22 02:59:07,680 [WARNING] Failed to find tvg-id="marao" in georgia_channels.m3u
2026-08-22 02:59:07,680 [WARNING] Failed to find tvg-id="gds" in georgia_channels.m3u
2026-08-22 02:59:07,680 [WARNING] Failed to find tvg-id="comedy" in georgia_channels.m3u
2026-08-22 02:59:07,680 [WARNING] Failed to find tvg-id="bbb" in georgia_channels.m3u
2026-08-22 02:59:07,680 [WARNING] Failed to find tvg-id="enkibenki" in georgia_channels.m3u
2026-08-22 02:59:07,681 [WARNING] Failed to find tvg-id="adjaratv" in georgia_channels.m3u
2026-08-22 02:59:07,681 [WARNING] Failed to find tvg-id="rionitv" in georgia_channels.m3u
2026-08-22 02:59:07,681 [WARNING] Failed to find tvg-id="tv25" in georgia_channels.m3u
2026-08-22 02:59:07,681 [WARNING] Failed to find tvg-id="tv4rustavi" in georgia_channels.m3u
2026-08-22 02:59:07,681 [WARNING] Failed to find tvg-id="trialeti" in georgia_channels.m3u
2026-08-22 02:59:07,681 [WARNING] Failed to find tvg-id="dardimandi" in georgia_channels.m3u
2026-08-22 02:59:07,682 [WARNING] Failed to find tvg-id="agro" in georgia_channels.m3u
2026-08-22 02:59:07,682 [WARNING] Failed to find tvg-id="samefo" in georgia_channels.m3u
2026-08-22 02:59:07,682 [WARNING] Failed to find tvg-id="postv" in georgia_channels.m3u
2026-08-22 02:59:07,682 [WARNING] Failed to find tvg-id="megatv" in georgia_channels.m3u
2026-08-22 02:59:07,682 [WARNING] Failed to find tvg-id="qartuliarxi" in georgia_channels.m3u
2026-08-22 02:59:07,682 [WARNING] Failed to find tvg-id="musicbox" in georgia_channels.m3u
2026-08-22 02:59:07,683 [WARNING] Failed to find tvg-id="marneuli" in georgia_channels.m3u
2026-08-22 02:59:07,683 [WARNING] Failed to find tvg-id="axaliformula" in georgia_channels.m3u
2026-08-22 02:59:07,683 [WARNING] Failed to find tvg-id="o2" in georgia_channels.m3u
2026-08-22 02:59:07,683 [WARNING] Failed to find tvg-id="guria" in georgia_channels.m3u
2026-08-22 02:59:07,683 [WARNING] Failed to find tvg-id="imervizia" in georgia_channels.m3u
2026-08-22 02:59:07,683 [WARNING] Failed to find tvg-id="diatv" in georgia_channels.m3u
2026-08-22 02:59:07,684 [WARNING] Failed to find tvg-id="chveniarxi" in georgia_channels.m3u
2026-08-22 02:59:07,684 [WARNING] Failed to find tvg-id="batumitv" in georgia_channels.m3u
2026-08-22 02:59:07,684 [WARNING] Failed to find tvg-id="rcheuli" in georgia_channels.m3u
2026-08-22 02:59:07,684 [WARNING] Failed to find tvg-id="gurjaani" in georgia_channels.m3u
2026-08-22 02:59:07,684 [WARNING] Failed to find tvg-id="molitv" in georgia_channels.m3u
2026-08-22 02:59:07,685 [WARNING] Failed to find tvg-id="mexute" in georgia_channels.m3u
2026-08-22 02:59:07,685 [WARNING] Failed to find tvg-id="agrogaremo" in georgia_channels.m3u
2026-08-22 02:59:07,685 [WARNING] Failed to find tvg-id="artv" in georgia_channels.m3u
2026-08-22 02:59:07,685 [WARNING] Failed to find tvg-id="meteo24" in georgia_channels.m3u
2026-08-22 02:59:07,685 [WARNING] Failed to find tvg-id="georgiantimes" in georgia_channels.m3u
2026-08-22 02:59:07,685 [WARNING] Failed to find tvg-id="silkuniversal" in georgia_channels.m3u
2026-08-22 02:59:07,686 [WARNING] Failed to find tvg-id="rugbytv" in georgia_channels.m3u
2026-08-22 02:59:07,686 [WARNING] Failed to find tvg-id="gms" in georgia_channels.m3u
2026-08-22 02:59:07,686 [WARNING] Failed to find tvg-id="aiatv" in georgia_channels.m3u
2026-08-22 02:59:07,686 [WARNING] Failed to find tvg-id="batumi2" in georgia_channels.m3u
2026-08-22 02:59:07,686 [WARNING] Failed to find tvg-id="altinfo" in georgia_channels.m3u
2026-08-22 02:59:07,686 [WARNING] Failed to find tvg-id="parliament" in georgia_channels.m3u
2026-08-22 02:59:07,687 [WARNING] Failed to find tvg-id="egrisi" in georgia_channels.m3u
2026-08-22 02:59:07,687 [WARNING] Failed to find tvg-id="mzetv" in georgia_channels.m3u
2026-08-22 02:59:07,687 [INFO] No file changes were made.
2026-08-22 02:59:07,687 [INFO] === UPDATE EXECUTION FINISHED ===
