2026-08-28 01:21:15,934 [INFO] === UPDATE EXECUTION STARTED ===
2026-08-28 01:21:15,934 [INFO] Fetching Setanta Sports 3 from IPTV-ORG...
2026-08-28 01:21:16,070 [INFO] Launching batch scraper for 44 channels on tv.mar.tv...
2026-08-28 01:21:16,525 [INFO] Scraping rustavi2...
2026-08-28 01:21:21,719 [ERROR] [rustavi2 FAILURE]
2026-08-28 01:21:21,719 [ERROR]   └─ Reason: No .m3u8 network request detected.
2026-08-28 01:21:21,719 [ERROR]   └─ Error Output: PlaywrightNetworkListenerError
2026-08-28 01:21:21,747 [INFO] Scraping maestro...
2026-08-28 01:21:25,033 [ERROR] [maestro FAILURE]
2026-08-28 01:21:25,033 [ERROR]   └─ Reason: No .m3u8 network request detected.
2026-08-28 01:21:25,033 [ERROR]   └─ Error Output: PlaywrightNetworkListenerError
2026-08-28 01:21:25,062 [INFO] Scraping marao...
2026-08-28 01:21:28,340 [ERROR] [marao FAILURE]
2026-08-28 01:21:28,340 [ERROR]   └─ Reason: No .m3u8 network request detected.
2026-08-28 01:21:28,340 [ERROR]   └─ Error Output: PlaywrightNetworkListenerError
2026-08-28 01:21:28,367 [INFO] Scraping gds...
2026-08-28 01:21:31,643 [ERROR] [gds FAILURE]
2026-08-28 01:21:31,643 [ERROR]   └─ Reason: No .m3u8 network request detected.
2026-08-28 01:21:31,643 [ERROR]   └─ Error Output: PlaywrightNetworkListenerError
2026-08-28 01:21:31,670 [INFO] Scraping comedy...
2026-08-28 01:21:34,947 [ERROR] [comedy FAILURE]
2026-08-28 01:21:34,947 [ERROR]   └─ Reason: No .m3u8 network request detected.
2026-08-28 01:21:34,947 [ERROR]   └─ Error Output: PlaywrightNetworkListenerError
2026-08-28 01:21:34,977 [INFO] Scraping bbb...
2026-08-28 01:21:38,255 [ERROR] [bbb FAILURE]
2026-08-28 01:21:38,255 [ERROR]   └─ Reason: No .m3u8 network request detected.
2026-08-28 01:21:38,255 [ERROR]   └─ Error Output: PlaywrightNetworkListenerError
2026-08-28 01:21:38,283 [INFO] Scraping enkibenki...
2026-08-28 01:21:41,558 [ERROR] [enkibenki FAILURE]
2026-08-28 01:21:41,558 [ERROR]   └─ Reason: No .m3u8 network request detected.
2026-08-28 01:21:41,558 [ERROR]   └─ Error Output: PlaywrightNetworkListenerError
2026-08-28 01:21:41,585 [INFO] Scraping adjaratv...
2026-08-28 01:21:44,862 [ERROR] [adjaratv FAILURE]
2026-08-28 01:21:44,863 [ERROR]   └─ Reason: No .m3u8 network request detected.
2026-08-28 01:21:44,863 [ERROR]   └─ Error Output: PlaywrightNetworkListenerError
2026-08-28 01:21:44,890 [INFO] Scraping rionitv...
2026-08-28 01:21:48,168 [ERROR] [rionitv FAILURE]
2026-08-28 01:21:48,168 [ERROR]   └─ Reason: No .m3u8 network request detected.
2026-08-28 01:21:48,168 [ERROR]   └─ Error Output: PlaywrightNetworkListenerError
2026-08-28 01:21:48,194 [INFO] Scraping tv25...
2026-08-28 01:21:51,485 [ERROR] [tv25 FAILURE]
2026-08-28 01:21:51,485 [ERROR]   └─ Reason: No .m3u8 network request detected.
2026-08-28 01:21:51,485 [ERROR]   └─ Error Output: PlaywrightNetworkListenerError
2026-08-28 01:21:51,511 [INFO] Scraping tv4rustavi...
2026-08-28 01:21:54,789 [ERROR] [tv4rustavi FAILURE]
2026-08-28 01:21:54,789 [ERROR]   └─ Reason: No .m3u8 network request detected.
2026-08-28 01:21:54,789 [ERROR]   └─ Error Output: PlaywrightNetworkListenerError
2026-08-28 01:21:54,813 [INFO] Scraping trialeti...
2026-08-28 01:21:58,089 [ERROR] [trialeti FAILURE]
2026-08-28 01:21:58,089 [ERROR]   └─ Reason: No .m3u8 network request detected.
2026-08-28 01:21:58,089 [ERROR]   └─ Error Output: PlaywrightNetworkListenerError
2026-08-28 01:21:58,114 [INFO] Scraping dardimandi...
2026-08-28 01:22:01,386 [ERROR] [dardimandi FAILURE]
2026-08-28 01:22:01,387 [ERROR]   └─ Reason: No .m3u8 network request detected.
2026-08-28 01:22:01,387 [ERROR]   └─ Error Output: PlaywrightNetworkListenerError
2026-08-28 01:22:01,416 [INFO] Scraping agro...
2026-08-28 01:22:04,692 [ERROR] [agro FAILURE]
2026-08-28 01:22:04,693 [ERROR]   └─ Reason: No .m3u8 network request detected.
2026-08-28 01:22:04,693 [ERROR]   └─ Error Output: PlaywrightNetworkListenerError
2026-08-28 01:22:04,720 [INFO] Scraping samefo...
2026-08-28 01:22:07,996 [ERROR] [samefo FAILURE]
2026-08-28 01:22:07,996 [ERROR]   └─ Reason: No .m3u8 network request detected.
2026-08-28 01:22:07,996 [ERROR]   └─ Error Output: PlaywrightNetworkListenerError
2026-08-28 01:22:08,021 [INFO] Scraping postv...
2026-08-28 01:22:11,298 [ERROR] [postv FAILURE]
2026-08-28 01:22:11,298 [ERROR]   └─ Reason: No .m3u8 network request detected.
2026-08-28 01:22:11,298 [ERROR]   └─ Error Output: PlaywrightNetworkListenerError
2026-08-28 01:22:11,325 [INFO] Scraping megatv...
2026-08-28 01:22:14,598 [ERROR] [megatv FAILURE]
2026-08-28 01:22:14,598 [ERROR]   └─ Reason: No .m3u8 network request detected.
2026-08-28 01:22:14,598 [ERROR]   └─ Error Output: PlaywrightNetworkListenerError
2026-08-28 01:22:14,624 [INFO] Scraping qartuliarxi...
2026-08-28 01:22:17,900 [ERROR] [qartuliarxi FAILURE]
2026-08-28 01:22:17,900 [ERROR]   └─ Reason: No .m3u8 network request detected.
2026-08-28 01:22:17,900 [ERROR]   └─ Error Output: PlaywrightNetworkListenerError
2026-08-28 01:22:17,926 [INFO] Scraping musicbox...
2026-08-28 01:22:21,200 [ERROR] [musicbox FAILURE]
2026-08-28 01:22:21,200 [ERROR]   └─ Reason: No .m3u8 network request detected.
2026-08-28 01:22:21,200 [ERROR]   └─ Error Output: PlaywrightNetworkListenerError
2026-08-28 01:22:21,231 [INFO] Scraping marneuli...
2026-08-28 01:22:24,505 [ERROR] [marneuli FAILURE]
2026-08-28 01:22:24,505 [ERROR]   └─ Reason: No .m3u8 network request detected.
2026-08-28 01:22:24,505 [ERROR]   └─ Error Output: PlaywrightNetworkListenerError
2026-08-28 01:22:24,530 [INFO] Scraping axaliformula...
2026-08-28 01:22:27,805 [ERROR] [axaliformula FAILURE]
2026-08-28 01:22:27,805 [ERROR]   └─ Reason: No .m3u8 network request detected.
2026-08-28 01:22:27,805 [ERROR]   └─ Error Output: PlaywrightNetworkListenerError
2026-08-28 01:22:27,831 [INFO] Scraping o2...
2026-08-28 01:22:31,104 [ERROR] [o2 FAILURE]
2026-08-28 01:22:31,104 [ERROR]   └─ Reason: No .m3u8 network request detected.
2026-08-28 01:22:31,104 [ERROR]   └─ Error Output: PlaywrightNetworkListenerError
2026-08-28 01:22:31,130 [INFO] Scraping guria...
2026-08-28 01:22:34,403 [ERROR] [guria FAILURE]
2026-08-28 01:22:34,403 [ERROR]   └─ Reason: No .m3u8 network request detected.
2026-08-28 01:22:34,403 [ERROR]   └─ Error Output: PlaywrightNetworkListenerError
2026-08-28 01:22:34,428 [INFO] Scraping imervizia...
2026-08-28 01:22:37,701 [ERROR] [imervizia FAILURE]
2026-08-28 01:22:37,701 [ERROR]   └─ Reason: No .m3u8 network request detected.
2026-08-28 01:22:37,701 [ERROR]   └─ Error Output: PlaywrightNetworkListenerError
2026-08-28 01:22:37,725 [INFO] Scraping diatv...
2026-08-28 01:22:41,002 [ERROR] [diatv FAILURE]
2026-08-28 01:22:41,003 [ERROR]   └─ Reason: No .m3u8 network request detected.
2026-08-28 01:22:41,003 [ERROR]   └─ Error Output: PlaywrightNetworkListenerError
2026-08-28 01:22:41,026 [INFO] Scraping chveniarxi...
2026-08-28 01:22:44,305 [ERROR] [chveniarxi FAILURE]
2026-08-28 01:22:44,305 [ERROR]   └─ Reason: No .m3u8 network request detected.
2026-08-28 01:22:44,305 [ERROR]   └─ Error Output: PlaywrightNetworkListenerError
2026-08-28 01:22:44,329 [INFO] Scraping batumitv...
2026-08-28 01:22:47,603 [ERROR] [batumitv FAILURE]
2026-08-28 01:22:47,604 [ERROR]   └─ Reason: No .m3u8 network request detected.
2026-08-28 01:22:47,604 [ERROR]   └─ Error Output: PlaywrightNetworkListenerError
2026-08-28 01:22:47,634 [INFO] Scraping rcheuli...
2026-08-28 01:22:50,910 [ERROR] [rcheuli FAILURE]
2026-08-28 01:22:50,910 [ERROR]   └─ Reason: No .m3u8 network request detected.
2026-08-28 01:22:50,910 [ERROR]   └─ Error Output: PlaywrightNetworkListenerError
2026-08-28 01:22:50,935 [INFO] Scraping gurjaani...
2026-08-28 01:22:54,210 [ERROR] [gurjaani FAILURE]
2026-08-28 01:22:54,210 [ERROR]   └─ Reason: No .m3u8 network request detected.
2026-08-28 01:22:54,210 [ERROR]   └─ Error Output: PlaywrightNetworkListenerError
2026-08-28 01:22:54,236 [INFO] Scraping molitv...
2026-08-28 01:22:57,524 [ERROR] [molitv FAILURE]
2026-08-28 01:22:57,524 [ERROR]   └─ Reason: No .m3u8 network request detected.
2026-08-28 01:22:57,525 [ERROR]   └─ Error Output: PlaywrightNetworkListenerError
2026-08-28 01:22:57,549 [INFO] Scraping mexute...
2026-08-28 01:23:00,829 [ERROR] [mexute FAILURE]
2026-08-28 01:23:00,829 [ERROR]   └─ Reason: No .m3u8 network request detected.
2026-08-28 01:23:00,829 [ERROR]   └─ Error Output: PlaywrightNetworkListenerError
2026-08-28 01:23:00,859 [INFO] Scraping agrogaremo...
2026-08-28 01:23:04,133 [ERROR] [agrogaremo FAILURE]
2026-08-28 01:23:04,133 [ERROR]   └─ Reason: No .m3u8 network request detected.
2026-08-28 01:23:04,133 [ERROR]   └─ Error Output: PlaywrightNetworkListenerError
2026-08-28 01:23:04,158 [INFO] Scraping artv...
2026-08-28 01:23:07,434 [ERROR] [artv FAILURE]
2026-08-28 01:23:07,434 [ERROR]   └─ Reason: No .m3u8 network request detected.
2026-08-28 01:23:07,434 [ERROR]   └─ Error Output: PlaywrightNetworkListenerError
2026-08-28 01:23:07,462 [INFO] Scraping meteo24...
2026-08-28 01:23:10,737 [ERROR] [meteo24 FAILURE]
2026-08-28 01:23:10,737 [ERROR]   └─ Reason: No .m3u8 network request detected.
2026-08-28 01:23:10,737 [ERROR]   └─ Error Output: PlaywrightNetworkListenerError
2026-08-28 01:23:10,761 [INFO] Scraping georgiantimes...
2026-08-28 01:23:14,038 [ERROR] [georgiantimes FAILURE]
2026-08-28 01:23:14,038 [ERROR]   └─ Reason: No .m3u8 network request detected.
2026-08-28 01:23:14,038 [ERROR]   └─ Error Output: PlaywrightNetworkListenerError
2026-08-28 01:23:14,065 [INFO] Scraping silkuniversal...
2026-08-28 01:23:17,340 [ERROR] [silkuniversal FAILURE]
2026-08-28 01:23:17,340 [ERROR]   └─ Reason: No .m3u8 network request detected.
2026-08-28 01:23:17,340 [ERROR]   └─ Error Output: PlaywrightNetworkListenerError
2026-08-28 01:23:17,364 [INFO] Scraping rugbytv...
2026-08-28 01:23:20,642 [ERROR] [rugbytv FAILURE]
2026-08-28 01:23:20,642 [ERROR]   └─ Reason: No .m3u8 network request detected.
2026-08-28 01:23:20,642 [ERROR]   └─ Error Output: PlaywrightNetworkListenerError
2026-08-28 01:23:20,670 [INFO] Scraping gms...
2026-08-28 01:23:23,950 [ERROR] [gms FAILURE]
2026-08-28 01:23:23,951 [ERROR]   └─ Reason: No .m3u8 network request detected.
2026-08-28 01:23:23,951 [ERROR]   └─ Error Output: PlaywrightNetworkListenerError
2026-08-28 01:23:23,977 [INFO] Scraping aiatv...
2026-08-28 01:23:27,255 [ERROR] [aiatv FAILURE]
2026-08-28 01:23:27,255 [ERROR]   └─ Reason: No .m3u8 network request detected.
2026-08-28 01:23:27,255 [ERROR]   └─ Error Output: PlaywrightNetworkListenerError
2026-08-28 01:23:27,281 [INFO] Scraping batumi2...
2026-08-28 01:23:30,554 [ERROR] [batumi2 FAILURE]
2026-08-28 01:23:30,554 [ERROR]   └─ Reason: No .m3u8 network request detected.
2026-08-28 01:23:30,554 [ERROR]   └─ Error Output: PlaywrightNetworkListenerError
2026-08-28 01:23:30,583 [INFO] Scraping altinfo...
2026-08-28 01:23:33,862 [ERROR] [altinfo FAILURE]
2026-08-28 01:23:33,862 [ERROR]   └─ Reason: No .m3u8 network request detected.
2026-08-28 01:23:33,863 [ERROR]   └─ Error Output: PlaywrightNetworkListenerError
2026-08-28 01:23:33,894 [INFO] Scraping parliament...
2026-08-28 01:23:37,168 [ERROR] [parliament FAILURE]
2026-08-28 01:23:37,168 [ERROR]   └─ Reason: No .m3u8 network request detected.
2026-08-28 01:23:37,169 [ERROR]   └─ Error Output: PlaywrightNetworkListenerError
2026-08-28 01:23:37,195 [INFO] Scraping egrisi...
2026-08-28 01:23:40,469 [ERROR] [egrisi FAILURE]
2026-08-28 01:23:40,469 [ERROR]   └─ Reason: No .m3u8 network request detected.
2026-08-28 01:23:40,469 [ERROR]   └─ Error Output: PlaywrightNetworkListenerError
2026-08-28 01:23:40,495 [INFO] Scraping mzetv...
2026-08-28 01:23:43,773 [ERROR] [mzetv FAILURE]
2026-08-28 01:23:43,773 [ERROR]   └─ Reason: No .m3u8 network request detected.
2026-08-28 01:23:43,773 [ERROR]   └─ Error Output: PlaywrightNetworkListenerError
2026-08-28 01:23:43,807 [INFO] No file changes were made.
2026-08-28 01:23:43,807 [INFO] === UPDATE EXECUTION FINISHED ===
