2026-08-22 04:35:35,504 [INFO] === UPDATE EXECUTION STARTED ===
2026-08-22 04:35:35,504 [INFO] Fetching Setanta Sports 3 from IPTV-ORG...
2026-08-22 04:35:35,556 [INFO] Launching batch scraper for 44 channels on tv.mar.tv...
2026-08-22 04:35:37,011 [INFO] Scraping rustavi2...
2026-08-22 04:35:41,951 [INFO]  -> Success: https://live8.mar.tv/1/4rd/index.m3u8
2026-08-22 04:35:41,990 [INFO] Scraping maestro...
2026-08-22 04:35:45,271 [INFO]  -> Success: https://live4.mar.tv/ff27e58af9f862b9474ab803b21fca817ac9a5febe4d356b6d34932d8cdc34c6/352m/index.m3u8
2026-08-22 04:35:45,302 [INFO] Scraping marao...
2026-08-22 04:35:48,576 [INFO]  -> Success: https://live2.mar.tv/ff27e58af9f862b9474ab803b21fca817ac9a5febe4d356b6d34932d8cdc34c6/12sd/index.m3u8
2026-08-22 04:35:48,607 [INFO] Scraping gds...
2026-08-22 04:35:51,874 [INFO]  -> Success: https://live1.mar.tv/ff27e58af9f862b9474ab803b21fca817ac9a5febe4d356b6d34932d8cdc34c6/13sd/index.m3u8
2026-08-22 04:35:51,911 [INFO] Scraping comedy...
2026-08-22 04:35:55,187 [INFO]  -> Success: https://live4.mar.tv/ff27e58af9f862b9474ab803b21fca817ac9a5febe4d356b6d34932d8cdc34c6/14rd/index.m3u8
2026-08-22 04:35:55,220 [INFO] Scraping bbb...
2026-08-22 04:35:58,490 [INFO]  -> Success: https://live2.mar.tv/ff27e58af9f862b9474ab803b21fca817ac9a5febe4d356b6d34932d8cdc34c6/16sd/index.m3u8
2026-08-22 04:35:58,527 [INFO] Scraping enkibenki...
2026-08-22 04:36:01,797 [INFO]  -> Success: https://live2.mar.tv/ff27e58af9f862b9474ab803b21fca817ac9a5febe4d356b6d34932d8cdc34c6/17e/index.m3u8
2026-08-22 04:36:01,833 [INFO] Scraping adjaratv...
2026-08-22 04:36:05,103 [INFO]  -> Success: https://live2.mar.tv/ff27e58af9f862b9474ab803b21fca817ac9a5febe4d356b6d34932d8cdc34c6/19rd/index.m3u8
2026-08-22 04:36:05,140 [INFO] Scraping rionitv...
2026-08-22 04:36:08,410 [INFO]  -> Success: https://live6.mar.tv/ff27e58af9f862b9474ab803b21fca817ac9a5febe4d356b6d34932d8cdc34c6/20rionn/index.m3u8
2026-08-22 04:36:08,445 [INFO] Scraping tv25...
2026-08-22 04:36:11,715 [INFO]  -> Success: https://live6.mar.tv/ff27e58af9f862b9474ab803b21fca817ac9a5febe4d356b6d34932d8cdc34c6/23tv25/index.m3u8
2026-08-22 04:36:11,751 [INFO] Scraping tv4rustavi...
2026-08-22 04:36:15,022 [INFO]  -> Success: https://live6.mar.tv/ff27e58af9f862b9474ab803b21fca817ac9a5febe4d356b6d34932d8cdc34c6/24tw4/index.m3u8
2026-08-22 04:36:15,055 [INFO] Scraping trialeti...
2026-08-22 04:36:18,326 [INFO]  -> Success: https://live6.mar.tv/ff27e58af9f862b9474ab803b21fca817ac9a5febe4d356b6d34932d8cdc34c6/trialleti/index.m3u8
2026-08-22 04:36:18,358 [INFO] Scraping dardimandi...
2026-08-22 04:36:21,629 [INFO]  -> Success: https://live5.mar.tv/ff27e58af9f862b9474ab803b21fca817ac9a5febe4d356b6d34932d8cdc34c6/27/index.m3u8
2026-08-22 04:36:21,661 [INFO] Scraping agro...
2026-08-22 04:36:24,928 [INFO]  -> Success: https://live5.mar.tv/ff27e58af9f862b9474ab803b21fca817ac9a5febe4d356b6d34932d8cdc34c6/28/index.m3u8
2026-08-22 04:36:24,960 [INFO] Scraping samefo...
2026-08-22 04:36:28,229 [INFO]  -> Success: https://live5.mar.tv/ff27e58af9f862b9474ab803b21fca817ac9a5febe4d356b6d34932d8cdc34c6/29/index.m3u8
2026-08-22 04:36:28,260 [INFO] Scraping postv...
2026-08-22 04:36:31,529 [INFO]  -> Success: https://live6.mar.tv/ff27e58af9f862b9474ab803b21fca817ac9a5febe4d356b6d34932d8cdc34c6/postvw/index.m3u8
2026-08-22 04:36:31,560 [INFO] Scraping megatv...
2026-08-22 04:36:34,828 [INFO]  -> Success: https://live4.mar.tv/ff27e58af9f862b9474ab803b21fca817ac9a5febe4d356b6d34932d8cdc34c6/32st/index.m3u8
2026-08-22 04:36:34,861 [INFO] Scraping qartuliarxi...
2026-08-22 04:36:38,132 [INFO]  -> Success: https://live6.mar.tv/ff27e58af9f862b9474ab803b21fca817ac9a5febe4d356b6d34932d8cdc34c6/qartuli/index.m3u8
2026-08-22 04:36:38,164 [INFO] Scraping musicbox...
2026-08-22 04:36:41,430 [INFO]  -> Success: https://live6.mar.tv/ff27e58af9f862b9474ab803b21fca817ac9a5febe4d356b6d34932d8cdc34c6/34musge/index.m3u8
2026-08-22 04:36:41,461 [INFO] Scraping marneuli...
2026-08-22 04:36:44,728 [INFO]  -> Success: https://live6.mar.tv/ff27e58af9f862b9474ab803b21fca817ac9a5febe4d356b6d34932d8cdc34c6/37marn/index.m3u8
2026-08-22 04:36:44,759 [INFO] Scraping axaliformula...
2026-08-22 04:36:48,027 [INFO]  -> Success: https://live6.mar.tv/ff27e58af9f862b9474ab803b21fca817ac9a5febe4d356b6d34932d8cdc34c6/axaliformla/index.m3u8
2026-08-22 04:36:48,059 [INFO] Scraping o2...
2026-08-22 04:36:51,328 [INFO]  -> Success: https://live5.mar.tv/ff27e58af9f862b9474ab803b21fca817ac9a5febe4d356b6d34932d8cdc34c6/40/index.m3u8
2026-08-22 04:36:51,364 [INFO] Scraping guria...
2026-08-22 04:36:54,639 [INFO]  -> Success: https://live5.mar.tv/ff27e58af9f862b9474ab803b21fca817ac9a5febe4d356b6d34932d8cdc34c6/42/index.m3u8
2026-08-22 04:36:54,670 [INFO] Scraping imervizia...
2026-08-22 04:36:57,937 [INFO]  -> Success: https://live6.mar.tv/ff27e58af9f862b9474ab803b21fca817ac9a5febe4d356b6d34932d8cdc34c6/imervizia/index.m3u8
2026-08-22 04:36:57,968 [INFO] Scraping diatv...
2026-08-22 04:37:01,238 [INFO]  -> Success: https://live4.mar.tv/ff27e58af9f862b9474ab803b21fca817ac9a5febe4d356b6d34932d8cdc34c6/dia/index.m3u8
2026-08-22 04:37:01,270 [INFO] Scraping chveniarxi...
2026-08-22 04:37:04,542 [INFO]  -> Success: https://live3.mar.tv/ff27e58af9f862b9474ab803b21fca817ac9a5febe4d356b6d34932d8cdc34c6/45rd/index.m3u8
2026-08-22 04:37:04,585 [INFO] Scraping batumitv...
2026-08-22 04:37:07,854 [INFO]  -> Success: https://live5.mar.tv/ff27e58af9f862b9474ab803b21fca817ac9a5febe4d356b6d34932d8cdc34c6/46/index.m3u8
2026-08-22 04:37:07,886 [INFO] Scraping rcheuli...
2026-08-22 04:37:11,157 [INFO]  -> Success: https://live5.mar.tv/ff27e58af9f862b9474ab803b21fca817ac9a5febe4d356b6d34932d8cdc34c6/47/index.m3u8
2026-08-22 04:37:11,189 [INFO] Scraping gurjaani...
2026-08-22 04:37:14,455 [INFO]  -> Success: https://live4.mar.tv/ff27e58af9f862b9474ab803b21fca817ac9a5febe4d356b6d34932d8cdc34c6/48m/index.m3u8
2026-08-22 04:37:14,486 [INFO] Scraping molitv...
2026-08-22 04:37:17,758 [INFO]  -> Success: https://live6.mar.tv/ff27e58af9f862b9474ab803b21fca817ac9a5febe4d356b6d34932d8cdc34c6/mollltv/index.m3u8
2026-08-22 04:37:17,790 [INFO] Scraping mexute...
2026-08-22 04:37:21,059 [INFO]  -> Success: https://live6.mar.tv/ff27e58af9f862b9474ab803b21fca817ac9a5febe4d356b6d34932d8cdc34c6/50/index.m3u8
2026-08-22 04:37:21,091 [INFO] Scraping agrogaremo...
2026-08-22 04:37:24,362 [INFO]  -> Success: https://live6.mar.tv/ff27e58af9f862b9474ab803b21fca817ac9a5febe4d356b6d34932d8cdc34c6/agrogaremo/index.m3u8
2026-08-22 04:37:24,393 [INFO] Scraping artv...
2026-08-22 04:37:27,663 [INFO]  -> Success: https://live6.mar.tv/ff27e58af9f862b9474ab803b21fca817ac9a5febe4d356b6d34932d8cdc34c6/tafutv/index.m3u8
2026-08-22 04:37:27,697 [INFO] Scraping meteo24...
2026-08-22 04:37:30,964 [INFO]  -> Success: https://live5.mar.tv/ff27e58af9f862b9474ab803b21fca817ac9a5febe4d356b6d34932d8cdc34c6/56/index.m3u8
2026-08-22 04:37:30,998 [INFO] Scraping georgiantimes...
2026-08-22 04:37:34,270 [INFO]  -> Success: https://live5.mar.tv/ff27e58af9f862b9474ab803b21fca817ac9a5febe4d356b6d34932d8cdc34c6/57/index.m3u8
2026-08-22 04:37:34,302 [INFO] Scraping silkuniversal...
2026-08-22 04:37:37,569 [INFO]  -> Success: https://live2.mar.tv/ff27e58af9f862b9474ab803b21fca817ac9a5febe4d356b6d34932d8cdc34c6/1arxiweb/index.m3u8
2026-08-22 04:37:37,603 [INFO] Scraping rugbytv...
2026-08-22 04:37:40,874 [INFO]  -> Success: https://live4.mar.tv/ff27e58af9f862b9474ab803b21fca817ac9a5febe4d356b6d34932d8cdc34c6/160m/index.m3u8
2026-08-22 04:37:40,909 [INFO] Scraping gms...
2026-08-22 04:37:44,179 [INFO]  -> Success: https://live5.mar.tv/ff27e58af9f862b9474ab803b21fca817ac9a5febe4d356b6d34932d8cdc34c6/161/index.m3u8
2026-08-22 04:37:44,209 [INFO] Scraping aiatv...
2026-08-22 04:37:47,476 [INFO]  -> Success: https://live6.mar.tv/ff27e58af9f862b9474ab803b21fca817ac9a5febe4d356b6d34932d8cdc34c6/aia/index.m3u8
2026-08-22 04:37:47,509 [INFO] Scraping batumi2...
2026-08-22 04:37:50,781 [INFO]  -> Success: https://live6.mar.tv/ff27e58af9f862b9474ab803b21fca817ac9a5febe4d356b6d34932d8cdc34c6/batumitv2/index.m3u8
2026-08-22 04:37:50,812 [INFO] Scraping altinfo...
2026-08-22 04:37:54,083 [INFO]  -> Success: https://live6.mar.tv/ff27e58af9f862b9474ab803b21fca817ac9a5febe4d356b6d34932d8cdc34c6/altinfo/index.m3u8
2026-08-22 04:37:54,116 [INFO] Scraping parliament...
2026-08-22 04:37:57,389 [INFO]  -> Success: https://live6.mar.tv/ff27e58af9f862b9474ab803b21fca817ac9a5febe4d356b6d34932d8cdc34c6/parlament/index.m3u8
2026-08-22 04:37:57,420 [INFO] Scraping egrisi...
2026-08-22 04:38:00,692 [INFO]  -> Success: https://live6.mar.tv/ff27e58af9f862b9474ab803b21fca817ac9a5febe4d356b6d34932d8cdc34c6/egrisi/index.m3u8
2026-08-22 04:38:00,724 [INFO] Scraping mzetv...
2026-08-22 04:38:03,994 [INFO]  -> Success: https://live6.mar.tv/ff27e58af9f862b9474ab803b21fca817ac9a5febe4d356b6d34932d8cdc34c6/mze/index.m3u8
2026-08-22 04:38:04,045 [WARNING] Failed to find tvg-id="rustavi2" in georgia_channels.m3u
2026-08-22 04:38:04,045 [WARNING] Failed to find tvg-id="maestro" in georgia_channels.m3u
2026-08-22 04:38:04,045 [WARNING] Failed to find tvg-id="marao" in georgia_channels.m3u
2026-08-22 04:38:04,046 [WARNING] Failed to find tvg-id="gds" in georgia_channels.m3u
2026-08-22 04:38:04,046 [WARNING] Failed to find tvg-id="comedy" in georgia_channels.m3u
2026-08-22 04:38:04,046 [WARNING] Failed to find tvg-id="bbb" in georgia_channels.m3u
2026-08-22 04:38:04,046 [WARNING] Failed to find tvg-id="enkibenki" in georgia_channels.m3u
2026-08-22 04:38:04,046 [WARNING] Failed to find tvg-id="adjaratv" in georgia_channels.m3u
2026-08-22 04:38:04,047 [WARNING] Failed to find tvg-id="rionitv" in georgia_channels.m3u
2026-08-22 04:38:04,047 [WARNING] Failed to find tvg-id="tv25" in georgia_channels.m3u
2026-08-22 04:38:04,047 [WARNING] Failed to find tvg-id="tv4rustavi" in georgia_channels.m3u
2026-08-22 04:38:04,047 [WARNING] Failed to find tvg-id="trialeti" in georgia_channels.m3u
2026-08-22 04:38:04,047 [WARNING] Failed to find tvg-id="dardimandi" in georgia_channels.m3u
2026-08-22 04:38:04,047 [WARNING] Failed to find tvg-id="agro" in georgia_channels.m3u
2026-08-22 04:38:04,048 [WARNING] Failed to find tvg-id="samefo" in georgia_channels.m3u
2026-08-22 04:38:04,048 [WARNING] Failed to find tvg-id="postv" in georgia_channels.m3u
2026-08-22 04:38:04,048 [WARNING] Failed to find tvg-id="megatv" in georgia_channels.m3u
2026-08-22 04:38:04,048 [WARNING] Failed to find tvg-id="qartuliarxi" in georgia_channels.m3u
2026-08-22 04:38:04,049 [WARNING] Failed to find tvg-id="musicbox" in georgia_channels.m3u
2026-08-22 04:38:04,049 [WARNING] Failed to find tvg-id="marneuli" in georgia_channels.m3u
2026-08-22 04:38:04,049 [WARNING] Failed to find tvg-id="axaliformula" in georgia_channels.m3u
2026-08-22 04:38:04,049 [WARNING] Failed to find tvg-id="o2" in georgia_channels.m3u
2026-08-22 04:38:04,049 [WARNING] Failed to find tvg-id="guria" in georgia_channels.m3u
2026-08-22 04:38:04,050 [WARNING] Failed to find tvg-id="imervizia" in georgia_channels.m3u
2026-08-22 04:38:04,050 [WARNING] Failed to find tvg-id="diatv" in georgia_channels.m3u
2026-08-22 04:38:04,050 [WARNING] Failed to find tvg-id="chveniarxi" in georgia_channels.m3u
2026-08-22 04:38:04,050 [WARNING] Failed to find tvg-id="batumitv" in georgia_channels.m3u
2026-08-22 04:38:04,051 [WARNING] Failed to find tvg-id="rcheuli" in georgia_channels.m3u
2026-08-22 04:38:04,051 [WARNING] Failed to find tvg-id="gurjaani" in georgia_channels.m3u
2026-08-22 04:38:04,051 [WARNING] Failed to find tvg-id="molitv" in georgia_channels.m3u
2026-08-22 04:38:04,051 [WARNING] Failed to find tvg-id="mexute" in georgia_channels.m3u
2026-08-22 04:38:04,051 [WARNING] Failed to find tvg-id="agrogaremo" in georgia_channels.m3u
2026-08-22 04:38:04,052 [WARNING] Failed to find tvg-id="artv" in georgia_channels.m3u
2026-08-22 04:38:04,052 [WARNING] Failed to find tvg-id="meteo24" in georgia_channels.m3u
2026-08-22 04:38:04,052 [WARNING] Failed to find tvg-id="georgiantimes" in georgia_channels.m3u
2026-08-22 04:38:04,052 [WARNING] Failed to find tvg-id="silkuniversal" in georgia_channels.m3u
2026-08-22 04:38:04,052 [WARNING] Failed to find tvg-id="rugbytv" in georgia_channels.m3u
2026-08-22 04:38:04,053 [WARNING] Failed to find tvg-id="gms" in georgia_channels.m3u
2026-08-22 04:38:04,053 [WARNING] Failed to find tvg-id="aiatv" in georgia_channels.m3u
2026-08-22 04:38:04,053 [WARNING] Failed to find tvg-id="batumi2" in georgia_channels.m3u
2026-08-22 04:38:04,053 [WARNING] Failed to find tvg-id="altinfo" in georgia_channels.m3u
2026-08-22 04:38:04,053 [WARNING] Failed to find tvg-id="parliament" in georgia_channels.m3u
2026-08-22 04:38:04,054 [WARNING] Failed to find tvg-id="egrisi" in georgia_channels.m3u
2026-08-22 04:38:04,054 [WARNING] Failed to find tvg-id="mzetv" in georgia_channels.m3u
2026-08-22 04:38:04,054 [INFO] No file changes were made.
2026-08-22 04:38:04,054 [INFO] === UPDATE EXECUTION FINISHED ===
