2026-08-24 19:32:20,736 [INFO] === UPDATE EXECUTION STARTED ===
2026-08-24 19:32:20,737 [INFO] Fetching Setanta Sports 3 from IPTV-ORG...
2026-08-24 19:32:20,850 [INFO] Launching batch scraper for 44 channels on tv.mar.tv...
2026-08-24 19:32:21,415 [INFO] Scraping rustavi2...
2026-08-24 19:32:27,092 [INFO]  -> Success: https://live8.mar.tv/1/4rd/index.m3u8
2026-08-24 19:32:27,127 [INFO] Scraping maestro...
2026-08-24 19:32:30,460 [INFO]  -> Success: https://live4.mar.tv/7bdb47e649f878c794d885006f62426b0e5e33c459a9e15065835fd39c67bafe/352m/index.m3u8
2026-08-24 19:32:30,494 [INFO] Scraping marao...
2026-08-24 19:32:33,830 [INFO]  -> Success: https://live2.mar.tv/7bdb47e649f878c794d885006f62426b0e5e33c459a9e15065835fd39c67bafe/12sd/index.m3u8
2026-08-24 19:32:33,861 [INFO] Scraping gds...
2026-08-24 19:32:37,195 [INFO]  -> Success: https://live1.mar.tv/7bdb47e649f878c794d885006f62426b0e5e33c459a9e15065835fd39c67bafe/13sd/index.m3u8
2026-08-24 19:32:37,227 [INFO] Scraping comedy...
2026-08-24 19:32:40,563 [INFO]  -> Success: https://live4.mar.tv/7bdb47e649f878c794d885006f62426b0e5e33c459a9e15065835fd39c67bafe/14rd/index.m3u8
2026-08-24 19:32:40,598 [INFO] Scraping bbb...
2026-08-24 19:32:43,932 [INFO]  -> Success: https://live2.mar.tv/7bdb47e649f878c794d885006f62426b0e5e33c459a9e15065835fd39c67bafe/16sd/index.m3u8
2026-08-24 19:32:43,966 [INFO] Scraping enkibenki...
2026-08-24 19:32:47,299 [INFO]  -> Success: https://live2.mar.tv/7bdb47e649f878c794d885006f62426b0e5e33c459a9e15065835fd39c67bafe/17e/index.m3u8
2026-08-24 19:32:47,333 [INFO] Scraping adjaratv...
2026-08-24 19:32:50,671 [INFO]  -> Success: https://live2.mar.tv/7bdb47e649f878c794d885006f62426b0e5e33c459a9e15065835fd39c67bafe/19rd/index.m3u8
2026-08-24 19:32:50,704 [INFO] Scraping rionitv...
2026-08-24 19:32:54,039 [INFO]  -> Success: https://live6.mar.tv/7bdb47e649f878c794d885006f62426b0e5e33c459a9e15065835fd39c67bafe/20rionn/index.m3u8
2026-08-24 19:32:54,071 [INFO] Scraping tv25...
2026-08-24 19:32:57,406 [INFO]  -> Success: https://live6.mar.tv/7bdb47e649f878c794d885006f62426b0e5e33c459a9e15065835fd39c67bafe/23tv25/index.m3u8
2026-08-24 19:32:57,441 [INFO] Scraping tv4rustavi...
2026-08-24 19:33:00,775 [INFO]  -> Success: https://live6.mar.tv/7bdb47e649f878c794d885006f62426b0e5e33c459a9e15065835fd39c67bafe/24tw4/index.m3u8
2026-08-24 19:33:00,808 [INFO] Scraping trialeti...
2026-08-24 19:33:04,144 [INFO]  -> Success: https://live6.mar.tv/7bdb47e649f878c794d885006f62426b0e5e33c459a9e15065835fd39c67bafe/trialleti/index.m3u8
2026-08-24 19:33:04,178 [INFO] Scraping dardimandi...
2026-08-24 19:33:07,510 [INFO]  -> Success: https://live5.mar.tv/7bdb47e649f878c794d885006f62426b0e5e33c459a9e15065835fd39c67bafe/27/index.m3u8
2026-08-24 19:33:07,541 [INFO] Scraping agro...
2026-08-24 19:33:10,873 [INFO]  -> Success: https://live5.mar.tv/7bdb47e649f878c794d885006f62426b0e5e33c459a9e15065835fd39c67bafe/28/index.m3u8
2026-08-24 19:33:10,906 [INFO] Scraping samefo...
2026-08-24 19:33:14,236 [INFO]  -> Success: https://live5.mar.tv/7bdb47e649f878c794d885006f62426b0e5e33c459a9e15065835fd39c67bafe/29/index.m3u8
2026-08-24 19:33:14,268 [INFO] Scraping postv...
2026-08-24 19:33:17,605 [INFO]  -> Success: https://live6.mar.tv/7bdb47e649f878c794d885006f62426b0e5e33c459a9e15065835fd39c67bafe/postvw/index.m3u8
2026-08-24 19:33:17,636 [INFO] Scraping megatv...
2026-08-24 19:33:20,974 [INFO]  -> Success: https://live4.mar.tv/7bdb47e649f878c794d885006f62426b0e5e33c459a9e15065835fd39c67bafe/32st/index.m3u8
2026-08-24 19:33:21,009 [INFO] Scraping qartuliarxi...
2026-08-24 19:33:24,341 [INFO]  -> Success: https://live6.mar.tv/7bdb47e649f878c794d885006f62426b0e5e33c459a9e15065835fd39c67bafe/qartuli/index.m3u8
2026-08-24 19:33:24,373 [INFO] Scraping musicbox...
2026-08-24 19:33:27,709 [INFO]  -> Success: https://live6.mar.tv/7bdb47e649f878c794d885006f62426b0e5e33c459a9e15065835fd39c67bafe/34musge/index.m3u8
2026-08-24 19:33:27,742 [INFO] Scraping marneuli...
2026-08-24 19:33:31,076 [INFO]  -> Success: https://live6.mar.tv/7bdb47e649f878c794d885006f62426b0e5e33c459a9e15065835fd39c67bafe/37marn/index.m3u8
2026-08-24 19:33:31,110 [INFO] Scraping axaliformula...
2026-08-24 19:33:34,442 [INFO]  -> Success: https://live6.mar.tv/7bdb47e649f878c794d885006f62426b0e5e33c459a9e15065835fd39c67bafe/axaliformla/index.m3u8
2026-08-24 19:33:34,475 [INFO] Scraping o2...
2026-08-24 19:33:37,809 [INFO]  -> Success: https://live5.mar.tv/7bdb47e649f878c794d885006f62426b0e5e33c459a9e15065835fd39c67bafe/40/index.m3u8
2026-08-24 19:33:37,842 [INFO] Scraping guria...
2026-08-24 19:33:41,176 [INFO]  -> Success: https://live5.mar.tv/7bdb47e649f878c794d885006f62426b0e5e33c459a9e15065835fd39c67bafe/42/index.m3u8
2026-08-24 19:33:41,208 [INFO] Scraping imervizia...
2026-08-24 19:33:44,545 [INFO]  -> Success: https://live6.mar.tv/7bdb47e649f878c794d885006f62426b0e5e33c459a9e15065835fd39c67bafe/imervizia/index.m3u8
2026-08-24 19:33:44,579 [INFO] Scraping diatv...
2026-08-24 19:33:47,915 [INFO]  -> Success: https://live4.mar.tv/7bdb47e649f878c794d885006f62426b0e5e33c459a9e15065835fd39c67bafe/dia/index.m3u8
2026-08-24 19:33:47,948 [INFO] Scraping chveniarxi...
2026-08-24 19:33:51,285 [INFO]  -> Success: https://live3.mar.tv/7bdb47e649f878c794d885006f62426b0e5e33c459a9e15065835fd39c67bafe/45rd/index.m3u8
2026-08-24 19:33:51,317 [INFO] Scraping batumitv...
2026-08-24 19:33:54,653 [INFO]  -> Success: https://live5.mar.tv/7bdb47e649f878c794d885006f62426b0e5e33c459a9e15065835fd39c67bafe/46/index.m3u8
2026-08-24 19:33:54,685 [INFO] Scraping rcheuli...
2026-08-24 19:33:58,020 [INFO]  -> Success: https://live5.mar.tv/7bdb47e649f878c794d885006f62426b0e5e33c459a9e15065835fd39c67bafe/47/index.m3u8
2026-08-24 19:33:58,051 [INFO] Scraping gurjaani...
2026-08-24 19:34:01,385 [INFO]  -> Success: https://live4.mar.tv/7bdb47e649f878c794d885006f62426b0e5e33c459a9e15065835fd39c67bafe/48m/index.m3u8
2026-08-24 19:34:01,419 [INFO] Scraping molitv...
2026-08-24 19:34:04,752 [INFO]  -> Success: https://live6.mar.tv/7bdb47e649f878c794d885006f62426b0e5e33c459a9e15065835fd39c67bafe/mollltv/index.m3u8
2026-08-24 19:34:04,783 [INFO] Scraping mexute...
2026-08-24 19:34:08,127 [INFO]  -> Success: https://live6.mar.tv/7bdb47e649f878c794d885006f62426b0e5e33c459a9e15065835fd39c67bafe/50/index.m3u8
2026-08-24 19:34:08,160 [INFO] Scraping agrogaremo...
2026-08-24 19:34:11,493 [INFO]  -> Success: https://live6.mar.tv/7bdb47e649f878c794d885006f62426b0e5e33c459a9e15065835fd39c67bafe/agrogaremo/index.m3u8
2026-08-24 19:34:11,526 [INFO] Scraping artv...
2026-08-24 19:34:14,862 [INFO]  -> Success: https://live6.mar.tv/7bdb47e649f878c794d885006f62426b0e5e33c459a9e15065835fd39c67bafe/tafutv/index.m3u8
2026-08-24 19:34:14,893 [INFO] Scraping meteo24...
2026-08-24 19:34:18,234 [INFO]  -> Success: https://live5.mar.tv/7bdb47e649f878c794d885006f62426b0e5e33c459a9e15065835fd39c67bafe/56/index.m3u8
2026-08-24 19:34:18,267 [INFO] Scraping georgiantimes...
2026-08-24 19:34:21,604 [INFO]  -> Success: https://live5.mar.tv/7bdb47e649f878c794d885006f62426b0e5e33c459a9e15065835fd39c67bafe/57/index.m3u8
2026-08-24 19:34:21,639 [INFO] Scraping silkuniversal...
2026-08-24 19:34:24,982 [INFO]  -> Success: https://live2.mar.tv/7bdb47e649f878c794d885006f62426b0e5e33c459a9e15065835fd39c67bafe/1arxiweb/index.m3u8
2026-08-24 19:34:25,015 [INFO] Scraping rugbytv...
2026-08-24 19:34:28,349 [INFO]  -> Success: https://live4.mar.tv/7bdb47e649f878c794d885006f62426b0e5e33c459a9e15065835fd39c67bafe/160m/index.m3u8
2026-08-24 19:34:28,383 [INFO] Scraping gms...
2026-08-24 19:34:31,717 [INFO]  -> Success: https://live5.mar.tv/7bdb47e649f878c794d885006f62426b0e5e33c459a9e15065835fd39c67bafe/161/index.m3u8
2026-08-24 19:34:31,758 [INFO] Scraping aiatv...
2026-08-24 19:34:35,095 [INFO]  -> Success: https://live6.mar.tv/7bdb47e649f878c794d885006f62426b0e5e33c459a9e15065835fd39c67bafe/aia/index.m3u8
2026-08-24 19:34:35,126 [INFO] Scraping batumi2...
2026-08-24 19:34:38,460 [INFO]  -> Success: https://live6.mar.tv/7bdb47e649f878c794d885006f62426b0e5e33c459a9e15065835fd39c67bafe/batumitv2/index.m3u8
2026-08-24 19:34:38,495 [INFO] Scraping altinfo...
2026-08-24 19:34:41,825 [INFO]  -> Success: https://live6.mar.tv/7bdb47e649f878c794d885006f62426b0e5e33c459a9e15065835fd39c67bafe/altinfo/index.m3u8
2026-08-24 19:34:41,860 [INFO] Scraping parliament...
2026-08-24 19:34:45,192 [INFO]  -> Success: https://live6.mar.tv/7bdb47e649f878c794d885006f62426b0e5e33c459a9e15065835fd39c67bafe/parlament/index.m3u8
2026-08-24 19:34:45,227 [INFO] Scraping egrisi...
2026-08-24 19:34:48,559 [INFO]  -> Success: https://live6.mar.tv/7bdb47e649f878c794d885006f62426b0e5e33c459a9e15065835fd39c67bafe/egrisi/index.m3u8
2026-08-24 19:34:48,590 [INFO] Scraping mzetv...
2026-08-24 19:34:51,922 [INFO]  -> Success: https://live6.mar.tv/7bdb47e649f878c794d885006f62426b0e5e33c459a9e15065835fd39c67bafe/mze/index.m3u8
2026-08-24 19:34:51,973 [WARNING] Failed to find tvg-id="rustavi2" in georgia_channels.m3u
2026-08-24 19:34:51,973 [WARNING] Failed to find tvg-id="maestro" in georgia_channels.m3u
2026-08-24 19:34:51,973 [WARNING] Failed to find tvg-id="marao" in georgia_channels.m3u
2026-08-24 19:34:51,973 [WARNING] Failed to find tvg-id="gds" in georgia_channels.m3u
2026-08-24 19:34:51,973 [WARNING] Failed to find tvg-id="comedy" in georgia_channels.m3u
2026-08-24 19:34:51,974 [WARNING] Failed to find tvg-id="bbb" in georgia_channels.m3u
2026-08-24 19:34:51,974 [WARNING] Failed to find tvg-id="enkibenki" in georgia_channels.m3u
2026-08-24 19:34:51,974 [WARNING] Failed to find tvg-id="adjaratv" in georgia_channels.m3u
2026-08-24 19:34:51,974 [WARNING] Failed to find tvg-id="rionitv" in georgia_channels.m3u
2026-08-24 19:34:51,974 [WARNING] Failed to find tvg-id="tv25" in georgia_channels.m3u
2026-08-24 19:34:51,975 [WARNING] Failed to find tvg-id="tv4rustavi" in georgia_channels.m3u
2026-08-24 19:34:51,975 [WARNING] Failed to find tvg-id="trialeti" in georgia_channels.m3u
2026-08-24 19:34:51,975 [WARNING] Failed to find tvg-id="dardimandi" in georgia_channels.m3u
2026-08-24 19:34:51,975 [WARNING] Failed to find tvg-id="agro" in georgia_channels.m3u
2026-08-24 19:34:51,975 [WARNING] Failed to find tvg-id="samefo" in georgia_channels.m3u
2026-08-24 19:34:51,976 [WARNING] Failed to find tvg-id="postv" in georgia_channels.m3u
2026-08-24 19:34:51,976 [WARNING] Failed to find tvg-id="megatv" in georgia_channels.m3u
2026-08-24 19:34:51,976 [WARNING] Failed to find tvg-id="qartuliarxi" in georgia_channels.m3u
2026-08-24 19:34:51,976 [WARNING] Failed to find tvg-id="musicbox" in georgia_channels.m3u
2026-08-24 19:34:51,977 [WARNING] Failed to find tvg-id="marneuli" in georgia_channels.m3u
2026-08-24 19:34:51,977 [WARNING] Failed to find tvg-id="axaliformula" in georgia_channels.m3u
2026-08-24 19:34:51,977 [WARNING] Failed to find tvg-id="o2" in georgia_channels.m3u
2026-08-24 19:34:51,978 [WARNING] Failed to find tvg-id="guria" in georgia_channels.m3u
2026-08-24 19:34:51,978 [WARNING] Failed to find tvg-id="imervizia" in georgia_channels.m3u
2026-08-24 19:34:51,978 [WARNING] Failed to find tvg-id="diatv" in georgia_channels.m3u
2026-08-24 19:34:51,978 [WARNING] Failed to find tvg-id="chveniarxi" in georgia_channels.m3u
2026-08-24 19:34:51,979 [WARNING] Failed to find tvg-id="batumitv" in georgia_channels.m3u
2026-08-24 19:34:51,979 [WARNING] Failed to find tvg-id="rcheuli" in georgia_channels.m3u
2026-08-24 19:34:51,979 [WARNING] Failed to find tvg-id="gurjaani" in georgia_channels.m3u
2026-08-24 19:34:51,980 [WARNING] Failed to find tvg-id="molitv" in georgia_channels.m3u
2026-08-24 19:34:51,980 [WARNING] Failed to find tvg-id="mexute" in georgia_channels.m3u
2026-08-24 19:34:51,980 [WARNING] Failed to find tvg-id="agrogaremo" in georgia_channels.m3u
2026-08-24 19:34:51,980 [WARNING] Failed to find tvg-id="artv" in georgia_channels.m3u
2026-08-24 19:34:51,981 [WARNING] Failed to find tvg-id="meteo24" in georgia_channels.m3u
2026-08-24 19:34:51,981 [WARNING] Failed to find tvg-id="georgiantimes" in georgia_channels.m3u
2026-08-24 19:34:51,981 [WARNING] Failed to find tvg-id="silkuniversal" in georgia_channels.m3u
2026-08-24 19:34:51,982 [WARNING] Failed to find tvg-id="rugbytv" in georgia_channels.m3u
2026-08-24 19:34:51,982 [WARNING] Failed to find tvg-id="gms" in georgia_channels.m3u
2026-08-24 19:34:51,982 [WARNING] Failed to find tvg-id="aiatv" in georgia_channels.m3u
2026-08-24 19:34:51,982 [WARNING] Failed to find tvg-id="batumi2" in georgia_channels.m3u
2026-08-24 19:34:51,983 [WARNING] Failed to find tvg-id="altinfo" in georgia_channels.m3u
2026-08-24 19:34:51,983 [WARNING] Failed to find tvg-id="parliament" in georgia_channels.m3u
2026-08-24 19:34:51,983 [WARNING] Failed to find tvg-id="egrisi" in georgia_channels.m3u
2026-08-24 19:34:51,984 [WARNING] Failed to find tvg-id="mzetv" in georgia_channels.m3u
2026-08-24 19:34:51,984 [INFO] No file changes were made.
2026-08-24 19:34:51,984 [INFO] === UPDATE EXECUTION FINISHED ===
