2026-08-24 21:32:43,585 [INFO] === UPDATE EXECUTION STARTED ===
2026-08-24 21:32:43,585 [INFO] Fetching Setanta Sports 3 from IPTV-ORG...
2026-08-24 21:32:43,715 [INFO] Launching batch scraper for 44 channels on tv.mar.tv...
2026-08-24 21:32:44,340 [INFO] Scraping rustavi2...
2026-08-24 21:32:49,791 [INFO]  -> Success: https://live8.mar.tv/1/4rd/index.m3u8
2026-08-24 21:32:49,829 [INFO] Scraping maestro...
2026-08-24 21:32:53,163 [INFO]  -> Success: https://live4.mar.tv/c8d3c53e847f7572421102fb77377e4e16b848e96e6cdcdafc2c77fcc20ac908/352m/index.m3u8
2026-08-24 21:32:53,196 [INFO] Scraping marao...
2026-08-24 21:32:56,532 [INFO]  -> Success: https://live2.mar.tv/c8d3c53e847f7572421102fb77377e4e16b848e96e6cdcdafc2c77fcc20ac908/12sd/index.m3u8
2026-08-24 21:32:56,565 [INFO] Scraping gds...
2026-08-24 21:32:59,904 [INFO]  -> Success: https://live1.mar.tv/c8d3c53e847f7572421102fb77377e4e16b848e96e6cdcdafc2c77fcc20ac908/13sd/index.m3u8
2026-08-24 21:32:59,941 [INFO] Scraping comedy...
2026-08-24 21:33:03,273 [INFO]  -> Success: https://live4.mar.tv/c8d3c53e847f7572421102fb77377e4e16b848e96e6cdcdafc2c77fcc20ac908/14rd/index.m3u8
2026-08-24 21:33:03,307 [INFO] Scraping bbb...
2026-08-24 21:33:06,640 [INFO]  -> Success: https://live2.mar.tv/c8d3c53e847f7572421102fb77377e4e16b848e96e6cdcdafc2c77fcc20ac908/16sd/index.m3u8
2026-08-24 21:33:06,673 [INFO] Scraping enkibenki...
2026-08-24 21:33:10,011 [INFO]  -> Success: https://live2.mar.tv/c8d3c53e847f7572421102fb77377e4e16b848e96e6cdcdafc2c77fcc20ac908/17e/index.m3u8
2026-08-24 21:33:10,047 [INFO] Scraping adjaratv...
2026-08-24 21:33:13,380 [INFO]  -> Success: https://live2.mar.tv/c8d3c53e847f7572421102fb77377e4e16b848e96e6cdcdafc2c77fcc20ac908/19rd/index.m3u8
2026-08-24 21:33:13,416 [INFO] Scraping rionitv...
2026-08-24 21:33:16,752 [INFO]  -> Success: https://live6.mar.tv/c8d3c53e847f7572421102fb77377e4e16b848e96e6cdcdafc2c77fcc20ac908/20rionn/index.m3u8
2026-08-24 21:33:16,784 [INFO] Scraping tv25...
2026-08-24 21:33:20,115 [INFO]  -> Success: https://live6.mar.tv/c8d3c53e847f7572421102fb77377e4e16b848e96e6cdcdafc2c77fcc20ac908/23tv25/index.m3u8
2026-08-24 21:33:20,148 [INFO] Scraping tv4rustavi...
2026-08-24 21:33:23,482 [INFO]  -> Success: https://live6.mar.tv/c8d3c53e847f7572421102fb77377e4e16b848e96e6cdcdafc2c77fcc20ac908/24tw4/index.m3u8
2026-08-24 21:33:23,516 [INFO] Scraping trialeti...
2026-08-24 21:33:26,850 [INFO]  -> Success: https://live6.mar.tv/c8d3c53e847f7572421102fb77377e4e16b848e96e6cdcdafc2c77fcc20ac908/trialleti/index.m3u8
2026-08-24 21:33:26,883 [INFO] Scraping dardimandi...
2026-08-24 21:33:30,217 [INFO]  -> Success: https://live5.mar.tv/c8d3c53e847f7572421102fb77377e4e16b848e96e6cdcdafc2c77fcc20ac908/27/index.m3u8
2026-08-24 21:33:30,249 [INFO] Scraping agro...
2026-08-24 21:33:33,579 [INFO]  -> Success: https://live5.mar.tv/c8d3c53e847f7572421102fb77377e4e16b848e96e6cdcdafc2c77fcc20ac908/28/index.m3u8
2026-08-24 21:33:33,612 [INFO] Scraping samefo...
2026-08-24 21:33:36,946 [INFO]  -> Success: https://live5.mar.tv/c8d3c53e847f7572421102fb77377e4e16b848e96e6cdcdafc2c77fcc20ac908/29/index.m3u8
2026-08-24 21:33:36,979 [INFO] Scraping postv...
2026-08-24 21:33:40,310 [INFO]  -> Success: https://live6.mar.tv/c8d3c53e847f7572421102fb77377e4e16b848e96e6cdcdafc2c77fcc20ac908/postvw/index.m3u8
2026-08-24 21:33:40,344 [INFO] Scraping megatv...
2026-08-24 21:33:43,675 [INFO]  -> Success: https://live4.mar.tv/c8d3c53e847f7572421102fb77377e4e16b848e96e6cdcdafc2c77fcc20ac908/32st/index.m3u8
2026-08-24 21:33:43,710 [INFO] Scraping qartuliarxi...
2026-08-24 21:33:47,044 [INFO]  -> Success: https://live6.mar.tv/c8d3c53e847f7572421102fb77377e4e16b848e96e6cdcdafc2c77fcc20ac908/qartuli/index.m3u8
2026-08-24 21:33:47,077 [INFO] Scraping musicbox...
2026-08-24 21:33:50,412 [INFO]  -> Success: https://live6.mar.tv/c8d3c53e847f7572421102fb77377e4e16b848e96e6cdcdafc2c77fcc20ac908/34musge/index.m3u8
2026-08-24 21:33:50,443 [INFO] Scraping marneuli...
2026-08-24 21:33:53,778 [INFO]  -> Success: https://live6.mar.tv/c8d3c53e847f7572421102fb77377e4e16b848e96e6cdcdafc2c77fcc20ac908/37marn/index.m3u8
2026-08-24 21:33:53,809 [INFO] Scraping axaliformula...
2026-08-24 21:33:57,138 [INFO]  -> Success: https://live6.mar.tv/c8d3c53e847f7572421102fb77377e4e16b848e96e6cdcdafc2c77fcc20ac908/axaliformla/index.m3u8
2026-08-24 21:33:57,175 [INFO] Scraping o2...
2026-08-24 21:34:00,508 [INFO]  -> Success: https://live5.mar.tv/c8d3c53e847f7572421102fb77377e4e16b848e96e6cdcdafc2c77fcc20ac908/40/index.m3u8
2026-08-24 21:34:00,542 [INFO] Scraping guria...
2026-08-24 21:34:03,873 [INFO]  -> Success: https://live5.mar.tv/c8d3c53e847f7572421102fb77377e4e16b848e96e6cdcdafc2c77fcc20ac908/42/index.m3u8
2026-08-24 21:34:03,910 [INFO] Scraping imervizia...
2026-08-24 21:34:07,241 [INFO]  -> Success: https://live6.mar.tv/c8d3c53e847f7572421102fb77377e4e16b848e96e6cdcdafc2c77fcc20ac908/imervizia/index.m3u8
2026-08-24 21:34:07,275 [INFO] Scraping diatv...
2026-08-24 21:34:10,608 [INFO]  -> Success: https://live4.mar.tv/c8d3c53e847f7572421102fb77377e4e16b848e96e6cdcdafc2c77fcc20ac908/dia/index.m3u8
2026-08-24 21:34:10,640 [INFO] Scraping chveniarxi...
2026-08-24 21:34:13,970 [INFO]  -> Success: https://live3.mar.tv/c8d3c53e847f7572421102fb77377e4e16b848e96e6cdcdafc2c77fcc20ac908/45rd/index.m3u8
2026-08-24 21:34:14,004 [INFO] Scraping batumitv...
2026-08-24 21:34:17,338 [INFO]  -> Success: https://live5.mar.tv/c8d3c53e847f7572421102fb77377e4e16b848e96e6cdcdafc2c77fcc20ac908/46/index.m3u8
2026-08-24 21:34:17,376 [INFO] Scraping rcheuli...
2026-08-24 21:34:20,706 [INFO]  -> Success: https://live5.mar.tv/c8d3c53e847f7572421102fb77377e4e16b848e96e6cdcdafc2c77fcc20ac908/47/index.m3u8
2026-08-24 21:34:20,739 [INFO] Scraping gurjaani...
2026-08-24 21:34:24,072 [INFO]  -> Success: https://live4.mar.tv/c8d3c53e847f7572421102fb77377e4e16b848e96e6cdcdafc2c77fcc20ac908/48m/index.m3u8
2026-08-24 21:34:24,106 [INFO] Scraping molitv...
2026-08-24 21:34:27,435 [INFO]  -> Success: https://live6.mar.tv/c8d3c53e847f7572421102fb77377e4e16b848e96e6cdcdafc2c77fcc20ac908/mollltv/index.m3u8
2026-08-24 21:34:27,467 [INFO] Scraping mexute...
2026-08-24 21:34:30,802 [INFO]  -> Success: https://live6.mar.tv/c8d3c53e847f7572421102fb77377e4e16b848e96e6cdcdafc2c77fcc20ac908/50/index.m3u8
2026-08-24 21:34:30,836 [INFO] Scraping agrogaremo...
2026-08-24 21:34:34,166 [INFO]  -> Success: https://live6.mar.tv/c8d3c53e847f7572421102fb77377e4e16b848e96e6cdcdafc2c77fcc20ac908/agrogaremo/index.m3u8
2026-08-24 21:34:34,198 [INFO] Scraping artv...
2026-08-24 21:34:37,528 [INFO]  -> Success: https://live6.mar.tv/c8d3c53e847f7572421102fb77377e4e16b848e96e6cdcdafc2c77fcc20ac908/tafutv/index.m3u8
2026-08-24 21:34:37,563 [INFO] Scraping meteo24...
2026-08-24 21:34:40,894 [INFO]  -> Success: https://live5.mar.tv/c8d3c53e847f7572421102fb77377e4e16b848e96e6cdcdafc2c77fcc20ac908/56/index.m3u8
2026-08-24 21:34:40,927 [INFO] Scraping georgiantimes...
2026-08-24 21:34:44,261 [INFO]  -> Success: https://live5.mar.tv/c8d3c53e847f7572421102fb77377e4e16b848e96e6cdcdafc2c77fcc20ac908/57/index.m3u8
2026-08-24 21:34:44,297 [INFO] Scraping silkuniversal...
2026-08-24 21:34:47,626 [INFO]  -> Success: https://live2.mar.tv/c8d3c53e847f7572421102fb77377e4e16b848e96e6cdcdafc2c77fcc20ac908/1arxiweb/index.m3u8
2026-08-24 21:34:47,661 [INFO] Scraping rugbytv...
2026-08-24 21:34:50,992 [INFO]  -> Success: https://live4.mar.tv/c8d3c53e847f7572421102fb77377e4e16b848e96e6cdcdafc2c77fcc20ac908/160m/index.m3u8
2026-08-24 21:34:51,025 [INFO] Scraping gms...
2026-08-24 21:34:54,355 [INFO]  -> Success: https://live5.mar.tv/c8d3c53e847f7572421102fb77377e4e16b848e96e6cdcdafc2c77fcc20ac908/161/index.m3u8
2026-08-24 21:34:54,394 [INFO] Scraping aiatv...
2026-08-24 21:34:57,724 [INFO]  -> Success: https://live6.mar.tv/c8d3c53e847f7572421102fb77377e4e16b848e96e6cdcdafc2c77fcc20ac908/aia/index.m3u8
2026-08-24 21:34:57,758 [INFO] Scraping batumi2...
2026-08-24 21:35:01,088 [INFO]  -> Success: https://live6.mar.tv/c8d3c53e847f7572421102fb77377e4e16b848e96e6cdcdafc2c77fcc20ac908/batumitv2/index.m3u8
2026-08-24 21:35:01,120 [INFO] Scraping altinfo...
2026-08-24 21:35:04,454 [INFO]  -> Success: https://live6.mar.tv/c8d3c53e847f7572421102fb77377e4e16b848e96e6cdcdafc2c77fcc20ac908/altinfo/index.m3u8
2026-08-24 21:35:04,485 [INFO] Scraping parliament...
2026-08-24 21:35:07,820 [INFO]  -> Success: https://live6.mar.tv/c8d3c53e847f7572421102fb77377e4e16b848e96e6cdcdafc2c77fcc20ac908/parlament/index.m3u8
2026-08-24 21:35:07,853 [INFO] Scraping egrisi...
2026-08-24 21:35:11,192 [INFO]  -> Success: https://live6.mar.tv/c8d3c53e847f7572421102fb77377e4e16b848e96e6cdcdafc2c77fcc20ac908/egrisi/index.m3u8
2026-08-24 21:35:11,225 [INFO] Scraping mzetv...
2026-08-24 21:35:14,565 [INFO]  -> Success: https://live6.mar.tv/c8d3c53e847f7572421102fb77377e4e16b848e96e6cdcdafc2c77fcc20ac908/mze/index.m3u8
2026-08-24 21:35:14,615 [WARNING] Failed to find tvg-id="rustavi2" in georgia_channels.m3u
2026-08-24 21:35:14,616 [WARNING] Failed to find tvg-id="maestro" in georgia_channels.m3u
2026-08-24 21:35:14,616 [WARNING] Failed to find tvg-id="marao" in georgia_channels.m3u
2026-08-24 21:35:14,616 [WARNING] Failed to find tvg-id="gds" in georgia_channels.m3u
2026-08-24 21:35:14,616 [WARNING] Failed to find tvg-id="comedy" in georgia_channels.m3u
2026-08-24 21:35:14,616 [WARNING] Failed to find tvg-id="bbb" in georgia_channels.m3u
2026-08-24 21:35:14,617 [WARNING] Failed to find tvg-id="enkibenki" in georgia_channels.m3u
2026-08-24 21:35:14,617 [WARNING] Failed to find tvg-id="adjaratv" in georgia_channels.m3u
2026-08-24 21:35:14,617 [WARNING] Failed to find tvg-id="rionitv" in georgia_channels.m3u
2026-08-24 21:35:14,617 [WARNING] Failed to find tvg-id="tv25" in georgia_channels.m3u
2026-08-24 21:35:14,617 [WARNING] Failed to find tvg-id="tv4rustavi" in georgia_channels.m3u
2026-08-24 21:35:14,618 [WARNING] Failed to find tvg-id="trialeti" in georgia_channels.m3u
2026-08-24 21:35:14,618 [WARNING] Failed to find tvg-id="dardimandi" in georgia_channels.m3u
2026-08-24 21:35:14,618 [WARNING] Failed to find tvg-id="agro" in georgia_channels.m3u
2026-08-24 21:35:14,618 [WARNING] Failed to find tvg-id="samefo" in georgia_channels.m3u
2026-08-24 21:35:14,618 [WARNING] Failed to find tvg-id="postv" in georgia_channels.m3u
2026-08-24 21:35:14,619 [WARNING] Failed to find tvg-id="megatv" in georgia_channels.m3u
2026-08-24 21:35:14,619 [WARNING] Failed to find tvg-id="qartuliarxi" in georgia_channels.m3u
2026-08-24 21:35:14,619 [WARNING] Failed to find tvg-id="musicbox" in georgia_channels.m3u
2026-08-24 21:35:14,619 [WARNING] Failed to find tvg-id="marneuli" in georgia_channels.m3u
2026-08-24 21:35:14,619 [WARNING] Failed to find tvg-id="axaliformula" in georgia_channels.m3u
2026-08-24 21:35:14,620 [WARNING] Failed to find tvg-id="o2" in georgia_channels.m3u
2026-08-24 21:35:14,620 [WARNING] Failed to find tvg-id="guria" in georgia_channels.m3u
2026-08-24 21:35:14,620 [WARNING] Failed to find tvg-id="imervizia" in georgia_channels.m3u
2026-08-24 21:35:14,620 [WARNING] Failed to find tvg-id="diatv" in georgia_channels.m3u
2026-08-24 21:35:14,620 [WARNING] Failed to find tvg-id="chveniarxi" in georgia_channels.m3u
2026-08-24 21:35:14,621 [WARNING] Failed to find tvg-id="batumitv" in georgia_channels.m3u
2026-08-24 21:35:14,621 [WARNING] Failed to find tvg-id="rcheuli" in georgia_channels.m3u
2026-08-24 21:35:14,621 [WARNING] Failed to find tvg-id="gurjaani" in georgia_channels.m3u
2026-08-24 21:35:14,621 [WARNING] Failed to find tvg-id="molitv" in georgia_channels.m3u
2026-08-24 21:35:14,621 [WARNING] Failed to find tvg-id="mexute" in georgia_channels.m3u
2026-08-24 21:35:14,622 [WARNING] Failed to find tvg-id="agrogaremo" in georgia_channels.m3u
2026-08-24 21:35:14,622 [WARNING] Failed to find tvg-id="artv" in georgia_channels.m3u
2026-08-24 21:35:14,622 [WARNING] Failed to find tvg-id="meteo24" in georgia_channels.m3u
2026-08-24 21:35:14,622 [WARNING] Failed to find tvg-id="georgiantimes" in georgia_channels.m3u
2026-08-24 21:35:14,622 [WARNING] Failed to find tvg-id="silkuniversal" in georgia_channels.m3u
2026-08-24 21:35:14,622 [WARNING] Failed to find tvg-id="rugbytv" in georgia_channels.m3u
2026-08-24 21:35:14,623 [WARNING] Failed to find tvg-id="gms" in georgia_channels.m3u
2026-08-24 21:35:14,623 [WARNING] Failed to find tvg-id="aiatv" in georgia_channels.m3u
2026-08-24 21:35:14,623 [WARNING] Failed to find tvg-id="batumi2" in georgia_channels.m3u
2026-08-24 21:35:14,623 [WARNING] Failed to find tvg-id="altinfo" in georgia_channels.m3u
2026-08-24 21:35:14,623 [WARNING] Failed to find tvg-id="parliament" in georgia_channels.m3u
2026-08-24 21:35:14,624 [WARNING] Failed to find tvg-id="egrisi" in georgia_channels.m3u
2026-08-24 21:35:14,624 [WARNING] Failed to find tvg-id="mzetv" in georgia_channels.m3u
2026-08-24 21:35:14,624 [INFO] No file changes were made.
2026-08-24 21:35:14,624 [INFO] === UPDATE EXECUTION FINISHED ===
