2026-08-24 17:33:50,762 [INFO] === UPDATE EXECUTION STARTED ===
2026-08-24 17:33:50,763 [INFO] Fetching Setanta Sports 3 from IPTV-ORG...
2026-08-24 17:33:50,906 [INFO] Launching batch scraper for 44 channels on tv.mar.tv...
2026-08-24 17:33:52,966 [INFO] Scraping rustavi2...
2026-08-24 17:33:58,450 [INFO]  -> Success: https://live8.mar.tv/1/4rd/index.m3u8
2026-08-24 17:33:58,495 [INFO] Scraping maestro...
2026-08-24 17:34:01,822 [INFO]  -> Success: https://live4.mar.tv/d0ee541f8ce7278c3a671719b0d4a301e9d1dd7b5efcbd0f80234a6f7ddb32c4/352m/index.m3u8
2026-08-24 17:34:01,860 [INFO] Scraping marao...
2026-08-24 17:34:05,191 [INFO]  -> Success: https://live2.mar.tv/d0ee541f8ce7278c3a671719b0d4a301e9d1dd7b5efcbd0f80234a6f7ddb32c4/12sd/index.m3u8
2026-08-24 17:34:05,233 [INFO] Scraping gds...
2026-08-24 17:34:08,565 [INFO]  -> Success: https://live1.mar.tv/d0ee541f8ce7278c3a671719b0d4a301e9d1dd7b5efcbd0f80234a6f7ddb32c4/13sd/index.m3u8
2026-08-24 17:34:08,605 [INFO] Scraping comedy...
2026-08-24 17:34:11,933 [INFO]  -> Success: https://live4.mar.tv/d0ee541f8ce7278c3a671719b0d4a301e9d1dd7b5efcbd0f80234a6f7ddb32c4/14rd/index.m3u8
2026-08-24 17:34:11,970 [INFO] Scraping bbb...
2026-08-24 17:34:15,300 [INFO]  -> Success: https://live2.mar.tv/d0ee541f8ce7278c3a671719b0d4a301e9d1dd7b5efcbd0f80234a6f7ddb32c4/16sd/index.m3u8
2026-08-24 17:34:15,338 [INFO] Scraping enkibenki...
2026-08-24 17:34:18,667 [INFO]  -> Success: https://live2.mar.tv/d0ee541f8ce7278c3a671719b0d4a301e9d1dd7b5efcbd0f80234a6f7ddb32c4/17e/index.m3u8
2026-08-24 17:34:18,702 [INFO] Scraping adjaratv...
2026-08-24 17:34:22,041 [INFO]  -> Success: https://live2.mar.tv/d0ee541f8ce7278c3a671719b0d4a301e9d1dd7b5efcbd0f80234a6f7ddb32c4/19rd/index.m3u8
2026-08-24 17:34:22,078 [INFO] Scraping rionitv...
2026-08-24 17:34:25,407 [INFO]  -> Success: https://live6.mar.tv/d0ee541f8ce7278c3a671719b0d4a301e9d1dd7b5efcbd0f80234a6f7ddb32c4/20rionn/index.m3u8
2026-08-24 17:34:25,444 [INFO] Scraping tv25...
2026-08-24 17:34:28,776 [INFO]  -> Success: https://live6.mar.tv/d0ee541f8ce7278c3a671719b0d4a301e9d1dd7b5efcbd0f80234a6f7ddb32c4/23tv25/index.m3u8
2026-08-24 17:34:28,813 [INFO] Scraping tv4rustavi...
2026-08-24 17:34:32,139 [INFO]  -> Success: https://live6.mar.tv/d0ee541f8ce7278c3a671719b0d4a301e9d1dd7b5efcbd0f80234a6f7ddb32c4/24tw4/index.m3u8
2026-08-24 17:34:32,175 [INFO] Scraping trialeti...
2026-08-24 17:34:35,505 [INFO]  -> Success: https://live6.mar.tv/d0ee541f8ce7278c3a671719b0d4a301e9d1dd7b5efcbd0f80234a6f7ddb32c4/trialleti/index.m3u8
2026-08-24 17:34:35,552 [INFO] Scraping dardimandi...
2026-08-24 17:34:38,913 [INFO]  -> Success: https://live5.mar.tv/d0ee541f8ce7278c3a671719b0d4a301e9d1dd7b5efcbd0f80234a6f7ddb32c4/27/index.m3u8
2026-08-24 17:34:38,953 [INFO] Scraping agro...
2026-08-24 17:34:42,279 [INFO]  -> Success: https://live5.mar.tv/d0ee541f8ce7278c3a671719b0d4a301e9d1dd7b5efcbd0f80234a6f7ddb32c4/28/index.m3u8
2026-08-24 17:34:42,317 [INFO] Scraping samefo...
2026-08-24 17:34:45,651 [INFO]  -> Success: https://live5.mar.tv/d0ee541f8ce7278c3a671719b0d4a301e9d1dd7b5efcbd0f80234a6f7ddb32c4/29/index.m3u8
2026-08-24 17:34:45,687 [INFO] Scraping postv...
2026-08-24 17:34:49,016 [INFO]  -> Success: https://live6.mar.tv/d0ee541f8ce7278c3a671719b0d4a301e9d1dd7b5efcbd0f80234a6f7ddb32c4/postvw/index.m3u8
2026-08-24 17:34:49,054 [INFO] Scraping megatv...
2026-08-24 17:34:52,387 [INFO]  -> Success: https://live4.mar.tv/d0ee541f8ce7278c3a671719b0d4a301e9d1dd7b5efcbd0f80234a6f7ddb32c4/32st/index.m3u8
2026-08-24 17:34:52,426 [INFO] Scraping qartuliarxi...
2026-08-24 17:34:55,752 [INFO]  -> Success: https://live6.mar.tv/d0ee541f8ce7278c3a671719b0d4a301e9d1dd7b5efcbd0f80234a6f7ddb32c4/qartuli/index.m3u8
2026-08-24 17:34:55,787 [INFO] Scraping musicbox...
2026-08-24 17:34:59,118 [INFO]  -> Success: https://live6.mar.tv/d0ee541f8ce7278c3a671719b0d4a301e9d1dd7b5efcbd0f80234a6f7ddb32c4/34musge/index.m3u8
2026-08-24 17:34:59,157 [INFO] Scraping marneuli...
2026-08-24 17:35:02,486 [INFO]  -> Success: https://live6.mar.tv/d0ee541f8ce7278c3a671719b0d4a301e9d1dd7b5efcbd0f80234a6f7ddb32c4/37marn/index.m3u8
2026-08-24 17:35:02,523 [INFO] Scraping axaliformula...
2026-08-24 17:35:05,854 [INFO]  -> Success: https://live6.mar.tv/d0ee541f8ce7278c3a671719b0d4a301e9d1dd7b5efcbd0f80234a6f7ddb32c4/axaliformla/index.m3u8
2026-08-24 17:35:05,891 [INFO] Scraping o2...
2026-08-24 17:35:09,219 [INFO]  -> Success: https://live5.mar.tv/d0ee541f8ce7278c3a671719b0d4a301e9d1dd7b5efcbd0f80234a6f7ddb32c4/40/index.m3u8
2026-08-24 17:35:09,253 [INFO] Scraping guria...
2026-08-24 17:35:12,581 [INFO]  -> Success: https://live5.mar.tv/d0ee541f8ce7278c3a671719b0d4a301e9d1dd7b5efcbd0f80234a6f7ddb32c4/42/index.m3u8
2026-08-24 17:35:12,615 [INFO] Scraping imervizia...
2026-08-24 17:35:15,950 [INFO]  -> Success: https://live6.mar.tv/d0ee541f8ce7278c3a671719b0d4a301e9d1dd7b5efcbd0f80234a6f7ddb32c4/imervizia/index.m3u8
2026-08-24 17:35:15,988 [INFO] Scraping diatv...
2026-08-24 17:35:19,314 [INFO]  -> Success: https://live4.mar.tv/d0ee541f8ce7278c3a671719b0d4a301e9d1dd7b5efcbd0f80234a6f7ddb32c4/dia/index.m3u8
2026-08-24 17:35:19,350 [INFO] Scraping chveniarxi...
2026-08-24 17:35:22,677 [INFO]  -> Success: https://live3.mar.tv/d0ee541f8ce7278c3a671719b0d4a301e9d1dd7b5efcbd0f80234a6f7ddb32c4/45rd/index.m3u8
2026-08-24 17:35:22,713 [INFO] Scraping batumitv...
2026-08-24 17:35:26,042 [INFO]  -> Success: https://live5.mar.tv/d0ee541f8ce7278c3a671719b0d4a301e9d1dd7b5efcbd0f80234a6f7ddb32c4/46/index.m3u8
2026-08-24 17:35:26,076 [INFO] Scraping rcheuli...
2026-08-24 17:35:29,405 [INFO]  -> Success: https://live5.mar.tv/d0ee541f8ce7278c3a671719b0d4a301e9d1dd7b5efcbd0f80234a6f7ddb32c4/47/index.m3u8
2026-08-24 17:35:29,443 [INFO] Scraping gurjaani...
2026-08-24 17:35:32,768 [INFO]  -> Success: https://live4.mar.tv/d0ee541f8ce7278c3a671719b0d4a301e9d1dd7b5efcbd0f80234a6f7ddb32c4/48m/index.m3u8
2026-08-24 17:35:32,805 [INFO] Scraping molitv...
2026-08-24 17:35:36,132 [INFO]  -> Success: https://live6.mar.tv/d0ee541f8ce7278c3a671719b0d4a301e9d1dd7b5efcbd0f80234a6f7ddb32c4/mollltv/index.m3u8
2026-08-24 17:35:36,169 [INFO] Scraping mexute...
2026-08-24 17:35:39,499 [INFO]  -> Success: https://live6.mar.tv/d0ee541f8ce7278c3a671719b0d4a301e9d1dd7b5efcbd0f80234a6f7ddb32c4/50/index.m3u8
2026-08-24 17:35:39,534 [INFO] Scraping agrogaremo...
2026-08-24 17:35:42,864 [INFO]  -> Success: https://live6.mar.tv/d0ee541f8ce7278c3a671719b0d4a301e9d1dd7b5efcbd0f80234a6f7ddb32c4/agrogaremo/index.m3u8
2026-08-24 17:35:42,896 [INFO] Scraping artv...
2026-08-24 17:35:46,223 [INFO]  -> Success: https://live6.mar.tv/d0ee541f8ce7278c3a671719b0d4a301e9d1dd7b5efcbd0f80234a6f7ddb32c4/tafutv/index.m3u8
2026-08-24 17:35:46,260 [INFO] Scraping meteo24...
2026-08-24 17:35:49,591 [INFO]  -> Success: https://live5.mar.tv/d0ee541f8ce7278c3a671719b0d4a301e9d1dd7b5efcbd0f80234a6f7ddb32c4/56/index.m3u8
2026-08-24 17:35:49,628 [INFO] Scraping georgiantimes...
2026-08-24 17:35:52,955 [INFO]  -> Success: https://live5.mar.tv/d0ee541f8ce7278c3a671719b0d4a301e9d1dd7b5efcbd0f80234a6f7ddb32c4/57/index.m3u8
2026-08-24 17:35:52,993 [INFO] Scraping silkuniversal...
2026-08-24 17:35:56,321 [INFO]  -> Success: https://live2.mar.tv/d0ee541f8ce7278c3a671719b0d4a301e9d1dd7b5efcbd0f80234a6f7ddb32c4/1arxiweb/index.m3u8
2026-08-24 17:35:56,361 [INFO] Scraping rugbytv...
2026-08-24 17:35:59,688 [INFO]  -> Success: https://live4.mar.tv/d0ee541f8ce7278c3a671719b0d4a301e9d1dd7b5efcbd0f80234a6f7ddb32c4/160m/index.m3u8
2026-08-24 17:35:59,727 [INFO] Scraping gms...
2026-08-24 17:36:03,054 [INFO]  -> Success: https://live5.mar.tv/d0ee541f8ce7278c3a671719b0d4a301e9d1dd7b5efcbd0f80234a6f7ddb32c4/161/index.m3u8
2026-08-24 17:36:03,091 [INFO] Scraping aiatv...
2026-08-24 17:36:06,416 [INFO]  -> Success: https://live6.mar.tv/d0ee541f8ce7278c3a671719b0d4a301e9d1dd7b5efcbd0f80234a6f7ddb32c4/aia/index.m3u8
2026-08-24 17:36:06,451 [INFO] Scraping batumi2...
2026-08-24 17:36:09,774 [INFO]  -> Success: https://live6.mar.tv/d0ee541f8ce7278c3a671719b0d4a301e9d1dd7b5efcbd0f80234a6f7ddb32c4/batumitv2/index.m3u8
2026-08-24 17:36:09,811 [INFO] Scraping altinfo...
2026-08-24 17:36:13,145 [INFO]  -> Success: https://live6.mar.tv/d0ee541f8ce7278c3a671719b0d4a301e9d1dd7b5efcbd0f80234a6f7ddb32c4/altinfo/index.m3u8
2026-08-24 17:36:13,181 [INFO] Scraping parliament...
2026-08-24 17:36:16,512 [INFO]  -> Success: https://live6.mar.tv/d0ee541f8ce7278c3a671719b0d4a301e9d1dd7b5efcbd0f80234a6f7ddb32c4/parlament/index.m3u8
2026-08-24 17:36:16,548 [INFO] Scraping egrisi...
2026-08-24 17:36:19,874 [INFO]  -> Success: https://live6.mar.tv/d0ee541f8ce7278c3a671719b0d4a301e9d1dd7b5efcbd0f80234a6f7ddb32c4/egrisi/index.m3u8
2026-08-24 17:36:19,911 [INFO] Scraping mzetv...
2026-08-24 17:36:23,239 [INFO]  -> Success: https://live6.mar.tv/d0ee541f8ce7278c3a671719b0d4a301e9d1dd7b5efcbd0f80234a6f7ddb32c4/mze/index.m3u8
2026-08-24 17:36:23,303 [WARNING] Failed to find tvg-id="rustavi2" in georgia_channels.m3u
2026-08-24 17:36:23,303 [WARNING] Failed to find tvg-id="maestro" in georgia_channels.m3u
2026-08-24 17:36:23,304 [WARNING] Failed to find tvg-id="marao" in georgia_channels.m3u
2026-08-24 17:36:23,304 [WARNING] Failed to find tvg-id="gds" in georgia_channels.m3u
2026-08-24 17:36:23,304 [WARNING] Failed to find tvg-id="comedy" in georgia_channels.m3u
2026-08-24 17:36:23,304 [WARNING] Failed to find tvg-id="bbb" in georgia_channels.m3u
2026-08-24 17:36:23,305 [WARNING] Failed to find tvg-id="enkibenki" in georgia_channels.m3u
2026-08-24 17:36:23,305 [WARNING] Failed to find tvg-id="adjaratv" in georgia_channels.m3u
2026-08-24 17:36:23,305 [WARNING] Failed to find tvg-id="rionitv" in georgia_channels.m3u
2026-08-24 17:36:23,305 [WARNING] Failed to find tvg-id="tv25" in georgia_channels.m3u
2026-08-24 17:36:23,306 [WARNING] Failed to find tvg-id="tv4rustavi" in georgia_channels.m3u
2026-08-24 17:36:23,306 [WARNING] Failed to find tvg-id="trialeti" in georgia_channels.m3u
2026-08-24 17:36:23,306 [WARNING] Failed to find tvg-id="dardimandi" in georgia_channels.m3u
2026-08-24 17:36:23,306 [WARNING] Failed to find tvg-id="agro" in georgia_channels.m3u
2026-08-24 17:36:23,306 [WARNING] Failed to find tvg-id="samefo" in georgia_channels.m3u
2026-08-24 17:36:23,307 [WARNING] Failed to find tvg-id="postv" in georgia_channels.m3u
2026-08-24 17:36:23,307 [WARNING] Failed to find tvg-id="megatv" in georgia_channels.m3u
2026-08-24 17:36:23,307 [WARNING] Failed to find tvg-id="qartuliarxi" in georgia_channels.m3u
2026-08-24 17:36:23,307 [WARNING] Failed to find tvg-id="musicbox" in georgia_channels.m3u
2026-08-24 17:36:23,307 [WARNING] Failed to find tvg-id="marneuli" in georgia_channels.m3u
2026-08-24 17:36:23,308 [WARNING] Failed to find tvg-id="axaliformula" in georgia_channels.m3u
2026-08-24 17:36:23,308 [WARNING] Failed to find tvg-id="o2" in georgia_channels.m3u
2026-08-24 17:36:23,308 [WARNING] Failed to find tvg-id="guria" in georgia_channels.m3u
2026-08-24 17:36:23,308 [WARNING] Failed to find tvg-id="imervizia" in georgia_channels.m3u
2026-08-24 17:36:23,308 [WARNING] Failed to find tvg-id="diatv" in georgia_channels.m3u
2026-08-24 17:36:23,309 [WARNING] Failed to find tvg-id="chveniarxi" in georgia_channels.m3u
2026-08-24 17:36:23,309 [WARNING] Failed to find tvg-id="batumitv" in georgia_channels.m3u
2026-08-24 17:36:23,309 [WARNING] Failed to find tvg-id="rcheuli" in georgia_channels.m3u
2026-08-24 17:36:23,309 [WARNING] Failed to find tvg-id="gurjaani" in georgia_channels.m3u
2026-08-24 17:36:23,309 [WARNING] Failed to find tvg-id="molitv" in georgia_channels.m3u
2026-08-24 17:36:23,310 [WARNING] Failed to find tvg-id="mexute" in georgia_channels.m3u
2026-08-24 17:36:23,310 [WARNING] Failed to find tvg-id="agrogaremo" in georgia_channels.m3u
2026-08-24 17:36:23,310 [WARNING] Failed to find tvg-id="artv" in georgia_channels.m3u
2026-08-24 17:36:23,310 [WARNING] Failed to find tvg-id="meteo24" in georgia_channels.m3u
2026-08-24 17:36:23,310 [WARNING] Failed to find tvg-id="georgiantimes" in georgia_channels.m3u
2026-08-24 17:36:23,311 [WARNING] Failed to find tvg-id="silkuniversal" in georgia_channels.m3u
2026-08-24 17:36:23,311 [WARNING] Failed to find tvg-id="rugbytv" in georgia_channels.m3u
2026-08-24 17:36:23,311 [WARNING] Failed to find tvg-id="gms" in georgia_channels.m3u
2026-08-24 17:36:23,311 [WARNING] Failed to find tvg-id="aiatv" in georgia_channels.m3u
2026-08-24 17:36:23,311 [WARNING] Failed to find tvg-id="batumi2" in georgia_channels.m3u
2026-08-24 17:36:23,312 [WARNING] Failed to find tvg-id="altinfo" in georgia_channels.m3u
2026-08-24 17:36:23,312 [WARNING] Failed to find tvg-id="parliament" in georgia_channels.m3u
2026-08-24 17:36:23,312 [WARNING] Failed to find tvg-id="egrisi" in georgia_channels.m3u
2026-08-24 17:36:23,312 [WARNING] Failed to find tvg-id="mzetv" in georgia_channels.m3u
2026-08-24 17:36:23,312 [INFO] No file changes were made.
2026-08-24 17:36:23,312 [INFO] === UPDATE EXECUTION FINISHED ===
