2026-08-21 11:04:50,996 [INFO] === UPDATE EXECUTION STARTED ===
2026-08-21 11:04:50,996 [INFO] Fetching Setanta Sports 3 from IPTV-ORG...
2026-08-21 11:04:51,112 [INFO] Launching batch scraper for 44 channels on tv.mar.tv...
2026-08-21 11:04:51,693 [INFO] Scraping rustavi2...
2026-08-21 11:04:57,399 [INFO]  -> Success: https://live8.mar.tv/1/4rd/index.m3u8
2026-08-21 11:04:57,435 [INFO] Scraping maestro...
2026-08-21 11:05:00,772 [INFO]  -> Success: https://live4.mar.tv/1aa9d3807690d5291fd0fe80e2c2e7ad2cd78a7b133b36ee18ae7e0cce3cdd21/352m/index.m3u8
2026-08-21 11:05:00,805 [INFO] Scraping marao...
2026-08-21 11:05:04,147 [INFO]  -> Success: https://live2.mar.tv/1aa9d3807690d5291fd0fe80e2c2e7ad2cd78a7b133b36ee18ae7e0cce3cdd21/12sd/index.m3u8
2026-08-21 11:05:04,183 [INFO] Scraping gds...
2026-08-21 11:05:07,517 [INFO]  -> Success: https://live1.mar.tv/1aa9d3807690d5291fd0fe80e2c2e7ad2cd78a7b133b36ee18ae7e0cce3cdd21/13sd/index.m3u8
2026-08-21 11:05:07,554 [INFO] Scraping comedy...
2026-08-21 11:05:10,893 [INFO]  -> Success: https://live4.mar.tv/1aa9d3807690d5291fd0fe80e2c2e7ad2cd78a7b133b36ee18ae7e0cce3cdd21/14rd/index.m3u8
2026-08-21 11:05:10,928 [INFO] Scraping bbb...
2026-08-21 11:05:14,266 [INFO]  -> Success: https://live2.mar.tv/1aa9d3807690d5291fd0fe80e2c2e7ad2cd78a7b133b36ee18ae7e0cce3cdd21/16sd/index.m3u8
2026-08-21 11:05:14,301 [INFO] Scraping enkibenki...
2026-08-21 11:05:17,635 [INFO]  -> Success: https://live2.mar.tv/1aa9d3807690d5291fd0fe80e2c2e7ad2cd78a7b133b36ee18ae7e0cce3cdd21/17e/index.m3u8
2026-08-21 11:05:17,668 [INFO] Scraping adjaratv...
2026-08-21 11:05:21,009 [INFO]  -> Success: https://live2.mar.tv/1aa9d3807690d5291fd0fe80e2c2e7ad2cd78a7b133b36ee18ae7e0cce3cdd21/19rd/index.m3u8
2026-08-21 11:05:21,044 [INFO] Scraping rionitv...
2026-08-21 11:05:24,379 [INFO]  -> Success: https://live6.mar.tv/1aa9d3807690d5291fd0fe80e2c2e7ad2cd78a7b133b36ee18ae7e0cce3cdd21/20rionn/index.m3u8
2026-08-21 11:05:24,416 [INFO] Scraping tv25...
2026-08-21 11:05:27,752 [INFO]  -> Success: https://live6.mar.tv/1aa9d3807690d5291fd0fe80e2c2e7ad2cd78a7b133b36ee18ae7e0cce3cdd21/23tv25/index.m3u8
2026-08-21 11:05:27,787 [INFO] Scraping tv4rustavi...
2026-08-21 11:05:31,128 [INFO]  -> Success: https://live6.mar.tv/1aa9d3807690d5291fd0fe80e2c2e7ad2cd78a7b133b36ee18ae7e0cce3cdd21/24tw4/index.m3u8
2026-08-21 11:05:31,160 [INFO] Scraping trialeti...
2026-08-21 11:05:34,496 [INFO]  -> Success: https://live6.mar.tv/1aa9d3807690d5291fd0fe80e2c2e7ad2cd78a7b133b36ee18ae7e0cce3cdd21/trialleti/index.m3u8
2026-08-21 11:05:34,531 [INFO] Scraping dardimandi...
2026-08-21 11:05:37,869 [INFO]  -> Success: https://live5.mar.tv/1aa9d3807690d5291fd0fe80e2c2e7ad2cd78a7b133b36ee18ae7e0cce3cdd21/27/index.m3u8
2026-08-21 11:05:37,903 [INFO] Scraping agro...
2026-08-21 11:05:41,237 [INFO]  -> Success: https://live5.mar.tv/1aa9d3807690d5291fd0fe80e2c2e7ad2cd78a7b133b36ee18ae7e0cce3cdd21/28/index.m3u8
2026-08-21 11:05:41,271 [INFO] Scraping samefo...
2026-08-21 11:05:44,609 [INFO]  -> Success: https://live5.mar.tv/1aa9d3807690d5291fd0fe80e2c2e7ad2cd78a7b133b36ee18ae7e0cce3cdd21/29/index.m3u8
2026-08-21 11:05:44,646 [INFO] Scraping postv...
2026-08-21 11:05:47,981 [INFO]  -> Success: https://live6.mar.tv/1aa9d3807690d5291fd0fe80e2c2e7ad2cd78a7b133b36ee18ae7e0cce3cdd21/postvw/index.m3u8
2026-08-21 11:05:48,015 [INFO] Scraping megatv...
2026-08-21 11:05:51,350 [INFO]  -> Success: https://live4.mar.tv/1aa9d3807690d5291fd0fe80e2c2e7ad2cd78a7b133b36ee18ae7e0cce3cdd21/32st/index.m3u8
2026-08-21 11:05:51,383 [INFO] Scraping qartuliarxi...
2026-08-21 11:05:54,721 [INFO]  -> Success: https://live6.mar.tv/1aa9d3807690d5291fd0fe80e2c2e7ad2cd78a7b133b36ee18ae7e0cce3cdd21/qartuli/index.m3u8
2026-08-21 11:05:54,754 [INFO] Scraping musicbox...
2026-08-21 11:05:58,093 [INFO]  -> Success: https://live6.mar.tv/1aa9d3807690d5291fd0fe80e2c2e7ad2cd78a7b133b36ee18ae7e0cce3cdd21/34musge/index.m3u8
2026-08-21 11:05:58,126 [INFO] Scraping marneuli...
2026-08-21 11:06:01,464 [INFO]  -> Success: https://live6.mar.tv/1aa9d3807690d5291fd0fe80e2c2e7ad2cd78a7b133b36ee18ae7e0cce3cdd21/37marn/index.m3u8
2026-08-21 11:06:01,498 [INFO] Scraping axaliformula...
2026-08-21 11:06:04,833 [INFO]  -> Success: https://live6.mar.tv/1aa9d3807690d5291fd0fe80e2c2e7ad2cd78a7b133b36ee18ae7e0cce3cdd21/axaliformla/index.m3u8
2026-08-21 11:06:04,866 [INFO] Scraping o2...
2026-08-21 11:06:08,206 [INFO]  -> Success: https://live5.mar.tv/1aa9d3807690d5291fd0fe80e2c2e7ad2cd78a7b133b36ee18ae7e0cce3cdd21/40/index.m3u8
2026-08-21 11:06:08,240 [INFO] Scraping guria...
2026-08-21 11:06:11,576 [INFO]  -> Success: https://live5.mar.tv/1aa9d3807690d5291fd0fe80e2c2e7ad2cd78a7b133b36ee18ae7e0cce3cdd21/42/index.m3u8
2026-08-21 11:06:11,609 [INFO] Scraping imervizia...
2026-08-21 11:06:14,948 [INFO]  -> Success: https://live6.mar.tv/1aa9d3807690d5291fd0fe80e2c2e7ad2cd78a7b133b36ee18ae7e0cce3cdd21/imervizia/index.m3u8
2026-08-21 11:06:14,981 [INFO] Scraping diatv...
2026-08-21 11:06:18,316 [INFO]  -> Success: https://live4.mar.tv/1aa9d3807690d5291fd0fe80e2c2e7ad2cd78a7b133b36ee18ae7e0cce3cdd21/dia/index.m3u8
2026-08-21 11:06:18,350 [INFO] Scraping chveniarxi...
2026-08-21 11:06:21,686 [INFO]  -> Success: https://live3.mar.tv/1aa9d3807690d5291fd0fe80e2c2e7ad2cd78a7b133b36ee18ae7e0cce3cdd21/45rd/index.m3u8
2026-08-21 11:06:21,720 [INFO] Scraping batumitv...
2026-08-21 11:06:25,062 [INFO]  -> Success: https://live5.mar.tv/1aa9d3807690d5291fd0fe80e2c2e7ad2cd78a7b133b36ee18ae7e0cce3cdd21/46/index.m3u8
2026-08-21 11:06:25,093 [INFO] Scraping rcheuli...
2026-08-21 11:06:28,429 [INFO]  -> Success: https://live5.mar.tv/1aa9d3807690d5291fd0fe80e2c2e7ad2cd78a7b133b36ee18ae7e0cce3cdd21/47/index.m3u8
2026-08-21 11:06:28,464 [INFO] Scraping gurjaani...
2026-08-21 11:06:31,803 [INFO]  -> Success: https://live4.mar.tv/1aa9d3807690d5291fd0fe80e2c2e7ad2cd78a7b133b36ee18ae7e0cce3cdd21/48m/index.m3u8
2026-08-21 11:06:31,836 [INFO] Scraping molitv...
2026-08-21 11:06:35,174 [INFO]  -> Success: https://live6.mar.tv/1aa9d3807690d5291fd0fe80e2c2e7ad2cd78a7b133b36ee18ae7e0cce3cdd21/mollltv/index.m3u8
2026-08-21 11:06:35,207 [INFO] Scraping mexute...
2026-08-21 11:06:38,553 [INFO]  -> Success: https://live6.mar.tv/1aa9d3807690d5291fd0fe80e2c2e7ad2cd78a7b133b36ee18ae7e0cce3cdd21/50/index.m3u8
2026-08-21 11:06:38,586 [INFO] Scraping agrogaremo...
2026-08-21 11:06:41,922 [INFO]  -> Success: https://live6.mar.tv/1aa9d3807690d5291fd0fe80e2c2e7ad2cd78a7b133b36ee18ae7e0cce3cdd21/agrogaremo/index.m3u8
2026-08-21 11:06:41,954 [INFO] Scraping artv...
2026-08-21 11:06:45,288 [INFO]  -> Success: https://live6.mar.tv/1aa9d3807690d5291fd0fe80e2c2e7ad2cd78a7b133b36ee18ae7e0cce3cdd21/tafutv/index.m3u8
2026-08-21 11:06:45,321 [INFO] Scraping meteo24...
2026-08-21 11:06:48,659 [INFO]  -> Success: https://live5.mar.tv/1aa9d3807690d5291fd0fe80e2c2e7ad2cd78a7b133b36ee18ae7e0cce3cdd21/56/index.m3u8
2026-08-21 11:06:48,692 [INFO] Scraping georgiantimes...
2026-08-21 11:06:52,030 [INFO]  -> Success: https://live5.mar.tv/1aa9d3807690d5291fd0fe80e2c2e7ad2cd78a7b133b36ee18ae7e0cce3cdd21/57/index.m3u8
2026-08-21 11:06:52,062 [INFO] Scraping silkuniversal...
2026-08-21 11:06:55,401 [INFO]  -> Success: https://live2.mar.tv/1aa9d3807690d5291fd0fe80e2c2e7ad2cd78a7b133b36ee18ae7e0cce3cdd21/1arxiweb/index.m3u8
2026-08-21 11:06:55,436 [INFO] Scraping rugbytv...
2026-08-21 11:06:58,771 [INFO]  -> Success: https://live4.mar.tv/1aa9d3807690d5291fd0fe80e2c2e7ad2cd78a7b133b36ee18ae7e0cce3cdd21/160m/index.m3u8
2026-08-21 11:06:58,804 [INFO] Scraping gms...
2026-08-21 11:07:02,143 [INFO]  -> Success: https://live5.mar.tv/1aa9d3807690d5291fd0fe80e2c2e7ad2cd78a7b133b36ee18ae7e0cce3cdd21/161/index.m3u8
2026-08-21 11:07:02,176 [INFO] Scraping aiatv...
2026-08-21 11:07:05,515 [INFO]  -> Success: https://live6.mar.tv/1aa9d3807690d5291fd0fe80e2c2e7ad2cd78a7b133b36ee18ae7e0cce3cdd21/aia/index.m3u8
2026-08-21 11:07:05,550 [INFO] Scraping batumi2...
2026-08-21 11:07:08,886 [INFO]  -> Success: https://live6.mar.tv/1aa9d3807690d5291fd0fe80e2c2e7ad2cd78a7b133b36ee18ae7e0cce3cdd21/batumitv2/index.m3u8
2026-08-21 11:07:08,919 [INFO] Scraping altinfo...
2026-08-21 11:07:12,253 [INFO]  -> Success: https://live6.mar.tv/1aa9d3807690d5291fd0fe80e2c2e7ad2cd78a7b133b36ee18ae7e0cce3cdd21/altinfo/index.m3u8
2026-08-21 11:07:12,286 [INFO] Scraping parliament...
2026-08-21 11:07:15,619 [INFO]  -> Success: https://live6.mar.tv/1aa9d3807690d5291fd0fe80e2c2e7ad2cd78a7b133b36ee18ae7e0cce3cdd21/parlament/index.m3u8
2026-08-21 11:07:15,650 [INFO] Scraping egrisi...
2026-08-21 11:07:18,985 [INFO]  -> Success: https://live6.mar.tv/1aa9d3807690d5291fd0fe80e2c2e7ad2cd78a7b133b36ee18ae7e0cce3cdd21/egrisi/index.m3u8
2026-08-21 11:07:19,019 [INFO] Scraping mzetv...
2026-08-21 11:07:22,358 [INFO]  -> Success: https://live6.mar.tv/1aa9d3807690d5291fd0fe80e2c2e7ad2cd78a7b133b36ee18ae7e0cce3cdd21/mze/index.m3u8
2026-08-21 11:07:22,409 [INFO] Updated M3U block for: rustavi2
2026-08-21 11:07:22,409 [INFO] Updated M3U block for: maestro
2026-08-21 11:07:22,410 [INFO] Updated M3U block for: marao
2026-08-21 11:07:22,410 [INFO] Updated M3U block for: gds
2026-08-21 11:07:22,410 [INFO] Updated M3U block for: comedy
2026-08-21 11:07:22,411 [INFO] Updated M3U block for: bbb
2026-08-21 11:07:22,411 [INFO] Updated M3U block for: enkibenki
2026-08-21 11:07:22,411 [INFO] Updated M3U block for: adjaratv
2026-08-21 11:07:22,411 [INFO] Updated M3U block for: rionitv
2026-08-21 11:07:22,412 [INFO] Updated M3U block for: tv25
2026-08-21 11:07:22,412 [INFO] Updated M3U block for: tv4rustavi
2026-08-21 11:07:22,412 [INFO] Updated M3U block for: trialeti
2026-08-21 11:07:22,412 [INFO] Updated M3U block for: dardimandi
2026-08-21 11:07:22,413 [INFO] Updated M3U block for: agro
2026-08-21 11:07:22,413 [INFO] Updated M3U block for: samefo
2026-08-21 11:07:22,413 [INFO] Updated M3U block for: postv
2026-08-21 11:07:22,413 [INFO] Updated M3U block for: megatv
2026-08-21 11:07:22,414 [INFO] Updated M3U block for: qartuliarxi
2026-08-21 11:07:22,414 [INFO] Updated M3U block for: musicbox
2026-08-21 11:07:22,414 [INFO] Updated M3U block for: marneuli
2026-08-21 11:07:22,414 [INFO] Updated M3U block for: axaliformula
2026-08-21 11:07:22,415 [INFO] Updated M3U block for: o2
2026-08-21 11:07:22,415 [INFO] Updated M3U block for: guria
2026-08-21 11:07:22,415 [INFO] Updated M3U block for: imervizia
2026-08-21 11:07:22,415 [INFO] Updated M3U block for: diatv
2026-08-21 11:07:22,416 [INFO] Updated M3U block for: chveniarxi
2026-08-21 11:07:22,416 [INFO] Updated M3U block for: batumitv
2026-08-21 11:07:22,416 [INFO] Updated M3U block for: rcheuli
2026-08-21 11:07:22,417 [INFO] Updated M3U block for: gurjaani
2026-08-21 11:07:22,417 [INFO] Updated M3U block for: molitv
2026-08-21 11:07:22,417 [INFO] Updated M3U block for: mexute
2026-08-21 11:07:22,417 [INFO] Updated M3U block for: agrogaremo
2026-08-21 11:07:22,418 [INFO] Updated M3U block for: artv
2026-08-21 11:07:22,418 [INFO] Updated M3U block for: meteo24
2026-08-21 11:07:22,418 [INFO] Updated M3U block for: georgiantimes
2026-08-21 11:07:22,418 [INFO] Updated M3U block for: silkuniversal
2026-08-21 11:07:22,419 [INFO] Updated M3U block for: rugbytv
2026-08-21 11:07:22,419 [INFO] Updated M3U block for: gms
2026-08-21 11:07:22,419 [INFO] Updated M3U block for: aiatv
2026-08-21 11:07:22,420 [INFO] Updated M3U block for: batumi2
2026-08-21 11:07:22,420 [INFO] Updated M3U block for: altinfo
2026-08-21 11:07:22,420 [INFO] Updated M3U block for: parliament
2026-08-21 11:07:22,420 [INFO] Updated M3U block for: egrisi
2026-08-21 11:07:22,421 [INFO] Updated M3U block for: mzetv
2026-08-21 11:07:22,421 [INFO] Saved changes to georgia_channels.m3u.
2026-08-21 11:07:22,421 [INFO] === UPDATE EXECUTION FINISHED ===
