2026-08-26 09:45:31,151 [INFO] === UPDATE EXECUTION STARTED ===
2026-08-26 09:45:31,152 [INFO] Fetching Setanta Sports 3 from IPTV-ORG...
2026-08-26 09:45:31,264 [INFO] Launching batch scraper for 44 channels on tv.mar.tv...
2026-08-26 09:45:33,113 [INFO] Scraping rustavi2...
2026-08-26 09:45:38,815 [INFO]  -> Success: https://live8.mar.tv/1/4rd/index.m3u8
2026-08-26 09:45:38,851 [INFO] Scraping maestro...
2026-08-26 09:45:42,189 [INFO]  -> Success: https://live4.mar.tv/64c0f9a496b61c8e96633eeaa6426b47bb606d4f935c32ae78614b31885f3bc5/352m/index.m3u8
2026-08-26 09:45:42,220 [INFO] Scraping marao...
2026-08-26 09:45:45,557 [INFO]  -> Success: https://live2.mar.tv/64c0f9a496b61c8e96633eeaa6426b47bb606d4f935c32ae78614b31885f3bc5/12sd/index.m3u8
2026-08-26 09:45:45,593 [INFO] Scraping gds...
2026-08-26 09:45:48,934 [INFO]  -> Success: https://live1.mar.tv/64c0f9a496b61c8e96633eeaa6426b47bb606d4f935c32ae78614b31885f3bc5/13sd/index.m3u8
2026-08-26 09:45:48,968 [INFO] Scraping comedy...
2026-08-26 09:45:52,306 [INFO]  -> Success: https://live4.mar.tv/64c0f9a496b61c8e96633eeaa6426b47bb606d4f935c32ae78614b31885f3bc5/14rd/index.m3u8
2026-08-26 09:45:52,341 [INFO] Scraping bbb...
2026-08-26 09:45:55,681 [INFO]  -> Success: https://live2.mar.tv/64c0f9a496b61c8e96633eeaa6426b47bb606d4f935c32ae78614b31885f3bc5/16sd/index.m3u8
2026-08-26 09:45:55,715 [INFO] Scraping enkibenki...
2026-08-26 09:45:59,055 [INFO]  -> Success: https://live2.mar.tv/64c0f9a496b61c8e96633eeaa6426b47bb606d4f935c32ae78614b31885f3bc5/17e/index.m3u8
2026-08-26 09:45:59,090 [INFO] Scraping adjaratv...
2026-08-26 09:46:02,429 [INFO]  -> Success: https://live2.mar.tv/64c0f9a496b61c8e96633eeaa6426b47bb606d4f935c32ae78614b31885f3bc5/19rd/index.m3u8
2026-08-26 09:46:02,463 [INFO] Scraping rionitv...
2026-08-26 09:46:05,801 [INFO]  -> Success: https://live6.mar.tv/64c0f9a496b61c8e96633eeaa6426b47bb606d4f935c32ae78614b31885f3bc5/20rionn/index.m3u8
2026-08-26 09:46:05,834 [INFO] Scraping tv25...
2026-08-26 09:46:09,171 [INFO]  -> Success: https://live6.mar.tv/64c0f9a496b61c8e96633eeaa6426b47bb606d4f935c32ae78614b31885f3bc5/23tv25/index.m3u8
2026-08-26 09:46:09,202 [INFO] Scraping tv4rustavi...
2026-08-26 09:46:12,538 [INFO]  -> Success: https://live6.mar.tv/64c0f9a496b61c8e96633eeaa6426b47bb606d4f935c32ae78614b31885f3bc5/24tw4/index.m3u8
2026-08-26 09:46:12,577 [INFO] Scraping trialeti...
2026-08-26 09:46:15,912 [INFO]  -> Success: https://live6.mar.tv/64c0f9a496b61c8e96633eeaa6426b47bb606d4f935c32ae78614b31885f3bc5/trialleti/index.m3u8
2026-08-26 09:46:15,946 [INFO] Scraping dardimandi...
2026-08-26 09:46:19,281 [INFO]  -> Success: https://live5.mar.tv/64c0f9a496b61c8e96633eeaa6426b47bb606d4f935c32ae78614b31885f3bc5/27/index.m3u8
2026-08-26 09:46:19,318 [INFO] Scraping agro...
2026-08-26 09:46:22,658 [INFO]  -> Success: https://live5.mar.tv/64c0f9a496b61c8e96633eeaa6426b47bb606d4f935c32ae78614b31885f3bc5/28/index.m3u8
2026-08-26 09:46:22,690 [INFO] Scraping samefo...
2026-08-26 09:46:26,030 [INFO]  -> Success: https://live5.mar.tv/64c0f9a496b61c8e96633eeaa6426b47bb606d4f935c32ae78614b31885f3bc5/29/index.m3u8
2026-08-26 09:46:26,066 [INFO] Scraping postv...
2026-08-26 09:46:29,402 [INFO]  -> Success: https://live6.mar.tv/64c0f9a496b61c8e96633eeaa6426b47bb606d4f935c32ae78614b31885f3bc5/postvw/index.m3u8
2026-08-26 09:46:29,433 [INFO] Scraping megatv...
2026-08-26 09:46:32,769 [INFO]  -> Success: https://live4.mar.tv/64c0f9a496b61c8e96633eeaa6426b47bb606d4f935c32ae78614b31885f3bc5/32st/index.m3u8
2026-08-26 09:46:32,802 [INFO] Scraping qartuliarxi...
2026-08-26 09:46:36,143 [INFO]  -> Success: https://live6.mar.tv/64c0f9a496b61c8e96633eeaa6426b47bb606d4f935c32ae78614b31885f3bc5/qartuli/index.m3u8
2026-08-26 09:46:36,179 [INFO] Scraping musicbox...
2026-08-26 09:46:39,523 [INFO]  -> Success: https://live6.mar.tv/64c0f9a496b61c8e96633eeaa6426b47bb606d4f935c32ae78614b31885f3bc5/34musge/index.m3u8
2026-08-26 09:46:39,557 [INFO] Scraping marneuli...
2026-08-26 09:46:42,902 [INFO]  -> Success: https://live6.mar.tv/64c0f9a496b61c8e96633eeaa6426b47bb606d4f935c32ae78614b31885f3bc5/37marn/index.m3u8
2026-08-26 09:46:42,937 [INFO] Scraping axaliformula...
2026-08-26 09:46:46,275 [INFO]  -> Success: https://live6.mar.tv/64c0f9a496b61c8e96633eeaa6426b47bb606d4f935c32ae78614b31885f3bc5/axaliformla/index.m3u8
2026-08-26 09:46:46,308 [INFO] Scraping o2...
2026-08-26 09:46:49,643 [INFO]  -> Success: https://live5.mar.tv/64c0f9a496b61c8e96633eeaa6426b47bb606d4f935c32ae78614b31885f3bc5/40/index.m3u8
2026-08-26 09:46:49,679 [INFO] Scraping guria...
2026-08-26 09:46:53,017 [INFO]  -> Success: https://live5.mar.tv/64c0f9a496b61c8e96633eeaa6426b47bb606d4f935c32ae78614b31885f3bc5/42/index.m3u8
2026-08-26 09:46:53,051 [INFO] Scraping imervizia...
2026-08-26 09:46:56,395 [INFO]  -> Success: https://live6.mar.tv/64c0f9a496b61c8e96633eeaa6426b47bb606d4f935c32ae78614b31885f3bc5/imervizia/index.m3u8
2026-08-26 09:46:56,430 [INFO] Scraping diatv...
2026-08-26 09:46:59,778 [INFO]  -> Success: https://live4.mar.tv/64c0f9a496b61c8e96633eeaa6426b47bb606d4f935c32ae78614b31885f3bc5/dia/index.m3u8
2026-08-26 09:46:59,813 [INFO] Scraping chveniarxi...
2026-08-26 09:47:03,164 [INFO]  -> Success: https://live3.mar.tv/64c0f9a496b61c8e96633eeaa6426b47bb606d4f935c32ae78614b31885f3bc5/45rd/index.m3u8
2026-08-26 09:47:03,197 [INFO] Scraping batumitv...
2026-08-26 09:47:06,534 [INFO]  -> Success: https://live5.mar.tv/64c0f9a496b61c8e96633eeaa6426b47bb606d4f935c32ae78614b31885f3bc5/46/index.m3u8
2026-08-26 09:47:06,569 [INFO] Scraping rcheuli...
2026-08-26 09:47:09,908 [INFO]  -> Success: https://live5.mar.tv/64c0f9a496b61c8e96633eeaa6426b47bb606d4f935c32ae78614b31885f3bc5/47/index.m3u8
2026-08-26 09:47:09,944 [INFO] Scraping gurjaani...
2026-08-26 09:47:13,286 [INFO]  -> Success: https://live4.mar.tv/64c0f9a496b61c8e96633eeaa6426b47bb606d4f935c32ae78614b31885f3bc5/48m/index.m3u8
2026-08-26 09:47:13,323 [INFO] Scraping molitv...
2026-08-26 09:47:16,670 [INFO]  -> Success: https://live6.mar.tv/64c0f9a496b61c8e96633eeaa6426b47bb606d4f935c32ae78614b31885f3bc5/mollltv/index.m3u8
2026-08-26 09:47:16,707 [INFO] Scraping mexute...
2026-08-26 09:47:20,055 [INFO]  -> Success: https://live6.mar.tv/64c0f9a496b61c8e96633eeaa6426b47bb606d4f935c32ae78614b31885f3bc5/50/index.m3u8
2026-08-26 09:47:20,092 [INFO] Scraping agrogaremo...
2026-08-26 09:47:23,441 [INFO]  -> Success: https://live6.mar.tv/64c0f9a496b61c8e96633eeaa6426b47bb606d4f935c32ae78614b31885f3bc5/agrogaremo/index.m3u8
2026-08-26 09:47:23,477 [INFO] Scraping artv...
2026-08-26 09:47:26,824 [INFO]  -> Success: https://live6.mar.tv/64c0f9a496b61c8e96633eeaa6426b47bb606d4f935c32ae78614b31885f3bc5/tafutv/index.m3u8
2026-08-26 09:47:26,863 [INFO] Scraping meteo24...
2026-08-26 09:47:30,210 [INFO]  -> Success: https://live5.mar.tv/64c0f9a496b61c8e96633eeaa6426b47bb606d4f935c32ae78614b31885f3bc5/56/index.m3u8
2026-08-26 09:47:30,243 [INFO] Scraping georgiantimes...
2026-08-26 09:47:33,580 [INFO]  -> Success: https://live5.mar.tv/64c0f9a496b61c8e96633eeaa6426b47bb606d4f935c32ae78614b31885f3bc5/57/index.m3u8
2026-08-26 09:47:33,617 [INFO] Scraping silkuniversal...
2026-08-26 09:47:36,961 [INFO]  -> Success: https://live2.mar.tv/64c0f9a496b61c8e96633eeaa6426b47bb606d4f935c32ae78614b31885f3bc5/1arxiweb/index.m3u8
2026-08-26 09:47:36,996 [INFO] Scraping rugbytv...
2026-08-26 09:47:40,355 [INFO]  -> Success: https://live4.mar.tv/64c0f9a496b61c8e96633eeaa6426b47bb606d4f935c32ae78614b31885f3bc5/160m/index.m3u8
2026-08-26 09:47:40,390 [INFO] Scraping gms...
2026-08-26 09:47:43,732 [INFO]  -> Success: https://live5.mar.tv/64c0f9a496b61c8e96633eeaa6426b47bb606d4f935c32ae78614b31885f3bc5/161/index.m3u8
2026-08-26 09:47:43,768 [INFO] Scraping aiatv...
2026-08-26 09:47:47,111 [INFO]  -> Success: https://live6.mar.tv/64c0f9a496b61c8e96633eeaa6426b47bb606d4f935c32ae78614b31885f3bc5/aia/index.m3u8
2026-08-26 09:47:47,146 [INFO] Scraping batumi2...
2026-08-26 09:47:50,485 [INFO]  -> Success: https://live6.mar.tv/64c0f9a496b61c8e96633eeaa6426b47bb606d4f935c32ae78614b31885f3bc5/batumitv2/index.m3u8
2026-08-26 09:47:50,520 [INFO] Scraping altinfo...
2026-08-26 09:47:53,871 [INFO]  -> Success: https://live6.mar.tv/64c0f9a496b61c8e96633eeaa6426b47bb606d4f935c32ae78614b31885f3bc5/altinfo/index.m3u8
2026-08-26 09:47:53,911 [INFO] Scraping parliament...
2026-08-26 09:47:57,260 [INFO]  -> Success: https://live6.mar.tv/64c0f9a496b61c8e96633eeaa6426b47bb606d4f935c32ae78614b31885f3bc5/parlament/index.m3u8
2026-08-26 09:47:57,296 [INFO] Scraping egrisi...
2026-08-26 09:48:00,648 [INFO]  -> Success: https://live6.mar.tv/64c0f9a496b61c8e96633eeaa6426b47bb606d4f935c32ae78614b31885f3bc5/egrisi/index.m3u8
2026-08-26 09:48:00,684 [INFO] Scraping mzetv...
2026-08-26 09:48:04,029 [INFO]  -> Success: https://live6.mar.tv/64c0f9a496b61c8e96633eeaa6426b47bb606d4f935c32ae78614b31885f3bc5/mze/index.m3u8
2026-08-26 09:48:04,081 [WARNING] Failed to find tvg-id="rustavi2" in georgia_channels.m3u
2026-08-26 09:48:04,081 [WARNING] Failed to find tvg-id="maestro" in georgia_channels.m3u
2026-08-26 09:48:04,081 [WARNING] Failed to find tvg-id="marao" in georgia_channels.m3u
2026-08-26 09:48:04,082 [WARNING] Failed to find tvg-id="gds" in georgia_channels.m3u
2026-08-26 09:48:04,082 [WARNING] Failed to find tvg-id="comedy" in georgia_channels.m3u
2026-08-26 09:48:04,082 [WARNING] Failed to find tvg-id="bbb" in georgia_channels.m3u
2026-08-26 09:48:04,082 [WARNING] Failed to find tvg-id="enkibenki" in georgia_channels.m3u
2026-08-26 09:48:04,082 [WARNING] Failed to find tvg-id="adjaratv" in georgia_channels.m3u
2026-08-26 09:48:04,083 [WARNING] Failed to find tvg-id="rionitv" in georgia_channels.m3u
2026-08-26 09:48:04,083 [WARNING] Failed to find tvg-id="tv25" in georgia_channels.m3u
2026-08-26 09:48:04,083 [WARNING] Failed to find tvg-id="tv4rustavi" in georgia_channels.m3u
2026-08-26 09:48:04,083 [WARNING] Failed to find tvg-id="trialeti" in georgia_channels.m3u
2026-08-26 09:48:04,084 [WARNING] Failed to find tvg-id="dardimandi" in georgia_channels.m3u
2026-08-26 09:48:04,084 [WARNING] Failed to find tvg-id="agro" in georgia_channels.m3u
2026-08-26 09:48:04,084 [WARNING] Failed to find tvg-id="samefo" in georgia_channels.m3u
2026-08-26 09:48:04,084 [WARNING] Failed to find tvg-id="postv" in georgia_channels.m3u
2026-08-26 09:48:04,085 [WARNING] Failed to find tvg-id="megatv" in georgia_channels.m3u
2026-08-26 09:48:04,085 [WARNING] Failed to find tvg-id="qartuliarxi" in georgia_channels.m3u
2026-08-26 09:48:04,085 [WARNING] Failed to find tvg-id="musicbox" in georgia_channels.m3u
2026-08-26 09:48:04,085 [WARNING] Failed to find tvg-id="marneuli" in georgia_channels.m3u
2026-08-26 09:48:04,085 [WARNING] Failed to find tvg-id="axaliformula" in georgia_channels.m3u
2026-08-26 09:48:04,086 [WARNING] Failed to find tvg-id="o2" in georgia_channels.m3u
2026-08-26 09:48:04,086 [WARNING] Failed to find tvg-id="guria" in georgia_channels.m3u
2026-08-26 09:48:04,086 [WARNING] Failed to find tvg-id="imervizia" in georgia_channels.m3u
2026-08-26 09:48:04,086 [WARNING] Failed to find tvg-id="diatv" in georgia_channels.m3u
2026-08-26 09:48:04,087 [WARNING] Failed to find tvg-id="chveniarxi" in georgia_channels.m3u
2026-08-26 09:48:04,087 [WARNING] Failed to find tvg-id="batumitv" in georgia_channels.m3u
2026-08-26 09:48:04,087 [WARNING] Failed to find tvg-id="rcheuli" in georgia_channels.m3u
2026-08-26 09:48:04,087 [WARNING] Failed to find tvg-id="gurjaani" in georgia_channels.m3u
2026-08-26 09:48:04,087 [WARNING] Failed to find tvg-id="molitv" in georgia_channels.m3u
2026-08-26 09:48:04,088 [WARNING] Failed to find tvg-id="mexute" in georgia_channels.m3u
2026-08-26 09:48:04,088 [WARNING] Failed to find tvg-id="agrogaremo" in georgia_channels.m3u
2026-08-26 09:48:04,088 [WARNING] Failed to find tvg-id="artv" in georgia_channels.m3u
2026-08-26 09:48:04,088 [WARNING] Failed to find tvg-id="meteo24" in georgia_channels.m3u
2026-08-26 09:48:04,089 [WARNING] Failed to find tvg-id="georgiantimes" in georgia_channels.m3u
2026-08-26 09:48:04,089 [WARNING] Failed to find tvg-id="silkuniversal" in georgia_channels.m3u
2026-08-26 09:48:04,089 [WARNING] Failed to find tvg-id="rugbytv" in georgia_channels.m3u
2026-08-26 09:48:04,089 [WARNING] Failed to find tvg-id="gms" in georgia_channels.m3u
2026-08-26 09:48:04,089 [WARNING] Failed to find tvg-id="aiatv" in georgia_channels.m3u
2026-08-26 09:48:04,090 [WARNING] Failed to find tvg-id="batumi2" in georgia_channels.m3u
2026-08-26 09:48:04,090 [WARNING] Failed to find tvg-id="altinfo" in georgia_channels.m3u
2026-08-26 09:48:04,090 [WARNING] Failed to find tvg-id="parliament" in georgia_channels.m3u
2026-08-26 09:48:04,090 [WARNING] Failed to find tvg-id="egrisi" in georgia_channels.m3u
2026-08-26 09:48:04,091 [WARNING] Failed to find tvg-id="mzetv" in georgia_channels.m3u
2026-08-26 09:48:04,091 [INFO] No file changes were made.
2026-08-26 09:48:04,091 [INFO] === UPDATE EXECUTION FINISHED ===
