2026-08-21 11:21:11,504 [INFO] === UPDATE EXECUTION STARTED ===
2026-08-21 11:21:11,504 [INFO] Fetching Setanta Sports 3 from IPTV-ORG...
2026-08-21 11:21:11,579 [INFO] Launching batch scraper for 44 channels on tv.mar.tv...
2026-08-21 11:21:14,160 [INFO] Scraping rustavi2...
2026-08-21 11:21:19,150 [INFO]  -> Success: https://live8.mar.tv/1/4rd/index.m3u8
2026-08-21 11:21:19,185 [INFO] Scraping maestro...
2026-08-21 11:21:22,459 [INFO]  -> Success: https://live4.mar.tv/1aa9d3807690d5291fd0fe80e2c2e7ad2cd78a7b133b36ee18ae7e0cce3cdd21/352m/index.m3u8
2026-08-21 11:21:22,491 [INFO] Scraping marao...
2026-08-21 11:21:25,770 [INFO]  -> Success: https://live2.mar.tv/1aa9d3807690d5291fd0fe80e2c2e7ad2cd78a7b133b36ee18ae7e0cce3cdd21/12sd/index.m3u8
2026-08-21 11:21:25,806 [INFO] Scraping gds...
2026-08-21 11:21:29,078 [INFO]  -> Success: https://live1.mar.tv/1aa9d3807690d5291fd0fe80e2c2e7ad2cd78a7b133b36ee18ae7e0cce3cdd21/13sd/index.m3u8
2026-08-21 11:21:29,112 [INFO] Scraping comedy...
2026-08-21 11:21:32,388 [INFO]  -> Success: https://live4.mar.tv/1aa9d3807690d5291fd0fe80e2c2e7ad2cd78a7b133b36ee18ae7e0cce3cdd21/14rd/index.m3u8
2026-08-21 11:21:32,423 [INFO] Scraping bbb...
2026-08-21 11:21:35,691 [INFO]  -> Success: https://live2.mar.tv/1aa9d3807690d5291fd0fe80e2c2e7ad2cd78a7b133b36ee18ae7e0cce3cdd21/16sd/index.m3u8
2026-08-21 11:21:35,726 [INFO] Scraping enkibenki...
2026-08-21 11:21:38,993 [INFO]  -> Success: https://live2.mar.tv/1aa9d3807690d5291fd0fe80e2c2e7ad2cd78a7b133b36ee18ae7e0cce3cdd21/17e/index.m3u8
2026-08-21 11:21:39,028 [INFO] Scraping adjaratv...
2026-08-21 11:21:42,304 [INFO]  -> Success: https://live2.mar.tv/1aa9d3807690d5291fd0fe80e2c2e7ad2cd78a7b133b36ee18ae7e0cce3cdd21/19rd/index.m3u8
2026-08-21 11:21:42,339 [INFO] Scraping rionitv...
2026-08-21 11:21:45,610 [INFO]  -> Success: https://live6.mar.tv/1aa9d3807690d5291fd0fe80e2c2e7ad2cd78a7b133b36ee18ae7e0cce3cdd21/20rionn/index.m3u8
2026-08-21 11:21:45,642 [INFO] Scraping tv25...
2026-08-21 11:21:48,915 [INFO]  -> Success: https://live6.mar.tv/1aa9d3807690d5291fd0fe80e2c2e7ad2cd78a7b133b36ee18ae7e0cce3cdd21/23tv25/index.m3u8
2026-08-21 11:21:48,949 [INFO] Scraping tv4rustavi...
2026-08-21 11:21:52,226 [INFO]  -> Success: https://live6.mar.tv/1aa9d3807690d5291fd0fe80e2c2e7ad2cd78a7b133b36ee18ae7e0cce3cdd21/24tw4/index.m3u8
2026-08-21 11:21:52,258 [INFO] Scraping trialeti...
2026-08-21 11:21:55,531 [INFO]  -> Success: https://live6.mar.tv/1aa9d3807690d5291fd0fe80e2c2e7ad2cd78a7b133b36ee18ae7e0cce3cdd21/trialleti/index.m3u8
2026-08-21 11:21:55,582 [INFO] Scraping dardimandi...
2026-08-21 11:21:58,855 [INFO]  -> Success: https://live5.mar.tv/1aa9d3807690d5291fd0fe80e2c2e7ad2cd78a7b133b36ee18ae7e0cce3cdd21/27/index.m3u8
2026-08-21 11:21:58,889 [INFO] Scraping agro...
2026-08-21 11:22:02,160 [INFO]  -> Success: https://live5.mar.tv/1aa9d3807690d5291fd0fe80e2c2e7ad2cd78a7b133b36ee18ae7e0cce3cdd21/28/index.m3u8
2026-08-21 11:22:02,195 [INFO] Scraping samefo...
2026-08-21 11:22:05,463 [INFO]  -> Success: https://live5.mar.tv/1aa9d3807690d5291fd0fe80e2c2e7ad2cd78a7b133b36ee18ae7e0cce3cdd21/29/index.m3u8
2026-08-21 11:22:05,495 [INFO] Scraping postv...
2026-08-21 11:22:08,765 [INFO]  -> Success: https://live6.mar.tv/1aa9d3807690d5291fd0fe80e2c2e7ad2cd78a7b133b36ee18ae7e0cce3cdd21/postvw/index.m3u8
2026-08-21 11:22:08,801 [INFO] Scraping megatv...
2026-08-21 11:22:12,074 [INFO]  -> Success: https://live4.mar.tv/1aa9d3807690d5291fd0fe80e2c2e7ad2cd78a7b133b36ee18ae7e0cce3cdd21/32st/index.m3u8
2026-08-21 11:22:12,105 [INFO] Scraping qartuliarxi...
2026-08-21 11:22:15,376 [INFO]  -> Success: https://live6.mar.tv/1aa9d3807690d5291fd0fe80e2c2e7ad2cd78a7b133b36ee18ae7e0cce3cdd21/qartuli/index.m3u8
2026-08-21 11:22:15,409 [INFO] Scraping musicbox...
2026-08-21 11:22:18,684 [INFO]  -> Success: https://live6.mar.tv/1aa9d3807690d5291fd0fe80e2c2e7ad2cd78a7b133b36ee18ae7e0cce3cdd21/34musge/index.m3u8
2026-08-21 11:22:18,720 [INFO] Scraping marneuli...
2026-08-21 11:22:21,990 [INFO]  -> Success: https://live6.mar.tv/1aa9d3807690d5291fd0fe80e2c2e7ad2cd78a7b133b36ee18ae7e0cce3cdd21/37marn/index.m3u8
2026-08-21 11:22:22,022 [INFO] Scraping axaliformula...
2026-08-21 11:22:25,289 [INFO]  -> Success: https://live6.mar.tv/1aa9d3807690d5291fd0fe80e2c2e7ad2cd78a7b133b36ee18ae7e0cce3cdd21/axaliformla/index.m3u8
2026-08-21 11:22:25,325 [INFO] Scraping o2...
2026-08-21 11:22:28,597 [INFO]  -> Success: https://live5.mar.tv/1aa9d3807690d5291fd0fe80e2c2e7ad2cd78a7b133b36ee18ae7e0cce3cdd21/40/index.m3u8
2026-08-21 11:22:28,628 [INFO] Scraping guria...
2026-08-21 11:22:31,900 [INFO]  -> Success: https://live5.mar.tv/1aa9d3807690d5291fd0fe80e2c2e7ad2cd78a7b133b36ee18ae7e0cce3cdd21/42/index.m3u8
2026-08-21 11:22:31,935 [INFO] Scraping imervizia...
2026-08-21 11:22:35,208 [INFO]  -> Success: https://live6.mar.tv/1aa9d3807690d5291fd0fe80e2c2e7ad2cd78a7b133b36ee18ae7e0cce3cdd21/imervizia/index.m3u8
2026-08-21 11:22:35,241 [INFO] Scraping diatv...
2026-08-21 11:22:38,508 [INFO]  -> Success: https://live4.mar.tv/1aa9d3807690d5291fd0fe80e2c2e7ad2cd78a7b133b36ee18ae7e0cce3cdd21/dia/index.m3u8
2026-08-21 11:22:38,541 [INFO] Scraping chveniarxi...
2026-08-21 11:22:41,812 [INFO]  -> Success: https://live3.mar.tv/1aa9d3807690d5291fd0fe80e2c2e7ad2cd78a7b133b36ee18ae7e0cce3cdd21/45rd/index.m3u8
2026-08-21 11:22:41,853 [INFO] Scraping batumitv...
2026-08-21 11:22:45,124 [INFO]  -> Success: https://live5.mar.tv/1aa9d3807690d5291fd0fe80e2c2e7ad2cd78a7b133b36ee18ae7e0cce3cdd21/46/index.m3u8
2026-08-21 11:22:45,155 [INFO] Scraping rcheuli...
2026-08-21 11:22:48,427 [INFO]  -> Success: https://live5.mar.tv/1aa9d3807690d5291fd0fe80e2c2e7ad2cd78a7b133b36ee18ae7e0cce3cdd21/47/index.m3u8
2026-08-21 11:22:48,460 [INFO] Scraping gurjaani...
2026-08-21 11:22:51,735 [INFO]  -> Success: https://live4.mar.tv/1aa9d3807690d5291fd0fe80e2c2e7ad2cd78a7b133b36ee18ae7e0cce3cdd21/48m/index.m3u8
2026-08-21 11:22:51,765 [INFO] Scraping molitv...
2026-08-21 11:22:55,039 [INFO]  -> Success: https://live6.mar.tv/1aa9d3807690d5291fd0fe80e2c2e7ad2cd78a7b133b36ee18ae7e0cce3cdd21/mollltv/index.m3u8
2026-08-21 11:22:55,076 [INFO] Scraping mexute...
2026-08-21 11:22:58,348 [INFO]  -> Success: https://live6.mar.tv/1aa9d3807690d5291fd0fe80e2c2e7ad2cd78a7b133b36ee18ae7e0cce3cdd21/50/index.m3u8
2026-08-21 11:22:58,381 [INFO] Scraping agrogaremo...
2026-08-21 11:23:01,656 [INFO]  -> Success: https://live6.mar.tv/1aa9d3807690d5291fd0fe80e2c2e7ad2cd78a7b133b36ee18ae7e0cce3cdd21/agrogaremo/index.m3u8
2026-08-21 11:23:01,685 [INFO] Scraping artv...
2026-08-21 11:23:04,958 [INFO]  -> Success: https://live6.mar.tv/1aa9d3807690d5291fd0fe80e2c2e7ad2cd78a7b133b36ee18ae7e0cce3cdd21/tafutv/index.m3u8
2026-08-21 11:23:04,988 [INFO] Scraping meteo24...
2026-08-21 11:23:08,262 [INFO]  -> Success: https://live5.mar.tv/1aa9d3807690d5291fd0fe80e2c2e7ad2cd78a7b133b36ee18ae7e0cce3cdd21/56/index.m3u8
2026-08-21 11:23:08,295 [INFO] Scraping georgiantimes...
2026-08-21 11:23:11,569 [INFO]  -> Success: https://live5.mar.tv/1aa9d3807690d5291fd0fe80e2c2e7ad2cd78a7b133b36ee18ae7e0cce3cdd21/57/index.m3u8
2026-08-21 11:23:11,601 [INFO] Scraping silkuniversal...
2026-08-21 11:23:14,872 [INFO]  -> Success: https://live2.mar.tv/1aa9d3807690d5291fd0fe80e2c2e7ad2cd78a7b133b36ee18ae7e0cce3cdd21/1arxiweb/index.m3u8
2026-08-21 11:23:14,906 [INFO] Scraping rugbytv...
2026-08-21 11:23:18,177 [INFO]  -> Success: https://live4.mar.tv/1aa9d3807690d5291fd0fe80e2c2e7ad2cd78a7b133b36ee18ae7e0cce3cdd21/160m/index.m3u8
2026-08-21 11:23:18,212 [INFO] Scraping gms...
2026-08-21 11:23:21,480 [INFO]  -> Success: https://live5.mar.tv/1aa9d3807690d5291fd0fe80e2c2e7ad2cd78a7b133b36ee18ae7e0cce3cdd21/161/index.m3u8
2026-08-21 11:23:21,512 [INFO] Scraping aiatv...
2026-08-21 11:23:24,780 [INFO]  -> Success: https://live6.mar.tv/1aa9d3807690d5291fd0fe80e2c2e7ad2cd78a7b133b36ee18ae7e0cce3cdd21/aia/index.m3u8
2026-08-21 11:23:24,812 [INFO] Scraping batumi2...
2026-08-21 11:23:28,083 [INFO]  -> Success: https://live6.mar.tv/1aa9d3807690d5291fd0fe80e2c2e7ad2cd78a7b133b36ee18ae7e0cce3cdd21/batumitv2/index.m3u8
2026-08-21 11:23:28,117 [INFO] Scraping altinfo...
2026-08-21 11:23:31,386 [INFO]  -> Success: https://live6.mar.tv/1aa9d3807690d5291fd0fe80e2c2e7ad2cd78a7b133b36ee18ae7e0cce3cdd21/altinfo/index.m3u8
2026-08-21 11:23:31,417 [INFO] Scraping parliament...
2026-08-21 11:23:34,691 [INFO]  -> Success: https://live6.mar.tv/1aa9d3807690d5291fd0fe80e2c2e7ad2cd78a7b133b36ee18ae7e0cce3cdd21/parlament/index.m3u8
2026-08-21 11:23:34,723 [INFO] Scraping egrisi...
2026-08-21 11:23:37,991 [INFO]  -> Success: https://live6.mar.tv/1aa9d3807690d5291fd0fe80e2c2e7ad2cd78a7b133b36ee18ae7e0cce3cdd21/egrisi/index.m3u8
2026-08-21 11:23:38,024 [INFO] Scraping mzetv...
2026-08-21 11:23:41,298 [INFO]  -> Success: https://live6.mar.tv/1aa9d3807690d5291fd0fe80e2c2e7ad2cd78a7b133b36ee18ae7e0cce3cdd21/mze/index.m3u8
2026-08-21 11:23:41,345 [INFO] Updated M3U block for: rustavi2
2026-08-21 11:23:41,345 [INFO] Updated M3U block for: maestro
2026-08-21 11:23:41,345 [INFO] Updated M3U block for: marao
2026-08-21 11:23:41,346 [INFO] Updated M3U block for: gds
2026-08-21 11:23:41,346 [INFO] Updated M3U block for: comedy
2026-08-21 11:23:41,346 [INFO] Updated M3U block for: bbb
2026-08-21 11:23:41,347 [INFO] Updated M3U block for: enkibenki
2026-08-21 11:23:41,347 [INFO] Updated M3U block for: adjaratv
2026-08-21 11:23:41,347 [INFO] Updated M3U block for: rionitv
2026-08-21 11:23:41,347 [INFO] Updated M3U block for: tv25
2026-08-21 11:23:41,348 [INFO] Updated M3U block for: tv4rustavi
2026-08-21 11:23:41,348 [INFO] Updated M3U block for: trialeti
2026-08-21 11:23:41,348 [INFO] Updated M3U block for: dardimandi
2026-08-21 11:23:41,349 [INFO] Updated M3U block for: agro
2026-08-21 11:23:41,349 [INFO] Updated M3U block for: samefo
2026-08-21 11:23:41,349 [INFO] Updated M3U block for: postv
2026-08-21 11:23:41,349 [INFO] Updated M3U block for: megatv
2026-08-21 11:23:41,350 [INFO] Updated M3U block for: qartuliarxi
2026-08-21 11:23:41,350 [INFO] Updated M3U block for: musicbox
2026-08-21 11:23:41,350 [INFO] Updated M3U block for: marneuli
2026-08-21 11:23:41,350 [INFO] Updated M3U block for: axaliformula
2026-08-21 11:23:41,351 [INFO] Updated M3U block for: o2
2026-08-21 11:23:41,351 [INFO] Updated M3U block for: guria
2026-08-21 11:23:41,351 [INFO] Updated M3U block for: imervizia
2026-08-21 11:23:41,351 [INFO] Updated M3U block for: diatv
2026-08-21 11:23:41,352 [INFO] Updated M3U block for: chveniarxi
2026-08-21 11:23:41,352 [INFO] Updated M3U block for: batumitv
2026-08-21 11:23:41,352 [INFO] Updated M3U block for: rcheuli
2026-08-21 11:23:41,352 [INFO] Updated M3U block for: gurjaani
2026-08-21 11:23:41,353 [INFO] Updated M3U block for: molitv
2026-08-21 11:23:41,353 [INFO] Updated M3U block for: mexute
2026-08-21 11:23:41,353 [INFO] Updated M3U block for: agrogaremo
2026-08-21 11:23:41,353 [INFO] Updated M3U block for: artv
2026-08-21 11:23:41,354 [INFO] Updated M3U block for: meteo24
2026-08-21 11:23:41,354 [INFO] Updated M3U block for: georgiantimes
2026-08-21 11:23:41,354 [INFO] Updated M3U block for: silkuniversal
2026-08-21 11:23:41,354 [INFO] Updated M3U block for: rugbytv
2026-08-21 11:23:41,355 [INFO] Updated M3U block for: gms
2026-08-21 11:23:41,355 [INFO] Updated M3U block for: aiatv
2026-08-21 11:23:41,355 [INFO] Updated M3U block for: batumi2
2026-08-21 11:23:41,356 [INFO] Updated M3U block for: altinfo
2026-08-21 11:23:41,356 [INFO] Updated M3U block for: parliament
2026-08-21 11:23:41,356 [INFO] Updated M3U block for: egrisi
2026-08-21 11:23:41,356 [INFO] Updated M3U block for: mzetv
2026-08-21 11:23:41,357 [INFO] Saved changes to georgia_channels.m3u.
2026-08-21 11:23:41,357 [INFO] === UPDATE EXECUTION FINISHED ===
