2026-08-25 21:31:13,132 [INFO] === UPDATE EXECUTION STARTED ===
2026-08-25 21:31:13,133 [INFO] Fetching Setanta Sports 3 from IPTV-ORG...
2026-08-25 21:31:13,279 [INFO] Launching batch scraper for 44 channels on tv.mar.tv...
2026-08-25 21:31:14,692 [INFO] Scraping rustavi2...
2026-08-25 21:31:19,972 [INFO]  -> Success: https://live8.mar.tv/1/4rd/index.m3u8
2026-08-25 21:31:20,004 [INFO] Scraping maestro...
2026-08-25 21:31:23,344 [INFO]  -> Success: https://live4.mar.tv/fd25290fbf9693a6de6f195eb1106115ad3b17a04ced311b8ebbfb0338c80d97/352m/index.m3u8
2026-08-25 21:31:23,374 [INFO] Scraping marao...
2026-08-25 21:31:26,695 [INFO]  -> Success: https://live2.mar.tv/fd25290fbf9693a6de6f195eb1106115ad3b17a04ced311b8ebbfb0338c80d97/12sd/index.m3u8
2026-08-25 21:31:26,729 [INFO] Scraping gds...
2026-08-25 21:31:30,043 [INFO]  -> Success: https://live1.mar.tv/fd25290fbf9693a6de6f195eb1106115ad3b17a04ced311b8ebbfb0338c80d97/13sd/index.m3u8
2026-08-25 21:31:30,074 [INFO] Scraping comedy...
2026-08-25 21:31:33,394 [INFO]  -> Success: https://live4.mar.tv/fd25290fbf9693a6de6f195eb1106115ad3b17a04ced311b8ebbfb0338c80d97/14rd/index.m3u8
2026-08-25 21:31:33,422 [INFO] Scraping bbb...
2026-08-25 21:31:36,740 [INFO]  -> Success: https://live2.mar.tv/fd25290fbf9693a6de6f195eb1106115ad3b17a04ced311b8ebbfb0338c80d97/16sd/index.m3u8
2026-08-25 21:31:36,771 [INFO] Scraping enkibenki...
2026-08-25 21:31:40,088 [INFO]  -> Success: https://live2.mar.tv/fd25290fbf9693a6de6f195eb1106115ad3b17a04ced311b8ebbfb0338c80d97/17e/index.m3u8
2026-08-25 21:31:40,118 [INFO] Scraping adjaratv...
2026-08-25 21:31:43,439 [INFO]  -> Success: https://live2.mar.tv/fd25290fbf9693a6de6f195eb1106115ad3b17a04ced311b8ebbfb0338c80d97/19rd/index.m3u8
2026-08-25 21:31:43,474 [INFO] Scraping rionitv...
2026-08-25 21:31:46,790 [INFO]  -> Success: https://live6.mar.tv/fd25290fbf9693a6de6f195eb1106115ad3b17a04ced311b8ebbfb0338c80d97/20rionn/index.m3u8
2026-08-25 21:31:46,822 [INFO] Scraping tv25...
2026-08-25 21:31:50,138 [INFO]  -> Success: https://live6.mar.tv/fd25290fbf9693a6de6f195eb1106115ad3b17a04ced311b8ebbfb0338c80d97/23tv25/index.m3u8
2026-08-25 21:31:50,167 [INFO] Scraping tv4rustavi...
2026-08-25 21:31:53,485 [INFO]  -> Success: https://live6.mar.tv/fd25290fbf9693a6de6f195eb1106115ad3b17a04ced311b8ebbfb0338c80d97/24tw4/index.m3u8
2026-08-25 21:31:53,514 [INFO] Scraping trialeti...
2026-08-25 21:31:56,829 [INFO]  -> Success: https://live6.mar.tv/fd25290fbf9693a6de6f195eb1106115ad3b17a04ced311b8ebbfb0338c80d97/trialleti/index.m3u8
2026-08-25 21:31:56,860 [INFO] Scraping dardimandi...
2026-08-25 21:32:00,187 [INFO]  -> Success: https://live5.mar.tv/fd25290fbf9693a6de6f195eb1106115ad3b17a04ced311b8ebbfb0338c80d97/27/index.m3u8
2026-08-25 21:32:00,218 [INFO] Scraping agro...
2026-08-25 21:32:03,534 [INFO]  -> Success: https://live5.mar.tv/fd25290fbf9693a6de6f195eb1106115ad3b17a04ced311b8ebbfb0338c80d97/28/index.m3u8
2026-08-25 21:32:03,563 [INFO] Scraping samefo...
2026-08-25 21:32:06,884 [INFO]  -> Success: https://live5.mar.tv/fd25290fbf9693a6de6f195eb1106115ad3b17a04ced311b8ebbfb0338c80d97/29/index.m3u8
2026-08-25 21:32:06,913 [INFO] Scraping postv...
2026-08-25 21:32:10,228 [INFO]  -> Success: https://live6.mar.tv/fd25290fbf9693a6de6f195eb1106115ad3b17a04ced311b8ebbfb0338c80d97/postvw/index.m3u8
2026-08-25 21:32:10,258 [INFO] Scraping megatv...
2026-08-25 21:32:13,579 [INFO]  -> Success: https://live4.mar.tv/fd25290fbf9693a6de6f195eb1106115ad3b17a04ced311b8ebbfb0338c80d97/32st/index.m3u8
2026-08-25 21:32:13,610 [INFO] Scraping qartuliarxi...
2026-08-25 21:32:16,925 [INFO]  -> Success: https://live6.mar.tv/fd25290fbf9693a6de6f195eb1106115ad3b17a04ced311b8ebbfb0338c80d97/qartuli/index.m3u8
2026-08-25 21:32:16,954 [INFO] Scraping musicbox...
2026-08-25 21:32:20,268 [INFO]  -> Success: https://live6.mar.tv/fd25290fbf9693a6de6f195eb1106115ad3b17a04ced311b8ebbfb0338c80d97/34musge/index.m3u8
2026-08-25 21:32:20,297 [INFO] Scraping marneuli...
2026-08-25 21:32:23,613 [INFO]  -> Success: https://live6.mar.tv/fd25290fbf9693a6de6f195eb1106115ad3b17a04ced311b8ebbfb0338c80d97/37marn/index.m3u8
2026-08-25 21:32:23,642 [INFO] Scraping axaliformula...
2026-08-25 21:32:26,956 [INFO]  -> Success: https://live6.mar.tv/fd25290fbf9693a6de6f195eb1106115ad3b17a04ced311b8ebbfb0338c80d97/axaliformla/index.m3u8
2026-08-25 21:32:26,984 [INFO] Scraping o2...
2026-08-25 21:32:30,301 [INFO]  -> Success: https://live5.mar.tv/fd25290fbf9693a6de6f195eb1106115ad3b17a04ced311b8ebbfb0338c80d97/40/index.m3u8
2026-08-25 21:32:30,333 [INFO] Scraping guria...
2026-08-25 21:32:33,648 [INFO]  -> Success: https://live5.mar.tv/fd25290fbf9693a6de6f195eb1106115ad3b17a04ced311b8ebbfb0338c80d97/42/index.m3u8
2026-08-25 21:32:33,678 [INFO] Scraping imervizia...
2026-08-25 21:32:36,995 [INFO]  -> Success: https://live6.mar.tv/fd25290fbf9693a6de6f195eb1106115ad3b17a04ced311b8ebbfb0338c80d97/imervizia/index.m3u8
2026-08-25 21:32:37,024 [INFO] Scraping diatv...
2026-08-25 21:32:40,338 [INFO]  -> Success: https://live4.mar.tv/fd25290fbf9693a6de6f195eb1106115ad3b17a04ced311b8ebbfb0338c80d97/dia/index.m3u8
2026-08-25 21:32:40,369 [INFO] Scraping chveniarxi...
2026-08-25 21:32:43,687 [INFO]  -> Success: https://live3.mar.tv/fd25290fbf9693a6de6f195eb1106115ad3b17a04ced311b8ebbfb0338c80d97/45rd/index.m3u8
2026-08-25 21:32:43,721 [INFO] Scraping batumitv...
2026-08-25 21:32:47,036 [INFO]  -> Success: https://live5.mar.tv/fd25290fbf9693a6de6f195eb1106115ad3b17a04ced311b8ebbfb0338c80d97/46/index.m3u8
2026-08-25 21:32:47,070 [INFO] Scraping rcheuli...
2026-08-25 21:32:50,382 [INFO]  -> Success: https://live5.mar.tv/fd25290fbf9693a6de6f195eb1106115ad3b17a04ced311b8ebbfb0338c80d97/47/index.m3u8
2026-08-25 21:32:50,412 [INFO] Scraping gurjaani...
2026-08-25 21:32:53,731 [INFO]  -> Success: https://live4.mar.tv/fd25290fbf9693a6de6f195eb1106115ad3b17a04ced311b8ebbfb0338c80d97/48m/index.m3u8
2026-08-25 21:32:53,759 [INFO] Scraping molitv...
2026-08-25 21:32:57,072 [INFO]  -> Success: https://live6.mar.tv/fd25290fbf9693a6de6f195eb1106115ad3b17a04ced311b8ebbfb0338c80d97/mollltv/index.m3u8
2026-08-25 21:32:57,103 [INFO] Scraping mexute...
2026-08-25 21:33:00,426 [INFO]  -> Success: https://live6.mar.tv/fd25290fbf9693a6de6f195eb1106115ad3b17a04ced311b8ebbfb0338c80d97/50/index.m3u8
2026-08-25 21:33:00,460 [INFO] Scraping agrogaremo...
2026-08-25 21:33:03,775 [INFO]  -> Success: https://live6.mar.tv/fd25290fbf9693a6de6f195eb1106115ad3b17a04ced311b8ebbfb0338c80d97/agrogaremo/index.m3u8
2026-08-25 21:33:03,806 [INFO] Scraping artv...
2026-08-25 21:33:07,119 [INFO]  -> Success: https://live6.mar.tv/fd25290fbf9693a6de6f195eb1106115ad3b17a04ced311b8ebbfb0338c80d97/tafutv/index.m3u8
2026-08-25 21:33:07,147 [INFO] Scraping meteo24...
2026-08-25 21:33:10,463 [INFO]  -> Success: https://live5.mar.tv/fd25290fbf9693a6de6f195eb1106115ad3b17a04ced311b8ebbfb0338c80d97/56/index.m3u8
2026-08-25 21:33:10,492 [INFO] Scraping georgiantimes...
2026-08-25 21:33:13,807 [INFO]  -> Success: https://live5.mar.tv/fd25290fbf9693a6de6f195eb1106115ad3b17a04ced311b8ebbfb0338c80d97/57/index.m3u8
2026-08-25 21:33:13,834 [INFO] Scraping silkuniversal...
2026-08-25 21:33:17,148 [INFO]  -> Success: https://live2.mar.tv/fd25290fbf9693a6de6f195eb1106115ad3b17a04ced311b8ebbfb0338c80d97/1arxiweb/index.m3u8
2026-08-25 21:33:17,177 [INFO] Scraping rugbytv...
2026-08-25 21:33:20,489 [INFO]  -> Success: https://live4.mar.tv/fd25290fbf9693a6de6f195eb1106115ad3b17a04ced311b8ebbfb0338c80d97/160m/index.m3u8
2026-08-25 21:33:20,517 [INFO] Scraping gms...
2026-08-25 21:33:23,833 [INFO]  -> Success: https://live5.mar.tv/fd25290fbf9693a6de6f195eb1106115ad3b17a04ced311b8ebbfb0338c80d97/161/index.m3u8
2026-08-25 21:33:23,863 [INFO] Scraping aiatv...
2026-08-25 21:33:27,181 [INFO]  -> Success: https://live6.mar.tv/fd25290fbf9693a6de6f195eb1106115ad3b17a04ced311b8ebbfb0338c80d97/aia/index.m3u8
2026-08-25 21:33:27,210 [INFO] Scraping batumi2...
2026-08-25 21:33:30,524 [INFO]  -> Success: https://live6.mar.tv/fd25290fbf9693a6de6f195eb1106115ad3b17a04ced311b8ebbfb0338c80d97/batumitv2/index.m3u8
2026-08-25 21:33:30,554 [INFO] Scraping altinfo...
2026-08-25 21:33:33,867 [INFO]  -> Success: https://live6.mar.tv/fd25290fbf9693a6de6f195eb1106115ad3b17a04ced311b8ebbfb0338c80d97/altinfo/index.m3u8
2026-08-25 21:33:33,898 [INFO] Scraping parliament...
2026-08-25 21:33:37,216 [INFO]  -> Success: https://live6.mar.tv/fd25290fbf9693a6de6f195eb1106115ad3b17a04ced311b8ebbfb0338c80d97/parlament/index.m3u8
2026-08-25 21:33:37,245 [INFO] Scraping egrisi...
2026-08-25 21:33:40,558 [INFO]  -> Success: https://live6.mar.tv/fd25290fbf9693a6de6f195eb1106115ad3b17a04ced311b8ebbfb0338c80d97/egrisi/index.m3u8
2026-08-25 21:33:40,586 [INFO] Scraping mzetv...
2026-08-25 21:33:43,901 [INFO]  -> Success: https://live6.mar.tv/fd25290fbf9693a6de6f195eb1106115ad3b17a04ced311b8ebbfb0338c80d97/mze/index.m3u8
2026-08-25 21:33:43,942 [WARNING] Failed to find tvg-id="rustavi2" in georgia_channels.m3u
2026-08-25 21:33:43,942 [WARNING] Failed to find tvg-id="maestro" in georgia_channels.m3u
2026-08-25 21:33:43,942 [WARNING] Failed to find tvg-id="marao" in georgia_channels.m3u
2026-08-25 21:33:43,943 [WARNING] Failed to find tvg-id="gds" in georgia_channels.m3u
2026-08-25 21:33:43,943 [WARNING] Failed to find tvg-id="comedy" in georgia_channels.m3u
2026-08-25 21:33:43,943 [WARNING] Failed to find tvg-id="bbb" in georgia_channels.m3u
2026-08-25 21:33:43,943 [WARNING] Failed to find tvg-id="enkibenki" in georgia_channels.m3u
2026-08-25 21:33:43,943 [WARNING] Failed to find tvg-id="adjaratv" in georgia_channels.m3u
2026-08-25 21:33:43,943 [WARNING] Failed to find tvg-id="rionitv" in georgia_channels.m3u
2026-08-25 21:33:43,943 [WARNING] Failed to find tvg-id="tv25" in georgia_channels.m3u
2026-08-25 21:33:43,944 [WARNING] Failed to find tvg-id="tv4rustavi" in georgia_channels.m3u
2026-08-25 21:33:43,944 [WARNING] Failed to find tvg-id="trialeti" in georgia_channels.m3u
2026-08-25 21:33:43,944 [WARNING] Failed to find tvg-id="dardimandi" in georgia_channels.m3u
2026-08-25 21:33:43,944 [WARNING] Failed to find tvg-id="agro" in georgia_channels.m3u
2026-08-25 21:33:43,944 [WARNING] Failed to find tvg-id="samefo" in georgia_channels.m3u
2026-08-25 21:33:43,944 [WARNING] Failed to find tvg-id="postv" in georgia_channels.m3u
2026-08-25 21:33:43,945 [WARNING] Failed to find tvg-id="megatv" in georgia_channels.m3u
2026-08-25 21:33:43,945 [WARNING] Failed to find tvg-id="qartuliarxi" in georgia_channels.m3u
2026-08-25 21:33:43,945 [WARNING] Failed to find tvg-id="musicbox" in georgia_channels.m3u
2026-08-25 21:33:43,945 [WARNING] Failed to find tvg-id="marneuli" in georgia_channels.m3u
2026-08-25 21:33:43,945 [WARNING] Failed to find tvg-id="axaliformula" in georgia_channels.m3u
2026-08-25 21:33:43,946 [WARNING] Failed to find tvg-id="o2" in georgia_channels.m3u
2026-08-25 21:33:43,946 [WARNING] Failed to find tvg-id="guria" in georgia_channels.m3u
2026-08-25 21:33:43,946 [WARNING] Failed to find tvg-id="imervizia" in georgia_channels.m3u
2026-08-25 21:33:43,946 [WARNING] Failed to find tvg-id="diatv" in georgia_channels.m3u
2026-08-25 21:33:43,946 [WARNING] Failed to find tvg-id="chveniarxi" in georgia_channels.m3u
2026-08-25 21:33:43,946 [WARNING] Failed to find tvg-id="batumitv" in georgia_channels.m3u
2026-08-25 21:33:43,947 [WARNING] Failed to find tvg-id="rcheuli" in georgia_channels.m3u
2026-08-25 21:33:43,947 [WARNING] Failed to find tvg-id="gurjaani" in georgia_channels.m3u
2026-08-25 21:33:43,947 [WARNING] Failed to find tvg-id="molitv" in georgia_channels.m3u
2026-08-25 21:33:43,947 [WARNING] Failed to find tvg-id="mexute" in georgia_channels.m3u
2026-08-25 21:33:43,947 [WARNING] Failed to find tvg-id="agrogaremo" in georgia_channels.m3u
2026-08-25 21:33:43,947 [WARNING] Failed to find tvg-id="artv" in georgia_channels.m3u
2026-08-25 21:33:43,948 [WARNING] Failed to find tvg-id="meteo24" in georgia_channels.m3u
2026-08-25 21:33:43,948 [WARNING] Failed to find tvg-id="georgiantimes" in georgia_channels.m3u
2026-08-25 21:33:43,948 [WARNING] Failed to find tvg-id="silkuniversal" in georgia_channels.m3u
2026-08-25 21:33:43,948 [WARNING] Failed to find tvg-id="rugbytv" in georgia_channels.m3u
2026-08-25 21:33:43,948 [WARNING] Failed to find tvg-id="gms" in georgia_channels.m3u
2026-08-25 21:33:43,948 [WARNING] Failed to find tvg-id="aiatv" in georgia_channels.m3u
2026-08-25 21:33:43,949 [WARNING] Failed to find tvg-id="batumi2" in georgia_channels.m3u
2026-08-25 21:33:43,949 [WARNING] Failed to find tvg-id="altinfo" in georgia_channels.m3u
2026-08-25 21:33:43,949 [WARNING] Failed to find tvg-id="parliament" in georgia_channels.m3u
2026-08-25 21:33:43,949 [WARNING] Failed to find tvg-id="egrisi" in georgia_channels.m3u
2026-08-25 21:33:43,949 [WARNING] Failed to find tvg-id="mzetv" in georgia_channels.m3u
2026-08-25 21:33:43,949 [INFO] No file changes were made.
2026-08-25 21:33:43,949 [INFO] === UPDATE EXECUTION FINISHED ===
