2026-08-23 17:22:53,582 [INFO] === UPDATE EXECUTION STARTED ===
2026-08-23 17:22:53,582 [INFO] Fetching Setanta Sports 3 from IPTV-ORG...
2026-08-23 17:22:53,650 [INFO] Launching batch scraper for 44 channels on tv.mar.tv...
2026-08-23 17:22:55,594 [INFO] Scraping rustavi2...
2026-08-23 17:23:00,578 [INFO]  -> Success: https://live8.mar.tv/1/4rd/index.m3u8
2026-08-23 17:23:00,615 [INFO] Scraping maestro...
2026-08-23 17:23:03,890 [INFO]  -> Success: https://live4.mar.tv/33a87771ffc002c4e8727192d03339d401326af773ea3aa393911bff17de843a/352m/index.m3u8
2026-08-23 17:23:03,923 [INFO] Scraping marao...
2026-08-23 17:23:07,194 [INFO]  -> Success: https://live2.mar.tv/33a87771ffc002c4e8727192d03339d401326af773ea3aa393911bff17de843a/12sd/index.m3u8
2026-08-23 17:23:07,226 [INFO] Scraping gds...
2026-08-23 17:23:10,498 [INFO]  -> Success: https://live1.mar.tv/33a87771ffc002c4e8727192d03339d401326af773ea3aa393911bff17de843a/13sd/index.m3u8
2026-08-23 17:23:10,533 [INFO] Scraping comedy...
2026-08-23 17:23:13,804 [INFO]  -> Success: https://live4.mar.tv/33a87771ffc002c4e8727192d03339d401326af773ea3aa393911bff17de843a/14rd/index.m3u8
2026-08-23 17:23:13,839 [INFO] Scraping bbb...
2026-08-23 17:23:17,115 [INFO]  -> Success: https://live2.mar.tv/33a87771ffc002c4e8727192d03339d401326af773ea3aa393911bff17de843a/16sd/index.m3u8
2026-08-23 17:23:17,148 [INFO] Scraping enkibenki...
2026-08-23 17:23:20,420 [INFO]  -> Success: https://live2.mar.tv/33a87771ffc002c4e8727192d03339d401326af773ea3aa393911bff17de843a/17e/index.m3u8
2026-08-23 17:23:20,453 [INFO] Scraping adjaratv...
2026-08-23 17:23:23,734 [INFO]  -> Success: https://live2.mar.tv/33a87771ffc002c4e8727192d03339d401326af773ea3aa393911bff17de843a/19rd/index.m3u8
2026-08-23 17:23:23,769 [INFO] Scraping rionitv...
2026-08-23 17:23:27,037 [INFO]  -> Success: https://live6.mar.tv/33a87771ffc002c4e8727192d03339d401326af773ea3aa393911bff17de843a/20rionn/index.m3u8
2026-08-23 17:23:27,066 [INFO] Scraping tv25...
2026-08-23 17:23:30,339 [INFO]  -> Success: https://live6.mar.tv/33a87771ffc002c4e8727192d03339d401326af773ea3aa393911bff17de843a/23tv25/index.m3u8
2026-08-23 17:23:30,371 [INFO] Scraping tv4rustavi...
2026-08-23 17:23:33,646 [INFO]  -> Success: https://live6.mar.tv/33a87771ffc002c4e8727192d03339d401326af773ea3aa393911bff17de843a/24tw4/index.m3u8
2026-08-23 17:23:33,677 [INFO] Scraping trialeti...
2026-08-23 17:23:36,951 [INFO]  -> Success: https://live6.mar.tv/33a87771ffc002c4e8727192d03339d401326af773ea3aa393911bff17de843a/trialleti/index.m3u8
2026-08-23 17:23:36,984 [INFO] Scraping dardimandi...
2026-08-23 17:23:40,256 [INFO]  -> Success: https://live5.mar.tv/33a87771ffc002c4e8727192d03339d401326af773ea3aa393911bff17de843a/27/index.m3u8
2026-08-23 17:23:40,287 [INFO] Scraping agro...
2026-08-23 17:23:43,555 [INFO]  -> Success: https://live5.mar.tv/33a87771ffc002c4e8727192d03339d401326af773ea3aa393911bff17de843a/28/index.m3u8
2026-08-23 17:23:43,588 [INFO] Scraping samefo...
2026-08-23 17:23:46,857 [INFO]  -> Success: https://live5.mar.tv/33a87771ffc002c4e8727192d03339d401326af773ea3aa393911bff17de843a/29/index.m3u8
2026-08-23 17:23:46,891 [INFO] Scraping postv...
2026-08-23 17:23:50,162 [INFO]  -> Success: https://live6.mar.tv/33a87771ffc002c4e8727192d03339d401326af773ea3aa393911bff17de843a/postvw/index.m3u8
2026-08-23 17:23:50,193 [INFO] Scraping megatv...
2026-08-23 17:23:53,465 [INFO]  -> Success: https://live4.mar.tv/33a87771ffc002c4e8727192d03339d401326af773ea3aa393911bff17de843a/32st/index.m3u8
2026-08-23 17:23:53,498 [INFO] Scraping qartuliarxi...
2026-08-23 17:23:56,767 [INFO]  -> Success: https://live6.mar.tv/33a87771ffc002c4e8727192d03339d401326af773ea3aa393911bff17de843a/qartuli/index.m3u8
2026-08-23 17:23:56,799 [INFO] Scraping musicbox...
2026-08-23 17:24:00,072 [INFO]  -> Success: https://live6.mar.tv/33a87771ffc002c4e8727192d03339d401326af773ea3aa393911bff17de843a/34musge/index.m3u8
2026-08-23 17:24:00,103 [INFO] Scraping marneuli...
2026-08-23 17:24:03,373 [INFO]  -> Success: https://live6.mar.tv/33a87771ffc002c4e8727192d03339d401326af773ea3aa393911bff17de843a/37marn/index.m3u8
2026-08-23 17:24:03,407 [INFO] Scraping axaliformula...
2026-08-23 17:24:06,679 [INFO]  -> Success: https://live6.mar.tv/33a87771ffc002c4e8727192d03339d401326af773ea3aa393911bff17de843a/axaliformla/index.m3u8
2026-08-23 17:24:06,711 [INFO] Scraping o2...
2026-08-23 17:24:09,979 [INFO]  -> Success: https://live5.mar.tv/33a87771ffc002c4e8727192d03339d401326af773ea3aa393911bff17de843a/40/index.m3u8
2026-08-23 17:24:10,015 [INFO] Scraping guria...
2026-08-23 17:24:13,302 [INFO]  -> Success: https://live5.mar.tv/33a87771ffc002c4e8727192d03339d401326af773ea3aa393911bff17de843a/42/index.m3u8
2026-08-23 17:24:13,334 [INFO] Scraping imervizia...
2026-08-23 17:24:16,604 [INFO]  -> Success: https://live6.mar.tv/33a87771ffc002c4e8727192d03339d401326af773ea3aa393911bff17de843a/imervizia/index.m3u8
2026-08-23 17:24:16,636 [INFO] Scraping diatv...
2026-08-23 17:24:19,904 [INFO]  -> Success: https://live4.mar.tv/33a87771ffc002c4e8727192d03339d401326af773ea3aa393911bff17de843a/dia/index.m3u8
2026-08-23 17:24:19,938 [INFO] Scraping chveniarxi...
2026-08-23 17:24:23,212 [INFO]  -> Success: https://live3.mar.tv/33a87771ffc002c4e8727192d03339d401326af773ea3aa393911bff17de843a/45rd/index.m3u8
2026-08-23 17:24:23,244 [INFO] Scraping batumitv...
2026-08-23 17:24:26,519 [INFO]  -> Success: https://live5.mar.tv/33a87771ffc002c4e8727192d03339d401326af773ea3aa393911bff17de843a/46/index.m3u8
2026-08-23 17:24:26,554 [INFO] Scraping rcheuli...
2026-08-23 17:24:29,826 [INFO]  -> Success: https://live5.mar.tv/33a87771ffc002c4e8727192d03339d401326af773ea3aa393911bff17de843a/47/index.m3u8
2026-08-23 17:24:29,859 [INFO] Scraping gurjaani...
2026-08-23 17:24:33,130 [INFO]  -> Success: https://live4.mar.tv/33a87771ffc002c4e8727192d03339d401326af773ea3aa393911bff17de843a/48m/index.m3u8
2026-08-23 17:24:33,162 [INFO] Scraping molitv...
2026-08-23 17:24:36,437 [INFO]  -> Success: https://live6.mar.tv/33a87771ffc002c4e8727192d03339d401326af773ea3aa393911bff17de843a/mollltv/index.m3u8
2026-08-23 17:24:36,469 [INFO] Scraping mexute...
2026-08-23 17:24:39,739 [INFO]  -> Success: https://live6.mar.tv/33a87771ffc002c4e8727192d03339d401326af773ea3aa393911bff17de843a/50/index.m3u8
2026-08-23 17:24:39,775 [INFO] Scraping agrogaremo...
2026-08-23 17:24:43,047 [INFO]  -> Success: https://live6.mar.tv/33a87771ffc002c4e8727192d03339d401326af773ea3aa393911bff17de843a/agrogaremo/index.m3u8
2026-08-23 17:24:43,080 [INFO] Scraping artv...
2026-08-23 17:24:46,351 [INFO]  -> Success: https://live6.mar.tv/33a87771ffc002c4e8727192d03339d401326af773ea3aa393911bff17de843a/tafutv/index.m3u8
2026-08-23 17:24:46,386 [INFO] Scraping meteo24...
2026-08-23 17:24:49,661 [INFO]  -> Success: https://live5.mar.tv/33a87771ffc002c4e8727192d03339d401326af773ea3aa393911bff17de843a/56/index.m3u8
2026-08-23 17:24:49,695 [INFO] Scraping georgiantimes...
2026-08-23 17:24:52,967 [INFO]  -> Success: https://live5.mar.tv/33a87771ffc002c4e8727192d03339d401326af773ea3aa393911bff17de843a/57/index.m3u8
2026-08-23 17:24:53,000 [INFO] Scraping silkuniversal...
2026-08-23 17:24:56,269 [INFO]  -> Success: https://live2.mar.tv/33a87771ffc002c4e8727192d03339d401326af773ea3aa393911bff17de843a/1arxiweb/index.m3u8
2026-08-23 17:24:56,300 [INFO] Scraping rugbytv...
2026-08-23 17:24:59,574 [INFO]  -> Success: https://live4.mar.tv/33a87771ffc002c4e8727192d03339d401326af773ea3aa393911bff17de843a/160m/index.m3u8
2026-08-23 17:24:59,606 [INFO] Scraping gms...
2026-08-23 17:25:02,877 [INFO]  -> Success: https://live5.mar.tv/33a87771ffc002c4e8727192d03339d401326af773ea3aa393911bff17de843a/161/index.m3u8
2026-08-23 17:25:02,910 [INFO] Scraping aiatv...
2026-08-23 17:25:06,183 [INFO]  -> Success: https://live6.mar.tv/33a87771ffc002c4e8727192d03339d401326af773ea3aa393911bff17de843a/aia/index.m3u8
2026-08-23 17:25:06,217 [INFO] Scraping batumi2...
2026-08-23 17:25:09,491 [INFO]  -> Success: https://live6.mar.tv/33a87771ffc002c4e8727192d03339d401326af773ea3aa393911bff17de843a/batumitv2/index.m3u8
2026-08-23 17:25:09,524 [INFO] Scraping altinfo...
2026-08-23 17:25:12,795 [INFO]  -> Success: https://live6.mar.tv/33a87771ffc002c4e8727192d03339d401326af773ea3aa393911bff17de843a/altinfo/index.m3u8
2026-08-23 17:25:12,827 [INFO] Scraping parliament...
2026-08-23 17:25:16,099 [INFO]  -> Success: https://live6.mar.tv/33a87771ffc002c4e8727192d03339d401326af773ea3aa393911bff17de843a/parlament/index.m3u8
2026-08-23 17:25:16,134 [INFO] Scraping egrisi...
2026-08-23 17:25:19,405 [INFO]  -> Success: https://live6.mar.tv/33a87771ffc002c4e8727192d03339d401326af773ea3aa393911bff17de843a/egrisi/index.m3u8
2026-08-23 17:25:19,439 [INFO] Scraping mzetv...
2026-08-23 17:25:22,710 [INFO]  -> Success: https://live6.mar.tv/33a87771ffc002c4e8727192d03339d401326af773ea3aa393911bff17de843a/mze/index.m3u8
2026-08-23 17:25:22,760 [WARNING] Failed to find tvg-id="rustavi2" in georgia_channels.m3u
2026-08-23 17:25:22,761 [WARNING] Failed to find tvg-id="maestro" in georgia_channels.m3u
2026-08-23 17:25:22,761 [WARNING] Failed to find tvg-id="marao" in georgia_channels.m3u
2026-08-23 17:25:22,761 [WARNING] Failed to find tvg-id="gds" in georgia_channels.m3u
2026-08-23 17:25:22,761 [WARNING] Failed to find tvg-id="comedy" in georgia_channels.m3u
2026-08-23 17:25:22,762 [WARNING] Failed to find tvg-id="bbb" in georgia_channels.m3u
2026-08-23 17:25:22,762 [WARNING] Failed to find tvg-id="enkibenki" in georgia_channels.m3u
2026-08-23 17:25:22,762 [WARNING] Failed to find tvg-id="adjaratv" in georgia_channels.m3u
2026-08-23 17:25:22,762 [WARNING] Failed to find tvg-id="rionitv" in georgia_channels.m3u
2026-08-23 17:25:22,763 [WARNING] Failed to find tvg-id="tv25" in georgia_channels.m3u
2026-08-23 17:25:22,763 [WARNING] Failed to find tvg-id="tv4rustavi" in georgia_channels.m3u
2026-08-23 17:25:22,763 [WARNING] Failed to find tvg-id="trialeti" in georgia_channels.m3u
2026-08-23 17:25:22,764 [WARNING] Failed to find tvg-id="dardimandi" in georgia_channels.m3u
2026-08-23 17:25:22,764 [WARNING] Failed to find tvg-id="agro" in georgia_channels.m3u
2026-08-23 17:25:22,764 [WARNING] Failed to find tvg-id="samefo" in georgia_channels.m3u
2026-08-23 17:25:22,764 [WARNING] Failed to find tvg-id="postv" in georgia_channels.m3u
2026-08-23 17:25:22,764 [WARNING] Failed to find tvg-id="megatv" in georgia_channels.m3u
2026-08-23 17:25:22,765 [WARNING] Failed to find tvg-id="qartuliarxi" in georgia_channels.m3u
2026-08-23 17:25:22,765 [WARNING] Failed to find tvg-id="musicbox" in georgia_channels.m3u
2026-08-23 17:25:22,765 [WARNING] Failed to find tvg-id="marneuli" in georgia_channels.m3u
2026-08-23 17:25:22,765 [WARNING] Failed to find tvg-id="axaliformula" in georgia_channels.m3u
2026-08-23 17:25:22,765 [WARNING] Failed to find tvg-id="o2" in georgia_channels.m3u
2026-08-23 17:25:22,766 [WARNING] Failed to find tvg-id="guria" in georgia_channels.m3u
2026-08-23 17:25:22,766 [WARNING] Failed to find tvg-id="imervizia" in georgia_channels.m3u
2026-08-23 17:25:22,766 [WARNING] Failed to find tvg-id="diatv" in georgia_channels.m3u
2026-08-23 17:25:22,766 [WARNING] Failed to find tvg-id="chveniarxi" in georgia_channels.m3u
2026-08-23 17:25:22,766 [WARNING] Failed to find tvg-id="batumitv" in georgia_channels.m3u
2026-08-23 17:25:22,767 [WARNING] Failed to find tvg-id="rcheuli" in georgia_channels.m3u
2026-08-23 17:25:22,767 [WARNING] Failed to find tvg-id="gurjaani" in georgia_channels.m3u
2026-08-23 17:25:22,767 [WARNING] Failed to find tvg-id="molitv" in georgia_channels.m3u
2026-08-23 17:25:22,767 [WARNING] Failed to find tvg-id="mexute" in georgia_channels.m3u
2026-08-23 17:25:22,767 [WARNING] Failed to find tvg-id="agrogaremo" in georgia_channels.m3u
2026-08-23 17:25:22,768 [WARNING] Failed to find tvg-id="artv" in georgia_channels.m3u
2026-08-23 17:25:22,768 [WARNING] Failed to find tvg-id="meteo24" in georgia_channels.m3u
2026-08-23 17:25:22,768 [WARNING] Failed to find tvg-id="georgiantimes" in georgia_channels.m3u
2026-08-23 17:25:22,768 [WARNING] Failed to find tvg-id="silkuniversal" in georgia_channels.m3u
2026-08-23 17:25:22,768 [WARNING] Failed to find tvg-id="rugbytv" in georgia_channels.m3u
2026-08-23 17:25:22,769 [WARNING] Failed to find tvg-id="gms" in georgia_channels.m3u
2026-08-23 17:25:22,769 [WARNING] Failed to find tvg-id="aiatv" in georgia_channels.m3u
2026-08-23 17:25:22,769 [WARNING] Failed to find tvg-id="batumi2" in georgia_channels.m3u
2026-08-23 17:25:22,769 [WARNING] Failed to find tvg-id="altinfo" in georgia_channels.m3u
2026-08-23 17:25:22,769 [WARNING] Failed to find tvg-id="parliament" in georgia_channels.m3u
2026-08-23 17:25:22,769 [WARNING] Failed to find tvg-id="egrisi" in georgia_channels.m3u
2026-08-23 17:25:22,770 [WARNING] Failed to find tvg-id="mzetv" in georgia_channels.m3u
2026-08-23 17:25:22,770 [INFO] No file changes were made.
2026-08-23 17:25:22,770 [INFO] === UPDATE EXECUTION FINISHED ===
