2026-08-22 07:34:12,169 [INFO] === UPDATE EXECUTION STARTED ===
2026-08-22 07:34:12,169 [INFO] Fetching Setanta Sports 3 from IPTV-ORG...
2026-08-22 07:34:12,241 [INFO] Launching batch scraper for 44 channels on tv.mar.tv...
2026-08-22 07:34:13,647 [INFO] Scraping rustavi2...
2026-08-22 07:34:18,839 [INFO]  -> Success: https://live8.mar.tv/1/4rd/index.m3u8
2026-08-22 07:34:18,873 [INFO] Scraping maestro...
2026-08-22 07:34:22,166 [INFO]  -> Success: https://live4.mar.tv/723b960f039ec726126b75c6002b37d00959e05827f613d7e7f972931c766456/352m/index.m3u8
2026-08-22 07:34:22,199 [INFO] Scraping marao...
2026-08-22 07:34:25,489 [INFO]  -> Success: https://live2.mar.tv/723b960f039ec726126b75c6002b37d00959e05827f613d7e7f972931c766456/12sd/index.m3u8
2026-08-22 07:34:25,524 [INFO] Scraping gds...
2026-08-22 07:34:28,812 [INFO]  -> Success: https://live1.mar.tv/723b960f039ec726126b75c6002b37d00959e05827f613d7e7f972931c766456/13sd/index.m3u8
2026-08-22 07:34:28,846 [INFO] Scraping comedy...
2026-08-22 07:34:32,139 [INFO]  -> Success: https://live4.mar.tv/723b960f039ec726126b75c6002b37d00959e05827f613d7e7f972931c766456/14rd/index.m3u8
2026-08-22 07:34:32,171 [INFO] Scraping bbb...
2026-08-22 07:34:35,460 [INFO]  -> Success: https://live2.mar.tv/723b960f039ec726126b75c6002b37d00959e05827f613d7e7f972931c766456/16sd/index.m3u8
2026-08-22 07:34:35,493 [INFO] Scraping enkibenki...
2026-08-22 07:34:38,780 [INFO]  -> Success: https://live2.mar.tv/723b960f039ec726126b75c6002b37d00959e05827f613d7e7f972931c766456/17e/index.m3u8
2026-08-22 07:34:38,815 [INFO] Scraping adjaratv...
2026-08-22 07:34:42,112 [INFO]  -> Success: https://live2.mar.tv/723b960f039ec726126b75c6002b37d00959e05827f613d7e7f972931c766456/19rd/index.m3u8
2026-08-22 07:34:42,145 [INFO] Scraping rionitv...
2026-08-22 07:34:45,436 [INFO]  -> Success: https://live6.mar.tv/723b960f039ec726126b75c6002b37d00959e05827f613d7e7f972931c766456/20rionn/index.m3u8
2026-08-22 07:34:45,470 [INFO] Scraping tv25...
2026-08-22 07:34:48,758 [INFO]  -> Success: https://live6.mar.tv/723b960f039ec726126b75c6002b37d00959e05827f613d7e7f972931c766456/23tv25/index.m3u8
2026-08-22 07:34:48,793 [INFO] Scraping tv4rustavi...
2026-08-22 07:34:52,083 [INFO]  -> Success: https://live6.mar.tv/723b960f039ec726126b75c6002b37d00959e05827f613d7e7f972931c766456/24tw4/index.m3u8
2026-08-22 07:34:52,117 [INFO] Scraping trialeti...
2026-08-22 07:34:55,407 [INFO]  -> Success: https://live6.mar.tv/723b960f039ec726126b75c6002b37d00959e05827f613d7e7f972931c766456/trialleti/index.m3u8
2026-08-22 07:34:55,440 [INFO] Scraping dardimandi...
2026-08-22 07:34:58,732 [INFO]  -> Success: https://live5.mar.tv/723b960f039ec726126b75c6002b37d00959e05827f613d7e7f972931c766456/27/index.m3u8
2026-08-22 07:34:58,766 [INFO] Scraping agro...
2026-08-22 07:35:02,055 [INFO]  -> Success: https://live5.mar.tv/723b960f039ec726126b75c6002b37d00959e05827f613d7e7f972931c766456/28/index.m3u8
2026-08-22 07:35:02,087 [INFO] Scraping samefo...
2026-08-22 07:35:05,377 [INFO]  -> Success: https://live5.mar.tv/723b960f039ec726126b75c6002b37d00959e05827f613d7e7f972931c766456/29/index.m3u8
2026-08-22 07:35:05,409 [INFO] Scraping postv...
2026-08-22 07:35:08,694 [INFO]  -> Success: https://live6.mar.tv/723b960f039ec726126b75c6002b37d00959e05827f613d7e7f972931c766456/postvw/index.m3u8
2026-08-22 07:35:08,729 [INFO] Scraping megatv...
2026-08-22 07:35:12,020 [INFO]  -> Success: https://live4.mar.tv/723b960f039ec726126b75c6002b37d00959e05827f613d7e7f972931c766456/32st/index.m3u8
2026-08-22 07:35:12,053 [INFO] Scraping qartuliarxi...
2026-08-22 07:35:15,340 [INFO]  -> Success: https://live6.mar.tv/723b960f039ec726126b75c6002b37d00959e05827f613d7e7f972931c766456/qartuli/index.m3u8
2026-08-22 07:35:15,372 [INFO] Scraping musicbox...
2026-08-22 07:35:18,659 [INFO]  -> Success: https://live6.mar.tv/723b960f039ec726126b75c6002b37d00959e05827f613d7e7f972931c766456/34musge/index.m3u8
2026-08-22 07:35:18,693 [INFO] Scraping marneuli...
2026-08-22 07:35:21,990 [INFO]  -> Success: https://live6.mar.tv/723b960f039ec726126b75c6002b37d00959e05827f613d7e7f972931c766456/37marn/index.m3u8
2026-08-22 07:35:22,023 [INFO] Scraping axaliformula...
2026-08-22 07:35:25,313 [INFO]  -> Success: https://live6.mar.tv/723b960f039ec726126b75c6002b37d00959e05827f613d7e7f972931c766456/axaliformla/index.m3u8
2026-08-22 07:35:25,347 [INFO] Scraping o2...
2026-08-22 07:35:28,640 [INFO]  -> Success: https://live5.mar.tv/723b960f039ec726126b75c6002b37d00959e05827f613d7e7f972931c766456/40/index.m3u8
2026-08-22 07:35:28,673 [INFO] Scraping guria...
2026-08-22 07:35:31,963 [INFO]  -> Success: https://live5.mar.tv/723b960f039ec726126b75c6002b37d00959e05827f613d7e7f972931c766456/42/index.m3u8
2026-08-22 07:35:31,994 [INFO] Scraping imervizia...
2026-08-22 07:35:35,285 [INFO]  -> Success: https://live6.mar.tv/723b960f039ec726126b75c6002b37d00959e05827f613d7e7f972931c766456/imervizia/index.m3u8
2026-08-22 07:35:35,323 [INFO] Scraping diatv...
2026-08-22 07:35:38,612 [INFO]  -> Success: https://live4.mar.tv/723b960f039ec726126b75c6002b37d00959e05827f613d7e7f972931c766456/dia/index.m3u8
2026-08-22 07:35:38,645 [INFO] Scraping chveniarxi...
2026-08-22 07:35:41,933 [INFO]  -> Success: https://live3.mar.tv/723b960f039ec726126b75c6002b37d00959e05827f613d7e7f972931c766456/45rd/index.m3u8
2026-08-22 07:35:41,968 [INFO] Scraping batumitv...
2026-08-22 07:35:45,261 [INFO]  -> Success: https://live5.mar.tv/723b960f039ec726126b75c6002b37d00959e05827f613d7e7f972931c766456/46/index.m3u8
2026-08-22 07:35:45,294 [INFO] Scraping rcheuli...
2026-08-22 07:35:48,585 [INFO]  -> Success: https://live5.mar.tv/723b960f039ec726126b75c6002b37d00959e05827f613d7e7f972931c766456/47/index.m3u8
2026-08-22 07:35:48,619 [INFO] Scraping gurjaani...
2026-08-22 07:35:51,909 [INFO]  -> Success: https://live4.mar.tv/723b960f039ec726126b75c6002b37d00959e05827f613d7e7f972931c766456/48m/index.m3u8
2026-08-22 07:35:51,941 [INFO] Scraping molitv...
2026-08-22 07:35:55,232 [INFO]  -> Success: https://live6.mar.tv/723b960f039ec726126b75c6002b37d00959e05827f613d7e7f972931c766456/mollltv/index.m3u8
2026-08-22 07:35:55,266 [INFO] Scraping mexute...
2026-08-22 07:35:58,554 [INFO]  -> Success: https://live6.mar.tv/723b960f039ec726126b75c6002b37d00959e05827f613d7e7f972931c766456/50/index.m3u8
2026-08-22 07:35:58,587 [INFO] Scraping agrogaremo...
2026-08-22 07:36:01,879 [INFO]  -> Success: https://live6.mar.tv/723b960f039ec726126b75c6002b37d00959e05827f613d7e7f972931c766456/agrogaremo/index.m3u8
2026-08-22 07:36:01,912 [INFO] Scraping artv...
2026-08-22 07:36:05,204 [INFO]  -> Success: https://live6.mar.tv/723b960f039ec726126b75c6002b37d00959e05827f613d7e7f972931c766456/tafutv/index.m3u8
2026-08-22 07:36:05,236 [INFO] Scraping meteo24...
2026-08-22 07:36:08,526 [INFO]  -> Success: https://live5.mar.tv/723b960f039ec726126b75c6002b37d00959e05827f613d7e7f972931c766456/56/index.m3u8
2026-08-22 07:36:08,563 [INFO] Scraping georgiantimes...
2026-08-22 07:36:11,851 [INFO]  -> Success: https://live5.mar.tv/723b960f039ec726126b75c6002b37d00959e05827f613d7e7f972931c766456/57/index.m3u8
2026-08-22 07:36:11,883 [INFO] Scraping silkuniversal...
2026-08-22 07:36:15,171 [INFO]  -> Success: https://live2.mar.tv/723b960f039ec726126b75c6002b37d00959e05827f613d7e7f972931c766456/1arxiweb/index.m3u8
2026-08-22 07:36:15,206 [INFO] Scraping rugbytv...
2026-08-22 07:36:18,495 [INFO]  -> Success: https://live4.mar.tv/723b960f039ec726126b75c6002b37d00959e05827f613d7e7f972931c766456/160m/index.m3u8
2026-08-22 07:36:18,530 [INFO] Scraping gms...
2026-08-22 07:36:21,821 [INFO]  -> Success: https://live5.mar.tv/723b960f039ec726126b75c6002b37d00959e05827f613d7e7f972931c766456/161/index.m3u8
2026-08-22 07:36:21,855 [INFO] Scraping aiatv...
2026-08-22 07:36:25,145 [INFO]  -> Success: https://live6.mar.tv/723b960f039ec726126b75c6002b37d00959e05827f613d7e7f972931c766456/aia/index.m3u8
2026-08-22 07:36:25,179 [INFO] Scraping batumi2...
2026-08-22 07:36:28,468 [INFO]  -> Success: https://live6.mar.tv/723b960f039ec726126b75c6002b37d00959e05827f613d7e7f972931c766456/batumitv2/index.m3u8
2026-08-22 07:36:28,503 [INFO] Scraping altinfo...
2026-08-22 07:36:31,792 [INFO]  -> Success: https://live6.mar.tv/723b960f039ec726126b75c6002b37d00959e05827f613d7e7f972931c766456/altinfo/index.m3u8
2026-08-22 07:36:31,829 [INFO] Scraping parliament...
2026-08-22 07:36:35,117 [INFO]  -> Success: https://live6.mar.tv/723b960f039ec726126b75c6002b37d00959e05827f613d7e7f972931c766456/parlament/index.m3u8
2026-08-22 07:36:35,151 [INFO] Scraping egrisi...
2026-08-22 07:36:38,439 [INFO]  -> Success: https://live6.mar.tv/723b960f039ec726126b75c6002b37d00959e05827f613d7e7f972931c766456/egrisi/index.m3u8
2026-08-22 07:36:38,473 [INFO] Scraping mzetv...
2026-08-22 07:36:41,772 [INFO]  -> Success: https://live6.mar.tv/723b960f039ec726126b75c6002b37d00959e05827f613d7e7f972931c766456/mze/index.m3u8
2026-08-22 07:36:41,817 [WARNING] Failed to find tvg-id="rustavi2" in georgia_channels.m3u
2026-08-22 07:36:41,817 [WARNING] Failed to find tvg-id="maestro" in georgia_channels.m3u
2026-08-22 07:36:41,817 [WARNING] Failed to find tvg-id="marao" in georgia_channels.m3u
2026-08-22 07:36:41,817 [WARNING] Failed to find tvg-id="gds" in georgia_channels.m3u
2026-08-22 07:36:41,818 [WARNING] Failed to find tvg-id="comedy" in georgia_channels.m3u
2026-08-22 07:36:41,818 [WARNING] Failed to find tvg-id="bbb" in georgia_channels.m3u
2026-08-22 07:36:41,818 [WARNING] Failed to find tvg-id="enkibenki" in georgia_channels.m3u
2026-08-22 07:36:41,818 [WARNING] Failed to find tvg-id="adjaratv" in georgia_channels.m3u
2026-08-22 07:36:41,819 [WARNING] Failed to find tvg-id="rionitv" in georgia_channels.m3u
2026-08-22 07:36:41,819 [WARNING] Failed to find tvg-id="tv25" in georgia_channels.m3u
2026-08-22 07:36:41,819 [WARNING] Failed to find tvg-id="tv4rustavi" in georgia_channels.m3u
2026-08-22 07:36:41,819 [WARNING] Failed to find tvg-id="trialeti" in georgia_channels.m3u
2026-08-22 07:36:41,819 [WARNING] Failed to find tvg-id="dardimandi" in georgia_channels.m3u
2026-08-22 07:36:41,820 [WARNING] Failed to find tvg-id="agro" in georgia_channels.m3u
2026-08-22 07:36:41,820 [WARNING] Failed to find tvg-id="samefo" in georgia_channels.m3u
2026-08-22 07:36:41,820 [WARNING] Failed to find tvg-id="postv" in georgia_channels.m3u
2026-08-22 07:36:41,820 [WARNING] Failed to find tvg-id="megatv" in georgia_channels.m3u
2026-08-22 07:36:41,820 [WARNING] Failed to find tvg-id="qartuliarxi" in georgia_channels.m3u
2026-08-22 07:36:41,821 [WARNING] Failed to find tvg-id="musicbox" in georgia_channels.m3u
2026-08-22 07:36:41,821 [WARNING] Failed to find tvg-id="marneuli" in georgia_channels.m3u
2026-08-22 07:36:41,821 [WARNING] Failed to find tvg-id="axaliformula" in georgia_channels.m3u
2026-08-22 07:36:41,821 [WARNING] Failed to find tvg-id="o2" in georgia_channels.m3u
2026-08-22 07:36:41,821 [WARNING] Failed to find tvg-id="guria" in georgia_channels.m3u
2026-08-22 07:36:41,822 [WARNING] Failed to find tvg-id="imervizia" in georgia_channels.m3u
2026-08-22 07:36:41,822 [WARNING] Failed to find tvg-id="diatv" in georgia_channels.m3u
2026-08-22 07:36:41,822 [WARNING] Failed to find tvg-id="chveniarxi" in georgia_channels.m3u
2026-08-22 07:36:41,822 [WARNING] Failed to find tvg-id="batumitv" in georgia_channels.m3u
2026-08-22 07:36:41,822 [WARNING] Failed to find tvg-id="rcheuli" in georgia_channels.m3u
2026-08-22 07:36:41,823 [WARNING] Failed to find tvg-id="gurjaani" in georgia_channels.m3u
2026-08-22 07:36:41,823 [WARNING] Failed to find tvg-id="molitv" in georgia_channels.m3u
2026-08-22 07:36:41,823 [WARNING] Failed to find tvg-id="mexute" in georgia_channels.m3u
2026-08-22 07:36:41,823 [WARNING] Failed to find tvg-id="agrogaremo" in georgia_channels.m3u
2026-08-22 07:36:41,823 [WARNING] Failed to find tvg-id="artv" in georgia_channels.m3u
2026-08-22 07:36:41,824 [WARNING] Failed to find tvg-id="meteo24" in georgia_channels.m3u
2026-08-22 07:36:41,824 [WARNING] Failed to find tvg-id="georgiantimes" in georgia_channels.m3u
2026-08-22 07:36:41,824 [WARNING] Failed to find tvg-id="silkuniversal" in georgia_channels.m3u
2026-08-22 07:36:41,824 [WARNING] Failed to find tvg-id="rugbytv" in georgia_channels.m3u
2026-08-22 07:36:41,824 [WARNING] Failed to find tvg-id="gms" in georgia_channels.m3u
2026-08-22 07:36:41,825 [WARNING] Failed to find tvg-id="aiatv" in georgia_channels.m3u
2026-08-22 07:36:41,825 [WARNING] Failed to find tvg-id="batumi2" in georgia_channels.m3u
2026-08-22 07:36:41,825 [WARNING] Failed to find tvg-id="altinfo" in georgia_channels.m3u
2026-08-22 07:36:41,825 [WARNING] Failed to find tvg-id="parliament" in georgia_channels.m3u
2026-08-22 07:36:41,825 [WARNING] Failed to find tvg-id="egrisi" in georgia_channels.m3u
2026-08-22 07:36:41,826 [WARNING] Failed to find tvg-id="mzetv" in georgia_channels.m3u
2026-08-22 07:36:41,826 [INFO] No file changes were made.
2026-08-22 07:36:41,826 [INFO] === UPDATE EXECUTION FINISHED ===
