2026-08-29 13:02:18,788 [INFO] === UPDATE EXECUTION STARTED ===
2026-08-29 13:02:18,788 [INFO] Fetching Setanta Sports 3 from IPTV-ORG...
2026-08-29 13:02:18,917 [INFO] Launching batch scraper for 44 channels on tv.mar.tv...
2026-08-29 13:02:19,538 [INFO] Scraping rustavi2...
2026-08-29 13:02:25,244 [ERROR] [rustavi2 FAILURE]
2026-08-29 13:02:25,245 [ERROR]   └─ Reason: No .m3u8 network request detected.
2026-08-29 13:02:25,245 [ERROR]   └─ Error Output: PlaywrightNetworkListenerError
2026-08-29 13:02:25,278 [INFO] Scraping maestro...
2026-08-29 13:02:28,634 [ERROR] [maestro FAILURE]
2026-08-29 13:02:28,635 [ERROR]   └─ Reason: No .m3u8 network request detected.
2026-08-29 13:02:28,635 [ERROR]   └─ Error Output: PlaywrightNetworkListenerError
2026-08-29 13:02:28,668 [INFO] Scraping marao...
2026-08-29 13:02:32,010 [ERROR] [marao FAILURE]
2026-08-29 13:02:32,010 [ERROR]   └─ Reason: No .m3u8 network request detected.
2026-08-29 13:02:32,010 [ERROR]   └─ Error Output: PlaywrightNetworkListenerError
2026-08-29 13:02:32,045 [INFO] Scraping gds...
2026-08-29 13:02:35,381 [ERROR] [gds FAILURE]
2026-08-29 13:02:35,381 [ERROR]   └─ Reason: No .m3u8 network request detected.
2026-08-29 13:02:35,381 [ERROR]   └─ Error Output: PlaywrightNetworkListenerError
2026-08-29 13:02:35,413 [INFO] Scraping comedy...
2026-08-29 13:02:38,750 [ERROR] [comedy FAILURE]
2026-08-29 13:02:38,750 [ERROR]   └─ Reason: No .m3u8 network request detected.
2026-08-29 13:02:38,750 [ERROR]   └─ Error Output: PlaywrightNetworkListenerError
2026-08-29 13:02:38,788 [INFO] Scraping bbb...
2026-08-29 13:02:42,130 [ERROR] [bbb FAILURE]
2026-08-29 13:02:42,130 [ERROR]   └─ Reason: No .m3u8 network request detected.
2026-08-29 13:02:42,130 [ERROR]   └─ Error Output: PlaywrightNetworkListenerError
2026-08-29 13:02:42,165 [INFO] Scraping enkibenki...
2026-08-29 13:02:45,507 [ERROR] [enkibenki FAILURE]
2026-08-29 13:02:45,507 [ERROR]   └─ Reason: No .m3u8 network request detected.
2026-08-29 13:02:45,507 [ERROR]   └─ Error Output: PlaywrightNetworkListenerError
2026-08-29 13:02:45,539 [INFO] Scraping adjaratv...
2026-08-29 13:02:48,874 [ERROR] [adjaratv FAILURE]
2026-08-29 13:02:48,874 [ERROR]   └─ Reason: No .m3u8 network request detected.
2026-08-29 13:02:48,874 [ERROR]   └─ Error Output: PlaywrightNetworkListenerError
2026-08-29 13:02:48,911 [INFO] Scraping rionitv...
2026-08-29 13:02:52,252 [ERROR] [rionitv FAILURE]
2026-08-29 13:02:52,252 [ERROR]   └─ Reason: No .m3u8 network request detected.
2026-08-29 13:02:52,253 [ERROR]   └─ Error Output: PlaywrightNetworkListenerError
2026-08-29 13:02:52,284 [INFO] Scraping tv25...
2026-08-29 13:02:55,627 [ERROR] [tv25 FAILURE]
2026-08-29 13:02:55,627 [ERROR]   └─ Reason: No .m3u8 network request detected.
2026-08-29 13:02:55,627 [ERROR]   └─ Error Output: PlaywrightNetworkListenerError
2026-08-29 13:02:55,664 [INFO] Scraping tv4rustavi...
2026-08-29 13:02:59,002 [ERROR] [tv4rustavi FAILURE]
2026-08-29 13:02:59,002 [ERROR]   └─ Reason: No .m3u8 network request detected.
2026-08-29 13:02:59,002 [ERROR]   └─ Error Output: PlaywrightNetworkListenerError
2026-08-29 13:02:59,037 [INFO] Scraping trialeti...
2026-08-29 13:03:02,374 [ERROR] [trialeti FAILURE]
2026-08-29 13:03:02,374 [ERROR]   └─ Reason: No .m3u8 network request detected.
2026-08-29 13:03:02,374 [ERROR]   └─ Error Output: PlaywrightNetworkListenerError
2026-08-29 13:03:02,409 [INFO] Scraping dardimandi...
2026-08-29 13:03:05,749 [ERROR] [dardimandi FAILURE]
2026-08-29 13:03:05,749 [ERROR]   └─ Reason: No .m3u8 network request detected.
2026-08-29 13:03:05,749 [ERROR]   └─ Error Output: PlaywrightNetworkListenerError
2026-08-29 13:03:05,787 [INFO] Scraping agro...
2026-08-29 13:03:09,121 [ERROR] [agro FAILURE]
2026-08-29 13:03:09,121 [ERROR]   └─ Reason: No .m3u8 network request detected.
2026-08-29 13:03:09,121 [ERROR]   └─ Error Output: PlaywrightNetworkListenerError
2026-08-29 13:03:09,152 [INFO] Scraping samefo...
2026-08-29 13:03:12,487 [ERROR] [samefo FAILURE]
2026-08-29 13:03:12,488 [ERROR]   └─ Reason: No .m3u8 network request detected.
2026-08-29 13:03:12,488 [ERROR]   └─ Error Output: PlaywrightNetworkListenerError
2026-08-29 13:03:12,520 [INFO] Scraping postv...
2026-08-29 13:03:15,860 [ERROR] [postv FAILURE]
2026-08-29 13:03:15,860 [ERROR]   └─ Reason: No .m3u8 network request detected.
2026-08-29 13:03:15,860 [ERROR]   └─ Error Output: PlaywrightNetworkListenerError
2026-08-29 13:03:15,893 [INFO] Scraping megatv...
2026-08-29 13:03:19,231 [ERROR] [megatv FAILURE]
2026-08-29 13:03:19,231 [ERROR]   └─ Reason: No .m3u8 network request detected.
2026-08-29 13:03:19,231 [ERROR]   └─ Error Output: PlaywrightNetworkListenerError
2026-08-29 13:03:19,263 [INFO] Scraping qartuliarxi...
2026-08-29 13:03:22,601 [ERROR] [qartuliarxi FAILURE]
2026-08-29 13:03:22,601 [ERROR]   └─ Reason: No .m3u8 network request detected.
2026-08-29 13:03:22,601 [ERROR]   └─ Error Output: PlaywrightNetworkListenerError
2026-08-29 13:03:22,633 [INFO] Scraping musicbox...
2026-08-29 13:03:25,969 [ERROR] [musicbox FAILURE]
2026-08-29 13:03:25,969 [ERROR]   └─ Reason: No .m3u8 network request detected.
2026-08-29 13:03:25,969 [ERROR]   └─ Error Output: PlaywrightNetworkListenerError
2026-08-29 13:03:26,008 [INFO] Scraping marneuli...
2026-08-29 13:03:29,349 [ERROR] [marneuli FAILURE]
2026-08-29 13:03:29,349 [ERROR]   └─ Reason: No .m3u8 network request detected.
2026-08-29 13:03:29,349 [ERROR]   └─ Error Output: PlaywrightNetworkListenerError
2026-08-29 13:03:29,381 [INFO] Scraping axaliformula...
2026-08-29 13:03:32,720 [ERROR] [axaliformula FAILURE]
2026-08-29 13:03:32,721 [ERROR]   └─ Reason: No .m3u8 network request detected.
2026-08-29 13:03:32,721 [ERROR]   └─ Error Output: PlaywrightNetworkListenerError
2026-08-29 13:03:32,755 [INFO] Scraping o2...
2026-08-29 13:03:36,101 [ERROR] [o2 FAILURE]
2026-08-29 13:03:36,102 [ERROR]   └─ Reason: No .m3u8 network request detected.
2026-08-29 13:03:36,102 [ERROR]   └─ Error Output: PlaywrightNetworkListenerError
2026-08-29 13:03:36,138 [INFO] Scraping guria...
2026-08-29 13:03:39,480 [ERROR] [guria FAILURE]
2026-08-29 13:03:39,480 [ERROR]   └─ Reason: No .m3u8 network request detected.
2026-08-29 13:03:39,480 [ERROR]   └─ Error Output: PlaywrightNetworkListenerError
2026-08-29 13:03:39,514 [INFO] Scraping imervizia...
2026-08-29 13:03:42,854 [ERROR] [imervizia FAILURE]
2026-08-29 13:03:42,855 [ERROR]   └─ Reason: No .m3u8 network request detected.
2026-08-29 13:03:42,855 [ERROR]   └─ Error Output: PlaywrightNetworkListenerError
2026-08-29 13:03:42,888 [INFO] Scraping diatv...
2026-08-29 13:03:46,228 [ERROR] [diatv FAILURE]
2026-08-29 13:03:46,228 [ERROR]   └─ Reason: No .m3u8 network request detected.
2026-08-29 13:03:46,228 [ERROR]   └─ Error Output: PlaywrightNetworkListenerError
2026-08-29 13:03:46,263 [INFO] Scraping chveniarxi...
2026-08-29 13:03:49,624 [ERROR] [chveniarxi FAILURE]
2026-08-29 13:03:49,624 [ERROR]   └─ Reason: No .m3u8 network request detected.
2026-08-29 13:03:49,624 [ERROR]   └─ Error Output: PlaywrightNetworkListenerError
2026-08-29 13:03:49,656 [INFO] Scraping batumitv...
2026-08-29 13:03:52,996 [ERROR] [batumitv FAILURE]
2026-08-29 13:03:52,996 [ERROR]   └─ Reason: No .m3u8 network request detected.
2026-08-29 13:03:52,996 [ERROR]   └─ Error Output: PlaywrightNetworkListenerError
2026-08-29 13:03:53,030 [INFO] Scraping rcheuli...
2026-08-29 13:03:56,370 [ERROR] [rcheuli FAILURE]
2026-08-29 13:03:56,370 [ERROR]   └─ Reason: No .m3u8 network request detected.
2026-08-29 13:03:56,370 [ERROR]   └─ Error Output: PlaywrightNetworkListenerError
2026-08-29 13:03:56,403 [INFO] Scraping gurjaani...
2026-08-29 13:03:59,746 [ERROR] [gurjaani FAILURE]
2026-08-29 13:03:59,746 [ERROR]   └─ Reason: No .m3u8 network request detected.
2026-08-29 13:03:59,746 [ERROR]   └─ Error Output: PlaywrightNetworkListenerError
2026-08-29 13:03:59,778 [INFO] Scraping molitv...
2026-08-29 13:04:03,121 [ERROR] [molitv FAILURE]
2026-08-29 13:04:03,122 [ERROR]   └─ Reason: No .m3u8 network request detected.
2026-08-29 13:04:03,122 [ERROR]   └─ Error Output: PlaywrightNetworkListenerError
2026-08-29 13:04:03,155 [INFO] Scraping mexute...
2026-08-29 13:04:06,499 [ERROR] [mexute FAILURE]
2026-08-29 13:04:06,499 [ERROR]   └─ Reason: No .m3u8 network request detected.
2026-08-29 13:04:06,499 [ERROR]   └─ Error Output: PlaywrightNetworkListenerError
2026-08-29 13:04:06,533 [INFO] Scraping agrogaremo...
2026-08-29 13:04:09,877 [ERROR] [agrogaremo FAILURE]
2026-08-29 13:04:09,877 [ERROR]   └─ Reason: No .m3u8 network request detected.
2026-08-29 13:04:09,878 [ERROR]   └─ Error Output: PlaywrightNetworkListenerError
2026-08-29 13:04:09,911 [INFO] Scraping artv...
2026-08-29 13:04:13,251 [ERROR] [artv FAILURE]
2026-08-29 13:04:13,252 [ERROR]   └─ Reason: No .m3u8 network request detected.
2026-08-29 13:04:13,252 [ERROR]   └─ Error Output: PlaywrightNetworkListenerError
2026-08-29 13:04:13,285 [INFO] Scraping meteo24...
2026-08-29 13:04:16,627 [ERROR] [meteo24 FAILURE]
2026-08-29 13:04:16,627 [ERROR]   └─ Reason: No .m3u8 network request detected.
2026-08-29 13:04:16,627 [ERROR]   └─ Error Output: PlaywrightNetworkListenerError
2026-08-29 13:04:16,662 [INFO] Scraping georgiantimes...
2026-08-29 13:04:20,013 [ERROR] [georgiantimes FAILURE]
2026-08-29 13:04:20,013 [ERROR]   └─ Reason: No .m3u8 network request detected.
2026-08-29 13:04:20,013 [ERROR]   └─ Error Output: PlaywrightNetworkListenerError
2026-08-29 13:04:20,048 [INFO] Scraping silkuniversal...
2026-08-29 13:04:23,389 [ERROR] [silkuniversal FAILURE]
2026-08-29 13:04:23,390 [ERROR]   └─ Reason: No .m3u8 network request detected.
2026-08-29 13:04:23,390 [ERROR]   └─ Error Output: PlaywrightNetworkListenerError
2026-08-29 13:04:23,425 [INFO] Scraping rugbytv...
2026-08-29 13:04:26,761 [ERROR] [rugbytv FAILURE]
2026-08-29 13:04:26,761 [ERROR]   └─ Reason: No .m3u8 network request detected.
2026-08-29 13:04:26,761 [ERROR]   └─ Error Output: PlaywrightNetworkListenerError
2026-08-29 13:04:26,795 [INFO] Scraping gms...
2026-08-29 13:04:30,135 [ERROR] [gms FAILURE]
2026-08-29 13:04:30,135 [ERROR]   └─ Reason: No .m3u8 network request detected.
2026-08-29 13:04:30,135 [ERROR]   └─ Error Output: PlaywrightNetworkListenerError
2026-08-29 13:04:30,167 [INFO] Scraping aiatv...
2026-08-29 13:04:33,508 [ERROR] [aiatv FAILURE]
2026-08-29 13:04:33,508 [ERROR]   └─ Reason: No .m3u8 network request detected.
2026-08-29 13:04:33,508 [ERROR]   └─ Error Output: PlaywrightNetworkListenerError
2026-08-29 13:04:33,541 [INFO] Scraping batumi2...
2026-08-29 13:04:36,882 [ERROR] [batumi2 FAILURE]
2026-08-29 13:04:36,883 [ERROR]   └─ Reason: No .m3u8 network request detected.
2026-08-29 13:04:36,883 [ERROR]   └─ Error Output: PlaywrightNetworkListenerError
2026-08-29 13:04:36,915 [INFO] Scraping altinfo...
2026-08-29 13:04:40,257 [ERROR] [altinfo FAILURE]
2026-08-29 13:04:40,257 [ERROR]   └─ Reason: No .m3u8 network request detected.
2026-08-29 13:04:40,257 [ERROR]   └─ Error Output: PlaywrightNetworkListenerError
2026-08-29 13:04:40,292 [INFO] Scraping parliament...
2026-08-29 13:04:43,635 [ERROR] [parliament FAILURE]
2026-08-29 13:04:43,635 [ERROR]   └─ Reason: No .m3u8 network request detected.
2026-08-29 13:04:43,635 [ERROR]   └─ Error Output: PlaywrightNetworkListenerError
2026-08-29 13:04:43,671 [INFO] Scraping egrisi...
2026-08-29 13:04:47,010 [ERROR] [egrisi FAILURE]
2026-08-29 13:04:47,010 [ERROR]   └─ Reason: No .m3u8 network request detected.
2026-08-29 13:04:47,010 [ERROR]   └─ Error Output: PlaywrightNetworkListenerError
2026-08-29 13:04:47,044 [INFO] Scraping mzetv...
2026-08-29 13:04:50,392 [ERROR] [mzetv FAILURE]
2026-08-29 13:04:50,392 [ERROR]   └─ Reason: No .m3u8 network request detected.
2026-08-29 13:04:50,392 [ERROR]   └─ Error Output: PlaywrightNetworkListenerError
2026-08-29 13:04:50,436 [INFO] No file changes were made.
2026-08-29 13:04:50,436 [INFO] === UPDATE EXECUTION FINISHED ===
