2026-08-26 16:20:22,653 [INFO] === UPDATE EXECUTION STARTED ===
2026-08-26 16:20:22,653 [INFO] Fetching Setanta Sports 3 from IPTV-ORG...
2026-08-26 16:20:22,795 [INFO] Launching batch scraper for 44 channels on tv.mar.tv...
2026-08-26 16:20:24,430 [INFO] Scraping rustavi2...
2026-08-26 16:20:29,732 [INFO]  -> Success: https://live8.mar.tv/1/4rd/index.m3u8
2026-08-26 16:20:29,767 [INFO] Scraping maestro...
2026-08-26 16:20:33,073 [INFO]  -> Success: https://live4.mar.tv/309396f1d1aaadfde97356caadc6205f773a8c1f7a2ddc6539345f19ebbef01e/352m/index.m3u8
2026-08-26 16:20:33,105 [INFO] Scraping marao...
2026-08-26 16:20:36,408 [INFO]  -> Success: https://live2.mar.tv/309396f1d1aaadfde97356caadc6205f773a8c1f7a2ddc6539345f19ebbef01e/12sd/index.m3u8
2026-08-26 16:20:36,444 [INFO] Scraping gds...
2026-08-26 16:20:39,744 [INFO]  -> Success: https://live1.mar.tv/309396f1d1aaadfde97356caadc6205f773a8c1f7a2ddc6539345f19ebbef01e/13sd/index.m3u8
2026-08-26 16:20:39,781 [INFO] Scraping comedy...
2026-08-26 16:20:43,085 [INFO]  -> Success: https://live4.mar.tv/309396f1d1aaadfde97356caadc6205f773a8c1f7a2ddc6539345f19ebbef01e/14rd/index.m3u8
2026-08-26 16:20:43,118 [INFO] Scraping bbb...
2026-08-26 16:20:46,420 [INFO]  -> Success: https://live2.mar.tv/309396f1d1aaadfde97356caadc6205f773a8c1f7a2ddc6539345f19ebbef01e/16sd/index.m3u8
2026-08-26 16:20:46,453 [INFO] Scraping enkibenki...
2026-08-26 16:20:49,755 [INFO]  -> Success: https://live2.mar.tv/309396f1d1aaadfde97356caadc6205f773a8c1f7a2ddc6539345f19ebbef01e/17e/index.m3u8
2026-08-26 16:20:49,798 [INFO] Scraping adjaratv...
2026-08-26 16:20:53,099 [INFO]  -> Success: https://live2.mar.tv/309396f1d1aaadfde97356caadc6205f773a8c1f7a2ddc6539345f19ebbef01e/19rd/index.m3u8
2026-08-26 16:20:53,132 [INFO] Scraping rionitv...
2026-08-26 16:20:56,435 [INFO]  -> Success: https://live6.mar.tv/309396f1d1aaadfde97356caadc6205f773a8c1f7a2ddc6539345f19ebbef01e/20rionn/index.m3u8
2026-08-26 16:20:56,467 [INFO] Scraping tv25...
2026-08-26 16:20:59,770 [INFO]  -> Success: https://live6.mar.tv/309396f1d1aaadfde97356caadc6205f773a8c1f7a2ddc6539345f19ebbef01e/23tv25/index.m3u8
2026-08-26 16:20:59,805 [INFO] Scraping tv4rustavi...
2026-08-26 16:21:03,109 [INFO]  -> Success: https://live6.mar.tv/309396f1d1aaadfde97356caadc6205f773a8c1f7a2ddc6539345f19ebbef01e/24tw4/index.m3u8
2026-08-26 16:21:03,143 [INFO] Scraping trialeti...
2026-08-26 16:21:06,448 [INFO]  -> Success: https://live6.mar.tv/309396f1d1aaadfde97356caadc6205f773a8c1f7a2ddc6539345f19ebbef01e/trialleti/index.m3u8
2026-08-26 16:21:06,486 [INFO] Scraping dardimandi...
2026-08-26 16:21:09,810 [INFO]  -> Success: https://live5.mar.tv/309396f1d1aaadfde97356caadc6205f773a8c1f7a2ddc6539345f19ebbef01e/27/index.m3u8
2026-08-26 16:21:09,844 [INFO] Scraping agro...
2026-08-26 16:21:13,150 [INFO]  -> Success: https://live5.mar.tv/309396f1d1aaadfde97356caadc6205f773a8c1f7a2ddc6539345f19ebbef01e/28/index.m3u8
2026-08-26 16:21:13,184 [INFO] Scraping samefo...
2026-08-26 16:21:16,485 [INFO]  -> Success: https://live5.mar.tv/309396f1d1aaadfde97356caadc6205f773a8c1f7a2ddc6539345f19ebbef01e/29/index.m3u8
2026-08-26 16:21:16,519 [INFO] Scraping postv...
2026-08-26 16:21:19,824 [INFO]  -> Success: https://live6.mar.tv/309396f1d1aaadfde97356caadc6205f773a8c1f7a2ddc6539345f19ebbef01e/postvw/index.m3u8
2026-08-26 16:21:19,858 [INFO] Scraping megatv...
2026-08-26 16:21:23,159 [INFO]  -> Success: https://live4.mar.tv/309396f1d1aaadfde97356caadc6205f773a8c1f7a2ddc6539345f19ebbef01e/32st/index.m3u8
2026-08-26 16:21:23,194 [INFO] Scraping qartuliarxi...
2026-08-26 16:21:26,498 [INFO]  -> Success: https://live6.mar.tv/309396f1d1aaadfde97356caadc6205f773a8c1f7a2ddc6539345f19ebbef01e/qartuli/index.m3u8
2026-08-26 16:21:26,536 [INFO] Scraping musicbox...
2026-08-26 16:21:29,841 [INFO]  -> Success: https://live6.mar.tv/309396f1d1aaadfde97356caadc6205f773a8c1f7a2ddc6539345f19ebbef01e/34musge/index.m3u8
2026-08-26 16:21:29,875 [INFO] Scraping marneuli...
2026-08-26 16:21:33,177 [INFO]  -> Success: https://live6.mar.tv/309396f1d1aaadfde97356caadc6205f773a8c1f7a2ddc6539345f19ebbef01e/37marn/index.m3u8
2026-08-26 16:21:33,214 [INFO] Scraping axaliformula...
2026-08-26 16:21:36,518 [INFO]  -> Success: https://live6.mar.tv/309396f1d1aaadfde97356caadc6205f773a8c1f7a2ddc6539345f19ebbef01e/axaliformla/index.m3u8
2026-08-26 16:21:36,553 [INFO] Scraping o2...
2026-08-26 16:21:39,855 [INFO]  -> Success: https://live5.mar.tv/309396f1d1aaadfde97356caadc6205f773a8c1f7a2ddc6539345f19ebbef01e/40/index.m3u8
2026-08-26 16:21:39,891 [INFO] Scraping guria...
2026-08-26 16:21:43,194 [INFO]  -> Success: https://live5.mar.tv/309396f1d1aaadfde97356caadc6205f773a8c1f7a2ddc6539345f19ebbef01e/42/index.m3u8
2026-08-26 16:21:43,229 [INFO] Scraping imervizia...
2026-08-26 16:21:46,534 [INFO]  -> Success: https://live6.mar.tv/309396f1d1aaadfde97356caadc6205f773a8c1f7a2ddc6539345f19ebbef01e/imervizia/index.m3u8
2026-08-26 16:21:46,569 [INFO] Scraping diatv...
2026-08-26 16:21:49,877 [INFO]  -> Success: https://live4.mar.tv/309396f1d1aaadfde97356caadc6205f773a8c1f7a2ddc6539345f19ebbef01e/dia/index.m3u8
2026-08-26 16:21:49,914 [INFO] Scraping chveniarxi...
2026-08-26 16:21:53,218 [INFO]  -> Success: https://live3.mar.tv/309396f1d1aaadfde97356caadc6205f773a8c1f7a2ddc6539345f19ebbef01e/45rd/index.m3u8
2026-08-26 16:21:53,253 [INFO] Scraping batumitv...
2026-08-26 16:21:56,564 [INFO]  -> Success: https://live5.mar.tv/309396f1d1aaadfde97356caadc6205f773a8c1f7a2ddc6539345f19ebbef01e/46/index.m3u8
2026-08-26 16:21:56,599 [INFO] Scraping rcheuli...
2026-08-26 16:21:59,906 [INFO]  -> Success: https://live5.mar.tv/309396f1d1aaadfde97356caadc6205f773a8c1f7a2ddc6539345f19ebbef01e/47/index.m3u8
2026-08-26 16:21:59,937 [INFO] Scraping gurjaani...
2026-08-26 16:22:03,233 [INFO]  -> Success: https://live4.mar.tv/309396f1d1aaadfde97356caadc6205f773a8c1f7a2ddc6539345f19ebbef01e/48m/index.m3u8
2026-08-26 16:22:03,269 [INFO] Scraping molitv...
2026-08-26 16:22:06,568 [INFO]  -> Success: https://live6.mar.tv/309396f1d1aaadfde97356caadc6205f773a8c1f7a2ddc6539345f19ebbef01e/mollltv/index.m3u8
2026-08-26 16:22:06,602 [INFO] Scraping mexute...
2026-08-26 16:22:09,903 [INFO]  -> Success: https://live6.mar.tv/309396f1d1aaadfde97356caadc6205f773a8c1f7a2ddc6539345f19ebbef01e/50/index.m3u8
2026-08-26 16:22:09,937 [INFO] Scraping agrogaremo...
2026-08-26 16:22:13,233 [INFO]  -> Success: https://live6.mar.tv/309396f1d1aaadfde97356caadc6205f773a8c1f7a2ddc6539345f19ebbef01e/agrogaremo/index.m3u8
2026-08-26 16:22:13,266 [INFO] Scraping artv...
2026-08-26 16:22:16,562 [INFO]  -> Success: https://live6.mar.tv/309396f1d1aaadfde97356caadc6205f773a8c1f7a2ddc6539345f19ebbef01e/tafutv/index.m3u8
2026-08-26 16:22:16,597 [INFO] Scraping meteo24...
2026-08-26 16:22:19,908 [INFO]  -> Success: https://live5.mar.tv/309396f1d1aaadfde97356caadc6205f773a8c1f7a2ddc6539345f19ebbef01e/56/index.m3u8
2026-08-26 16:22:19,942 [INFO] Scraping georgiantimes...
2026-08-26 16:22:23,239 [INFO]  -> Success: https://live5.mar.tv/309396f1d1aaadfde97356caadc6205f773a8c1f7a2ddc6539345f19ebbef01e/57/index.m3u8
2026-08-26 16:22:23,272 [INFO] Scraping silkuniversal...
2026-08-26 16:22:26,574 [INFO]  -> Success: https://live2.mar.tv/309396f1d1aaadfde97356caadc6205f773a8c1f7a2ddc6539345f19ebbef01e/1arxiweb/index.m3u8
2026-08-26 16:22:26,609 [INFO] Scraping rugbytv...
2026-08-26 16:22:29,901 [INFO]  -> Success: https://live4.mar.tv/309396f1d1aaadfde97356caadc6205f773a8c1f7a2ddc6539345f19ebbef01e/160m/index.m3u8
2026-08-26 16:22:29,936 [INFO] Scraping gms...
2026-08-26 16:22:33,243 [INFO]  -> Success: https://live5.mar.tv/309396f1d1aaadfde97356caadc6205f773a8c1f7a2ddc6539345f19ebbef01e/161/index.m3u8
2026-08-26 16:22:33,291 [INFO] Scraping aiatv...
2026-08-26 16:22:36,590 [INFO]  -> Success: https://live6.mar.tv/309396f1d1aaadfde97356caadc6205f773a8c1f7a2ddc6539345f19ebbef01e/aia/index.m3u8
2026-08-26 16:22:36,624 [INFO] Scraping batumi2...
2026-08-26 16:22:39,926 [INFO]  -> Success: https://live6.mar.tv/309396f1d1aaadfde97356caadc6205f773a8c1f7a2ddc6539345f19ebbef01e/batumitv2/index.m3u8
2026-08-26 16:22:39,961 [INFO] Scraping altinfo...
2026-08-26 16:22:43,274 [INFO]  -> Success: https://live6.mar.tv/309396f1d1aaadfde97356caadc6205f773a8c1f7a2ddc6539345f19ebbef01e/altinfo/index.m3u8
2026-08-26 16:22:43,307 [INFO] Scraping parliament...
2026-08-26 16:22:46,611 [INFO]  -> Success: https://live6.mar.tv/309396f1d1aaadfde97356caadc6205f773a8c1f7a2ddc6539345f19ebbef01e/parlament/index.m3u8
2026-08-26 16:22:46,647 [INFO] Scraping egrisi...
2026-08-26 16:22:49,948 [INFO]  -> Success: https://live6.mar.tv/309396f1d1aaadfde97356caadc6205f773a8c1f7a2ddc6539345f19ebbef01e/egrisi/index.m3u8
2026-08-26 16:22:49,981 [INFO] Scraping mzetv...
2026-08-26 16:22:53,279 [INFO]  -> Success: https://live6.mar.tv/309396f1d1aaadfde97356caadc6205f773a8c1f7a2ddc6539345f19ebbef01e/mze/index.m3u8
2026-08-26 16:22:53,324 [WARNING] Failed to find tvg-id="rustavi2" in georgia_channels.m3u
2026-08-26 16:22:53,324 [WARNING] Failed to find tvg-id="maestro" in georgia_channels.m3u
2026-08-26 16:22:53,325 [WARNING] Failed to find tvg-id="marao" in georgia_channels.m3u
2026-08-26 16:22:53,325 [WARNING] Failed to find tvg-id="gds" in georgia_channels.m3u
2026-08-26 16:22:53,325 [WARNING] Failed to find tvg-id="comedy" in georgia_channels.m3u
2026-08-26 16:22:53,325 [WARNING] Failed to find tvg-id="bbb" in georgia_channels.m3u
2026-08-26 16:22:53,326 [WARNING] Failed to find tvg-id="enkibenki" in georgia_channels.m3u
2026-08-26 16:22:53,326 [WARNING] Failed to find tvg-id="adjaratv" in georgia_channels.m3u
2026-08-26 16:22:53,326 [WARNING] Failed to find tvg-id="rionitv" in georgia_channels.m3u
2026-08-26 16:22:53,326 [WARNING] Failed to find tvg-id="tv25" in georgia_channels.m3u
2026-08-26 16:22:53,327 [WARNING] Failed to find tvg-id="tv4rustavi" in georgia_channels.m3u
2026-08-26 16:22:53,327 [WARNING] Failed to find tvg-id="trialeti" in georgia_channels.m3u
2026-08-26 16:22:53,327 [WARNING] Failed to find tvg-id="dardimandi" in georgia_channels.m3u
2026-08-26 16:22:53,327 [WARNING] Failed to find tvg-id="agro" in georgia_channels.m3u
2026-08-26 16:22:53,327 [WARNING] Failed to find tvg-id="samefo" in georgia_channels.m3u
2026-08-26 16:22:53,327 [WARNING] Failed to find tvg-id="postv" in georgia_channels.m3u
2026-08-26 16:22:53,328 [WARNING] Failed to find tvg-id="megatv" in georgia_channels.m3u
2026-08-26 16:22:53,328 [WARNING] Failed to find tvg-id="qartuliarxi" in georgia_channels.m3u
2026-08-26 16:22:53,328 [WARNING] Failed to find tvg-id="musicbox" in georgia_channels.m3u
2026-08-26 16:22:53,328 [WARNING] Failed to find tvg-id="marneuli" in georgia_channels.m3u
2026-08-26 16:22:53,328 [WARNING] Failed to find tvg-id="axaliformula" in georgia_channels.m3u
2026-08-26 16:22:53,329 [WARNING] Failed to find tvg-id="o2" in georgia_channels.m3u
2026-08-26 16:22:53,329 [WARNING] Failed to find tvg-id="guria" in georgia_channels.m3u
2026-08-26 16:22:53,329 [WARNING] Failed to find tvg-id="imervizia" in georgia_channels.m3u
2026-08-26 16:22:53,329 [WARNING] Failed to find tvg-id="diatv" in georgia_channels.m3u
2026-08-26 16:22:53,329 [WARNING] Failed to find tvg-id="chveniarxi" in georgia_channels.m3u
2026-08-26 16:22:53,330 [WARNING] Failed to find tvg-id="batumitv" in georgia_channels.m3u
2026-08-26 16:22:53,330 [WARNING] Failed to find tvg-id="rcheuli" in georgia_channels.m3u
2026-08-26 16:22:53,330 [WARNING] Failed to find tvg-id="gurjaani" in georgia_channels.m3u
2026-08-26 16:22:53,330 [WARNING] Failed to find tvg-id="molitv" in georgia_channels.m3u
2026-08-26 16:22:53,330 [WARNING] Failed to find tvg-id="mexute" in georgia_channels.m3u
2026-08-26 16:22:53,331 [WARNING] Failed to find tvg-id="agrogaremo" in georgia_channels.m3u
2026-08-26 16:22:53,331 [WARNING] Failed to find tvg-id="artv" in georgia_channels.m3u
2026-08-26 16:22:53,331 [WARNING] Failed to find tvg-id="meteo24" in georgia_channels.m3u
2026-08-26 16:22:53,331 [WARNING] Failed to find tvg-id="georgiantimes" in georgia_channels.m3u
2026-08-26 16:22:53,331 [WARNING] Failed to find tvg-id="silkuniversal" in georgia_channels.m3u
2026-08-26 16:22:53,332 [WARNING] Failed to find tvg-id="rugbytv" in georgia_channels.m3u
2026-08-26 16:22:53,332 [WARNING] Failed to find tvg-id="gms" in georgia_channels.m3u
2026-08-26 16:22:53,332 [WARNING] Failed to find tvg-id="aiatv" in georgia_channels.m3u
2026-08-26 16:22:53,332 [WARNING] Failed to find tvg-id="batumi2" in georgia_channels.m3u
2026-08-26 16:22:53,332 [WARNING] Failed to find tvg-id="altinfo" in georgia_channels.m3u
2026-08-26 16:22:53,333 [WARNING] Failed to find tvg-id="parliament" in georgia_channels.m3u
2026-08-26 16:22:53,333 [WARNING] Failed to find tvg-id="egrisi" in georgia_channels.m3u
2026-08-26 16:22:53,333 [WARNING] Failed to find tvg-id="mzetv" in georgia_channels.m3u
2026-08-26 16:22:53,333 [INFO] No file changes were made.
2026-08-26 16:22:53,333 [INFO] === UPDATE EXECUTION FINISHED ===
