2026-08-23 18:33:32,359 [INFO] === UPDATE EXECUTION STARTED ===
2026-08-23 18:33:32,360 [INFO] Fetching Setanta Sports 3 from IPTV-ORG...
2026-08-23 18:33:32,412 [INFO] Launching batch scraper for 44 channels on tv.mar.tv...
2026-08-23 18:33:33,660 [INFO] Scraping rustavi2...
2026-08-23 18:33:38,605 [INFO]  -> Success: https://live8.mar.tv/1/4rd/index.m3u8
2026-08-23 18:33:38,638 [INFO] Scraping maestro...
2026-08-23 18:33:41,912 [INFO]  -> Success: https://live4.mar.tv/7b77bb378e18e78e61a2b98629bc8913db6dd5f0d6f4493fbe7af43b88d2ac17/352m/index.m3u8
2026-08-23 18:33:41,948 [INFO] Scraping marao...
2026-08-23 18:33:45,227 [INFO]  -> Success: https://live2.mar.tv/7b77bb378e18e78e61a2b98629bc8913db6dd5f0d6f4493fbe7af43b88d2ac17/12sd/index.m3u8
2026-08-23 18:33:45,260 [INFO] Scraping gds...
2026-08-23 18:33:48,532 [INFO]  -> Success: https://live1.mar.tv/7b77bb378e18e78e61a2b98629bc8913db6dd5f0d6f4493fbe7af43b88d2ac17/13sd/index.m3u8
2026-08-23 18:33:48,570 [INFO] Scraping comedy...
2026-08-23 18:33:51,846 [INFO]  -> Success: https://live4.mar.tv/7b77bb378e18e78e61a2b98629bc8913db6dd5f0d6f4493fbe7af43b88d2ac17/14rd/index.m3u8
2026-08-23 18:33:51,881 [INFO] Scraping bbb...
2026-08-23 18:33:55,152 [INFO]  -> Success: https://live2.mar.tv/7b77bb378e18e78e61a2b98629bc8913db6dd5f0d6f4493fbe7af43b88d2ac17/16sd/index.m3u8
2026-08-23 18:33:55,186 [INFO] Scraping enkibenki...
2026-08-23 18:33:58,453 [INFO]  -> Success: https://live2.mar.tv/7b77bb378e18e78e61a2b98629bc8913db6dd5f0d6f4493fbe7af43b88d2ac17/17e/index.m3u8
2026-08-23 18:33:58,489 [INFO] Scraping adjaratv...
2026-08-23 18:34:01,762 [INFO]  -> Success: https://live2.mar.tv/7b77bb378e18e78e61a2b98629bc8913db6dd5f0d6f4493fbe7af43b88d2ac17/19rd/index.m3u8
2026-08-23 18:34:01,798 [INFO] Scraping rionitv...
2026-08-23 18:34:05,070 [INFO]  -> Success: https://live6.mar.tv/7b77bb378e18e78e61a2b98629bc8913db6dd5f0d6f4493fbe7af43b88d2ac17/20rionn/index.m3u8
2026-08-23 18:34:05,104 [INFO] Scraping tv25...
2026-08-23 18:34:08,372 [INFO]  -> Success: https://live6.mar.tv/7b77bb378e18e78e61a2b98629bc8913db6dd5f0d6f4493fbe7af43b88d2ac17/23tv25/index.m3u8
2026-08-23 18:34:08,407 [INFO] Scraping tv4rustavi...
2026-08-23 18:34:11,679 [INFO]  -> Success: https://live6.mar.tv/7b77bb378e18e78e61a2b98629bc8913db6dd5f0d6f4493fbe7af43b88d2ac17/24tw4/index.m3u8
2026-08-23 18:34:11,715 [INFO] Scraping trialeti...
2026-08-23 18:34:14,987 [INFO]  -> Success: https://live6.mar.tv/7b77bb378e18e78e61a2b98629bc8913db6dd5f0d6f4493fbe7af43b88d2ac17/trialleti/index.m3u8
2026-08-23 18:34:15,022 [INFO] Scraping dardimandi...
2026-08-23 18:34:18,290 [INFO]  -> Success: https://live5.mar.tv/7b77bb378e18e78e61a2b98629bc8913db6dd5f0d6f4493fbe7af43b88d2ac17/27/index.m3u8
2026-08-23 18:34:18,324 [INFO] Scraping agro...
2026-08-23 18:34:21,592 [INFO]  -> Success: https://live5.mar.tv/7b77bb378e18e78e61a2b98629bc8913db6dd5f0d6f4493fbe7af43b88d2ac17/28/index.m3u8
2026-08-23 18:34:21,625 [INFO] Scraping samefo...
2026-08-23 18:34:24,893 [INFO]  -> Success: https://live5.mar.tv/7b77bb378e18e78e61a2b98629bc8913db6dd5f0d6f4493fbe7af43b88d2ac17/29/index.m3u8
2026-08-23 18:34:24,925 [INFO] Scraping postv...
2026-08-23 18:34:28,195 [INFO]  -> Success: https://live6.mar.tv/7b77bb378e18e78e61a2b98629bc8913db6dd5f0d6f4493fbe7af43b88d2ac17/postvw/index.m3u8
2026-08-23 18:34:28,228 [INFO] Scraping megatv...
2026-08-23 18:34:31,495 [INFO]  -> Success: https://live4.mar.tv/7b77bb378e18e78e61a2b98629bc8913db6dd5f0d6f4493fbe7af43b88d2ac17/32st/index.m3u8
2026-08-23 18:34:31,527 [INFO] Scraping qartuliarxi...
2026-08-23 18:34:34,796 [INFO]  -> Success: https://live6.mar.tv/7b77bb378e18e78e61a2b98629bc8913db6dd5f0d6f4493fbe7af43b88d2ac17/qartuli/index.m3u8
2026-08-23 18:34:34,828 [INFO] Scraping musicbox...
2026-08-23 18:34:38,095 [INFO]  -> Success: https://live6.mar.tv/7b77bb378e18e78e61a2b98629bc8913db6dd5f0d6f4493fbe7af43b88d2ac17/34musge/index.m3u8
2026-08-23 18:34:38,129 [INFO] Scraping marneuli...
2026-08-23 18:34:41,398 [INFO]  -> Success: https://live6.mar.tv/7b77bb378e18e78e61a2b98629bc8913db6dd5f0d6f4493fbe7af43b88d2ac17/37marn/index.m3u8
2026-08-23 18:34:41,430 [INFO] Scraping axaliformula...
2026-08-23 18:34:44,707 [INFO]  -> Success: https://live6.mar.tv/7b77bb378e18e78e61a2b98629bc8913db6dd5f0d6f4493fbe7af43b88d2ac17/axaliformla/index.m3u8
2026-08-23 18:34:44,744 [INFO] Scraping o2...
2026-08-23 18:34:48,013 [INFO]  -> Success: https://live5.mar.tv/7b77bb378e18e78e61a2b98629bc8913db6dd5f0d6f4493fbe7af43b88d2ac17/40/index.m3u8
2026-08-23 18:34:48,049 [INFO] Scraping guria...
2026-08-23 18:34:51,319 [INFO]  -> Success: https://live5.mar.tv/7b77bb378e18e78e61a2b98629bc8913db6dd5f0d6f4493fbe7af43b88d2ac17/42/index.m3u8
2026-08-23 18:34:51,353 [INFO] Scraping imervizia...
2026-08-23 18:34:54,620 [INFO]  -> Success: https://live6.mar.tv/7b77bb378e18e78e61a2b98629bc8913db6dd5f0d6f4493fbe7af43b88d2ac17/imervizia/index.m3u8
2026-08-23 18:34:54,654 [INFO] Scraping diatv...
2026-08-23 18:34:57,924 [INFO]  -> Success: https://live4.mar.tv/7b77bb378e18e78e61a2b98629bc8913db6dd5f0d6f4493fbe7af43b88d2ac17/dia/index.m3u8
2026-08-23 18:34:57,957 [INFO] Scraping chveniarxi...
2026-08-23 18:35:01,226 [INFO]  -> Success: https://live3.mar.tv/7b77bb378e18e78e61a2b98629bc8913db6dd5f0d6f4493fbe7af43b88d2ac17/45rd/index.m3u8
2026-08-23 18:35:01,262 [INFO] Scraping batumitv...
2026-08-23 18:35:04,538 [INFO]  -> Success: https://live5.mar.tv/7b77bb378e18e78e61a2b98629bc8913db6dd5f0d6f4493fbe7af43b88d2ac17/46/index.m3u8
2026-08-23 18:35:04,571 [INFO] Scraping rcheuli...
2026-08-23 18:35:07,845 [INFO]  -> Success: https://live5.mar.tv/7b77bb378e18e78e61a2b98629bc8913db6dd5f0d6f4493fbe7af43b88d2ac17/47/index.m3u8
2026-08-23 18:35:07,882 [INFO] Scraping gurjaani...
2026-08-23 18:35:11,154 [INFO]  -> Success: https://live4.mar.tv/7b77bb378e18e78e61a2b98629bc8913db6dd5f0d6f4493fbe7af43b88d2ac17/48m/index.m3u8
2026-08-23 18:35:11,191 [INFO] Scraping molitv...
2026-08-23 18:35:14,463 [INFO]  -> Success: https://live6.mar.tv/7b77bb378e18e78e61a2b98629bc8913db6dd5f0d6f4493fbe7af43b88d2ac17/mollltv/index.m3u8
2026-08-23 18:35:14,503 [INFO] Scraping mexute...
2026-08-23 18:35:17,773 [INFO]  -> Success: https://live6.mar.tv/7b77bb378e18e78e61a2b98629bc8913db6dd5f0d6f4493fbe7af43b88d2ac17/50/index.m3u8
2026-08-23 18:35:17,809 [INFO] Scraping agrogaremo...
2026-08-23 18:35:21,086 [INFO]  -> Success: https://live6.mar.tv/7b77bb378e18e78e61a2b98629bc8913db6dd5f0d6f4493fbe7af43b88d2ac17/agrogaremo/index.m3u8
2026-08-23 18:35:21,121 [INFO] Scraping artv...
2026-08-23 18:35:24,395 [INFO]  -> Success: https://live6.mar.tv/7b77bb378e18e78e61a2b98629bc8913db6dd5f0d6f4493fbe7af43b88d2ac17/tafutv/index.m3u8
2026-08-23 18:35:24,429 [INFO] Scraping meteo24...
2026-08-23 18:35:27,713 [INFO]  -> Success: https://live5.mar.tv/7b77bb378e18e78e61a2b98629bc8913db6dd5f0d6f4493fbe7af43b88d2ac17/56/index.m3u8
2026-08-23 18:35:27,748 [INFO] Scraping georgiantimes...
2026-08-23 18:35:31,027 [INFO]  -> Success: https://live5.mar.tv/7b77bb378e18e78e61a2b98629bc8913db6dd5f0d6f4493fbe7af43b88d2ac17/57/index.m3u8
2026-08-23 18:35:31,062 [INFO] Scraping silkuniversal...
2026-08-23 18:35:34,331 [INFO]  -> Success: https://live2.mar.tv/7b77bb378e18e78e61a2b98629bc8913db6dd5f0d6f4493fbe7af43b88d2ac17/1arxiweb/index.m3u8
2026-08-23 18:35:34,365 [INFO] Scraping rugbytv...
2026-08-23 18:35:37,636 [INFO]  -> Success: https://live4.mar.tv/7b77bb378e18e78e61a2b98629bc8913db6dd5f0d6f4493fbe7af43b88d2ac17/160m/index.m3u8
2026-08-23 18:35:37,674 [INFO] Scraping gms...
2026-08-23 18:35:40,941 [INFO]  -> Success: https://live5.mar.tv/7b77bb378e18e78e61a2b98629bc8913db6dd5f0d6f4493fbe7af43b88d2ac17/161/index.m3u8
2026-08-23 18:35:40,976 [INFO] Scraping aiatv...
2026-08-23 18:35:44,251 [INFO]  -> Success: https://live6.mar.tv/7b77bb378e18e78e61a2b98629bc8913db6dd5f0d6f4493fbe7af43b88d2ac17/aia/index.m3u8
2026-08-23 18:35:44,283 [INFO] Scraping batumi2...
2026-08-23 18:35:47,551 [INFO]  -> Success: https://live6.mar.tv/7b77bb378e18e78e61a2b98629bc8913db6dd5f0d6f4493fbe7af43b88d2ac17/batumitv2/index.m3u8
2026-08-23 18:35:47,590 [INFO] Scraping altinfo...
2026-08-23 18:35:50,860 [INFO]  -> Success: https://live6.mar.tv/7b77bb378e18e78e61a2b98629bc8913db6dd5f0d6f4493fbe7af43b88d2ac17/altinfo/index.m3u8
2026-08-23 18:35:50,895 [INFO] Scraping parliament...
2026-08-23 18:35:54,167 [INFO]  -> Success: https://live6.mar.tv/7b77bb378e18e78e61a2b98629bc8913db6dd5f0d6f4493fbe7af43b88d2ac17/parlament/index.m3u8
2026-08-23 18:35:54,201 [INFO] Scraping egrisi...
2026-08-23 18:35:57,472 [INFO]  -> Success: https://live6.mar.tv/7b77bb378e18e78e61a2b98629bc8913db6dd5f0d6f4493fbe7af43b88d2ac17/egrisi/index.m3u8
2026-08-23 18:35:57,506 [INFO] Scraping mzetv...
2026-08-23 18:36:00,778 [INFO]  -> Success: https://live6.mar.tv/7b77bb378e18e78e61a2b98629bc8913db6dd5f0d6f4493fbe7af43b88d2ac17/mze/index.m3u8
2026-08-23 18:36:00,835 [WARNING] Failed to find tvg-id="rustavi2" in georgia_channels.m3u
2026-08-23 18:36:00,835 [WARNING] Failed to find tvg-id="maestro" in georgia_channels.m3u
2026-08-23 18:36:00,836 [WARNING] Failed to find tvg-id="marao" in georgia_channels.m3u
2026-08-23 18:36:00,836 [WARNING] Failed to find tvg-id="gds" in georgia_channels.m3u
2026-08-23 18:36:00,836 [WARNING] Failed to find tvg-id="comedy" in georgia_channels.m3u
2026-08-23 18:36:00,836 [WARNING] Failed to find tvg-id="bbb" in georgia_channels.m3u
2026-08-23 18:36:00,836 [WARNING] Failed to find tvg-id="enkibenki" in georgia_channels.m3u
2026-08-23 18:36:00,837 [WARNING] Failed to find tvg-id="adjaratv" in georgia_channels.m3u
2026-08-23 18:36:00,837 [WARNING] Failed to find tvg-id="rionitv" in georgia_channels.m3u
2026-08-23 18:36:00,837 [WARNING] Failed to find tvg-id="tv25" in georgia_channels.m3u
2026-08-23 18:36:00,837 [WARNING] Failed to find tvg-id="tv4rustavi" in georgia_channels.m3u
2026-08-23 18:36:00,837 [WARNING] Failed to find tvg-id="trialeti" in georgia_channels.m3u
2026-08-23 18:36:00,837 [WARNING] Failed to find tvg-id="dardimandi" in georgia_channels.m3u
2026-08-23 18:36:00,838 [WARNING] Failed to find tvg-id="agro" in georgia_channels.m3u
2026-08-23 18:36:00,838 [WARNING] Failed to find tvg-id="samefo" in georgia_channels.m3u
2026-08-23 18:36:00,838 [WARNING] Failed to find tvg-id="postv" in georgia_channels.m3u
2026-08-23 18:36:00,838 [WARNING] Failed to find tvg-id="megatv" in georgia_channels.m3u
2026-08-23 18:36:00,838 [WARNING] Failed to find tvg-id="qartuliarxi" in georgia_channels.m3u
2026-08-23 18:36:00,839 [WARNING] Failed to find tvg-id="musicbox" in georgia_channels.m3u
2026-08-23 18:36:00,839 [WARNING] Failed to find tvg-id="marneuli" in georgia_channels.m3u
2026-08-23 18:36:00,839 [WARNING] Failed to find tvg-id="axaliformula" in georgia_channels.m3u
2026-08-23 18:36:00,839 [WARNING] Failed to find tvg-id="o2" in georgia_channels.m3u
2026-08-23 18:36:00,839 [WARNING] Failed to find tvg-id="guria" in georgia_channels.m3u
2026-08-23 18:36:00,839 [WARNING] Failed to find tvg-id="imervizia" in georgia_channels.m3u
2026-08-23 18:36:00,840 [WARNING] Failed to find tvg-id="diatv" in georgia_channels.m3u
2026-08-23 18:36:00,840 [WARNING] Failed to find tvg-id="chveniarxi" in georgia_channels.m3u
2026-08-23 18:36:00,840 [WARNING] Failed to find tvg-id="batumitv" in georgia_channels.m3u
2026-08-23 18:36:00,840 [WARNING] Failed to find tvg-id="rcheuli" in georgia_channels.m3u
2026-08-23 18:36:00,840 [WARNING] Failed to find tvg-id="gurjaani" in georgia_channels.m3u
2026-08-23 18:36:00,841 [WARNING] Failed to find tvg-id="molitv" in georgia_channels.m3u
2026-08-23 18:36:00,841 [WARNING] Failed to find tvg-id="mexute" in georgia_channels.m3u
2026-08-23 18:36:00,841 [WARNING] Failed to find tvg-id="agrogaremo" in georgia_channels.m3u
2026-08-23 18:36:00,841 [WARNING] Failed to find tvg-id="artv" in georgia_channels.m3u
2026-08-23 18:36:00,841 [WARNING] Failed to find tvg-id="meteo24" in georgia_channels.m3u
2026-08-23 18:36:00,842 [WARNING] Failed to find tvg-id="georgiantimes" in georgia_channels.m3u
2026-08-23 18:36:00,842 [WARNING] Failed to find tvg-id="silkuniversal" in georgia_channels.m3u
2026-08-23 18:36:00,842 [WARNING] Failed to find tvg-id="rugbytv" in georgia_channels.m3u
2026-08-23 18:36:00,842 [WARNING] Failed to find tvg-id="gms" in georgia_channels.m3u
2026-08-23 18:36:00,842 [WARNING] Failed to find tvg-id="aiatv" in georgia_channels.m3u
2026-08-23 18:36:00,842 [WARNING] Failed to find tvg-id="batumi2" in georgia_channels.m3u
2026-08-23 18:36:00,843 [WARNING] Failed to find tvg-id="altinfo" in georgia_channels.m3u
2026-08-23 18:36:00,843 [WARNING] Failed to find tvg-id="parliament" in georgia_channels.m3u
2026-08-23 18:36:00,843 [WARNING] Failed to find tvg-id="egrisi" in georgia_channels.m3u
2026-08-23 18:36:00,843 [WARNING] Failed to find tvg-id="mzetv" in georgia_channels.m3u
2026-08-23 18:36:00,843 [INFO] No file changes were made.
2026-08-23 18:36:00,843 [INFO] === UPDATE EXECUTION FINISHED ===
