2026-08-22 17:23:27,746 [INFO] === UPDATE EXECUTION STARTED ===
2026-08-22 17:23:27,746 [INFO] Fetching Setanta Sports 3 from IPTV-ORG...
2026-08-22 17:23:27,870 [INFO] Launching batch scraper for 44 channels on tv.mar.tv...
2026-08-22 17:23:29,683 [INFO] Scraping rustavi2...
2026-08-22 17:23:35,147 [INFO]  -> Success: https://live8.mar.tv/1/4rd/index.m3u8
2026-08-22 17:23:35,181 [INFO] Scraping maestro...
2026-08-22 17:23:38,512 [INFO]  -> Success: https://live4.mar.tv/83dff59d4c5e74b77de419fd738dc8a5648be53381b884c07131fbc5010e550c/352m/index.m3u8
2026-08-22 17:23:38,546 [INFO] Scraping marao...
2026-08-22 17:23:41,882 [INFO]  -> Success: https://live2.mar.tv/83dff59d4c5e74b77de419fd738dc8a5648be53381b884c07131fbc5010e550c/12sd/index.m3u8
2026-08-22 17:23:41,915 [INFO] Scraping gds...
2026-08-22 17:23:45,243 [INFO]  -> Success: https://live1.mar.tv/83dff59d4c5e74b77de419fd738dc8a5648be53381b884c07131fbc5010e550c/13sd/index.m3u8
2026-08-22 17:23:45,278 [INFO] Scraping comedy...
2026-08-22 17:23:48,611 [INFO]  -> Success: https://live4.mar.tv/83dff59d4c5e74b77de419fd738dc8a5648be53381b884c07131fbc5010e550c/14rd/index.m3u8
2026-08-22 17:23:48,645 [INFO] Scraping bbb...
2026-08-22 17:23:51,976 [INFO]  -> Success: https://live2.mar.tv/83dff59d4c5e74b77de419fd738dc8a5648be53381b884c07131fbc5010e550c/16sd/index.m3u8
2026-08-22 17:23:52,009 [INFO] Scraping enkibenki...
2026-08-22 17:23:55,339 [INFO]  -> Success: https://live2.mar.tv/83dff59d4c5e74b77de419fd738dc8a5648be53381b884c07131fbc5010e550c/17e/index.m3u8
2026-08-22 17:23:55,376 [INFO] Scraping adjaratv...
2026-08-22 17:23:58,713 [INFO]  -> Success: https://live2.mar.tv/83dff59d4c5e74b77de419fd738dc8a5648be53381b884c07131fbc5010e550c/19rd/index.m3u8
2026-08-22 17:23:58,747 [INFO] Scraping rionitv...
2026-08-22 17:24:02,080 [INFO]  -> Success: https://live6.mar.tv/83dff59d4c5e74b77de419fd738dc8a5648be53381b884c07131fbc5010e550c/20rionn/index.m3u8
2026-08-22 17:24:02,115 [INFO] Scraping tv25...
2026-08-22 17:24:05,448 [INFO]  -> Success: https://live6.mar.tv/83dff59d4c5e74b77de419fd738dc8a5648be53381b884c07131fbc5010e550c/23tv25/index.m3u8
2026-08-22 17:24:05,482 [INFO] Scraping tv4rustavi...
2026-08-22 17:24:08,813 [INFO]  -> Success: https://live6.mar.tv/83dff59d4c5e74b77de419fd738dc8a5648be53381b884c07131fbc5010e550c/24tw4/index.m3u8
2026-08-22 17:24:08,847 [INFO] Scraping trialeti...
2026-08-22 17:24:12,176 [INFO]  -> Success: https://live6.mar.tv/83dff59d4c5e74b77de419fd738dc8a5648be53381b884c07131fbc5010e550c/trialleti/index.m3u8
2026-08-22 17:24:12,210 [INFO] Scraping dardimandi...
2026-08-22 17:24:15,544 [INFO]  -> Success: https://live5.mar.tv/83dff59d4c5e74b77de419fd738dc8a5648be53381b884c07131fbc5010e550c/27/index.m3u8
2026-08-22 17:24:15,576 [INFO] Scraping agro...
2026-08-22 17:24:18,904 [INFO]  -> Success: https://live5.mar.tv/83dff59d4c5e74b77de419fd738dc8a5648be53381b884c07131fbc5010e550c/28/index.m3u8
2026-08-22 17:24:18,937 [INFO] Scraping samefo...
2026-08-22 17:24:22,269 [INFO]  -> Success: https://live5.mar.tv/83dff59d4c5e74b77de419fd738dc8a5648be53381b884c07131fbc5010e550c/29/index.m3u8
2026-08-22 17:24:22,306 [INFO] Scraping postv...
2026-08-22 17:24:25,639 [INFO]  -> Success: https://live6.mar.tv/83dff59d4c5e74b77de419fd738dc8a5648be53381b884c07131fbc5010e550c/postvw/index.m3u8
2026-08-22 17:24:25,673 [INFO] Scraping megatv...
2026-08-22 17:24:29,005 [INFO]  -> Success: https://live4.mar.tv/83dff59d4c5e74b77de419fd738dc8a5648be53381b884c07131fbc5010e550c/32st/index.m3u8
2026-08-22 17:24:29,037 [INFO] Scraping qartuliarxi...
2026-08-22 17:24:32,370 [INFO]  -> Success: https://live6.mar.tv/83dff59d4c5e74b77de419fd738dc8a5648be53381b884c07131fbc5010e550c/qartuli/index.m3u8
2026-08-22 17:24:32,406 [INFO] Scraping musicbox...
2026-08-22 17:24:35,736 [INFO]  -> Success: https://live6.mar.tv/83dff59d4c5e74b77de419fd738dc8a5648be53381b884c07131fbc5010e550c/34musge/index.m3u8
2026-08-22 17:24:35,768 [INFO] Scraping marneuli...
2026-08-22 17:24:39,101 [INFO]  -> Success: https://live6.mar.tv/83dff59d4c5e74b77de419fd738dc8a5648be53381b884c07131fbc5010e550c/37marn/index.m3u8
2026-08-22 17:24:39,135 [INFO] Scraping axaliformula...
2026-08-22 17:24:42,469 [INFO]  -> Success: https://live6.mar.tv/83dff59d4c5e74b77de419fd738dc8a5648be53381b884c07131fbc5010e550c/axaliformla/index.m3u8
2026-08-22 17:24:42,502 [INFO] Scraping o2...
2026-08-22 17:24:45,837 [INFO]  -> Success: https://live5.mar.tv/83dff59d4c5e74b77de419fd738dc8a5648be53381b884c07131fbc5010e550c/40/index.m3u8
2026-08-22 17:24:45,873 [INFO] Scraping guria...
2026-08-22 17:24:49,204 [INFO]  -> Success: https://live5.mar.tv/83dff59d4c5e74b77de419fd738dc8a5648be53381b884c07131fbc5010e550c/42/index.m3u8
2026-08-22 17:24:49,236 [INFO] Scraping imervizia...
2026-08-22 17:24:52,570 [INFO]  -> Success: https://live6.mar.tv/83dff59d4c5e74b77de419fd738dc8a5648be53381b884c07131fbc5010e550c/imervizia/index.m3u8
2026-08-22 17:24:52,604 [INFO] Scraping diatv...
2026-08-22 17:24:55,939 [INFO]  -> Success: https://live4.mar.tv/83dff59d4c5e74b77de419fd738dc8a5648be53381b884c07131fbc5010e550c/dia/index.m3u8
2026-08-22 17:24:55,973 [INFO] Scraping chveniarxi...
2026-08-22 17:24:59,312 [INFO]  -> Success: https://live3.mar.tv/83dff59d4c5e74b77de419fd738dc8a5648be53381b884c07131fbc5010e550c/45rd/index.m3u8
2026-08-22 17:24:59,346 [INFO] Scraping batumitv...
2026-08-22 17:25:02,687 [INFO]  -> Success: https://live5.mar.tv/83dff59d4c5e74b77de419fd738dc8a5648be53381b884c07131fbc5010e550c/46/index.m3u8
2026-08-22 17:25:02,721 [INFO] Scraping rcheuli...
2026-08-22 17:25:06,071 [INFO]  -> Success: https://live5.mar.tv/83dff59d4c5e74b77de419fd738dc8a5648be53381b884c07131fbc5010e550c/47/index.m3u8
2026-08-22 17:25:06,107 [INFO] Scraping gurjaani...
2026-08-22 17:25:09,442 [INFO]  -> Success: https://live4.mar.tv/83dff59d4c5e74b77de419fd738dc8a5648be53381b884c07131fbc5010e550c/48m/index.m3u8
2026-08-22 17:25:09,476 [INFO] Scraping molitv...
2026-08-22 17:25:12,819 [INFO]  -> Success: https://live6.mar.tv/83dff59d4c5e74b77de419fd738dc8a5648be53381b884c07131fbc5010e550c/mollltv/index.m3u8
2026-08-22 17:25:12,851 [INFO] Scraping mexute...
2026-08-22 17:25:16,191 [INFO]  -> Success: https://live6.mar.tv/83dff59d4c5e74b77de419fd738dc8a5648be53381b884c07131fbc5010e550c/50/index.m3u8
2026-08-22 17:25:16,227 [INFO] Scraping agrogaremo...
2026-08-22 17:25:19,565 [INFO]  -> Success: https://live6.mar.tv/83dff59d4c5e74b77de419fd738dc8a5648be53381b884c07131fbc5010e550c/agrogaremo/index.m3u8
2026-08-22 17:25:19,599 [INFO] Scraping artv...
2026-08-22 17:25:22,935 [INFO]  -> Success: https://live6.mar.tv/83dff59d4c5e74b77de419fd738dc8a5648be53381b884c07131fbc5010e550c/tafutv/index.m3u8
2026-08-22 17:25:22,969 [INFO] Scraping meteo24...
2026-08-22 17:25:26,308 [INFO]  -> Success: https://live5.mar.tv/83dff59d4c5e74b77de419fd738dc8a5648be53381b884c07131fbc5010e550c/56/index.m3u8
2026-08-22 17:25:26,350 [INFO] Scraping georgiantimes...
2026-08-22 17:25:29,687 [INFO]  -> Success: https://live5.mar.tv/83dff59d4c5e74b77de419fd738dc8a5648be53381b884c07131fbc5010e550c/57/index.m3u8
2026-08-22 17:25:29,719 [INFO] Scraping silkuniversal...
2026-08-22 17:25:33,050 [INFO]  -> Success: https://live2.mar.tv/83dff59d4c5e74b77de419fd738dc8a5648be53381b884c07131fbc5010e550c/1arxiweb/index.m3u8
2026-08-22 17:25:33,086 [INFO] Scraping rugbytv...
2026-08-22 17:25:36,421 [INFO]  -> Success: https://live4.mar.tv/83dff59d4c5e74b77de419fd738dc8a5648be53381b884c07131fbc5010e550c/160m/index.m3u8
2026-08-22 17:25:36,455 [INFO] Scraping gms...
2026-08-22 17:25:39,789 [INFO]  -> Success: https://live5.mar.tv/83dff59d4c5e74b77de419fd738dc8a5648be53381b884c07131fbc5010e550c/161/index.m3u8
2026-08-22 17:25:39,828 [INFO] Scraping aiatv...
2026-08-22 17:25:43,163 [INFO]  -> Success: https://live6.mar.tv/83dff59d4c5e74b77de419fd738dc8a5648be53381b884c07131fbc5010e550c/aia/index.m3u8
2026-08-22 17:25:43,195 [INFO] Scraping batumi2...
2026-08-22 17:25:46,532 [INFO]  -> Success: https://live6.mar.tv/83dff59d4c5e74b77de419fd738dc8a5648be53381b884c07131fbc5010e550c/batumitv2/index.m3u8
2026-08-22 17:25:46,564 [INFO] Scraping altinfo...
2026-08-22 17:25:49,898 [INFO]  -> Success: https://live6.mar.tv/83dff59d4c5e74b77de419fd738dc8a5648be53381b884c07131fbc5010e550c/altinfo/index.m3u8
2026-08-22 17:25:49,932 [INFO] Scraping parliament...
2026-08-22 17:25:53,268 [INFO]  -> Success: https://live6.mar.tv/83dff59d4c5e74b77de419fd738dc8a5648be53381b884c07131fbc5010e550c/parlament/index.m3u8
2026-08-22 17:25:53,303 [INFO] Scraping egrisi...
2026-08-22 17:25:56,642 [INFO]  -> Success: https://live6.mar.tv/83dff59d4c5e74b77de419fd738dc8a5648be53381b884c07131fbc5010e550c/egrisi/index.m3u8
2026-08-22 17:25:56,678 [INFO] Scraping mzetv...
2026-08-22 17:26:00,018 [INFO]  -> Success: https://live6.mar.tv/83dff59d4c5e74b77de419fd738dc8a5648be53381b884c07131fbc5010e550c/mze/index.m3u8
2026-08-22 17:26:00,066 [WARNING] Failed to find tvg-id="rustavi2" in georgia_channels.m3u
2026-08-22 17:26:00,067 [WARNING] Failed to find tvg-id="maestro" in georgia_channels.m3u
2026-08-22 17:26:00,067 [WARNING] Failed to find tvg-id="marao" in georgia_channels.m3u
2026-08-22 17:26:00,067 [WARNING] Failed to find tvg-id="gds" in georgia_channels.m3u
2026-08-22 17:26:00,067 [WARNING] Failed to find tvg-id="comedy" in georgia_channels.m3u
2026-08-22 17:26:00,067 [WARNING] Failed to find tvg-id="bbb" in georgia_channels.m3u
2026-08-22 17:26:00,068 [WARNING] Failed to find tvg-id="enkibenki" in georgia_channels.m3u
2026-08-22 17:26:00,068 [WARNING] Failed to find tvg-id="adjaratv" in georgia_channels.m3u
2026-08-22 17:26:00,068 [WARNING] Failed to find tvg-id="rionitv" in georgia_channels.m3u
2026-08-22 17:26:00,068 [WARNING] Failed to find tvg-id="tv25" in georgia_channels.m3u
2026-08-22 17:26:00,068 [WARNING] Failed to find tvg-id="tv4rustavi" in georgia_channels.m3u
2026-08-22 17:26:00,069 [WARNING] Failed to find tvg-id="trialeti" in georgia_channels.m3u
2026-08-22 17:26:00,069 [WARNING] Failed to find tvg-id="dardimandi" in georgia_channels.m3u
2026-08-22 17:26:00,069 [WARNING] Failed to find tvg-id="agro" in georgia_channels.m3u
2026-08-22 17:26:00,069 [WARNING] Failed to find tvg-id="samefo" in georgia_channels.m3u
2026-08-22 17:26:00,069 [WARNING] Failed to find tvg-id="postv" in georgia_channels.m3u
2026-08-22 17:26:00,070 [WARNING] Failed to find tvg-id="megatv" in georgia_channels.m3u
2026-08-22 17:26:00,070 [WARNING] Failed to find tvg-id="qartuliarxi" in georgia_channels.m3u
2026-08-22 17:26:00,070 [WARNING] Failed to find tvg-id="musicbox" in georgia_channels.m3u
2026-08-22 17:26:00,070 [WARNING] Failed to find tvg-id="marneuli" in georgia_channels.m3u
2026-08-22 17:26:00,071 [WARNING] Failed to find tvg-id="axaliformula" in georgia_channels.m3u
2026-08-22 17:26:00,071 [WARNING] Failed to find tvg-id="o2" in georgia_channels.m3u
2026-08-22 17:26:00,071 [WARNING] Failed to find tvg-id="guria" in georgia_channels.m3u
2026-08-22 17:26:00,071 [WARNING] Failed to find tvg-id="imervizia" in georgia_channels.m3u
2026-08-22 17:26:00,072 [WARNING] Failed to find tvg-id="diatv" in georgia_channels.m3u
2026-08-22 17:26:00,072 [WARNING] Failed to find tvg-id="chveniarxi" in georgia_channels.m3u
2026-08-22 17:26:00,072 [WARNING] Failed to find tvg-id="batumitv" in georgia_channels.m3u
2026-08-22 17:26:00,072 [WARNING] Failed to find tvg-id="rcheuli" in georgia_channels.m3u
2026-08-22 17:26:00,073 [WARNING] Failed to find tvg-id="gurjaani" in georgia_channels.m3u
2026-08-22 17:26:00,073 [WARNING] Failed to find tvg-id="molitv" in georgia_channels.m3u
2026-08-22 17:26:00,073 [WARNING] Failed to find tvg-id="mexute" in georgia_channels.m3u
2026-08-22 17:26:00,073 [WARNING] Failed to find tvg-id="agrogaremo" in georgia_channels.m3u
2026-08-22 17:26:00,074 [WARNING] Failed to find tvg-id="artv" in georgia_channels.m3u
2026-08-22 17:26:00,074 [WARNING] Failed to find tvg-id="meteo24" in georgia_channels.m3u
2026-08-22 17:26:00,074 [WARNING] Failed to find tvg-id="georgiantimes" in georgia_channels.m3u
2026-08-22 17:26:00,074 [WARNING] Failed to find tvg-id="silkuniversal" in georgia_channels.m3u
2026-08-22 17:26:00,075 [WARNING] Failed to find tvg-id="rugbytv" in georgia_channels.m3u
2026-08-22 17:26:00,075 [WARNING] Failed to find tvg-id="gms" in georgia_channels.m3u
2026-08-22 17:26:00,075 [WARNING] Failed to find tvg-id="aiatv" in georgia_channels.m3u
2026-08-22 17:26:00,076 [WARNING] Failed to find tvg-id="batumi2" in georgia_channels.m3u
2026-08-22 17:26:00,076 [WARNING] Failed to find tvg-id="altinfo" in georgia_channels.m3u
2026-08-22 17:26:00,076 [WARNING] Failed to find tvg-id="parliament" in georgia_channels.m3u
2026-08-22 17:26:00,076 [WARNING] Failed to find tvg-id="egrisi" in georgia_channels.m3u
2026-08-22 17:26:00,077 [WARNING] Failed to find tvg-id="mzetv" in georgia_channels.m3u
2026-08-22 17:26:00,077 [INFO] No file changes were made.
2026-08-22 17:26:00,077 [INFO] === UPDATE EXECUTION FINISHED ===
