2026-08-23 14:26:37,644 [INFO] === UPDATE EXECUTION STARTED ===
2026-08-23 14:26:37,645 [INFO] Fetching Setanta Sports 3 from IPTV-ORG...
2026-08-23 14:26:37,717 [INFO] Launching batch scraper for 44 channels on tv.mar.tv...
2026-08-23 14:26:39,461 [INFO] Scraping rustavi2...
2026-08-23 14:26:44,564 [INFO]  -> Success: https://live8.mar.tv/1/4rd/index.m3u8
2026-08-23 14:26:44,599 [INFO] Scraping maestro...
2026-08-23 14:26:47,883 [INFO]  -> Success: https://live4.mar.tv/c4280718ffcb2e987466cf146e102f2cc23ccb387d070cd4a329c5b8850d7b16/352m/index.m3u8
2026-08-23 14:26:47,922 [INFO] Scraping marao...
2026-08-23 14:26:51,209 [INFO]  -> Success: https://live2.mar.tv/c4280718ffcb2e987466cf146e102f2cc23ccb387d070cd4a329c5b8850d7b16/12sd/index.m3u8
2026-08-23 14:26:51,240 [INFO] Scraping gds...
2026-08-23 14:26:54,525 [INFO]  -> Success: https://live1.mar.tv/c4280718ffcb2e987466cf146e102f2cc23ccb387d070cd4a329c5b8850d7b16/13sd/index.m3u8
2026-08-23 14:26:54,563 [INFO] Scraping comedy...
2026-08-23 14:26:57,845 [INFO]  -> Success: https://live4.mar.tv/c4280718ffcb2e987466cf146e102f2cc23ccb387d070cd4a329c5b8850d7b16/14rd/index.m3u8
2026-08-23 14:26:57,879 [INFO] Scraping bbb...
2026-08-23 14:27:01,162 [INFO]  -> Success: https://live2.mar.tv/c4280718ffcb2e987466cf146e102f2cc23ccb387d070cd4a329c5b8850d7b16/16sd/index.m3u8
2026-08-23 14:27:01,196 [INFO] Scraping enkibenki...
2026-08-23 14:27:04,478 [INFO]  -> Success: https://live2.mar.tv/c4280718ffcb2e987466cf146e102f2cc23ccb387d070cd4a329c5b8850d7b16/17e/index.m3u8
2026-08-23 14:27:04,512 [INFO] Scraping adjaratv...
2026-08-23 14:27:07,794 [INFO]  -> Success: https://live2.mar.tv/c4280718ffcb2e987466cf146e102f2cc23ccb387d070cd4a329c5b8850d7b16/19rd/index.m3u8
2026-08-23 14:27:07,839 [INFO] Scraping rionitv...
2026-08-23 14:27:11,121 [INFO]  -> Success: https://live6.mar.tv/c4280718ffcb2e987466cf146e102f2cc23ccb387d070cd4a329c5b8850d7b16/20rionn/index.m3u8
2026-08-23 14:27:11,154 [INFO] Scraping tv25...
2026-08-23 14:27:14,439 [INFO]  -> Success: https://live6.mar.tv/c4280718ffcb2e987466cf146e102f2cc23ccb387d070cd4a329c5b8850d7b16/23tv25/index.m3u8
2026-08-23 14:27:14,472 [INFO] Scraping tv4rustavi...
2026-08-23 14:27:17,758 [INFO]  -> Success: https://live6.mar.tv/c4280718ffcb2e987466cf146e102f2cc23ccb387d070cd4a329c5b8850d7b16/24tw4/index.m3u8
2026-08-23 14:27:17,789 [INFO] Scraping trialeti...
2026-08-23 14:27:21,073 [INFO]  -> Success: https://live6.mar.tv/c4280718ffcb2e987466cf146e102f2cc23ccb387d070cd4a329c5b8850d7b16/trialleti/index.m3u8
2026-08-23 14:27:21,110 [INFO] Scraping dardimandi...
2026-08-23 14:27:24,392 [INFO]  -> Success: https://live5.mar.tv/c4280718ffcb2e987466cf146e102f2cc23ccb387d070cd4a329c5b8850d7b16/27/index.m3u8
2026-08-23 14:27:24,427 [INFO] Scraping agro...
2026-08-23 14:27:27,708 [INFO]  -> Success: https://live5.mar.tv/c4280718ffcb2e987466cf146e102f2cc23ccb387d070cd4a329c5b8850d7b16/28/index.m3u8
2026-08-23 14:27:27,742 [INFO] Scraping samefo...
2026-08-23 14:27:31,025 [INFO]  -> Success: https://live5.mar.tv/c4280718ffcb2e987466cf146e102f2cc23ccb387d070cd4a329c5b8850d7b16/29/index.m3u8
2026-08-23 14:27:31,059 [INFO] Scraping postv...
2026-08-23 14:27:34,340 [INFO]  -> Success: https://live6.mar.tv/c4280718ffcb2e987466cf146e102f2cc23ccb387d070cd4a329c5b8850d7b16/postvw/index.m3u8
2026-08-23 14:27:34,374 [INFO] Scraping megatv...
2026-08-23 14:27:37,655 [INFO]  -> Success: https://live4.mar.tv/c4280718ffcb2e987466cf146e102f2cc23ccb387d070cd4a329c5b8850d7b16/32st/index.m3u8
2026-08-23 14:27:37,687 [INFO] Scraping qartuliarxi...
2026-08-23 14:27:40,967 [INFO]  -> Success: https://live6.mar.tv/c4280718ffcb2e987466cf146e102f2cc23ccb387d070cd4a329c5b8850d7b16/qartuli/index.m3u8
2026-08-23 14:27:41,004 [INFO] Scraping musicbox...
2026-08-23 14:27:44,288 [INFO]  -> Success: https://live6.mar.tv/c4280718ffcb2e987466cf146e102f2cc23ccb387d070cd4a329c5b8850d7b16/34musge/index.m3u8
2026-08-23 14:27:44,320 [INFO] Scraping marneuli...
2026-08-23 14:27:47,604 [INFO]  -> Success: https://live6.mar.tv/c4280718ffcb2e987466cf146e102f2cc23ccb387d070cd4a329c5b8850d7b16/37marn/index.m3u8
2026-08-23 14:27:47,639 [INFO] Scraping axaliformula...
2026-08-23 14:27:50,920 [INFO]  -> Success: https://live6.mar.tv/c4280718ffcb2e987466cf146e102f2cc23ccb387d070cd4a329c5b8850d7b16/axaliformla/index.m3u8
2026-08-23 14:27:50,956 [INFO] Scraping o2...
2026-08-23 14:27:54,239 [INFO]  -> Success: https://live5.mar.tv/c4280718ffcb2e987466cf146e102f2cc23ccb387d070cd4a329c5b8850d7b16/40/index.m3u8
2026-08-23 14:27:54,274 [INFO] Scraping guria...
2026-08-23 14:27:57,560 [INFO]  -> Success: https://live5.mar.tv/c4280718ffcb2e987466cf146e102f2cc23ccb387d070cd4a329c5b8850d7b16/42/index.m3u8
2026-08-23 14:27:57,593 [INFO] Scraping imervizia...
2026-08-23 14:28:00,871 [INFO]  -> Success: https://live6.mar.tv/c4280718ffcb2e987466cf146e102f2cc23ccb387d070cd4a329c5b8850d7b16/imervizia/index.m3u8
2026-08-23 14:28:00,905 [INFO] Scraping diatv...
2026-08-23 14:28:04,186 [INFO]  -> Success: https://live4.mar.tv/c4280718ffcb2e987466cf146e102f2cc23ccb387d070cd4a329c5b8850d7b16/dia/index.m3u8
2026-08-23 14:28:04,223 [INFO] Scraping chveniarxi...
2026-08-23 14:28:07,504 [INFO]  -> Success: https://live3.mar.tv/c4280718ffcb2e987466cf146e102f2cc23ccb387d070cd4a329c5b8850d7b16/45rd/index.m3u8
2026-08-23 14:28:07,540 [INFO] Scraping batumitv...
2026-08-23 14:28:10,826 [INFO]  -> Success: https://live5.mar.tv/c4280718ffcb2e987466cf146e102f2cc23ccb387d070cd4a329c5b8850d7b16/46/index.m3u8
2026-08-23 14:28:10,861 [INFO] Scraping rcheuli...
2026-08-23 14:28:14,144 [INFO]  -> Success: https://live5.mar.tv/c4280718ffcb2e987466cf146e102f2cc23ccb387d070cd4a329c5b8850d7b16/47/index.m3u8
2026-08-23 14:28:14,177 [INFO] Scraping gurjaani...
2026-08-23 14:28:17,457 [INFO]  -> Success: https://live4.mar.tv/c4280718ffcb2e987466cf146e102f2cc23ccb387d070cd4a329c5b8850d7b16/48m/index.m3u8
2026-08-23 14:28:17,492 [INFO] Scraping molitv...
2026-08-23 14:28:20,774 [INFO]  -> Success: https://live6.mar.tv/c4280718ffcb2e987466cf146e102f2cc23ccb387d070cd4a329c5b8850d7b16/mollltv/index.m3u8
2026-08-23 14:28:20,805 [INFO] Scraping mexute...
2026-08-23 14:28:24,085 [INFO]  -> Success: https://live6.mar.tv/c4280718ffcb2e987466cf146e102f2cc23ccb387d070cd4a329c5b8850d7b16/50/index.m3u8
2026-08-23 14:28:24,118 [INFO] Scraping agrogaremo...
2026-08-23 14:28:27,399 [INFO]  -> Success: https://live6.mar.tv/c4280718ffcb2e987466cf146e102f2cc23ccb387d070cd4a329c5b8850d7b16/agrogaremo/index.m3u8
2026-08-23 14:28:27,430 [INFO] Scraping artv...
2026-08-23 14:28:30,715 [INFO]  -> Success: https://live6.mar.tv/c4280718ffcb2e987466cf146e102f2cc23ccb387d070cd4a329c5b8850d7b16/tafutv/index.m3u8
2026-08-23 14:28:30,746 [INFO] Scraping meteo24...
2026-08-23 14:28:34,030 [INFO]  -> Success: https://live5.mar.tv/c4280718ffcb2e987466cf146e102f2cc23ccb387d070cd4a329c5b8850d7b16/56/index.m3u8
2026-08-23 14:28:34,064 [INFO] Scraping georgiantimes...
2026-08-23 14:28:37,348 [INFO]  -> Success: https://live5.mar.tv/c4280718ffcb2e987466cf146e102f2cc23ccb387d070cd4a329c5b8850d7b16/57/index.m3u8
2026-08-23 14:28:37,381 [INFO] Scraping silkuniversal...
2026-08-23 14:28:40,661 [INFO]  -> Success: https://live2.mar.tv/c4280718ffcb2e987466cf146e102f2cc23ccb387d070cd4a329c5b8850d7b16/1arxiweb/index.m3u8
2026-08-23 14:28:40,696 [INFO] Scraping rugbytv...
2026-08-23 14:28:43,979 [INFO]  -> Success: https://live4.mar.tv/c4280718ffcb2e987466cf146e102f2cc23ccb387d070cd4a329c5b8850d7b16/160m/index.m3u8
2026-08-23 14:28:44,016 [INFO] Scraping gms...
2026-08-23 14:28:47,301 [INFO]  -> Success: https://live5.mar.tv/c4280718ffcb2e987466cf146e102f2cc23ccb387d070cd4a329c5b8850d7b16/161/index.m3u8
2026-08-23 14:28:47,336 [INFO] Scraping aiatv...
2026-08-23 14:28:50,615 [INFO]  -> Success: https://live6.mar.tv/c4280718ffcb2e987466cf146e102f2cc23ccb387d070cd4a329c5b8850d7b16/aia/index.m3u8
2026-08-23 14:28:50,648 [INFO] Scraping batumi2...
2026-08-23 14:28:53,933 [INFO]  -> Success: https://live6.mar.tv/c4280718ffcb2e987466cf146e102f2cc23ccb387d070cd4a329c5b8850d7b16/batumitv2/index.m3u8
2026-08-23 14:28:53,968 [INFO] Scraping altinfo...
2026-08-23 14:28:57,252 [INFO]  -> Success: https://live6.mar.tv/c4280718ffcb2e987466cf146e102f2cc23ccb387d070cd4a329c5b8850d7b16/altinfo/index.m3u8
2026-08-23 14:28:57,286 [INFO] Scraping parliament...
2026-08-23 14:29:00,570 [INFO]  -> Success: https://live6.mar.tv/c4280718ffcb2e987466cf146e102f2cc23ccb387d070cd4a329c5b8850d7b16/parlament/index.m3u8
2026-08-23 14:29:00,603 [INFO] Scraping egrisi...
2026-08-23 14:29:03,884 [INFO]  -> Success: https://live6.mar.tv/c4280718ffcb2e987466cf146e102f2cc23ccb387d070cd4a329c5b8850d7b16/egrisi/index.m3u8
2026-08-23 14:29:03,919 [INFO] Scraping mzetv...
2026-08-23 14:29:07,202 [INFO]  -> Success: https://live6.mar.tv/c4280718ffcb2e987466cf146e102f2cc23ccb387d070cd4a329c5b8850d7b16/mze/index.m3u8
2026-08-23 14:29:07,253 [WARNING] Failed to find tvg-id="rustavi2" in georgia_channels.m3u
2026-08-23 14:29:07,253 [WARNING] Failed to find tvg-id="maestro" in georgia_channels.m3u
2026-08-23 14:29:07,254 [WARNING] Failed to find tvg-id="marao" in georgia_channels.m3u
2026-08-23 14:29:07,254 [WARNING] Failed to find tvg-id="gds" in georgia_channels.m3u
2026-08-23 14:29:07,254 [WARNING] Failed to find tvg-id="comedy" in georgia_channels.m3u
2026-08-23 14:29:07,254 [WARNING] Failed to find tvg-id="bbb" in georgia_channels.m3u
2026-08-23 14:29:07,254 [WARNING] Failed to find tvg-id="enkibenki" in georgia_channels.m3u
2026-08-23 14:29:07,254 [WARNING] Failed to find tvg-id="adjaratv" in georgia_channels.m3u
2026-08-23 14:29:07,254 [WARNING] Failed to find tvg-id="rionitv" in georgia_channels.m3u
2026-08-23 14:29:07,255 [WARNING] Failed to find tvg-id="tv25" in georgia_channels.m3u
2026-08-23 14:29:07,255 [WARNING] Failed to find tvg-id="tv4rustavi" in georgia_channels.m3u
2026-08-23 14:29:07,255 [WARNING] Failed to find tvg-id="trialeti" in georgia_channels.m3u
2026-08-23 14:29:07,255 [WARNING] Failed to find tvg-id="dardimandi" in georgia_channels.m3u
2026-08-23 14:29:07,255 [WARNING] Failed to find tvg-id="agro" in georgia_channels.m3u
2026-08-23 14:29:07,255 [WARNING] Failed to find tvg-id="samefo" in georgia_channels.m3u
2026-08-23 14:29:07,256 [WARNING] Failed to find tvg-id="postv" in georgia_channels.m3u
2026-08-23 14:29:07,256 [WARNING] Failed to find tvg-id="megatv" in georgia_channels.m3u
2026-08-23 14:29:07,256 [WARNING] Failed to find tvg-id="qartuliarxi" in georgia_channels.m3u
2026-08-23 14:29:07,256 [WARNING] Failed to find tvg-id="musicbox" in georgia_channels.m3u
2026-08-23 14:29:07,256 [WARNING] Failed to find tvg-id="marneuli" in georgia_channels.m3u
2026-08-23 14:29:07,256 [WARNING] Failed to find tvg-id="axaliformula" in georgia_channels.m3u
2026-08-23 14:29:07,256 [WARNING] Failed to find tvg-id="o2" in georgia_channels.m3u
2026-08-23 14:29:07,257 [WARNING] Failed to find tvg-id="guria" in georgia_channels.m3u
2026-08-23 14:29:07,257 [WARNING] Failed to find tvg-id="imervizia" in georgia_channels.m3u
2026-08-23 14:29:07,257 [WARNING] Failed to find tvg-id="diatv" in georgia_channels.m3u
2026-08-23 14:29:07,257 [WARNING] Failed to find tvg-id="chveniarxi" in georgia_channels.m3u
2026-08-23 14:29:07,257 [WARNING] Failed to find tvg-id="batumitv" in georgia_channels.m3u
2026-08-23 14:29:07,257 [WARNING] Failed to find tvg-id="rcheuli" in georgia_channels.m3u
2026-08-23 14:29:07,258 [WARNING] Failed to find tvg-id="gurjaani" in georgia_channels.m3u
2026-08-23 14:29:07,258 [WARNING] Failed to find tvg-id="molitv" in georgia_channels.m3u
2026-08-23 14:29:07,258 [WARNING] Failed to find tvg-id="mexute" in georgia_channels.m3u
2026-08-23 14:29:07,258 [WARNING] Failed to find tvg-id="agrogaremo" in georgia_channels.m3u
2026-08-23 14:29:07,258 [WARNING] Failed to find tvg-id="artv" in georgia_channels.m3u
2026-08-23 14:29:07,258 [WARNING] Failed to find tvg-id="meteo24" in georgia_channels.m3u
2026-08-23 14:29:07,258 [WARNING] Failed to find tvg-id="georgiantimes" in georgia_channels.m3u
2026-08-23 14:29:07,259 [WARNING] Failed to find tvg-id="silkuniversal" in georgia_channels.m3u
2026-08-23 14:29:07,259 [WARNING] Failed to find tvg-id="rugbytv" in georgia_channels.m3u
2026-08-23 14:29:07,259 [WARNING] Failed to find tvg-id="gms" in georgia_channels.m3u
2026-08-23 14:29:07,259 [WARNING] Failed to find tvg-id="aiatv" in georgia_channels.m3u
2026-08-23 14:29:07,259 [WARNING] Failed to find tvg-id="batumi2" in georgia_channels.m3u
2026-08-23 14:29:07,259 [WARNING] Failed to find tvg-id="altinfo" in georgia_channels.m3u
2026-08-23 14:29:07,260 [WARNING] Failed to find tvg-id="parliament" in georgia_channels.m3u
2026-08-23 14:29:07,260 [WARNING] Failed to find tvg-id="egrisi" in georgia_channels.m3u
2026-08-23 14:29:07,260 [WARNING] Failed to find tvg-id="mzetv" in georgia_channels.m3u
2026-08-23 14:29:07,260 [INFO] No file changes were made.
2026-08-23 14:29:07,260 [INFO] === UPDATE EXECUTION FINISHED ===
