2026-08-24 08:52:03,518 [INFO] === UPDATE EXECUTION STARTED ===
2026-08-24 08:52:03,519 [INFO] Fetching Setanta Sports 3 from IPTV-ORG...
2026-08-24 08:52:03,597 [INFO] Launching batch scraper for 44 channels on tv.mar.tv...
2026-08-24 08:52:05,270 [INFO] Scraping rustavi2...
2026-08-24 08:52:10,239 [INFO]  -> Success: https://live8.mar.tv/1/4rd/index.m3u8
2026-08-24 08:52:10,276 [INFO] Scraping maestro...
2026-08-24 08:52:13,558 [INFO]  -> Success: https://live4.mar.tv/64988c206e4e8e1bb0c79752ab737c468181dbed5e150f66d20de2e24015a025/352m/index.m3u8
2026-08-24 08:52:13,591 [INFO] Scraping marao...
2026-08-24 08:52:16,870 [INFO]  -> Success: https://live2.mar.tv/64988c206e4e8e1bb0c79752ab737c468181dbed5e150f66d20de2e24015a025/12sd/index.m3u8
2026-08-24 08:52:16,904 [INFO] Scraping gds...
2026-08-24 08:52:20,179 [INFO]  -> Success: https://live1.mar.tv/64988c206e4e8e1bb0c79752ab737c468181dbed5e150f66d20de2e24015a025/13sd/index.m3u8
2026-08-24 08:52:20,213 [INFO] Scraping comedy...
2026-08-24 08:52:23,488 [INFO]  -> Success: https://live4.mar.tv/64988c206e4e8e1bb0c79752ab737c468181dbed5e150f66d20de2e24015a025/14rd/index.m3u8
2026-08-24 08:52:23,524 [INFO] Scraping bbb...
2026-08-24 08:52:26,799 [INFO]  -> Success: https://live2.mar.tv/64988c206e4e8e1bb0c79752ab737c468181dbed5e150f66d20de2e24015a025/16sd/index.m3u8
2026-08-24 08:52:26,831 [INFO] Scraping enkibenki...
2026-08-24 08:52:30,105 [INFO]  -> Success: https://live2.mar.tv/64988c206e4e8e1bb0c79752ab737c468181dbed5e150f66d20de2e24015a025/17e/index.m3u8
2026-08-24 08:52:30,140 [INFO] Scraping adjaratv...
2026-08-24 08:52:33,414 [INFO]  -> Success: https://live2.mar.tv/64988c206e4e8e1bb0c79752ab737c468181dbed5e150f66d20de2e24015a025/19rd/index.m3u8
2026-08-24 08:52:33,450 [INFO] Scraping rionitv...
2026-08-24 08:52:36,720 [INFO]  -> Success: https://live6.mar.tv/64988c206e4e8e1bb0c79752ab737c468181dbed5e150f66d20de2e24015a025/20rionn/index.m3u8
2026-08-24 08:52:36,755 [INFO] Scraping tv25...
2026-08-24 08:52:40,033 [INFO]  -> Success: https://live6.mar.tv/64988c206e4e8e1bb0c79752ab737c468181dbed5e150f66d20de2e24015a025/23tv25/index.m3u8
2026-08-24 08:52:40,066 [INFO] Scraping tv4rustavi...
2026-08-24 08:52:43,344 [INFO]  -> Success: https://live6.mar.tv/64988c206e4e8e1bb0c79752ab737c468181dbed5e150f66d20de2e24015a025/24tw4/index.m3u8
2026-08-24 08:52:43,380 [INFO] Scraping trialeti...
2026-08-24 08:52:46,656 [INFO]  -> Success: https://live6.mar.tv/64988c206e4e8e1bb0c79752ab737c468181dbed5e150f66d20de2e24015a025/trialleti/index.m3u8
2026-08-24 08:52:46,690 [INFO] Scraping dardimandi...
2026-08-24 08:52:49,963 [INFO]  -> Success: https://live5.mar.tv/64988c206e4e8e1bb0c79752ab737c468181dbed5e150f66d20de2e24015a025/27/index.m3u8
2026-08-24 08:52:49,997 [INFO] Scraping agro...
2026-08-24 08:52:53,274 [INFO]  -> Success: https://live5.mar.tv/64988c206e4e8e1bb0c79752ab737c468181dbed5e150f66d20de2e24015a025/28/index.m3u8
2026-08-24 08:52:53,306 [INFO] Scraping samefo...
2026-08-24 08:52:56,579 [INFO]  -> Success: https://live5.mar.tv/64988c206e4e8e1bb0c79752ab737c468181dbed5e150f66d20de2e24015a025/29/index.m3u8
2026-08-24 08:52:56,613 [INFO] Scraping postv...
2026-08-24 08:52:59,885 [INFO]  -> Success: https://live6.mar.tv/64988c206e4e8e1bb0c79752ab737c468181dbed5e150f66d20de2e24015a025/postvw/index.m3u8
2026-08-24 08:52:59,918 [INFO] Scraping megatv...
2026-08-24 08:53:03,189 [INFO]  -> Success: https://live4.mar.tv/64988c206e4e8e1bb0c79752ab737c468181dbed5e150f66d20de2e24015a025/32st/index.m3u8
2026-08-24 08:53:03,224 [INFO] Scraping qartuliarxi...
2026-08-24 08:53:06,500 [INFO]  -> Success: https://live6.mar.tv/64988c206e4e8e1bb0c79752ab737c468181dbed5e150f66d20de2e24015a025/qartuli/index.m3u8
2026-08-24 08:53:06,532 [INFO] Scraping musicbox...
2026-08-24 08:53:09,811 [INFO]  -> Success: https://live6.mar.tv/64988c206e4e8e1bb0c79752ab737c468181dbed5e150f66d20de2e24015a025/34musge/index.m3u8
2026-08-24 08:53:09,846 [INFO] Scraping marneuli...
2026-08-24 08:53:13,116 [INFO]  -> Success: https://live6.mar.tv/64988c206e4e8e1bb0c79752ab737c468181dbed5e150f66d20de2e24015a025/37marn/index.m3u8
2026-08-24 08:53:13,152 [INFO] Scraping axaliformula...
2026-08-24 08:53:16,426 [INFO]  -> Success: https://live6.mar.tv/64988c206e4e8e1bb0c79752ab737c468181dbed5e150f66d20de2e24015a025/axaliformla/index.m3u8
2026-08-24 08:53:16,458 [INFO] Scraping o2...
2026-08-24 08:53:19,732 [INFO]  -> Success: https://live5.mar.tv/64988c206e4e8e1bb0c79752ab737c468181dbed5e150f66d20de2e24015a025/40/index.m3u8
2026-08-24 08:53:19,769 [INFO] Scraping guria...
2026-08-24 08:53:23,041 [INFO]  -> Success: https://live5.mar.tv/64988c206e4e8e1bb0c79752ab737c468181dbed5e150f66d20de2e24015a025/42/index.m3u8
2026-08-24 08:53:23,074 [INFO] Scraping imervizia...
2026-08-24 08:53:26,350 [INFO]  -> Success: https://live6.mar.tv/64988c206e4e8e1bb0c79752ab737c468181dbed5e150f66d20de2e24015a025/imervizia/index.m3u8
2026-08-24 08:53:26,387 [INFO] Scraping diatv...
2026-08-24 08:53:29,658 [INFO]  -> Success: https://live4.mar.tv/64988c206e4e8e1bb0c79752ab737c468181dbed5e150f66d20de2e24015a025/dia/index.m3u8
2026-08-24 08:53:29,691 [INFO] Scraping chveniarxi...
2026-08-24 08:53:32,964 [INFO]  -> Success: https://live3.mar.tv/64988c206e4e8e1bb0c79752ab737c468181dbed5e150f66d20de2e24015a025/45rd/index.m3u8
2026-08-24 08:53:32,998 [INFO] Scraping batumitv...
2026-08-24 08:53:36,270 [INFO]  -> Success: https://live5.mar.tv/64988c206e4e8e1bb0c79752ab737c468181dbed5e150f66d20de2e24015a025/46/index.m3u8
2026-08-24 08:53:36,303 [INFO] Scraping rcheuli...
2026-08-24 08:53:39,579 [INFO]  -> Success: https://live5.mar.tv/64988c206e4e8e1bb0c79752ab737c468181dbed5e150f66d20de2e24015a025/47/index.m3u8
2026-08-24 08:53:39,612 [INFO] Scraping gurjaani...
2026-08-24 08:53:42,884 [INFO]  -> Success: https://live4.mar.tv/64988c206e4e8e1bb0c79752ab737c468181dbed5e150f66d20de2e24015a025/48m/index.m3u8
2026-08-24 08:53:42,916 [INFO] Scraping molitv...
2026-08-24 08:53:46,191 [INFO]  -> Success: https://live6.mar.tv/64988c206e4e8e1bb0c79752ab737c468181dbed5e150f66d20de2e24015a025/mollltv/index.m3u8
2026-08-24 08:53:46,228 [INFO] Scraping mexute...
2026-08-24 08:53:49,497 [INFO]  -> Success: https://live6.mar.tv/64988c206e4e8e1bb0c79752ab737c468181dbed5e150f66d20de2e24015a025/50/index.m3u8
2026-08-24 08:53:49,529 [INFO] Scraping agrogaremo...
2026-08-24 08:53:52,801 [INFO]  -> Success: https://live6.mar.tv/64988c206e4e8e1bb0c79752ab737c468181dbed5e150f66d20de2e24015a025/agrogaremo/index.m3u8
2026-08-24 08:53:52,835 [INFO] Scraping artv...
2026-08-24 08:53:56,111 [INFO]  -> Success: https://live6.mar.tv/64988c206e4e8e1bb0c79752ab737c468181dbed5e150f66d20de2e24015a025/tafutv/index.m3u8
2026-08-24 08:53:56,143 [INFO] Scraping meteo24...
2026-08-24 08:53:59,414 [INFO]  -> Success: https://live5.mar.tv/64988c206e4e8e1bb0c79752ab737c468181dbed5e150f66d20de2e24015a025/56/index.m3u8
2026-08-24 08:53:59,450 [INFO] Scraping georgiantimes...
2026-08-24 08:54:02,725 [INFO]  -> Success: https://live5.mar.tv/64988c206e4e8e1bb0c79752ab737c468181dbed5e150f66d20de2e24015a025/57/index.m3u8
2026-08-24 08:54:02,757 [INFO] Scraping silkuniversal...
2026-08-24 08:54:06,029 [INFO]  -> Success: https://live2.mar.tv/64988c206e4e8e1bb0c79752ab737c468181dbed5e150f66d20de2e24015a025/1arxiweb/index.m3u8
2026-08-24 08:54:06,064 [INFO] Scraping rugbytv...
2026-08-24 08:54:09,341 [INFO]  -> Success: https://live4.mar.tv/64988c206e4e8e1bb0c79752ab737c468181dbed5e150f66d20de2e24015a025/160m/index.m3u8
2026-08-24 08:54:09,372 [INFO] Scraping gms...
2026-08-24 08:54:12,648 [INFO]  -> Success: https://live5.mar.tv/64988c206e4e8e1bb0c79752ab737c468181dbed5e150f66d20de2e24015a025/161/index.m3u8
2026-08-24 08:54:12,681 [INFO] Scraping aiatv...
2026-08-24 08:54:15,955 [INFO]  -> Success: https://live6.mar.tv/64988c206e4e8e1bb0c79752ab737c468181dbed5e150f66d20de2e24015a025/aia/index.m3u8
2026-08-24 08:54:15,986 [INFO] Scraping batumi2...
2026-08-24 08:54:19,260 [INFO]  -> Success: https://live6.mar.tv/64988c206e4e8e1bb0c79752ab737c468181dbed5e150f66d20de2e24015a025/batumitv2/index.m3u8
2026-08-24 08:54:19,293 [INFO] Scraping altinfo...
2026-08-24 08:54:22,567 [INFO]  -> Success: https://live6.mar.tv/64988c206e4e8e1bb0c79752ab737c468181dbed5e150f66d20de2e24015a025/altinfo/index.m3u8
2026-08-24 08:54:22,601 [INFO] Scraping parliament...
2026-08-24 08:54:25,878 [INFO]  -> Success: https://live6.mar.tv/64988c206e4e8e1bb0c79752ab737c468181dbed5e150f66d20de2e24015a025/parlament/index.m3u8
2026-08-24 08:54:25,910 [INFO] Scraping egrisi...
2026-08-24 08:54:29,193 [INFO]  -> Success: https://live6.mar.tv/64988c206e4e8e1bb0c79752ab737c468181dbed5e150f66d20de2e24015a025/egrisi/index.m3u8
2026-08-24 08:54:29,225 [INFO] Scraping mzetv...
2026-08-24 08:54:32,495 [INFO]  -> Success: https://live6.mar.tv/64988c206e4e8e1bb0c79752ab737c468181dbed5e150f66d20de2e24015a025/mze/index.m3u8
2026-08-24 08:54:32,549 [WARNING] Failed to find tvg-id="rustavi2" in georgia_channels.m3u
2026-08-24 08:54:32,549 [WARNING] Failed to find tvg-id="maestro" in georgia_channels.m3u
2026-08-24 08:54:32,549 [WARNING] Failed to find tvg-id="marao" in georgia_channels.m3u
2026-08-24 08:54:32,550 [WARNING] Failed to find tvg-id="gds" in georgia_channels.m3u
2026-08-24 08:54:32,550 [WARNING] Failed to find tvg-id="comedy" in georgia_channels.m3u
2026-08-24 08:54:32,550 [WARNING] Failed to find tvg-id="bbb" in georgia_channels.m3u
2026-08-24 08:54:32,550 [WARNING] Failed to find tvg-id="enkibenki" in georgia_channels.m3u
2026-08-24 08:54:32,550 [WARNING] Failed to find tvg-id="adjaratv" in georgia_channels.m3u
2026-08-24 08:54:32,551 [WARNING] Failed to find tvg-id="rionitv" in georgia_channels.m3u
2026-08-24 08:54:32,551 [WARNING] Failed to find tvg-id="tv25" in georgia_channels.m3u
2026-08-24 08:54:32,551 [WARNING] Failed to find tvg-id="tv4rustavi" in georgia_channels.m3u
2026-08-24 08:54:32,551 [WARNING] Failed to find tvg-id="trialeti" in georgia_channels.m3u
2026-08-24 08:54:32,551 [WARNING] Failed to find tvg-id="dardimandi" in georgia_channels.m3u
2026-08-24 08:54:32,552 [WARNING] Failed to find tvg-id="agro" in georgia_channels.m3u
2026-08-24 08:54:32,552 [WARNING] Failed to find tvg-id="samefo" in georgia_channels.m3u
2026-08-24 08:54:32,552 [WARNING] Failed to find tvg-id="postv" in georgia_channels.m3u
2026-08-24 08:54:32,552 [WARNING] Failed to find tvg-id="megatv" in georgia_channels.m3u
2026-08-24 08:54:32,552 [WARNING] Failed to find tvg-id="qartuliarxi" in georgia_channels.m3u
2026-08-24 08:54:32,553 [WARNING] Failed to find tvg-id="musicbox" in georgia_channels.m3u
2026-08-24 08:54:32,553 [WARNING] Failed to find tvg-id="marneuli" in georgia_channels.m3u
2026-08-24 08:54:32,553 [WARNING] Failed to find tvg-id="axaliformula" in georgia_channels.m3u
2026-08-24 08:54:32,553 [WARNING] Failed to find tvg-id="o2" in georgia_channels.m3u
2026-08-24 08:54:32,554 [WARNING] Failed to find tvg-id="guria" in georgia_channels.m3u
2026-08-24 08:54:32,554 [WARNING] Failed to find tvg-id="imervizia" in georgia_channels.m3u
2026-08-24 08:54:32,554 [WARNING] Failed to find tvg-id="diatv" in georgia_channels.m3u
2026-08-24 08:54:32,554 [WARNING] Failed to find tvg-id="chveniarxi" in georgia_channels.m3u
2026-08-24 08:54:32,554 [WARNING] Failed to find tvg-id="batumitv" in georgia_channels.m3u
2026-08-24 08:54:32,554 [WARNING] Failed to find tvg-id="rcheuli" in georgia_channels.m3u
2026-08-24 08:54:32,555 [WARNING] Failed to find tvg-id="gurjaani" in georgia_channels.m3u
2026-08-24 08:54:32,555 [WARNING] Failed to find tvg-id="molitv" in georgia_channels.m3u
2026-08-24 08:54:32,555 [WARNING] Failed to find tvg-id="mexute" in georgia_channels.m3u
2026-08-24 08:54:32,555 [WARNING] Failed to find tvg-id="agrogaremo" in georgia_channels.m3u
2026-08-24 08:54:32,555 [WARNING] Failed to find tvg-id="artv" in georgia_channels.m3u
2026-08-24 08:54:32,556 [WARNING] Failed to find tvg-id="meteo24" in georgia_channels.m3u
2026-08-24 08:54:32,556 [WARNING] Failed to find tvg-id="georgiantimes" in georgia_channels.m3u
2026-08-24 08:54:32,556 [WARNING] Failed to find tvg-id="silkuniversal" in georgia_channels.m3u
2026-08-24 08:54:32,556 [WARNING] Failed to find tvg-id="rugbytv" in georgia_channels.m3u
2026-08-24 08:54:32,556 [WARNING] Failed to find tvg-id="gms" in georgia_channels.m3u
2026-08-24 08:54:32,557 [WARNING] Failed to find tvg-id="aiatv" in georgia_channels.m3u
2026-08-24 08:54:32,557 [WARNING] Failed to find tvg-id="batumi2" in georgia_channels.m3u
2026-08-24 08:54:32,557 [WARNING] Failed to find tvg-id="altinfo" in georgia_channels.m3u
2026-08-24 08:54:32,557 [WARNING] Failed to find tvg-id="parliament" in georgia_channels.m3u
2026-08-24 08:54:32,557 [WARNING] Failed to find tvg-id="egrisi" in georgia_channels.m3u
2026-08-24 08:54:32,558 [WARNING] Failed to find tvg-id="mzetv" in georgia_channels.m3u
2026-08-24 08:54:32,558 [INFO] No file changes were made.
2026-08-24 08:54:32,558 [INFO] === UPDATE EXECUTION FINISHED ===
