2026-08-24 11:31:58,379 [INFO] === UPDATE EXECUTION STARTED ===
2026-08-24 11:31:58,379 [INFO] Fetching Setanta Sports 3 from IPTV-ORG...
2026-08-24 11:31:58,507 [INFO] Launching batch scraper for 44 channels on tv.mar.tv...
2026-08-24 11:31:59,254 [INFO] Scraping rustavi2...
2026-08-24 11:32:04,950 [INFO]  -> Success: https://live8.mar.tv/1/4rd/index.m3u8
2026-08-24 11:32:04,984 [INFO] Scraping maestro...
2026-08-24 11:32:08,332 [INFO]  -> Success: https://live4.mar.tv/b3a2d9743494ecf6df10f6679fffed80d64908e1d0543c63d9959e3d113e8a14/352m/index.m3u8
2026-08-24 11:32:08,365 [INFO] Scraping marao...
2026-08-24 11:32:11,708 [INFO]  -> Success: https://live2.mar.tv/b3a2d9743494ecf6df10f6679fffed80d64908e1d0543c63d9959e3d113e8a14/12sd/index.m3u8
2026-08-24 11:32:11,745 [INFO] Scraping gds...
2026-08-24 11:32:15,083 [INFO]  -> Success: https://live1.mar.tv/b3a2d9743494ecf6df10f6679fffed80d64908e1d0543c63d9959e3d113e8a14/13sd/index.m3u8
2026-08-24 11:32:15,119 [INFO] Scraping comedy...
2026-08-24 11:32:18,463 [INFO]  -> Success: https://live4.mar.tv/b3a2d9743494ecf6df10f6679fffed80d64908e1d0543c63d9959e3d113e8a14/14rd/index.m3u8
2026-08-24 11:32:18,497 [INFO] Scraping bbb...
2026-08-24 11:32:21,840 [INFO]  -> Success: https://live2.mar.tv/b3a2d9743494ecf6df10f6679fffed80d64908e1d0543c63d9959e3d113e8a14/16sd/index.m3u8
2026-08-24 11:32:21,875 [INFO] Scraping enkibenki...
2026-08-24 11:32:25,218 [INFO]  -> Success: https://live2.mar.tv/b3a2d9743494ecf6df10f6679fffed80d64908e1d0543c63d9959e3d113e8a14/17e/index.m3u8
2026-08-24 11:32:25,251 [INFO] Scraping adjaratv...
2026-08-24 11:32:28,586 [INFO]  -> Success: https://live2.mar.tv/b3a2d9743494ecf6df10f6679fffed80d64908e1d0543c63d9959e3d113e8a14/19rd/index.m3u8
2026-08-24 11:32:28,623 [INFO] Scraping rionitv...
2026-08-24 11:32:31,964 [INFO]  -> Success: https://live6.mar.tv/b3a2d9743494ecf6df10f6679fffed80d64908e1d0543c63d9959e3d113e8a14/20rionn/index.m3u8
2026-08-24 11:32:31,998 [INFO] Scraping tv25...
2026-08-24 11:32:35,340 [INFO]  -> Success: https://live6.mar.tv/b3a2d9743494ecf6df10f6679fffed80d64908e1d0543c63d9959e3d113e8a14/23tv25/index.m3u8
2026-08-24 11:32:35,376 [INFO] Scraping tv4rustavi...
2026-08-24 11:32:38,718 [INFO]  -> Success: https://live6.mar.tv/b3a2d9743494ecf6df10f6679fffed80d64908e1d0543c63d9959e3d113e8a14/24tw4/index.m3u8
2026-08-24 11:32:38,757 [INFO] Scraping trialeti...
2026-08-24 11:32:42,101 [INFO]  -> Success: https://live6.mar.tv/b3a2d9743494ecf6df10f6679fffed80d64908e1d0543c63d9959e3d113e8a14/trialleti/index.m3u8
2026-08-24 11:32:42,135 [INFO] Scraping dardimandi...
2026-08-24 11:32:45,479 [INFO]  -> Success: https://live5.mar.tv/b3a2d9743494ecf6df10f6679fffed80d64908e1d0543c63d9959e3d113e8a14/27/index.m3u8
2026-08-24 11:32:45,513 [INFO] Scraping agro...
2026-08-24 11:32:48,855 [INFO]  -> Success: https://live5.mar.tv/b3a2d9743494ecf6df10f6679fffed80d64908e1d0543c63d9959e3d113e8a14/28/index.m3u8
2026-08-24 11:32:48,889 [INFO] Scraping samefo...
2026-08-24 11:32:52,231 [INFO]  -> Success: https://live5.mar.tv/b3a2d9743494ecf6df10f6679fffed80d64908e1d0543c63d9959e3d113e8a14/29/index.m3u8
2026-08-24 11:32:52,265 [INFO] Scraping postv...
2026-08-24 11:32:55,606 [INFO]  -> Success: https://live6.mar.tv/b3a2d9743494ecf6df10f6679fffed80d64908e1d0543c63d9959e3d113e8a14/postvw/index.m3u8
2026-08-24 11:32:55,640 [INFO] Scraping megatv...
2026-08-24 11:32:58,981 [INFO]  -> Success: https://live4.mar.tv/b3a2d9743494ecf6df10f6679fffed80d64908e1d0543c63d9959e3d113e8a14/32st/index.m3u8
2026-08-24 11:32:59,018 [INFO] Scraping qartuliarxi...
2026-08-24 11:33:02,362 [INFO]  -> Success: https://live6.mar.tv/b3a2d9743494ecf6df10f6679fffed80d64908e1d0543c63d9959e3d113e8a14/qartuli/index.m3u8
2026-08-24 11:33:02,395 [INFO] Scraping musicbox...
2026-08-24 11:33:05,738 [INFO]  -> Success: https://live6.mar.tv/b3a2d9743494ecf6df10f6679fffed80d64908e1d0543c63d9959e3d113e8a14/34musge/index.m3u8
2026-08-24 11:33:05,772 [INFO] Scraping marneuli...
2026-08-24 11:33:09,113 [INFO]  -> Success: https://live6.mar.tv/b3a2d9743494ecf6df10f6679fffed80d64908e1d0543c63d9959e3d113e8a14/37marn/index.m3u8
2026-08-24 11:33:09,146 [INFO] Scraping axaliformula...
2026-08-24 11:33:12,486 [INFO]  -> Success: https://live6.mar.tv/b3a2d9743494ecf6df10f6679fffed80d64908e1d0543c63d9959e3d113e8a14/axaliformla/index.m3u8
2026-08-24 11:33:12,520 [INFO] Scraping o2...
2026-08-24 11:33:15,861 [INFO]  -> Success: https://live5.mar.tv/b3a2d9743494ecf6df10f6679fffed80d64908e1d0543c63d9959e3d113e8a14/40/index.m3u8
2026-08-24 11:33:15,897 [INFO] Scraping guria...
2026-08-24 11:33:19,236 [INFO]  -> Success: https://live5.mar.tv/b3a2d9743494ecf6df10f6679fffed80d64908e1d0543c63d9959e3d113e8a14/42/index.m3u8
2026-08-24 11:33:19,270 [INFO] Scraping imervizia...
2026-08-24 11:33:22,612 [INFO]  -> Success: https://live6.mar.tv/b3a2d9743494ecf6df10f6679fffed80d64908e1d0543c63d9959e3d113e8a14/imervizia/index.m3u8
2026-08-24 11:33:22,651 [INFO] Scraping diatv...
2026-08-24 11:33:25,993 [INFO]  -> Success: https://live4.mar.tv/b3a2d9743494ecf6df10f6679fffed80d64908e1d0543c63d9959e3d113e8a14/dia/index.m3u8
2026-08-24 11:33:26,027 [INFO] Scraping chveniarxi...
2026-08-24 11:33:29,372 [INFO]  -> Success: https://live3.mar.tv/b3a2d9743494ecf6df10f6679fffed80d64908e1d0543c63d9959e3d113e8a14/45rd/index.m3u8
2026-08-24 11:33:29,407 [INFO] Scraping batumitv...
2026-08-24 11:33:32,750 [INFO]  -> Success: https://live5.mar.tv/b3a2d9743494ecf6df10f6679fffed80d64908e1d0543c63d9959e3d113e8a14/46/index.m3u8
2026-08-24 11:33:32,788 [INFO] Scraping rcheuli...
2026-08-24 11:33:36,131 [INFO]  -> Success: https://live5.mar.tv/b3a2d9743494ecf6df10f6679fffed80d64908e1d0543c63d9959e3d113e8a14/47/index.m3u8
2026-08-24 11:33:36,166 [INFO] Scraping gurjaani...
2026-08-24 11:33:39,507 [INFO]  -> Success: https://live4.mar.tv/b3a2d9743494ecf6df10f6679fffed80d64908e1d0543c63d9959e3d113e8a14/48m/index.m3u8
2026-08-24 11:33:39,543 [INFO] Scraping molitv...
2026-08-24 11:33:42,889 [INFO]  -> Success: https://live6.mar.tv/b3a2d9743494ecf6df10f6679fffed80d64908e1d0543c63d9959e3d113e8a14/mollltv/index.m3u8
2026-08-24 11:33:42,922 [INFO] Scraping mexute...
2026-08-24 11:33:46,258 [INFO]  -> Success: https://live6.mar.tv/b3a2d9743494ecf6df10f6679fffed80d64908e1d0543c63d9959e3d113e8a14/50/index.m3u8
2026-08-24 11:33:46,291 [INFO] Scraping agrogaremo...
2026-08-24 11:33:49,632 [INFO]  -> Success: https://live6.mar.tv/b3a2d9743494ecf6df10f6679fffed80d64908e1d0543c63d9959e3d113e8a14/agrogaremo/index.m3u8
2026-08-24 11:33:49,666 [INFO] Scraping artv...
2026-08-24 11:33:53,005 [INFO]  -> Success: https://live6.mar.tv/b3a2d9743494ecf6df10f6679fffed80d64908e1d0543c63d9959e3d113e8a14/tafutv/index.m3u8
2026-08-24 11:33:53,038 [INFO] Scraping meteo24...
2026-08-24 11:33:56,381 [INFO]  -> Success: https://live5.mar.tv/b3a2d9743494ecf6df10f6679fffed80d64908e1d0543c63d9959e3d113e8a14/56/index.m3u8
2026-08-24 11:33:56,417 [INFO] Scraping georgiantimes...
2026-08-24 11:33:59,756 [INFO]  -> Success: https://live5.mar.tv/b3a2d9743494ecf6df10f6679fffed80d64908e1d0543c63d9959e3d113e8a14/57/index.m3u8
2026-08-24 11:33:59,790 [INFO] Scraping silkuniversal...
2026-08-24 11:34:03,132 [INFO]  -> Success: https://live2.mar.tv/b3a2d9743494ecf6df10f6679fffed80d64908e1d0543c63d9959e3d113e8a14/1arxiweb/index.m3u8
2026-08-24 11:34:03,166 [INFO] Scraping rugbytv...
2026-08-24 11:34:06,503 [INFO]  -> Success: https://live4.mar.tv/b3a2d9743494ecf6df10f6679fffed80d64908e1d0543c63d9959e3d113e8a14/160m/index.m3u8
2026-08-24 11:34:06,536 [INFO] Scraping gms...
2026-08-24 11:34:09,874 [INFO]  -> Success: https://live5.mar.tv/b3a2d9743494ecf6df10f6679fffed80d64908e1d0543c63d9959e3d113e8a14/161/index.m3u8
2026-08-24 11:34:09,909 [INFO] Scraping aiatv...
2026-08-24 11:34:13,252 [INFO]  -> Success: https://live6.mar.tv/b3a2d9743494ecf6df10f6679fffed80d64908e1d0543c63d9959e3d113e8a14/aia/index.m3u8
2026-08-24 11:34:13,285 [INFO] Scraping batumi2...
2026-08-24 11:34:16,621 [INFO]  -> Success: https://live6.mar.tv/b3a2d9743494ecf6df10f6679fffed80d64908e1d0543c63d9959e3d113e8a14/batumitv2/index.m3u8
2026-08-24 11:34:16,655 [INFO] Scraping altinfo...
2026-08-24 11:34:19,995 [INFO]  -> Success: https://live6.mar.tv/b3a2d9743494ecf6df10f6679fffed80d64908e1d0543c63d9959e3d113e8a14/altinfo/index.m3u8
2026-08-24 11:34:20,029 [INFO] Scraping parliament...
2026-08-24 11:34:23,369 [INFO]  -> Success: https://live6.mar.tv/b3a2d9743494ecf6df10f6679fffed80d64908e1d0543c63d9959e3d113e8a14/parlament/index.m3u8
2026-08-24 11:34:23,402 [INFO] Scraping egrisi...
2026-08-24 11:34:26,743 [INFO]  -> Success: https://live6.mar.tv/b3a2d9743494ecf6df10f6679fffed80d64908e1d0543c63d9959e3d113e8a14/egrisi/index.m3u8
2026-08-24 11:34:26,774 [INFO] Scraping mzetv...
2026-08-24 11:34:30,119 [INFO]  -> Success: https://live6.mar.tv/b3a2d9743494ecf6df10f6679fffed80d64908e1d0543c63d9959e3d113e8a14/mze/index.m3u8
2026-08-24 11:34:30,162 [WARNING] Failed to find tvg-id="rustavi2" in georgia_channels.m3u
2026-08-24 11:34:30,162 [WARNING] Failed to find tvg-id="maestro" in georgia_channels.m3u
2026-08-24 11:34:30,163 [WARNING] Failed to find tvg-id="marao" in georgia_channels.m3u
2026-08-24 11:34:30,163 [WARNING] Failed to find tvg-id="gds" in georgia_channels.m3u
2026-08-24 11:34:30,163 [WARNING] Failed to find tvg-id="comedy" in georgia_channels.m3u
2026-08-24 11:34:30,163 [WARNING] Failed to find tvg-id="bbb" in georgia_channels.m3u
2026-08-24 11:34:30,164 [WARNING] Failed to find tvg-id="enkibenki" in georgia_channels.m3u
2026-08-24 11:34:30,164 [WARNING] Failed to find tvg-id="adjaratv" in georgia_channels.m3u
2026-08-24 11:34:30,164 [WARNING] Failed to find tvg-id="rionitv" in georgia_channels.m3u
2026-08-24 11:34:30,164 [WARNING] Failed to find tvg-id="tv25" in georgia_channels.m3u
2026-08-24 11:34:30,165 [WARNING] Failed to find tvg-id="tv4rustavi" in georgia_channels.m3u
2026-08-24 11:34:30,165 [WARNING] Failed to find tvg-id="trialeti" in georgia_channels.m3u
2026-08-24 11:34:30,165 [WARNING] Failed to find tvg-id="dardimandi" in georgia_channels.m3u
2026-08-24 11:34:30,165 [WARNING] Failed to find tvg-id="agro" in georgia_channels.m3u
2026-08-24 11:34:30,165 [WARNING] Failed to find tvg-id="samefo" in georgia_channels.m3u
2026-08-24 11:34:30,166 [WARNING] Failed to find tvg-id="postv" in georgia_channels.m3u
2026-08-24 11:34:30,166 [WARNING] Failed to find tvg-id="megatv" in georgia_channels.m3u
2026-08-24 11:34:30,166 [WARNING] Failed to find tvg-id="qartuliarxi" in georgia_channels.m3u
2026-08-24 11:34:30,166 [WARNING] Failed to find tvg-id="musicbox" in georgia_channels.m3u
2026-08-24 11:34:30,166 [WARNING] Failed to find tvg-id="marneuli" in georgia_channels.m3u
2026-08-24 11:34:30,167 [WARNING] Failed to find tvg-id="axaliformula" in georgia_channels.m3u
2026-08-24 11:34:30,167 [WARNING] Failed to find tvg-id="o2" in georgia_channels.m3u
2026-08-24 11:34:30,167 [WARNING] Failed to find tvg-id="guria" in georgia_channels.m3u
2026-08-24 11:34:30,167 [WARNING] Failed to find tvg-id="imervizia" in georgia_channels.m3u
2026-08-24 11:34:30,167 [WARNING] Failed to find tvg-id="diatv" in georgia_channels.m3u
2026-08-24 11:34:30,168 [WARNING] Failed to find tvg-id="chveniarxi" in georgia_channels.m3u
2026-08-24 11:34:30,168 [WARNING] Failed to find tvg-id="batumitv" in georgia_channels.m3u
2026-08-24 11:34:30,168 [WARNING] Failed to find tvg-id="rcheuli" in georgia_channels.m3u
2026-08-24 11:34:30,168 [WARNING] Failed to find tvg-id="gurjaani" in georgia_channels.m3u
2026-08-24 11:34:30,169 [WARNING] Failed to find tvg-id="molitv" in georgia_channels.m3u
2026-08-24 11:34:30,169 [WARNING] Failed to find tvg-id="mexute" in georgia_channels.m3u
2026-08-24 11:34:30,169 [WARNING] Failed to find tvg-id="agrogaremo" in georgia_channels.m3u
2026-08-24 11:34:30,169 [WARNING] Failed to find tvg-id="artv" in georgia_channels.m3u
2026-08-24 11:34:30,169 [WARNING] Failed to find tvg-id="meteo24" in georgia_channels.m3u
2026-08-24 11:34:30,170 [WARNING] Failed to find tvg-id="georgiantimes" in georgia_channels.m3u
2026-08-24 11:34:30,170 [WARNING] Failed to find tvg-id="silkuniversal" in georgia_channels.m3u
2026-08-24 11:34:30,170 [WARNING] Failed to find tvg-id="rugbytv" in georgia_channels.m3u
2026-08-24 11:34:30,170 [WARNING] Failed to find tvg-id="gms" in georgia_channels.m3u
2026-08-24 11:34:30,170 [WARNING] Failed to find tvg-id="aiatv" in georgia_channels.m3u
2026-08-24 11:34:30,171 [WARNING] Failed to find tvg-id="batumi2" in georgia_channels.m3u
2026-08-24 11:34:30,171 [WARNING] Failed to find tvg-id="altinfo" in georgia_channels.m3u
2026-08-24 11:34:30,171 [WARNING] Failed to find tvg-id="parliament" in georgia_channels.m3u
2026-08-24 11:34:30,171 [WARNING] Failed to find tvg-id="egrisi" in georgia_channels.m3u
2026-08-24 11:34:30,171 [WARNING] Failed to find tvg-id="mzetv" in georgia_channels.m3u
2026-08-24 11:34:30,171 [INFO] No file changes were made.
2026-08-24 11:34:30,171 [INFO] === UPDATE EXECUTION FINISHED ===
