2026-08-26 14:54:10,009 [INFO] === UPDATE EXECUTION STARTED ===
2026-08-26 14:54:10,009 [INFO] Fetching Setanta Sports 3 from IPTV-ORG...
2026-08-26 14:54:10,130 [INFO] Launching batch scraper for 44 channels on tv.mar.tv...
2026-08-26 14:54:11,832 [INFO] Scraping rustavi2...
2026-08-26 14:54:17,098 [INFO]  -> Success: https://live8.mar.tv/1/4rd/index.m3u8
2026-08-26 14:54:17,125 [INFO] Scraping maestro...
2026-08-26 14:54:20,393 [INFO]  -> Success: https://live4.mar.tv/afe6cc2fa771ab8f0293962039d119da5275ec0b9c8902c054d572393677e77d/352m/index.m3u8
2026-08-26 14:54:20,427 [INFO] Scraping marao...
2026-08-26 14:54:23,693 [INFO]  -> Success: https://live2.mar.tv/afe6cc2fa771ab8f0293962039d119da5275ec0b9c8902c054d572393677e77d/12sd/index.m3u8
2026-08-26 14:54:23,719 [INFO] Scraping gds...
2026-08-26 14:54:26,981 [INFO]  -> Success: https://live1.mar.tv/afe6cc2fa771ab8f0293962039d119da5275ec0b9c8902c054d572393677e77d/13sd/index.m3u8
2026-08-26 14:54:27,009 [INFO] Scraping comedy...
2026-08-26 14:54:30,279 [INFO]  -> Success: https://live4.mar.tv/afe6cc2fa771ab8f0293962039d119da5275ec0b9c8902c054d572393677e77d/14rd/index.m3u8
2026-08-26 14:54:30,304 [INFO] Scraping bbb...
2026-08-26 14:54:33,571 [INFO]  -> Success: https://live2.mar.tv/afe6cc2fa771ab8f0293962039d119da5275ec0b9c8902c054d572393677e77d/16sd/index.m3u8
2026-08-26 14:54:33,594 [INFO] Scraping enkibenki...
2026-08-26 14:54:36,859 [INFO]  -> Success: https://live2.mar.tv/afe6cc2fa771ab8f0293962039d119da5275ec0b9c8902c054d572393677e77d/17e/index.m3u8
2026-08-26 14:54:36,891 [INFO] Scraping adjaratv...
2026-08-26 14:54:40,170 [INFO]  -> Success: https://live2.mar.tv/afe6cc2fa771ab8f0293962039d119da5275ec0b9c8902c054d572393677e77d/19rd/index.m3u8
2026-08-26 14:54:40,197 [INFO] Scraping rionitv...
2026-08-26 14:54:43,473 [INFO]  -> Success: https://live6.mar.tv/afe6cc2fa771ab8f0293962039d119da5275ec0b9c8902c054d572393677e77d/20rionn/index.m3u8
2026-08-26 14:54:43,502 [INFO] Scraping tv25...
2026-08-26 14:54:46,766 [INFO]  -> Success: https://live6.mar.tv/afe6cc2fa771ab8f0293962039d119da5275ec0b9c8902c054d572393677e77d/23tv25/index.m3u8
2026-08-26 14:54:46,789 [INFO] Scraping tv4rustavi...
2026-08-26 14:54:50,058 [INFO]  -> Success: https://live6.mar.tv/afe6cc2fa771ab8f0293962039d119da5275ec0b9c8902c054d572393677e77d/24tw4/index.m3u8
2026-08-26 14:54:50,087 [INFO] Scraping trialeti...
2026-08-26 14:54:53,420 [INFO]  -> Success: https://live6.mar.tv/afe6cc2fa771ab8f0293962039d119da5275ec0b9c8902c054d572393677e77d/trialleti/index.m3u8
2026-08-26 14:54:53,445 [INFO] Scraping dardimandi...
2026-08-26 14:54:56,721 [INFO]  -> Success: https://live5.mar.tv/afe6cc2fa771ab8f0293962039d119da5275ec0b9c8902c054d572393677e77d/27/index.m3u8
2026-08-26 14:54:56,751 [INFO] Scraping agro...
2026-08-26 14:55:00,022 [INFO]  -> Success: https://live5.mar.tv/afe6cc2fa771ab8f0293962039d119da5275ec0b9c8902c054d572393677e77d/28/index.m3u8
2026-08-26 14:55:00,048 [INFO] Scraping samefo...
2026-08-26 14:55:03,320 [INFO]  -> Success: https://live5.mar.tv/afe6cc2fa771ab8f0293962039d119da5275ec0b9c8902c054d572393677e77d/29/index.m3u8
2026-08-26 14:55:03,344 [INFO] Scraping postv...
2026-08-26 14:55:06,613 [INFO]  -> Success: https://live6.mar.tv/afe6cc2fa771ab8f0293962039d119da5275ec0b9c8902c054d572393677e77d/postvw/index.m3u8
2026-08-26 14:55:06,637 [INFO] Scraping megatv...
2026-08-26 14:55:09,902 [INFO]  -> Success: https://live4.mar.tv/afe6cc2fa771ab8f0293962039d119da5275ec0b9c8902c054d572393677e77d/32st/index.m3u8
2026-08-26 14:55:09,930 [INFO] Scraping qartuliarxi...
2026-08-26 14:55:13,204 [INFO]  -> Success: https://live6.mar.tv/afe6cc2fa771ab8f0293962039d119da5275ec0b9c8902c054d572393677e77d/qartuli/index.m3u8
2026-08-26 14:55:13,227 [INFO] Scraping musicbox...
2026-08-26 14:55:16,494 [INFO]  -> Success: https://live6.mar.tv/afe6cc2fa771ab8f0293962039d119da5275ec0b9c8902c054d572393677e77d/34musge/index.m3u8
2026-08-26 14:55:16,518 [INFO] Scraping marneuli...
2026-08-26 14:55:19,788 [INFO]  -> Success: https://live6.mar.tv/afe6cc2fa771ab8f0293962039d119da5275ec0b9c8902c054d572393677e77d/37marn/index.m3u8
2026-08-26 14:55:19,814 [INFO] Scraping axaliformula...
2026-08-26 14:55:23,082 [INFO]  -> Success: https://live6.mar.tv/afe6cc2fa771ab8f0293962039d119da5275ec0b9c8902c054d572393677e77d/axaliformla/index.m3u8
2026-08-26 14:55:23,107 [INFO] Scraping o2...
2026-08-26 14:55:26,373 [INFO]  -> Success: https://live5.mar.tv/afe6cc2fa771ab8f0293962039d119da5275ec0b9c8902c054d572393677e77d/40/index.m3u8
2026-08-26 14:55:26,397 [INFO] Scraping guria...
2026-08-26 14:55:29,663 [INFO]  -> Success: https://live5.mar.tv/afe6cc2fa771ab8f0293962039d119da5275ec0b9c8902c054d572393677e77d/42/index.m3u8
2026-08-26 14:55:29,688 [INFO] Scraping imervizia...
2026-08-26 14:55:32,955 [INFO]  -> Success: https://live6.mar.tv/afe6cc2fa771ab8f0293962039d119da5275ec0b9c8902c054d572393677e77d/imervizia/index.m3u8
2026-08-26 14:55:32,982 [INFO] Scraping diatv...
2026-08-26 14:55:36,249 [INFO]  -> Success: https://live4.mar.tv/afe6cc2fa771ab8f0293962039d119da5275ec0b9c8902c054d572393677e77d/dia/index.m3u8
2026-08-26 14:55:36,277 [INFO] Scraping chveniarxi...
2026-08-26 14:55:39,544 [INFO]  -> Success: https://live3.mar.tv/afe6cc2fa771ab8f0293962039d119da5275ec0b9c8902c054d572393677e77d/45rd/index.m3u8
2026-08-26 14:55:39,569 [INFO] Scraping batumitv...
2026-08-26 14:55:42,837 [INFO]  -> Success: https://live5.mar.tv/afe6cc2fa771ab8f0293962039d119da5275ec0b9c8902c054d572393677e77d/46/index.m3u8
2026-08-26 14:55:42,864 [INFO] Scraping rcheuli...
2026-08-26 14:55:46,131 [INFO]  -> Success: https://live5.mar.tv/afe6cc2fa771ab8f0293962039d119da5275ec0b9c8902c054d572393677e77d/47/index.m3u8
2026-08-26 14:55:46,156 [INFO] Scraping gurjaani...
2026-08-26 14:55:49,425 [INFO]  -> Success: https://live4.mar.tv/afe6cc2fa771ab8f0293962039d119da5275ec0b9c8902c054d572393677e77d/48m/index.m3u8
2026-08-26 14:55:49,450 [INFO] Scraping molitv...
2026-08-26 14:55:52,717 [INFO]  -> Success: https://live6.mar.tv/afe6cc2fa771ab8f0293962039d119da5275ec0b9c8902c054d572393677e77d/mollltv/index.m3u8
2026-08-26 14:55:52,742 [INFO] Scraping mexute...
2026-08-26 14:55:56,007 [INFO]  -> Success: https://live6.mar.tv/afe6cc2fa771ab8f0293962039d119da5275ec0b9c8902c054d572393677e77d/50/index.m3u8
2026-08-26 14:55:56,033 [INFO] Scraping agrogaremo...
2026-08-26 14:55:59,303 [INFO]  -> Success: https://live6.mar.tv/afe6cc2fa771ab8f0293962039d119da5275ec0b9c8902c054d572393677e77d/agrogaremo/index.m3u8
2026-08-26 14:55:59,328 [INFO] Scraping artv...
2026-08-26 14:56:02,595 [INFO]  -> Success: https://live6.mar.tv/afe6cc2fa771ab8f0293962039d119da5275ec0b9c8902c054d572393677e77d/tafutv/index.m3u8
2026-08-26 14:56:02,622 [INFO] Scraping meteo24...
2026-08-26 14:56:05,892 [INFO]  -> Success: https://live5.mar.tv/afe6cc2fa771ab8f0293962039d119da5275ec0b9c8902c054d572393677e77d/56/index.m3u8
2026-08-26 14:56:05,918 [INFO] Scraping georgiantimes...
2026-08-26 14:56:09,189 [INFO]  -> Success: https://live5.mar.tv/afe6cc2fa771ab8f0293962039d119da5275ec0b9c8902c054d572393677e77d/57/index.m3u8
2026-08-26 14:56:09,215 [INFO] Scraping silkuniversal...
2026-08-26 14:56:12,479 [INFO]  -> Success: https://live2.mar.tv/afe6cc2fa771ab8f0293962039d119da5275ec0b9c8902c054d572393677e77d/1arxiweb/index.m3u8
2026-08-26 14:56:12,506 [INFO] Scraping rugbytv...
2026-08-26 14:56:15,775 [INFO]  -> Success: https://live4.mar.tv/afe6cc2fa771ab8f0293962039d119da5275ec0b9c8902c054d572393677e77d/160m/index.m3u8
2026-08-26 14:56:15,802 [INFO] Scraping gms...
2026-08-26 14:56:19,067 [INFO]  -> Success: https://live5.mar.tv/afe6cc2fa771ab8f0293962039d119da5275ec0b9c8902c054d572393677e77d/161/index.m3u8
2026-08-26 14:56:19,095 [INFO] Scraping aiatv...
2026-08-26 14:56:22,361 [INFO]  -> Success: https://live6.mar.tv/afe6cc2fa771ab8f0293962039d119da5275ec0b9c8902c054d572393677e77d/aia/index.m3u8
2026-08-26 14:56:22,386 [INFO] Scraping batumi2...
2026-08-26 14:56:25,654 [INFO]  -> Success: https://live6.mar.tv/afe6cc2fa771ab8f0293962039d119da5275ec0b9c8902c054d572393677e77d/batumitv2/index.m3u8
2026-08-26 14:56:25,680 [INFO] Scraping altinfo...
2026-08-26 14:56:28,949 [INFO]  -> Success: https://live6.mar.tv/afe6cc2fa771ab8f0293962039d119da5275ec0b9c8902c054d572393677e77d/altinfo/index.m3u8
2026-08-26 14:56:28,975 [INFO] Scraping parliament...
2026-08-26 14:56:32,243 [INFO]  -> Success: https://live6.mar.tv/afe6cc2fa771ab8f0293962039d119da5275ec0b9c8902c054d572393677e77d/parlament/index.m3u8
2026-08-26 14:56:32,267 [INFO] Scraping egrisi...
2026-08-26 14:56:35,534 [INFO]  -> Success: https://live6.mar.tv/afe6cc2fa771ab8f0293962039d119da5275ec0b9c8902c054d572393677e77d/egrisi/index.m3u8
2026-08-26 14:56:35,563 [INFO] Scraping mzetv...
2026-08-26 14:56:38,833 [INFO]  -> Success: https://live6.mar.tv/afe6cc2fa771ab8f0293962039d119da5275ec0b9c8902c054d572393677e77d/mze/index.m3u8
2026-08-26 14:56:38,871 [WARNING] Failed to find tvg-id="rustavi2" in georgia_channels.m3u
2026-08-26 14:56:38,872 [WARNING] Failed to find tvg-id="maestro" in georgia_channels.m3u
2026-08-26 14:56:38,872 [WARNING] Failed to find tvg-id="marao" in georgia_channels.m3u
2026-08-26 14:56:38,872 [WARNING] Failed to find tvg-id="gds" in georgia_channels.m3u
2026-08-26 14:56:38,872 [WARNING] Failed to find tvg-id="comedy" in georgia_channels.m3u
2026-08-26 14:56:38,872 [WARNING] Failed to find tvg-id="bbb" in georgia_channels.m3u
2026-08-26 14:56:38,872 [WARNING] Failed to find tvg-id="enkibenki" in georgia_channels.m3u
2026-08-26 14:56:38,872 [WARNING] Failed to find tvg-id="adjaratv" in georgia_channels.m3u
2026-08-26 14:56:38,873 [WARNING] Failed to find tvg-id="rionitv" in georgia_channels.m3u
2026-08-26 14:56:38,873 [WARNING] Failed to find tvg-id="tv25" in georgia_channels.m3u
2026-08-26 14:56:38,873 [WARNING] Failed to find tvg-id="tv4rustavi" in georgia_channels.m3u
2026-08-26 14:56:38,873 [WARNING] Failed to find tvg-id="trialeti" in georgia_channels.m3u
2026-08-26 14:56:38,873 [WARNING] Failed to find tvg-id="dardimandi" in georgia_channels.m3u
2026-08-26 14:56:38,873 [WARNING] Failed to find tvg-id="agro" in georgia_channels.m3u
2026-08-26 14:56:38,873 [WARNING] Failed to find tvg-id="samefo" in georgia_channels.m3u
2026-08-26 14:56:38,874 [WARNING] Failed to find tvg-id="postv" in georgia_channels.m3u
2026-08-26 14:56:38,874 [WARNING] Failed to find tvg-id="megatv" in georgia_channels.m3u
2026-08-26 14:56:38,874 [WARNING] Failed to find tvg-id="qartuliarxi" in georgia_channels.m3u
2026-08-26 14:56:38,874 [WARNING] Failed to find tvg-id="musicbox" in georgia_channels.m3u
2026-08-26 14:56:38,874 [WARNING] Failed to find tvg-id="marneuli" in georgia_channels.m3u
2026-08-26 14:56:38,874 [WARNING] Failed to find tvg-id="axaliformula" in georgia_channels.m3u
2026-08-26 14:56:38,874 [WARNING] Failed to find tvg-id="o2" in georgia_channels.m3u
2026-08-26 14:56:38,875 [WARNING] Failed to find tvg-id="guria" in georgia_channels.m3u
2026-08-26 14:56:38,875 [WARNING] Failed to find tvg-id="imervizia" in georgia_channels.m3u
2026-08-26 14:56:38,875 [WARNING] Failed to find tvg-id="diatv" in georgia_channels.m3u
2026-08-26 14:56:38,875 [WARNING] Failed to find tvg-id="chveniarxi" in georgia_channels.m3u
2026-08-26 14:56:38,875 [WARNING] Failed to find tvg-id="batumitv" in georgia_channels.m3u
2026-08-26 14:56:38,875 [WARNING] Failed to find tvg-id="rcheuli" in georgia_channels.m3u
2026-08-26 14:56:38,875 [WARNING] Failed to find tvg-id="gurjaani" in georgia_channels.m3u
2026-08-26 14:56:38,875 [WARNING] Failed to find tvg-id="molitv" in georgia_channels.m3u
2026-08-26 14:56:38,875 [WARNING] Failed to find tvg-id="mexute" in georgia_channels.m3u
2026-08-26 14:56:38,875 [WARNING] Failed to find tvg-id="agrogaremo" in georgia_channels.m3u
2026-08-26 14:56:38,876 [WARNING] Failed to find tvg-id="artv" in georgia_channels.m3u
2026-08-26 14:56:38,876 [WARNING] Failed to find tvg-id="meteo24" in georgia_channels.m3u
2026-08-26 14:56:38,876 [WARNING] Failed to find tvg-id="georgiantimes" in georgia_channels.m3u
2026-08-26 14:56:38,876 [WARNING] Failed to find tvg-id="silkuniversal" in georgia_channels.m3u
2026-08-26 14:56:38,876 [WARNING] Failed to find tvg-id="rugbytv" in georgia_channels.m3u
2026-08-26 14:56:38,876 [WARNING] Failed to find tvg-id="gms" in georgia_channels.m3u
2026-08-26 14:56:38,876 [WARNING] Failed to find tvg-id="aiatv" in georgia_channels.m3u
2026-08-26 14:56:38,876 [WARNING] Failed to find tvg-id="batumi2" in georgia_channels.m3u
2026-08-26 14:56:38,876 [WARNING] Failed to find tvg-id="altinfo" in georgia_channels.m3u
2026-08-26 14:56:38,877 [WARNING] Failed to find tvg-id="parliament" in georgia_channels.m3u
2026-08-26 14:56:38,877 [WARNING] Failed to find tvg-id="egrisi" in georgia_channels.m3u
2026-08-26 14:56:38,877 [WARNING] Failed to find tvg-id="mzetv" in georgia_channels.m3u
2026-08-26 14:56:38,877 [INFO] No file changes were made.
2026-08-26 14:56:38,877 [INFO] === UPDATE EXECUTION FINISHED ===
