2026-08-21 18:40:07,573 [INFO] === UPDATE EXECUTION STARTED ===
2026-08-21 18:40:07,573 [INFO] Fetching Setanta Sports 3 from IPTV-ORG...
2026-08-21 18:40:07,699 [INFO] Launching batch scraper for 44 channels on tv.mar.tv...
2026-08-21 18:40:08,289 [INFO] Scraping rustavi2...
2026-08-21 18:40:13,511 [INFO]  -> Success: https://live8.mar.tv/1/4rd/index.m3u8
2026-08-21 18:40:13,551 [INFO] Scraping maestro...
2026-08-21 18:40:16,842 [INFO]  -> Success: https://live4.mar.tv/2b4c144fae78485b799e0c2ec2b820b31878633a4248ed98e1855258ab71a50a/352m/index.m3u8
2026-08-21 18:40:16,876 [INFO] Scraping marao...
2026-08-21 18:40:20,172 [INFO]  -> Success: https://live2.mar.tv/2b4c144fae78485b799e0c2ec2b820b31878633a4248ed98e1855258ab71a50a/12sd/index.m3u8
2026-08-21 18:40:20,207 [INFO] Scraping gds...
2026-08-21 18:40:23,501 [INFO]  -> Success: https://live1.mar.tv/2b4c144fae78485b799e0c2ec2b820b31878633a4248ed98e1855258ab71a50a/13sd/index.m3u8
2026-08-21 18:40:23,536 [INFO] Scraping comedy...
2026-08-21 18:40:26,833 [INFO]  -> Success: https://live4.mar.tv/2b4c144fae78485b799e0c2ec2b820b31878633a4248ed98e1855258ab71a50a/14rd/index.m3u8
2026-08-21 18:40:26,866 [INFO] Scraping bbb...
2026-08-21 18:40:30,165 [INFO]  -> Success: https://live2.mar.tv/2b4c144fae78485b799e0c2ec2b820b31878633a4248ed98e1855258ab71a50a/16sd/index.m3u8
2026-08-21 18:40:30,197 [INFO] Scraping enkibenki...
2026-08-21 18:40:33,497 [INFO]  -> Success: https://live2.mar.tv/2b4c144fae78485b799e0c2ec2b820b31878633a4248ed98e1855258ab71a50a/17e/index.m3u8
2026-08-21 18:40:33,529 [INFO] Scraping adjaratv...
2026-08-21 18:40:36,825 [INFO]  -> Success: https://live2.mar.tv/2b4c144fae78485b799e0c2ec2b820b31878633a4248ed98e1855258ab71a50a/19rd/index.m3u8
2026-08-21 18:40:36,857 [INFO] Scraping rionitv...
2026-08-21 18:40:40,157 [INFO]  -> Success: https://live6.mar.tv/2b4c144fae78485b799e0c2ec2b820b31878633a4248ed98e1855258ab71a50a/20rionn/index.m3u8
2026-08-21 18:40:40,191 [INFO] Scraping tv25...
2026-08-21 18:40:43,488 [INFO]  -> Success: https://live6.mar.tv/2b4c144fae78485b799e0c2ec2b820b31878633a4248ed98e1855258ab71a50a/23tv25/index.m3u8
2026-08-21 18:40:43,521 [INFO] Scraping tv4rustavi...
2026-08-21 18:40:46,822 [INFO]  -> Success: https://live6.mar.tv/2b4c144fae78485b799e0c2ec2b820b31878633a4248ed98e1855258ab71a50a/24tw4/index.m3u8
2026-08-21 18:40:46,856 [INFO] Scraping trialeti...
2026-08-21 18:40:50,153 [INFO]  -> Success: https://live6.mar.tv/2b4c144fae78485b799e0c2ec2b820b31878633a4248ed98e1855258ab71a50a/trialleti/index.m3u8
2026-08-21 18:40:50,184 [INFO] Scraping dardimandi...
2026-08-21 18:40:53,483 [INFO]  -> Success: https://live5.mar.tv/2b4c144fae78485b799e0c2ec2b820b31878633a4248ed98e1855258ab71a50a/27/index.m3u8
2026-08-21 18:40:53,514 [INFO] Scraping agro...
2026-08-21 18:40:56,806 [INFO]  -> Success: https://live5.mar.tv/2b4c144fae78485b799e0c2ec2b820b31878633a4248ed98e1855258ab71a50a/28/index.m3u8
2026-08-21 18:40:56,838 [INFO] Scraping samefo...
2026-08-21 18:41:00,134 [INFO]  -> Success: https://live5.mar.tv/2b4c144fae78485b799e0c2ec2b820b31878633a4248ed98e1855258ab71a50a/29/index.m3u8
2026-08-21 18:41:00,168 [INFO] Scraping postv...
2026-08-21 18:41:03,466 [INFO]  -> Success: https://live6.mar.tv/2b4c144fae78485b799e0c2ec2b820b31878633a4248ed98e1855258ab71a50a/postvw/index.m3u8
2026-08-21 18:41:03,498 [INFO] Scraping megatv...
2026-08-21 18:41:06,825 [INFO]  -> Success: https://live4.mar.tv/2b4c144fae78485b799e0c2ec2b820b31878633a4248ed98e1855258ab71a50a/32st/index.m3u8
2026-08-21 18:41:06,857 [INFO] Scraping qartuliarxi...
2026-08-21 18:41:10,152 [INFO]  -> Success: https://live6.mar.tv/2b4c144fae78485b799e0c2ec2b820b31878633a4248ed98e1855258ab71a50a/qartuli/index.m3u8
2026-08-21 18:41:10,187 [INFO] Scraping musicbox...
2026-08-21 18:41:13,476 [INFO]  -> Success: https://live6.mar.tv/2b4c144fae78485b799e0c2ec2b820b31878633a4248ed98e1855258ab71a50a/34musge/index.m3u8
2026-08-21 18:41:13,509 [INFO] Scraping marneuli...
2026-08-21 18:41:16,802 [INFO]  -> Success: https://live6.mar.tv/2b4c144fae78485b799e0c2ec2b820b31878633a4248ed98e1855258ab71a50a/37marn/index.m3u8
2026-08-21 18:41:16,833 [INFO] Scraping axaliformula...
2026-08-21 18:41:20,131 [INFO]  -> Success: https://live6.mar.tv/2b4c144fae78485b799e0c2ec2b820b31878633a4248ed98e1855258ab71a50a/axaliformla/index.m3u8
2026-08-21 18:41:20,162 [INFO] Scraping o2...
2026-08-21 18:41:23,456 [INFO]  -> Success: https://live5.mar.tv/2b4c144fae78485b799e0c2ec2b820b31878633a4248ed98e1855258ab71a50a/40/index.m3u8
2026-08-21 18:41:23,489 [INFO] Scraping guria...
2026-08-21 18:41:26,779 [INFO]  -> Success: https://live5.mar.tv/2b4c144fae78485b799e0c2ec2b820b31878633a4248ed98e1855258ab71a50a/42/index.m3u8
2026-08-21 18:41:26,812 [INFO] Scraping imervizia...
2026-08-21 18:41:30,103 [INFO]  -> Success: https://live6.mar.tv/2b4c144fae78485b799e0c2ec2b820b31878633a4248ed98e1855258ab71a50a/imervizia/index.m3u8
2026-08-21 18:41:30,135 [INFO] Scraping diatv...
2026-08-21 18:41:33,426 [INFO]  -> Success: https://live4.mar.tv/2b4c144fae78485b799e0c2ec2b820b31878633a4248ed98e1855258ab71a50a/dia/index.m3u8
2026-08-21 18:41:33,460 [INFO] Scraping chveniarxi...
2026-08-21 18:41:36,754 [INFO]  -> Success: https://live3.mar.tv/2b4c144fae78485b799e0c2ec2b820b31878633a4248ed98e1855258ab71a50a/45rd/index.m3u8
2026-08-21 18:41:36,788 [INFO] Scraping batumitv...
2026-08-21 18:41:40,083 [INFO]  -> Success: https://live5.mar.tv/2b4c144fae78485b799e0c2ec2b820b31878633a4248ed98e1855258ab71a50a/46/index.m3u8
2026-08-21 18:41:40,117 [INFO] Scraping rcheuli...
2026-08-21 18:41:43,413 [INFO]  -> Success: https://live5.mar.tv/2b4c144fae78485b799e0c2ec2b820b31878633a4248ed98e1855258ab71a50a/47/index.m3u8
2026-08-21 18:41:43,448 [INFO] Scraping gurjaani...
2026-08-21 18:41:46,737 [INFO]  -> Success: https://live4.mar.tv/2b4c144fae78485b799e0c2ec2b820b31878633a4248ed98e1855258ab71a50a/48m/index.m3u8
2026-08-21 18:41:46,770 [INFO] Scraping molitv...
2026-08-21 18:41:50,060 [INFO]  -> Success: https://live6.mar.tv/2b4c144fae78485b799e0c2ec2b820b31878633a4248ed98e1855258ab71a50a/mollltv/index.m3u8
2026-08-21 18:41:50,093 [INFO] Scraping mexute...
2026-08-21 18:41:53,383 [INFO]  -> Success: https://live6.mar.tv/2b4c144fae78485b799e0c2ec2b820b31878633a4248ed98e1855258ab71a50a/50/index.m3u8
2026-08-21 18:41:53,416 [INFO] Scraping agrogaremo...
2026-08-21 18:41:56,708 [INFO]  -> Success: https://live6.mar.tv/2b4c144fae78485b799e0c2ec2b820b31878633a4248ed98e1855258ab71a50a/agrogaremo/index.m3u8
2026-08-21 18:41:56,740 [INFO] Scraping artv...
2026-08-21 18:42:00,034 [INFO]  -> Success: https://live6.mar.tv/2b4c144fae78485b799e0c2ec2b820b31878633a4248ed98e1855258ab71a50a/tafutv/index.m3u8
2026-08-21 18:42:00,066 [INFO] Scraping meteo24...
2026-08-21 18:42:03,358 [INFO]  -> Success: https://live5.mar.tv/2b4c144fae78485b799e0c2ec2b820b31878633a4248ed98e1855258ab71a50a/56/index.m3u8
2026-08-21 18:42:03,389 [INFO] Scraping georgiantimes...
2026-08-21 18:42:06,683 [INFO]  -> Success: https://live5.mar.tv/2b4c144fae78485b799e0c2ec2b820b31878633a4248ed98e1855258ab71a50a/57/index.m3u8
2026-08-21 18:42:06,716 [INFO] Scraping silkuniversal...
2026-08-21 18:42:10,010 [INFO]  -> Success: https://live2.mar.tv/2b4c144fae78485b799e0c2ec2b820b31878633a4248ed98e1855258ab71a50a/1arxiweb/index.m3u8
2026-08-21 18:42:10,044 [INFO] Scraping rugbytv...
2026-08-21 18:42:13,335 [INFO]  -> Success: https://live4.mar.tv/2b4c144fae78485b799e0c2ec2b820b31878633a4248ed98e1855258ab71a50a/160m/index.m3u8
2026-08-21 18:42:13,371 [INFO] Scraping gms...
2026-08-21 18:42:16,661 [INFO]  -> Success: https://live5.mar.tv/2b4c144fae78485b799e0c2ec2b820b31878633a4248ed98e1855258ab71a50a/161/index.m3u8
2026-08-21 18:42:16,695 [INFO] Scraping aiatv...
2026-08-21 18:42:19,988 [INFO]  -> Success: https://live6.mar.tv/2b4c144fae78485b799e0c2ec2b820b31878633a4248ed98e1855258ab71a50a/aia/index.m3u8
2026-08-21 18:42:20,022 [INFO] Scraping batumi2...
2026-08-21 18:42:23,320 [INFO]  -> Success: https://live6.mar.tv/2b4c144fae78485b799e0c2ec2b820b31878633a4248ed98e1855258ab71a50a/batumitv2/index.m3u8
2026-08-21 18:42:23,354 [INFO] Scraping altinfo...
2026-08-21 18:42:26,646 [INFO]  -> Success: https://live6.mar.tv/2b4c144fae78485b799e0c2ec2b820b31878633a4248ed98e1855258ab71a50a/altinfo/index.m3u8
2026-08-21 18:42:26,681 [INFO] Scraping parliament...
2026-08-21 18:42:29,973 [INFO]  -> Success: https://live6.mar.tv/2b4c144fae78485b799e0c2ec2b820b31878633a4248ed98e1855258ab71a50a/parlament/index.m3u8
2026-08-21 18:42:30,008 [INFO] Scraping egrisi...
2026-08-21 18:42:33,303 [INFO]  -> Success: https://live6.mar.tv/2b4c144fae78485b799e0c2ec2b820b31878633a4248ed98e1855258ab71a50a/egrisi/index.m3u8
2026-08-21 18:42:33,337 [INFO] Scraping mzetv...
2026-08-21 18:42:36,630 [INFO]  -> Success: https://live6.mar.tv/2b4c144fae78485b799e0c2ec2b820b31878633a4248ed98e1855258ab71a50a/mze/index.m3u8
2026-08-21 18:42:36,677 [WARNING] Failed to find tvg-id="rustavi2" in georgia_channels.m3u
2026-08-21 18:42:36,677 [WARNING] Failed to find tvg-id="maestro" in georgia_channels.m3u
2026-08-21 18:42:36,678 [WARNING] Failed to find tvg-id="marao" in georgia_channels.m3u
2026-08-21 18:42:36,678 [WARNING] Failed to find tvg-id="gds" in georgia_channels.m3u
2026-08-21 18:42:36,678 [WARNING] Failed to find tvg-id="comedy" in georgia_channels.m3u
2026-08-21 18:42:36,678 [WARNING] Failed to find tvg-id="bbb" in georgia_channels.m3u
2026-08-21 18:42:36,678 [WARNING] Failed to find tvg-id="enkibenki" in georgia_channels.m3u
2026-08-21 18:42:36,679 [WARNING] Failed to find tvg-id="adjaratv" in georgia_channels.m3u
2026-08-21 18:42:36,679 [WARNING] Failed to find tvg-id="rionitv" in georgia_channels.m3u
2026-08-21 18:42:36,679 [WARNING] Failed to find tvg-id="tv25" in georgia_channels.m3u
2026-08-21 18:42:36,679 [WARNING] Failed to find tvg-id="tv4rustavi" in georgia_channels.m3u
2026-08-21 18:42:36,679 [WARNING] Failed to find tvg-id="trialeti" in georgia_channels.m3u
2026-08-21 18:42:36,680 [WARNING] Failed to find tvg-id="dardimandi" in georgia_channels.m3u
2026-08-21 18:42:36,680 [WARNING] Failed to find tvg-id="agro" in georgia_channels.m3u
2026-08-21 18:42:36,680 [WARNING] Failed to find tvg-id="samefo" in georgia_channels.m3u
2026-08-21 18:42:36,680 [WARNING] Failed to find tvg-id="postv" in georgia_channels.m3u
2026-08-21 18:42:36,680 [WARNING] Failed to find tvg-id="megatv" in georgia_channels.m3u
2026-08-21 18:42:36,681 [WARNING] Failed to find tvg-id="qartuliarxi" in georgia_channels.m3u
2026-08-21 18:42:36,681 [WARNING] Failed to find tvg-id="musicbox" in georgia_channels.m3u
2026-08-21 18:42:36,681 [WARNING] Failed to find tvg-id="marneuli" in georgia_channels.m3u
2026-08-21 18:42:36,682 [WARNING] Failed to find tvg-id="axaliformula" in georgia_channels.m3u
2026-08-21 18:42:36,682 [WARNING] Failed to find tvg-id="o2" in georgia_channels.m3u
2026-08-21 18:42:36,682 [WARNING] Failed to find tvg-id="guria" in georgia_channels.m3u
2026-08-21 18:42:36,682 [WARNING] Failed to find tvg-id="imervizia" in georgia_channels.m3u
2026-08-21 18:42:36,683 [WARNING] Failed to find tvg-id="diatv" in georgia_channels.m3u
2026-08-21 18:42:36,683 [WARNING] Failed to find tvg-id="chveniarxi" in georgia_channels.m3u
2026-08-21 18:42:36,683 [WARNING] Failed to find tvg-id="batumitv" in georgia_channels.m3u
2026-08-21 18:42:36,683 [WARNING] Failed to find tvg-id="rcheuli" in georgia_channels.m3u
2026-08-21 18:42:36,684 [WARNING] Failed to find tvg-id="gurjaani" in georgia_channels.m3u
2026-08-21 18:42:36,684 [WARNING] Failed to find tvg-id="molitv" in georgia_channels.m3u
2026-08-21 18:42:36,684 [WARNING] Failed to find tvg-id="mexute" in georgia_channels.m3u
2026-08-21 18:42:36,684 [WARNING] Failed to find tvg-id="agrogaremo" in georgia_channels.m3u
2026-08-21 18:42:36,685 [WARNING] Failed to find tvg-id="artv" in georgia_channels.m3u
2026-08-21 18:42:36,685 [WARNING] Failed to find tvg-id="meteo24" in georgia_channels.m3u
2026-08-21 18:42:36,685 [WARNING] Failed to find tvg-id="georgiantimes" in georgia_channels.m3u
2026-08-21 18:42:36,685 [WARNING] Failed to find tvg-id="silkuniversal" in georgia_channels.m3u
2026-08-21 18:42:36,686 [WARNING] Failed to find tvg-id="rugbytv" in georgia_channels.m3u
2026-08-21 18:42:36,686 [WARNING] Failed to find tvg-id="gms" in georgia_channels.m3u
2026-08-21 18:42:36,686 [WARNING] Failed to find tvg-id="aiatv" in georgia_channels.m3u
2026-08-21 18:42:36,686 [WARNING] Failed to find tvg-id="batumi2" in georgia_channels.m3u
2026-08-21 18:42:36,687 [WARNING] Failed to find tvg-id="altinfo" in georgia_channels.m3u
2026-08-21 18:42:36,687 [WARNING] Failed to find tvg-id="parliament" in georgia_channels.m3u
2026-08-21 18:42:36,687 [WARNING] Failed to find tvg-id="egrisi" in georgia_channels.m3u
2026-08-21 18:42:36,687 [WARNING] Failed to find tvg-id="mzetv" in georgia_channels.m3u
2026-08-21 18:42:36,688 [INFO] No file changes were made.
2026-08-21 18:42:36,688 [INFO] === UPDATE EXECUTION FINISHED ===
