2026-08-21 17:31:48,605 [INFO] === UPDATE EXECUTION STARTED ===
2026-08-21 17:31:48,605 [INFO] Fetching Setanta Sports 3 from IPTV-ORG...
2026-08-21 17:31:48,743 [INFO] Launching batch scraper for 44 channels on tv.mar.tv...
2026-08-21 17:31:49,351 [INFO] Scraping rustavi2...
2026-08-21 17:31:54,940 [INFO]  -> Success: https://live8.mar.tv/1/4rd/index.m3u8
2026-08-21 17:31:54,978 [INFO] Scraping maestro...
2026-08-21 17:31:58,310 [INFO]  -> Success: https://live4.mar.tv/b6e39e3510df265404737d45af76206c2480592540f4695c8a8ed44b8f140e11/352m/index.m3u8
2026-08-21 17:31:58,344 [INFO] Scraping marao...
2026-08-21 17:32:01,677 [INFO]  -> Success: https://live2.mar.tv/b6e39e3510df265404737d45af76206c2480592540f4695c8a8ed44b8f140e11/12sd/index.m3u8
2026-08-21 17:32:01,717 [INFO] Scraping gds...
2026-08-21 17:32:05,051 [INFO]  -> Success: https://live1.mar.tv/b6e39e3510df265404737d45af76206c2480592540f4695c8a8ed44b8f140e11/13sd/index.m3u8
2026-08-21 17:32:05,085 [INFO] Scraping comedy...
2026-08-21 17:32:08,413 [INFO]  -> Success: https://live4.mar.tv/b6e39e3510df265404737d45af76206c2480592540f4695c8a8ed44b8f140e11/14rd/index.m3u8
2026-08-21 17:32:08,447 [INFO] Scraping bbb...
2026-08-21 17:32:11,780 [INFO]  -> Success: https://live2.mar.tv/b6e39e3510df265404737d45af76206c2480592540f4695c8a8ed44b8f140e11/16sd/index.m3u8
2026-08-21 17:32:11,817 [INFO] Scraping enkibenki...
2026-08-21 17:32:15,147 [INFO]  -> Success: https://live2.mar.tv/b6e39e3510df265404737d45af76206c2480592540f4695c8a8ed44b8f140e11/17e/index.m3u8
2026-08-21 17:32:15,183 [INFO] Scraping adjaratv...
2026-08-21 17:32:18,513 [INFO]  -> Success: https://live2.mar.tv/b6e39e3510df265404737d45af76206c2480592540f4695c8a8ed44b8f140e11/19rd/index.m3u8
2026-08-21 17:32:18,550 [INFO] Scraping rionitv...
2026-08-21 17:32:21,876 [INFO]  -> Success: https://live6.mar.tv/b6e39e3510df265404737d45af76206c2480592540f4695c8a8ed44b8f140e11/20rionn/index.m3u8
2026-08-21 17:32:21,911 [INFO] Scraping tv25...
2026-08-21 17:32:25,240 [INFO]  -> Success: https://live6.mar.tv/b6e39e3510df265404737d45af76206c2480592540f4695c8a8ed44b8f140e11/23tv25/index.m3u8
2026-08-21 17:32:25,272 [INFO] Scraping tv4rustavi...
2026-08-21 17:32:28,598 [INFO]  -> Success: https://live6.mar.tv/b6e39e3510df265404737d45af76206c2480592540f4695c8a8ed44b8f140e11/24tw4/index.m3u8
2026-08-21 17:32:28,631 [INFO] Scraping trialeti...
2026-08-21 17:32:31,953 [INFO]  -> Success: https://live6.mar.tv/b6e39e3510df265404737d45af76206c2480592540f4695c8a8ed44b8f140e11/trialleti/index.m3u8
2026-08-21 17:32:31,990 [INFO] Scraping dardimandi...
2026-08-21 17:32:35,320 [INFO]  -> Success: https://live5.mar.tv/b6e39e3510df265404737d45af76206c2480592540f4695c8a8ed44b8f140e11/27/index.m3u8
2026-08-21 17:32:35,354 [INFO] Scraping agro...
2026-08-21 17:32:38,682 [INFO]  -> Success: https://live5.mar.tv/b6e39e3510df265404737d45af76206c2480592540f4695c8a8ed44b8f140e11/28/index.m3u8
2026-08-21 17:32:38,715 [INFO] Scraping samefo...
2026-08-21 17:32:42,041 [INFO]  -> Success: https://live5.mar.tv/b6e39e3510df265404737d45af76206c2480592540f4695c8a8ed44b8f140e11/29/index.m3u8
2026-08-21 17:32:42,076 [INFO] Scraping postv...
2026-08-21 17:32:45,403 [INFO]  -> Success: https://live6.mar.tv/b6e39e3510df265404737d45af76206c2480592540f4695c8a8ed44b8f140e11/postvw/index.m3u8
2026-08-21 17:32:45,435 [INFO] Scraping megatv...
2026-08-21 17:32:48,757 [INFO]  -> Success: https://live4.mar.tv/b6e39e3510df265404737d45af76206c2480592540f4695c8a8ed44b8f140e11/32st/index.m3u8
2026-08-21 17:32:48,790 [INFO] Scraping qartuliarxi...
2026-08-21 17:32:52,117 [INFO]  -> Success: https://live6.mar.tv/b6e39e3510df265404737d45af76206c2480592540f4695c8a8ed44b8f140e11/qartuli/index.m3u8
2026-08-21 17:32:52,151 [INFO] Scraping musicbox...
2026-08-21 17:32:55,479 [INFO]  -> Success: https://live6.mar.tv/b6e39e3510df265404737d45af76206c2480592540f4695c8a8ed44b8f140e11/34musge/index.m3u8
2026-08-21 17:32:55,511 [INFO] Scraping marneuli...
2026-08-21 17:32:58,837 [INFO]  -> Success: https://live6.mar.tv/b6e39e3510df265404737d45af76206c2480592540f4695c8a8ed44b8f140e11/37marn/index.m3u8
2026-08-21 17:32:58,870 [INFO] Scraping axaliformula...
2026-08-21 17:33:02,193 [INFO]  -> Success: https://live6.mar.tv/b6e39e3510df265404737d45af76206c2480592540f4695c8a8ed44b8f140e11/axaliformla/index.m3u8
2026-08-21 17:33:02,227 [INFO] Scraping o2...
2026-08-21 17:33:05,553 [INFO]  -> Success: https://live5.mar.tv/b6e39e3510df265404737d45af76206c2480592540f4695c8a8ed44b8f140e11/40/index.m3u8
2026-08-21 17:33:05,587 [INFO] Scraping guria...
2026-08-21 17:33:08,913 [INFO]  -> Success: https://live5.mar.tv/b6e39e3510df265404737d45af76206c2480592540f4695c8a8ed44b8f140e11/42/index.m3u8
2026-08-21 17:33:08,948 [INFO] Scraping imervizia...
2026-08-21 17:33:12,277 [INFO]  -> Success: https://live6.mar.tv/b6e39e3510df265404737d45af76206c2480592540f4695c8a8ed44b8f140e11/imervizia/index.m3u8
2026-08-21 17:33:12,311 [INFO] Scraping diatv...
2026-08-21 17:33:15,637 [INFO]  -> Success: https://live4.mar.tv/b6e39e3510df265404737d45af76206c2480592540f4695c8a8ed44b8f140e11/dia/index.m3u8
2026-08-21 17:33:15,671 [INFO] Scraping chveniarxi...
2026-08-21 17:33:18,996 [INFO]  -> Success: https://live3.mar.tv/b6e39e3510df265404737d45af76206c2480592540f4695c8a8ed44b8f140e11/45rd/index.m3u8
2026-08-21 17:33:19,027 [INFO] Scraping batumitv...
2026-08-21 17:33:22,351 [INFO]  -> Success: https://live5.mar.tv/b6e39e3510df265404737d45af76206c2480592540f4695c8a8ed44b8f140e11/46/index.m3u8
2026-08-21 17:33:22,385 [INFO] Scraping rcheuli...
2026-08-21 17:33:25,710 [INFO]  -> Success: https://live5.mar.tv/b6e39e3510df265404737d45af76206c2480592540f4695c8a8ed44b8f140e11/47/index.m3u8
2026-08-21 17:33:25,745 [INFO] Scraping gurjaani...
2026-08-21 17:33:29,072 [INFO]  -> Success: https://live4.mar.tv/b6e39e3510df265404737d45af76206c2480592540f4695c8a8ed44b8f140e11/48m/index.m3u8
2026-08-21 17:33:29,108 [INFO] Scraping molitv...
2026-08-21 17:33:32,432 [INFO]  -> Success: https://live6.mar.tv/b6e39e3510df265404737d45af76206c2480592540f4695c8a8ed44b8f140e11/mollltv/index.m3u8
2026-08-21 17:33:32,468 [INFO] Scraping mexute...
2026-08-21 17:33:35,796 [INFO]  -> Success: https://live6.mar.tv/b6e39e3510df265404737d45af76206c2480592540f4695c8a8ed44b8f140e11/50/index.m3u8
2026-08-21 17:33:35,828 [INFO] Scraping agrogaremo...
2026-08-21 17:33:39,155 [INFO]  -> Success: https://live6.mar.tv/b6e39e3510df265404737d45af76206c2480592540f4695c8a8ed44b8f140e11/agrogaremo/index.m3u8
2026-08-21 17:33:39,188 [INFO] Scraping artv...
2026-08-21 17:33:42,516 [INFO]  -> Success: https://live6.mar.tv/b6e39e3510df265404737d45af76206c2480592540f4695c8a8ed44b8f140e11/tafutv/index.m3u8
2026-08-21 17:33:42,549 [INFO] Scraping meteo24...
2026-08-21 17:33:45,872 [INFO]  -> Success: https://live5.mar.tv/b6e39e3510df265404737d45af76206c2480592540f4695c8a8ed44b8f140e11/56/index.m3u8
2026-08-21 17:33:45,906 [INFO] Scraping georgiantimes...
2026-08-21 17:33:49,232 [INFO]  -> Success: https://live5.mar.tv/b6e39e3510df265404737d45af76206c2480592540f4695c8a8ed44b8f140e11/57/index.m3u8
2026-08-21 17:33:49,266 [INFO] Scraping silkuniversal...
2026-08-21 17:33:52,589 [INFO]  -> Success: https://live2.mar.tv/b6e39e3510df265404737d45af76206c2480592540f4695c8a8ed44b8f140e11/1arxiweb/index.m3u8
2026-08-21 17:33:52,626 [INFO] Scraping rugbytv...
2026-08-21 17:33:55,956 [INFO]  -> Success: https://live4.mar.tv/b6e39e3510df265404737d45af76206c2480592540f4695c8a8ed44b8f140e11/160m/index.m3u8
2026-08-21 17:33:55,988 [INFO] Scraping gms...
2026-08-21 17:33:59,314 [INFO]  -> Success: https://live5.mar.tv/b6e39e3510df265404737d45af76206c2480592540f4695c8a8ed44b8f140e11/161/index.m3u8
2026-08-21 17:33:59,347 [INFO] Scraping aiatv...
2026-08-21 17:34:02,693 [INFO]  -> Success: https://live6.mar.tv/b6e39e3510df265404737d45af76206c2480592540f4695c8a8ed44b8f140e11/aia/index.m3u8
2026-08-21 17:34:02,729 [INFO] Scraping batumi2...
2026-08-21 17:34:06,053 [INFO]  -> Success: https://live6.mar.tv/b6e39e3510df265404737d45af76206c2480592540f4695c8a8ed44b8f140e11/batumitv2/index.m3u8
2026-08-21 17:34:06,087 [INFO] Scraping altinfo...
2026-08-21 17:34:09,414 [INFO]  -> Success: https://live6.mar.tv/b6e39e3510df265404737d45af76206c2480592540f4695c8a8ed44b8f140e11/altinfo/index.m3u8
2026-08-21 17:34:09,448 [INFO] Scraping parliament...
2026-08-21 17:34:12,777 [INFO]  -> Success: https://live6.mar.tv/b6e39e3510df265404737d45af76206c2480592540f4695c8a8ed44b8f140e11/parlament/index.m3u8
2026-08-21 17:34:12,809 [INFO] Scraping egrisi...
2026-08-21 17:34:16,135 [INFO]  -> Success: https://live6.mar.tv/b6e39e3510df265404737d45af76206c2480592540f4695c8a8ed44b8f140e11/egrisi/index.m3u8
2026-08-21 17:34:16,167 [INFO] Scraping mzetv...
2026-08-21 17:34:19,488 [INFO]  -> Success: https://live6.mar.tv/b6e39e3510df265404737d45af76206c2480592540f4695c8a8ed44b8f140e11/mze/index.m3u8
2026-08-21 17:34:19,535 [WARNING] Failed to find tvg-id="rustavi2" in georgia_channels.m3u
2026-08-21 17:34:19,535 [WARNING] Failed to find tvg-id="maestro" in georgia_channels.m3u
2026-08-21 17:34:19,535 [WARNING] Failed to find tvg-id="marao" in georgia_channels.m3u
2026-08-21 17:34:19,536 [WARNING] Failed to find tvg-id="gds" in georgia_channels.m3u
2026-08-21 17:34:19,536 [WARNING] Failed to find tvg-id="comedy" in georgia_channels.m3u
2026-08-21 17:34:19,536 [WARNING] Failed to find tvg-id="bbb" in georgia_channels.m3u
2026-08-21 17:34:19,536 [WARNING] Failed to find tvg-id="enkibenki" in georgia_channels.m3u
2026-08-21 17:34:19,537 [WARNING] Failed to find tvg-id="adjaratv" in georgia_channels.m3u
2026-08-21 17:34:19,537 [WARNING] Failed to find tvg-id="rionitv" in georgia_channels.m3u
2026-08-21 17:34:19,537 [WARNING] Failed to find tvg-id="tv25" in georgia_channels.m3u
2026-08-21 17:34:19,537 [WARNING] Failed to find tvg-id="tv4rustavi" in georgia_channels.m3u
2026-08-21 17:34:19,538 [WARNING] Failed to find tvg-id="trialeti" in georgia_channels.m3u
2026-08-21 17:34:19,538 [WARNING] Failed to find tvg-id="dardimandi" in georgia_channels.m3u
2026-08-21 17:34:19,538 [WARNING] Failed to find tvg-id="agro" in georgia_channels.m3u
2026-08-21 17:34:19,538 [WARNING] Failed to find tvg-id="samefo" in georgia_channels.m3u
2026-08-21 17:34:19,539 [WARNING] Failed to find tvg-id="postv" in georgia_channels.m3u
2026-08-21 17:34:19,539 [WARNING] Failed to find tvg-id="megatv" in georgia_channels.m3u
2026-08-21 17:34:19,539 [WARNING] Failed to find tvg-id="qartuliarxi" in georgia_channels.m3u
2026-08-21 17:34:19,539 [WARNING] Failed to find tvg-id="musicbox" in georgia_channels.m3u
2026-08-21 17:34:19,540 [WARNING] Failed to find tvg-id="marneuli" in georgia_channels.m3u
2026-08-21 17:34:19,540 [WARNING] Failed to find tvg-id="axaliformula" in georgia_channels.m3u
2026-08-21 17:34:19,540 [WARNING] Failed to find tvg-id="o2" in georgia_channels.m3u
2026-08-21 17:34:19,541 [WARNING] Failed to find tvg-id="guria" in georgia_channels.m3u
2026-08-21 17:34:19,541 [WARNING] Failed to find tvg-id="imervizia" in georgia_channels.m3u
2026-08-21 17:34:19,541 [WARNING] Failed to find tvg-id="diatv" in georgia_channels.m3u
2026-08-21 17:34:19,541 [WARNING] Failed to find tvg-id="chveniarxi" in georgia_channels.m3u
2026-08-21 17:34:19,542 [WARNING] Failed to find tvg-id="batumitv" in georgia_channels.m3u
2026-08-21 17:34:19,542 [WARNING] Failed to find tvg-id="rcheuli" in georgia_channels.m3u
2026-08-21 17:34:19,542 [WARNING] Failed to find tvg-id="gurjaani" in georgia_channels.m3u
2026-08-21 17:34:19,542 [WARNING] Failed to find tvg-id="molitv" in georgia_channels.m3u
2026-08-21 17:34:19,543 [WARNING] Failed to find tvg-id="mexute" in georgia_channels.m3u
2026-08-21 17:34:19,543 [WARNING] Failed to find tvg-id="agrogaremo" in georgia_channels.m3u
2026-08-21 17:34:19,543 [WARNING] Failed to find tvg-id="artv" in georgia_channels.m3u
2026-08-21 17:34:19,543 [WARNING] Failed to find tvg-id="meteo24" in georgia_channels.m3u
2026-08-21 17:34:19,543 [WARNING] Failed to find tvg-id="georgiantimes" in georgia_channels.m3u
2026-08-21 17:34:19,544 [WARNING] Failed to find tvg-id="silkuniversal" in georgia_channels.m3u
2026-08-21 17:34:19,544 [WARNING] Failed to find tvg-id="rugbytv" in georgia_channels.m3u
2026-08-21 17:34:19,544 [WARNING] Failed to find tvg-id="gms" in georgia_channels.m3u
2026-08-21 17:34:19,544 [WARNING] Failed to find tvg-id="aiatv" in georgia_channels.m3u
2026-08-21 17:34:19,544 [WARNING] Failed to find tvg-id="batumi2" in georgia_channels.m3u
2026-08-21 17:34:19,545 [WARNING] Failed to find tvg-id="altinfo" in georgia_channels.m3u
2026-08-21 17:34:19,545 [WARNING] Failed to find tvg-id="parliament" in georgia_channels.m3u
2026-08-21 17:34:19,545 [WARNING] Failed to find tvg-id="egrisi" in georgia_channels.m3u
2026-08-21 17:34:19,545 [WARNING] Failed to find tvg-id="mzetv" in georgia_channels.m3u
2026-08-21 17:34:19,545 [INFO] No file changes were made.
2026-08-21 17:34:19,545 [INFO] === UPDATE EXECUTION FINISHED ===
