2026-08-23 10:27:07,399 [INFO] === UPDATE EXECUTION STARTED ===
2026-08-23 10:27:07,400 [INFO] Fetching Setanta Sports 3 from IPTV-ORG...
2026-08-23 10:27:07,477 [INFO] Launching batch scraper for 44 channels on tv.mar.tv...
2026-08-23 10:27:09,766 [INFO] Scraping rustavi2...
2026-08-23 10:27:14,983 [INFO]  -> Success: https://live8.mar.tv/1/4rd/index.m3u8
2026-08-23 10:27:15,020 [INFO] Scraping maestro...
2026-08-23 10:27:18,315 [INFO]  -> Success: https://live4.mar.tv/d73b2765bc73532ae079df0d2e48f5be35adf2be0c1fe30276f4f4bd82bb8593/352m/index.m3u8
2026-08-23 10:27:18,350 [INFO] Scraping marao...
2026-08-23 10:27:21,644 [INFO]  -> Success: https://live2.mar.tv/d73b2765bc73532ae079df0d2e48f5be35adf2be0c1fe30276f4f4bd82bb8593/12sd/index.m3u8
2026-08-23 10:27:21,676 [INFO] Scraping gds...
2026-08-23 10:27:24,973 [INFO]  -> Success: https://live1.mar.tv/d73b2765bc73532ae079df0d2e48f5be35adf2be0c1fe30276f4f4bd82bb8593/13sd/index.m3u8
2026-08-23 10:27:25,008 [INFO] Scraping comedy...
2026-08-23 10:27:28,307 [INFO]  -> Success: https://live4.mar.tv/d73b2765bc73532ae079df0d2e48f5be35adf2be0c1fe30276f4f4bd82bb8593/14rd/index.m3u8
2026-08-23 10:27:28,344 [INFO] Scraping bbb...
2026-08-23 10:27:31,639 [INFO]  -> Success: https://live2.mar.tv/d73b2765bc73532ae079df0d2e48f5be35adf2be0c1fe30276f4f4bd82bb8593/16sd/index.m3u8
2026-08-23 10:27:31,675 [INFO] Scraping enkibenki...
2026-08-23 10:27:34,970 [INFO]  -> Success: https://live2.mar.tv/d73b2765bc73532ae079df0d2e48f5be35adf2be0c1fe30276f4f4bd82bb8593/17e/index.m3u8
2026-08-23 10:27:35,004 [INFO] Scraping adjaratv...
2026-08-23 10:27:38,303 [INFO]  -> Success: https://live2.mar.tv/d73b2765bc73532ae079df0d2e48f5be35adf2be0c1fe30276f4f4bd82bb8593/19rd/index.m3u8
2026-08-23 10:27:38,339 [INFO] Scraping rionitv...
2026-08-23 10:27:41,634 [INFO]  -> Success: https://live6.mar.tv/d73b2765bc73532ae079df0d2e48f5be35adf2be0c1fe30276f4f4bd82bb8593/20rionn/index.m3u8
2026-08-23 10:27:41,668 [INFO] Scraping tv25...
2026-08-23 10:27:44,964 [INFO]  -> Success: https://live6.mar.tv/d73b2765bc73532ae079df0d2e48f5be35adf2be0c1fe30276f4f4bd82bb8593/23tv25/index.m3u8
2026-08-23 10:27:45,001 [INFO] Scraping tv4rustavi...
2026-08-23 10:27:48,299 [INFO]  -> Success: https://live6.mar.tv/d73b2765bc73532ae079df0d2e48f5be35adf2be0c1fe30276f4f4bd82bb8593/24tw4/index.m3u8
2026-08-23 10:27:48,333 [INFO] Scraping trialeti...
2026-08-23 10:27:51,630 [INFO]  -> Success: https://live6.mar.tv/d73b2765bc73532ae079df0d2e48f5be35adf2be0c1fe30276f4f4bd82bb8593/trialleti/index.m3u8
2026-08-23 10:27:51,662 [INFO] Scraping dardimandi...
2026-08-23 10:27:54,973 [INFO]  -> Success: https://live5.mar.tv/d73b2765bc73532ae079df0d2e48f5be35adf2be0c1fe30276f4f4bd82bb8593/27/index.m3u8
2026-08-23 10:27:55,006 [INFO] Scraping agro...
2026-08-23 10:27:58,299 [INFO]  -> Success: https://live5.mar.tv/d73b2765bc73532ae079df0d2e48f5be35adf2be0c1fe30276f4f4bd82bb8593/28/index.m3u8
2026-08-23 10:27:58,333 [INFO] Scraping samefo...
2026-08-23 10:28:01,628 [INFO]  -> Success: https://live5.mar.tv/d73b2765bc73532ae079df0d2e48f5be35adf2be0c1fe30276f4f4bd82bb8593/29/index.m3u8
2026-08-23 10:28:01,661 [INFO] Scraping postv...
2026-08-23 10:28:04,958 [INFO]  -> Success: https://live6.mar.tv/d73b2765bc73532ae079df0d2e48f5be35adf2be0c1fe30276f4f4bd82bb8593/postvw/index.m3u8
2026-08-23 10:28:04,992 [INFO] Scraping megatv...
2026-08-23 10:28:08,290 [INFO]  -> Success: https://live4.mar.tv/d73b2765bc73532ae079df0d2e48f5be35adf2be0c1fe30276f4f4bd82bb8593/32st/index.m3u8
2026-08-23 10:28:08,322 [INFO] Scraping qartuliarxi...
2026-08-23 10:28:11,613 [INFO]  -> Success: https://live6.mar.tv/d73b2765bc73532ae079df0d2e48f5be35adf2be0c1fe30276f4f4bd82bb8593/qartuli/index.m3u8
2026-08-23 10:28:11,652 [INFO] Scraping musicbox...
2026-08-23 10:28:14,951 [INFO]  -> Success: https://live6.mar.tv/d73b2765bc73532ae079df0d2e48f5be35adf2be0c1fe30276f4f4bd82bb8593/34musge/index.m3u8
2026-08-23 10:28:14,985 [INFO] Scraping marneuli...
2026-08-23 10:28:18,279 [INFO]  -> Success: https://live6.mar.tv/d73b2765bc73532ae079df0d2e48f5be35adf2be0c1fe30276f4f4bd82bb8593/37marn/index.m3u8
2026-08-23 10:28:18,312 [INFO] Scraping axaliformula...
2026-08-23 10:28:21,605 [INFO]  -> Success: https://live6.mar.tv/d73b2765bc73532ae079df0d2e48f5be35adf2be0c1fe30276f4f4bd82bb8593/axaliformla/index.m3u8
2026-08-23 10:28:21,639 [INFO] Scraping o2...
2026-08-23 10:28:24,931 [INFO]  -> Success: https://live5.mar.tv/d73b2765bc73532ae079df0d2e48f5be35adf2be0c1fe30276f4f4bd82bb8593/40/index.m3u8
2026-08-23 10:28:24,964 [INFO] Scraping guria...
2026-08-23 10:28:28,263 [INFO]  -> Success: https://live5.mar.tv/d73b2765bc73532ae079df0d2e48f5be35adf2be0c1fe30276f4f4bd82bb8593/42/index.m3u8
2026-08-23 10:28:28,297 [INFO] Scraping imervizia...
2026-08-23 10:28:31,591 [INFO]  -> Success: https://live6.mar.tv/d73b2765bc73532ae079df0d2e48f5be35adf2be0c1fe30276f4f4bd82bb8593/imervizia/index.m3u8
2026-08-23 10:28:31,625 [INFO] Scraping diatv...
2026-08-23 10:28:34,920 [INFO]  -> Success: https://live4.mar.tv/d73b2765bc73532ae079df0d2e48f5be35adf2be0c1fe30276f4f4bd82bb8593/dia/index.m3u8
2026-08-23 10:28:34,954 [INFO] Scraping chveniarxi...
2026-08-23 10:28:38,249 [INFO]  -> Success: https://live3.mar.tv/d73b2765bc73532ae079df0d2e48f5be35adf2be0c1fe30276f4f4bd82bb8593/45rd/index.m3u8
2026-08-23 10:28:38,282 [INFO] Scraping batumitv...
2026-08-23 10:28:41,581 [INFO]  -> Success: https://live5.mar.tv/d73b2765bc73532ae079df0d2e48f5be35adf2be0c1fe30276f4f4bd82bb8593/46/index.m3u8
2026-08-23 10:28:41,618 [INFO] Scraping rcheuli...
2026-08-23 10:28:44,914 [INFO]  -> Success: https://live5.mar.tv/d73b2765bc73532ae079df0d2e48f5be35adf2be0c1fe30276f4f4bd82bb8593/47/index.m3u8
2026-08-23 10:28:44,946 [INFO] Scraping gurjaani...
2026-08-23 10:28:48,242 [INFO]  -> Success: https://live4.mar.tv/d73b2765bc73532ae079df0d2e48f5be35adf2be0c1fe30276f4f4bd82bb8593/48m/index.m3u8
2026-08-23 10:28:48,278 [INFO] Scraping molitv...
2026-08-23 10:28:51,596 [INFO]  -> Success: https://live6.mar.tv/d73b2765bc73532ae079df0d2e48f5be35adf2be0c1fe30276f4f4bd82bb8593/mollltv/index.m3u8
2026-08-23 10:28:51,633 [INFO] Scraping mexute...
2026-08-23 10:28:54,931 [INFO]  -> Success: https://live6.mar.tv/d73b2765bc73532ae079df0d2e48f5be35adf2be0c1fe30276f4f4bd82bb8593/50/index.m3u8
2026-08-23 10:28:54,966 [INFO] Scraping agrogaremo...
2026-08-23 10:28:58,258 [INFO]  -> Success: https://live6.mar.tv/d73b2765bc73532ae079df0d2e48f5be35adf2be0c1fe30276f4f4bd82bb8593/agrogaremo/index.m3u8
2026-08-23 10:28:58,292 [INFO] Scraping artv...
2026-08-23 10:29:01,585 [INFO]  -> Success: https://live6.mar.tv/d73b2765bc73532ae079df0d2e48f5be35adf2be0c1fe30276f4f4bd82bb8593/tafutv/index.m3u8
2026-08-23 10:29:01,618 [INFO] Scraping meteo24...
2026-08-23 10:29:04,914 [INFO]  -> Success: https://live5.mar.tv/d73b2765bc73532ae079df0d2e48f5be35adf2be0c1fe30276f4f4bd82bb8593/56/index.m3u8
2026-08-23 10:29:04,948 [INFO] Scraping georgiantimes...
2026-08-23 10:29:08,240 [INFO]  -> Success: https://live5.mar.tv/d73b2765bc73532ae079df0d2e48f5be35adf2be0c1fe30276f4f4bd82bb8593/57/index.m3u8
2026-08-23 10:29:08,275 [INFO] Scraping silkuniversal...
2026-08-23 10:29:11,566 [INFO]  -> Success: https://live2.mar.tv/d73b2765bc73532ae079df0d2e48f5be35adf2be0c1fe30276f4f4bd82bb8593/1arxiweb/index.m3u8
2026-08-23 10:29:11,603 [INFO] Scraping rugbytv...
2026-08-23 10:29:14,895 [INFO]  -> Success: https://live4.mar.tv/d73b2765bc73532ae079df0d2e48f5be35adf2be0c1fe30276f4f4bd82bb8593/160m/index.m3u8
2026-08-23 10:29:14,931 [INFO] Scraping gms...
2026-08-23 10:29:18,220 [INFO]  -> Success: https://live5.mar.tv/d73b2765bc73532ae079df0d2e48f5be35adf2be0c1fe30276f4f4bd82bb8593/161/index.m3u8
2026-08-23 10:29:18,256 [INFO] Scraping aiatv...
2026-08-23 10:29:21,553 [INFO]  -> Success: https://live6.mar.tv/d73b2765bc73532ae079df0d2e48f5be35adf2be0c1fe30276f4f4bd82bb8593/aia/index.m3u8
2026-08-23 10:29:21,588 [INFO] Scraping batumi2...
2026-08-23 10:29:24,886 [INFO]  -> Success: https://live6.mar.tv/d73b2765bc73532ae079df0d2e48f5be35adf2be0c1fe30276f4f4bd82bb8593/batumitv2/index.m3u8
2026-08-23 10:29:24,919 [INFO] Scraping altinfo...
2026-08-23 10:29:28,213 [INFO]  -> Success: https://live6.mar.tv/d73b2765bc73532ae079df0d2e48f5be35adf2be0c1fe30276f4f4bd82bb8593/altinfo/index.m3u8
2026-08-23 10:29:28,244 [INFO] Scraping parliament...
2026-08-23 10:29:31,539 [INFO]  -> Success: https://live6.mar.tv/d73b2765bc73532ae079df0d2e48f5be35adf2be0c1fe30276f4f4bd82bb8593/parlament/index.m3u8
2026-08-23 10:29:31,573 [INFO] Scraping egrisi...
2026-08-23 10:29:34,870 [INFO]  -> Success: https://live6.mar.tv/d73b2765bc73532ae079df0d2e48f5be35adf2be0c1fe30276f4f4bd82bb8593/egrisi/index.m3u8
2026-08-23 10:29:34,906 [INFO] Scraping mzetv...
2026-08-23 10:29:38,201 [INFO]  -> Success: https://live6.mar.tv/d73b2765bc73532ae079df0d2e48f5be35adf2be0c1fe30276f4f4bd82bb8593/mze/index.m3u8
2026-08-23 10:29:38,262 [WARNING] Failed to find tvg-id="rustavi2" in georgia_channels.m3u
2026-08-23 10:29:38,262 [WARNING] Failed to find tvg-id="maestro" in georgia_channels.m3u
2026-08-23 10:29:38,262 [WARNING] Failed to find tvg-id="marao" in georgia_channels.m3u
2026-08-23 10:29:38,262 [WARNING] Failed to find tvg-id="gds" in georgia_channels.m3u
2026-08-23 10:29:38,263 [WARNING] Failed to find tvg-id="comedy" in georgia_channels.m3u
2026-08-23 10:29:38,263 [WARNING] Failed to find tvg-id="bbb" in georgia_channels.m3u
2026-08-23 10:29:38,263 [WARNING] Failed to find tvg-id="enkibenki" in georgia_channels.m3u
2026-08-23 10:29:38,263 [WARNING] Failed to find tvg-id="adjaratv" in georgia_channels.m3u
2026-08-23 10:29:38,263 [WARNING] Failed to find tvg-id="rionitv" in georgia_channels.m3u
2026-08-23 10:29:38,264 [WARNING] Failed to find tvg-id="tv25" in georgia_channels.m3u
2026-08-23 10:29:38,264 [WARNING] Failed to find tvg-id="tv4rustavi" in georgia_channels.m3u
2026-08-23 10:29:38,264 [WARNING] Failed to find tvg-id="trialeti" in georgia_channels.m3u
2026-08-23 10:29:38,264 [WARNING] Failed to find tvg-id="dardimandi" in georgia_channels.m3u
2026-08-23 10:29:38,264 [WARNING] Failed to find tvg-id="agro" in georgia_channels.m3u
2026-08-23 10:29:38,264 [WARNING] Failed to find tvg-id="samefo" in georgia_channels.m3u
2026-08-23 10:29:38,265 [WARNING] Failed to find tvg-id="postv" in georgia_channels.m3u
2026-08-23 10:29:38,265 [WARNING] Failed to find tvg-id="megatv" in georgia_channels.m3u
2026-08-23 10:29:38,265 [WARNING] Failed to find tvg-id="qartuliarxi" in georgia_channels.m3u
2026-08-23 10:29:38,266 [WARNING] Failed to find tvg-id="musicbox" in georgia_channels.m3u
2026-08-23 10:29:38,266 [WARNING] Failed to find tvg-id="marneuli" in georgia_channels.m3u
2026-08-23 10:29:38,266 [WARNING] Failed to find tvg-id="axaliformula" in georgia_channels.m3u
2026-08-23 10:29:38,266 [WARNING] Failed to find tvg-id="o2" in georgia_channels.m3u
2026-08-23 10:29:38,266 [WARNING] Failed to find tvg-id="guria" in georgia_channels.m3u
2026-08-23 10:29:38,266 [WARNING] Failed to find tvg-id="imervizia" in georgia_channels.m3u
2026-08-23 10:29:38,267 [WARNING] Failed to find tvg-id="diatv" in georgia_channels.m3u
2026-08-23 10:29:38,267 [WARNING] Failed to find tvg-id="chveniarxi" in georgia_channels.m3u
2026-08-23 10:29:38,267 [WARNING] Failed to find tvg-id="batumitv" in georgia_channels.m3u
2026-08-23 10:29:38,267 [WARNING] Failed to find tvg-id="rcheuli" in georgia_channels.m3u
2026-08-23 10:29:38,267 [WARNING] Failed to find tvg-id="gurjaani" in georgia_channels.m3u
2026-08-23 10:29:38,267 [WARNING] Failed to find tvg-id="molitv" in georgia_channels.m3u
2026-08-23 10:29:38,267 [WARNING] Failed to find tvg-id="mexute" in georgia_channels.m3u
2026-08-23 10:29:38,268 [WARNING] Failed to find tvg-id="agrogaremo" in georgia_channels.m3u
2026-08-23 10:29:38,268 [WARNING] Failed to find tvg-id="artv" in georgia_channels.m3u
2026-08-23 10:29:38,268 [WARNING] Failed to find tvg-id="meteo24" in georgia_channels.m3u
2026-08-23 10:29:38,268 [WARNING] Failed to find tvg-id="georgiantimes" in georgia_channels.m3u
2026-08-23 10:29:38,268 [WARNING] Failed to find tvg-id="silkuniversal" in georgia_channels.m3u
2026-08-23 10:29:38,268 [WARNING] Failed to find tvg-id="rugbytv" in georgia_channels.m3u
2026-08-23 10:29:38,269 [WARNING] Failed to find tvg-id="gms" in georgia_channels.m3u
2026-08-23 10:29:38,269 [WARNING] Failed to find tvg-id="aiatv" in georgia_channels.m3u
2026-08-23 10:29:38,269 [WARNING] Failed to find tvg-id="batumi2" in georgia_channels.m3u
2026-08-23 10:29:38,269 [WARNING] Failed to find tvg-id="altinfo" in georgia_channels.m3u
2026-08-23 10:29:38,269 [WARNING] Failed to find tvg-id="parliament" in georgia_channels.m3u
2026-08-23 10:29:38,269 [WARNING] Failed to find tvg-id="egrisi" in georgia_channels.m3u
2026-08-23 10:29:38,270 [WARNING] Failed to find tvg-id="mzetv" in georgia_channels.m3u
2026-08-23 10:29:38,270 [INFO] No file changes were made.
2026-08-23 10:29:38,270 [INFO] === UPDATE EXECUTION FINISHED ===
