2026-08-24 09:51:22,877 [INFO] === UPDATE EXECUTION STARTED ===
2026-08-24 09:51:22,877 [INFO] Fetching Setanta Sports 3 from IPTV-ORG...
2026-08-24 09:51:23,007 [INFO] Launching batch scraper for 44 channels on tv.mar.tv...
2026-08-24 09:51:25,163 [INFO] Scraping rustavi2...
2026-08-24 09:51:30,836 [INFO]  -> Success: https://live8.mar.tv/1/4rd/index.m3u8
2026-08-24 09:51:30,874 [INFO] Scraping maestro...
2026-08-24 09:51:34,216 [INFO]  -> Success: https://live4.mar.tv/75693653913520a9f66ee7047486ec40f9b00093010409b9950fd584ca27be3d/352m/index.m3u8
2026-08-24 09:51:34,249 [INFO] Scraping marao...
2026-08-24 09:51:37,589 [INFO]  -> Success: https://live2.mar.tv/75693653913520a9f66ee7047486ec40f9b00093010409b9950fd584ca27be3d/12sd/index.m3u8
2026-08-24 09:51:37,625 [INFO] Scraping gds...
2026-08-24 09:51:40,960 [INFO]  -> Success: https://live1.mar.tv/75693653913520a9f66ee7047486ec40f9b00093010409b9950fd584ca27be3d/13sd/index.m3u8
2026-08-24 09:51:40,996 [INFO] Scraping comedy...
2026-08-24 09:51:44,335 [INFO]  -> Success: https://live4.mar.tv/75693653913520a9f66ee7047486ec40f9b00093010409b9950fd584ca27be3d/14rd/index.m3u8
2026-08-24 09:51:44,371 [INFO] Scraping bbb...
2026-08-24 09:51:47,704 [INFO]  -> Success: https://live2.mar.tv/75693653913520a9f66ee7047486ec40f9b00093010409b9950fd584ca27be3d/16sd/index.m3u8
2026-08-24 09:51:47,737 [INFO] Scraping enkibenki...
2026-08-24 09:51:51,074 [INFO]  -> Success: https://live2.mar.tv/75693653913520a9f66ee7047486ec40f9b00093010409b9950fd584ca27be3d/17e/index.m3u8
2026-08-24 09:51:51,111 [INFO] Scraping adjaratv...
2026-08-24 09:51:54,464 [INFO]  -> Success: https://live2.mar.tv/75693653913520a9f66ee7047486ec40f9b00093010409b9950fd584ca27be3d/19rd/index.m3u8
2026-08-24 09:51:54,501 [INFO] Scraping rionitv...
2026-08-24 09:51:57,840 [INFO]  -> Success: https://live6.mar.tv/75693653913520a9f66ee7047486ec40f9b00093010409b9950fd584ca27be3d/20rionn/index.m3u8
2026-08-24 09:51:57,876 [INFO] Scraping tv25...
2026-08-24 09:52:01,212 [INFO]  -> Success: https://live6.mar.tv/75693653913520a9f66ee7047486ec40f9b00093010409b9950fd584ca27be3d/23tv25/index.m3u8
2026-08-24 09:52:01,246 [INFO] Scraping tv4rustavi...
2026-08-24 09:52:04,584 [INFO]  -> Success: https://live6.mar.tv/75693653913520a9f66ee7047486ec40f9b00093010409b9950fd584ca27be3d/24tw4/index.m3u8
2026-08-24 09:52:04,617 [INFO] Scraping trialeti...
2026-08-24 09:52:07,952 [INFO]  -> Success: https://live6.mar.tv/75693653913520a9f66ee7047486ec40f9b00093010409b9950fd584ca27be3d/trialleti/index.m3u8
2026-08-24 09:52:07,985 [INFO] Scraping dardimandi...
2026-08-24 09:52:11,318 [INFO]  -> Success: https://live5.mar.tv/75693653913520a9f66ee7047486ec40f9b00093010409b9950fd584ca27be3d/27/index.m3u8
2026-08-24 09:52:11,351 [INFO] Scraping agro...
2026-08-24 09:52:14,689 [INFO]  -> Success: https://live5.mar.tv/75693653913520a9f66ee7047486ec40f9b00093010409b9950fd584ca27be3d/28/index.m3u8
2026-08-24 09:52:14,723 [INFO] Scraping samefo...
2026-08-24 09:52:18,058 [INFO]  -> Success: https://live5.mar.tv/75693653913520a9f66ee7047486ec40f9b00093010409b9950fd584ca27be3d/29/index.m3u8
2026-08-24 09:52:18,093 [INFO] Scraping postv...
2026-08-24 09:52:21,428 [INFO]  -> Success: https://live6.mar.tv/75693653913520a9f66ee7047486ec40f9b00093010409b9950fd584ca27be3d/postvw/index.m3u8
2026-08-24 09:52:21,460 [INFO] Scraping megatv...
2026-08-24 09:52:24,798 [INFO]  -> Success: https://live4.mar.tv/75693653913520a9f66ee7047486ec40f9b00093010409b9950fd584ca27be3d/32st/index.m3u8
2026-08-24 09:52:24,830 [INFO] Scraping qartuliarxi...
2026-08-24 09:52:28,162 [INFO]  -> Success: https://live6.mar.tv/75693653913520a9f66ee7047486ec40f9b00093010409b9950fd584ca27be3d/qartuli/index.m3u8
2026-08-24 09:52:28,193 [INFO] Scraping musicbox...
2026-08-24 09:52:31,530 [INFO]  -> Success: https://live6.mar.tv/75693653913520a9f66ee7047486ec40f9b00093010409b9950fd584ca27be3d/34musge/index.m3u8
2026-08-24 09:52:31,565 [INFO] Scraping marneuli...
2026-08-24 09:52:34,899 [INFO]  -> Success: https://live6.mar.tv/75693653913520a9f66ee7047486ec40f9b00093010409b9950fd584ca27be3d/37marn/index.m3u8
2026-08-24 09:52:34,931 [INFO] Scraping axaliformula...
2026-08-24 09:52:38,269 [INFO]  -> Success: https://live6.mar.tv/75693653913520a9f66ee7047486ec40f9b00093010409b9950fd584ca27be3d/axaliformla/index.m3u8
2026-08-24 09:52:38,300 [INFO] Scraping o2...
2026-08-24 09:52:41,636 [INFO]  -> Success: https://live5.mar.tv/75693653913520a9f66ee7047486ec40f9b00093010409b9950fd584ca27be3d/40/index.m3u8
2026-08-24 09:52:41,670 [INFO] Scraping guria...
2026-08-24 09:52:45,001 [INFO]  -> Success: https://live5.mar.tv/75693653913520a9f66ee7047486ec40f9b00093010409b9950fd584ca27be3d/42/index.m3u8
2026-08-24 09:52:45,036 [INFO] Scraping imervizia...
2026-08-24 09:52:48,371 [INFO]  -> Success: https://live6.mar.tv/75693653913520a9f66ee7047486ec40f9b00093010409b9950fd584ca27be3d/imervizia/index.m3u8
2026-08-24 09:52:48,405 [INFO] Scraping diatv...
2026-08-24 09:52:51,742 [INFO]  -> Success: https://live4.mar.tv/75693653913520a9f66ee7047486ec40f9b00093010409b9950fd584ca27be3d/dia/index.m3u8
2026-08-24 09:52:51,775 [INFO] Scraping chveniarxi...
2026-08-24 09:52:55,112 [INFO]  -> Success: https://live3.mar.tv/75693653913520a9f66ee7047486ec40f9b00093010409b9950fd584ca27be3d/45rd/index.m3u8
2026-08-24 09:52:55,143 [INFO] Scraping batumitv...
2026-08-24 09:52:58,477 [INFO]  -> Success: https://live5.mar.tv/75693653913520a9f66ee7047486ec40f9b00093010409b9950fd584ca27be3d/46/index.m3u8
2026-08-24 09:52:58,509 [INFO] Scraping rcheuli...
2026-08-24 09:53:01,843 [INFO]  -> Success: https://live5.mar.tv/75693653913520a9f66ee7047486ec40f9b00093010409b9950fd584ca27be3d/47/index.m3u8
2026-08-24 09:53:01,881 [INFO] Scraping gurjaani...
2026-08-24 09:53:05,229 [INFO]  -> Success: https://live4.mar.tv/75693653913520a9f66ee7047486ec40f9b00093010409b9950fd584ca27be3d/48m/index.m3u8
2026-08-24 09:53:05,263 [INFO] Scraping molitv...
2026-08-24 09:53:08,608 [INFO]  -> Success: https://live6.mar.tv/75693653913520a9f66ee7047486ec40f9b00093010409b9950fd584ca27be3d/mollltv/index.m3u8
2026-08-24 09:53:08,640 [INFO] Scraping mexute...
2026-08-24 09:53:11,978 [INFO]  -> Success: https://live6.mar.tv/75693653913520a9f66ee7047486ec40f9b00093010409b9950fd584ca27be3d/50/index.m3u8
2026-08-24 09:53:12,012 [INFO] Scraping agrogaremo...
2026-08-24 09:53:15,345 [INFO]  -> Success: https://live6.mar.tv/75693653913520a9f66ee7047486ec40f9b00093010409b9950fd584ca27be3d/agrogaremo/index.m3u8
2026-08-24 09:53:15,376 [INFO] Scraping artv...
2026-08-24 09:53:18,711 [INFO]  -> Success: https://live6.mar.tv/75693653913520a9f66ee7047486ec40f9b00093010409b9950fd584ca27be3d/tafutv/index.m3u8
2026-08-24 09:53:18,745 [INFO] Scraping meteo24...
2026-08-24 09:53:22,079 [INFO]  -> Success: https://live5.mar.tv/75693653913520a9f66ee7047486ec40f9b00093010409b9950fd584ca27be3d/56/index.m3u8
2026-08-24 09:53:22,113 [INFO] Scraping georgiantimes...
2026-08-24 09:53:25,447 [INFO]  -> Success: https://live5.mar.tv/75693653913520a9f66ee7047486ec40f9b00093010409b9950fd584ca27be3d/57/index.m3u8
2026-08-24 09:53:25,481 [INFO] Scraping silkuniversal...
2026-08-24 09:53:28,817 [INFO]  -> Success: https://live2.mar.tv/75693653913520a9f66ee7047486ec40f9b00093010409b9950fd584ca27be3d/1arxiweb/index.m3u8
2026-08-24 09:53:28,853 [INFO] Scraping rugbytv...
2026-08-24 09:53:32,186 [INFO]  -> Success: https://live4.mar.tv/75693653913520a9f66ee7047486ec40f9b00093010409b9950fd584ca27be3d/160m/index.m3u8
2026-08-24 09:53:32,220 [INFO] Scraping gms...
2026-08-24 09:53:35,553 [INFO]  -> Success: https://live5.mar.tv/75693653913520a9f66ee7047486ec40f9b00093010409b9950fd584ca27be3d/161/index.m3u8
2026-08-24 09:53:35,587 [INFO] Scraping aiatv...
2026-08-24 09:53:38,921 [INFO]  -> Success: https://live6.mar.tv/75693653913520a9f66ee7047486ec40f9b00093010409b9950fd584ca27be3d/aia/index.m3u8
2026-08-24 09:53:38,955 [INFO] Scraping batumi2...
2026-08-24 09:53:42,287 [INFO]  -> Success: https://live6.mar.tv/75693653913520a9f66ee7047486ec40f9b00093010409b9950fd584ca27be3d/batumitv2/index.m3u8
2026-08-24 09:53:42,322 [INFO] Scraping altinfo...
2026-08-24 09:53:45,659 [INFO]  -> Success: https://live6.mar.tv/75693653913520a9f66ee7047486ec40f9b00093010409b9950fd584ca27be3d/altinfo/index.m3u8
2026-08-24 09:53:45,690 [INFO] Scraping parliament...
2026-08-24 09:53:49,023 [INFO]  -> Success: https://live6.mar.tv/75693653913520a9f66ee7047486ec40f9b00093010409b9950fd584ca27be3d/parlament/index.m3u8
2026-08-24 09:53:49,058 [INFO] Scraping egrisi...
2026-08-24 09:53:52,395 [INFO]  -> Success: https://live6.mar.tv/75693653913520a9f66ee7047486ec40f9b00093010409b9950fd584ca27be3d/egrisi/index.m3u8
2026-08-24 09:53:52,432 [INFO] Scraping mzetv...
2026-08-24 09:53:55,766 [INFO]  -> Success: https://live6.mar.tv/75693653913520a9f66ee7047486ec40f9b00093010409b9950fd584ca27be3d/mze/index.m3u8
2026-08-24 09:53:55,819 [WARNING] Failed to find tvg-id="rustavi2" in georgia_channels.m3u
2026-08-24 09:53:55,819 [WARNING] Failed to find tvg-id="maestro" in georgia_channels.m3u
2026-08-24 09:53:55,819 [WARNING] Failed to find tvg-id="marao" in georgia_channels.m3u
2026-08-24 09:53:55,819 [WARNING] Failed to find tvg-id="gds" in georgia_channels.m3u
2026-08-24 09:53:55,820 [WARNING] Failed to find tvg-id="comedy" in georgia_channels.m3u
2026-08-24 09:53:55,820 [WARNING] Failed to find tvg-id="bbb" in georgia_channels.m3u
2026-08-24 09:53:55,820 [WARNING] Failed to find tvg-id="enkibenki" in georgia_channels.m3u
2026-08-24 09:53:55,821 [WARNING] Failed to find tvg-id="adjaratv" in georgia_channels.m3u
2026-08-24 09:53:55,821 [WARNING] Failed to find tvg-id="rionitv" in georgia_channels.m3u
2026-08-24 09:53:55,821 [WARNING] Failed to find tvg-id="tv25" in georgia_channels.m3u
2026-08-24 09:53:55,821 [WARNING] Failed to find tvg-id="tv4rustavi" in georgia_channels.m3u
2026-08-24 09:53:55,822 [WARNING] Failed to find tvg-id="trialeti" in georgia_channels.m3u
2026-08-24 09:53:55,822 [WARNING] Failed to find tvg-id="dardimandi" in georgia_channels.m3u
2026-08-24 09:53:55,822 [WARNING] Failed to find tvg-id="agro" in georgia_channels.m3u
2026-08-24 09:53:55,822 [WARNING] Failed to find tvg-id="samefo" in georgia_channels.m3u
2026-08-24 09:53:55,823 [WARNING] Failed to find tvg-id="postv" in georgia_channels.m3u
2026-08-24 09:53:55,823 [WARNING] Failed to find tvg-id="megatv" in georgia_channels.m3u
2026-08-24 09:53:55,823 [WARNING] Failed to find tvg-id="qartuliarxi" in georgia_channels.m3u
2026-08-24 09:53:55,823 [WARNING] Failed to find tvg-id="musicbox" in georgia_channels.m3u
2026-08-24 09:53:55,824 [WARNING] Failed to find tvg-id="marneuli" in georgia_channels.m3u
2026-08-24 09:53:55,824 [WARNING] Failed to find tvg-id="axaliformula" in georgia_channels.m3u
2026-08-24 09:53:55,824 [WARNING] Failed to find tvg-id="o2" in georgia_channels.m3u
2026-08-24 09:53:55,824 [WARNING] Failed to find tvg-id="guria" in georgia_channels.m3u
2026-08-24 09:53:55,825 [WARNING] Failed to find tvg-id="imervizia" in georgia_channels.m3u
2026-08-24 09:53:55,825 [WARNING] Failed to find tvg-id="diatv" in georgia_channels.m3u
2026-08-24 09:53:55,825 [WARNING] Failed to find tvg-id="chveniarxi" in georgia_channels.m3u
2026-08-24 09:53:55,825 [WARNING] Failed to find tvg-id="batumitv" in georgia_channels.m3u
2026-08-24 09:53:55,826 [WARNING] Failed to find tvg-id="rcheuli" in georgia_channels.m3u
2026-08-24 09:53:55,826 [WARNING] Failed to find tvg-id="gurjaani" in georgia_channels.m3u
2026-08-24 09:53:55,826 [WARNING] Failed to find tvg-id="molitv" in georgia_channels.m3u
2026-08-24 09:53:55,826 [WARNING] Failed to find tvg-id="mexute" in georgia_channels.m3u
2026-08-24 09:53:55,827 [WARNING] Failed to find tvg-id="agrogaremo" in georgia_channels.m3u
2026-08-24 09:53:55,827 [WARNING] Failed to find tvg-id="artv" in georgia_channels.m3u
2026-08-24 09:53:55,827 [WARNING] Failed to find tvg-id="meteo24" in georgia_channels.m3u
2026-08-24 09:53:55,828 [WARNING] Failed to find tvg-id="georgiantimes" in georgia_channels.m3u
2026-08-24 09:53:55,828 [WARNING] Failed to find tvg-id="silkuniversal" in georgia_channels.m3u
2026-08-24 09:53:55,828 [WARNING] Failed to find tvg-id="rugbytv" in georgia_channels.m3u
2026-08-24 09:53:55,828 [WARNING] Failed to find tvg-id="gms" in georgia_channels.m3u
2026-08-24 09:53:55,829 [WARNING] Failed to find tvg-id="aiatv" in georgia_channels.m3u
2026-08-24 09:53:55,829 [WARNING] Failed to find tvg-id="batumi2" in georgia_channels.m3u
2026-08-24 09:53:55,829 [WARNING] Failed to find tvg-id="altinfo" in georgia_channels.m3u
2026-08-24 09:53:55,829 [WARNING] Failed to find tvg-id="parliament" in georgia_channels.m3u
2026-08-24 09:53:55,829 [WARNING] Failed to find tvg-id="egrisi" in georgia_channels.m3u
2026-08-24 09:53:55,829 [WARNING] Failed to find tvg-id="mzetv" in georgia_channels.m3u
2026-08-24 09:53:55,829 [INFO] No file changes were made.
2026-08-24 09:53:55,829 [INFO] === UPDATE EXECUTION FINISHED ===
