2026-08-22 05:30:17,662 [INFO] === UPDATE EXECUTION STARTED ===
2026-08-22 05:30:17,662 [INFO] Fetching Setanta Sports 3 from IPTV-ORG...
2026-08-22 05:30:17,800 [INFO] Launching batch scraper for 44 channels on tv.mar.tv...
2026-08-22 05:30:18,393 [INFO] Scraping rustavi2...
2026-08-22 05:30:24,161 [INFO]  -> Success: https://live8.mar.tv/1/4rd/index.m3u8
2026-08-22 05:30:24,195 [INFO] Scraping maestro...
2026-08-22 05:30:27,537 [INFO]  -> Success: https://live4.mar.tv/df4757c5b917aa24c82f9ee6576fcafed05e67e841b554083ecf50b62530f765/352m/index.m3u8
2026-08-22 05:30:27,580 [INFO] Scraping marao...
2026-08-22 05:30:30,923 [INFO]  -> Success: https://live2.mar.tv/df4757c5b917aa24c82f9ee6576fcafed05e67e841b554083ecf50b62530f765/12sd/index.m3u8
2026-08-22 05:30:30,957 [INFO] Scraping gds...
2026-08-22 05:30:34,302 [INFO]  -> Success: https://live1.mar.tv/df4757c5b917aa24c82f9ee6576fcafed05e67e841b554083ecf50b62530f765/13sd/index.m3u8
2026-08-22 05:30:34,337 [INFO] Scraping comedy...
2026-08-22 05:30:37,679 [INFO]  -> Success: https://live4.mar.tv/df4757c5b917aa24c82f9ee6576fcafed05e67e841b554083ecf50b62530f765/14rd/index.m3u8
2026-08-22 05:30:37,711 [INFO] Scraping bbb...
2026-08-22 05:30:41,052 [INFO]  -> Success: https://live2.mar.tv/df4757c5b917aa24c82f9ee6576fcafed05e67e841b554083ecf50b62530f765/16sd/index.m3u8
2026-08-22 05:30:41,088 [INFO] Scraping enkibenki...
2026-08-22 05:30:44,429 [INFO]  -> Success: https://live2.mar.tv/df4757c5b917aa24c82f9ee6576fcafed05e67e841b554083ecf50b62530f765/17e/index.m3u8
2026-08-22 05:30:44,464 [INFO] Scraping adjaratv...
2026-08-22 05:30:47,809 [INFO]  -> Success: https://live2.mar.tv/df4757c5b917aa24c82f9ee6576fcafed05e67e841b554083ecf50b62530f765/19rd/index.m3u8
2026-08-22 05:30:47,843 [INFO] Scraping rionitv...
2026-08-22 05:30:51,185 [INFO]  -> Success: https://live6.mar.tv/df4757c5b917aa24c82f9ee6576fcafed05e67e841b554083ecf50b62530f765/20rionn/index.m3u8
2026-08-22 05:30:51,219 [INFO] Scraping tv25...
2026-08-22 05:30:54,563 [INFO]  -> Success: https://live6.mar.tv/df4757c5b917aa24c82f9ee6576fcafed05e67e841b554083ecf50b62530f765/23tv25/index.m3u8
2026-08-22 05:30:54,601 [INFO] Scraping tv4rustavi...
2026-08-22 05:30:57,943 [INFO]  -> Success: https://live6.mar.tv/df4757c5b917aa24c82f9ee6576fcafed05e67e841b554083ecf50b62530f765/24tw4/index.m3u8
2026-08-22 05:30:57,985 [INFO] Scraping trialeti...
2026-08-22 05:31:01,331 [INFO]  -> Success: https://live6.mar.tv/df4757c5b917aa24c82f9ee6576fcafed05e67e841b554083ecf50b62530f765/trialleti/index.m3u8
2026-08-22 05:31:01,367 [INFO] Scraping dardimandi...
2026-08-22 05:31:04,708 [INFO]  -> Success: https://live5.mar.tv/df4757c5b917aa24c82f9ee6576fcafed05e67e841b554083ecf50b62530f765/27/index.m3u8
2026-08-22 05:31:04,742 [INFO] Scraping agro...
2026-08-22 05:31:08,085 [INFO]  -> Success: https://live5.mar.tv/df4757c5b917aa24c82f9ee6576fcafed05e67e841b554083ecf50b62530f765/28/index.m3u8
2026-08-22 05:31:08,119 [INFO] Scraping samefo...
2026-08-22 05:31:11,462 [INFO]  -> Success: https://live5.mar.tv/df4757c5b917aa24c82f9ee6576fcafed05e67e841b554083ecf50b62530f765/29/index.m3u8
2026-08-22 05:31:11,498 [INFO] Scraping postv...
2026-08-22 05:31:14,837 [INFO]  -> Success: https://live6.mar.tv/df4757c5b917aa24c82f9ee6576fcafed05e67e841b554083ecf50b62530f765/postvw/index.m3u8
2026-08-22 05:31:14,872 [INFO] Scraping megatv...
2026-08-22 05:31:18,211 [INFO]  -> Success: https://live4.mar.tv/df4757c5b917aa24c82f9ee6576fcafed05e67e841b554083ecf50b62530f765/32st/index.m3u8
2026-08-22 05:31:18,244 [INFO] Scraping qartuliarxi...
2026-08-22 05:31:21,585 [INFO]  -> Success: https://live6.mar.tv/df4757c5b917aa24c82f9ee6576fcafed05e67e841b554083ecf50b62530f765/qartuli/index.m3u8
2026-08-22 05:31:21,618 [INFO] Scraping musicbox...
2026-08-22 05:31:24,963 [INFO]  -> Success: https://live6.mar.tv/df4757c5b917aa24c82f9ee6576fcafed05e67e841b554083ecf50b62530f765/34musge/index.m3u8
2026-08-22 05:31:24,997 [INFO] Scraping marneuli...
2026-08-22 05:31:28,338 [INFO]  -> Success: https://live6.mar.tv/df4757c5b917aa24c82f9ee6576fcafed05e67e841b554083ecf50b62530f765/37marn/index.m3u8
2026-08-22 05:31:28,374 [INFO] Scraping axaliformula...
2026-08-22 05:31:31,713 [INFO]  -> Success: https://live6.mar.tv/df4757c5b917aa24c82f9ee6576fcafed05e67e841b554083ecf50b62530f765/axaliformla/index.m3u8
2026-08-22 05:31:31,747 [INFO] Scraping o2...
2026-08-22 05:31:35,090 [INFO]  -> Success: https://live5.mar.tv/df4757c5b917aa24c82f9ee6576fcafed05e67e841b554083ecf50b62530f765/40/index.m3u8
2026-08-22 05:31:35,126 [INFO] Scraping guria...
2026-08-22 05:31:38,465 [INFO]  -> Success: https://live5.mar.tv/df4757c5b917aa24c82f9ee6576fcafed05e67e841b554083ecf50b62530f765/42/index.m3u8
2026-08-22 05:31:38,498 [INFO] Scraping imervizia...
2026-08-22 05:31:41,837 [INFO]  -> Success: https://live6.mar.tv/df4757c5b917aa24c82f9ee6576fcafed05e67e841b554083ecf50b62530f765/imervizia/index.m3u8
2026-08-22 05:31:41,870 [INFO] Scraping diatv...
2026-08-22 05:31:45,213 [INFO]  -> Success: https://live4.mar.tv/df4757c5b917aa24c82f9ee6576fcafed05e67e841b554083ecf50b62530f765/dia/index.m3u8
2026-08-22 05:31:45,247 [INFO] Scraping chveniarxi...
2026-08-22 05:31:48,587 [INFO]  -> Success: https://live3.mar.tv/df4757c5b917aa24c82f9ee6576fcafed05e67e841b554083ecf50b62530f765/45rd/index.m3u8
2026-08-22 05:31:48,624 [INFO] Scraping batumitv...
2026-08-22 05:31:51,964 [INFO]  -> Success: https://live5.mar.tv/df4757c5b917aa24c82f9ee6576fcafed05e67e841b554083ecf50b62530f765/46/index.m3u8
2026-08-22 05:31:51,998 [INFO] Scraping rcheuli...
2026-08-22 05:31:55,340 [INFO]  -> Success: https://live5.mar.tv/df4757c5b917aa24c82f9ee6576fcafed05e67e841b554083ecf50b62530f765/47/index.m3u8
2026-08-22 05:31:55,375 [INFO] Scraping gurjaani...
2026-08-22 05:31:58,712 [INFO]  -> Success: https://live4.mar.tv/df4757c5b917aa24c82f9ee6576fcafed05e67e841b554083ecf50b62530f765/48m/index.m3u8
2026-08-22 05:31:58,745 [INFO] Scraping molitv...
2026-08-22 05:32:02,084 [INFO]  -> Success: https://live6.mar.tv/df4757c5b917aa24c82f9ee6576fcafed05e67e841b554083ecf50b62530f765/mollltv/index.m3u8
2026-08-22 05:32:02,119 [INFO] Scraping mexute...
2026-08-22 05:32:05,463 [INFO]  -> Success: https://live6.mar.tv/df4757c5b917aa24c82f9ee6576fcafed05e67e841b554083ecf50b62530f765/50/index.m3u8
2026-08-22 05:32:05,498 [INFO] Scraping agrogaremo...
2026-08-22 05:32:08,840 [INFO]  -> Success: https://live6.mar.tv/df4757c5b917aa24c82f9ee6576fcafed05e67e841b554083ecf50b62530f765/agrogaremo/index.m3u8
2026-08-22 05:32:08,875 [INFO] Scraping artv...
2026-08-22 05:32:12,218 [INFO]  -> Success: https://live6.mar.tv/df4757c5b917aa24c82f9ee6576fcafed05e67e841b554083ecf50b62530f765/tafutv/index.m3u8
2026-08-22 05:32:12,253 [INFO] Scraping meteo24...
2026-08-22 05:32:15,595 [INFO]  -> Success: https://live5.mar.tv/df4757c5b917aa24c82f9ee6576fcafed05e67e841b554083ecf50b62530f765/56/index.m3u8
2026-08-22 05:32:15,629 [INFO] Scraping georgiantimes...
2026-08-22 05:32:18,974 [INFO]  -> Success: https://live5.mar.tv/df4757c5b917aa24c82f9ee6576fcafed05e67e841b554083ecf50b62530f765/57/index.m3u8
2026-08-22 05:32:19,009 [INFO] Scraping silkuniversal...
2026-08-22 05:32:22,353 [INFO]  -> Success: https://live2.mar.tv/df4757c5b917aa24c82f9ee6576fcafed05e67e841b554083ecf50b62530f765/1arxiweb/index.m3u8
2026-08-22 05:32:22,388 [INFO] Scraping rugbytv...
2026-08-22 05:32:25,729 [INFO]  -> Success: https://live4.mar.tv/df4757c5b917aa24c82f9ee6576fcafed05e67e841b554083ecf50b62530f765/160m/index.m3u8
2026-08-22 05:32:25,765 [INFO] Scraping gms...
2026-08-22 05:32:29,108 [INFO]  -> Success: https://live5.mar.tv/df4757c5b917aa24c82f9ee6576fcafed05e67e841b554083ecf50b62530f765/161/index.m3u8
2026-08-22 05:32:29,140 [INFO] Scraping aiatv...
2026-08-22 05:32:32,487 [INFO]  -> Success: https://live6.mar.tv/df4757c5b917aa24c82f9ee6576fcafed05e67e841b554083ecf50b62530f765/aia/index.m3u8
2026-08-22 05:32:32,521 [INFO] Scraping batumi2...
2026-08-22 05:32:35,857 [INFO]  -> Success: https://live6.mar.tv/df4757c5b917aa24c82f9ee6576fcafed05e67e841b554083ecf50b62530f765/batumitv2/index.m3u8
2026-08-22 05:32:35,892 [INFO] Scraping altinfo...
2026-08-22 05:32:39,231 [INFO]  -> Success: https://live6.mar.tv/df4757c5b917aa24c82f9ee6576fcafed05e67e841b554083ecf50b62530f765/altinfo/index.m3u8
2026-08-22 05:32:39,265 [INFO] Scraping parliament...
2026-08-22 05:32:42,608 [INFO]  -> Success: https://live6.mar.tv/df4757c5b917aa24c82f9ee6576fcafed05e67e841b554083ecf50b62530f765/parlament/index.m3u8
2026-08-22 05:32:42,643 [INFO] Scraping egrisi...
2026-08-22 05:32:45,985 [INFO]  -> Success: https://live6.mar.tv/df4757c5b917aa24c82f9ee6576fcafed05e67e841b554083ecf50b62530f765/egrisi/index.m3u8
2026-08-22 05:32:46,017 [INFO] Scraping mzetv...
2026-08-22 05:32:49,363 [INFO]  -> Success: https://live6.mar.tv/df4757c5b917aa24c82f9ee6576fcafed05e67e841b554083ecf50b62530f765/mze/index.m3u8
2026-08-22 05:32:49,417 [WARNING] Failed to find tvg-id="rustavi2" in georgia_channels.m3u
2026-08-22 05:32:49,417 [WARNING] Failed to find tvg-id="maestro" in georgia_channels.m3u
2026-08-22 05:32:49,417 [WARNING] Failed to find tvg-id="marao" in georgia_channels.m3u
2026-08-22 05:32:49,417 [WARNING] Failed to find tvg-id="gds" in georgia_channels.m3u
2026-08-22 05:32:49,417 [WARNING] Failed to find tvg-id="comedy" in georgia_channels.m3u
2026-08-22 05:32:49,418 [WARNING] Failed to find tvg-id="bbb" in georgia_channels.m3u
2026-08-22 05:32:49,418 [WARNING] Failed to find tvg-id="enkibenki" in georgia_channels.m3u
2026-08-22 05:32:49,418 [WARNING] Failed to find tvg-id="adjaratv" in georgia_channels.m3u
2026-08-22 05:32:49,418 [WARNING] Failed to find tvg-id="rionitv" in georgia_channels.m3u
2026-08-22 05:32:49,418 [WARNING] Failed to find tvg-id="tv25" in georgia_channels.m3u
2026-08-22 05:32:49,419 [WARNING] Failed to find tvg-id="tv4rustavi" in georgia_channels.m3u
2026-08-22 05:32:49,419 [WARNING] Failed to find tvg-id="trialeti" in georgia_channels.m3u
2026-08-22 05:32:49,419 [WARNING] Failed to find tvg-id="dardimandi" in georgia_channels.m3u
2026-08-22 05:32:49,419 [WARNING] Failed to find tvg-id="agro" in georgia_channels.m3u
2026-08-22 05:32:49,419 [WARNING] Failed to find tvg-id="samefo" in georgia_channels.m3u
2026-08-22 05:32:49,420 [WARNING] Failed to find tvg-id="postv" in georgia_channels.m3u
2026-08-22 05:32:49,420 [WARNING] Failed to find tvg-id="megatv" in georgia_channels.m3u
2026-08-22 05:32:49,420 [WARNING] Failed to find tvg-id="qartuliarxi" in georgia_channels.m3u
2026-08-22 05:32:49,420 [WARNING] Failed to find tvg-id="musicbox" in georgia_channels.m3u
2026-08-22 05:32:49,420 [WARNING] Failed to find tvg-id="marneuli" in georgia_channels.m3u
2026-08-22 05:32:49,421 [WARNING] Failed to find tvg-id="axaliformula" in georgia_channels.m3u
2026-08-22 05:32:49,421 [WARNING] Failed to find tvg-id="o2" in georgia_channels.m3u
2026-08-22 05:32:49,421 [WARNING] Failed to find tvg-id="guria" in georgia_channels.m3u
2026-08-22 05:32:49,421 [WARNING] Failed to find tvg-id="imervizia" in georgia_channels.m3u
2026-08-22 05:32:49,421 [WARNING] Failed to find tvg-id="diatv" in georgia_channels.m3u
2026-08-22 05:32:49,422 [WARNING] Failed to find tvg-id="chveniarxi" in georgia_channels.m3u
2026-08-22 05:32:49,422 [WARNING] Failed to find tvg-id="batumitv" in georgia_channels.m3u
2026-08-22 05:32:49,422 [WARNING] Failed to find tvg-id="rcheuli" in georgia_channels.m3u
2026-08-22 05:32:49,422 [WARNING] Failed to find tvg-id="gurjaani" in georgia_channels.m3u
2026-08-22 05:32:49,423 [WARNING] Failed to find tvg-id="molitv" in georgia_channels.m3u
2026-08-22 05:32:49,423 [WARNING] Failed to find tvg-id="mexute" in georgia_channels.m3u
2026-08-22 05:32:49,423 [WARNING] Failed to find tvg-id="agrogaremo" in georgia_channels.m3u
2026-08-22 05:32:49,423 [WARNING] Failed to find tvg-id="artv" in georgia_channels.m3u
2026-08-22 05:32:49,423 [WARNING] Failed to find tvg-id="meteo24" in georgia_channels.m3u
2026-08-22 05:32:49,424 [WARNING] Failed to find tvg-id="georgiantimes" in georgia_channels.m3u
2026-08-22 05:32:49,424 [WARNING] Failed to find tvg-id="silkuniversal" in georgia_channels.m3u
2026-08-22 05:32:49,424 [WARNING] Failed to find tvg-id="rugbytv" in georgia_channels.m3u
2026-08-22 05:32:49,424 [WARNING] Failed to find tvg-id="gms" in georgia_channels.m3u
2026-08-22 05:32:49,425 [WARNING] Failed to find tvg-id="aiatv" in georgia_channels.m3u
2026-08-22 05:32:49,425 [WARNING] Failed to find tvg-id="batumi2" in georgia_channels.m3u
2026-08-22 05:32:49,425 [WARNING] Failed to find tvg-id="altinfo" in georgia_channels.m3u
2026-08-22 05:32:49,425 [WARNING] Failed to find tvg-id="parliament" in georgia_channels.m3u
2026-08-22 05:32:49,425 [WARNING] Failed to find tvg-id="egrisi" in georgia_channels.m3u
2026-08-22 05:32:49,426 [WARNING] Failed to find tvg-id="mzetv" in georgia_channels.m3u
2026-08-22 05:32:49,426 [INFO] No file changes were made.
2026-08-22 05:32:49,426 [INFO] === UPDATE EXECUTION FINISHED ===
