2026-08-24 04:49:03,425 [INFO] === UPDATE EXECUTION STARTED ===
2026-08-24 04:49:03,425 [INFO] Fetching Setanta Sports 3 from IPTV-ORG...
2026-08-24 04:49:03,551 [INFO] Launching batch scraper for 44 channels on tv.mar.tv...
2026-08-24 04:49:06,045 [INFO] Scraping rustavi2...
2026-08-24 04:49:11,443 [INFO]  -> Success: https://live8.mar.tv/1/4rd/index.m3u8
2026-08-24 04:49:11,477 [INFO] Scraping maestro...
2026-08-24 04:49:14,777 [INFO]  -> Success: https://live4.mar.tv/fc54e3d71de7876e0f6503e79dfe0946a578706ced7ef0df0f21985ecddd1f11/352m/index.m3u8
2026-08-24 04:49:14,810 [INFO] Scraping marao...
2026-08-24 04:49:18,113 [INFO]  -> Success: https://live2.mar.tv/fc54e3d71de7876e0f6503e79dfe0946a578706ced7ef0df0f21985ecddd1f11/12sd/index.m3u8
2026-08-24 04:49:18,142 [INFO] Scraping gds...
2026-08-24 04:49:21,440 [INFO]  -> Success: https://live1.mar.tv/fc54e3d71de7876e0f6503e79dfe0946a578706ced7ef0df0f21985ecddd1f11/13sd/index.m3u8
2026-08-24 04:49:21,472 [INFO] Scraping comedy...
2026-08-24 04:49:24,772 [INFO]  -> Success: https://live4.mar.tv/fc54e3d71de7876e0f6503e79dfe0946a578706ced7ef0df0f21985ecddd1f11/14rd/index.m3u8
2026-08-24 04:49:24,803 [INFO] Scraping bbb...
2026-08-24 04:49:28,100 [INFO]  -> Success: https://live2.mar.tv/fc54e3d71de7876e0f6503e79dfe0946a578706ced7ef0df0f21985ecddd1f11/16sd/index.m3u8
2026-08-24 04:49:28,128 [INFO] Scraping enkibenki...
2026-08-24 04:49:31,425 [INFO]  -> Success: https://live2.mar.tv/fc54e3d71de7876e0f6503e79dfe0946a578706ced7ef0df0f21985ecddd1f11/17e/index.m3u8
2026-08-24 04:49:31,451 [INFO] Scraping adjaratv...
2026-08-24 04:49:34,746 [INFO]  -> Success: https://live2.mar.tv/fc54e3d71de7876e0f6503e79dfe0946a578706ced7ef0df0f21985ecddd1f11/19rd/index.m3u8
2026-08-24 04:49:34,775 [INFO] Scraping rionitv...
2026-08-24 04:49:38,079 [INFO]  -> Success: https://live6.mar.tv/fc54e3d71de7876e0f6503e79dfe0946a578706ced7ef0df0f21985ecddd1f11/20rionn/index.m3u8
2026-08-24 04:49:38,106 [INFO] Scraping tv25...
2026-08-24 04:49:41,407 [INFO]  -> Success: https://live6.mar.tv/fc54e3d71de7876e0f6503e79dfe0946a578706ced7ef0df0f21985ecddd1f11/23tv25/index.m3u8
2026-08-24 04:49:41,460 [INFO] Scraping tv4rustavi...
2026-08-24 04:49:44,781 [INFO]  -> Success: https://live6.mar.tv/fc54e3d71de7876e0f6503e79dfe0946a578706ced7ef0df0f21985ecddd1f11/24tw4/index.m3u8
2026-08-24 04:49:44,808 [INFO] Scraping trialeti...
2026-08-24 04:49:48,108 [INFO]  -> Success: https://live6.mar.tv/fc54e3d71de7876e0f6503e79dfe0946a578706ced7ef0df0f21985ecddd1f11/trialleti/index.m3u8
2026-08-24 04:49:48,136 [INFO] Scraping dardimandi...
2026-08-24 04:49:51,438 [INFO]  -> Success: https://live5.mar.tv/fc54e3d71de7876e0f6503e79dfe0946a578706ced7ef0df0f21985ecddd1f11/27/index.m3u8
2026-08-24 04:49:51,466 [INFO] Scraping agro...
2026-08-24 04:49:54,767 [INFO]  -> Success: https://live5.mar.tv/fc54e3d71de7876e0f6503e79dfe0946a578706ced7ef0df0f21985ecddd1f11/28/index.m3u8
2026-08-24 04:49:54,794 [INFO] Scraping samefo...
2026-08-24 04:49:58,094 [INFO]  -> Success: https://live5.mar.tv/fc54e3d71de7876e0f6503e79dfe0946a578706ced7ef0df0f21985ecddd1f11/29/index.m3u8
2026-08-24 04:49:58,125 [INFO] Scraping postv...
2026-08-24 04:50:01,424 [INFO]  -> Success: https://live6.mar.tv/fc54e3d71de7876e0f6503e79dfe0946a578706ced7ef0df0f21985ecddd1f11/postvw/index.m3u8
2026-08-24 04:50:01,455 [INFO] Scraping megatv...
2026-08-24 04:50:04,756 [INFO]  -> Success: https://live4.mar.tv/fc54e3d71de7876e0f6503e79dfe0946a578706ced7ef0df0f21985ecddd1f11/32st/index.m3u8
2026-08-24 04:50:04,786 [INFO] Scraping qartuliarxi...
2026-08-24 04:50:08,085 [INFO]  -> Success: https://live6.mar.tv/fc54e3d71de7876e0f6503e79dfe0946a578706ced7ef0df0f21985ecddd1f11/qartuli/index.m3u8
2026-08-24 04:50:08,112 [INFO] Scraping musicbox...
2026-08-24 04:50:11,412 [INFO]  -> Success: https://live6.mar.tv/fc54e3d71de7876e0f6503e79dfe0946a578706ced7ef0df0f21985ecddd1f11/34musge/index.m3u8
2026-08-24 04:50:11,442 [INFO] Scraping marneuli...
2026-08-24 04:50:14,745 [INFO]  -> Success: https://live6.mar.tv/fc54e3d71de7876e0f6503e79dfe0946a578706ced7ef0df0f21985ecddd1f11/37marn/index.m3u8
2026-08-24 04:50:14,775 [INFO] Scraping axaliformula...
2026-08-24 04:50:18,080 [INFO]  -> Success: https://live6.mar.tv/fc54e3d71de7876e0f6503e79dfe0946a578706ced7ef0df0f21985ecddd1f11/axaliformla/index.m3u8
2026-08-24 04:50:18,106 [INFO] Scraping o2...
2026-08-24 04:50:21,409 [INFO]  -> Success: https://live5.mar.tv/fc54e3d71de7876e0f6503e79dfe0946a578706ced7ef0df0f21985ecddd1f11/40/index.m3u8
2026-08-24 04:50:21,440 [INFO] Scraping guria...
2026-08-24 04:50:24,740 [INFO]  -> Success: https://live5.mar.tv/fc54e3d71de7876e0f6503e79dfe0946a578706ced7ef0df0f21985ecddd1f11/42/index.m3u8
2026-08-24 04:50:24,769 [INFO] Scraping imervizia...
2026-08-24 04:50:28,074 [INFO]  -> Success: https://live6.mar.tv/fc54e3d71de7876e0f6503e79dfe0946a578706ced7ef0df0f21985ecddd1f11/imervizia/index.m3u8
2026-08-24 04:50:28,102 [INFO] Scraping diatv...
2026-08-24 04:50:31,405 [INFO]  -> Success: https://live4.mar.tv/fc54e3d71de7876e0f6503e79dfe0946a578706ced7ef0df0f21985ecddd1f11/dia/index.m3u8
2026-08-24 04:50:31,432 [INFO] Scraping chveniarxi...
2026-08-24 04:50:34,730 [INFO]  -> Success: https://live3.mar.tv/fc54e3d71de7876e0f6503e79dfe0946a578706ced7ef0df0f21985ecddd1f11/45rd/index.m3u8
2026-08-24 04:50:34,761 [INFO] Scraping batumitv...
2026-08-24 04:50:38,064 [INFO]  -> Success: https://live5.mar.tv/fc54e3d71de7876e0f6503e79dfe0946a578706ced7ef0df0f21985ecddd1f11/46/index.m3u8
2026-08-24 04:50:38,130 [INFO] Scraping rcheuli...
2026-08-24 04:50:41,427 [INFO]  -> Success: https://live5.mar.tv/fc54e3d71de7876e0f6503e79dfe0946a578706ced7ef0df0f21985ecddd1f11/47/index.m3u8
2026-08-24 04:50:41,457 [INFO] Scraping gurjaani...
2026-08-24 04:50:44,753 [INFO]  -> Success: https://live4.mar.tv/fc54e3d71de7876e0f6503e79dfe0946a578706ced7ef0df0f21985ecddd1f11/48m/index.m3u8
2026-08-24 04:50:44,783 [INFO] Scraping molitv...
2026-08-24 04:50:48,085 [INFO]  -> Success: https://live6.mar.tv/fc54e3d71de7876e0f6503e79dfe0946a578706ced7ef0df0f21985ecddd1f11/mollltv/index.m3u8
2026-08-24 04:50:48,114 [INFO] Scraping mexute...
2026-08-24 04:50:51,423 [INFO]  -> Success: https://live6.mar.tv/fc54e3d71de7876e0f6503e79dfe0946a578706ced7ef0df0f21985ecddd1f11/50/index.m3u8
2026-08-24 04:50:51,452 [INFO] Scraping agrogaremo...
2026-08-24 04:50:54,753 [INFO]  -> Success: https://live6.mar.tv/fc54e3d71de7876e0f6503e79dfe0946a578706ced7ef0df0f21985ecddd1f11/agrogaremo/index.m3u8
2026-08-24 04:50:54,781 [INFO] Scraping artv...
2026-08-24 04:50:58,085 [INFO]  -> Success: https://live6.mar.tv/fc54e3d71de7876e0f6503e79dfe0946a578706ced7ef0df0f21985ecddd1f11/tafutv/index.m3u8
2026-08-24 04:50:58,116 [INFO] Scraping meteo24...
2026-08-24 04:51:01,418 [INFO]  -> Success: https://live5.mar.tv/fc54e3d71de7876e0f6503e79dfe0946a578706ced7ef0df0f21985ecddd1f11/56/index.m3u8
2026-08-24 04:51:01,445 [INFO] Scraping georgiantimes...
2026-08-24 04:51:04,755 [INFO]  -> Success: https://live5.mar.tv/fc54e3d71de7876e0f6503e79dfe0946a578706ced7ef0df0f21985ecddd1f11/57/index.m3u8
2026-08-24 04:51:04,784 [INFO] Scraping silkuniversal...
2026-08-24 04:51:08,086 [INFO]  -> Success: https://live2.mar.tv/fc54e3d71de7876e0f6503e79dfe0946a578706ced7ef0df0f21985ecddd1f11/1arxiweb/index.m3u8
2026-08-24 04:51:08,115 [INFO] Scraping rugbytv...
2026-08-24 04:51:11,417 [INFO]  -> Success: https://live4.mar.tv/fc54e3d71de7876e0f6503e79dfe0946a578706ced7ef0df0f21985ecddd1f11/160m/index.m3u8
2026-08-24 04:51:11,448 [INFO] Scraping gms...
2026-08-24 04:51:14,750 [INFO]  -> Success: https://live5.mar.tv/fc54e3d71de7876e0f6503e79dfe0946a578706ced7ef0df0f21985ecddd1f11/161/index.m3u8
2026-08-24 04:51:14,782 [INFO] Scraping aiatv...
2026-08-24 04:51:18,082 [INFO]  -> Success: https://live6.mar.tv/fc54e3d71de7876e0f6503e79dfe0946a578706ced7ef0df0f21985ecddd1f11/aia/index.m3u8
2026-08-24 04:51:18,110 [INFO] Scraping batumi2...
2026-08-24 04:51:21,410 [INFO]  -> Success: https://live6.mar.tv/fc54e3d71de7876e0f6503e79dfe0946a578706ced7ef0df0f21985ecddd1f11/batumitv2/index.m3u8
2026-08-24 04:51:21,439 [INFO] Scraping altinfo...
2026-08-24 04:51:24,746 [INFO]  -> Success: https://live6.mar.tv/fc54e3d71de7876e0f6503e79dfe0946a578706ced7ef0df0f21985ecddd1f11/altinfo/index.m3u8
2026-08-24 04:51:24,773 [INFO] Scraping parliament...
2026-08-24 04:51:28,077 [INFO]  -> Success: https://live6.mar.tv/fc54e3d71de7876e0f6503e79dfe0946a578706ced7ef0df0f21985ecddd1f11/parlament/index.m3u8
2026-08-24 04:51:28,106 [INFO] Scraping egrisi...
2026-08-24 04:51:31,404 [INFO]  -> Success: https://live6.mar.tv/fc54e3d71de7876e0f6503e79dfe0946a578706ced7ef0df0f21985ecddd1f11/egrisi/index.m3u8
2026-08-24 04:51:31,431 [INFO] Scraping mzetv...
2026-08-24 04:51:34,731 [INFO]  -> Success: https://live6.mar.tv/fc54e3d71de7876e0f6503e79dfe0946a578706ced7ef0df0f21985ecddd1f11/mze/index.m3u8
2026-08-24 04:51:34,772 [WARNING] Failed to find tvg-id="rustavi2" in georgia_channels.m3u
2026-08-24 04:51:34,772 [WARNING] Failed to find tvg-id="maestro" in georgia_channels.m3u
2026-08-24 04:51:34,772 [WARNING] Failed to find tvg-id="marao" in georgia_channels.m3u
2026-08-24 04:51:34,773 [WARNING] Failed to find tvg-id="gds" in georgia_channels.m3u
2026-08-24 04:51:34,773 [WARNING] Failed to find tvg-id="comedy" in georgia_channels.m3u
2026-08-24 04:51:34,773 [WARNING] Failed to find tvg-id="bbb" in georgia_channels.m3u
2026-08-24 04:51:34,773 [WARNING] Failed to find tvg-id="enkibenki" in georgia_channels.m3u
2026-08-24 04:51:34,773 [WARNING] Failed to find tvg-id="adjaratv" in georgia_channels.m3u
2026-08-24 04:51:34,773 [WARNING] Failed to find tvg-id="rionitv" in georgia_channels.m3u
2026-08-24 04:51:34,774 [WARNING] Failed to find tvg-id="tv25" in georgia_channels.m3u
2026-08-24 04:51:34,774 [WARNING] Failed to find tvg-id="tv4rustavi" in georgia_channels.m3u
2026-08-24 04:51:34,774 [WARNING] Failed to find tvg-id="trialeti" in georgia_channels.m3u
2026-08-24 04:51:34,774 [WARNING] Failed to find tvg-id="dardimandi" in georgia_channels.m3u
2026-08-24 04:51:34,774 [WARNING] Failed to find tvg-id="agro" in georgia_channels.m3u
2026-08-24 04:51:34,774 [WARNING] Failed to find tvg-id="samefo" in georgia_channels.m3u
2026-08-24 04:51:34,775 [WARNING] Failed to find tvg-id="postv" in georgia_channels.m3u
2026-08-24 04:51:34,775 [WARNING] Failed to find tvg-id="megatv" in georgia_channels.m3u
2026-08-24 04:51:34,775 [WARNING] Failed to find tvg-id="qartuliarxi" in georgia_channels.m3u
2026-08-24 04:51:34,775 [WARNING] Failed to find tvg-id="musicbox" in georgia_channels.m3u
2026-08-24 04:51:34,775 [WARNING] Failed to find tvg-id="marneuli" in georgia_channels.m3u
2026-08-24 04:51:34,775 [WARNING] Failed to find tvg-id="axaliformula" in georgia_channels.m3u
2026-08-24 04:51:34,775 [WARNING] Failed to find tvg-id="o2" in georgia_channels.m3u
2026-08-24 04:51:34,775 [WARNING] Failed to find tvg-id="guria" in georgia_channels.m3u
2026-08-24 04:51:34,776 [WARNING] Failed to find tvg-id="imervizia" in georgia_channels.m3u
2026-08-24 04:51:34,776 [WARNING] Failed to find tvg-id="diatv" in georgia_channels.m3u
2026-08-24 04:51:34,776 [WARNING] Failed to find tvg-id="chveniarxi" in georgia_channels.m3u
2026-08-24 04:51:34,776 [WARNING] Failed to find tvg-id="batumitv" in georgia_channels.m3u
2026-08-24 04:51:34,776 [WARNING] Failed to find tvg-id="rcheuli" in georgia_channels.m3u
2026-08-24 04:51:34,776 [WARNING] Failed to find tvg-id="gurjaani" in georgia_channels.m3u
2026-08-24 04:51:34,776 [WARNING] Failed to find tvg-id="molitv" in georgia_channels.m3u
2026-08-24 04:51:34,777 [WARNING] Failed to find tvg-id="mexute" in georgia_channels.m3u
2026-08-24 04:51:34,777 [WARNING] Failed to find tvg-id="agrogaremo" in georgia_channels.m3u
2026-08-24 04:51:34,777 [WARNING] Failed to find tvg-id="artv" in georgia_channels.m3u
2026-08-24 04:51:34,777 [WARNING] Failed to find tvg-id="meteo24" in georgia_channels.m3u
2026-08-24 04:51:34,777 [WARNING] Failed to find tvg-id="georgiantimes" in georgia_channels.m3u
2026-08-24 04:51:34,777 [WARNING] Failed to find tvg-id="silkuniversal" in georgia_channels.m3u
2026-08-24 04:51:34,777 [WARNING] Failed to find tvg-id="rugbytv" in georgia_channels.m3u
2026-08-24 04:51:34,777 [WARNING] Failed to find tvg-id="gms" in georgia_channels.m3u
2026-08-24 04:51:34,778 [WARNING] Failed to find tvg-id="aiatv" in georgia_channels.m3u
2026-08-24 04:51:34,778 [WARNING] Failed to find tvg-id="batumi2" in georgia_channels.m3u
2026-08-24 04:51:34,778 [WARNING] Failed to find tvg-id="altinfo" in georgia_channels.m3u
2026-08-24 04:51:34,778 [WARNING] Failed to find tvg-id="parliament" in georgia_channels.m3u
2026-08-24 04:51:34,778 [WARNING] Failed to find tvg-id="egrisi" in georgia_channels.m3u
2026-08-24 04:51:34,779 [WARNING] Failed to find tvg-id="mzetv" in georgia_channels.m3u
2026-08-24 04:51:34,779 [INFO] No file changes were made.
2026-08-24 04:51:34,779 [INFO] === UPDATE EXECUTION FINISHED ===
