2026-08-23 08:33:36,023 [INFO] === UPDATE EXECUTION STARTED ===
2026-08-23 08:33:36,023 [INFO] Fetching Setanta Sports 3 from IPTV-ORG...
2026-08-23 08:33:36,101 [INFO] Launching batch scraper for 44 channels on tv.mar.tv...
2026-08-23 08:33:37,374 [INFO] Scraping rustavi2...
2026-08-23 08:33:42,321 [INFO]  -> Success: https://live8.mar.tv/1/4rd/index.m3u8
2026-08-23 08:33:42,361 [INFO] Scraping maestro...
2026-08-23 08:33:45,641 [INFO]  -> Success: https://live4.mar.tv/ae8c7bf8f073424e65520c6aad17fa2bd99969e85bc1e53d907bf81a983cbadd/352m/index.m3u8
2026-08-23 08:33:45,673 [INFO] Scraping marao...
2026-08-23 08:33:48,949 [INFO]  -> Success: https://live2.mar.tv/ae8c7bf8f073424e65520c6aad17fa2bd99969e85bc1e53d907bf81a983cbadd/12sd/index.m3u8
2026-08-23 08:33:48,982 [INFO] Scraping gds...
2026-08-23 08:33:52,258 [INFO]  -> Success: https://live1.mar.tv/ae8c7bf8f073424e65520c6aad17fa2bd99969e85bc1e53d907bf81a983cbadd/13sd/index.m3u8
2026-08-23 08:33:52,291 [INFO] Scraping comedy...
2026-08-23 08:33:55,572 [INFO]  -> Success: https://live4.mar.tv/ae8c7bf8f073424e65520c6aad17fa2bd99969e85bc1e53d907bf81a983cbadd/14rd/index.m3u8
2026-08-23 08:33:55,611 [INFO] Scraping bbb...
2026-08-23 08:33:58,884 [INFO]  -> Success: https://live2.mar.tv/ae8c7bf8f073424e65520c6aad17fa2bd99969e85bc1e53d907bf81a983cbadd/16sd/index.m3u8
2026-08-23 08:33:58,917 [INFO] Scraping enkibenki...
2026-08-23 08:34:02,198 [INFO]  -> Success: https://live2.mar.tv/ae8c7bf8f073424e65520c6aad17fa2bd99969e85bc1e53d907bf81a983cbadd/17e/index.m3u8
2026-08-23 08:34:02,235 [INFO] Scraping adjaratv...
2026-08-23 08:34:05,515 [INFO]  -> Success: https://live2.mar.tv/ae8c7bf8f073424e65520c6aad17fa2bd99969e85bc1e53d907bf81a983cbadd/19rd/index.m3u8
2026-08-23 08:34:05,550 [INFO] Scraping rionitv...
2026-08-23 08:34:08,835 [INFO]  -> Success: https://live6.mar.tv/ae8c7bf8f073424e65520c6aad17fa2bd99969e85bc1e53d907bf81a983cbadd/20rionn/index.m3u8
2026-08-23 08:34:08,870 [INFO] Scraping tv25...
2026-08-23 08:34:12,150 [INFO]  -> Success: https://live6.mar.tv/ae8c7bf8f073424e65520c6aad17fa2bd99969e85bc1e53d907bf81a983cbadd/23tv25/index.m3u8
2026-08-23 08:34:12,183 [INFO] Scraping tv4rustavi...
2026-08-23 08:34:15,469 [INFO]  -> Success: https://live6.mar.tv/ae8c7bf8f073424e65520c6aad17fa2bd99969e85bc1e53d907bf81a983cbadd/24tw4/index.m3u8
2026-08-23 08:34:15,502 [INFO] Scraping trialeti...
2026-08-23 08:34:18,787 [INFO]  -> Success: https://live6.mar.tv/ae8c7bf8f073424e65520c6aad17fa2bd99969e85bc1e53d907bf81a983cbadd/trialleti/index.m3u8
2026-08-23 08:34:18,823 [INFO] Scraping dardimandi...
2026-08-23 08:34:22,105 [INFO]  -> Success: https://live5.mar.tv/ae8c7bf8f073424e65520c6aad17fa2bd99969e85bc1e53d907bf81a983cbadd/27/index.m3u8
2026-08-23 08:34:22,140 [INFO] Scraping agro...
2026-08-23 08:34:25,420 [INFO]  -> Success: https://live5.mar.tv/ae8c7bf8f073424e65520c6aad17fa2bd99969e85bc1e53d907bf81a983cbadd/28/index.m3u8
2026-08-23 08:34:25,454 [INFO] Scraping samefo...
2026-08-23 08:34:28,736 [INFO]  -> Success: https://live5.mar.tv/ae8c7bf8f073424e65520c6aad17fa2bd99969e85bc1e53d907bf81a983cbadd/29/index.m3u8
2026-08-23 08:34:28,770 [INFO] Scraping postv...
2026-08-23 08:34:32,051 [INFO]  -> Success: https://live6.mar.tv/ae8c7bf8f073424e65520c6aad17fa2bd99969e85bc1e53d907bf81a983cbadd/postvw/index.m3u8
2026-08-23 08:34:32,086 [INFO] Scraping megatv...
2026-08-23 08:34:35,364 [INFO]  -> Success: https://live4.mar.tv/ae8c7bf8f073424e65520c6aad17fa2bd99969e85bc1e53d907bf81a983cbadd/32st/index.m3u8
2026-08-23 08:34:35,398 [INFO] Scraping qartuliarxi...
2026-08-23 08:34:38,679 [INFO]  -> Success: https://live6.mar.tv/ae8c7bf8f073424e65520c6aad17fa2bd99969e85bc1e53d907bf81a983cbadd/qartuli/index.m3u8
2026-08-23 08:34:38,713 [INFO] Scraping musicbox...
2026-08-23 08:34:41,994 [INFO]  -> Success: https://live6.mar.tv/ae8c7bf8f073424e65520c6aad17fa2bd99969e85bc1e53d907bf81a983cbadd/34musge/index.m3u8
2026-08-23 08:34:42,026 [INFO] Scraping marneuli...
2026-08-23 08:34:45,304 [INFO]  -> Success: https://live6.mar.tv/ae8c7bf8f073424e65520c6aad17fa2bd99969e85bc1e53d907bf81a983cbadd/37marn/index.m3u8
2026-08-23 08:34:45,338 [INFO] Scraping axaliformula...
2026-08-23 08:34:48,618 [INFO]  -> Success: https://live6.mar.tv/ae8c7bf8f073424e65520c6aad17fa2bd99969e85bc1e53d907bf81a983cbadd/axaliformla/index.m3u8
2026-08-23 08:34:48,652 [INFO] Scraping o2...
2026-08-23 08:34:51,931 [INFO]  -> Success: https://live5.mar.tv/ae8c7bf8f073424e65520c6aad17fa2bd99969e85bc1e53d907bf81a983cbadd/40/index.m3u8
2026-08-23 08:34:51,968 [INFO] Scraping guria...
2026-08-23 08:34:55,247 [INFO]  -> Success: https://live5.mar.tv/ae8c7bf8f073424e65520c6aad17fa2bd99969e85bc1e53d907bf81a983cbadd/42/index.m3u8
2026-08-23 08:34:55,281 [INFO] Scraping imervizia...
2026-08-23 08:34:58,557 [INFO]  -> Success: https://live6.mar.tv/ae8c7bf8f073424e65520c6aad17fa2bd99969e85bc1e53d907bf81a983cbadd/imervizia/index.m3u8
2026-08-23 08:34:58,598 [INFO] Scraping diatv...
2026-08-23 08:35:01,878 [INFO]  -> Success: https://live4.mar.tv/ae8c7bf8f073424e65520c6aad17fa2bd99969e85bc1e53d907bf81a983cbadd/dia/index.m3u8
2026-08-23 08:35:01,917 [INFO] Scraping chveniarxi...
2026-08-23 08:35:05,198 [INFO]  -> Success: https://live3.mar.tv/ae8c7bf8f073424e65520c6aad17fa2bd99969e85bc1e53d907bf81a983cbadd/45rd/index.m3u8
2026-08-23 08:35:05,233 [INFO] Scraping batumitv...
2026-08-23 08:35:08,512 [INFO]  -> Success: https://live5.mar.tv/ae8c7bf8f073424e65520c6aad17fa2bd99969e85bc1e53d907bf81a983cbadd/46/index.m3u8
2026-08-23 08:35:08,545 [INFO] Scraping rcheuli...
2026-08-23 08:35:11,826 [INFO]  -> Success: https://live5.mar.tv/ae8c7bf8f073424e65520c6aad17fa2bd99969e85bc1e53d907bf81a983cbadd/47/index.m3u8
2026-08-23 08:35:11,859 [INFO] Scraping gurjaani...
2026-08-23 08:35:15,137 [INFO]  -> Success: https://live4.mar.tv/ae8c7bf8f073424e65520c6aad17fa2bd99969e85bc1e53d907bf81a983cbadd/48m/index.m3u8
2026-08-23 08:35:15,172 [INFO] Scraping molitv...
2026-08-23 08:35:18,451 [INFO]  -> Success: https://live6.mar.tv/ae8c7bf8f073424e65520c6aad17fa2bd99969e85bc1e53d907bf81a983cbadd/mollltv/index.m3u8
2026-08-23 08:35:18,486 [INFO] Scraping mexute...
2026-08-23 08:35:21,762 [INFO]  -> Success: https://live6.mar.tv/ae8c7bf8f073424e65520c6aad17fa2bd99969e85bc1e53d907bf81a983cbadd/50/index.m3u8
2026-08-23 08:35:21,799 [INFO] Scraping agrogaremo...
2026-08-23 08:35:25,081 [INFO]  -> Success: https://live6.mar.tv/ae8c7bf8f073424e65520c6aad17fa2bd99969e85bc1e53d907bf81a983cbadd/agrogaremo/index.m3u8
2026-08-23 08:35:25,117 [INFO] Scraping artv...
2026-08-23 08:35:28,400 [INFO]  -> Success: https://live6.mar.tv/ae8c7bf8f073424e65520c6aad17fa2bd99969e85bc1e53d907bf81a983cbadd/tafutv/index.m3u8
2026-08-23 08:35:28,432 [INFO] Scraping meteo24...
2026-08-23 08:35:31,712 [INFO]  -> Success: https://live5.mar.tv/ae8c7bf8f073424e65520c6aad17fa2bd99969e85bc1e53d907bf81a983cbadd/56/index.m3u8
2026-08-23 08:35:31,746 [INFO] Scraping georgiantimes...
2026-08-23 08:35:35,023 [INFO]  -> Success: https://live5.mar.tv/ae8c7bf8f073424e65520c6aad17fa2bd99969e85bc1e53d907bf81a983cbadd/57/index.m3u8
2026-08-23 08:35:35,060 [INFO] Scraping silkuniversal...
2026-08-23 08:35:38,337 [INFO]  -> Success: https://live2.mar.tv/ae8c7bf8f073424e65520c6aad17fa2bd99969e85bc1e53d907bf81a983cbadd/1arxiweb/index.m3u8
2026-08-23 08:35:38,372 [INFO] Scraping rugbytv...
2026-08-23 08:35:41,649 [INFO]  -> Success: https://live4.mar.tv/ae8c7bf8f073424e65520c6aad17fa2bd99969e85bc1e53d907bf81a983cbadd/160m/index.m3u8
2026-08-23 08:35:41,687 [INFO] Scraping gms...
2026-08-23 08:35:44,966 [INFO]  -> Success: https://live5.mar.tv/ae8c7bf8f073424e65520c6aad17fa2bd99969e85bc1e53d907bf81a983cbadd/161/index.m3u8
2026-08-23 08:35:45,002 [INFO] Scraping aiatv...
2026-08-23 08:35:48,280 [INFO]  -> Success: https://live6.mar.tv/ae8c7bf8f073424e65520c6aad17fa2bd99969e85bc1e53d907bf81a983cbadd/aia/index.m3u8
2026-08-23 08:35:48,313 [INFO] Scraping batumi2...
2026-08-23 08:35:51,593 [INFO]  -> Success: https://live6.mar.tv/ae8c7bf8f073424e65520c6aad17fa2bd99969e85bc1e53d907bf81a983cbadd/batumitv2/index.m3u8
2026-08-23 08:35:51,626 [INFO] Scraping altinfo...
2026-08-23 08:35:54,902 [INFO]  -> Success: https://live6.mar.tv/ae8c7bf8f073424e65520c6aad17fa2bd99969e85bc1e53d907bf81a983cbadd/altinfo/index.m3u8
2026-08-23 08:35:54,937 [INFO] Scraping parliament...
2026-08-23 08:35:58,212 [INFO]  -> Success: https://live6.mar.tv/ae8c7bf8f073424e65520c6aad17fa2bd99969e85bc1e53d907bf81a983cbadd/parlament/index.m3u8
2026-08-23 08:35:58,246 [INFO] Scraping egrisi...
2026-08-23 08:36:01,527 [INFO]  -> Success: https://live6.mar.tv/ae8c7bf8f073424e65520c6aad17fa2bd99969e85bc1e53d907bf81a983cbadd/egrisi/index.m3u8
2026-08-23 08:36:01,561 [INFO] Scraping mzetv...
2026-08-23 08:36:04,837 [INFO]  -> Success: https://live6.mar.tv/ae8c7bf8f073424e65520c6aad17fa2bd99969e85bc1e53d907bf81a983cbadd/mze/index.m3u8
2026-08-23 08:36:04,894 [WARNING] Failed to find tvg-id="rustavi2" in georgia_channels.m3u
2026-08-23 08:36:04,895 [WARNING] Failed to find tvg-id="maestro" in georgia_channels.m3u
2026-08-23 08:36:04,895 [WARNING] Failed to find tvg-id="marao" in georgia_channels.m3u
2026-08-23 08:36:04,895 [WARNING] Failed to find tvg-id="gds" in georgia_channels.m3u
2026-08-23 08:36:04,895 [WARNING] Failed to find tvg-id="comedy" in georgia_channels.m3u
2026-08-23 08:36:04,896 [WARNING] Failed to find tvg-id="bbb" in georgia_channels.m3u
2026-08-23 08:36:04,896 [WARNING] Failed to find tvg-id="enkibenki" in georgia_channels.m3u
2026-08-23 08:36:04,896 [WARNING] Failed to find tvg-id="adjaratv" in georgia_channels.m3u
2026-08-23 08:36:04,896 [WARNING] Failed to find tvg-id="rionitv" in georgia_channels.m3u
2026-08-23 08:36:04,897 [WARNING] Failed to find tvg-id="tv25" in georgia_channels.m3u
2026-08-23 08:36:04,897 [WARNING] Failed to find tvg-id="tv4rustavi" in georgia_channels.m3u
2026-08-23 08:36:04,897 [WARNING] Failed to find tvg-id="trialeti" in georgia_channels.m3u
2026-08-23 08:36:04,897 [WARNING] Failed to find tvg-id="dardimandi" in georgia_channels.m3u
2026-08-23 08:36:04,897 [WARNING] Failed to find tvg-id="agro" in georgia_channels.m3u
2026-08-23 08:36:04,898 [WARNING] Failed to find tvg-id="samefo" in georgia_channels.m3u
2026-08-23 08:36:04,898 [WARNING] Failed to find tvg-id="postv" in georgia_channels.m3u
2026-08-23 08:36:04,898 [WARNING] Failed to find tvg-id="megatv" in georgia_channels.m3u
2026-08-23 08:36:04,898 [WARNING] Failed to find tvg-id="qartuliarxi" in georgia_channels.m3u
2026-08-23 08:36:04,899 [WARNING] Failed to find tvg-id="musicbox" in georgia_channels.m3u
2026-08-23 08:36:04,899 [WARNING] Failed to find tvg-id="marneuli" in georgia_channels.m3u
2026-08-23 08:36:04,899 [WARNING] Failed to find tvg-id="axaliformula" in georgia_channels.m3u
2026-08-23 08:36:04,899 [WARNING] Failed to find tvg-id="o2" in georgia_channels.m3u
2026-08-23 08:36:04,900 [WARNING] Failed to find tvg-id="guria" in georgia_channels.m3u
2026-08-23 08:36:04,900 [WARNING] Failed to find tvg-id="imervizia" in georgia_channels.m3u
2026-08-23 08:36:04,900 [WARNING] Failed to find tvg-id="diatv" in georgia_channels.m3u
2026-08-23 08:36:04,900 [WARNING] Failed to find tvg-id="chveniarxi" in georgia_channels.m3u
2026-08-23 08:36:04,901 [WARNING] Failed to find tvg-id="batumitv" in georgia_channels.m3u
2026-08-23 08:36:04,901 [WARNING] Failed to find tvg-id="rcheuli" in georgia_channels.m3u
2026-08-23 08:36:04,901 [WARNING] Failed to find tvg-id="gurjaani" in georgia_channels.m3u
2026-08-23 08:36:04,901 [WARNING] Failed to find tvg-id="molitv" in georgia_channels.m3u
2026-08-23 08:36:04,902 [WARNING] Failed to find tvg-id="mexute" in georgia_channels.m3u
2026-08-23 08:36:04,902 [WARNING] Failed to find tvg-id="agrogaremo" in georgia_channels.m3u
2026-08-23 08:36:04,902 [WARNING] Failed to find tvg-id="artv" in georgia_channels.m3u
2026-08-23 08:36:04,903 [WARNING] Failed to find tvg-id="meteo24" in georgia_channels.m3u
2026-08-23 08:36:04,903 [WARNING] Failed to find tvg-id="georgiantimes" in georgia_channels.m3u
2026-08-23 08:36:04,903 [WARNING] Failed to find tvg-id="silkuniversal" in georgia_channels.m3u
2026-08-23 08:36:04,903 [WARNING] Failed to find tvg-id="rugbytv" in georgia_channels.m3u
2026-08-23 08:36:04,904 [WARNING] Failed to find tvg-id="gms" in georgia_channels.m3u
2026-08-23 08:36:04,904 [WARNING] Failed to find tvg-id="aiatv" in georgia_channels.m3u
2026-08-23 08:36:04,904 [WARNING] Failed to find tvg-id="batumi2" in georgia_channels.m3u
2026-08-23 08:36:04,904 [WARNING] Failed to find tvg-id="altinfo" in georgia_channels.m3u
2026-08-23 08:36:04,905 [WARNING] Failed to find tvg-id="parliament" in georgia_channels.m3u
2026-08-23 08:36:04,905 [WARNING] Failed to find tvg-id="egrisi" in georgia_channels.m3u
2026-08-23 08:36:04,905 [WARNING] Failed to find tvg-id="mzetv" in georgia_channels.m3u
2026-08-23 08:36:04,905 [INFO] No file changes were made.
2026-08-23 08:36:04,905 [INFO] === UPDATE EXECUTION FINISHED ===
