2026-08-21 19:28:00,296 [INFO] === UPDATE EXECUTION STARTED ===
2026-08-21 19:28:00,296 [INFO] Fetching Setanta Sports 3 from IPTV-ORG...
2026-08-21 19:28:00,367 [INFO] Launching batch scraper for 44 channels on tv.mar.tv...
2026-08-21 19:28:00,962 [INFO] Scraping rustavi2...
2026-08-21 19:28:05,907 [INFO]  -> Success: https://live8.mar.tv/1/4rd/index.m3u8
2026-08-21 19:28:05,942 [INFO] Scraping maestro...
2026-08-21 19:28:09,217 [INFO]  -> Success: https://live4.mar.tv/f09459287ef2680ae6cc1bfe427899068cd1ee7e431f3536852e1ec71b55942f/352m/index.m3u8
2026-08-21 19:28:09,253 [INFO] Scraping marao...
2026-08-21 19:28:12,528 [INFO]  -> Success: https://live2.mar.tv/f09459287ef2680ae6cc1bfe427899068cd1ee7e431f3536852e1ec71b55942f/12sd/index.m3u8
2026-08-21 19:28:12,563 [INFO] Scraping gds...
2026-08-21 19:28:15,839 [INFO]  -> Success: https://live1.mar.tv/f09459287ef2680ae6cc1bfe427899068cd1ee7e431f3536852e1ec71b55942f/13sd/index.m3u8
2026-08-21 19:28:15,873 [INFO] Scraping comedy...
2026-08-21 19:28:19,147 [INFO]  -> Success: https://live4.mar.tv/f09459287ef2680ae6cc1bfe427899068cd1ee7e431f3536852e1ec71b55942f/14rd/index.m3u8
2026-08-21 19:28:19,182 [INFO] Scraping bbb...
2026-08-21 19:28:22,455 [INFO]  -> Success: https://live2.mar.tv/f09459287ef2680ae6cc1bfe427899068cd1ee7e431f3536852e1ec71b55942f/16sd/index.m3u8
2026-08-21 19:28:22,493 [INFO] Scraping enkibenki...
2026-08-21 19:28:25,767 [INFO]  -> Success: https://live2.mar.tv/f09459287ef2680ae6cc1bfe427899068cd1ee7e431f3536852e1ec71b55942f/17e/index.m3u8
2026-08-21 19:28:25,807 [INFO] Scraping adjaratv...
2026-08-21 19:28:29,082 [INFO]  -> Success: https://live2.mar.tv/f09459287ef2680ae6cc1bfe427899068cd1ee7e431f3536852e1ec71b55942f/19rd/index.m3u8
2026-08-21 19:28:29,119 [INFO] Scraping rionitv...
2026-08-21 19:28:32,393 [INFO]  -> Success: https://live6.mar.tv/f09459287ef2680ae6cc1bfe427899068cd1ee7e431f3536852e1ec71b55942f/20rionn/index.m3u8
2026-08-21 19:28:32,427 [INFO] Scraping tv25...
2026-08-21 19:28:35,698 [INFO]  -> Success: https://live6.mar.tv/f09459287ef2680ae6cc1bfe427899068cd1ee7e431f3536852e1ec71b55942f/23tv25/index.m3u8
2026-08-21 19:28:35,734 [INFO] Scraping tv4rustavi...
2026-08-21 19:28:39,010 [INFO]  -> Success: https://live6.mar.tv/f09459287ef2680ae6cc1bfe427899068cd1ee7e431f3536852e1ec71b55942f/24tw4/index.m3u8
2026-08-21 19:28:39,043 [INFO] Scraping trialeti...
2026-08-21 19:28:42,319 [INFO]  -> Success: https://live6.mar.tv/f09459287ef2680ae6cc1bfe427899068cd1ee7e431f3536852e1ec71b55942f/trialleti/index.m3u8
2026-08-21 19:28:42,352 [INFO] Scraping dardimandi...
2026-08-21 19:28:45,626 [INFO]  -> Success: https://live5.mar.tv/f09459287ef2680ae6cc1bfe427899068cd1ee7e431f3536852e1ec71b55942f/27/index.m3u8
2026-08-21 19:28:45,658 [INFO] Scraping agro...
2026-08-21 19:28:48,930 [INFO]  -> Success: https://live5.mar.tv/f09459287ef2680ae6cc1bfe427899068cd1ee7e431f3536852e1ec71b55942f/28/index.m3u8
2026-08-21 19:28:48,967 [INFO] Scraping samefo...
2026-08-21 19:28:52,240 [INFO]  -> Success: https://live5.mar.tv/f09459287ef2680ae6cc1bfe427899068cd1ee7e431f3536852e1ec71b55942f/29/index.m3u8
2026-08-21 19:28:52,276 [INFO] Scraping postv...
2026-08-21 19:28:55,550 [INFO]  -> Success: https://live6.mar.tv/f09459287ef2680ae6cc1bfe427899068cd1ee7e431f3536852e1ec71b55942f/postvw/index.m3u8
2026-08-21 19:28:55,586 [INFO] Scraping megatv...
2026-08-21 19:28:58,857 [INFO]  -> Success: https://live4.mar.tv/f09459287ef2680ae6cc1bfe427899068cd1ee7e431f3536852e1ec71b55942f/32st/index.m3u8
2026-08-21 19:28:58,894 [INFO] Scraping qartuliarxi...
2026-08-21 19:29:02,168 [INFO]  -> Success: https://live6.mar.tv/f09459287ef2680ae6cc1bfe427899068cd1ee7e431f3536852e1ec71b55942f/qartuli/index.m3u8
2026-08-21 19:29:02,201 [INFO] Scraping musicbox...
2026-08-21 19:29:05,474 [INFO]  -> Success: https://live6.mar.tv/f09459287ef2680ae6cc1bfe427899068cd1ee7e431f3536852e1ec71b55942f/34musge/index.m3u8
2026-08-21 19:29:05,510 [INFO] Scraping marneuli...
2026-08-21 19:29:08,782 [INFO]  -> Success: https://live6.mar.tv/f09459287ef2680ae6cc1bfe427899068cd1ee7e431f3536852e1ec71b55942f/37marn/index.m3u8
2026-08-21 19:29:08,815 [INFO] Scraping axaliformula...
2026-08-21 19:29:12,088 [INFO]  -> Success: https://live6.mar.tv/f09459287ef2680ae6cc1bfe427899068cd1ee7e431f3536852e1ec71b55942f/axaliformla/index.m3u8
2026-08-21 19:29:12,121 [INFO] Scraping o2...
2026-08-21 19:29:15,398 [INFO]  -> Success: https://live5.mar.tv/f09459287ef2680ae6cc1bfe427899068cd1ee7e431f3536852e1ec71b55942f/40/index.m3u8
2026-08-21 19:29:15,429 [INFO] Scraping guria...
2026-08-21 19:29:18,707 [INFO]  -> Success: https://live5.mar.tv/f09459287ef2680ae6cc1bfe427899068cd1ee7e431f3536852e1ec71b55942f/42/index.m3u8
2026-08-21 19:29:18,741 [INFO] Scraping imervizia...
2026-08-21 19:29:22,011 [INFO]  -> Success: https://live6.mar.tv/f09459287ef2680ae6cc1bfe427899068cd1ee7e431f3536852e1ec71b55942f/imervizia/index.m3u8
2026-08-21 19:29:22,045 [INFO] Scraping diatv...
2026-08-21 19:29:25,320 [INFO]  -> Success: https://live4.mar.tv/f09459287ef2680ae6cc1bfe427899068cd1ee7e431f3536852e1ec71b55942f/dia/index.m3u8
2026-08-21 19:29:25,353 [INFO] Scraping chveniarxi...
2026-08-21 19:29:28,622 [INFO]  -> Success: https://live3.mar.tv/f09459287ef2680ae6cc1bfe427899068cd1ee7e431f3536852e1ec71b55942f/45rd/index.m3u8
2026-08-21 19:29:28,668 [INFO] Scraping batumitv...
2026-08-21 19:29:31,942 [INFO]  -> Success: https://live5.mar.tv/f09459287ef2680ae6cc1bfe427899068cd1ee7e431f3536852e1ec71b55942f/46/index.m3u8
2026-08-21 19:29:31,975 [INFO] Scraping rcheuli...
2026-08-21 19:29:35,253 [INFO]  -> Success: https://live5.mar.tv/f09459287ef2680ae6cc1bfe427899068cd1ee7e431f3536852e1ec71b55942f/47/index.m3u8
2026-08-21 19:29:35,289 [INFO] Scraping gurjaani...
2026-08-21 19:29:38,562 [INFO]  -> Success: https://live4.mar.tv/f09459287ef2680ae6cc1bfe427899068cd1ee7e431f3536852e1ec71b55942f/48m/index.m3u8
2026-08-21 19:29:38,597 [INFO] Scraping molitv...
2026-08-21 19:29:41,870 [INFO]  -> Success: https://live6.mar.tv/f09459287ef2680ae6cc1bfe427899068cd1ee7e431f3536852e1ec71b55942f/mollltv/index.m3u8
2026-08-21 19:29:41,905 [INFO] Scraping mexute...
2026-08-21 19:29:45,179 [INFO]  -> Success: https://live6.mar.tv/f09459287ef2680ae6cc1bfe427899068cd1ee7e431f3536852e1ec71b55942f/50/index.m3u8
2026-08-21 19:29:45,213 [INFO] Scraping agrogaremo...
2026-08-21 19:29:48,489 [INFO]  -> Success: https://live6.mar.tv/f09459287ef2680ae6cc1bfe427899068cd1ee7e431f3536852e1ec71b55942f/agrogaremo/index.m3u8
2026-08-21 19:29:48,522 [INFO] Scraping artv...
2026-08-21 19:29:51,803 [INFO]  -> Success: https://live6.mar.tv/f09459287ef2680ae6cc1bfe427899068cd1ee7e431f3536852e1ec71b55942f/tafutv/index.m3u8
2026-08-21 19:29:51,835 [INFO] Scraping meteo24...
2026-08-21 19:29:55,106 [INFO]  -> Success: https://live5.mar.tv/f09459287ef2680ae6cc1bfe427899068cd1ee7e431f3536852e1ec71b55942f/56/index.m3u8
2026-08-21 19:29:55,140 [INFO] Scraping georgiantimes...
2026-08-21 19:29:58,417 [INFO]  -> Success: https://live5.mar.tv/f09459287ef2680ae6cc1bfe427899068cd1ee7e431f3536852e1ec71b55942f/57/index.m3u8
2026-08-21 19:29:58,449 [INFO] Scraping silkuniversal...
2026-08-21 19:30:01,723 [INFO]  -> Success: https://live2.mar.tv/f09459287ef2680ae6cc1bfe427899068cd1ee7e431f3536852e1ec71b55942f/1arxiweb/index.m3u8
2026-08-21 19:30:01,760 [INFO] Scraping rugbytv...
2026-08-21 19:30:05,034 [INFO]  -> Success: https://live4.mar.tv/f09459287ef2680ae6cc1bfe427899068cd1ee7e431f3536852e1ec71b55942f/160m/index.m3u8
2026-08-21 19:30:05,069 [INFO] Scraping gms...
2026-08-21 19:30:08,344 [INFO]  -> Success: https://live5.mar.tv/f09459287ef2680ae6cc1bfe427899068cd1ee7e431f3536852e1ec71b55942f/161/index.m3u8
2026-08-21 19:30:08,379 [INFO] Scraping aiatv...
2026-08-21 19:30:11,651 [INFO]  -> Success: https://live6.mar.tv/f09459287ef2680ae6cc1bfe427899068cd1ee7e431f3536852e1ec71b55942f/aia/index.m3u8
2026-08-21 19:30:11,682 [INFO] Scraping batumi2...
2026-08-21 19:30:14,957 [INFO]  -> Success: https://live6.mar.tv/f09459287ef2680ae6cc1bfe427899068cd1ee7e431f3536852e1ec71b55942f/batumitv2/index.m3u8
2026-08-21 19:30:14,994 [INFO] Scraping altinfo...
2026-08-21 19:30:18,266 [INFO]  -> Success: https://live6.mar.tv/f09459287ef2680ae6cc1bfe427899068cd1ee7e431f3536852e1ec71b55942f/altinfo/index.m3u8
2026-08-21 19:30:18,300 [INFO] Scraping parliament...
2026-08-21 19:30:21,577 [INFO]  -> Success: https://live6.mar.tv/f09459287ef2680ae6cc1bfe427899068cd1ee7e431f3536852e1ec71b55942f/parlament/index.m3u8
2026-08-21 19:30:21,609 [INFO] Scraping egrisi...
2026-08-21 19:30:24,880 [INFO]  -> Success: https://live6.mar.tv/f09459287ef2680ae6cc1bfe427899068cd1ee7e431f3536852e1ec71b55942f/egrisi/index.m3u8
2026-08-21 19:30:24,922 [INFO] Scraping mzetv...
2026-08-21 19:30:28,195 [INFO]  -> Success: https://live6.mar.tv/f09459287ef2680ae6cc1bfe427899068cd1ee7e431f3536852e1ec71b55942f/mze/index.m3u8
2026-08-21 19:30:28,248 [WARNING] Failed to find tvg-id="rustavi2" in georgia_channels.m3u
2026-08-21 19:30:28,248 [WARNING] Failed to find tvg-id="maestro" in georgia_channels.m3u
2026-08-21 19:30:28,248 [WARNING] Failed to find tvg-id="marao" in georgia_channels.m3u
2026-08-21 19:30:28,249 [WARNING] Failed to find tvg-id="gds" in georgia_channels.m3u
2026-08-21 19:30:28,249 [WARNING] Failed to find tvg-id="comedy" in georgia_channels.m3u
2026-08-21 19:30:28,249 [WARNING] Failed to find tvg-id="bbb" in georgia_channels.m3u
2026-08-21 19:30:28,249 [WARNING] Failed to find tvg-id="enkibenki" in georgia_channels.m3u
2026-08-21 19:30:28,249 [WARNING] Failed to find tvg-id="adjaratv" in georgia_channels.m3u
2026-08-21 19:30:28,250 [WARNING] Failed to find tvg-id="rionitv" in georgia_channels.m3u
2026-08-21 19:30:28,250 [WARNING] Failed to find tvg-id="tv25" in georgia_channels.m3u
2026-08-21 19:30:28,250 [WARNING] Failed to find tvg-id="tv4rustavi" in georgia_channels.m3u
2026-08-21 19:30:28,250 [WARNING] Failed to find tvg-id="trialeti" in georgia_channels.m3u
2026-08-21 19:30:28,250 [WARNING] Failed to find tvg-id="dardimandi" in georgia_channels.m3u
2026-08-21 19:30:28,251 [WARNING] Failed to find tvg-id="agro" in georgia_channels.m3u
2026-08-21 19:30:28,251 [WARNING] Failed to find tvg-id="samefo" in georgia_channels.m3u
2026-08-21 19:30:28,251 [WARNING] Failed to find tvg-id="postv" in georgia_channels.m3u
2026-08-21 19:30:28,251 [WARNING] Failed to find tvg-id="megatv" in georgia_channels.m3u
2026-08-21 19:30:28,251 [WARNING] Failed to find tvg-id="qartuliarxi" in georgia_channels.m3u
2026-08-21 19:30:28,252 [WARNING] Failed to find tvg-id="musicbox" in georgia_channels.m3u
2026-08-21 19:30:28,252 [WARNING] Failed to find tvg-id="marneuli" in georgia_channels.m3u
2026-08-21 19:30:28,252 [WARNING] Failed to find tvg-id="axaliformula" in georgia_channels.m3u
2026-08-21 19:30:28,252 [WARNING] Failed to find tvg-id="o2" in georgia_channels.m3u
2026-08-21 19:30:28,252 [WARNING] Failed to find tvg-id="guria" in georgia_channels.m3u
2026-08-21 19:30:28,253 [WARNING] Failed to find tvg-id="imervizia" in georgia_channels.m3u
2026-08-21 19:30:28,253 [WARNING] Failed to find tvg-id="diatv" in georgia_channels.m3u
2026-08-21 19:30:28,253 [WARNING] Failed to find tvg-id="chveniarxi" in georgia_channels.m3u
2026-08-21 19:30:28,253 [WARNING] Failed to find tvg-id="batumitv" in georgia_channels.m3u
2026-08-21 19:30:28,253 [WARNING] Failed to find tvg-id="rcheuli" in georgia_channels.m3u
2026-08-21 19:30:28,254 [WARNING] Failed to find tvg-id="gurjaani" in georgia_channels.m3u
2026-08-21 19:30:28,254 [WARNING] Failed to find tvg-id="molitv" in georgia_channels.m3u
2026-08-21 19:30:28,254 [WARNING] Failed to find tvg-id="mexute" in georgia_channels.m3u
2026-08-21 19:30:28,254 [WARNING] Failed to find tvg-id="agrogaremo" in georgia_channels.m3u
2026-08-21 19:30:28,254 [WARNING] Failed to find tvg-id="artv" in georgia_channels.m3u
2026-08-21 19:30:28,255 [WARNING] Failed to find tvg-id="meteo24" in georgia_channels.m3u
2026-08-21 19:30:28,255 [WARNING] Failed to find tvg-id="georgiantimes" in georgia_channels.m3u
2026-08-21 19:30:28,255 [WARNING] Failed to find tvg-id="silkuniversal" in georgia_channels.m3u
2026-08-21 19:30:28,255 [WARNING] Failed to find tvg-id="rugbytv" in georgia_channels.m3u
2026-08-21 19:30:28,255 [WARNING] Failed to find tvg-id="gms" in georgia_channels.m3u
2026-08-21 19:30:28,256 [WARNING] Failed to find tvg-id="aiatv" in georgia_channels.m3u
2026-08-21 19:30:28,256 [WARNING] Failed to find tvg-id="batumi2" in georgia_channels.m3u
2026-08-21 19:30:28,256 [WARNING] Failed to find tvg-id="altinfo" in georgia_channels.m3u
2026-08-21 19:30:28,256 [WARNING] Failed to find tvg-id="parliament" in georgia_channels.m3u
2026-08-21 19:30:28,256 [WARNING] Failed to find tvg-id="egrisi" in georgia_channels.m3u
2026-08-21 19:30:28,256 [WARNING] Failed to find tvg-id="mzetv" in georgia_channels.m3u
2026-08-21 19:30:28,257 [INFO] No file changes were made.
2026-08-21 19:30:28,257 [INFO] === UPDATE EXECUTION FINISHED ===
