2026-08-22 19:24:55,444 [INFO] === UPDATE EXECUTION STARTED ===
2026-08-22 19:24:55,444 [INFO] Fetching Setanta Sports 3 from IPTV-ORG...
2026-08-22 19:24:55,571 [INFO] Launching batch scraper for 44 channels on tv.mar.tv...
2026-08-22 19:24:57,122 [INFO] Scraping rustavi2...
2026-08-22 19:25:03,020 [INFO]  -> Success: https://live8.mar.tv/1/4rd/index.m3u8
2026-08-22 19:25:03,055 [INFO] Scraping maestro...
2026-08-22 19:25:06,386 [INFO]  -> Success: https://live4.mar.tv/a3ea4fc695814b22e099befe1b5b824c9bb87a5c0737b82d73e5e6b094ab9df4/352m/index.m3u8
2026-08-22 19:25:06,419 [INFO] Scraping marao...
2026-08-22 19:25:09,746 [INFO]  -> Success: https://live2.mar.tv/a3ea4fc695814b22e099befe1b5b824c9bb87a5c0737b82d73e5e6b094ab9df4/12sd/index.m3u8
2026-08-22 19:25:09,782 [INFO] Scraping gds...
2026-08-22 19:25:13,114 [INFO]  -> Success: https://live1.mar.tv/a3ea4fc695814b22e099befe1b5b824c9bb87a5c0737b82d73e5e6b094ab9df4/13sd/index.m3u8
2026-08-22 19:25:13,147 [INFO] Scraping comedy...
2026-08-22 19:25:16,479 [INFO]  -> Success: https://live4.mar.tv/a3ea4fc695814b22e099befe1b5b824c9bb87a5c0737b82d73e5e6b094ab9df4/14rd/index.m3u8
2026-08-22 19:25:16,512 [INFO] Scraping bbb...
2026-08-22 19:25:19,840 [INFO]  -> Success: https://live2.mar.tv/a3ea4fc695814b22e099befe1b5b824c9bb87a5c0737b82d73e5e6b094ab9df4/16sd/index.m3u8
2026-08-22 19:25:19,872 [INFO] Scraping enkibenki...
2026-08-22 19:25:23,206 [INFO]  -> Success: https://live2.mar.tv/a3ea4fc695814b22e099befe1b5b824c9bb87a5c0737b82d73e5e6b094ab9df4/17e/index.m3u8
2026-08-22 19:25:23,238 [INFO] Scraping adjaratv...
2026-08-22 19:25:26,573 [INFO]  -> Success: https://live2.mar.tv/a3ea4fc695814b22e099befe1b5b824c9bb87a5c0737b82d73e5e6b094ab9df4/19rd/index.m3u8
2026-08-22 19:25:26,609 [INFO] Scraping rionitv...
2026-08-22 19:25:29,941 [INFO]  -> Success: https://live6.mar.tv/a3ea4fc695814b22e099befe1b5b824c9bb87a5c0737b82d73e5e6b094ab9df4/20rionn/index.m3u8
2026-08-22 19:25:29,972 [INFO] Scraping tv25...
2026-08-22 19:25:33,304 [INFO]  -> Success: https://live6.mar.tv/a3ea4fc695814b22e099befe1b5b824c9bb87a5c0737b82d73e5e6b094ab9df4/23tv25/index.m3u8
2026-08-22 19:25:33,338 [INFO] Scraping tv4rustavi...
2026-08-22 19:25:36,677 [INFO]  -> Success: https://live6.mar.tv/a3ea4fc695814b22e099befe1b5b824c9bb87a5c0737b82d73e5e6b094ab9df4/24tw4/index.m3u8
2026-08-22 19:25:36,719 [INFO] Scraping trialeti...
2026-08-22 19:25:40,048 [INFO]  -> Success: https://live6.mar.tv/a3ea4fc695814b22e099befe1b5b824c9bb87a5c0737b82d73e5e6b094ab9df4/trialleti/index.m3u8
2026-08-22 19:25:40,084 [INFO] Scraping dardimandi...
2026-08-22 19:25:43,418 [INFO]  -> Success: https://live5.mar.tv/a3ea4fc695814b22e099befe1b5b824c9bb87a5c0737b82d73e5e6b094ab9df4/27/index.m3u8
2026-08-22 19:25:43,453 [INFO] Scraping agro...
2026-08-22 19:25:46,784 [INFO]  -> Success: https://live5.mar.tv/a3ea4fc695814b22e099befe1b5b824c9bb87a5c0737b82d73e5e6b094ab9df4/28/index.m3u8
2026-08-22 19:25:46,816 [INFO] Scraping samefo...
2026-08-22 19:25:50,150 [INFO]  -> Success: https://live5.mar.tv/a3ea4fc695814b22e099befe1b5b824c9bb87a5c0737b82d73e5e6b094ab9df4/29/index.m3u8
2026-08-22 19:25:50,182 [INFO] Scraping postv...
2026-08-22 19:25:53,517 [INFO]  -> Success: https://live6.mar.tv/a3ea4fc695814b22e099befe1b5b824c9bb87a5c0737b82d73e5e6b094ab9df4/postvw/index.m3u8
2026-08-22 19:25:53,553 [INFO] Scraping megatv...
2026-08-22 19:25:56,888 [INFO]  -> Success: https://live4.mar.tv/a3ea4fc695814b22e099befe1b5b824c9bb87a5c0737b82d73e5e6b094ab9df4/32st/index.m3u8
2026-08-22 19:25:56,921 [INFO] Scraping qartuliarxi...
2026-08-22 19:26:00,254 [INFO]  -> Success: https://live6.mar.tv/a3ea4fc695814b22e099befe1b5b824c9bb87a5c0737b82d73e5e6b094ab9df4/qartuli/index.m3u8
2026-08-22 19:26:00,288 [INFO] Scraping musicbox...
2026-08-22 19:26:03,620 [INFO]  -> Success: https://live6.mar.tv/a3ea4fc695814b22e099befe1b5b824c9bb87a5c0737b82d73e5e6b094ab9df4/34musge/index.m3u8
2026-08-22 19:26:03,655 [INFO] Scraping marneuli...
2026-08-22 19:26:06,990 [INFO]  -> Success: https://live6.mar.tv/a3ea4fc695814b22e099befe1b5b824c9bb87a5c0737b82d73e5e6b094ab9df4/37marn/index.m3u8
2026-08-22 19:26:07,022 [INFO] Scraping axaliformula...
2026-08-22 19:26:10,354 [INFO]  -> Success: https://live6.mar.tv/a3ea4fc695814b22e099befe1b5b824c9bb87a5c0737b82d73e5e6b094ab9df4/axaliformla/index.m3u8
2026-08-22 19:26:10,387 [INFO] Scraping o2...
2026-08-22 19:26:13,720 [INFO]  -> Success: https://live5.mar.tv/a3ea4fc695814b22e099befe1b5b824c9bb87a5c0737b82d73e5e6b094ab9df4/40/index.m3u8
2026-08-22 19:26:13,753 [INFO] Scraping guria...
2026-08-22 19:26:17,085 [INFO]  -> Success: https://live5.mar.tv/a3ea4fc695814b22e099befe1b5b824c9bb87a5c0737b82d73e5e6b094ab9df4/42/index.m3u8
2026-08-22 19:26:17,119 [INFO] Scraping imervizia...
2026-08-22 19:26:20,454 [INFO]  -> Success: https://live6.mar.tv/a3ea4fc695814b22e099befe1b5b824c9bb87a5c0737b82d73e5e6b094ab9df4/imervizia/index.m3u8
2026-08-22 19:26:20,483 [INFO] Scraping diatv...
2026-08-22 19:26:23,818 [INFO]  -> Success: https://live4.mar.tv/a3ea4fc695814b22e099befe1b5b824c9bb87a5c0737b82d73e5e6b094ab9df4/dia/index.m3u8
2026-08-22 19:26:23,853 [INFO] Scraping chveniarxi...
2026-08-22 19:26:27,184 [INFO]  -> Success: https://live3.mar.tv/a3ea4fc695814b22e099befe1b5b824c9bb87a5c0737b82d73e5e6b094ab9df4/45rd/index.m3u8
2026-08-22 19:26:27,218 [INFO] Scraping batumitv...
2026-08-22 19:26:30,547 [INFO]  -> Success: https://live5.mar.tv/a3ea4fc695814b22e099befe1b5b824c9bb87a5c0737b82d73e5e6b094ab9df4/46/index.m3u8
2026-08-22 19:26:30,585 [INFO] Scraping rcheuli...
2026-08-22 19:26:33,916 [INFO]  -> Success: https://live5.mar.tv/a3ea4fc695814b22e099befe1b5b824c9bb87a5c0737b82d73e5e6b094ab9df4/47/index.m3u8
2026-08-22 19:26:33,952 [INFO] Scraping gurjaani...
2026-08-22 19:26:37,280 [INFO]  -> Success: https://live4.mar.tv/a3ea4fc695814b22e099befe1b5b824c9bb87a5c0737b82d73e5e6b094ab9df4/48m/index.m3u8
2026-08-22 19:26:37,315 [INFO] Scraping molitv...
2026-08-22 19:26:40,649 [INFO]  -> Success: https://live6.mar.tv/a3ea4fc695814b22e099befe1b5b824c9bb87a5c0737b82d73e5e6b094ab9df4/mollltv/index.m3u8
2026-08-22 19:26:40,683 [INFO] Scraping mexute...
2026-08-22 19:26:44,020 [INFO]  -> Success: https://live6.mar.tv/a3ea4fc695814b22e099befe1b5b824c9bb87a5c0737b82d73e5e6b094ab9df4/50/index.m3u8
2026-08-22 19:26:44,057 [INFO] Scraping agrogaremo...
2026-08-22 19:26:47,391 [INFO]  -> Success: https://live6.mar.tv/a3ea4fc695814b22e099befe1b5b824c9bb87a5c0737b82d73e5e6b094ab9df4/agrogaremo/index.m3u8
2026-08-22 19:26:47,428 [INFO] Scraping artv...
2026-08-22 19:26:50,762 [INFO]  -> Success: https://live6.mar.tv/a3ea4fc695814b22e099befe1b5b824c9bb87a5c0737b82d73e5e6b094ab9df4/tafutv/index.m3u8
2026-08-22 19:26:50,797 [INFO] Scraping meteo24...
2026-08-22 19:26:54,129 [INFO]  -> Success: https://live5.mar.tv/a3ea4fc695814b22e099befe1b5b824c9bb87a5c0737b82d73e5e6b094ab9df4/56/index.m3u8
2026-08-22 19:26:54,176 [INFO] Scraping georgiantimes...
2026-08-22 19:26:57,508 [INFO]  -> Success: https://live5.mar.tv/a3ea4fc695814b22e099befe1b5b824c9bb87a5c0737b82d73e5e6b094ab9df4/57/index.m3u8
2026-08-22 19:26:57,543 [INFO] Scraping silkuniversal...
2026-08-22 19:27:00,871 [INFO]  -> Success: https://live2.mar.tv/a3ea4fc695814b22e099befe1b5b824c9bb87a5c0737b82d73e5e6b094ab9df4/1arxiweb/index.m3u8
2026-08-22 19:27:00,905 [INFO] Scraping rugbytv...
2026-08-22 19:27:04,253 [INFO]  -> Success: https://live4.mar.tv/a3ea4fc695814b22e099befe1b5b824c9bb87a5c0737b82d73e5e6b094ab9df4/160m/index.m3u8
2026-08-22 19:27:04,287 [INFO] Scraping gms...
2026-08-22 19:27:07,620 [INFO]  -> Success: https://live5.mar.tv/a3ea4fc695814b22e099befe1b5b824c9bb87a5c0737b82d73e5e6b094ab9df4/161/index.m3u8
2026-08-22 19:27:07,656 [INFO] Scraping aiatv...
2026-08-22 19:27:10,987 [INFO]  -> Success: https://live6.mar.tv/a3ea4fc695814b22e099befe1b5b824c9bb87a5c0737b82d73e5e6b094ab9df4/aia/index.m3u8
2026-08-22 19:27:11,021 [INFO] Scraping batumi2...
2026-08-22 19:27:14,352 [INFO]  -> Success: https://live6.mar.tv/a3ea4fc695814b22e099befe1b5b824c9bb87a5c0737b82d73e5e6b094ab9df4/batumitv2/index.m3u8
2026-08-22 19:27:14,386 [INFO] Scraping altinfo...
2026-08-22 19:27:17,719 [INFO]  -> Success: https://live6.mar.tv/a3ea4fc695814b22e099befe1b5b824c9bb87a5c0737b82d73e5e6b094ab9df4/altinfo/index.m3u8
2026-08-22 19:27:17,754 [INFO] Scraping parliament...
2026-08-22 19:27:21,086 [INFO]  -> Success: https://live6.mar.tv/a3ea4fc695814b22e099befe1b5b824c9bb87a5c0737b82d73e5e6b094ab9df4/parlament/index.m3u8
2026-08-22 19:27:21,120 [INFO] Scraping egrisi...
2026-08-22 19:27:24,466 [INFO]  -> Success: https://live6.mar.tv/a3ea4fc695814b22e099befe1b5b824c9bb87a5c0737b82d73e5e6b094ab9df4/egrisi/index.m3u8
2026-08-22 19:27:24,498 [INFO] Scraping mzetv...
2026-08-22 19:27:27,829 [INFO]  -> Success: https://live6.mar.tv/a3ea4fc695814b22e099befe1b5b824c9bb87a5c0737b82d73e5e6b094ab9df4/mze/index.m3u8
2026-08-22 19:27:27,879 [WARNING] Failed to find tvg-id="rustavi2" in georgia_channels.m3u
2026-08-22 19:27:27,879 [WARNING] Failed to find tvg-id="maestro" in georgia_channels.m3u
2026-08-22 19:27:27,880 [WARNING] Failed to find tvg-id="marao" in georgia_channels.m3u
2026-08-22 19:27:27,880 [WARNING] Failed to find tvg-id="gds" in georgia_channels.m3u
2026-08-22 19:27:27,880 [WARNING] Failed to find tvg-id="comedy" in georgia_channels.m3u
2026-08-22 19:27:27,880 [WARNING] Failed to find tvg-id="bbb" in georgia_channels.m3u
2026-08-22 19:27:27,880 [WARNING] Failed to find tvg-id="enkibenki" in georgia_channels.m3u
2026-08-22 19:27:27,881 [WARNING] Failed to find tvg-id="adjaratv" in georgia_channels.m3u
2026-08-22 19:27:27,881 [WARNING] Failed to find tvg-id="rionitv" in georgia_channels.m3u
2026-08-22 19:27:27,881 [WARNING] Failed to find tvg-id="tv25" in georgia_channels.m3u
2026-08-22 19:27:27,881 [WARNING] Failed to find tvg-id="tv4rustavi" in georgia_channels.m3u
2026-08-22 19:27:27,881 [WARNING] Failed to find tvg-id="trialeti" in georgia_channels.m3u
2026-08-22 19:27:27,882 [WARNING] Failed to find tvg-id="dardimandi" in georgia_channels.m3u
2026-08-22 19:27:27,882 [WARNING] Failed to find tvg-id="agro" in georgia_channels.m3u
2026-08-22 19:27:27,882 [WARNING] Failed to find tvg-id="samefo" in georgia_channels.m3u
2026-08-22 19:27:27,882 [WARNING] Failed to find tvg-id="postv" in georgia_channels.m3u
2026-08-22 19:27:27,882 [WARNING] Failed to find tvg-id="megatv" in georgia_channels.m3u
2026-08-22 19:27:27,883 [WARNING] Failed to find tvg-id="qartuliarxi" in georgia_channels.m3u
2026-08-22 19:27:27,883 [WARNING] Failed to find tvg-id="musicbox" in georgia_channels.m3u
2026-08-22 19:27:27,883 [WARNING] Failed to find tvg-id="marneuli" in georgia_channels.m3u
2026-08-22 19:27:27,883 [WARNING] Failed to find tvg-id="axaliformula" in georgia_channels.m3u
2026-08-22 19:27:27,883 [WARNING] Failed to find tvg-id="o2" in georgia_channels.m3u
2026-08-22 19:27:27,884 [WARNING] Failed to find tvg-id="guria" in georgia_channels.m3u
2026-08-22 19:27:27,884 [WARNING] Failed to find tvg-id="imervizia" in georgia_channels.m3u
2026-08-22 19:27:27,884 [WARNING] Failed to find tvg-id="diatv" in georgia_channels.m3u
2026-08-22 19:27:27,884 [WARNING] Failed to find tvg-id="chveniarxi" in georgia_channels.m3u
2026-08-22 19:27:27,884 [WARNING] Failed to find tvg-id="batumitv" in georgia_channels.m3u
2026-08-22 19:27:27,884 [WARNING] Failed to find tvg-id="rcheuli" in georgia_channels.m3u
2026-08-22 19:27:27,885 [WARNING] Failed to find tvg-id="gurjaani" in georgia_channels.m3u
2026-08-22 19:27:27,885 [WARNING] Failed to find tvg-id="molitv" in georgia_channels.m3u
2026-08-22 19:27:27,885 [WARNING] Failed to find tvg-id="mexute" in georgia_channels.m3u
2026-08-22 19:27:27,885 [WARNING] Failed to find tvg-id="agrogaremo" in georgia_channels.m3u
2026-08-22 19:27:27,885 [WARNING] Failed to find tvg-id="artv" in georgia_channels.m3u
2026-08-22 19:27:27,886 [WARNING] Failed to find tvg-id="meteo24" in georgia_channels.m3u
2026-08-22 19:27:27,886 [WARNING] Failed to find tvg-id="georgiantimes" in georgia_channels.m3u
2026-08-22 19:27:27,886 [WARNING] Failed to find tvg-id="silkuniversal" in georgia_channels.m3u
2026-08-22 19:27:27,886 [WARNING] Failed to find tvg-id="rugbytv" in georgia_channels.m3u
2026-08-22 19:27:27,886 [WARNING] Failed to find tvg-id="gms" in georgia_channels.m3u
2026-08-22 19:27:27,887 [WARNING] Failed to find tvg-id="aiatv" in georgia_channels.m3u
2026-08-22 19:27:27,887 [WARNING] Failed to find tvg-id="batumi2" in georgia_channels.m3u
2026-08-22 19:27:27,887 [WARNING] Failed to find tvg-id="altinfo" in georgia_channels.m3u
2026-08-22 19:27:27,887 [WARNING] Failed to find tvg-id="parliament" in georgia_channels.m3u
2026-08-22 19:27:27,888 [WARNING] Failed to find tvg-id="egrisi" in georgia_channels.m3u
2026-08-22 19:27:27,888 [WARNING] Failed to find tvg-id="mzetv" in georgia_channels.m3u
2026-08-22 19:27:27,888 [INFO] No file changes were made.
2026-08-22 19:27:27,888 [INFO] === UPDATE EXECUTION FINISHED ===
