2026-08-25 03:01:34,214 [INFO] === UPDATE EXECUTION STARTED ===
2026-08-25 03:01:34,214 [INFO] Fetching Setanta Sports 3 from IPTV-ORG...
2026-08-25 03:01:34,272 [INFO] Launching batch scraper for 44 channels on tv.mar.tv...
2026-08-25 03:01:35,552 [INFO] Scraping rustavi2...
2026-08-25 03:01:40,594 [INFO]  -> Success: https://live8.mar.tv/1/4rd/index.m3u8
2026-08-25 03:01:40,630 [INFO] Scraping maestro...
2026-08-25 03:01:43,914 [INFO]  -> Success: https://live4.mar.tv/0e26369fedc18c218d2319b890d7f3d79b8d16914b5e17891b43e138abe453bf/352m/index.m3u8
2026-08-25 03:01:43,949 [INFO] Scraping marao...
2026-08-25 03:01:47,224 [INFO]  -> Success: https://live2.mar.tv/3219a7a2dd3a1b7166f249d2a164b6be425be18c23d50daccb6be93257b2c196/12sd/index.m3u8
2026-08-25 03:01:47,258 [INFO] Scraping gds...
2026-08-25 03:01:50,536 [INFO]  -> Success: https://live1.mar.tv/3219a7a2dd3a1b7166f249d2a164b6be425be18c23d50daccb6be93257b2c196/13sd/index.m3u8
2026-08-25 03:01:50,570 [INFO] Scraping comedy...
2026-08-25 03:01:53,848 [INFO]  -> Success: https://live4.mar.tv/3219a7a2dd3a1b7166f249d2a164b6be425be18c23d50daccb6be93257b2c196/14rd/index.m3u8
2026-08-25 03:01:53,880 [INFO] Scraping bbb...
2026-08-25 03:01:57,152 [INFO]  -> Success: https://live2.mar.tv/0e26369fedc18c218d2319b890d7f3d79b8d16914b5e17891b43e138abe453bf/16sd/index.m3u8
2026-08-25 03:01:57,186 [INFO] Scraping enkibenki...
2026-08-25 03:02:00,464 [INFO]  -> Success: https://live2.mar.tv/3219a7a2dd3a1b7166f249d2a164b6be425be18c23d50daccb6be93257b2c196/17e/index.m3u8
2026-08-25 03:02:00,507 [INFO] Scraping adjaratv...
2026-08-25 03:02:03,778 [INFO]  -> Success: https://live2.mar.tv/0e26369fedc18c218d2319b890d7f3d79b8d16914b5e17891b43e138abe453bf/19rd/index.m3u8
2026-08-25 03:02:03,812 [INFO] Scraping rionitv...
2026-08-25 03:02:07,105 [INFO]  -> Success: https://live6.mar.tv/0e26369fedc18c218d2319b890d7f3d79b8d16914b5e17891b43e138abe453bf/20rionn/index.m3u8
2026-08-25 03:02:07,142 [INFO] Scraping tv25...
2026-08-25 03:02:10,417 [INFO]  -> Success: https://live6.mar.tv/0e26369fedc18c218d2319b890d7f3d79b8d16914b5e17891b43e138abe453bf/23tv25/index.m3u8
2026-08-25 03:02:10,454 [INFO] Scraping tv4rustavi...
2026-08-25 03:02:13,732 [INFO]  -> Success: https://live6.mar.tv/0e26369fedc18c218d2319b890d7f3d79b8d16914b5e17891b43e138abe453bf/24tw4/index.m3u8
2026-08-25 03:02:13,767 [INFO] Scraping trialeti...
2026-08-25 03:02:17,042 [INFO]  -> Success: https://live6.mar.tv/3219a7a2dd3a1b7166f249d2a164b6be425be18c23d50daccb6be93257b2c196/trialleti/index.m3u8
2026-08-25 03:02:17,076 [INFO] Scraping dardimandi...
2026-08-25 03:02:20,346 [INFO]  -> Success: https://live5.mar.tv/0e26369fedc18c218d2319b890d7f3d79b8d16914b5e17891b43e138abe453bf/27/index.m3u8
2026-08-25 03:02:20,383 [INFO] Scraping agro...
2026-08-25 03:02:23,653 [INFO]  -> Success: https://live5.mar.tv/0e26369fedc18c218d2319b890d7f3d79b8d16914b5e17891b43e138abe453bf/28/index.m3u8
2026-08-25 03:02:23,687 [INFO] Scraping samefo...
2026-08-25 03:02:26,964 [INFO]  -> Success: https://live5.mar.tv/0e26369fedc18c218d2319b890d7f3d79b8d16914b5e17891b43e138abe453bf/29/index.m3u8
2026-08-25 03:02:27,000 [INFO] Scraping postv...
2026-08-25 03:02:30,278 [INFO]  -> Success: https://live6.mar.tv/0e26369fedc18c218d2319b890d7f3d79b8d16914b5e17891b43e138abe453bf/postvw/index.m3u8
2026-08-25 03:02:30,309 [INFO] Scraping megatv...
2026-08-25 03:02:33,585 [INFO]  -> Success: https://live4.mar.tv/0e26369fedc18c218d2319b890d7f3d79b8d16914b5e17891b43e138abe453bf/32st/index.m3u8
2026-08-25 03:02:33,632 [INFO] Scraping qartuliarxi...
2026-08-25 03:02:36,917 [INFO]  -> Success: https://live6.mar.tv/0e26369fedc18c218d2319b890d7f3d79b8d16914b5e17891b43e138abe453bf/qartuli/index.m3u8
2026-08-25 03:02:36,952 [INFO] Scraping musicbox...
2026-08-25 03:02:40,232 [INFO]  -> Success: https://live6.mar.tv/0e26369fedc18c218d2319b890d7f3d79b8d16914b5e17891b43e138abe453bf/34musge/index.m3u8
2026-08-25 03:02:40,265 [INFO] Scraping marneuli...
2026-08-25 03:02:43,539 [INFO]  -> Success: https://live6.mar.tv/0e26369fedc18c218d2319b890d7f3d79b8d16914b5e17891b43e138abe453bf/37marn/index.m3u8
2026-08-25 03:02:43,572 [INFO] Scraping axaliformula...
2026-08-25 03:02:46,844 [INFO]  -> Success: https://live6.mar.tv/0e26369fedc18c218d2319b890d7f3d79b8d16914b5e17891b43e138abe453bf/axaliformla/index.m3u8
2026-08-25 03:02:46,875 [INFO] Scraping o2...
2026-08-25 03:02:50,145 [INFO]  -> Success: https://live5.mar.tv/0e26369fedc18c218d2319b890d7f3d79b8d16914b5e17891b43e138abe453bf/40/index.m3u8
2026-08-25 03:02:50,179 [INFO] Scraping guria...
2026-08-25 03:02:53,453 [INFO]  -> Success: https://live5.mar.tv/0e26369fedc18c218d2319b890d7f3d79b8d16914b5e17891b43e138abe453bf/42/index.m3u8
2026-08-25 03:02:53,483 [INFO] Scraping imervizia...
2026-08-25 03:02:56,755 [INFO]  -> Success: https://live6.mar.tv/0e26369fedc18c218d2319b890d7f3d79b8d16914b5e17891b43e138abe453bf/imervizia/index.m3u8
2026-08-25 03:02:56,790 [INFO] Scraping diatv...
2026-08-25 03:03:00,063 [INFO]  -> Success: https://live4.mar.tv/0e26369fedc18c218d2319b890d7f3d79b8d16914b5e17891b43e138abe453bf/dia/index.m3u8
2026-08-25 03:03:00,096 [INFO] Scraping chveniarxi...
2026-08-25 03:03:03,371 [INFO]  -> Success: https://live3.mar.tv/0e26369fedc18c218d2319b890d7f3d79b8d16914b5e17891b43e138abe453bf/45rd/index.m3u8
2026-08-25 03:03:03,408 [INFO] Scraping batumitv...
2026-08-25 03:03:06,683 [INFO]  -> Success: https://live5.mar.tv/3219a7a2dd3a1b7166f249d2a164b6be425be18c23d50daccb6be93257b2c196/46/index.m3u8
2026-08-25 03:03:06,716 [INFO] Scraping rcheuli...
2026-08-25 03:03:09,988 [INFO]  -> Success: https://live5.mar.tv/0e26369fedc18c218d2319b890d7f3d79b8d16914b5e17891b43e138abe453bf/47/index.m3u8
2026-08-25 03:03:10,020 [INFO] Scraping gurjaani...
2026-08-25 03:03:13,300 [INFO]  -> Success: https://live4.mar.tv/0e26369fedc18c218d2319b890d7f3d79b8d16914b5e17891b43e138abe453bf/48m/index.m3u8
2026-08-25 03:03:13,333 [INFO] Scraping molitv...
2026-08-25 03:03:16,610 [INFO]  -> Success: https://live6.mar.tv/0e26369fedc18c218d2319b890d7f3d79b8d16914b5e17891b43e138abe453bf/mollltv/index.m3u8
2026-08-25 03:03:16,653 [INFO] Scraping mexute...
2026-08-25 03:03:19,922 [INFO]  -> Success: https://live6.mar.tv/0e26369fedc18c218d2319b890d7f3d79b8d16914b5e17891b43e138abe453bf/50/index.m3u8
2026-08-25 03:03:19,955 [INFO] Scraping agrogaremo...
2026-08-25 03:03:23,232 [INFO]  -> Success: https://live6.mar.tv/0e26369fedc18c218d2319b890d7f3d79b8d16914b5e17891b43e138abe453bf/agrogaremo/index.m3u8
2026-08-25 03:03:23,264 [INFO] Scraping artv...
2026-08-25 03:03:26,541 [INFO]  -> Success: https://live6.mar.tv/0e26369fedc18c218d2319b890d7f3d79b8d16914b5e17891b43e138abe453bf/tafutv/index.m3u8
2026-08-25 03:03:26,573 [INFO] Scraping meteo24...
2026-08-25 03:03:29,853 [INFO]  -> Success: https://live5.mar.tv/0e26369fedc18c218d2319b890d7f3d79b8d16914b5e17891b43e138abe453bf/56/index.m3u8
2026-08-25 03:03:29,886 [INFO] Scraping georgiantimes...
2026-08-25 03:03:33,186 [INFO]  -> Success: https://live5.mar.tv/0e26369fedc18c218d2319b890d7f3d79b8d16914b5e17891b43e138abe453bf/57/index.m3u8
2026-08-25 03:03:33,223 [INFO] Scraping silkuniversal...
2026-08-25 03:03:36,494 [INFO]  -> Success: https://live2.mar.tv/0e26369fedc18c218d2319b890d7f3d79b8d16914b5e17891b43e138abe453bf/1arxiweb/index.m3u8
2026-08-25 03:03:36,529 [INFO] Scraping rugbytv...
2026-08-25 03:03:39,803 [INFO]  -> Success: https://live4.mar.tv/0e26369fedc18c218d2319b890d7f3d79b8d16914b5e17891b43e138abe453bf/160m/index.m3u8
2026-08-25 03:03:39,836 [INFO] Scraping gms...
2026-08-25 03:03:43,110 [INFO]  -> Success: https://live5.mar.tv/0e26369fedc18c218d2319b890d7f3d79b8d16914b5e17891b43e138abe453bf/161/index.m3u8
2026-08-25 03:03:43,145 [INFO] Scraping aiatv...
2026-08-25 03:03:46,421 [INFO]  -> Success: https://live6.mar.tv/0e26369fedc18c218d2319b890d7f3d79b8d16914b5e17891b43e138abe453bf/aia/index.m3u8
2026-08-25 03:03:46,455 [INFO] Scraping batumi2...
2026-08-25 03:03:49,735 [INFO]  -> Success: https://live6.mar.tv/0e26369fedc18c218d2319b890d7f3d79b8d16914b5e17891b43e138abe453bf/batumitv2/index.m3u8
2026-08-25 03:03:49,767 [INFO] Scraping altinfo...
2026-08-25 03:03:53,052 [INFO]  -> Success: https://live6.mar.tv/0e26369fedc18c218d2319b890d7f3d79b8d16914b5e17891b43e138abe453bf/altinfo/index.m3u8
2026-08-25 03:03:53,086 [INFO] Scraping parliament...
2026-08-25 03:03:56,365 [INFO]  -> Success: https://live6.mar.tv/0e26369fedc18c218d2319b890d7f3d79b8d16914b5e17891b43e138abe453bf/parlament/index.m3u8
2026-08-25 03:03:56,401 [INFO] Scraping egrisi...
2026-08-25 03:03:59,674 [INFO]  -> Success: https://live6.mar.tv/0e26369fedc18c218d2319b890d7f3d79b8d16914b5e17891b43e138abe453bf/egrisi/index.m3u8
2026-08-25 03:03:59,710 [INFO] Scraping mzetv...
2026-08-25 03:04:02,987 [INFO]  -> Success: https://live6.mar.tv/0e26369fedc18c218d2319b890d7f3d79b8d16914b5e17891b43e138abe453bf/mze/index.m3u8
2026-08-25 03:04:03,037 [WARNING] Failed to find tvg-id="rustavi2" in georgia_channels.m3u
2026-08-25 03:04:03,037 [WARNING] Failed to find tvg-id="maestro" in georgia_channels.m3u
2026-08-25 03:04:03,037 [WARNING] Failed to find tvg-id="marao" in georgia_channels.m3u
2026-08-25 03:04:03,038 [WARNING] Failed to find tvg-id="gds" in georgia_channels.m3u
2026-08-25 03:04:03,038 [WARNING] Failed to find tvg-id="comedy" in georgia_channels.m3u
2026-08-25 03:04:03,038 [WARNING] Failed to find tvg-id="bbb" in georgia_channels.m3u
2026-08-25 03:04:03,038 [WARNING] Failed to find tvg-id="enkibenki" in georgia_channels.m3u
2026-08-25 03:04:03,038 [WARNING] Failed to find tvg-id="adjaratv" in georgia_channels.m3u
2026-08-25 03:04:03,039 [WARNING] Failed to find tvg-id="rionitv" in georgia_channels.m3u
2026-08-25 03:04:03,039 [WARNING] Failed to find tvg-id="tv25" in georgia_channels.m3u
2026-08-25 03:04:03,039 [WARNING] Failed to find tvg-id="tv4rustavi" in georgia_channels.m3u
2026-08-25 03:04:03,039 [WARNING] Failed to find tvg-id="trialeti" in georgia_channels.m3u
2026-08-25 03:04:03,039 [WARNING] Failed to find tvg-id="dardimandi" in georgia_channels.m3u
2026-08-25 03:04:03,040 [WARNING] Failed to find tvg-id="agro" in georgia_channels.m3u
2026-08-25 03:04:03,040 [WARNING] Failed to find tvg-id="samefo" in georgia_channels.m3u
2026-08-25 03:04:03,040 [WARNING] Failed to find tvg-id="postv" in georgia_channels.m3u
2026-08-25 03:04:03,040 [WARNING] Failed to find tvg-id="megatv" in georgia_channels.m3u
2026-08-25 03:04:03,040 [WARNING] Failed to find tvg-id="qartuliarxi" in georgia_channels.m3u
2026-08-25 03:04:03,041 [WARNING] Failed to find tvg-id="musicbox" in georgia_channels.m3u
2026-08-25 03:04:03,041 [WARNING] Failed to find tvg-id="marneuli" in georgia_channels.m3u
2026-08-25 03:04:03,041 [WARNING] Failed to find tvg-id="axaliformula" in georgia_channels.m3u
2026-08-25 03:04:03,041 [WARNING] Failed to find tvg-id="o2" in georgia_channels.m3u
2026-08-25 03:04:03,042 [WARNING] Failed to find tvg-id="guria" in georgia_channels.m3u
2026-08-25 03:04:03,042 [WARNING] Failed to find tvg-id="imervizia" in georgia_channels.m3u
2026-08-25 03:04:03,042 [WARNING] Failed to find tvg-id="diatv" in georgia_channels.m3u
2026-08-25 03:04:03,042 [WARNING] Failed to find tvg-id="chveniarxi" in georgia_channels.m3u
2026-08-25 03:04:03,042 [WARNING] Failed to find tvg-id="batumitv" in georgia_channels.m3u
2026-08-25 03:04:03,042 [WARNING] Failed to find tvg-id="rcheuli" in georgia_channels.m3u
2026-08-25 03:04:03,043 [WARNING] Failed to find tvg-id="gurjaani" in georgia_channels.m3u
2026-08-25 03:04:03,043 [WARNING] Failed to find tvg-id="molitv" in georgia_channels.m3u
2026-08-25 03:04:03,043 [WARNING] Failed to find tvg-id="mexute" in georgia_channels.m3u
2026-08-25 03:04:03,043 [WARNING] Failed to find tvg-id="agrogaremo" in georgia_channels.m3u
2026-08-25 03:04:03,043 [WARNING] Failed to find tvg-id="artv" in georgia_channels.m3u
2026-08-25 03:04:03,044 [WARNING] Failed to find tvg-id="meteo24" in georgia_channels.m3u
2026-08-25 03:04:03,044 [WARNING] Failed to find tvg-id="georgiantimes" in georgia_channels.m3u
2026-08-25 03:04:03,044 [WARNING] Failed to find tvg-id="silkuniversal" in georgia_channels.m3u
2026-08-25 03:04:03,044 [WARNING] Failed to find tvg-id="rugbytv" in georgia_channels.m3u
2026-08-25 03:04:03,044 [WARNING] Failed to find tvg-id="gms" in georgia_channels.m3u
2026-08-25 03:04:03,045 [WARNING] Failed to find tvg-id="aiatv" in georgia_channels.m3u
2026-08-25 03:04:03,045 [WARNING] Failed to find tvg-id="batumi2" in georgia_channels.m3u
2026-08-25 03:04:03,045 [WARNING] Failed to find tvg-id="altinfo" in georgia_channels.m3u
2026-08-25 03:04:03,045 [WARNING] Failed to find tvg-id="parliament" in georgia_channels.m3u
2026-08-25 03:04:03,045 [WARNING] Failed to find tvg-id="egrisi" in georgia_channels.m3u
2026-08-25 03:04:03,045 [WARNING] Failed to find tvg-id="mzetv" in georgia_channels.m3u
2026-08-25 03:04:03,046 [INFO] No file changes were made.
2026-08-25 03:04:03,046 [INFO] === UPDATE EXECUTION FINISHED ===
