2026-08-26 04:42:37,998 [INFO] === UPDATE EXECUTION STARTED ===
2026-08-26 04:42:37,998 [INFO] Fetching Setanta Sports 3 from IPTV-ORG...
2026-08-26 04:42:38,056 [INFO] Launching batch scraper for 44 channels on tv.mar.tv...
2026-08-26 04:42:38,683 [INFO] Scraping rustavi2...
2026-08-26 04:42:43,476 [INFO]  -> Success: https://live8.mar.tv/1/4rd/index.m3u8
2026-08-26 04:42:43,512 [INFO] Scraping maestro...
2026-08-26 04:42:46,782 [INFO]  -> Success: https://live4.mar.tv/592054585b31f226a2d094bc20bf1bbac9660634a47970311556388e2da425a8/352m/index.m3u8
2026-08-26 04:42:46,817 [INFO] Scraping marao...
2026-08-26 04:42:50,091 [INFO]  -> Success: https://live2.mar.tv/592054585b31f226a2d094bc20bf1bbac9660634a47970311556388e2da425a8/12sd/index.m3u8
2026-08-26 04:42:50,124 [INFO] Scraping gds...
2026-08-26 04:42:53,394 [INFO]  -> Success: https://live1.mar.tv/592054585b31f226a2d094bc20bf1bbac9660634a47970311556388e2da425a8/13sd/index.m3u8
2026-08-26 04:42:53,428 [INFO] Scraping comedy...
2026-08-26 04:42:56,701 [INFO]  -> Success: https://live4.mar.tv/592054585b31f226a2d094bc20bf1bbac9660634a47970311556388e2da425a8/14rd/index.m3u8
2026-08-26 04:42:56,734 [INFO] Scraping bbb...
2026-08-26 04:43:00,005 [INFO]  -> Success: https://live2.mar.tv/592054585b31f226a2d094bc20bf1bbac9660634a47970311556388e2da425a8/16sd/index.m3u8
2026-08-26 04:43:00,043 [INFO] Scraping enkibenki...
2026-08-26 04:43:03,313 [INFO]  -> Success: https://live2.mar.tv/592054585b31f226a2d094bc20bf1bbac9660634a47970311556388e2da425a8/17e/index.m3u8
2026-08-26 04:43:03,350 [INFO] Scraping adjaratv...
2026-08-26 04:43:06,626 [INFO]  -> Success: https://live2.mar.tv/592054585b31f226a2d094bc20bf1bbac9660634a47970311556388e2da425a8/19rd/index.m3u8
2026-08-26 04:43:06,659 [INFO] Scraping rionitv...
2026-08-26 04:43:09,932 [INFO]  -> Success: https://live6.mar.tv/592054585b31f226a2d094bc20bf1bbac9660634a47970311556388e2da425a8/20rionn/index.m3u8
2026-08-26 04:43:09,963 [INFO] Scraping tv25...
2026-08-26 04:43:13,239 [INFO]  -> Success: https://live6.mar.tv/592054585b31f226a2d094bc20bf1bbac9660634a47970311556388e2da425a8/23tv25/index.m3u8
2026-08-26 04:43:13,272 [INFO] Scraping tv4rustavi...
2026-08-26 04:43:16,546 [INFO]  -> Success: https://live6.mar.tv/592054585b31f226a2d094bc20bf1bbac9660634a47970311556388e2da425a8/24tw4/index.m3u8
2026-08-26 04:43:16,581 [INFO] Scraping trialeti...
2026-08-26 04:43:19,855 [INFO]  -> Success: https://live6.mar.tv/592054585b31f226a2d094bc20bf1bbac9660634a47970311556388e2da425a8/trialleti/index.m3u8
2026-08-26 04:43:19,908 [INFO] Scraping dardimandi...
2026-08-26 04:43:23,179 [INFO]  -> Success: https://live5.mar.tv/592054585b31f226a2d094bc20bf1bbac9660634a47970311556388e2da425a8/27/index.m3u8
2026-08-26 04:43:23,214 [INFO] Scraping agro...
2026-08-26 04:43:26,489 [INFO]  -> Success: https://live5.mar.tv/592054585b31f226a2d094bc20bf1bbac9660634a47970311556388e2da425a8/28/index.m3u8
2026-08-26 04:43:26,520 [INFO] Scraping samefo...
2026-08-26 04:43:29,792 [INFO]  -> Success: https://live5.mar.tv/592054585b31f226a2d094bc20bf1bbac9660634a47970311556388e2da425a8/29/index.m3u8
2026-08-26 04:43:29,828 [INFO] Scraping postv...
2026-08-26 04:43:33,099 [INFO]  -> Success: https://live6.mar.tv/592054585b31f226a2d094bc20bf1bbac9660634a47970311556388e2da425a8/postvw/index.m3u8
2026-08-26 04:43:33,133 [INFO] Scraping megatv...
2026-08-26 04:43:36,401 [INFO]  -> Success: https://live4.mar.tv/592054585b31f226a2d094bc20bf1bbac9660634a47970311556388e2da425a8/32st/index.m3u8
2026-08-26 04:43:36,435 [INFO] Scraping qartuliarxi...
2026-08-26 04:43:39,704 [INFO]  -> Success: https://live6.mar.tv/592054585b31f226a2d094bc20bf1bbac9660634a47970311556388e2da425a8/qartuli/index.m3u8
2026-08-26 04:43:39,737 [INFO] Scraping musicbox...
2026-08-26 04:43:43,011 [INFO]  -> Success: https://live6.mar.tv/592054585b31f226a2d094bc20bf1bbac9660634a47970311556388e2da425a8/34musge/index.m3u8
2026-08-26 04:43:43,045 [INFO] Scraping marneuli...
2026-08-26 04:43:46,314 [INFO]  -> Success: https://live6.mar.tv/592054585b31f226a2d094bc20bf1bbac9660634a47970311556388e2da425a8/37marn/index.m3u8
2026-08-26 04:43:46,346 [INFO] Scraping axaliformula...
2026-08-26 04:43:49,621 [INFO]  -> Success: https://live6.mar.tv/592054585b31f226a2d094bc20bf1bbac9660634a47970311556388e2da425a8/axaliformla/index.m3u8
2026-08-26 04:43:49,653 [INFO] Scraping o2...
2026-08-26 04:43:52,923 [INFO]  -> Success: https://live5.mar.tv/592054585b31f226a2d094bc20bf1bbac9660634a47970311556388e2da425a8/40/index.m3u8
2026-08-26 04:43:52,959 [INFO] Scraping guria...
2026-08-26 04:43:56,248 [INFO]  -> Success: https://live5.mar.tv/592054585b31f226a2d094bc20bf1bbac9660634a47970311556388e2da425a8/42/index.m3u8
2026-08-26 04:43:56,281 [INFO] Scraping imervizia...
2026-08-26 04:43:59,558 [INFO]  -> Success: https://live6.mar.tv/592054585b31f226a2d094bc20bf1bbac9660634a47970311556388e2da425a8/imervizia/index.m3u8
2026-08-26 04:43:59,591 [INFO] Scraping diatv...
2026-08-26 04:44:02,864 [INFO]  -> Success: https://live4.mar.tv/592054585b31f226a2d094bc20bf1bbac9660634a47970311556388e2da425a8/dia/index.m3u8
2026-08-26 04:44:02,899 [INFO] Scraping chveniarxi...
2026-08-26 04:44:06,169 [INFO]  -> Success: https://live3.mar.tv/592054585b31f226a2d094bc20bf1bbac9660634a47970311556388e2da425a8/45rd/index.m3u8
2026-08-26 04:44:06,204 [INFO] Scraping batumitv...
2026-08-26 04:44:09,473 [INFO]  -> Success: https://live5.mar.tv/592054585b31f226a2d094bc20bf1bbac9660634a47970311556388e2da425a8/46/index.m3u8
2026-08-26 04:44:09,510 [INFO] Scraping rcheuli...
2026-08-26 04:44:12,778 [INFO]  -> Success: https://live5.mar.tv/592054585b31f226a2d094bc20bf1bbac9660634a47970311556388e2da425a8/47/index.m3u8
2026-08-26 04:44:12,814 [INFO] Scraping gurjaani...
2026-08-26 04:44:16,082 [INFO]  -> Success: https://live4.mar.tv/592054585b31f226a2d094bc20bf1bbac9660634a47970311556388e2da425a8/48m/index.m3u8
2026-08-26 04:44:16,114 [INFO] Scraping molitv...
2026-08-26 04:44:19,382 [INFO]  -> Success: https://live6.mar.tv/592054585b31f226a2d094bc20bf1bbac9660634a47970311556388e2da425a8/mollltv/index.m3u8
2026-08-26 04:44:19,415 [INFO] Scraping mexute...
2026-08-26 04:44:22,682 [INFO]  -> Success: https://live6.mar.tv/592054585b31f226a2d094bc20bf1bbac9660634a47970311556388e2da425a8/50/index.m3u8
2026-08-26 04:44:22,714 [INFO] Scraping agrogaremo...
2026-08-26 04:44:25,983 [INFO]  -> Success: https://live6.mar.tv/592054585b31f226a2d094bc20bf1bbac9660634a47970311556388e2da425a8/agrogaremo/index.m3u8
2026-08-26 04:44:26,016 [INFO] Scraping artv...
2026-08-26 04:44:29,282 [INFO]  -> Success: https://live6.mar.tv/592054585b31f226a2d094bc20bf1bbac9660634a47970311556388e2da425a8/tafutv/index.m3u8
2026-08-26 04:44:29,315 [INFO] Scraping meteo24...
2026-08-26 04:44:32,583 [INFO]  -> Success: https://live5.mar.tv/592054585b31f226a2d094bc20bf1bbac9660634a47970311556388e2da425a8/56/index.m3u8
2026-08-26 04:44:32,616 [INFO] Scraping georgiantimes...
2026-08-26 04:44:35,885 [INFO]  -> Success: https://live5.mar.tv/592054585b31f226a2d094bc20bf1bbac9660634a47970311556388e2da425a8/57/index.m3u8
2026-08-26 04:44:35,920 [INFO] Scraping silkuniversal...
2026-08-26 04:44:39,191 [INFO]  -> Success: https://live2.mar.tv/592054585b31f226a2d094bc20bf1bbac9660634a47970311556388e2da425a8/1arxiweb/index.m3u8
2026-08-26 04:44:39,225 [INFO] Scraping rugbytv...
2026-08-26 04:44:42,500 [INFO]  -> Success: https://live4.mar.tv/592054585b31f226a2d094bc20bf1bbac9660634a47970311556388e2da425a8/160m/index.m3u8
2026-08-26 04:44:42,535 [INFO] Scraping gms...
2026-08-26 04:44:45,804 [INFO]  -> Success: https://live5.mar.tv/592054585b31f226a2d094bc20bf1bbac9660634a47970311556388e2da425a8/161/index.m3u8
2026-08-26 04:44:45,837 [INFO] Scraping aiatv...
2026-08-26 04:44:49,101 [INFO]  -> Success: https://live6.mar.tv/592054585b31f226a2d094bc20bf1bbac9660634a47970311556388e2da425a8/aia/index.m3u8
2026-08-26 04:44:49,135 [INFO] Scraping batumi2...
2026-08-26 04:44:52,408 [INFO]  -> Success: https://live6.mar.tv/592054585b31f226a2d094bc20bf1bbac9660634a47970311556388e2da425a8/batumitv2/index.m3u8
2026-08-26 04:44:52,439 [INFO] Scraping altinfo...
2026-08-26 04:44:55,710 [INFO]  -> Success: https://live6.mar.tv/592054585b31f226a2d094bc20bf1bbac9660634a47970311556388e2da425a8/altinfo/index.m3u8
2026-08-26 04:44:55,742 [INFO] Scraping parliament...
2026-08-26 04:44:59,013 [INFO]  -> Success: https://live6.mar.tv/592054585b31f226a2d094bc20bf1bbac9660634a47970311556388e2da425a8/parlament/index.m3u8
2026-08-26 04:44:59,044 [INFO] Scraping egrisi...
2026-08-26 04:45:02,312 [INFO]  -> Success: https://live6.mar.tv/592054585b31f226a2d094bc20bf1bbac9660634a47970311556388e2da425a8/egrisi/index.m3u8
2026-08-26 04:45:02,348 [INFO] Scraping mzetv...
2026-08-26 04:45:05,619 [INFO]  -> Success: https://live6.mar.tv/592054585b31f226a2d094bc20bf1bbac9660634a47970311556388e2da425a8/mze/index.m3u8
2026-08-26 04:45:05,664 [WARNING] Failed to find tvg-id="rustavi2" in georgia_channels.m3u
2026-08-26 04:45:05,665 [WARNING] Failed to find tvg-id="maestro" in georgia_channels.m3u
2026-08-26 04:45:05,665 [WARNING] Failed to find tvg-id="marao" in georgia_channels.m3u
2026-08-26 04:45:05,665 [WARNING] Failed to find tvg-id="gds" in georgia_channels.m3u
2026-08-26 04:45:05,665 [WARNING] Failed to find tvg-id="comedy" in georgia_channels.m3u
2026-08-26 04:45:05,666 [WARNING] Failed to find tvg-id="bbb" in georgia_channels.m3u
2026-08-26 04:45:05,666 [WARNING] Failed to find tvg-id="enkibenki" in georgia_channels.m3u
2026-08-26 04:45:05,666 [WARNING] Failed to find tvg-id="adjaratv" in georgia_channels.m3u
2026-08-26 04:45:05,666 [WARNING] Failed to find tvg-id="rionitv" in georgia_channels.m3u
2026-08-26 04:45:05,667 [WARNING] Failed to find tvg-id="tv25" in georgia_channels.m3u
2026-08-26 04:45:05,667 [WARNING] Failed to find tvg-id="tv4rustavi" in georgia_channels.m3u
2026-08-26 04:45:05,667 [WARNING] Failed to find tvg-id="trialeti" in georgia_channels.m3u
2026-08-26 04:45:05,667 [WARNING] Failed to find tvg-id="dardimandi" in georgia_channels.m3u
2026-08-26 04:45:05,668 [WARNING] Failed to find tvg-id="agro" in georgia_channels.m3u
2026-08-26 04:45:05,668 [WARNING] Failed to find tvg-id="samefo" in georgia_channels.m3u
2026-08-26 04:45:05,668 [WARNING] Failed to find tvg-id="postv" in georgia_channels.m3u
2026-08-26 04:45:05,668 [WARNING] Failed to find tvg-id="megatv" in georgia_channels.m3u
2026-08-26 04:45:05,669 [WARNING] Failed to find tvg-id="qartuliarxi" in georgia_channels.m3u
2026-08-26 04:45:05,669 [WARNING] Failed to find tvg-id="musicbox" in georgia_channels.m3u
2026-08-26 04:45:05,669 [WARNING] Failed to find tvg-id="marneuli" in georgia_channels.m3u
2026-08-26 04:45:05,669 [WARNING] Failed to find tvg-id="axaliformula" in georgia_channels.m3u
2026-08-26 04:45:05,670 [WARNING] Failed to find tvg-id="o2" in georgia_channels.m3u
2026-08-26 04:45:05,670 [WARNING] Failed to find tvg-id="guria" in georgia_channels.m3u
2026-08-26 04:45:05,670 [WARNING] Failed to find tvg-id="imervizia" in georgia_channels.m3u
2026-08-26 04:45:05,671 [WARNING] Failed to find tvg-id="diatv" in georgia_channels.m3u
2026-08-26 04:45:05,671 [WARNING] Failed to find tvg-id="chveniarxi" in georgia_channels.m3u
2026-08-26 04:45:05,671 [WARNING] Failed to find tvg-id="batumitv" in georgia_channels.m3u
2026-08-26 04:45:05,671 [WARNING] Failed to find tvg-id="rcheuli" in georgia_channels.m3u
2026-08-26 04:45:05,672 [WARNING] Failed to find tvg-id="gurjaani" in georgia_channels.m3u
2026-08-26 04:45:05,672 [WARNING] Failed to find tvg-id="molitv" in georgia_channels.m3u
2026-08-26 04:45:05,672 [WARNING] Failed to find tvg-id="mexute" in georgia_channels.m3u
2026-08-26 04:45:05,672 [WARNING] Failed to find tvg-id="agrogaremo" in georgia_channels.m3u
2026-08-26 04:45:05,673 [WARNING] Failed to find tvg-id="artv" in georgia_channels.m3u
2026-08-26 04:45:05,673 [WARNING] Failed to find tvg-id="meteo24" in georgia_channels.m3u
2026-08-26 04:45:05,673 [WARNING] Failed to find tvg-id="georgiantimes" in georgia_channels.m3u
2026-08-26 04:45:05,673 [WARNING] Failed to find tvg-id="silkuniversal" in georgia_channels.m3u
2026-08-26 04:45:05,674 [WARNING] Failed to find tvg-id="rugbytv" in georgia_channels.m3u
2026-08-26 04:45:05,674 [WARNING] Failed to find tvg-id="gms" in georgia_channels.m3u
2026-08-26 04:45:05,674 [WARNING] Failed to find tvg-id="aiatv" in georgia_channels.m3u
2026-08-26 04:45:05,674 [WARNING] Failed to find tvg-id="batumi2" in georgia_channels.m3u
2026-08-26 04:45:05,675 [WARNING] Failed to find tvg-id="altinfo" in georgia_channels.m3u
2026-08-26 04:45:05,675 [WARNING] Failed to find tvg-id="parliament" in georgia_channels.m3u
2026-08-26 04:45:05,675 [WARNING] Failed to find tvg-id="egrisi" in georgia_channels.m3u
2026-08-26 04:45:05,675 [WARNING] Failed to find tvg-id="mzetv" in georgia_channels.m3u
2026-08-26 04:45:05,675 [INFO] No file changes were made.
2026-08-26 04:45:05,675 [INFO] === UPDATE EXECUTION FINISHED ===
