2026-08-29 17:34:06,837 [INFO] === UPDATE EXECUTION STARTED ===
2026-08-29 17:34:06,837 [INFO] Fetching Setanta Sports 3 from IPTV-ORG...
2026-08-29 17:34:06,922 [INFO] Launching batch scraper for 44 channels on tv.mar.tv...
2026-08-29 17:34:07,580 [INFO] Scraping rustavi2...
2026-08-29 17:34:12,674 [ERROR] [rustavi2 FAILURE]
2026-08-29 17:34:12,674 [ERROR]   └─ Reason: No .m3u8 network request detected.
2026-08-29 17:34:12,674 [ERROR]   └─ Error Output: PlaywrightNetworkListenerError
2026-08-29 17:34:12,709 [INFO] Scraping maestro...
2026-08-29 17:34:16,003 [ERROR] [maestro FAILURE]
2026-08-29 17:34:16,003 [ERROR]   └─ Reason: No .m3u8 network request detected.
2026-08-29 17:34:16,003 [ERROR]   └─ Error Output: PlaywrightNetworkListenerError
2026-08-29 17:34:16,036 [INFO] Scraping marao...
2026-08-29 17:34:19,325 [ERROR] [marao FAILURE]
2026-08-29 17:34:19,325 [ERROR]   └─ Reason: No .m3u8 network request detected.
2026-08-29 17:34:19,325 [ERROR]   └─ Error Output: PlaywrightNetworkListenerError
2026-08-29 17:34:19,358 [INFO] Scraping gds...
2026-08-29 17:34:22,650 [ERROR] [gds FAILURE]
2026-08-29 17:34:22,650 [ERROR]   └─ Reason: No .m3u8 network request detected.
2026-08-29 17:34:22,651 [ERROR]   └─ Error Output: PlaywrightNetworkListenerError
2026-08-29 17:34:22,682 [INFO] Scraping comedy...
2026-08-29 17:34:25,966 [ERROR] [comedy FAILURE]
2026-08-29 17:34:25,967 [ERROR]   └─ Reason: No .m3u8 network request detected.
2026-08-29 17:34:25,967 [ERROR]   └─ Error Output: PlaywrightNetworkListenerError
2026-08-29 17:34:26,002 [INFO] Scraping bbb...
2026-08-29 17:34:29,293 [ERROR] [bbb FAILURE]
2026-08-29 17:34:29,293 [ERROR]   └─ Reason: No .m3u8 network request detected.
2026-08-29 17:34:29,293 [ERROR]   └─ Error Output: PlaywrightNetworkListenerError
2026-08-29 17:34:29,327 [INFO] Scraping enkibenki...
2026-08-29 17:34:32,614 [ERROR] [enkibenki FAILURE]
2026-08-29 17:34:32,614 [ERROR]   └─ Reason: No .m3u8 network request detected.
2026-08-29 17:34:32,614 [ERROR]   └─ Error Output: PlaywrightNetworkListenerError
2026-08-29 17:34:32,651 [INFO] Scraping adjaratv...
2026-08-29 17:34:35,957 [ERROR] [adjaratv FAILURE]
2026-08-29 17:34:35,958 [ERROR]   └─ Reason: No .m3u8 network request detected.
2026-08-29 17:34:35,958 [ERROR]   └─ Error Output: PlaywrightNetworkListenerError
2026-08-29 17:34:35,992 [INFO] Scraping rionitv...
2026-08-29 17:34:39,279 [ERROR] [rionitv FAILURE]
2026-08-29 17:34:39,279 [ERROR]   └─ Reason: No .m3u8 network request detected.
2026-08-29 17:34:39,279 [ERROR]   └─ Error Output: PlaywrightNetworkListenerError
2026-08-29 17:34:39,311 [INFO] Scraping tv25...
2026-08-29 17:34:42,601 [ERROR] [tv25 FAILURE]
2026-08-29 17:34:42,601 [ERROR]   └─ Reason: No .m3u8 network request detected.
2026-08-29 17:34:42,601 [ERROR]   └─ Error Output: PlaywrightNetworkListenerError
2026-08-29 17:34:42,632 [INFO] Scraping tv4rustavi...
2026-08-29 17:34:45,920 [ERROR] [tv4rustavi FAILURE]
2026-08-29 17:34:45,920 [ERROR]   └─ Reason: No .m3u8 network request detected.
2026-08-29 17:34:45,920 [ERROR]   └─ Error Output: PlaywrightNetworkListenerError
2026-08-29 17:34:45,955 [INFO] Scraping trialeti...
2026-08-29 17:34:49,246 [ERROR] [trialeti FAILURE]
2026-08-29 17:34:49,246 [ERROR]   └─ Reason: No .m3u8 network request detected.
2026-08-29 17:34:49,246 [ERROR]   └─ Error Output: PlaywrightNetworkListenerError
2026-08-29 17:34:49,279 [INFO] Scraping dardimandi...
2026-08-29 17:34:52,570 [ERROR] [dardimandi FAILURE]
2026-08-29 17:34:52,571 [ERROR]   └─ Reason: No .m3u8 network request detected.
2026-08-29 17:34:52,571 [ERROR]   └─ Error Output: PlaywrightNetworkListenerError
2026-08-29 17:34:52,609 [INFO] Scraping agro...
2026-08-29 17:34:55,895 [ERROR] [agro FAILURE]
2026-08-29 17:34:55,895 [ERROR]   └─ Reason: No .m3u8 network request detected.
2026-08-29 17:34:55,895 [ERROR]   └─ Error Output: PlaywrightNetworkListenerError
2026-08-29 17:34:55,928 [INFO] Scraping samefo...
2026-08-29 17:34:59,219 [ERROR] [samefo FAILURE]
2026-08-29 17:34:59,219 [ERROR]   └─ Reason: No .m3u8 network request detected.
2026-08-29 17:34:59,219 [ERROR]   └─ Error Output: PlaywrightNetworkListenerError
2026-08-29 17:34:59,253 [INFO] Scraping postv...
2026-08-29 17:35:02,539 [ERROR] [postv FAILURE]
2026-08-29 17:35:02,539 [ERROR]   └─ Reason: No .m3u8 network request detected.
2026-08-29 17:35:02,539 [ERROR]   └─ Error Output: PlaywrightNetworkListenerError
2026-08-29 17:35:02,571 [INFO] Scraping megatv...
2026-08-29 17:35:05,855 [ERROR] [megatv FAILURE]
2026-08-29 17:35:05,855 [ERROR]   └─ Reason: No .m3u8 network request detected.
2026-08-29 17:35:05,855 [ERROR]   └─ Error Output: PlaywrightNetworkListenerError
2026-08-29 17:35:05,890 [INFO] Scraping qartuliarxi...
2026-08-29 17:35:09,174 [ERROR] [qartuliarxi FAILURE]
2026-08-29 17:35:09,175 [ERROR]   └─ Reason: No .m3u8 network request detected.
2026-08-29 17:35:09,175 [ERROR]   └─ Error Output: PlaywrightNetworkListenerError
2026-08-29 17:35:09,208 [INFO] Scraping musicbox...
2026-08-29 17:35:12,496 [ERROR] [musicbox FAILURE]
2026-08-29 17:35:12,496 [ERROR]   └─ Reason: No .m3u8 network request detected.
2026-08-29 17:35:12,496 [ERROR]   └─ Error Output: PlaywrightNetworkListenerError
2026-08-29 17:35:12,529 [INFO] Scraping marneuli...
2026-08-29 17:35:15,816 [ERROR] [marneuli FAILURE]
2026-08-29 17:35:15,816 [ERROR]   └─ Reason: No .m3u8 network request detected.
2026-08-29 17:35:15,816 [ERROR]   └─ Error Output: PlaywrightNetworkListenerError
2026-08-29 17:35:15,847 [INFO] Scraping axaliformula...
2026-08-29 17:35:19,133 [ERROR] [axaliformula FAILURE]
2026-08-29 17:35:19,133 [ERROR]   └─ Reason: No .m3u8 network request detected.
2026-08-29 17:35:19,133 [ERROR]   └─ Error Output: PlaywrightNetworkListenerError
2026-08-29 17:35:19,166 [INFO] Scraping o2...
2026-08-29 17:35:22,450 [ERROR] [o2 FAILURE]
2026-08-29 17:35:22,450 [ERROR]   └─ Reason: No .m3u8 network request detected.
2026-08-29 17:35:22,450 [ERROR]   └─ Error Output: PlaywrightNetworkListenerError
2026-08-29 17:35:22,482 [INFO] Scraping guria...
2026-08-29 17:35:25,767 [ERROR] [guria FAILURE]
2026-08-29 17:35:25,767 [ERROR]   └─ Reason: No .m3u8 network request detected.
2026-08-29 17:35:25,767 [ERROR]   └─ Error Output: PlaywrightNetworkListenerError
2026-08-29 17:35:25,800 [INFO] Scraping imervizia...
2026-08-29 17:35:29,086 [ERROR] [imervizia FAILURE]
2026-08-29 17:35:29,086 [ERROR]   └─ Reason: No .m3u8 network request detected.
2026-08-29 17:35:29,086 [ERROR]   └─ Error Output: PlaywrightNetworkListenerError
2026-08-29 17:35:29,122 [INFO] Scraping diatv...
2026-08-29 17:35:32,413 [ERROR] [diatv FAILURE]
2026-08-29 17:35:32,413 [ERROR]   └─ Reason: No .m3u8 network request detected.
2026-08-29 17:35:32,413 [ERROR]   └─ Error Output: PlaywrightNetworkListenerError
2026-08-29 17:35:32,446 [INFO] Scraping chveniarxi...
2026-08-29 17:35:35,734 [ERROR] [chveniarxi FAILURE]
2026-08-29 17:35:35,734 [ERROR]   └─ Reason: No .m3u8 network request detected.
2026-08-29 17:35:35,734 [ERROR]   └─ Error Output: PlaywrightNetworkListenerError
2026-08-29 17:35:35,766 [INFO] Scraping batumitv...
2026-08-29 17:35:39,050 [ERROR] [batumitv FAILURE]
2026-08-29 17:35:39,051 [ERROR]   └─ Reason: No .m3u8 network request detected.
2026-08-29 17:35:39,051 [ERROR]   └─ Error Output: PlaywrightNetworkListenerError
2026-08-29 17:35:39,082 [INFO] Scraping rcheuli...
2026-08-29 17:35:42,368 [ERROR] [rcheuli FAILURE]
2026-08-29 17:35:42,369 [ERROR]   └─ Reason: No .m3u8 network request detected.
2026-08-29 17:35:42,369 [ERROR]   └─ Error Output: PlaywrightNetworkListenerError
2026-08-29 17:35:42,401 [INFO] Scraping gurjaani...
2026-08-29 17:35:45,698 [ERROR] [gurjaani FAILURE]
2026-08-29 17:35:45,698 [ERROR]   └─ Reason: No .m3u8 network request detected.
2026-08-29 17:35:45,698 [ERROR]   └─ Error Output: PlaywrightNetworkListenerError
2026-08-29 17:35:45,730 [INFO] Scraping molitv...
2026-08-29 17:35:49,015 [ERROR] [molitv FAILURE]
2026-08-29 17:35:49,016 [ERROR]   └─ Reason: No .m3u8 network request detected.
2026-08-29 17:35:49,016 [ERROR]   └─ Error Output: PlaywrightNetworkListenerError
2026-08-29 17:35:49,052 [INFO] Scraping mexute...
2026-08-29 17:35:52,336 [ERROR] [mexute FAILURE]
2026-08-29 17:35:52,336 [ERROR]   └─ Reason: No .m3u8 network request detected.
2026-08-29 17:35:52,337 [ERROR]   └─ Error Output: PlaywrightNetworkListenerError
2026-08-29 17:35:52,367 [INFO] Scraping agrogaremo...
2026-08-29 17:35:55,647 [ERROR] [agrogaremo FAILURE]
2026-08-29 17:35:55,647 [ERROR]   └─ Reason: No .m3u8 network request detected.
2026-08-29 17:35:55,647 [ERROR]   └─ Error Output: PlaywrightNetworkListenerError
2026-08-29 17:35:55,682 [INFO] Scraping artv...
2026-08-29 17:35:58,966 [ERROR] [artv FAILURE]
2026-08-29 17:35:58,966 [ERROR]   └─ Reason: No .m3u8 network request detected.
2026-08-29 17:35:58,966 [ERROR]   └─ Error Output: PlaywrightNetworkListenerError
2026-08-29 17:35:58,997 [INFO] Scraping meteo24...
2026-08-29 17:36:02,278 [ERROR] [meteo24 FAILURE]
2026-08-29 17:36:02,278 [ERROR]   └─ Reason: No .m3u8 network request detected.
2026-08-29 17:36:02,278 [ERROR]   └─ Error Output: PlaywrightNetworkListenerError
2026-08-29 17:36:02,311 [INFO] Scraping georgiantimes...
2026-08-29 17:36:05,595 [ERROR] [georgiantimes FAILURE]
2026-08-29 17:36:05,595 [ERROR]   └─ Reason: No .m3u8 network request detected.
2026-08-29 17:36:05,595 [ERROR]   └─ Error Output: PlaywrightNetworkListenerError
2026-08-29 17:36:05,627 [INFO] Scraping silkuniversal...
2026-08-29 17:36:08,912 [ERROR] [silkuniversal FAILURE]
2026-08-29 17:36:08,912 [ERROR]   └─ Reason: No .m3u8 network request detected.
2026-08-29 17:36:08,912 [ERROR]   └─ Error Output: PlaywrightNetworkListenerError
2026-08-29 17:36:08,943 [INFO] Scraping rugbytv...
2026-08-29 17:36:12,225 [ERROR] [rugbytv FAILURE]
2026-08-29 17:36:12,225 [ERROR]   └─ Reason: No .m3u8 network request detected.
2026-08-29 17:36:12,225 [ERROR]   └─ Error Output: PlaywrightNetworkListenerError
2026-08-29 17:36:12,264 [INFO] Scraping gms...
2026-08-29 17:36:15,552 [ERROR] [gms FAILURE]
2026-08-29 17:36:15,552 [ERROR]   └─ Reason: No .m3u8 network request detected.
2026-08-29 17:36:15,552 [ERROR]   └─ Error Output: PlaywrightNetworkListenerError
2026-08-29 17:36:15,584 [INFO] Scraping aiatv...
2026-08-29 17:36:18,867 [ERROR] [aiatv FAILURE]
2026-08-29 17:36:18,867 [ERROR]   └─ Reason: No .m3u8 network request detected.
2026-08-29 17:36:18,867 [ERROR]   └─ Error Output: PlaywrightNetworkListenerError
2026-08-29 17:36:18,899 [INFO] Scraping batumi2...
2026-08-29 17:36:22,185 [ERROR] [batumi2 FAILURE]
2026-08-29 17:36:22,185 [ERROR]   └─ Reason: No .m3u8 network request detected.
2026-08-29 17:36:22,185 [ERROR]   └─ Error Output: PlaywrightNetworkListenerError
2026-08-29 17:36:22,218 [INFO] Scraping altinfo...
2026-08-29 17:36:25,503 [ERROR] [altinfo FAILURE]
2026-08-29 17:36:25,503 [ERROR]   └─ Reason: No .m3u8 network request detected.
2026-08-29 17:36:25,503 [ERROR]   └─ Error Output: PlaywrightNetworkListenerError
2026-08-29 17:36:25,541 [INFO] Scraping parliament...
2026-08-29 17:36:28,833 [ERROR] [parliament FAILURE]
2026-08-29 17:36:28,834 [ERROR]   └─ Reason: No .m3u8 network request detected.
2026-08-29 17:36:28,834 [ERROR]   └─ Error Output: PlaywrightNetworkListenerError
2026-08-29 17:36:28,866 [INFO] Scraping egrisi...
2026-08-29 17:36:32,152 [ERROR] [egrisi FAILURE]
2026-08-29 17:36:32,152 [ERROR]   └─ Reason: No .m3u8 network request detected.
2026-08-29 17:36:32,152 [ERROR]   └─ Error Output: PlaywrightNetworkListenerError
2026-08-29 17:36:32,182 [INFO] Scraping mzetv...
2026-08-29 17:36:35,468 [ERROR] [mzetv FAILURE]
2026-08-29 17:36:35,468 [ERROR]   └─ Reason: No .m3u8 network request detected.
2026-08-29 17:36:35,468 [ERROR]   └─ Error Output: PlaywrightNetworkListenerError
2026-08-29 17:36:35,509 [INFO] No file changes were made.
2026-08-29 17:36:35,509 [INFO] === UPDATE EXECUTION FINISHED ===
