2026-08-26 01:27:15,177 [INFO] === UPDATE EXECUTION STARTED ===
2026-08-26 01:27:15,178 [INFO] Fetching Setanta Sports 3 from IPTV-ORG...
2026-08-26 01:27:15,275 [INFO] Launching batch scraper for 44 channels on tv.mar.tv...
2026-08-26 01:27:15,891 [INFO] Scraping rustavi2...
2026-08-26 01:27:21,359 [INFO]  -> Success: https://live8.mar.tv/1/4rd/index.m3u8
2026-08-26 01:27:21,396 [INFO] Scraping maestro...
2026-08-26 01:27:24,693 [INFO]  -> Success: https://live4.mar.tv/3afa3539bd61d6dc650637d309342fb4cac5de5aeb6f338380adb3cefea9cfcb/352m/index.m3u8
2026-08-26 01:27:24,727 [INFO] Scraping marao...
2026-08-26 01:27:28,022 [INFO]  -> Success: https://live2.mar.tv/3afa3539bd61d6dc650637d309342fb4cac5de5aeb6f338380adb3cefea9cfcb/12sd/index.m3u8
2026-08-26 01:27:28,057 [INFO] Scraping gds...
2026-08-26 01:27:31,351 [INFO]  -> Success: https://live1.mar.tv/3afa3539bd61d6dc650637d309342fb4cac5de5aeb6f338380adb3cefea9cfcb/13sd/index.m3u8
2026-08-26 01:27:31,386 [INFO] Scraping comedy...
2026-08-26 01:27:34,680 [INFO]  -> Success: https://live4.mar.tv/3afa3539bd61d6dc650637d309342fb4cac5de5aeb6f338380adb3cefea9cfcb/14rd/index.m3u8
2026-08-26 01:27:34,713 [INFO] Scraping bbb...
2026-08-26 01:27:38,009 [INFO]  -> Success: https://live2.mar.tv/3afa3539bd61d6dc650637d309342fb4cac5de5aeb6f338380adb3cefea9cfcb/16sd/index.m3u8
2026-08-26 01:27:38,043 [INFO] Scraping enkibenki...
2026-08-26 01:27:41,339 [INFO]  -> Success: https://live2.mar.tv/3afa3539bd61d6dc650637d309342fb4cac5de5aeb6f338380adb3cefea9cfcb/17e/index.m3u8
2026-08-26 01:27:41,371 [INFO] Scraping adjaratv...
2026-08-26 01:27:44,661 [INFO]  -> Success: https://live2.mar.tv/3afa3539bd61d6dc650637d309342fb4cac5de5aeb6f338380adb3cefea9cfcb/19rd/index.m3u8
2026-08-26 01:27:44,696 [INFO] Scraping rionitv...
2026-08-26 01:27:47,992 [INFO]  -> Success: https://live6.mar.tv/3afa3539bd61d6dc650637d309342fb4cac5de5aeb6f338380adb3cefea9cfcb/20rionn/index.m3u8
2026-08-26 01:27:48,025 [INFO] Scraping tv25...
2026-08-26 01:27:51,319 [INFO]  -> Success: https://live6.mar.tv/3afa3539bd61d6dc650637d309342fb4cac5de5aeb6f338380adb3cefea9cfcb/23tv25/index.m3u8
2026-08-26 01:27:51,352 [INFO] Scraping tv4rustavi...
2026-08-26 01:27:54,654 [INFO]  -> Success: https://live6.mar.tv/3afa3539bd61d6dc650637d309342fb4cac5de5aeb6f338380adb3cefea9cfcb/24tw4/index.m3u8
2026-08-26 01:27:54,685 [INFO] Scraping trialeti...
2026-08-26 01:27:57,979 [INFO]  -> Success: https://live6.mar.tv/3afa3539bd61d6dc650637d309342fb4cac5de5aeb6f338380adb3cefea9cfcb/trialleti/index.m3u8
2026-08-26 01:27:58,014 [INFO] Scraping dardimandi...
2026-08-26 01:28:01,307 [INFO]  -> Success: https://live5.mar.tv/3afa3539bd61d6dc650637d309342fb4cac5de5aeb6f338380adb3cefea9cfcb/27/index.m3u8
2026-08-26 01:28:01,342 [INFO] Scraping agro...
2026-08-26 01:28:04,638 [INFO]  -> Success: https://live5.mar.tv/3afa3539bd61d6dc650637d309342fb4cac5de5aeb6f338380adb3cefea9cfcb/28/index.m3u8
2026-08-26 01:28:04,671 [INFO] Scraping samefo...
2026-08-26 01:28:07,964 [INFO]  -> Success: https://live5.mar.tv/3afa3539bd61d6dc650637d309342fb4cac5de5aeb6f338380adb3cefea9cfcb/29/index.m3u8
2026-08-26 01:28:07,999 [INFO] Scraping postv...
2026-08-26 01:28:11,293 [INFO]  -> Success: https://live6.mar.tv/3afa3539bd61d6dc650637d309342fb4cac5de5aeb6f338380adb3cefea9cfcb/postvw/index.m3u8
2026-08-26 01:28:11,326 [INFO] Scraping megatv...
2026-08-26 01:28:14,623 [INFO]  -> Success: https://live4.mar.tv/3afa3539bd61d6dc650637d309342fb4cac5de5aeb6f338380adb3cefea9cfcb/32st/index.m3u8
2026-08-26 01:28:14,657 [INFO] Scraping qartuliarxi...
2026-08-26 01:28:17,954 [INFO]  -> Success: https://live6.mar.tv/3afa3539bd61d6dc650637d309342fb4cac5de5aeb6f338380adb3cefea9cfcb/qartuli/index.m3u8
2026-08-26 01:28:17,985 [INFO] Scraping musicbox...
2026-08-26 01:28:21,279 [INFO]  -> Success: https://live6.mar.tv/3afa3539bd61d6dc650637d309342fb4cac5de5aeb6f338380adb3cefea9cfcb/34musge/index.m3u8
2026-08-26 01:28:21,313 [INFO] Scraping marneuli...
2026-08-26 01:28:24,607 [INFO]  -> Success: https://live6.mar.tv/3afa3539bd61d6dc650637d309342fb4cac5de5aeb6f338380adb3cefea9cfcb/37marn/index.m3u8
2026-08-26 01:28:24,642 [INFO] Scraping axaliformula...
2026-08-26 01:28:27,936 [INFO]  -> Success: https://live6.mar.tv/3afa3539bd61d6dc650637d309342fb4cac5de5aeb6f338380adb3cefea9cfcb/axaliformla/index.m3u8
2026-08-26 01:28:27,970 [INFO] Scraping o2...
2026-08-26 01:28:31,264 [INFO]  -> Success: https://live5.mar.tv/3afa3539bd61d6dc650637d309342fb4cac5de5aeb6f338380adb3cefea9cfcb/40/index.m3u8
2026-08-26 01:28:31,299 [INFO] Scraping guria...
2026-08-26 01:28:34,603 [INFO]  -> Success: https://live5.mar.tv/3afa3539bd61d6dc650637d309342fb4cac5de5aeb6f338380adb3cefea9cfcb/42/index.m3u8
2026-08-26 01:28:34,635 [INFO] Scraping imervizia...
2026-08-26 01:28:37,926 [INFO]  -> Success: https://live6.mar.tv/3afa3539bd61d6dc650637d309342fb4cac5de5aeb6f338380adb3cefea9cfcb/imervizia/index.m3u8
2026-08-26 01:28:37,957 [INFO] Scraping diatv...
2026-08-26 01:28:41,252 [INFO]  -> Success: https://live4.mar.tv/3afa3539bd61d6dc650637d309342fb4cac5de5aeb6f338380adb3cefea9cfcb/dia/index.m3u8
2026-08-26 01:28:41,287 [INFO] Scraping chveniarxi...
2026-08-26 01:28:44,583 [INFO]  -> Success: https://live3.mar.tv/3afa3539bd61d6dc650637d309342fb4cac5de5aeb6f338380adb3cefea9cfcb/45rd/index.m3u8
2026-08-26 01:28:44,619 [INFO] Scraping batumitv...
2026-08-26 01:28:47,909 [INFO]  -> Success: https://live5.mar.tv/3afa3539bd61d6dc650637d309342fb4cac5de5aeb6f338380adb3cefea9cfcb/46/index.m3u8
2026-08-26 01:28:47,943 [INFO] Scraping rcheuli...
2026-08-26 01:28:51,233 [INFO]  -> Success: https://live5.mar.tv/3afa3539bd61d6dc650637d309342fb4cac5de5aeb6f338380adb3cefea9cfcb/47/index.m3u8
2026-08-26 01:28:51,263 [INFO] Scraping gurjaani...
2026-08-26 01:28:54,559 [INFO]  -> Success: https://live4.mar.tv/3afa3539bd61d6dc650637d309342fb4cac5de5aeb6f338380adb3cefea9cfcb/48m/index.m3u8
2026-08-26 01:28:54,591 [INFO] Scraping molitv...
2026-08-26 01:28:57,887 [INFO]  -> Success: https://live6.mar.tv/3afa3539bd61d6dc650637d309342fb4cac5de5aeb6f338380adb3cefea9cfcb/mollltv/index.m3u8
2026-08-26 01:28:57,917 [INFO] Scraping mexute...
2026-08-26 01:29:01,210 [INFO]  -> Success: https://live6.mar.tv/3afa3539bd61d6dc650637d309342fb4cac5de5aeb6f338380adb3cefea9cfcb/50/index.m3u8
2026-08-26 01:29:01,241 [INFO] Scraping agrogaremo...
2026-08-26 01:29:04,538 [INFO]  -> Success: https://live6.mar.tv/3afa3539bd61d6dc650637d309342fb4cac5de5aeb6f338380adb3cefea9cfcb/agrogaremo/index.m3u8
2026-08-26 01:29:04,571 [INFO] Scraping artv...
2026-08-26 01:29:07,866 [INFO]  -> Success: https://live6.mar.tv/3afa3539bd61d6dc650637d309342fb4cac5de5aeb6f338380adb3cefea9cfcb/tafutv/index.m3u8
2026-08-26 01:29:07,897 [INFO] Scraping meteo24...
2026-08-26 01:29:11,193 [INFO]  -> Success: https://live5.mar.tv/3afa3539bd61d6dc650637d309342fb4cac5de5aeb6f338380adb3cefea9cfcb/56/index.m3u8
2026-08-26 01:29:11,224 [INFO] Scraping georgiantimes...
2026-08-26 01:29:14,519 [INFO]  -> Success: https://live5.mar.tv/3afa3539bd61d6dc650637d309342fb4cac5de5aeb6f338380adb3cefea9cfcb/57/index.m3u8
2026-08-26 01:29:14,551 [INFO] Scraping silkuniversal...
2026-08-26 01:29:17,841 [INFO]  -> Success: https://live2.mar.tv/3afa3539bd61d6dc650637d309342fb4cac5de5aeb6f338380adb3cefea9cfcb/1arxiweb/index.m3u8
2026-08-26 01:29:17,873 [INFO] Scraping rugbytv...
2026-08-26 01:29:21,168 [INFO]  -> Success: https://live4.mar.tv/3afa3539bd61d6dc650637d309342fb4cac5de5aeb6f338380adb3cefea9cfcb/160m/index.m3u8
2026-08-26 01:29:21,202 [INFO] Scraping gms...
2026-08-26 01:29:24,494 [INFO]  -> Success: https://live5.mar.tv/3afa3539bd61d6dc650637d309342fb4cac5de5aeb6f338380adb3cefea9cfcb/161/index.m3u8
2026-08-26 01:29:24,528 [INFO] Scraping aiatv...
2026-08-26 01:29:27,823 [INFO]  -> Success: https://live6.mar.tv/3afa3539bd61d6dc650637d309342fb4cac5de5aeb6f338380adb3cefea9cfcb/aia/index.m3u8
2026-08-26 01:29:27,854 [INFO] Scraping batumi2...
2026-08-26 01:29:31,158 [INFO]  -> Success: https://live6.mar.tv/3afa3539bd61d6dc650637d309342fb4cac5de5aeb6f338380adb3cefea9cfcb/batumitv2/index.m3u8
2026-08-26 01:29:31,190 [INFO] Scraping altinfo...
2026-08-26 01:29:34,485 [INFO]  -> Success: https://live6.mar.tv/3afa3539bd61d6dc650637d309342fb4cac5de5aeb6f338380adb3cefea9cfcb/altinfo/index.m3u8
2026-08-26 01:29:34,519 [INFO] Scraping parliament...
2026-08-26 01:29:37,813 [INFO]  -> Success: https://live6.mar.tv/3afa3539bd61d6dc650637d309342fb4cac5de5aeb6f338380adb3cefea9cfcb/parlament/index.m3u8
2026-08-26 01:29:37,845 [INFO] Scraping egrisi...
2026-08-26 01:29:41,140 [INFO]  -> Success: https://live6.mar.tv/3afa3539bd61d6dc650637d309342fb4cac5de5aeb6f338380adb3cefea9cfcb/egrisi/index.m3u8
2026-08-26 01:29:41,174 [INFO] Scraping mzetv...
2026-08-26 01:29:44,466 [INFO]  -> Success: https://live6.mar.tv/3afa3539bd61d6dc650637d309342fb4cac5de5aeb6f338380adb3cefea9cfcb/mze/index.m3u8
2026-08-26 01:29:44,513 [WARNING] Failed to find tvg-id="rustavi2" in georgia_channels.m3u
2026-08-26 01:29:44,513 [WARNING] Failed to find tvg-id="maestro" in georgia_channels.m3u
2026-08-26 01:29:44,514 [WARNING] Failed to find tvg-id="marao" in georgia_channels.m3u
2026-08-26 01:29:44,514 [WARNING] Failed to find tvg-id="gds" in georgia_channels.m3u
2026-08-26 01:29:44,514 [WARNING] Failed to find tvg-id="comedy" in georgia_channels.m3u
2026-08-26 01:29:44,515 [WARNING] Failed to find tvg-id="bbb" in georgia_channels.m3u
2026-08-26 01:29:44,515 [WARNING] Failed to find tvg-id="enkibenki" in georgia_channels.m3u
2026-08-26 01:29:44,515 [WARNING] Failed to find tvg-id="adjaratv" in georgia_channels.m3u
2026-08-26 01:29:44,515 [WARNING] Failed to find tvg-id="rionitv" in georgia_channels.m3u
2026-08-26 01:29:44,516 [WARNING] Failed to find tvg-id="tv25" in georgia_channels.m3u
2026-08-26 01:29:44,516 [WARNING] Failed to find tvg-id="tv4rustavi" in georgia_channels.m3u
2026-08-26 01:29:44,516 [WARNING] Failed to find tvg-id="trialeti" in georgia_channels.m3u
2026-08-26 01:29:44,516 [WARNING] Failed to find tvg-id="dardimandi" in georgia_channels.m3u
2026-08-26 01:29:44,517 [WARNING] Failed to find tvg-id="agro" in georgia_channels.m3u
2026-08-26 01:29:44,517 [WARNING] Failed to find tvg-id="samefo" in georgia_channels.m3u
2026-08-26 01:29:44,517 [WARNING] Failed to find tvg-id="postv" in georgia_channels.m3u
2026-08-26 01:29:44,517 [WARNING] Failed to find tvg-id="megatv" in georgia_channels.m3u
2026-08-26 01:29:44,518 [WARNING] Failed to find tvg-id="qartuliarxi" in georgia_channels.m3u
2026-08-26 01:29:44,518 [WARNING] Failed to find tvg-id="musicbox" in georgia_channels.m3u
2026-08-26 01:29:44,518 [WARNING] Failed to find tvg-id="marneuli" in georgia_channels.m3u
2026-08-26 01:29:44,519 [WARNING] Failed to find tvg-id="axaliformula" in georgia_channels.m3u
2026-08-26 01:29:44,519 [WARNING] Failed to find tvg-id="o2" in georgia_channels.m3u
2026-08-26 01:29:44,519 [WARNING] Failed to find tvg-id="guria" in georgia_channels.m3u
2026-08-26 01:29:44,519 [WARNING] Failed to find tvg-id="imervizia" in georgia_channels.m3u
2026-08-26 01:29:44,520 [WARNING] Failed to find tvg-id="diatv" in georgia_channels.m3u
2026-08-26 01:29:44,520 [WARNING] Failed to find tvg-id="chveniarxi" in georgia_channels.m3u
2026-08-26 01:29:44,520 [WARNING] Failed to find tvg-id="batumitv" in georgia_channels.m3u
2026-08-26 01:29:44,520 [WARNING] Failed to find tvg-id="rcheuli" in georgia_channels.m3u
2026-08-26 01:29:44,521 [WARNING] Failed to find tvg-id="gurjaani" in georgia_channels.m3u
2026-08-26 01:29:44,521 [WARNING] Failed to find tvg-id="molitv" in georgia_channels.m3u
2026-08-26 01:29:44,521 [WARNING] Failed to find tvg-id="mexute" in georgia_channels.m3u
2026-08-26 01:29:44,521 [WARNING] Failed to find tvg-id="agrogaremo" in georgia_channels.m3u
2026-08-26 01:29:44,522 [WARNING] Failed to find tvg-id="artv" in georgia_channels.m3u
2026-08-26 01:29:44,522 [WARNING] Failed to find tvg-id="meteo24" in georgia_channels.m3u
2026-08-26 01:29:44,522 [WARNING] Failed to find tvg-id="georgiantimes" in georgia_channels.m3u
2026-08-26 01:29:44,522 [WARNING] Failed to find tvg-id="silkuniversal" in georgia_channels.m3u
2026-08-26 01:29:44,523 [WARNING] Failed to find tvg-id="rugbytv" in georgia_channels.m3u
2026-08-26 01:29:44,523 [WARNING] Failed to find tvg-id="gms" in georgia_channels.m3u
2026-08-26 01:29:44,523 [WARNING] Failed to find tvg-id="aiatv" in georgia_channels.m3u
2026-08-26 01:29:44,523 [WARNING] Failed to find tvg-id="batumi2" in georgia_channels.m3u
2026-08-26 01:29:44,524 [WARNING] Failed to find tvg-id="altinfo" in georgia_channels.m3u
2026-08-26 01:29:44,524 [WARNING] Failed to find tvg-id="parliament" in georgia_channels.m3u
2026-08-26 01:29:44,524 [WARNING] Failed to find tvg-id="egrisi" in georgia_channels.m3u
2026-08-26 01:29:44,524 [WARNING] Failed to find tvg-id="mzetv" in georgia_channels.m3u
2026-08-26 01:29:44,525 [INFO] No file changes were made.
2026-08-26 01:29:44,525 [INFO] === UPDATE EXECUTION FINISHED ===
