2026-08-24 07:03:39,985 [INFO] === UPDATE EXECUTION STARTED ===
2026-08-24 07:03:39,985 [INFO] Fetching Setanta Sports 3 from IPTV-ORG...
2026-08-24 07:03:40,129 [INFO] Launching batch scraper for 44 channels on tv.mar.tv...
2026-08-24 07:03:41,707 [INFO] Scraping rustavi2...
2026-08-24 07:03:47,168 [INFO]  -> Success: https://live8.mar.tv/1/4rd/index.m3u8
2026-08-24 07:03:47,207 [INFO] Scraping maestro...
2026-08-24 07:03:50,551 [INFO]  -> Success: https://live4.mar.tv/0f97c9115e38552a7b811be3e127048d1b69954c168d63fd89c95bf23b9edb8b/352m/index.m3u8
2026-08-24 07:03:50,587 [INFO] Scraping marao...
2026-08-24 07:03:53,926 [INFO]  -> Success: https://live2.mar.tv/475b324cda0cad6887d73c22dfdbcc5b5d187c790d94590a1d51841e638f16b1/12sd/index.m3u8
2026-08-24 07:03:53,959 [INFO] Scraping gds...
2026-08-24 07:03:57,297 [INFO]  -> Success: https://live1.mar.tv/475b324cda0cad6887d73c22dfdbcc5b5d187c790d94590a1d51841e638f16b1/13sd/index.m3u8
2026-08-24 07:03:57,329 [INFO] Scraping comedy...
2026-08-24 07:04:00,669 [INFO]  -> Success: https://live4.mar.tv/475b324cda0cad6887d73c22dfdbcc5b5d187c790d94590a1d51841e638f16b1/14rd/index.m3u8
2026-08-24 07:04:00,701 [INFO] Scraping bbb...
2026-08-24 07:04:04,041 [INFO]  -> Success: https://live2.mar.tv/475b324cda0cad6887d73c22dfdbcc5b5d187c790d94590a1d51841e638f16b1/16sd/index.m3u8
2026-08-24 07:04:04,075 [INFO] Scraping enkibenki...
2026-08-24 07:04:07,413 [INFO]  -> Success: https://live2.mar.tv/475b324cda0cad6887d73c22dfdbcc5b5d187c790d94590a1d51841e638f16b1/17e/index.m3u8
2026-08-24 07:04:07,447 [INFO] Scraping adjaratv...
2026-08-24 07:04:10,786 [INFO]  -> Success: https://live2.mar.tv/475b324cda0cad6887d73c22dfdbcc5b5d187c790d94590a1d51841e638f16b1/19rd/index.m3u8
2026-08-24 07:04:10,818 [INFO] Scraping rionitv...
2026-08-24 07:04:14,157 [INFO]  -> Success: https://live6.mar.tv/475b324cda0cad6887d73c22dfdbcc5b5d187c790d94590a1d51841e638f16b1/20rionn/index.m3u8
2026-08-24 07:04:14,190 [INFO] Scraping tv25...
2026-08-24 07:04:17,528 [INFO]  -> Success: https://live6.mar.tv/0f97c9115e38552a7b811be3e127048d1b69954c168d63fd89c95bf23b9edb8b/23tv25/index.m3u8
2026-08-24 07:04:17,561 [INFO] Scraping tv4rustavi...
2026-08-24 07:04:20,900 [INFO]  -> Success: https://live6.mar.tv/475b324cda0cad6887d73c22dfdbcc5b5d187c790d94590a1d51841e638f16b1/24tw4/index.m3u8
2026-08-24 07:04:20,931 [INFO] Scraping trialeti...
2026-08-24 07:04:24,268 [INFO]  -> Success: https://live6.mar.tv/475b324cda0cad6887d73c22dfdbcc5b5d187c790d94590a1d51841e638f16b1/trialleti/index.m3u8
2026-08-24 07:04:24,302 [INFO] Scraping dardimandi...
2026-08-24 07:04:27,644 [INFO]  -> Success: https://live5.mar.tv/475b324cda0cad6887d73c22dfdbcc5b5d187c790d94590a1d51841e638f16b1/27/index.m3u8
2026-08-24 07:04:27,678 [INFO] Scraping agro...
2026-08-24 07:04:31,018 [INFO]  -> Success: https://live5.mar.tv/475b324cda0cad6887d73c22dfdbcc5b5d187c790d94590a1d51841e638f16b1/28/index.m3u8
2026-08-24 07:04:31,051 [INFO] Scraping samefo...
2026-08-24 07:04:34,393 [INFO]  -> Success: https://live5.mar.tv/475b324cda0cad6887d73c22dfdbcc5b5d187c790d94590a1d51841e638f16b1/29/index.m3u8
2026-08-24 07:04:34,425 [INFO] Scraping postv...
2026-08-24 07:04:37,771 [INFO]  -> Success: https://live6.mar.tv/475b324cda0cad6887d73c22dfdbcc5b5d187c790d94590a1d51841e638f16b1/postvw/index.m3u8
2026-08-24 07:04:37,803 [INFO] Scraping megatv...
2026-08-24 07:04:41,146 [INFO]  -> Success: https://live4.mar.tv/0f97c9115e38552a7b811be3e127048d1b69954c168d63fd89c95bf23b9edb8b/32st/index.m3u8
2026-08-24 07:04:41,177 [INFO] Scraping qartuliarxi...
2026-08-24 07:04:44,516 [INFO]  -> Success: https://live6.mar.tv/475b324cda0cad6887d73c22dfdbcc5b5d187c790d94590a1d51841e638f16b1/qartuli/index.m3u8
2026-08-24 07:04:44,547 [INFO] Scraping musicbox...
2026-08-24 07:04:47,891 [INFO]  -> Success: https://live6.mar.tv/475b324cda0cad6887d73c22dfdbcc5b5d187c790d94590a1d51841e638f16b1/34musge/index.m3u8
2026-08-24 07:04:47,923 [INFO] Scraping marneuli...
2026-08-24 07:04:51,263 [INFO]  -> Success: https://live6.mar.tv/475b324cda0cad6887d73c22dfdbcc5b5d187c790d94590a1d51841e638f16b1/37marn/index.m3u8
2026-08-24 07:04:51,297 [INFO] Scraping axaliformula...
2026-08-24 07:04:54,635 [INFO]  -> Success: https://live6.mar.tv/475b324cda0cad6887d73c22dfdbcc5b5d187c790d94590a1d51841e638f16b1/axaliformla/index.m3u8
2026-08-24 07:04:54,667 [INFO] Scraping o2...
2026-08-24 07:04:58,004 [INFO]  -> Success: https://live5.mar.tv/475b324cda0cad6887d73c22dfdbcc5b5d187c790d94590a1d51841e638f16b1/40/index.m3u8
2026-08-24 07:04:58,037 [INFO] Scraping guria...
2026-08-24 07:05:01,378 [INFO]  -> Success: https://live5.mar.tv/475b324cda0cad6887d73c22dfdbcc5b5d187c790d94590a1d51841e638f16b1/42/index.m3u8
2026-08-24 07:05:01,413 [INFO] Scraping imervizia...
2026-08-24 07:05:04,751 [INFO]  -> Success: https://live6.mar.tv/475b324cda0cad6887d73c22dfdbcc5b5d187c790d94590a1d51841e638f16b1/imervizia/index.m3u8
2026-08-24 07:05:04,783 [INFO] Scraping diatv...
2026-08-24 07:05:08,124 [INFO]  -> Success: https://live4.mar.tv/475b324cda0cad6887d73c22dfdbcc5b5d187c790d94590a1d51841e638f16b1/dia/index.m3u8
2026-08-24 07:05:08,157 [INFO] Scraping chveniarxi...
2026-08-24 07:05:11,496 [INFO]  -> Success: https://live3.mar.tv/475b324cda0cad6887d73c22dfdbcc5b5d187c790d94590a1d51841e638f16b1/45rd/index.m3u8
2026-08-24 07:05:11,529 [INFO] Scraping batumitv...
2026-08-24 07:05:14,868 [INFO]  -> Success: https://live5.mar.tv/475b324cda0cad6887d73c22dfdbcc5b5d187c790d94590a1d51841e638f16b1/46/index.m3u8
2026-08-24 07:05:14,904 [INFO] Scraping rcheuli...
2026-08-24 07:05:18,242 [INFO]  -> Success: https://live5.mar.tv/475b324cda0cad6887d73c22dfdbcc5b5d187c790d94590a1d51841e638f16b1/47/index.m3u8
2026-08-24 07:05:18,274 [INFO] Scraping gurjaani...
2026-08-24 07:05:21,614 [INFO]  -> Success: https://live4.mar.tv/475b324cda0cad6887d73c22dfdbcc5b5d187c790d94590a1d51841e638f16b1/48m/index.m3u8
2026-08-24 07:05:21,646 [INFO] Scraping molitv...
2026-08-24 07:05:24,986 [INFO]  -> Success: https://live6.mar.tv/475b324cda0cad6887d73c22dfdbcc5b5d187c790d94590a1d51841e638f16b1/mollltv/index.m3u8
2026-08-24 07:05:25,019 [INFO] Scraping mexute...
2026-08-24 07:05:28,356 [INFO]  -> Success: https://live6.mar.tv/475b324cda0cad6887d73c22dfdbcc5b5d187c790d94590a1d51841e638f16b1/50/index.m3u8
2026-08-24 07:05:28,388 [INFO] Scraping agrogaremo...
2026-08-24 07:05:31,728 [INFO]  -> Success: https://live6.mar.tv/475b324cda0cad6887d73c22dfdbcc5b5d187c790d94590a1d51841e638f16b1/agrogaremo/index.m3u8
2026-08-24 07:05:31,759 [INFO] Scraping artv...
2026-08-24 07:05:35,097 [INFO]  -> Success: https://live6.mar.tv/475b324cda0cad6887d73c22dfdbcc5b5d187c790d94590a1d51841e638f16b1/tafutv/index.m3u8
2026-08-24 07:05:35,131 [INFO] Scraping meteo24...
2026-08-24 07:05:38,468 [INFO]  -> Success: https://live5.mar.tv/475b324cda0cad6887d73c22dfdbcc5b5d187c790d94590a1d51841e638f16b1/56/index.m3u8
2026-08-24 07:05:38,502 [INFO] Scraping georgiantimes...
2026-08-24 07:05:41,844 [INFO]  -> Success: https://live5.mar.tv/475b324cda0cad6887d73c22dfdbcc5b5d187c790d94590a1d51841e638f16b1/57/index.m3u8
2026-08-24 07:05:41,893 [INFO] Scraping silkuniversal...
2026-08-24 07:05:45,235 [INFO]  -> Success: https://live2.mar.tv/475b324cda0cad6887d73c22dfdbcc5b5d187c790d94590a1d51841e638f16b1/1arxiweb/index.m3u8
2026-08-24 07:05:45,269 [INFO] Scraping rugbytv...
2026-08-24 07:05:48,608 [INFO]  -> Success: https://live4.mar.tv/475b324cda0cad6887d73c22dfdbcc5b5d187c790d94590a1d51841e638f16b1/160m/index.m3u8
2026-08-24 07:05:48,641 [INFO] Scraping gms...
2026-08-24 07:05:51,980 [INFO]  -> Success: https://live5.mar.tv/475b324cda0cad6887d73c22dfdbcc5b5d187c790d94590a1d51841e638f16b1/161/index.m3u8
2026-08-24 07:05:52,012 [INFO] Scraping aiatv...
2026-08-24 07:05:55,354 [INFO]  -> Success: https://live6.mar.tv/475b324cda0cad6887d73c22dfdbcc5b5d187c790d94590a1d51841e638f16b1/aia/index.m3u8
2026-08-24 07:05:55,386 [INFO] Scraping batumi2...
2026-08-24 07:05:58,726 [INFO]  -> Success: https://live6.mar.tv/475b324cda0cad6887d73c22dfdbcc5b5d187c790d94590a1d51841e638f16b1/batumitv2/index.m3u8
2026-08-24 07:05:58,758 [INFO] Scraping altinfo...
2026-08-24 07:06:02,096 [INFO]  -> Success: https://live6.mar.tv/475b324cda0cad6887d73c22dfdbcc5b5d187c790d94590a1d51841e638f16b1/altinfo/index.m3u8
2026-08-24 07:06:02,134 [INFO] Scraping parliament...
2026-08-24 07:06:05,471 [INFO]  -> Success: https://live6.mar.tv/475b324cda0cad6887d73c22dfdbcc5b5d187c790d94590a1d51841e638f16b1/parlament/index.m3u8
2026-08-24 07:06:05,502 [INFO] Scraping egrisi...
2026-08-24 07:06:08,844 [INFO]  -> Success: https://live6.mar.tv/475b324cda0cad6887d73c22dfdbcc5b5d187c790d94590a1d51841e638f16b1/egrisi/index.m3u8
2026-08-24 07:06:08,879 [INFO] Scraping mzetv...
2026-08-24 07:06:12,217 [INFO]  -> Success: https://live6.mar.tv/475b324cda0cad6887d73c22dfdbcc5b5d187c790d94590a1d51841e638f16b1/mze/index.m3u8
2026-08-24 07:06:12,265 [WARNING] Failed to find tvg-id="rustavi2" in georgia_channels.m3u
2026-08-24 07:06:12,265 [WARNING] Failed to find tvg-id="maestro" in georgia_channels.m3u
2026-08-24 07:06:12,265 [WARNING] Failed to find tvg-id="marao" in georgia_channels.m3u
2026-08-24 07:06:12,266 [WARNING] Failed to find tvg-id="gds" in georgia_channels.m3u
2026-08-24 07:06:12,266 [WARNING] Failed to find tvg-id="comedy" in georgia_channels.m3u
2026-08-24 07:06:12,266 [WARNING] Failed to find tvg-id="bbb" in georgia_channels.m3u
2026-08-24 07:06:12,266 [WARNING] Failed to find tvg-id="enkibenki" in georgia_channels.m3u
2026-08-24 07:06:12,266 [WARNING] Failed to find tvg-id="adjaratv" in georgia_channels.m3u
2026-08-24 07:06:12,267 [WARNING] Failed to find tvg-id="rionitv" in georgia_channels.m3u
2026-08-24 07:06:12,267 [WARNING] Failed to find tvg-id="tv25" in georgia_channels.m3u
2026-08-24 07:06:12,267 [WARNING] Failed to find tvg-id="tv4rustavi" in georgia_channels.m3u
2026-08-24 07:06:12,267 [WARNING] Failed to find tvg-id="trialeti" in georgia_channels.m3u
2026-08-24 07:06:12,267 [WARNING] Failed to find tvg-id="dardimandi" in georgia_channels.m3u
2026-08-24 07:06:12,268 [WARNING] Failed to find tvg-id="agro" in georgia_channels.m3u
2026-08-24 07:06:12,268 [WARNING] Failed to find tvg-id="samefo" in georgia_channels.m3u
2026-08-24 07:06:12,268 [WARNING] Failed to find tvg-id="postv" in georgia_channels.m3u
2026-08-24 07:06:12,268 [WARNING] Failed to find tvg-id="megatv" in georgia_channels.m3u
2026-08-24 07:06:12,268 [WARNING] Failed to find tvg-id="qartuliarxi" in georgia_channels.m3u
2026-08-24 07:06:12,269 [WARNING] Failed to find tvg-id="musicbox" in georgia_channels.m3u
2026-08-24 07:06:12,269 [WARNING] Failed to find tvg-id="marneuli" in georgia_channels.m3u
2026-08-24 07:06:12,269 [WARNING] Failed to find tvg-id="axaliformula" in georgia_channels.m3u
2026-08-24 07:06:12,269 [WARNING] Failed to find tvg-id="o2" in georgia_channels.m3u
2026-08-24 07:06:12,269 [WARNING] Failed to find tvg-id="guria" in georgia_channels.m3u
2026-08-24 07:06:12,270 [WARNING] Failed to find tvg-id="imervizia" in georgia_channels.m3u
2026-08-24 07:06:12,270 [WARNING] Failed to find tvg-id="diatv" in georgia_channels.m3u
2026-08-24 07:06:12,270 [WARNING] Failed to find tvg-id="chveniarxi" in georgia_channels.m3u
2026-08-24 07:06:12,270 [WARNING] Failed to find tvg-id="batumitv" in georgia_channels.m3u
2026-08-24 07:06:12,271 [WARNING] Failed to find tvg-id="rcheuli" in georgia_channels.m3u
2026-08-24 07:06:12,271 [WARNING] Failed to find tvg-id="gurjaani" in georgia_channels.m3u
2026-08-24 07:06:12,271 [WARNING] Failed to find tvg-id="molitv" in georgia_channels.m3u
2026-08-24 07:06:12,271 [WARNING] Failed to find tvg-id="mexute" in georgia_channels.m3u
2026-08-24 07:06:12,272 [WARNING] Failed to find tvg-id="agrogaremo" in georgia_channels.m3u
2026-08-24 07:06:12,272 [WARNING] Failed to find tvg-id="artv" in georgia_channels.m3u
2026-08-24 07:06:12,272 [WARNING] Failed to find tvg-id="meteo24" in georgia_channels.m3u
2026-08-24 07:06:12,272 [WARNING] Failed to find tvg-id="georgiantimes" in georgia_channels.m3u
2026-08-24 07:06:12,273 [WARNING] Failed to find tvg-id="silkuniversal" in georgia_channels.m3u
2026-08-24 07:06:12,273 [WARNING] Failed to find tvg-id="rugbytv" in georgia_channels.m3u
2026-08-24 07:06:12,273 [WARNING] Failed to find tvg-id="gms" in georgia_channels.m3u
2026-08-24 07:06:12,273 [WARNING] Failed to find tvg-id="aiatv" in georgia_channels.m3u
2026-08-24 07:06:12,274 [WARNING] Failed to find tvg-id="batumi2" in georgia_channels.m3u
2026-08-24 07:06:12,274 [WARNING] Failed to find tvg-id="altinfo" in georgia_channels.m3u
2026-08-24 07:06:12,274 [WARNING] Failed to find tvg-id="parliament" in georgia_channels.m3u
2026-08-24 07:06:12,274 [WARNING] Failed to find tvg-id="egrisi" in georgia_channels.m3u
2026-08-24 07:06:12,275 [WARNING] Failed to find tvg-id="mzetv" in georgia_channels.m3u
2026-08-24 07:06:12,275 [INFO] No file changes were made.
2026-08-24 07:06:12,275 [INFO] === UPDATE EXECUTION FINISHED ===
