2026-08-23 13:35:04,745 [INFO] === UPDATE EXECUTION STARTED ===
2026-08-23 13:35:04,745 [INFO] Fetching Setanta Sports 3 from IPTV-ORG...
2026-08-23 13:35:04,796 [INFO] Launching batch scraper for 44 channels on tv.mar.tv...
2026-08-23 13:35:06,519 [INFO] Scraping rustavi2...
2026-08-23 13:35:11,469 [INFO]  -> Success: https://live8.mar.tv/1/4rd/index.m3u8
2026-08-23 13:35:11,506 [INFO] Scraping maestro...
2026-08-23 13:35:14,788 [INFO]  -> Success: https://live4.mar.tv/7a4a6a419a81b6ee8e42d52375bd866eb0ae5854a4ab4672f99d2baad5d3b29f/352m/index.m3u8
2026-08-23 13:35:14,824 [INFO] Scraping marao...
2026-08-23 13:35:18,107 [INFO]  -> Success: https://live2.mar.tv/7a4a6a419a81b6ee8e42d52375bd866eb0ae5854a4ab4672f99d2baad5d3b29f/12sd/index.m3u8
2026-08-23 13:35:18,146 [INFO] Scraping gds...
2026-08-23 13:35:21,436 [INFO]  -> Success: https://live1.mar.tv/7a4a6a419a81b6ee8e42d52375bd866eb0ae5854a4ab4672f99d2baad5d3b29f/13sd/index.m3u8
2026-08-23 13:35:21,471 [INFO] Scraping comedy...
2026-08-23 13:35:24,754 [INFO]  -> Success: https://live4.mar.tv/7a4a6a419a81b6ee8e42d52375bd866eb0ae5854a4ab4672f99d2baad5d3b29f/14rd/index.m3u8
2026-08-23 13:35:24,790 [INFO] Scraping bbb...
2026-08-23 13:35:28,075 [INFO]  -> Success: https://live2.mar.tv/7a4a6a419a81b6ee8e42d52375bd866eb0ae5854a4ab4672f99d2baad5d3b29f/16sd/index.m3u8
2026-08-23 13:35:28,110 [INFO] Scraping enkibenki...
2026-08-23 13:35:31,388 [INFO]  -> Success: https://live2.mar.tv/7a4a6a419a81b6ee8e42d52375bd866eb0ae5854a4ab4672f99d2baad5d3b29f/17e/index.m3u8
2026-08-23 13:35:31,423 [INFO] Scraping adjaratv...
2026-08-23 13:35:34,702 [INFO]  -> Success: https://live2.mar.tv/7a4a6a419a81b6ee8e42d52375bd866eb0ae5854a4ab4672f99d2baad5d3b29f/19rd/index.m3u8
2026-08-23 13:35:34,740 [INFO] Scraping rionitv...
2026-08-23 13:35:38,022 [INFO]  -> Success: https://live6.mar.tv/7a4a6a419a81b6ee8e42d52375bd866eb0ae5854a4ab4672f99d2baad5d3b29f/20rionn/index.m3u8
2026-08-23 13:35:38,062 [INFO] Scraping tv25...
2026-08-23 13:35:41,343 [INFO]  -> Success: https://live6.mar.tv/7a4a6a419a81b6ee8e42d52375bd866eb0ae5854a4ab4672f99d2baad5d3b29f/23tv25/index.m3u8
2026-08-23 13:35:41,380 [INFO] Scraping tv4rustavi...
2026-08-23 13:35:44,662 [INFO]  -> Success: https://live6.mar.tv/7a4a6a419a81b6ee8e42d52375bd866eb0ae5854a4ab4672f99d2baad5d3b29f/24tw4/index.m3u8
2026-08-23 13:35:44,696 [INFO] Scraping trialeti...
2026-08-23 13:35:47,976 [INFO]  -> Success: https://live6.mar.tv/7a4a6a419a81b6ee8e42d52375bd866eb0ae5854a4ab4672f99d2baad5d3b29f/trialleti/index.m3u8
2026-08-23 13:35:48,012 [INFO] Scraping dardimandi...
2026-08-23 13:35:51,294 [INFO]  -> Success: https://live5.mar.tv/7a4a6a419a81b6ee8e42d52375bd866eb0ae5854a4ab4672f99d2baad5d3b29f/27/index.m3u8
2026-08-23 13:35:51,327 [INFO] Scraping agro...
2026-08-23 13:35:54,606 [INFO]  -> Success: https://live5.mar.tv/7a4a6a419a81b6ee8e42d52375bd866eb0ae5854a4ab4672f99d2baad5d3b29f/28/index.m3u8
2026-08-23 13:35:54,647 [INFO] Scraping samefo...
2026-08-23 13:35:57,927 [INFO]  -> Success: https://live5.mar.tv/7a4a6a419a81b6ee8e42d52375bd866eb0ae5854a4ab4672f99d2baad5d3b29f/29/index.m3u8
2026-08-23 13:35:57,963 [INFO] Scraping postv...
2026-08-23 13:36:01,245 [INFO]  -> Success: https://live6.mar.tv/7a4a6a419a81b6ee8e42d52375bd866eb0ae5854a4ab4672f99d2baad5d3b29f/postvw/index.m3u8
2026-08-23 13:36:01,280 [INFO] Scraping megatv...
2026-08-23 13:36:04,560 [INFO]  -> Success: https://live4.mar.tv/7a4a6a419a81b6ee8e42d52375bd866eb0ae5854a4ab4672f99d2baad5d3b29f/32st/index.m3u8
2026-08-23 13:36:04,597 [INFO] Scraping qartuliarxi...
2026-08-23 13:36:07,880 [INFO]  -> Success: https://live6.mar.tv/7a4a6a419a81b6ee8e42d52375bd866eb0ae5854a4ab4672f99d2baad5d3b29f/qartuli/index.m3u8
2026-08-23 13:36:07,917 [INFO] Scraping musicbox...
2026-08-23 13:36:11,210 [INFO]  -> Success: https://live6.mar.tv/7a4a6a419a81b6ee8e42d52375bd866eb0ae5854a4ab4672f99d2baad5d3b29f/34musge/index.m3u8
2026-08-23 13:36:11,246 [INFO] Scraping marneuli...
2026-08-23 13:36:14,524 [INFO]  -> Success: https://live6.mar.tv/7a4a6a419a81b6ee8e42d52375bd866eb0ae5854a4ab4672f99d2baad5d3b29f/37marn/index.m3u8
2026-08-23 13:36:14,561 [INFO] Scraping axaliformula...
2026-08-23 13:36:17,840 [INFO]  -> Success: https://live6.mar.tv/7a4a6a419a81b6ee8e42d52375bd866eb0ae5854a4ab4672f99d2baad5d3b29f/axaliformla/index.m3u8
2026-08-23 13:36:17,877 [INFO] Scraping o2...
2026-08-23 13:36:21,159 [INFO]  -> Success: https://live5.mar.tv/7a4a6a419a81b6ee8e42d52375bd866eb0ae5854a4ab4672f99d2baad5d3b29f/40/index.m3u8
2026-08-23 13:36:21,196 [INFO] Scraping guria...
2026-08-23 13:36:24,478 [INFO]  -> Success: https://live5.mar.tv/7a4a6a419a81b6ee8e42d52375bd866eb0ae5854a4ab4672f99d2baad5d3b29f/42/index.m3u8
2026-08-23 13:36:24,516 [INFO] Scraping imervizia...
2026-08-23 13:36:27,794 [INFO]  -> Success: https://live6.mar.tv/7a4a6a419a81b6ee8e42d52375bd866eb0ae5854a4ab4672f99d2baad5d3b29f/imervizia/index.m3u8
2026-08-23 13:36:27,830 [INFO] Scraping diatv...
2026-08-23 13:36:31,121 [INFO]  -> Success: https://live4.mar.tv/7a4a6a419a81b6ee8e42d52375bd866eb0ae5854a4ab4672f99d2baad5d3b29f/dia/index.m3u8
2026-08-23 13:36:31,155 [INFO] Scraping chveniarxi...
2026-08-23 13:36:34,436 [INFO]  -> Success: https://live3.mar.tv/7a4a6a419a81b6ee8e42d52375bd866eb0ae5854a4ab4672f99d2baad5d3b29f/45rd/index.m3u8
2026-08-23 13:36:34,471 [INFO] Scraping batumitv...
2026-08-23 13:36:37,752 [INFO]  -> Success: https://live5.mar.tv/7a4a6a419a81b6ee8e42d52375bd866eb0ae5854a4ab4672f99d2baad5d3b29f/46/index.m3u8
2026-08-23 13:36:37,790 [INFO] Scraping rcheuli...
2026-08-23 13:36:41,072 [INFO]  -> Success: https://live5.mar.tv/7a4a6a419a81b6ee8e42d52375bd866eb0ae5854a4ab4672f99d2baad5d3b29f/47/index.m3u8
2026-08-23 13:36:41,110 [INFO] Scraping gurjaani...
2026-08-23 13:36:44,391 [INFO]  -> Success: https://live4.mar.tv/7a4a6a419a81b6ee8e42d52375bd866eb0ae5854a4ab4672f99d2baad5d3b29f/48m/index.m3u8
2026-08-23 13:36:44,430 [INFO] Scraping molitv...
2026-08-23 13:36:47,712 [INFO]  -> Success: https://live6.mar.tv/7a4a6a419a81b6ee8e42d52375bd866eb0ae5854a4ab4672f99d2baad5d3b29f/mollltv/index.m3u8
2026-08-23 13:36:47,748 [INFO] Scraping mexute...
2026-08-23 13:36:51,029 [INFO]  -> Success: https://live6.mar.tv/7a4a6a419a81b6ee8e42d52375bd866eb0ae5854a4ab4672f99d2baad5d3b29f/50/index.m3u8
2026-08-23 13:36:51,064 [INFO] Scraping agrogaremo...
2026-08-23 13:36:54,345 [INFO]  -> Success: https://live6.mar.tv/7a4a6a419a81b6ee8e42d52375bd866eb0ae5854a4ab4672f99d2baad5d3b29f/agrogaremo/index.m3u8
2026-08-23 13:36:54,381 [INFO] Scraping artv...
2026-08-23 13:36:57,665 [INFO]  -> Success: https://live6.mar.tv/7a4a6a419a81b6ee8e42d52375bd866eb0ae5854a4ab4672f99d2baad5d3b29f/tafutv/index.m3u8
2026-08-23 13:36:57,701 [INFO] Scraping meteo24...
2026-08-23 13:37:00,982 [INFO]  -> Success: https://live5.mar.tv/7a4a6a419a81b6ee8e42d52375bd866eb0ae5854a4ab4672f99d2baad5d3b29f/56/index.m3u8
2026-08-23 13:37:01,021 [INFO] Scraping georgiantimes...
2026-08-23 13:37:04,303 [INFO]  -> Success: https://live5.mar.tv/7a4a6a419a81b6ee8e42d52375bd866eb0ae5854a4ab4672f99d2baad5d3b29f/57/index.m3u8
2026-08-23 13:37:04,338 [INFO] Scraping silkuniversal...
2026-08-23 13:37:07,625 [INFO]  -> Success: https://live2.mar.tv/7a4a6a419a81b6ee8e42d52375bd866eb0ae5854a4ab4672f99d2baad5d3b29f/1arxiweb/index.m3u8
2026-08-23 13:37:07,665 [INFO] Scraping rugbytv...
2026-08-23 13:37:10,957 [INFO]  -> Success: https://live4.mar.tv/7a4a6a419a81b6ee8e42d52375bd866eb0ae5854a4ab4672f99d2baad5d3b29f/160m/index.m3u8
2026-08-23 13:37:10,993 [INFO] Scraping gms...
2026-08-23 13:37:14,274 [INFO]  -> Success: https://live5.mar.tv/7a4a6a419a81b6ee8e42d52375bd866eb0ae5854a4ab4672f99d2baad5d3b29f/161/index.m3u8
2026-08-23 13:37:14,310 [INFO] Scraping aiatv...
2026-08-23 13:37:17,593 [INFO]  -> Success: https://live6.mar.tv/7a4a6a419a81b6ee8e42d52375bd866eb0ae5854a4ab4672f99d2baad5d3b29f/aia/index.m3u8
2026-08-23 13:37:17,633 [INFO] Scraping batumi2...
2026-08-23 13:37:20,911 [INFO]  -> Success: https://live6.mar.tv/7a4a6a419a81b6ee8e42d52375bd866eb0ae5854a4ab4672f99d2baad5d3b29f/batumitv2/index.m3u8
2026-08-23 13:37:20,946 [INFO] Scraping altinfo...
2026-08-23 13:37:24,226 [INFO]  -> Success: https://live6.mar.tv/7a4a6a419a81b6ee8e42d52375bd866eb0ae5854a4ab4672f99d2baad5d3b29f/altinfo/index.m3u8
2026-08-23 13:37:24,263 [INFO] Scraping parliament...
2026-08-23 13:37:27,544 [INFO]  -> Success: https://live6.mar.tv/7a4a6a419a81b6ee8e42d52375bd866eb0ae5854a4ab4672f99d2baad5d3b29f/parlament/index.m3u8
2026-08-23 13:37:27,580 [INFO] Scraping egrisi...
2026-08-23 13:37:30,862 [INFO]  -> Success: https://live6.mar.tv/7a4a6a419a81b6ee8e42d52375bd866eb0ae5854a4ab4672f99d2baad5d3b29f/egrisi/index.m3u8
2026-08-23 13:37:30,895 [INFO] Scraping mzetv...
2026-08-23 13:37:34,176 [INFO]  -> Success: https://live6.mar.tv/7a4a6a419a81b6ee8e42d52375bd866eb0ae5854a4ab4672f99d2baad5d3b29f/mze/index.m3u8
2026-08-23 13:37:34,227 [WARNING] Failed to find tvg-id="rustavi2" in georgia_channels.m3u
2026-08-23 13:37:34,227 [WARNING] Failed to find tvg-id="maestro" in georgia_channels.m3u
2026-08-23 13:37:34,227 [WARNING] Failed to find tvg-id="marao" in georgia_channels.m3u
2026-08-23 13:37:34,228 [WARNING] Failed to find tvg-id="gds" in georgia_channels.m3u
2026-08-23 13:37:34,228 [WARNING] Failed to find tvg-id="comedy" in georgia_channels.m3u
2026-08-23 13:37:34,228 [WARNING] Failed to find tvg-id="bbb" in georgia_channels.m3u
2026-08-23 13:37:34,228 [WARNING] Failed to find tvg-id="enkibenki" in georgia_channels.m3u
2026-08-23 13:37:34,229 [WARNING] Failed to find tvg-id="adjaratv" in georgia_channels.m3u
2026-08-23 13:37:34,229 [WARNING] Failed to find tvg-id="rionitv" in georgia_channels.m3u
2026-08-23 13:37:34,229 [WARNING] Failed to find tvg-id="tv25" in georgia_channels.m3u
2026-08-23 13:37:34,229 [WARNING] Failed to find tvg-id="tv4rustavi" in georgia_channels.m3u
2026-08-23 13:37:34,230 [WARNING] Failed to find tvg-id="trialeti" in georgia_channels.m3u
2026-08-23 13:37:34,230 [WARNING] Failed to find tvg-id="dardimandi" in georgia_channels.m3u
2026-08-23 13:37:34,230 [WARNING] Failed to find tvg-id="agro" in georgia_channels.m3u
2026-08-23 13:37:34,230 [WARNING] Failed to find tvg-id="samefo" in georgia_channels.m3u
2026-08-23 13:37:34,230 [WARNING] Failed to find tvg-id="postv" in georgia_channels.m3u
2026-08-23 13:37:34,231 [WARNING] Failed to find tvg-id="megatv" in georgia_channels.m3u
2026-08-23 13:37:34,231 [WARNING] Failed to find tvg-id="qartuliarxi" in georgia_channels.m3u
2026-08-23 13:37:34,231 [WARNING] Failed to find tvg-id="musicbox" in georgia_channels.m3u
2026-08-23 13:37:34,231 [WARNING] Failed to find tvg-id="marneuli" in georgia_channels.m3u
2026-08-23 13:37:34,232 [WARNING] Failed to find tvg-id="axaliformula" in georgia_channels.m3u
2026-08-23 13:37:34,232 [WARNING] Failed to find tvg-id="o2" in georgia_channels.m3u
2026-08-23 13:37:34,232 [WARNING] Failed to find tvg-id="guria" in georgia_channels.m3u
2026-08-23 13:37:34,232 [WARNING] Failed to find tvg-id="imervizia" in georgia_channels.m3u
2026-08-23 13:37:34,232 [WARNING] Failed to find tvg-id="diatv" in georgia_channels.m3u
2026-08-23 13:37:34,233 [WARNING] Failed to find tvg-id="chveniarxi" in georgia_channels.m3u
2026-08-23 13:37:34,233 [WARNING] Failed to find tvg-id="batumitv" in georgia_channels.m3u
2026-08-23 13:37:34,233 [WARNING] Failed to find tvg-id="rcheuli" in georgia_channels.m3u
2026-08-23 13:37:34,233 [WARNING] Failed to find tvg-id="gurjaani" in georgia_channels.m3u
2026-08-23 13:37:34,233 [WARNING] Failed to find tvg-id="molitv" in georgia_channels.m3u
2026-08-23 13:37:34,234 [WARNING] Failed to find tvg-id="mexute" in georgia_channels.m3u
2026-08-23 13:37:34,234 [WARNING] Failed to find tvg-id="agrogaremo" in georgia_channels.m3u
2026-08-23 13:37:34,234 [WARNING] Failed to find tvg-id="artv" in georgia_channels.m3u
2026-08-23 13:37:34,234 [WARNING] Failed to find tvg-id="meteo24" in georgia_channels.m3u
2026-08-23 13:37:34,234 [WARNING] Failed to find tvg-id="georgiantimes" in georgia_channels.m3u
2026-08-23 13:37:34,235 [WARNING] Failed to find tvg-id="silkuniversal" in georgia_channels.m3u
2026-08-23 13:37:34,235 [WARNING] Failed to find tvg-id="rugbytv" in georgia_channels.m3u
2026-08-23 13:37:34,235 [WARNING] Failed to find tvg-id="gms" in georgia_channels.m3u
2026-08-23 13:37:34,235 [WARNING] Failed to find tvg-id="aiatv" in georgia_channels.m3u
2026-08-23 13:37:34,235 [WARNING] Failed to find tvg-id="batumi2" in georgia_channels.m3u
2026-08-23 13:37:34,236 [WARNING] Failed to find tvg-id="altinfo" in georgia_channels.m3u
2026-08-23 13:37:34,236 [WARNING] Failed to find tvg-id="parliament" in georgia_channels.m3u
2026-08-23 13:37:34,236 [WARNING] Failed to find tvg-id="egrisi" in georgia_channels.m3u
2026-08-23 13:37:34,236 [WARNING] Failed to find tvg-id="mzetv" in georgia_channels.m3u
2026-08-23 13:37:34,236 [INFO] No file changes were made.
2026-08-23 13:37:34,236 [INFO] === UPDATE EXECUTION FINISHED ===
