2026-08-24 01:26:50,621 [INFO] === UPDATE EXECUTION STARTED ===
2026-08-24 01:26:50,621 [INFO] Fetching Setanta Sports 3 from IPTV-ORG...
2026-08-24 01:26:50,686 [INFO] Launching batch scraper for 44 channels on tv.mar.tv...
2026-08-24 01:26:52,873 [INFO] Scraping rustavi2...
2026-08-24 01:26:57,668 [INFO]  -> Success: https://live8.mar.tv/1/4rd/index.m3u8
2026-08-24 01:26:57,701 [INFO] Scraping maestro...
2026-08-24 01:27:00,973 [INFO]  -> Success: https://live4.mar.tv/fb1a1677346413d284581b6bf10a0752462bf1cc6aba771041de79a3c269773d/352m/index.m3u8
2026-08-24 01:27:01,004 [INFO] Scraping marao...
2026-08-24 01:27:04,281 [INFO]  -> Success: https://live2.mar.tv/fb1a1677346413d284581b6bf10a0752462bf1cc6aba771041de79a3c269773d/12sd/index.m3u8
2026-08-24 01:27:04,317 [INFO] Scraping gds...
2026-08-24 01:27:07,589 [INFO]  -> Success: https://live1.mar.tv/fb1a1677346413d284581b6bf10a0752462bf1cc6aba771041de79a3c269773d/13sd/index.m3u8
2026-08-24 01:27:07,621 [INFO] Scraping comedy...
2026-08-24 01:27:10,892 [INFO]  -> Success: https://live4.mar.tv/fb1a1677346413d284581b6bf10a0752462bf1cc6aba771041de79a3c269773d/14rd/index.m3u8
2026-08-24 01:27:10,926 [INFO] Scraping bbb...
2026-08-24 01:27:14,192 [INFO]  -> Success: https://live2.mar.tv/fb1a1677346413d284581b6bf10a0752462bf1cc6aba771041de79a3c269773d/16sd/index.m3u8
2026-08-24 01:27:14,225 [INFO] Scraping enkibenki...
2026-08-24 01:27:17,491 [INFO]  -> Success: https://live2.mar.tv/fb1a1677346413d284581b6bf10a0752462bf1cc6aba771041de79a3c269773d/17e/index.m3u8
2026-08-24 01:27:17,524 [INFO] Scraping adjaratv...
2026-08-24 01:27:20,792 [INFO]  -> Success: https://live2.mar.tv/fb1a1677346413d284581b6bf10a0752462bf1cc6aba771041de79a3c269773d/19rd/index.m3u8
2026-08-24 01:27:20,824 [INFO] Scraping rionitv...
2026-08-24 01:27:24,095 [INFO]  -> Success: https://live6.mar.tv/fb1a1677346413d284581b6bf10a0752462bf1cc6aba771041de79a3c269773d/20rionn/index.m3u8
2026-08-24 01:27:24,129 [INFO] Scraping tv25...
2026-08-24 01:27:27,396 [INFO]  -> Success: https://live6.mar.tv/fb1a1677346413d284581b6bf10a0752462bf1cc6aba771041de79a3c269773d/23tv25/index.m3u8
2026-08-24 01:27:27,428 [INFO] Scraping tv4rustavi...
2026-08-24 01:27:30,695 [INFO]  -> Success: https://live6.mar.tv/fb1a1677346413d284581b6bf10a0752462bf1cc6aba771041de79a3c269773d/24tw4/index.m3u8
2026-08-24 01:27:30,725 [INFO] Scraping trialeti...
2026-08-24 01:27:33,995 [INFO]  -> Success: https://live6.mar.tv/fb1a1677346413d284581b6bf10a0752462bf1cc6aba771041de79a3c269773d/trialleti/index.m3u8
2026-08-24 01:27:34,030 [INFO] Scraping dardimandi...
2026-08-24 01:27:37,297 [INFO]  -> Success: https://live5.mar.tv/fb1a1677346413d284581b6bf10a0752462bf1cc6aba771041de79a3c269773d/27/index.m3u8
2026-08-24 01:27:37,331 [INFO] Scraping agro...
2026-08-24 01:27:40,608 [INFO]  -> Success: https://live5.mar.tv/fb1a1677346413d284581b6bf10a0752462bf1cc6aba771041de79a3c269773d/28/index.m3u8
2026-08-24 01:27:40,639 [INFO] Scraping samefo...
2026-08-24 01:27:43,913 [INFO]  -> Success: https://live5.mar.tv/fb1a1677346413d284581b6bf10a0752462bf1cc6aba771041de79a3c269773d/29/index.m3u8
2026-08-24 01:27:43,944 [INFO] Scraping postv...
2026-08-24 01:27:47,217 [INFO]  -> Success: https://live6.mar.tv/fb1a1677346413d284581b6bf10a0752462bf1cc6aba771041de79a3c269773d/postvw/index.m3u8
2026-08-24 01:27:47,250 [INFO] Scraping megatv...
2026-08-24 01:27:50,520 [INFO]  -> Success: https://live4.mar.tv/fb1a1677346413d284581b6bf10a0752462bf1cc6aba771041de79a3c269773d/32st/index.m3u8
2026-08-24 01:27:50,553 [INFO] Scraping qartuliarxi...
2026-08-24 01:27:53,821 [INFO]  -> Success: https://live6.mar.tv/fb1a1677346413d284581b6bf10a0752462bf1cc6aba771041de79a3c269773d/qartuli/index.m3u8
2026-08-24 01:27:53,856 [INFO] Scraping musicbox...
2026-08-24 01:27:57,129 [INFO]  -> Success: https://live6.mar.tv/fb1a1677346413d284581b6bf10a0752462bf1cc6aba771041de79a3c269773d/34musge/index.m3u8
2026-08-24 01:27:57,164 [INFO] Scraping marneuli...
2026-08-24 01:28:00,433 [INFO]  -> Success: https://live6.mar.tv/fb1a1677346413d284581b6bf10a0752462bf1cc6aba771041de79a3c269773d/37marn/index.m3u8
2026-08-24 01:28:00,468 [INFO] Scraping axaliformula...
2026-08-24 01:28:03,738 [INFO]  -> Success: https://live6.mar.tv/fb1a1677346413d284581b6bf10a0752462bf1cc6aba771041de79a3c269773d/axaliformla/index.m3u8
2026-08-24 01:28:03,771 [INFO] Scraping o2...
2026-08-24 01:28:07,043 [INFO]  -> Success: https://live5.mar.tv/fb1a1677346413d284581b6bf10a0752462bf1cc6aba771041de79a3c269773d/40/index.m3u8
2026-08-24 01:28:07,076 [INFO] Scraping guria...
2026-08-24 01:28:10,344 [INFO]  -> Success: https://live5.mar.tv/fb1a1677346413d284581b6bf10a0752462bf1cc6aba771041de79a3c269773d/42/index.m3u8
2026-08-24 01:28:10,378 [INFO] Scraping imervizia...
2026-08-24 01:28:13,645 [INFO]  -> Success: https://live6.mar.tv/fb1a1677346413d284581b6bf10a0752462bf1cc6aba771041de79a3c269773d/imervizia/index.m3u8
2026-08-24 01:28:13,676 [INFO] Scraping diatv...
2026-08-24 01:28:16,947 [INFO]  -> Success: https://live4.mar.tv/fb1a1677346413d284581b6bf10a0752462bf1cc6aba771041de79a3c269773d/dia/index.m3u8
2026-08-24 01:28:16,980 [INFO] Scraping chveniarxi...
2026-08-24 01:28:20,249 [INFO]  -> Success: https://live3.mar.tv/fb1a1677346413d284581b6bf10a0752462bf1cc6aba771041de79a3c269773d/45rd/index.m3u8
2026-08-24 01:28:20,281 [INFO] Scraping batumitv...
2026-08-24 01:28:23,552 [INFO]  -> Success: https://live5.mar.tv/fb1a1677346413d284581b6bf10a0752462bf1cc6aba771041de79a3c269773d/46/index.m3u8
2026-08-24 01:28:23,585 [INFO] Scraping rcheuli...
2026-08-24 01:28:26,856 [INFO]  -> Success: https://live5.mar.tv/fb1a1677346413d284581b6bf10a0752462bf1cc6aba771041de79a3c269773d/47/index.m3u8
2026-08-24 01:28:26,890 [INFO] Scraping gurjaani...
2026-08-24 01:28:30,159 [INFO]  -> Success: https://live4.mar.tv/fb1a1677346413d284581b6bf10a0752462bf1cc6aba771041de79a3c269773d/48m/index.m3u8
2026-08-24 01:28:30,190 [INFO] Scraping molitv...
2026-08-24 01:28:33,455 [INFO]  -> Success: https://live6.mar.tv/fb1a1677346413d284581b6bf10a0752462bf1cc6aba771041de79a3c269773d/mollltv/index.m3u8
2026-08-24 01:28:33,489 [INFO] Scraping mexute...
2026-08-24 01:28:36,756 [INFO]  -> Success: https://live6.mar.tv/fb1a1677346413d284581b6bf10a0752462bf1cc6aba771041de79a3c269773d/50/index.m3u8
2026-08-24 01:28:36,788 [INFO] Scraping agrogaremo...
2026-08-24 01:28:40,057 [INFO]  -> Success: https://live6.mar.tv/fb1a1677346413d284581b6bf10a0752462bf1cc6aba771041de79a3c269773d/agrogaremo/index.m3u8
2026-08-24 01:28:40,089 [INFO] Scraping artv...
2026-08-24 01:28:43,357 [INFO]  -> Success: https://live6.mar.tv/fb1a1677346413d284581b6bf10a0752462bf1cc6aba771041de79a3c269773d/tafutv/index.m3u8
2026-08-24 01:28:43,387 [INFO] Scraping meteo24...
2026-08-24 01:28:46,654 [INFO]  -> Success: https://live5.mar.tv/fb1a1677346413d284581b6bf10a0752462bf1cc6aba771041de79a3c269773d/56/index.m3u8
2026-08-24 01:28:46,688 [INFO] Scraping georgiantimes...
2026-08-24 01:28:49,960 [INFO]  -> Success: https://live5.mar.tv/fb1a1677346413d284581b6bf10a0752462bf1cc6aba771041de79a3c269773d/57/index.m3u8
2026-08-24 01:28:49,995 [INFO] Scraping silkuniversal...
2026-08-24 01:28:53,262 [INFO]  -> Success: https://live2.mar.tv/fb1a1677346413d284581b6bf10a0752462bf1cc6aba771041de79a3c269773d/1arxiweb/index.m3u8
2026-08-24 01:28:53,313 [INFO] Scraping rugbytv...
2026-08-24 01:28:56,583 [INFO]  -> Success: https://live4.mar.tv/fb1a1677346413d284581b6bf10a0752462bf1cc6aba771041de79a3c269773d/160m/index.m3u8
2026-08-24 01:28:56,615 [INFO] Scraping gms...
2026-08-24 01:28:59,882 [INFO]  -> Success: https://live5.mar.tv/fb1a1677346413d284581b6bf10a0752462bf1cc6aba771041de79a3c269773d/161/index.m3u8
2026-08-24 01:28:59,915 [INFO] Scraping aiatv...
2026-08-24 01:29:03,187 [INFO]  -> Success: https://live6.mar.tv/fb1a1677346413d284581b6bf10a0752462bf1cc6aba771041de79a3c269773d/aia/index.m3u8
2026-08-24 01:29:03,220 [INFO] Scraping batumi2...
2026-08-24 01:29:06,488 [INFO]  -> Success: https://live6.mar.tv/fb1a1677346413d284581b6bf10a0752462bf1cc6aba771041de79a3c269773d/batumitv2/index.m3u8
2026-08-24 01:29:06,522 [INFO] Scraping altinfo...
2026-08-24 01:29:09,791 [INFO]  -> Success: https://live6.mar.tv/fb1a1677346413d284581b6bf10a0752462bf1cc6aba771041de79a3c269773d/altinfo/index.m3u8
2026-08-24 01:29:09,819 [INFO] Scraping parliament...
2026-08-24 01:29:13,089 [INFO]  -> Success: https://live6.mar.tv/fb1a1677346413d284581b6bf10a0752462bf1cc6aba771041de79a3c269773d/parlament/index.m3u8
2026-08-24 01:29:13,124 [INFO] Scraping egrisi...
2026-08-24 01:29:16,399 [INFO]  -> Success: https://live6.mar.tv/fb1a1677346413d284581b6bf10a0752462bf1cc6aba771041de79a3c269773d/egrisi/index.m3u8
2026-08-24 01:29:16,432 [INFO] Scraping mzetv...
2026-08-24 01:29:19,704 [INFO]  -> Success: https://live6.mar.tv/fb1a1677346413d284581b6bf10a0752462bf1cc6aba771041de79a3c269773d/mze/index.m3u8
2026-08-24 01:29:19,744 [WARNING] Failed to find tvg-id="rustavi2" in georgia_channels.m3u
2026-08-24 01:29:19,744 [WARNING] Failed to find tvg-id="maestro" in georgia_channels.m3u
2026-08-24 01:29:19,745 [WARNING] Failed to find tvg-id="marao" in georgia_channels.m3u
2026-08-24 01:29:19,745 [WARNING] Failed to find tvg-id="gds" in georgia_channels.m3u
2026-08-24 01:29:19,745 [WARNING] Failed to find tvg-id="comedy" in georgia_channels.m3u
2026-08-24 01:29:19,745 [WARNING] Failed to find tvg-id="bbb" in georgia_channels.m3u
2026-08-24 01:29:19,745 [WARNING] Failed to find tvg-id="enkibenki" in georgia_channels.m3u
2026-08-24 01:29:19,746 [WARNING] Failed to find tvg-id="adjaratv" in georgia_channels.m3u
2026-08-24 01:29:19,746 [WARNING] Failed to find tvg-id="rionitv" in georgia_channels.m3u
2026-08-24 01:29:19,746 [WARNING] Failed to find tvg-id="tv25" in georgia_channels.m3u
2026-08-24 01:29:19,746 [WARNING] Failed to find tvg-id="tv4rustavi" in georgia_channels.m3u
2026-08-24 01:29:19,747 [WARNING] Failed to find tvg-id="trialeti" in georgia_channels.m3u
2026-08-24 01:29:19,747 [WARNING] Failed to find tvg-id="dardimandi" in georgia_channels.m3u
2026-08-24 01:29:19,747 [WARNING] Failed to find tvg-id="agro" in georgia_channels.m3u
2026-08-24 01:29:19,747 [WARNING] Failed to find tvg-id="samefo" in georgia_channels.m3u
2026-08-24 01:29:19,747 [WARNING] Failed to find tvg-id="postv" in georgia_channels.m3u
2026-08-24 01:29:19,748 [WARNING] Failed to find tvg-id="megatv" in georgia_channels.m3u
2026-08-24 01:29:19,748 [WARNING] Failed to find tvg-id="qartuliarxi" in georgia_channels.m3u
2026-08-24 01:29:19,748 [WARNING] Failed to find tvg-id="musicbox" in georgia_channels.m3u
2026-08-24 01:29:19,748 [WARNING] Failed to find tvg-id="marneuli" in georgia_channels.m3u
2026-08-24 01:29:19,748 [WARNING] Failed to find tvg-id="axaliformula" in georgia_channels.m3u
2026-08-24 01:29:19,749 [WARNING] Failed to find tvg-id="o2" in georgia_channels.m3u
2026-08-24 01:29:19,749 [WARNING] Failed to find tvg-id="guria" in georgia_channels.m3u
2026-08-24 01:29:19,749 [WARNING] Failed to find tvg-id="imervizia" in georgia_channels.m3u
2026-08-24 01:29:19,749 [WARNING] Failed to find tvg-id="diatv" in georgia_channels.m3u
2026-08-24 01:29:19,750 [WARNING] Failed to find tvg-id="chveniarxi" in georgia_channels.m3u
2026-08-24 01:29:19,750 [WARNING] Failed to find tvg-id="batumitv" in georgia_channels.m3u
2026-08-24 01:29:19,750 [WARNING] Failed to find tvg-id="rcheuli" in georgia_channels.m3u
2026-08-24 01:29:19,750 [WARNING] Failed to find tvg-id="gurjaani" in georgia_channels.m3u
2026-08-24 01:29:19,750 [WARNING] Failed to find tvg-id="molitv" in georgia_channels.m3u
2026-08-24 01:29:19,751 [WARNING] Failed to find tvg-id="mexute" in georgia_channels.m3u
2026-08-24 01:29:19,751 [WARNING] Failed to find tvg-id="agrogaremo" in georgia_channels.m3u
2026-08-24 01:29:19,751 [WARNING] Failed to find tvg-id="artv" in georgia_channels.m3u
2026-08-24 01:29:19,751 [WARNING] Failed to find tvg-id="meteo24" in georgia_channels.m3u
2026-08-24 01:29:19,751 [WARNING] Failed to find tvg-id="georgiantimes" in georgia_channels.m3u
2026-08-24 01:29:19,752 [WARNING] Failed to find tvg-id="silkuniversal" in georgia_channels.m3u
2026-08-24 01:29:19,752 [WARNING] Failed to find tvg-id="rugbytv" in georgia_channels.m3u
2026-08-24 01:29:19,752 [WARNING] Failed to find tvg-id="gms" in georgia_channels.m3u
2026-08-24 01:29:19,752 [WARNING] Failed to find tvg-id="aiatv" in georgia_channels.m3u
2026-08-24 01:29:19,753 [WARNING] Failed to find tvg-id="batumi2" in georgia_channels.m3u
2026-08-24 01:29:19,753 [WARNING] Failed to find tvg-id="altinfo" in georgia_channels.m3u
2026-08-24 01:29:19,753 [WARNING] Failed to find tvg-id="parliament" in georgia_channels.m3u
2026-08-24 01:29:19,753 [WARNING] Failed to find tvg-id="egrisi" in georgia_channels.m3u
2026-08-24 01:29:19,753 [WARNING] Failed to find tvg-id="mzetv" in georgia_channels.m3u
2026-08-24 01:29:19,753 [INFO] No file changes were made.
2026-08-24 01:29:19,754 [INFO] === UPDATE EXECUTION FINISHED ===
