2026-08-25 12:52:34,801 [INFO] === UPDATE EXECUTION STARTED ===
2026-08-25 12:52:34,802 [INFO] Fetching Setanta Sports 3 from IPTV-ORG...
2026-08-25 12:52:34,955 [INFO] Launching batch scraper for 44 channels on tv.mar.tv...
2026-08-25 12:52:35,582 [INFO] Scraping rustavi2...
2026-08-25 12:52:41,297 [INFO]  -> Success: https://live8.mar.tv/1/4rd/index.m3u8
2026-08-25 12:52:41,341 [INFO] Scraping maestro...
2026-08-25 12:52:44,681 [INFO]  -> Success: https://live4.mar.tv/e6d50e10b643a096e06d40d561efd752e9ff13ee3a70640ab3a1766c6284e2db/352m/index.m3u8
2026-08-25 12:52:44,716 [INFO] Scraping marao...
2026-08-25 12:52:48,060 [INFO]  -> Success: https://live2.mar.tv/e6d50e10b643a096e06d40d561efd752e9ff13ee3a70640ab3a1766c6284e2db/12sd/index.m3u8
2026-08-25 12:52:48,096 [INFO] Scraping gds...
2026-08-25 12:52:51,452 [INFO]  -> Success: https://live1.mar.tv/e6d50e10b643a096e06d40d561efd752e9ff13ee3a70640ab3a1766c6284e2db/13sd/index.m3u8
2026-08-25 12:52:51,488 [INFO] Scraping comedy...
2026-08-25 12:52:54,834 [INFO]  -> Success: https://live4.mar.tv/e6d50e10b643a096e06d40d561efd752e9ff13ee3a70640ab3a1766c6284e2db/14rd/index.m3u8
2026-08-25 12:52:54,869 [INFO] Scraping bbb...
2026-08-25 12:52:58,220 [INFO]  -> Success: https://live2.mar.tv/e6d50e10b643a096e06d40d561efd752e9ff13ee3a70640ab3a1766c6284e2db/16sd/index.m3u8
2026-08-25 12:52:58,254 [INFO] Scraping enkibenki...
2026-08-25 12:53:01,594 [INFO]  -> Success: https://live2.mar.tv/e6d50e10b643a096e06d40d561efd752e9ff13ee3a70640ab3a1766c6284e2db/17e/index.m3u8
2026-08-25 12:53:01,628 [INFO] Scraping adjaratv...
2026-08-25 12:53:04,970 [INFO]  -> Success: https://live2.mar.tv/e6d50e10b643a096e06d40d561efd752e9ff13ee3a70640ab3a1766c6284e2db/19rd/index.m3u8
2026-08-25 12:53:05,006 [INFO] Scraping rionitv...
2026-08-25 12:53:08,348 [INFO]  -> Success: https://live6.mar.tv/e6d50e10b643a096e06d40d561efd752e9ff13ee3a70640ab3a1766c6284e2db/20rionn/index.m3u8
2026-08-25 12:53:08,384 [INFO] Scraping tv25...
2026-08-25 12:53:11,773 [INFO]  -> Success: https://live6.mar.tv/e6d50e10b643a096e06d40d561efd752e9ff13ee3a70640ab3a1766c6284e2db/23tv25/index.m3u8
2026-08-25 12:53:11,812 [INFO] Scraping tv4rustavi...
2026-08-25 12:53:15,179 [INFO]  -> Success: https://live6.mar.tv/e6d50e10b643a096e06d40d561efd752e9ff13ee3a70640ab3a1766c6284e2db/24tw4/index.m3u8
2026-08-25 12:53:15,229 [INFO] Scraping trialeti...
2026-08-25 12:53:18,602 [INFO]  -> Success: https://live6.mar.tv/e6d50e10b643a096e06d40d561efd752e9ff13ee3a70640ab3a1766c6284e2db/trialleti/index.m3u8
2026-08-25 12:53:18,636 [INFO] Scraping dardimandi...
2026-08-25 12:53:21,979 [INFO]  -> Success: https://live5.mar.tv/e6d50e10b643a096e06d40d561efd752e9ff13ee3a70640ab3a1766c6284e2db/27/index.m3u8
2026-08-25 12:53:22,014 [INFO] Scraping agro...
2026-08-25 12:53:25,403 [INFO]  -> Success: https://live5.mar.tv/e6d50e10b643a096e06d40d561efd752e9ff13ee3a70640ab3a1766c6284e2db/28/index.m3u8
2026-08-25 12:53:25,436 [INFO] Scraping samefo...
2026-08-25 12:53:28,784 [INFO]  -> Success: https://live5.mar.tv/e6d50e10b643a096e06d40d561efd752e9ff13ee3a70640ab3a1766c6284e2db/29/index.m3u8
2026-08-25 12:53:28,823 [INFO] Scraping postv...
2026-08-25 12:53:32,169 [INFO]  -> Success: https://live6.mar.tv/e6d50e10b643a096e06d40d561efd752e9ff13ee3a70640ab3a1766c6284e2db/postvw/index.m3u8
2026-08-25 12:53:32,204 [INFO] Scraping megatv...
2026-08-25 12:53:35,550 [INFO]  -> Success: https://live4.mar.tv/e6d50e10b643a096e06d40d561efd752e9ff13ee3a70640ab3a1766c6284e2db/32st/index.m3u8
2026-08-25 12:53:35,586 [INFO] Scraping qartuliarxi...
2026-08-25 12:53:38,934 [INFO]  -> Success: https://live6.mar.tv/e6d50e10b643a096e06d40d561efd752e9ff13ee3a70640ab3a1766c6284e2db/qartuli/index.m3u8
2026-08-25 12:53:38,971 [INFO] Scraping musicbox...
2026-08-25 12:53:42,315 [INFO]  -> Success: https://live6.mar.tv/e6d50e10b643a096e06d40d561efd752e9ff13ee3a70640ab3a1766c6284e2db/34musge/index.m3u8
2026-08-25 12:53:42,353 [INFO] Scraping marneuli...
2026-08-25 12:53:45,698 [INFO]  -> Success: https://live6.mar.tv/e6d50e10b643a096e06d40d561efd752e9ff13ee3a70640ab3a1766c6284e2db/37marn/index.m3u8
2026-08-25 12:53:45,732 [INFO] Scraping axaliformula...
2026-08-25 12:53:49,076 [INFO]  -> Success: https://live6.mar.tv/e6d50e10b643a096e06d40d561efd752e9ff13ee3a70640ab3a1766c6284e2db/axaliformla/index.m3u8
2026-08-25 12:53:49,109 [INFO] Scraping o2...
2026-08-25 12:53:52,452 [INFO]  -> Success: https://live5.mar.tv/e6d50e10b643a096e06d40d561efd752e9ff13ee3a70640ab3a1766c6284e2db/40/index.m3u8
2026-08-25 12:53:52,486 [INFO] Scraping guria...
2026-08-25 12:53:55,831 [INFO]  -> Success: https://live5.mar.tv/e6d50e10b643a096e06d40d561efd752e9ff13ee3a70640ab3a1766c6284e2db/42/index.m3u8
2026-08-25 12:53:55,866 [INFO] Scraping imervizia...
2026-08-25 12:53:59,214 [INFO]  -> Success: https://live6.mar.tv/e6d50e10b643a096e06d40d561efd752e9ff13ee3a70640ab3a1766c6284e2db/imervizia/index.m3u8
2026-08-25 12:53:59,249 [INFO] Scraping diatv...
2026-08-25 12:54:02,612 [INFO]  -> Success: https://live4.mar.tv/e6d50e10b643a096e06d40d561efd752e9ff13ee3a70640ab3a1766c6284e2db/dia/index.m3u8
2026-08-25 12:54:02,653 [INFO] Scraping chveniarxi...
2026-08-25 12:54:06,000 [INFO]  -> Success: https://live3.mar.tv/e6d50e10b643a096e06d40d561efd752e9ff13ee3a70640ab3a1766c6284e2db/45rd/index.m3u8
2026-08-25 12:54:06,033 [INFO] Scraping batumitv...
2026-08-25 12:54:09,379 [INFO]  -> Success: https://live5.mar.tv/e6d50e10b643a096e06d40d561efd752e9ff13ee3a70640ab3a1766c6284e2db/46/index.m3u8
2026-08-25 12:54:09,416 [INFO] Scraping rcheuli...
2026-08-25 12:54:12,759 [INFO]  -> Success: https://live5.mar.tv/e6d50e10b643a096e06d40d561efd752e9ff13ee3a70640ab3a1766c6284e2db/47/index.m3u8
2026-08-25 12:54:12,792 [INFO] Scraping gurjaani...
2026-08-25 12:54:16,140 [INFO]  -> Success: https://live4.mar.tv/e6d50e10b643a096e06d40d561efd752e9ff13ee3a70640ab3a1766c6284e2db/48m/index.m3u8
2026-08-25 12:54:16,176 [INFO] Scraping molitv...
2026-08-25 12:54:19,517 [INFO]  -> Success: https://live6.mar.tv/e6d50e10b643a096e06d40d561efd752e9ff13ee3a70640ab3a1766c6284e2db/mollltv/index.m3u8
2026-08-25 12:54:19,554 [INFO] Scraping mexute...
2026-08-25 12:54:22,902 [INFO]  -> Success: https://live6.mar.tv/e6d50e10b643a096e06d40d561efd752e9ff13ee3a70640ab3a1766c6284e2db/50/index.m3u8
2026-08-25 12:54:22,939 [INFO] Scraping agrogaremo...
2026-08-25 12:54:26,283 [INFO]  -> Success: https://live6.mar.tv/e6d50e10b643a096e06d40d561efd752e9ff13ee3a70640ab3a1766c6284e2db/agrogaremo/index.m3u8
2026-08-25 12:54:26,320 [INFO] Scraping artv...
2026-08-25 12:54:29,666 [INFO]  -> Success: https://live6.mar.tv/e6d50e10b643a096e06d40d561efd752e9ff13ee3a70640ab3a1766c6284e2db/tafutv/index.m3u8
2026-08-25 12:54:29,702 [INFO] Scraping meteo24...
2026-08-25 12:54:33,051 [INFO]  -> Success: https://live5.mar.tv/e6d50e10b643a096e06d40d561efd752e9ff13ee3a70640ab3a1766c6284e2db/56/index.m3u8
2026-08-25 12:54:33,087 [INFO] Scraping georgiantimes...
2026-08-25 12:54:36,435 [INFO]  -> Success: https://live5.mar.tv/e6d50e10b643a096e06d40d561efd752e9ff13ee3a70640ab3a1766c6284e2db/57/index.m3u8
2026-08-25 12:54:36,472 [INFO] Scraping silkuniversal...
2026-08-25 12:54:39,812 [INFO]  -> Success: https://live2.mar.tv/e6d50e10b643a096e06d40d561efd752e9ff13ee3a70640ab3a1766c6284e2db/1arxiweb/index.m3u8
2026-08-25 12:54:39,847 [INFO] Scraping rugbytv...
2026-08-25 12:54:43,193 [INFO]  -> Success: https://live4.mar.tv/e6d50e10b643a096e06d40d561efd752e9ff13ee3a70640ab3a1766c6284e2db/160m/index.m3u8
2026-08-25 12:54:43,227 [INFO] Scraping gms...
2026-08-25 12:54:46,572 [INFO]  -> Success: https://live5.mar.tv/e6d50e10b643a096e06d40d561efd752e9ff13ee3a70640ab3a1766c6284e2db/161/index.m3u8
2026-08-25 12:54:46,607 [INFO] Scraping aiatv...
2026-08-25 12:54:49,951 [INFO]  -> Success: https://live6.mar.tv/e6d50e10b643a096e06d40d561efd752e9ff13ee3a70640ab3a1766c6284e2db/aia/index.m3u8
2026-08-25 12:54:49,985 [INFO] Scraping batumi2...
2026-08-25 12:54:53,328 [INFO]  -> Success: https://live6.mar.tv/e6d50e10b643a096e06d40d561efd752e9ff13ee3a70640ab3a1766c6284e2db/batumitv2/index.m3u8
2026-08-25 12:54:53,365 [INFO] Scraping altinfo...
2026-08-25 12:54:56,708 [INFO]  -> Success: https://live6.mar.tv/e6d50e10b643a096e06d40d561efd752e9ff13ee3a70640ab3a1766c6284e2db/altinfo/index.m3u8
2026-08-25 12:54:56,741 [INFO] Scraping parliament...
2026-08-25 12:55:00,090 [INFO]  -> Success: https://live6.mar.tv/e6d50e10b643a096e06d40d561efd752e9ff13ee3a70640ab3a1766c6284e2db/parlament/index.m3u8
2026-08-25 12:55:00,126 [INFO] Scraping egrisi...
2026-08-25 12:55:03,469 [INFO]  -> Success: https://live6.mar.tv/e6d50e10b643a096e06d40d561efd752e9ff13ee3a70640ab3a1766c6284e2db/egrisi/index.m3u8
2026-08-25 12:55:03,506 [INFO] Scraping mzetv...
2026-08-25 12:55:06,846 [INFO]  -> Success: https://live6.mar.tv/e6d50e10b643a096e06d40d561efd752e9ff13ee3a70640ab3a1766c6284e2db/mze/index.m3u8
2026-08-25 12:55:06,894 [WARNING] Failed to find tvg-id="rustavi2" in georgia_channels.m3u
2026-08-25 12:55:06,895 [WARNING] Failed to find tvg-id="maestro" in georgia_channels.m3u
2026-08-25 12:55:06,895 [WARNING] Failed to find tvg-id="marao" in georgia_channels.m3u
2026-08-25 12:55:06,895 [WARNING] Failed to find tvg-id="gds" in georgia_channels.m3u
2026-08-25 12:55:06,896 [WARNING] Failed to find tvg-id="comedy" in georgia_channels.m3u
2026-08-25 12:55:06,896 [WARNING] Failed to find tvg-id="bbb" in georgia_channels.m3u
2026-08-25 12:55:06,896 [WARNING] Failed to find tvg-id="enkibenki" in georgia_channels.m3u
2026-08-25 12:55:06,896 [WARNING] Failed to find tvg-id="adjaratv" in georgia_channels.m3u
2026-08-25 12:55:06,897 [WARNING] Failed to find tvg-id="rionitv" in georgia_channels.m3u
2026-08-25 12:55:06,897 [WARNING] Failed to find tvg-id="tv25" in georgia_channels.m3u
2026-08-25 12:55:06,897 [WARNING] Failed to find tvg-id="tv4rustavi" in georgia_channels.m3u
2026-08-25 12:55:06,897 [WARNING] Failed to find tvg-id="trialeti" in georgia_channels.m3u
2026-08-25 12:55:06,898 [WARNING] Failed to find tvg-id="dardimandi" in georgia_channels.m3u
2026-08-25 12:55:06,898 [WARNING] Failed to find tvg-id="agro" in georgia_channels.m3u
2026-08-25 12:55:06,898 [WARNING] Failed to find tvg-id="samefo" in georgia_channels.m3u
2026-08-25 12:55:06,899 [WARNING] Failed to find tvg-id="postv" in georgia_channels.m3u
2026-08-25 12:55:06,899 [WARNING] Failed to find tvg-id="megatv" in georgia_channels.m3u
2026-08-25 12:55:06,899 [WARNING] Failed to find tvg-id="qartuliarxi" in georgia_channels.m3u
2026-08-25 12:55:06,899 [WARNING] Failed to find tvg-id="musicbox" in georgia_channels.m3u
2026-08-25 12:55:06,900 [WARNING] Failed to find tvg-id="marneuli" in georgia_channels.m3u
2026-08-25 12:55:06,900 [WARNING] Failed to find tvg-id="axaliformula" in georgia_channels.m3u
2026-08-25 12:55:06,900 [WARNING] Failed to find tvg-id="o2" in georgia_channels.m3u
2026-08-25 12:55:06,900 [WARNING] Failed to find tvg-id="guria" in georgia_channels.m3u
2026-08-25 12:55:06,901 [WARNING] Failed to find tvg-id="imervizia" in georgia_channels.m3u
2026-08-25 12:55:06,901 [WARNING] Failed to find tvg-id="diatv" in georgia_channels.m3u
2026-08-25 12:55:06,901 [WARNING] Failed to find tvg-id="chveniarxi" in georgia_channels.m3u
2026-08-25 12:55:06,902 [WARNING] Failed to find tvg-id="batumitv" in georgia_channels.m3u
2026-08-25 12:55:06,902 [WARNING] Failed to find tvg-id="rcheuli" in georgia_channels.m3u
2026-08-25 12:55:06,902 [WARNING] Failed to find tvg-id="gurjaani" in georgia_channels.m3u
2026-08-25 12:55:06,902 [WARNING] Failed to find tvg-id="molitv" in georgia_channels.m3u
2026-08-25 12:55:06,902 [WARNING] Failed to find tvg-id="mexute" in georgia_channels.m3u
2026-08-25 12:55:06,903 [WARNING] Failed to find tvg-id="agrogaremo" in georgia_channels.m3u
2026-08-25 12:55:06,903 [WARNING] Failed to find tvg-id="artv" in georgia_channels.m3u
2026-08-25 12:55:06,903 [WARNING] Failed to find tvg-id="meteo24" in georgia_channels.m3u
2026-08-25 12:55:06,903 [WARNING] Failed to find tvg-id="georgiantimes" in georgia_channels.m3u
2026-08-25 12:55:06,904 [WARNING] Failed to find tvg-id="silkuniversal" in georgia_channels.m3u
2026-08-25 12:55:06,904 [WARNING] Failed to find tvg-id="rugbytv" in georgia_channels.m3u
2026-08-25 12:55:06,904 [WARNING] Failed to find tvg-id="gms" in georgia_channels.m3u
2026-08-25 12:55:06,904 [WARNING] Failed to find tvg-id="aiatv" in georgia_channels.m3u
2026-08-25 12:55:06,905 [WARNING] Failed to find tvg-id="batumi2" in georgia_channels.m3u
2026-08-25 12:55:06,905 [WARNING] Failed to find tvg-id="altinfo" in georgia_channels.m3u
2026-08-25 12:55:06,905 [WARNING] Failed to find tvg-id="parliament" in georgia_channels.m3u
2026-08-25 12:55:06,905 [WARNING] Failed to find tvg-id="egrisi" in georgia_channels.m3u
2026-08-25 12:55:06,906 [WARNING] Failed to find tvg-id="mzetv" in georgia_channels.m3u
2026-08-25 12:55:06,906 [INFO] No file changes were made.
2026-08-25 12:55:06,906 [INFO] === UPDATE EXECUTION FINISHED ===
