2026-08-21 10:33:25,942 [INFO] === UPDATE EXECUTION STARTED ===
2026-08-21 10:33:25,943 [INFO] Fetching Setanta Sports 3 from IPTV-ORG...
2026-08-21 10:33:26,079 [INFO] Launching batch scraper for 44 channels on tv.mar.tv...
2026-08-21 10:33:29,380 [INFO] Scraping rustavi2...
2026-08-21 10:33:35,810 [INFO]  -> Success: https://live8.mar.tv/1/4rd/index.m3u8
2026-08-21 10:33:35,838 [INFO] Scraping maestro...
2026-08-21 10:33:39,147 [INFO]  -> Success: https://live4.mar.tv/bc58dcdcd54175b4d58cc1d9b8a2d961801c150c87caea764a7c249a2a933920/352m/index.m3u8
2026-08-21 10:33:39,173 [INFO] Scraping marao...
2026-08-21 10:33:42,481 [INFO]  -> Success: https://live2.mar.tv/bc58dcdcd54175b4d58cc1d9b8a2d961801c150c87caea764a7c249a2a933920/12sd/index.m3u8
2026-08-21 10:33:42,510 [INFO] Scraping gds...
2026-08-21 10:33:45,813 [INFO]  -> Success: https://live1.mar.tv/bc58dcdcd54175b4d58cc1d9b8a2d961801c150c87caea764a7c249a2a933920/13sd/index.m3u8
2026-08-21 10:33:45,842 [INFO] Scraping comedy...
2026-08-21 10:33:49,145 [INFO]  -> Success: https://live4.mar.tv/bc58dcdcd54175b4d58cc1d9b8a2d961801c150c87caea764a7c249a2a933920/14rd/index.m3u8
2026-08-21 10:33:49,172 [INFO] Scraping bbb...
2026-08-21 10:33:52,479 [INFO]  -> Success: https://live2.mar.tv/bc58dcdcd54175b4d58cc1d9b8a2d961801c150c87caea764a7c249a2a933920/16sd/index.m3u8
2026-08-21 10:33:52,504 [INFO] Scraping enkibenki...
2026-08-21 10:33:55,811 [INFO]  -> Success: https://live2.mar.tv/bc58dcdcd54175b4d58cc1d9b8a2d961801c150c87caea764a7c249a2a933920/17e/index.m3u8
2026-08-21 10:33:55,835 [INFO] Scraping adjaratv...
2026-08-21 10:33:59,153 [INFO]  -> Success: https://live2.mar.tv/bc58dcdcd54175b4d58cc1d9b8a2d961801c150c87caea764a7c249a2a933920/19rd/index.m3u8
2026-08-21 10:33:59,184 [INFO] Scraping rionitv...
2026-08-21 10:34:02,487 [INFO]  -> Success: https://live6.mar.tv/bc58dcdcd54175b4d58cc1d9b8a2d961801c150c87caea764a7c249a2a933920/20rionn/index.m3u8
2026-08-21 10:34:02,515 [INFO] Scraping tv25...
2026-08-21 10:34:05,821 [INFO]  -> Success: https://live6.mar.tv/bc58dcdcd54175b4d58cc1d9b8a2d961801c150c87caea764a7c249a2a933920/23tv25/index.m3u8
2026-08-21 10:34:05,848 [INFO] Scraping tv4rustavi...
2026-08-21 10:34:09,155 [INFO]  -> Success: https://live6.mar.tv/bc58dcdcd54175b4d58cc1d9b8a2d961801c150c87caea764a7c249a2a933920/24tw4/index.m3u8
2026-08-21 10:34:09,180 [INFO] Scraping trialeti...
2026-08-21 10:34:12,486 [INFO]  -> Success: https://live6.mar.tv/bc58dcdcd54175b4d58cc1d9b8a2d961801c150c87caea764a7c249a2a933920/trialleti/index.m3u8
2026-08-21 10:34:12,511 [INFO] Scraping dardimandi...
2026-08-21 10:34:15,815 [INFO]  -> Success: https://live5.mar.tv/bc58dcdcd54175b4d58cc1d9b8a2d961801c150c87caea764a7c249a2a933920/27/index.m3u8
2026-08-21 10:34:15,841 [INFO] Scraping agro...
2026-08-21 10:34:19,148 [INFO]  -> Success: https://live5.mar.tv/bc58dcdcd54175b4d58cc1d9b8a2d961801c150c87caea764a7c249a2a933920/28/index.m3u8
2026-08-21 10:34:19,174 [INFO] Scraping samefo...
2026-08-21 10:34:22,479 [INFO]  -> Success: https://live5.mar.tv/bc58dcdcd54175b4d58cc1d9b8a2d961801c150c87caea764a7c249a2a933920/29/index.m3u8
2026-08-21 10:34:22,509 [INFO] Scraping postv...
2026-08-21 10:34:25,819 [INFO]  -> Success: https://live6.mar.tv/bc58dcdcd54175b4d58cc1d9b8a2d961801c150c87caea764a7c249a2a933920/postvw/index.m3u8
2026-08-21 10:34:25,846 [INFO] Scraping megatv...
2026-08-21 10:34:29,154 [INFO]  -> Success: https://live4.mar.tv/bc58dcdcd54175b4d58cc1d9b8a2d961801c150c87caea764a7c249a2a933920/32st/index.m3u8
2026-08-21 10:34:29,180 [INFO] Scraping qartuliarxi...
2026-08-21 10:34:32,490 [INFO]  -> Success: https://live6.mar.tv/bc58dcdcd54175b4d58cc1d9b8a2d961801c150c87caea764a7c249a2a933920/qartuli/index.m3u8
2026-08-21 10:34:32,515 [INFO] Scraping musicbox...
2026-08-21 10:34:35,825 [INFO]  -> Success: https://live6.mar.tv/bc58dcdcd54175b4d58cc1d9b8a2d961801c150c87caea764a7c249a2a933920/34musge/index.m3u8
2026-08-21 10:34:35,850 [INFO] Scraping marneuli...
2026-08-21 10:34:39,159 [INFO]  -> Success: https://live6.mar.tv/bc58dcdcd54175b4d58cc1d9b8a2d961801c150c87caea764a7c249a2a933920/37marn/index.m3u8
2026-08-21 10:34:39,183 [INFO] Scraping axaliformula...
2026-08-21 10:34:42,486 [INFO]  -> Success: https://live6.mar.tv/bc58dcdcd54175b4d58cc1d9b8a2d961801c150c87caea764a7c249a2a933920/axaliformla/index.m3u8
2026-08-21 10:34:42,510 [INFO] Scraping o2...
2026-08-21 10:34:45,813 [INFO]  -> Success: https://live5.mar.tv/bc58dcdcd54175b4d58cc1d9b8a2d961801c150c87caea764a7c249a2a933920/40/index.m3u8
2026-08-21 10:34:45,840 [INFO] Scraping guria...
2026-08-21 10:34:49,140 [INFO]  -> Success: https://live5.mar.tv/bc58dcdcd54175b4d58cc1d9b8a2d961801c150c87caea764a7c249a2a933920/42/index.m3u8
2026-08-21 10:34:49,163 [INFO] Scraping imervizia...
2026-08-21 10:34:52,462 [INFO]  -> Success: https://live6.mar.tv/bc58dcdcd54175b4d58cc1d9b8a2d961801c150c87caea764a7c249a2a933920/imervizia/index.m3u8
2026-08-21 10:34:52,487 [INFO] Scraping diatv...
2026-08-21 10:34:55,793 [INFO]  -> Success: https://live4.mar.tv/bc58dcdcd54175b4d58cc1d9b8a2d961801c150c87caea764a7c249a2a933920/dia/index.m3u8
2026-08-21 10:34:55,821 [INFO] Scraping chveniarxi...
2026-08-21 10:34:59,125 [INFO]  -> Success: https://live3.mar.tv/bc58dcdcd54175b4d58cc1d9b8a2d961801c150c87caea764a7c249a2a933920/45rd/index.m3u8
2026-08-21 10:34:59,147 [INFO] Scraping batumitv...
2026-08-21 10:35:02,451 [INFO]  -> Success: https://live5.mar.tv/bc58dcdcd54175b4d58cc1d9b8a2d961801c150c87caea764a7c249a2a933920/46/index.m3u8
2026-08-21 10:35:02,478 [INFO] Scraping rcheuli...
2026-08-21 10:35:05,784 [INFO]  -> Success: https://live5.mar.tv/bc58dcdcd54175b4d58cc1d9b8a2d961801c150c87caea764a7c249a2a933920/47/index.m3u8
2026-08-21 10:35:05,810 [INFO] Scraping gurjaani...
2026-08-21 10:35:09,118 [INFO]  -> Success: https://live4.mar.tv/bc58dcdcd54175b4d58cc1d9b8a2d961801c150c87caea764a7c249a2a933920/48m/index.m3u8
2026-08-21 10:35:09,143 [INFO] Scraping molitv...
2026-08-21 10:35:12,448 [INFO]  -> Success: https://live6.mar.tv/bc58dcdcd54175b4d58cc1d9b8a2d961801c150c87caea764a7c249a2a933920/mollltv/index.m3u8
2026-08-21 10:35:12,472 [INFO] Scraping mexute...
2026-08-21 10:35:15,774 [INFO]  -> Success: https://live6.mar.tv/bc58dcdcd54175b4d58cc1d9b8a2d961801c150c87caea764a7c249a2a933920/50/index.m3u8
2026-08-21 10:35:15,798 [INFO] Scraping agrogaremo...
2026-08-21 10:35:19,102 [INFO]  -> Success: https://live6.mar.tv/bc58dcdcd54175b4d58cc1d9b8a2d961801c150c87caea764a7c249a2a933920/agrogaremo/index.m3u8
2026-08-21 10:35:19,129 [INFO] Scraping artv...
2026-08-21 10:35:22,435 [INFO]  -> Success: https://live6.mar.tv/bc58dcdcd54175b4d58cc1d9b8a2d961801c150c87caea764a7c249a2a933920/tafutv/index.m3u8
2026-08-21 10:35:22,459 [INFO] Scraping meteo24...
2026-08-21 10:35:25,763 [INFO]  -> Success: https://live5.mar.tv/bc58dcdcd54175b4d58cc1d9b8a2d961801c150c87caea764a7c249a2a933920/56/index.m3u8
2026-08-21 10:35:25,794 [INFO] Scraping georgiantimes...
2026-08-21 10:35:29,098 [INFO]  -> Success: https://live5.mar.tv/bc58dcdcd54175b4d58cc1d9b8a2d961801c150c87caea764a7c249a2a933920/57/index.m3u8
2026-08-21 10:35:29,125 [INFO] Scraping silkuniversal...
2026-08-21 10:35:32,642 [INFO]  -> Success: https://live2.mar.tv/bc58dcdcd54175b4d58cc1d9b8a2d961801c150c87caea764a7c249a2a933920/1arxiweb/index.m3u8
2026-08-21 10:35:32,666 [INFO] Scraping rugbytv...
2026-08-21 10:35:35,969 [INFO]  -> Success: https://live4.mar.tv/bc58dcdcd54175b4d58cc1d9b8a2d961801c150c87caea764a7c249a2a933920/160m/index.m3u8
2026-08-21 10:35:35,995 [INFO] Scraping gms...
2026-08-21 10:35:39,302 [INFO]  -> Success: https://live5.mar.tv/bc58dcdcd54175b4d58cc1d9b8a2d961801c150c87caea764a7c249a2a933920/161/index.m3u8
2026-08-21 10:35:39,336 [INFO] Scraping aiatv...
2026-08-21 10:35:42,636 [INFO]  -> Success: https://live6.mar.tv/bc58dcdcd54175b4d58cc1d9b8a2d961801c150c87caea764a7c249a2a933920/aia/index.m3u8
2026-08-21 10:35:42,660 [INFO] Scraping batumi2...
2026-08-21 10:35:45,964 [INFO]  -> Success: https://live6.mar.tv/bc58dcdcd54175b4d58cc1d9b8a2d961801c150c87caea764a7c249a2a933920/batumitv2/index.m3u8
2026-08-21 10:35:45,991 [INFO] Scraping altinfo...
2026-08-21 10:35:49,295 [INFO]  -> Success: https://live6.mar.tv/bc58dcdcd54175b4d58cc1d9b8a2d961801c150c87caea764a7c249a2a933920/altinfo/index.m3u8
2026-08-21 10:35:49,321 [INFO] Scraping parliament...
2026-08-21 10:35:52,623 [INFO]  -> Success: https://live6.mar.tv/bc58dcdcd54175b4d58cc1d9b8a2d961801c150c87caea764a7c249a2a933920/parlament/index.m3u8
2026-08-21 10:35:52,650 [INFO] Scraping egrisi...
2026-08-21 10:35:55,958 [INFO]  -> Success: https://live6.mar.tv/bc58dcdcd54175b4d58cc1d9b8a2d961801c150c87caea764a7c249a2a933920/egrisi/index.m3u8
2026-08-21 10:35:55,985 [INFO] Scraping mzetv...
2026-08-21 10:35:59,294 [INFO]  -> Success: https://live6.mar.tv/bc58dcdcd54175b4d58cc1d9b8a2d961801c150c87caea764a7c249a2a933920/mze/index.m3u8
2026-08-21 10:35:59,343 [INFO] Updated M3U block for: rustavi2
2026-08-21 10:35:59,343 [INFO] Updated M3U block for: maestro
2026-08-21 10:35:59,344 [INFO] Updated M3U block for: marao
2026-08-21 10:35:59,344 [INFO] Updated M3U block for: gds
2026-08-21 10:35:59,344 [INFO] Updated M3U block for: comedy
2026-08-21 10:35:59,344 [INFO] Updated M3U block for: bbb
2026-08-21 10:35:59,344 [INFO] Updated M3U block for: enkibenki
2026-08-21 10:35:59,344 [INFO] Updated M3U block for: adjaratv
2026-08-21 10:35:59,344 [INFO] Updated M3U block for: rionitv
2026-08-21 10:35:59,344 [INFO] Updated M3U block for: tv25
2026-08-21 10:35:59,345 [INFO] Updated M3U block for: tv4rustavi
2026-08-21 10:35:59,345 [INFO] Updated M3U block for: trialeti
2026-08-21 10:35:59,345 [INFO] Updated M3U block for: dardimandi
2026-08-21 10:35:59,345 [INFO] Updated M3U block for: agro
2026-08-21 10:35:59,345 [INFO] Updated M3U block for: samefo
2026-08-21 10:35:59,345 [INFO] Updated M3U block for: postv
2026-08-21 10:35:59,345 [INFO] Updated M3U block for: megatv
2026-08-21 10:35:59,345 [INFO] Updated M3U block for: qartuliarxi
2026-08-21 10:35:59,346 [INFO] Updated M3U block for: musicbox
2026-08-21 10:35:59,346 [INFO] Updated M3U block for: marneuli
2026-08-21 10:35:59,346 [INFO] Updated M3U block for: axaliformula
2026-08-21 10:35:59,346 [INFO] Updated M3U block for: o2
2026-08-21 10:35:59,346 [INFO] Updated M3U block for: guria
2026-08-21 10:35:59,346 [INFO] Updated M3U block for: imervizia
2026-08-21 10:35:59,346 [INFO] Updated M3U block for: diatv
2026-08-21 10:35:59,346 [INFO] Updated M3U block for: chveniarxi
2026-08-21 10:35:59,347 [INFO] Updated M3U block for: batumitv
2026-08-21 10:35:59,347 [INFO] Updated M3U block for: rcheuli
2026-08-21 10:35:59,347 [INFO] Updated M3U block for: gurjaani
2026-08-21 10:35:59,347 [INFO] Updated M3U block for: molitv
2026-08-21 10:35:59,347 [INFO] Updated M3U block for: mexute
2026-08-21 10:35:59,347 [INFO] Updated M3U block for: agrogaremo
2026-08-21 10:35:59,347 [INFO] Updated M3U block for: artv
2026-08-21 10:35:59,347 [INFO] Updated M3U block for: meteo24
2026-08-21 10:35:59,348 [INFO] Updated M3U block for: georgiantimes
2026-08-21 10:35:59,348 [INFO] Updated M3U block for: silkuniversal
2026-08-21 10:35:59,348 [INFO] Updated M3U block for: rugbytv
2026-08-21 10:35:59,348 [INFO] Updated M3U block for: gms
2026-08-21 10:35:59,348 [INFO] Updated M3U block for: aiatv
2026-08-21 10:35:59,348 [INFO] Updated M3U block for: batumi2
2026-08-21 10:35:59,348 [INFO] Updated M3U block for: altinfo
2026-08-21 10:35:59,348 [INFO] Updated M3U block for: parliament
2026-08-21 10:35:59,348 [INFO] Updated M3U block for: egrisi
2026-08-21 10:35:59,349 [INFO] Updated M3U block for: mzetv
2026-08-21 10:35:59,349 [INFO] Saved changes to georgia_channels.m3u.
2026-08-21 10:35:59,349 [INFO] === UPDATE EXECUTION FINISHED ===
