2026-08-23 16:29:16,396 [INFO] === UPDATE EXECUTION STARTED ===
2026-08-23 16:29:16,396 [INFO] Fetching Setanta Sports 3 from IPTV-ORG...
2026-08-23 16:29:16,509 [INFO] Launching batch scraper for 44 channels on tv.mar.tv...
2026-08-23 16:29:18,453 [INFO] Scraping rustavi2...
2026-08-23 16:29:23,659 [INFO]  -> Success: https://live8.mar.tv/1/4rd/index.m3u8
2026-08-23 16:29:23,685 [INFO] Scraping maestro...
2026-08-23 16:29:26,962 [INFO]  -> Success: https://live4.mar.tv/ddde1173f7d777bb91e4310f6d2f0dbc0bf396fefb51dafde9158a8be06b0fc9/352m/index.m3u8
2026-08-23 16:29:26,993 [INFO] Scraping marao...
2026-08-23 16:29:30,266 [INFO]  -> Success: https://live2.mar.tv/ddde1173f7d777bb91e4310f6d2f0dbc0bf396fefb51dafde9158a8be06b0fc9/12sd/index.m3u8
2026-08-23 16:29:30,293 [INFO] Scraping gds...
2026-08-23 16:29:33,569 [INFO]  -> Success: https://live1.mar.tv/ddde1173f7d777bb91e4310f6d2f0dbc0bf396fefb51dafde9158a8be06b0fc9/13sd/index.m3u8
2026-08-23 16:29:33,595 [INFO] Scraping comedy...
2026-08-23 16:29:36,873 [INFO]  -> Success: https://live4.mar.tv/ddde1173f7d777bb91e4310f6d2f0dbc0bf396fefb51dafde9158a8be06b0fc9/14rd/index.m3u8
2026-08-23 16:29:36,901 [INFO] Scraping bbb...
2026-08-23 16:29:40,180 [INFO]  -> Success: https://live2.mar.tv/ddde1173f7d777bb91e4310f6d2f0dbc0bf396fefb51dafde9158a8be06b0fc9/16sd/index.m3u8
2026-08-23 16:29:40,205 [INFO] Scraping enkibenki...
2026-08-23 16:29:43,483 [INFO]  -> Success: https://live2.mar.tv/ddde1173f7d777bb91e4310f6d2f0dbc0bf396fefb51dafde9158a8be06b0fc9/17e/index.m3u8
2026-08-23 16:29:43,521 [INFO] Scraping adjaratv...
2026-08-23 16:29:46,797 [INFO]  -> Success: https://live2.mar.tv/ddde1173f7d777bb91e4310f6d2f0dbc0bf396fefb51dafde9158a8be06b0fc9/19rd/index.m3u8
2026-08-23 16:29:46,824 [INFO] Scraping rionitv...
2026-08-23 16:29:50,103 [INFO]  -> Success: https://live6.mar.tv/ddde1173f7d777bb91e4310f6d2f0dbc0bf396fefb51dafde9158a8be06b0fc9/20rionn/index.m3u8
2026-08-23 16:29:50,129 [INFO] Scraping tv25...
2026-08-23 16:29:53,405 [INFO]  -> Success: https://live6.mar.tv/ddde1173f7d777bb91e4310f6d2f0dbc0bf396fefb51dafde9158a8be06b0fc9/23tv25/index.m3u8
2026-08-23 16:29:53,431 [INFO] Scraping tv4rustavi...
2026-08-23 16:29:56,709 [INFO]  -> Success: https://live6.mar.tv/ddde1173f7d777bb91e4310f6d2f0dbc0bf396fefb51dafde9158a8be06b0fc9/24tw4/index.m3u8
2026-08-23 16:29:56,735 [INFO] Scraping trialeti...
2026-08-23 16:30:00,010 [INFO]  -> Success: https://live6.mar.tv/ddde1173f7d777bb91e4310f6d2f0dbc0bf396fefb51dafde9158a8be06b0fc9/trialleti/index.m3u8
2026-08-23 16:30:00,036 [INFO] Scraping dardimandi...
2026-08-23 16:30:03,323 [INFO]  -> Success: https://live5.mar.tv/ddde1173f7d777bb91e4310f6d2f0dbc0bf396fefb51dafde9158a8be06b0fc9/27/index.m3u8
2026-08-23 16:30:03,350 [INFO] Scraping agro...
2026-08-23 16:30:06,627 [INFO]  -> Success: https://live5.mar.tv/ddde1173f7d777bb91e4310f6d2f0dbc0bf396fefb51dafde9158a8be06b0fc9/28/index.m3u8
2026-08-23 16:30:06,653 [INFO] Scraping samefo...
2026-08-23 16:30:09,929 [INFO]  -> Success: https://live5.mar.tv/ddde1173f7d777bb91e4310f6d2f0dbc0bf396fefb51dafde9158a8be06b0fc9/29/index.m3u8
2026-08-23 16:30:09,955 [INFO] Scraping postv...
2026-08-23 16:30:13,231 [INFO]  -> Success: https://live6.mar.tv/ddde1173f7d777bb91e4310f6d2f0dbc0bf396fefb51dafde9158a8be06b0fc9/postvw/index.m3u8
2026-08-23 16:30:13,257 [INFO] Scraping megatv...
2026-08-23 16:30:16,532 [INFO]  -> Success: https://live4.mar.tv/ddde1173f7d777bb91e4310f6d2f0dbc0bf396fefb51dafde9158a8be06b0fc9/32st/index.m3u8
2026-08-23 16:30:16,557 [INFO] Scraping qartuliarxi...
2026-08-23 16:30:19,833 [INFO]  -> Success: https://live6.mar.tv/ddde1173f7d777bb91e4310f6d2f0dbc0bf396fefb51dafde9158a8be06b0fc9/qartuli/index.m3u8
2026-08-23 16:30:19,861 [INFO] Scraping musicbox...
2026-08-23 16:30:23,138 [INFO]  -> Success: https://live6.mar.tv/ddde1173f7d777bb91e4310f6d2f0dbc0bf396fefb51dafde9158a8be06b0fc9/34musge/index.m3u8
2026-08-23 16:30:23,166 [INFO] Scraping marneuli...
2026-08-23 16:30:26,440 [INFO]  -> Success: https://live6.mar.tv/ddde1173f7d777bb91e4310f6d2f0dbc0bf396fefb51dafde9158a8be06b0fc9/37marn/index.m3u8
2026-08-23 16:30:26,466 [INFO] Scraping axaliformula...
2026-08-23 16:30:29,738 [INFO]  -> Success: https://live6.mar.tv/ddde1173f7d777bb91e4310f6d2f0dbc0bf396fefb51dafde9158a8be06b0fc9/axaliformla/index.m3u8
2026-08-23 16:30:29,765 [INFO] Scraping o2...
2026-08-23 16:30:33,045 [INFO]  -> Success: https://live5.mar.tv/ddde1173f7d777bb91e4310f6d2f0dbc0bf396fefb51dafde9158a8be06b0fc9/40/index.m3u8
2026-08-23 16:30:33,075 [INFO] Scraping guria...
2026-08-23 16:30:36,350 [INFO]  -> Success: https://live5.mar.tv/ddde1173f7d777bb91e4310f6d2f0dbc0bf396fefb51dafde9158a8be06b0fc9/42/index.m3u8
2026-08-23 16:30:36,380 [INFO] Scraping imervizia...
2026-08-23 16:30:39,655 [INFO]  -> Success: https://live6.mar.tv/ddde1173f7d777bb91e4310f6d2f0dbc0bf396fefb51dafde9158a8be06b0fc9/imervizia/index.m3u8
2026-08-23 16:30:39,684 [INFO] Scraping diatv...
2026-08-23 16:30:42,961 [INFO]  -> Success: https://live4.mar.tv/ddde1173f7d777bb91e4310f6d2f0dbc0bf396fefb51dafde9158a8be06b0fc9/dia/index.m3u8
2026-08-23 16:30:42,988 [INFO] Scraping chveniarxi...
2026-08-23 16:30:46,265 [INFO]  -> Success: https://live3.mar.tv/ddde1173f7d777bb91e4310f6d2f0dbc0bf396fefb51dafde9158a8be06b0fc9/45rd/index.m3u8
2026-08-23 16:30:46,293 [INFO] Scraping batumitv...
2026-08-23 16:30:49,571 [INFO]  -> Success: https://live5.mar.tv/ddde1173f7d777bb91e4310f6d2f0dbc0bf396fefb51dafde9158a8be06b0fc9/46/index.m3u8
2026-08-23 16:30:49,599 [INFO] Scraping rcheuli...
2026-08-23 16:30:52,876 [INFO]  -> Success: https://live5.mar.tv/ddde1173f7d777bb91e4310f6d2f0dbc0bf396fefb51dafde9158a8be06b0fc9/47/index.m3u8
2026-08-23 16:30:52,902 [INFO] Scraping gurjaani...
2026-08-23 16:30:56,181 [INFO]  -> Success: https://live4.mar.tv/ddde1173f7d777bb91e4310f6d2f0dbc0bf396fefb51dafde9158a8be06b0fc9/48m/index.m3u8
2026-08-23 16:30:56,207 [INFO] Scraping molitv...
2026-08-23 16:30:59,484 [INFO]  -> Success: https://live6.mar.tv/ddde1173f7d777bb91e4310f6d2f0dbc0bf396fefb51dafde9158a8be06b0fc9/mollltv/index.m3u8
2026-08-23 16:30:59,511 [INFO] Scraping mexute...
2026-08-23 16:31:02,785 [INFO]  -> Success: https://live6.mar.tv/ddde1173f7d777bb91e4310f6d2f0dbc0bf396fefb51dafde9158a8be06b0fc9/50/index.m3u8
2026-08-23 16:31:02,813 [INFO] Scraping agrogaremo...
2026-08-23 16:31:06,088 [INFO]  -> Success: https://live6.mar.tv/ddde1173f7d777bb91e4310f6d2f0dbc0bf396fefb51dafde9158a8be06b0fc9/agrogaremo/index.m3u8
2026-08-23 16:31:06,117 [INFO] Scraping artv...
2026-08-23 16:31:09,390 [INFO]  -> Success: https://live6.mar.tv/ddde1173f7d777bb91e4310f6d2f0dbc0bf396fefb51dafde9158a8be06b0fc9/tafutv/index.m3u8
2026-08-23 16:31:09,417 [INFO] Scraping meteo24...
2026-08-23 16:31:12,691 [INFO]  -> Success: https://live5.mar.tv/ddde1173f7d777bb91e4310f6d2f0dbc0bf396fefb51dafde9158a8be06b0fc9/56/index.m3u8
2026-08-23 16:31:12,719 [INFO] Scraping georgiantimes...
2026-08-23 16:31:16,003 [INFO]  -> Success: https://live5.mar.tv/ddde1173f7d777bb91e4310f6d2f0dbc0bf396fefb51dafde9158a8be06b0fc9/57/index.m3u8
2026-08-23 16:31:16,030 [INFO] Scraping silkuniversal...
2026-08-23 16:31:19,303 [INFO]  -> Success: https://live2.mar.tv/ddde1173f7d777bb91e4310f6d2f0dbc0bf396fefb51dafde9158a8be06b0fc9/1arxiweb/index.m3u8
2026-08-23 16:31:19,330 [INFO] Scraping rugbytv...
2026-08-23 16:31:22,605 [INFO]  -> Success: https://live4.mar.tv/ddde1173f7d777bb91e4310f6d2f0dbc0bf396fefb51dafde9158a8be06b0fc9/160m/index.m3u8
2026-08-23 16:31:22,630 [INFO] Scraping gms...
2026-08-23 16:31:25,906 [INFO]  -> Success: https://live5.mar.tv/ddde1173f7d777bb91e4310f6d2f0dbc0bf396fefb51dafde9158a8be06b0fc9/161/index.m3u8
2026-08-23 16:31:25,935 [INFO] Scraping aiatv...
2026-08-23 16:31:29,211 [INFO]  -> Success: https://live6.mar.tv/ddde1173f7d777bb91e4310f6d2f0dbc0bf396fefb51dafde9158a8be06b0fc9/aia/index.m3u8
2026-08-23 16:31:29,237 [INFO] Scraping batumi2...
2026-08-23 16:31:32,510 [INFO]  -> Success: https://live6.mar.tv/ddde1173f7d777bb91e4310f6d2f0dbc0bf396fefb51dafde9158a8be06b0fc9/batumitv2/index.m3u8
2026-08-23 16:31:32,536 [INFO] Scraping altinfo...
2026-08-23 16:31:35,812 [INFO]  -> Success: https://live6.mar.tv/ddde1173f7d777bb91e4310f6d2f0dbc0bf396fefb51dafde9158a8be06b0fc9/altinfo/index.m3u8
2026-08-23 16:31:35,839 [INFO] Scraping parliament...
2026-08-23 16:31:39,116 [INFO]  -> Success: https://live6.mar.tv/ddde1173f7d777bb91e4310f6d2f0dbc0bf396fefb51dafde9158a8be06b0fc9/parlament/index.m3u8
2026-08-23 16:31:39,143 [INFO] Scraping egrisi...
2026-08-23 16:31:42,416 [INFO]  -> Success: https://live6.mar.tv/ddde1173f7d777bb91e4310f6d2f0dbc0bf396fefb51dafde9158a8be06b0fc9/egrisi/index.m3u8
2026-08-23 16:31:42,443 [INFO] Scraping mzetv...
2026-08-23 16:31:45,720 [INFO]  -> Success: https://live6.mar.tv/ddde1173f7d777bb91e4310f6d2f0dbc0bf396fefb51dafde9158a8be06b0fc9/mze/index.m3u8
2026-08-23 16:31:45,760 [WARNING] Failed to find tvg-id="rustavi2" in georgia_channels.m3u
2026-08-23 16:31:45,760 [WARNING] Failed to find tvg-id="maestro" in georgia_channels.m3u
2026-08-23 16:31:45,760 [WARNING] Failed to find tvg-id="marao" in georgia_channels.m3u
2026-08-23 16:31:45,760 [WARNING] Failed to find tvg-id="gds" in georgia_channels.m3u
2026-08-23 16:31:45,761 [WARNING] Failed to find tvg-id="comedy" in georgia_channels.m3u
2026-08-23 16:31:45,761 [WARNING] Failed to find tvg-id="bbb" in georgia_channels.m3u
2026-08-23 16:31:45,761 [WARNING] Failed to find tvg-id="enkibenki" in georgia_channels.m3u
2026-08-23 16:31:45,761 [WARNING] Failed to find tvg-id="adjaratv" in georgia_channels.m3u
2026-08-23 16:31:45,761 [WARNING] Failed to find tvg-id="rionitv" in georgia_channels.m3u
2026-08-23 16:31:45,761 [WARNING] Failed to find tvg-id="tv25" in georgia_channels.m3u
2026-08-23 16:31:45,761 [WARNING] Failed to find tvg-id="tv4rustavi" in georgia_channels.m3u
2026-08-23 16:31:45,762 [WARNING] Failed to find tvg-id="trialeti" in georgia_channels.m3u
2026-08-23 16:31:45,762 [WARNING] Failed to find tvg-id="dardimandi" in georgia_channels.m3u
2026-08-23 16:31:45,762 [WARNING] Failed to find tvg-id="agro" in georgia_channels.m3u
2026-08-23 16:31:45,762 [WARNING] Failed to find tvg-id="samefo" in georgia_channels.m3u
2026-08-23 16:31:45,762 [WARNING] Failed to find tvg-id="postv" in georgia_channels.m3u
2026-08-23 16:31:45,762 [WARNING] Failed to find tvg-id="megatv" in georgia_channels.m3u
2026-08-23 16:31:45,762 [WARNING] Failed to find tvg-id="qartuliarxi" in georgia_channels.m3u
2026-08-23 16:31:45,762 [WARNING] Failed to find tvg-id="musicbox" in georgia_channels.m3u
2026-08-23 16:31:45,763 [WARNING] Failed to find tvg-id="marneuli" in georgia_channels.m3u
2026-08-23 16:31:45,763 [WARNING] Failed to find tvg-id="axaliformula" in georgia_channels.m3u
2026-08-23 16:31:45,763 [WARNING] Failed to find tvg-id="o2" in georgia_channels.m3u
2026-08-23 16:31:45,763 [WARNING] Failed to find tvg-id="guria" in georgia_channels.m3u
2026-08-23 16:31:45,763 [WARNING] Failed to find tvg-id="imervizia" in georgia_channels.m3u
2026-08-23 16:31:45,763 [WARNING] Failed to find tvg-id="diatv" in georgia_channels.m3u
2026-08-23 16:31:45,763 [WARNING] Failed to find tvg-id="chveniarxi" in georgia_channels.m3u
2026-08-23 16:31:45,764 [WARNING] Failed to find tvg-id="batumitv" in georgia_channels.m3u
2026-08-23 16:31:45,764 [WARNING] Failed to find tvg-id="rcheuli" in georgia_channels.m3u
2026-08-23 16:31:45,764 [WARNING] Failed to find tvg-id="gurjaani" in georgia_channels.m3u
2026-08-23 16:31:45,764 [WARNING] Failed to find tvg-id="molitv" in georgia_channels.m3u
2026-08-23 16:31:45,764 [WARNING] Failed to find tvg-id="mexute" in georgia_channels.m3u
2026-08-23 16:31:45,764 [WARNING] Failed to find tvg-id="agrogaremo" in georgia_channels.m3u
2026-08-23 16:31:45,764 [WARNING] Failed to find tvg-id="artv" in georgia_channels.m3u
2026-08-23 16:31:45,764 [WARNING] Failed to find tvg-id="meteo24" in georgia_channels.m3u
2026-08-23 16:31:45,765 [WARNING] Failed to find tvg-id="georgiantimes" in georgia_channels.m3u
2026-08-23 16:31:45,765 [WARNING] Failed to find tvg-id="silkuniversal" in georgia_channels.m3u
2026-08-23 16:31:45,765 [WARNING] Failed to find tvg-id="rugbytv" in georgia_channels.m3u
2026-08-23 16:31:45,765 [WARNING] Failed to find tvg-id="gms" in georgia_channels.m3u
2026-08-23 16:31:45,765 [WARNING] Failed to find tvg-id="aiatv" in georgia_channels.m3u
2026-08-23 16:31:45,765 [WARNING] Failed to find tvg-id="batumi2" in georgia_channels.m3u
2026-08-23 16:31:45,765 [WARNING] Failed to find tvg-id="altinfo" in georgia_channels.m3u
2026-08-23 16:31:45,765 [WARNING] Failed to find tvg-id="parliament" in georgia_channels.m3u
2026-08-23 16:31:45,766 [WARNING] Failed to find tvg-id="egrisi" in georgia_channels.m3u
2026-08-23 16:31:45,766 [WARNING] Failed to find tvg-id="mzetv" in georgia_channels.m3u
2026-08-23 16:31:45,766 [INFO] No file changes were made.
2026-08-23 16:31:45,766 [INFO] === UPDATE EXECUTION FINISHED ===
