2026-08-25 05:34:50,940 [INFO] === UPDATE EXECUTION STARTED ===
2026-08-25 05:34:50,940 [INFO] Fetching Setanta Sports 3 from IPTV-ORG...
2026-08-25 05:34:51,088 [INFO] Launching batch scraper for 44 channels on tv.mar.tv...
2026-08-25 05:34:53,002 [INFO] Scraping rustavi2...
2026-08-25 05:34:58,449 [INFO]  -> Success: https://live8.mar.tv/1/4rd/index.m3u8
2026-08-25 05:34:58,492 [INFO] Scraping maestro...
2026-08-25 05:35:01,831 [INFO]  -> Success: https://live4.mar.tv/946c3769c8da4602474517960dea715f2c4c8efbdf87953a64f8096571113589/352m/index.m3u8
2026-08-25 05:35:01,868 [INFO] Scraping marao...
2026-08-25 05:35:05,215 [INFO]  -> Success: https://live2.mar.tv/946c3769c8da4602474517960dea715f2c4c8efbdf87953a64f8096571113589/12sd/index.m3u8
2026-08-25 05:35:05,249 [INFO] Scraping gds...
2026-08-25 05:35:08,585 [INFO]  -> Success: https://live1.mar.tv/946c3769c8da4602474517960dea715f2c4c8efbdf87953a64f8096571113589/13sd/index.m3u8
2026-08-25 05:35:08,619 [INFO] Scraping comedy...
2026-08-25 05:35:11,962 [INFO]  -> Success: https://live4.mar.tv/946c3769c8da4602474517960dea715f2c4c8efbdf87953a64f8096571113589/14rd/index.m3u8
2026-08-25 05:35:11,997 [INFO] Scraping bbb...
2026-08-25 05:35:15,334 [INFO]  -> Success: https://live2.mar.tv/946c3769c8da4602474517960dea715f2c4c8efbdf87953a64f8096571113589/16sd/index.m3u8
2026-08-25 05:35:15,368 [INFO] Scraping enkibenki...
2026-08-25 05:35:18,710 [INFO]  -> Success: https://live2.mar.tv/946c3769c8da4602474517960dea715f2c4c8efbdf87953a64f8096571113589/17e/index.m3u8
2026-08-25 05:35:18,745 [INFO] Scraping adjaratv...
2026-08-25 05:35:22,091 [INFO]  -> Success: https://live2.mar.tv/946c3769c8da4602474517960dea715f2c4c8efbdf87953a64f8096571113589/19rd/index.m3u8
2026-08-25 05:35:22,127 [INFO] Scraping rionitv...
2026-08-25 05:35:25,470 [INFO]  -> Success: https://live6.mar.tv/946c3769c8da4602474517960dea715f2c4c8efbdf87953a64f8096571113589/20rionn/index.m3u8
2026-08-25 05:35:25,503 [INFO] Scraping tv25...
2026-08-25 05:35:28,843 [INFO]  -> Success: https://live6.mar.tv/946c3769c8da4602474517960dea715f2c4c8efbdf87953a64f8096571113589/23tv25/index.m3u8
2026-08-25 05:35:28,877 [INFO] Scraping tv4rustavi...
2026-08-25 05:35:32,219 [INFO]  -> Success: https://live6.mar.tv/946c3769c8da4602474517960dea715f2c4c8efbdf87953a64f8096571113589/24tw4/index.m3u8
2026-08-25 05:35:32,256 [INFO] Scraping trialeti...
2026-08-25 05:35:35,593 [INFO]  -> Success: https://live6.mar.tv/946c3769c8da4602474517960dea715f2c4c8efbdf87953a64f8096571113589/trialleti/index.m3u8
2026-08-25 05:35:35,629 [INFO] Scraping dardimandi...
2026-08-25 05:35:38,973 [INFO]  -> Success: https://live5.mar.tv/946c3769c8da4602474517960dea715f2c4c8efbdf87953a64f8096571113589/27/index.m3u8
2026-08-25 05:35:39,006 [INFO] Scraping agro...
2026-08-25 05:35:42,350 [INFO]  -> Success: https://live5.mar.tv/946c3769c8da4602474517960dea715f2c4c8efbdf87953a64f8096571113589/28/index.m3u8
2026-08-25 05:35:42,382 [INFO] Scraping samefo...
2026-08-25 05:35:45,722 [INFO]  -> Success: https://live5.mar.tv/946c3769c8da4602474517960dea715f2c4c8efbdf87953a64f8096571113589/29/index.m3u8
2026-08-25 05:35:45,756 [INFO] Scraping postv...
2026-08-25 05:35:49,098 [INFO]  -> Success: https://live6.mar.tv/946c3769c8da4602474517960dea715f2c4c8efbdf87953a64f8096571113589/postvw/index.m3u8
2026-08-25 05:35:49,135 [INFO] Scraping megatv...
2026-08-25 05:35:52,480 [INFO]  -> Success: https://live4.mar.tv/946c3769c8da4602474517960dea715f2c4c8efbdf87953a64f8096571113589/32st/index.m3u8
2026-08-25 05:35:52,515 [INFO] Scraping qartuliarxi...
2026-08-25 05:35:55,858 [INFO]  -> Success: https://live6.mar.tv/946c3769c8da4602474517960dea715f2c4c8efbdf87953a64f8096571113589/qartuli/index.m3u8
2026-08-25 05:35:55,894 [INFO] Scraping musicbox...
2026-08-25 05:35:59,234 [INFO]  -> Success: https://live6.mar.tv/946c3769c8da4602474517960dea715f2c4c8efbdf87953a64f8096571113589/34musge/index.m3u8
2026-08-25 05:35:59,271 [INFO] Scraping marneuli...
2026-08-25 05:36:02,610 [INFO]  -> Success: https://live6.mar.tv/946c3769c8da4602474517960dea715f2c4c8efbdf87953a64f8096571113589/37marn/index.m3u8
2026-08-25 05:36:02,644 [INFO] Scraping axaliformula...
2026-08-25 05:36:05,982 [INFO]  -> Success: https://live6.mar.tv/946c3769c8da4602474517960dea715f2c4c8efbdf87953a64f8096571113589/axaliformla/index.m3u8
2026-08-25 05:36:06,015 [INFO] Scraping o2...
2026-08-25 05:36:09,356 [INFO]  -> Success: https://live5.mar.tv/946c3769c8da4602474517960dea715f2c4c8efbdf87953a64f8096571113589/40/index.m3u8
2026-08-25 05:36:09,390 [INFO] Scraping guria...
2026-08-25 05:36:12,729 [INFO]  -> Success: https://live5.mar.tv/946c3769c8da4602474517960dea715f2c4c8efbdf87953a64f8096571113589/42/index.m3u8
2026-08-25 05:36:12,763 [INFO] Scraping imervizia...
2026-08-25 05:36:16,108 [INFO]  -> Success: https://live6.mar.tv/946c3769c8da4602474517960dea715f2c4c8efbdf87953a64f8096571113589/imervizia/index.m3u8
2026-08-25 05:36:16,146 [INFO] Scraping diatv...
2026-08-25 05:36:19,487 [INFO]  -> Success: https://live4.mar.tv/946c3769c8da4602474517960dea715f2c4c8efbdf87953a64f8096571113589/dia/index.m3u8
2026-08-25 05:36:19,525 [INFO] Scraping chveniarxi...
2026-08-25 05:36:22,869 [INFO]  -> Success: https://live3.mar.tv/946c3769c8da4602474517960dea715f2c4c8efbdf87953a64f8096571113589/45rd/index.m3u8
2026-08-25 05:36:22,902 [INFO] Scraping batumitv...
2026-08-25 05:36:26,249 [INFO]  -> Success: https://live5.mar.tv/946c3769c8da4602474517960dea715f2c4c8efbdf87953a64f8096571113589/46/index.m3u8
2026-08-25 05:36:26,285 [INFO] Scraping rcheuli...
2026-08-25 05:36:29,626 [INFO]  -> Success: https://live5.mar.tv/946c3769c8da4602474517960dea715f2c4c8efbdf87953a64f8096571113589/47/index.m3u8
2026-08-25 05:36:29,660 [INFO] Scraping gurjaani...
2026-08-25 05:36:33,001 [INFO]  -> Success: https://live4.mar.tv/946c3769c8da4602474517960dea715f2c4c8efbdf87953a64f8096571113589/48m/index.m3u8
2026-08-25 05:36:33,036 [INFO] Scraping molitv...
2026-08-25 05:36:36,378 [INFO]  -> Success: https://live6.mar.tv/946c3769c8da4602474517960dea715f2c4c8efbdf87953a64f8096571113589/mollltv/index.m3u8
2026-08-25 05:36:36,411 [INFO] Scraping mexute...
2026-08-25 05:36:39,753 [INFO]  -> Success: https://live6.mar.tv/946c3769c8da4602474517960dea715f2c4c8efbdf87953a64f8096571113589/50/index.m3u8
2026-08-25 05:36:39,788 [INFO] Scraping agrogaremo...
2026-08-25 05:36:43,134 [INFO]  -> Success: https://live6.mar.tv/946c3769c8da4602474517960dea715f2c4c8efbdf87953a64f8096571113589/agrogaremo/index.m3u8
2026-08-25 05:36:43,173 [INFO] Scraping artv...
2026-08-25 05:36:46,512 [INFO]  -> Success: https://live6.mar.tv/946c3769c8da4602474517960dea715f2c4c8efbdf87953a64f8096571113589/tafutv/index.m3u8
2026-08-25 05:36:46,548 [INFO] Scraping meteo24...
2026-08-25 05:36:49,889 [INFO]  -> Success: https://live5.mar.tv/946c3769c8da4602474517960dea715f2c4c8efbdf87953a64f8096571113589/56/index.m3u8
2026-08-25 05:36:49,933 [INFO] Scraping georgiantimes...
2026-08-25 05:36:53,271 [INFO]  -> Success: https://live5.mar.tv/946c3769c8da4602474517960dea715f2c4c8efbdf87953a64f8096571113589/57/index.m3u8
2026-08-25 05:36:53,304 [INFO] Scraping silkuniversal...
2026-08-25 05:36:56,648 [INFO]  -> Success: https://live2.mar.tv/946c3769c8da4602474517960dea715f2c4c8efbdf87953a64f8096571113589/1arxiweb/index.m3u8
2026-08-25 05:36:56,685 [INFO] Scraping rugbytv...
2026-08-25 05:37:00,024 [INFO]  -> Success: https://live4.mar.tv/946c3769c8da4602474517960dea715f2c4c8efbdf87953a64f8096571113589/160m/index.m3u8
2026-08-25 05:37:00,055 [INFO] Scraping gms...
2026-08-25 05:37:03,393 [INFO]  -> Success: https://live5.mar.tv/946c3769c8da4602474517960dea715f2c4c8efbdf87953a64f8096571113589/161/index.m3u8
2026-08-25 05:37:03,432 [INFO] Scraping aiatv...
2026-08-25 05:37:06,767 [INFO]  -> Success: https://live6.mar.tv/946c3769c8da4602474517960dea715f2c4c8efbdf87953a64f8096571113589/aia/index.m3u8
2026-08-25 05:37:06,801 [INFO] Scraping batumi2...
2026-08-25 05:37:10,131 [INFO]  -> Success: https://live6.mar.tv/946c3769c8da4602474517960dea715f2c4c8efbdf87953a64f8096571113589/batumitv2/index.m3u8
2026-08-25 05:37:10,165 [INFO] Scraping altinfo...
2026-08-25 05:37:13,504 [INFO]  -> Success: https://live6.mar.tv/946c3769c8da4602474517960dea715f2c4c8efbdf87953a64f8096571113589/altinfo/index.m3u8
2026-08-25 05:37:13,537 [INFO] Scraping parliament...
2026-08-25 05:37:16,874 [INFO]  -> Success: https://live6.mar.tv/946c3769c8da4602474517960dea715f2c4c8efbdf87953a64f8096571113589/parlament/index.m3u8
2026-08-25 05:37:16,908 [INFO] Scraping egrisi...
2026-08-25 05:37:20,248 [INFO]  -> Success: https://live6.mar.tv/946c3769c8da4602474517960dea715f2c4c8efbdf87953a64f8096571113589/egrisi/index.m3u8
2026-08-25 05:37:20,284 [INFO] Scraping mzetv...
2026-08-25 05:37:23,621 [INFO]  -> Success: https://live6.mar.tv/946c3769c8da4602474517960dea715f2c4c8efbdf87953a64f8096571113589/mze/index.m3u8
2026-08-25 05:37:23,670 [WARNING] Failed to find tvg-id="rustavi2" in georgia_channels.m3u
2026-08-25 05:37:23,671 [WARNING] Failed to find tvg-id="maestro" in georgia_channels.m3u
2026-08-25 05:37:23,671 [WARNING] Failed to find tvg-id="marao" in georgia_channels.m3u
2026-08-25 05:37:23,671 [WARNING] Failed to find tvg-id="gds" in georgia_channels.m3u
2026-08-25 05:37:23,671 [WARNING] Failed to find tvg-id="comedy" in georgia_channels.m3u
2026-08-25 05:37:23,672 [WARNING] Failed to find tvg-id="bbb" in georgia_channels.m3u
2026-08-25 05:37:23,672 [WARNING] Failed to find tvg-id="enkibenki" in georgia_channels.m3u
2026-08-25 05:37:23,672 [WARNING] Failed to find tvg-id="adjaratv" in georgia_channels.m3u
2026-08-25 05:37:23,672 [WARNING] Failed to find tvg-id="rionitv" in georgia_channels.m3u
2026-08-25 05:37:23,672 [WARNING] Failed to find tvg-id="tv25" in georgia_channels.m3u
2026-08-25 05:37:23,673 [WARNING] Failed to find tvg-id="tv4rustavi" in georgia_channels.m3u
2026-08-25 05:37:23,673 [WARNING] Failed to find tvg-id="trialeti" in georgia_channels.m3u
2026-08-25 05:37:23,673 [WARNING] Failed to find tvg-id="dardimandi" in georgia_channels.m3u
2026-08-25 05:37:23,673 [WARNING] Failed to find tvg-id="agro" in georgia_channels.m3u
2026-08-25 05:37:23,673 [WARNING] Failed to find tvg-id="samefo" in georgia_channels.m3u
2026-08-25 05:37:23,674 [WARNING] Failed to find tvg-id="postv" in georgia_channels.m3u
2026-08-25 05:37:23,674 [WARNING] Failed to find tvg-id="megatv" in georgia_channels.m3u
2026-08-25 05:37:23,674 [WARNING] Failed to find tvg-id="qartuliarxi" in georgia_channels.m3u
2026-08-25 05:37:23,674 [WARNING] Failed to find tvg-id="musicbox" in georgia_channels.m3u
2026-08-25 05:37:23,674 [WARNING] Failed to find tvg-id="marneuli" in georgia_channels.m3u
2026-08-25 05:37:23,675 [WARNING] Failed to find tvg-id="axaliformula" in georgia_channels.m3u
2026-08-25 05:37:23,675 [WARNING] Failed to find tvg-id="o2" in georgia_channels.m3u
2026-08-25 05:37:23,675 [WARNING] Failed to find tvg-id="guria" in georgia_channels.m3u
2026-08-25 05:37:23,675 [WARNING] Failed to find tvg-id="imervizia" in georgia_channels.m3u
2026-08-25 05:37:23,675 [WARNING] Failed to find tvg-id="diatv" in georgia_channels.m3u
2026-08-25 05:37:23,676 [WARNING] Failed to find tvg-id="chveniarxi" in georgia_channels.m3u
2026-08-25 05:37:23,676 [WARNING] Failed to find tvg-id="batumitv" in georgia_channels.m3u
2026-08-25 05:37:23,676 [WARNING] Failed to find tvg-id="rcheuli" in georgia_channels.m3u
2026-08-25 05:37:23,676 [WARNING] Failed to find tvg-id="gurjaani" in georgia_channels.m3u
2026-08-25 05:37:23,676 [WARNING] Failed to find tvg-id="molitv" in georgia_channels.m3u
2026-08-25 05:37:23,677 [WARNING] Failed to find tvg-id="mexute" in georgia_channels.m3u
2026-08-25 05:37:23,677 [WARNING] Failed to find tvg-id="agrogaremo" in georgia_channels.m3u
2026-08-25 05:37:23,677 [WARNING] Failed to find tvg-id="artv" in georgia_channels.m3u
2026-08-25 05:37:23,677 [WARNING] Failed to find tvg-id="meteo24" in georgia_channels.m3u
2026-08-25 05:37:23,677 [WARNING] Failed to find tvg-id="georgiantimes" in georgia_channels.m3u
2026-08-25 05:37:23,678 [WARNING] Failed to find tvg-id="silkuniversal" in georgia_channels.m3u
2026-08-25 05:37:23,678 [WARNING] Failed to find tvg-id="rugbytv" in georgia_channels.m3u
2026-08-25 05:37:23,678 [WARNING] Failed to find tvg-id="gms" in georgia_channels.m3u
2026-08-25 05:37:23,678 [WARNING] Failed to find tvg-id="aiatv" in georgia_channels.m3u
2026-08-25 05:37:23,678 [WARNING] Failed to find tvg-id="batumi2" in georgia_channels.m3u
2026-08-25 05:37:23,678 [WARNING] Failed to find tvg-id="altinfo" in georgia_channels.m3u
2026-08-25 05:37:23,679 [WARNING] Failed to find tvg-id="parliament" in georgia_channels.m3u
2026-08-25 05:37:23,679 [WARNING] Failed to find tvg-id="egrisi" in georgia_channels.m3u
2026-08-25 05:37:23,679 [WARNING] Failed to find tvg-id="mzetv" in georgia_channels.m3u
2026-08-25 05:37:23,679 [INFO] No file changes were made.
2026-08-25 05:37:23,679 [INFO] === UPDATE EXECUTION FINISHED ===
