2026-08-26 22:52:58,379 [INFO] === UPDATE EXECUTION STARTED ===
2026-08-26 22:52:58,380 [INFO] Fetching Setanta Sports 3 from IPTV-ORG...
2026-08-26 22:52:58,467 [INFO] Launching batch scraper for 44 channels on tv.mar.tv...
2026-08-26 22:52:59,118 [INFO] Scraping rustavi2...
2026-08-26 22:53:04,065 [INFO]  -> Success: https://live8.mar.tv/1/4rd/index.m3u8
2026-08-26 22:53:04,101 [INFO] Scraping maestro...
2026-08-26 22:53:07,379 [INFO]  -> Success: https://live4.mar.tv/5004e57ba25dcde77b7c73c56eb003d926ec63d76d0233378937c89d4e80e3b0/352m/index.m3u8
2026-08-26 22:53:07,413 [INFO] Scraping marao...
2026-08-26 22:53:10,683 [INFO]  -> Success: https://live2.mar.tv/5004e57ba25dcde77b7c73c56eb003d926ec63d76d0233378937c89d4e80e3b0/12sd/index.m3u8
2026-08-26 22:53:10,718 [INFO] Scraping gds...
2026-08-26 22:53:13,986 [INFO]  -> Success: https://live1.mar.tv/5004e57ba25dcde77b7c73c56eb003d926ec63d76d0233378937c89d4e80e3b0/13sd/index.m3u8
2026-08-26 22:53:14,018 [INFO] Scraping comedy...
2026-08-26 22:53:17,288 [INFO]  -> Success: https://live4.mar.tv/5004e57ba25dcde77b7c73c56eb003d926ec63d76d0233378937c89d4e80e3b0/14rd/index.m3u8
2026-08-26 22:53:17,324 [INFO] Scraping bbb...
2026-08-26 22:53:20,593 [INFO]  -> Success: https://live2.mar.tv/5004e57ba25dcde77b7c73c56eb003d926ec63d76d0233378937c89d4e80e3b0/16sd/index.m3u8
2026-08-26 22:53:20,630 [INFO] Scraping enkibenki...
2026-08-26 22:53:23,904 [INFO]  -> Success: https://live2.mar.tv/5004e57ba25dcde77b7c73c56eb003d926ec63d76d0233378937c89d4e80e3b0/17e/index.m3u8
2026-08-26 22:53:23,937 [INFO] Scraping adjaratv...
2026-08-26 22:53:27,217 [INFO]  -> Success: https://live2.mar.tv/5004e57ba25dcde77b7c73c56eb003d926ec63d76d0233378937c89d4e80e3b0/19rd/index.m3u8
2026-08-26 22:53:27,252 [INFO] Scraping rionitv...
2026-08-26 22:53:30,530 [INFO]  -> Success: https://live6.mar.tv/5004e57ba25dcde77b7c73c56eb003d926ec63d76d0233378937c89d4e80e3b0/20rionn/index.m3u8
2026-08-26 22:53:30,567 [INFO] Scraping tv25...
2026-08-26 22:53:33,837 [INFO]  -> Success: https://live6.mar.tv/5004e57ba25dcde77b7c73c56eb003d926ec63d76d0233378937c89d4e80e3b0/23tv25/index.m3u8
2026-08-26 22:53:33,870 [INFO] Scraping tv4rustavi...
2026-08-26 22:53:37,144 [INFO]  -> Success: https://live6.mar.tv/5004e57ba25dcde77b7c73c56eb003d926ec63d76d0233378937c89d4e80e3b0/24tw4/index.m3u8
2026-08-26 22:53:37,178 [INFO] Scraping trialeti...
2026-08-26 22:53:40,447 [INFO]  -> Success: https://live6.mar.tv/5004e57ba25dcde77b7c73c56eb003d926ec63d76d0233378937c89d4e80e3b0/trialleti/index.m3u8
2026-08-26 22:53:40,481 [INFO] Scraping dardimandi...
2026-08-26 22:53:43,754 [INFO]  -> Success: https://live5.mar.tv/5004e57ba25dcde77b7c73c56eb003d926ec63d76d0233378937c89d4e80e3b0/27/index.m3u8
2026-08-26 22:53:43,789 [INFO] Scraping agro...
2026-08-26 22:53:47,057 [INFO]  -> Success: https://live5.mar.tv/5004e57ba25dcde77b7c73c56eb003d926ec63d76d0233378937c89d4e80e3b0/28/index.m3u8
2026-08-26 22:53:47,093 [INFO] Scraping samefo...
2026-08-26 22:53:50,367 [INFO]  -> Success: https://live5.mar.tv/5004e57ba25dcde77b7c73c56eb003d926ec63d76d0233378937c89d4e80e3b0/29/index.m3u8
2026-08-26 22:53:50,399 [INFO] Scraping postv...
2026-08-26 22:53:53,669 [INFO]  -> Success: https://live6.mar.tv/5004e57ba25dcde77b7c73c56eb003d926ec63d76d0233378937c89d4e80e3b0/postvw/index.m3u8
2026-08-26 22:53:53,703 [INFO] Scraping megatv...
2026-08-26 22:53:56,972 [INFO]  -> Success: https://live4.mar.tv/5004e57ba25dcde77b7c73c56eb003d926ec63d76d0233378937c89d4e80e3b0/32st/index.m3u8
2026-08-26 22:53:57,007 [INFO] Scraping qartuliarxi...
2026-08-26 22:54:00,275 [INFO]  -> Success: https://live6.mar.tv/5004e57ba25dcde77b7c73c56eb003d926ec63d76d0233378937c89d4e80e3b0/qartuli/index.m3u8
2026-08-26 22:54:00,313 [INFO] Scraping musicbox...
2026-08-26 22:54:03,585 [INFO]  -> Success: https://live6.mar.tv/5004e57ba25dcde77b7c73c56eb003d926ec63d76d0233378937c89d4e80e3b0/34musge/index.m3u8
2026-08-26 22:54:03,621 [INFO] Scraping marneuli...
2026-08-26 22:54:06,893 [INFO]  -> Success: https://live6.mar.tv/5004e57ba25dcde77b7c73c56eb003d926ec63d76d0233378937c89d4e80e3b0/37marn/index.m3u8
2026-08-26 22:54:06,931 [INFO] Scraping axaliformula...
2026-08-26 22:54:10,203 [INFO]  -> Success: https://live6.mar.tv/5004e57ba25dcde77b7c73c56eb003d926ec63d76d0233378937c89d4e80e3b0/axaliformla/index.m3u8
2026-08-26 22:54:10,235 [INFO] Scraping o2...
2026-08-26 22:54:13,516 [INFO]  -> Success: https://live5.mar.tv/5004e57ba25dcde77b7c73c56eb003d926ec63d76d0233378937c89d4e80e3b0/40/index.m3u8
2026-08-26 22:54:13,548 [INFO] Scraping guria...
2026-08-26 22:54:16,819 [INFO]  -> Success: https://live5.mar.tv/5004e57ba25dcde77b7c73c56eb003d926ec63d76d0233378937c89d4e80e3b0/42/index.m3u8
2026-08-26 22:54:16,853 [INFO] Scraping imervizia...
2026-08-26 22:54:20,123 [INFO]  -> Success: https://live6.mar.tv/5004e57ba25dcde77b7c73c56eb003d926ec63d76d0233378937c89d4e80e3b0/imervizia/index.m3u8
2026-08-26 22:54:20,154 [INFO] Scraping diatv...
2026-08-26 22:54:23,427 [INFO]  -> Success: https://live4.mar.tv/5004e57ba25dcde77b7c73c56eb003d926ec63d76d0233378937c89d4e80e3b0/dia/index.m3u8
2026-08-26 22:54:23,462 [INFO] Scraping chveniarxi...
2026-08-26 22:54:26,736 [INFO]  -> Success: https://live3.mar.tv/5004e57ba25dcde77b7c73c56eb003d926ec63d76d0233378937c89d4e80e3b0/45rd/index.m3u8
2026-08-26 22:54:26,772 [INFO] Scraping batumitv...
2026-08-26 22:54:30,047 [INFO]  -> Success: https://live5.mar.tv/5004e57ba25dcde77b7c73c56eb003d926ec63d76d0233378937c89d4e80e3b0/46/index.m3u8
2026-08-26 22:54:30,081 [INFO] Scraping rcheuli...
2026-08-26 22:54:33,354 [INFO]  -> Success: https://live5.mar.tv/5004e57ba25dcde77b7c73c56eb003d926ec63d76d0233378937c89d4e80e3b0/47/index.m3u8
2026-08-26 22:54:33,388 [INFO] Scraping gurjaani...
2026-08-26 22:54:36,660 [INFO]  -> Success: https://live4.mar.tv/5004e57ba25dcde77b7c73c56eb003d926ec63d76d0233378937c89d4e80e3b0/48m/index.m3u8
2026-08-26 22:54:36,694 [INFO] Scraping molitv...
2026-08-26 22:54:39,962 [INFO]  -> Success: https://live6.mar.tv/5004e57ba25dcde77b7c73c56eb003d926ec63d76d0233378937c89d4e80e3b0/mollltv/index.m3u8
2026-08-26 22:54:40,001 [INFO] Scraping mexute...
2026-08-26 22:54:43,270 [INFO]  -> Success: https://live6.mar.tv/5004e57ba25dcde77b7c73c56eb003d926ec63d76d0233378937c89d4e80e3b0/50/index.m3u8
2026-08-26 22:54:43,309 [INFO] Scraping agrogaremo...
2026-08-26 22:54:46,578 [INFO]  -> Success: https://live6.mar.tv/5004e57ba25dcde77b7c73c56eb003d926ec63d76d0233378937c89d4e80e3b0/agrogaremo/index.m3u8
2026-08-26 22:54:46,612 [INFO] Scraping artv...
2026-08-26 22:54:49,885 [INFO]  -> Success: https://live6.mar.tv/5004e57ba25dcde77b7c73c56eb003d926ec63d76d0233378937c89d4e80e3b0/tafutv/index.m3u8
2026-08-26 22:54:49,918 [INFO] Scraping meteo24...
2026-08-26 22:54:53,185 [INFO]  -> Success: https://live5.mar.tv/5004e57ba25dcde77b7c73c56eb003d926ec63d76d0233378937c89d4e80e3b0/56/index.m3u8
2026-08-26 22:54:53,219 [INFO] Scraping georgiantimes...
2026-08-26 22:54:56,489 [INFO]  -> Success: https://live5.mar.tv/5004e57ba25dcde77b7c73c56eb003d926ec63d76d0233378937c89d4e80e3b0/57/index.m3u8
2026-08-26 22:54:56,524 [INFO] Scraping silkuniversal...
2026-08-26 22:54:59,796 [INFO]  -> Success: https://live2.mar.tv/5004e57ba25dcde77b7c73c56eb003d926ec63d76d0233378937c89d4e80e3b0/1arxiweb/index.m3u8
2026-08-26 22:54:59,829 [INFO] Scraping rugbytv...
2026-08-26 22:55:03,106 [INFO]  -> Success: https://live4.mar.tv/5004e57ba25dcde77b7c73c56eb003d926ec63d76d0233378937c89d4e80e3b0/160m/index.m3u8
2026-08-26 22:55:03,143 [INFO] Scraping gms...
2026-08-26 22:55:06,412 [INFO]  -> Success: https://live5.mar.tv/5004e57ba25dcde77b7c73c56eb003d926ec63d76d0233378937c89d4e80e3b0/161/index.m3u8
2026-08-26 22:55:06,447 [INFO] Scraping aiatv...
2026-08-26 22:55:09,716 [INFO]  -> Success: https://live6.mar.tv/5004e57ba25dcde77b7c73c56eb003d926ec63d76d0233378937c89d4e80e3b0/aia/index.m3u8
2026-08-26 22:55:09,750 [INFO] Scraping batumi2...
2026-08-26 22:55:13,028 [INFO]  -> Success: https://live6.mar.tv/5004e57ba25dcde77b7c73c56eb003d926ec63d76d0233378937c89d4e80e3b0/batumitv2/index.m3u8
2026-08-26 22:55:13,062 [INFO] Scraping altinfo...
2026-08-26 22:55:16,337 [INFO]  -> Success: https://live6.mar.tv/5004e57ba25dcde77b7c73c56eb003d926ec63d76d0233378937c89d4e80e3b0/altinfo/index.m3u8
2026-08-26 22:55:16,375 [INFO] Scraping parliament...
2026-08-26 22:55:19,650 [INFO]  -> Success: https://live6.mar.tv/5004e57ba25dcde77b7c73c56eb003d926ec63d76d0233378937c89d4e80e3b0/parlament/index.m3u8
2026-08-26 22:55:19,688 [INFO] Scraping egrisi...
2026-08-26 22:55:22,968 [INFO]  -> Success: https://live6.mar.tv/5004e57ba25dcde77b7c73c56eb003d926ec63d76d0233378937c89d4e80e3b0/egrisi/index.m3u8
2026-08-26 22:55:23,003 [INFO] Scraping mzetv...
2026-08-26 22:55:26,276 [INFO]  -> Success: https://live6.mar.tv/5004e57ba25dcde77b7c73c56eb003d926ec63d76d0233378937c89d4e80e3b0/mze/index.m3u8
2026-08-26 22:55:26,324 [WARNING] Failed to find tvg-id="rustavi2" in georgia_channels.m3u
2026-08-26 22:55:26,325 [WARNING] Failed to find tvg-id="maestro" in georgia_channels.m3u
2026-08-26 22:55:26,325 [WARNING] Failed to find tvg-id="marao" in georgia_channels.m3u
2026-08-26 22:55:26,325 [WARNING] Failed to find tvg-id="gds" in georgia_channels.m3u
2026-08-26 22:55:26,325 [WARNING] Failed to find tvg-id="comedy" in georgia_channels.m3u
2026-08-26 22:55:26,326 [WARNING] Failed to find tvg-id="bbb" in georgia_channels.m3u
2026-08-26 22:55:26,326 [WARNING] Failed to find tvg-id="enkibenki" in georgia_channels.m3u
2026-08-26 22:55:26,326 [WARNING] Failed to find tvg-id="adjaratv" in georgia_channels.m3u
2026-08-26 22:55:26,326 [WARNING] Failed to find tvg-id="rionitv" in georgia_channels.m3u
2026-08-26 22:55:26,326 [WARNING] Failed to find tvg-id="tv25" in georgia_channels.m3u
2026-08-26 22:55:26,327 [WARNING] Failed to find tvg-id="tv4rustavi" in georgia_channels.m3u
2026-08-26 22:55:26,327 [WARNING] Failed to find tvg-id="trialeti" in georgia_channels.m3u
2026-08-26 22:55:26,327 [WARNING] Failed to find tvg-id="dardimandi" in georgia_channels.m3u
2026-08-26 22:55:26,327 [WARNING] Failed to find tvg-id="agro" in georgia_channels.m3u
2026-08-26 22:55:26,327 [WARNING] Failed to find tvg-id="samefo" in georgia_channels.m3u
2026-08-26 22:55:26,328 [WARNING] Failed to find tvg-id="postv" in georgia_channels.m3u
2026-08-26 22:55:26,328 [WARNING] Failed to find tvg-id="megatv" in georgia_channels.m3u
2026-08-26 22:55:26,328 [WARNING] Failed to find tvg-id="qartuliarxi" in georgia_channels.m3u
2026-08-26 22:55:26,328 [WARNING] Failed to find tvg-id="musicbox" in georgia_channels.m3u
2026-08-26 22:55:26,328 [WARNING] Failed to find tvg-id="marneuli" in georgia_channels.m3u
2026-08-26 22:55:26,329 [WARNING] Failed to find tvg-id="axaliformula" in georgia_channels.m3u
2026-08-26 22:55:26,329 [WARNING] Failed to find tvg-id="o2" in georgia_channels.m3u
2026-08-26 22:55:26,329 [WARNING] Failed to find tvg-id="guria" in georgia_channels.m3u
2026-08-26 22:55:26,329 [WARNING] Failed to find tvg-id="imervizia" in georgia_channels.m3u
2026-08-26 22:55:26,329 [WARNING] Failed to find tvg-id="diatv" in georgia_channels.m3u
2026-08-26 22:55:26,330 [WARNING] Failed to find tvg-id="chveniarxi" in georgia_channels.m3u
2026-08-26 22:55:26,330 [WARNING] Failed to find tvg-id="batumitv" in georgia_channels.m3u
2026-08-26 22:55:26,330 [WARNING] Failed to find tvg-id="rcheuli" in georgia_channels.m3u
2026-08-26 22:55:26,330 [WARNING] Failed to find tvg-id="gurjaani" in georgia_channels.m3u
2026-08-26 22:55:26,330 [WARNING] Failed to find tvg-id="molitv" in georgia_channels.m3u
2026-08-26 22:55:26,331 [WARNING] Failed to find tvg-id="mexute" in georgia_channels.m3u
2026-08-26 22:55:26,331 [WARNING] Failed to find tvg-id="agrogaremo" in georgia_channels.m3u
2026-08-26 22:55:26,331 [WARNING] Failed to find tvg-id="artv" in georgia_channels.m3u
2026-08-26 22:55:26,331 [WARNING] Failed to find tvg-id="meteo24" in georgia_channels.m3u
2026-08-26 22:55:26,331 [WARNING] Failed to find tvg-id="georgiantimes" in georgia_channels.m3u
2026-08-26 22:55:26,332 [WARNING] Failed to find tvg-id="silkuniversal" in georgia_channels.m3u
2026-08-26 22:55:26,332 [WARNING] Failed to find tvg-id="rugbytv" in georgia_channels.m3u
2026-08-26 22:55:26,332 [WARNING] Failed to find tvg-id="gms" in georgia_channels.m3u
2026-08-26 22:55:26,332 [WARNING] Failed to find tvg-id="aiatv" in georgia_channels.m3u
2026-08-26 22:55:26,332 [WARNING] Failed to find tvg-id="batumi2" in georgia_channels.m3u
2026-08-26 22:55:26,333 [WARNING] Failed to find tvg-id="altinfo" in georgia_channels.m3u
2026-08-26 22:55:26,333 [WARNING] Failed to find tvg-id="parliament" in georgia_channels.m3u
2026-08-26 22:55:26,333 [WARNING] Failed to find tvg-id="egrisi" in georgia_channels.m3u
2026-08-26 22:55:26,333 [WARNING] Failed to find tvg-id="mzetv" in georgia_channels.m3u
2026-08-26 22:55:26,333 [INFO] No file changes were made.
2026-08-26 22:55:26,333 [INFO] === UPDATE EXECUTION FINISHED ===
