2026-08-25 18:42:54,388 [INFO] === UPDATE EXECUTION STARTED ===
2026-08-25 18:42:54,388 [INFO] Fetching Setanta Sports 3 from IPTV-ORG...
2026-08-25 18:42:54,562 [INFO] Launching batch scraper for 44 channels on tv.mar.tv...
2026-08-25 18:42:55,215 [INFO] Scraping rustavi2...
2026-08-25 18:43:00,198 [INFO]  -> Success: https://live8.mar.tv/1/4rd/index.m3u8
2026-08-25 18:43:00,234 [INFO] Scraping maestro...
2026-08-25 18:43:03,524 [INFO]  -> Success: https://live4.mar.tv/7949eebd220d95f14fc827beb855dd3a5b82705735e287bcf7e137a6d0e03a87/352m/index.m3u8
2026-08-25 18:43:03,560 [INFO] Scraping marao...
2026-08-25 18:43:06,846 [INFO]  -> Success: https://live2.mar.tv/7949eebd220d95f14fc827beb855dd3a5b82705735e287bcf7e137a6d0e03a87/12sd/index.m3u8
2026-08-25 18:43:06,884 [INFO] Scraping gds...
2026-08-25 18:43:10,172 [INFO]  -> Success: https://live1.mar.tv/7949eebd220d95f14fc827beb855dd3a5b82705735e287bcf7e137a6d0e03a87/13sd/index.m3u8
2026-08-25 18:43:10,212 [INFO] Scraping comedy...
2026-08-25 18:43:13,502 [INFO]  -> Success: https://live4.mar.tv/7949eebd220d95f14fc827beb855dd3a5b82705735e287bcf7e137a6d0e03a87/14rd/index.m3u8
2026-08-25 18:43:13,536 [INFO] Scraping bbb...
2026-08-25 18:43:16,823 [INFO]  -> Success: https://live2.mar.tv/7949eebd220d95f14fc827beb855dd3a5b82705735e287bcf7e137a6d0e03a87/16sd/index.m3u8
2026-08-25 18:43:16,862 [INFO] Scraping enkibenki...
2026-08-25 18:43:20,157 [INFO]  -> Success: https://live2.mar.tv/7949eebd220d95f14fc827beb855dd3a5b82705735e287bcf7e137a6d0e03a87/17e/index.m3u8
2026-08-25 18:43:20,196 [INFO] Scraping adjaratv...
2026-08-25 18:43:23,484 [INFO]  -> Success: https://live2.mar.tv/7949eebd220d95f14fc827beb855dd3a5b82705735e287bcf7e137a6d0e03a87/19rd/index.m3u8
2026-08-25 18:43:23,519 [INFO] Scraping rionitv...
2026-08-25 18:43:26,817 [INFO]  -> Success: https://live6.mar.tv/7949eebd220d95f14fc827beb855dd3a5b82705735e287bcf7e137a6d0e03a87/20rionn/index.m3u8
2026-08-25 18:43:26,852 [INFO] Scraping tv25...
2026-08-25 18:43:30,142 [INFO]  -> Success: https://live6.mar.tv/7949eebd220d95f14fc827beb855dd3a5b82705735e287bcf7e137a6d0e03a87/23tv25/index.m3u8
2026-08-25 18:43:30,179 [INFO] Scraping tv4rustavi...
2026-08-25 18:43:33,478 [INFO]  -> Success: https://live6.mar.tv/7949eebd220d95f14fc827beb855dd3a5b82705735e287bcf7e137a6d0e03a87/24tw4/index.m3u8
2026-08-25 18:43:33,511 [INFO] Scraping trialeti...
2026-08-25 18:43:36,805 [INFO]  -> Success: https://live6.mar.tv/7949eebd220d95f14fc827beb855dd3a5b82705735e287bcf7e137a6d0e03a87/trialleti/index.m3u8
2026-08-25 18:43:36,839 [INFO] Scraping dardimandi...
2026-08-25 18:43:40,133 [INFO]  -> Success: https://live5.mar.tv/7949eebd220d95f14fc827beb855dd3a5b82705735e287bcf7e137a6d0e03a87/27/index.m3u8
2026-08-25 18:43:40,167 [INFO] Scraping agro...
2026-08-25 18:43:43,458 [INFO]  -> Success: https://live5.mar.tv/7949eebd220d95f14fc827beb855dd3a5b82705735e287bcf7e137a6d0e03a87/28/index.m3u8
2026-08-25 18:43:43,493 [INFO] Scraping samefo...
2026-08-25 18:43:46,784 [INFO]  -> Success: https://live5.mar.tv/7949eebd220d95f14fc827beb855dd3a5b82705735e287bcf7e137a6d0e03a87/29/index.m3u8
2026-08-25 18:43:46,820 [INFO] Scraping postv...
2026-08-25 18:43:50,114 [INFO]  -> Success: https://live6.mar.tv/7949eebd220d95f14fc827beb855dd3a5b82705735e287bcf7e137a6d0e03a87/postvw/index.m3u8
2026-08-25 18:43:50,150 [INFO] Scraping megatv...
2026-08-25 18:43:53,446 [INFO]  -> Success: https://live4.mar.tv/7949eebd220d95f14fc827beb855dd3a5b82705735e287bcf7e137a6d0e03a87/32st/index.m3u8
2026-08-25 18:43:53,480 [INFO] Scraping qartuliarxi...
2026-08-25 18:43:56,771 [INFO]  -> Success: https://live6.mar.tv/7949eebd220d95f14fc827beb855dd3a5b82705735e287bcf7e137a6d0e03a87/qartuli/index.m3u8
2026-08-25 18:43:56,806 [INFO] Scraping musicbox...
2026-08-25 18:44:00,097 [INFO]  -> Success: https://live6.mar.tv/7949eebd220d95f14fc827beb855dd3a5b82705735e287bcf7e137a6d0e03a87/34musge/index.m3u8
2026-08-25 18:44:00,133 [INFO] Scraping marneuli...
2026-08-25 18:44:03,428 [INFO]  -> Success: https://live6.mar.tv/7949eebd220d95f14fc827beb855dd3a5b82705735e287bcf7e137a6d0e03a87/37marn/index.m3u8
2026-08-25 18:44:03,462 [INFO] Scraping axaliformula...
2026-08-25 18:44:06,748 [INFO]  -> Success: https://live6.mar.tv/7949eebd220d95f14fc827beb855dd3a5b82705735e287bcf7e137a6d0e03a87/axaliformla/index.m3u8
2026-08-25 18:44:06,783 [INFO] Scraping o2...
2026-08-25 18:44:10,072 [INFO]  -> Success: https://live5.mar.tv/7949eebd220d95f14fc827beb855dd3a5b82705735e287bcf7e137a6d0e03a87/40/index.m3u8
2026-08-25 18:44:10,106 [INFO] Scraping guria...
2026-08-25 18:44:13,396 [INFO]  -> Success: https://live5.mar.tv/7949eebd220d95f14fc827beb855dd3a5b82705735e287bcf7e137a6d0e03a87/42/index.m3u8
2026-08-25 18:44:13,434 [INFO] Scraping imervizia...
2026-08-25 18:44:16,726 [INFO]  -> Success: https://live6.mar.tv/7949eebd220d95f14fc827beb855dd3a5b82705735e287bcf7e137a6d0e03a87/imervizia/index.m3u8
2026-08-25 18:44:16,763 [INFO] Scraping diatv...
2026-08-25 18:44:20,053 [INFO]  -> Success: https://live4.mar.tv/7949eebd220d95f14fc827beb855dd3a5b82705735e287bcf7e137a6d0e03a87/dia/index.m3u8
2026-08-25 18:44:20,092 [INFO] Scraping chveniarxi...
2026-08-25 18:44:23,387 [INFO]  -> Success: https://live3.mar.tv/7949eebd220d95f14fc827beb855dd3a5b82705735e287bcf7e137a6d0e03a87/45rd/index.m3u8
2026-08-25 18:44:23,423 [INFO] Scraping batumitv...
2026-08-25 18:44:26,714 [INFO]  -> Success: https://live5.mar.tv/7949eebd220d95f14fc827beb855dd3a5b82705735e287bcf7e137a6d0e03a87/46/index.m3u8
2026-08-25 18:44:26,751 [INFO] Scraping rcheuli...
2026-08-25 18:44:30,046 [INFO]  -> Success: https://live5.mar.tv/7949eebd220d95f14fc827beb855dd3a5b82705735e287bcf7e137a6d0e03a87/47/index.m3u8
2026-08-25 18:44:30,081 [INFO] Scraping gurjaani...
2026-08-25 18:44:33,371 [INFO]  -> Success: https://live4.mar.tv/7949eebd220d95f14fc827beb855dd3a5b82705735e287bcf7e137a6d0e03a87/48m/index.m3u8
2026-08-25 18:44:33,405 [INFO] Scraping molitv...
2026-08-25 18:44:36,694 [INFO]  -> Success: https://live6.mar.tv/7949eebd220d95f14fc827beb855dd3a5b82705735e287bcf7e137a6d0e03a87/mollltv/index.m3u8
2026-08-25 18:44:36,730 [INFO] Scraping mexute...
2026-08-25 18:44:40,022 [INFO]  -> Success: https://live6.mar.tv/7949eebd220d95f14fc827beb855dd3a5b82705735e287bcf7e137a6d0e03a87/50/index.m3u8
2026-08-25 18:44:40,056 [INFO] Scraping agrogaremo...
2026-08-25 18:44:43,349 [INFO]  -> Success: https://live6.mar.tv/7949eebd220d95f14fc827beb855dd3a5b82705735e287bcf7e137a6d0e03a87/agrogaremo/index.m3u8
2026-08-25 18:44:43,387 [INFO] Scraping artv...
2026-08-25 18:44:46,679 [INFO]  -> Success: https://live6.mar.tv/7949eebd220d95f14fc827beb855dd3a5b82705735e287bcf7e137a6d0e03a87/tafutv/index.m3u8
2026-08-25 18:44:46,714 [INFO] Scraping meteo24...
2026-08-25 18:44:50,022 [INFO]  -> Success: https://live5.mar.tv/7949eebd220d95f14fc827beb855dd3a5b82705735e287bcf7e137a6d0e03a87/56/index.m3u8
2026-08-25 18:44:50,057 [INFO] Scraping georgiantimes...
2026-08-25 18:44:53,352 [INFO]  -> Success: https://live5.mar.tv/7949eebd220d95f14fc827beb855dd3a5b82705735e287bcf7e137a6d0e03a87/57/index.m3u8
2026-08-25 18:44:53,387 [INFO] Scraping silkuniversal...
2026-08-25 18:44:56,676 [INFO]  -> Success: https://live2.mar.tv/7949eebd220d95f14fc827beb855dd3a5b82705735e287bcf7e137a6d0e03a87/1arxiweb/index.m3u8
2026-08-25 18:44:56,714 [INFO] Scraping rugbytv...
2026-08-25 18:45:00,004 [INFO]  -> Success: https://live4.mar.tv/7949eebd220d95f14fc827beb855dd3a5b82705735e287bcf7e137a6d0e03a87/160m/index.m3u8
2026-08-25 18:45:00,040 [INFO] Scraping gms...
2026-08-25 18:45:03,331 [INFO]  -> Success: https://live5.mar.tv/7949eebd220d95f14fc827beb855dd3a5b82705735e287bcf7e137a6d0e03a87/161/index.m3u8
2026-08-25 18:45:03,368 [INFO] Scraping aiatv...
2026-08-25 18:45:06,658 [INFO]  -> Success: https://live6.mar.tv/7949eebd220d95f14fc827beb855dd3a5b82705735e287bcf7e137a6d0e03a87/aia/index.m3u8
2026-08-25 18:45:06,692 [INFO] Scraping batumi2...
2026-08-25 18:45:09,987 [INFO]  -> Success: https://live6.mar.tv/7949eebd220d95f14fc827beb855dd3a5b82705735e287bcf7e137a6d0e03a87/batumitv2/index.m3u8
2026-08-25 18:45:10,021 [INFO] Scraping altinfo...
2026-08-25 18:45:13,322 [INFO]  -> Success: https://live6.mar.tv/7949eebd220d95f14fc827beb855dd3a5b82705735e287bcf7e137a6d0e03a87/altinfo/index.m3u8
2026-08-25 18:45:13,361 [INFO] Scraping parliament...
2026-08-25 18:45:16,654 [INFO]  -> Success: https://live6.mar.tv/7949eebd220d95f14fc827beb855dd3a5b82705735e287bcf7e137a6d0e03a87/parlament/index.m3u8
2026-08-25 18:45:16,687 [INFO] Scraping egrisi...
2026-08-25 18:45:19,979 [INFO]  -> Success: https://live6.mar.tv/7949eebd220d95f14fc827beb855dd3a5b82705735e287bcf7e137a6d0e03a87/egrisi/index.m3u8
2026-08-25 18:45:20,013 [INFO] Scraping mzetv...
2026-08-25 18:45:23,306 [INFO]  -> Success: https://live6.mar.tv/7949eebd220d95f14fc827beb855dd3a5b82705735e287bcf7e137a6d0e03a87/mze/index.m3u8
2026-08-25 18:45:23,352 [WARNING] Failed to find tvg-id="rustavi2" in georgia_channels.m3u
2026-08-25 18:45:23,352 [WARNING] Failed to find tvg-id="maestro" in georgia_channels.m3u
2026-08-25 18:45:23,353 [WARNING] Failed to find tvg-id="marao" in georgia_channels.m3u
2026-08-25 18:45:23,353 [WARNING] Failed to find tvg-id="gds" in georgia_channels.m3u
2026-08-25 18:45:23,353 [WARNING] Failed to find tvg-id="comedy" in georgia_channels.m3u
2026-08-25 18:45:23,354 [WARNING] Failed to find tvg-id="bbb" in georgia_channels.m3u
2026-08-25 18:45:23,354 [WARNING] Failed to find tvg-id="enkibenki" in georgia_channels.m3u
2026-08-25 18:45:23,354 [WARNING] Failed to find tvg-id="adjaratv" in georgia_channels.m3u
2026-08-25 18:45:23,354 [WARNING] Failed to find tvg-id="rionitv" in georgia_channels.m3u
2026-08-25 18:45:23,355 [WARNING] Failed to find tvg-id="tv25" in georgia_channels.m3u
2026-08-25 18:45:23,355 [WARNING] Failed to find tvg-id="tv4rustavi" in georgia_channels.m3u
2026-08-25 18:45:23,355 [WARNING] Failed to find tvg-id="trialeti" in georgia_channels.m3u
2026-08-25 18:45:23,355 [WARNING] Failed to find tvg-id="dardimandi" in georgia_channels.m3u
2026-08-25 18:45:23,355 [WARNING] Failed to find tvg-id="agro" in georgia_channels.m3u
2026-08-25 18:45:23,356 [WARNING] Failed to find tvg-id="samefo" in georgia_channels.m3u
2026-08-25 18:45:23,356 [WARNING] Failed to find tvg-id="postv" in georgia_channels.m3u
2026-08-25 18:45:23,356 [WARNING] Failed to find tvg-id="megatv" in georgia_channels.m3u
2026-08-25 18:45:23,356 [WARNING] Failed to find tvg-id="qartuliarxi" in georgia_channels.m3u
2026-08-25 18:45:23,356 [WARNING] Failed to find tvg-id="musicbox" in georgia_channels.m3u
2026-08-25 18:45:23,357 [WARNING] Failed to find tvg-id="marneuli" in georgia_channels.m3u
2026-08-25 18:45:23,357 [WARNING] Failed to find tvg-id="axaliformula" in georgia_channels.m3u
2026-08-25 18:45:23,357 [WARNING] Failed to find tvg-id="o2" in georgia_channels.m3u
2026-08-25 18:45:23,357 [WARNING] Failed to find tvg-id="guria" in georgia_channels.m3u
2026-08-25 18:45:23,357 [WARNING] Failed to find tvg-id="imervizia" in georgia_channels.m3u
2026-08-25 18:45:23,358 [WARNING] Failed to find tvg-id="diatv" in georgia_channels.m3u
2026-08-25 18:45:23,358 [WARNING] Failed to find tvg-id="chveniarxi" in georgia_channels.m3u
2026-08-25 18:45:23,358 [WARNING] Failed to find tvg-id="batumitv" in georgia_channels.m3u
2026-08-25 18:45:23,358 [WARNING] Failed to find tvg-id="rcheuli" in georgia_channels.m3u
2026-08-25 18:45:23,358 [WARNING] Failed to find tvg-id="gurjaani" in georgia_channels.m3u
2026-08-25 18:45:23,359 [WARNING] Failed to find tvg-id="molitv" in georgia_channels.m3u
2026-08-25 18:45:23,359 [WARNING] Failed to find tvg-id="mexute" in georgia_channels.m3u
2026-08-25 18:45:23,359 [WARNING] Failed to find tvg-id="agrogaremo" in georgia_channels.m3u
2026-08-25 18:45:23,359 [WARNING] Failed to find tvg-id="artv" in georgia_channels.m3u
2026-08-25 18:45:23,359 [WARNING] Failed to find tvg-id="meteo24" in georgia_channels.m3u
2026-08-25 18:45:23,360 [WARNING] Failed to find tvg-id="georgiantimes" in georgia_channels.m3u
2026-08-25 18:45:23,360 [WARNING] Failed to find tvg-id="silkuniversal" in georgia_channels.m3u
2026-08-25 18:45:23,360 [WARNING] Failed to find tvg-id="rugbytv" in georgia_channels.m3u
2026-08-25 18:45:23,360 [WARNING] Failed to find tvg-id="gms" in georgia_channels.m3u
2026-08-25 18:45:23,360 [WARNING] Failed to find tvg-id="aiatv" in georgia_channels.m3u
2026-08-25 18:45:23,360 [WARNING] Failed to find tvg-id="batumi2" in georgia_channels.m3u
2026-08-25 18:45:23,361 [WARNING] Failed to find tvg-id="altinfo" in georgia_channels.m3u
2026-08-25 18:45:23,361 [WARNING] Failed to find tvg-id="parliament" in georgia_channels.m3u
2026-08-25 18:45:23,361 [WARNING] Failed to find tvg-id="egrisi" in georgia_channels.m3u
2026-08-25 18:45:23,361 [WARNING] Failed to find tvg-id="mzetv" in georgia_channels.m3u
2026-08-25 18:45:23,361 [INFO] No file changes were made.
2026-08-25 18:45:23,361 [INFO] === UPDATE EXECUTION FINISHED ===
