2026-08-26 08:48:02,204 [INFO] === UPDATE EXECUTION STARTED ===
2026-08-26 08:48:02,205 [INFO] Fetching Setanta Sports 3 from IPTV-ORG...
2026-08-26 08:48:02,362 [INFO] Launching batch scraper for 44 channels on tv.mar.tv...
2026-08-26 08:48:04,198 [INFO] Scraping rustavi2...
2026-08-26 08:48:09,679 [INFO]  -> Success: https://live8.mar.tv/1/4rd/index.m3u8
2026-08-26 08:48:09,713 [INFO] Scraping maestro...
2026-08-26 08:48:13,033 [INFO]  -> Success: https://live4.mar.tv/d342c66782f05e9a064aaa5eec78c59f39d0883d3f97571e41b884867bc2dea9/352m/index.m3u8
2026-08-26 08:48:13,067 [INFO] Scraping marao...
2026-08-26 08:48:16,383 [INFO]  -> Success: https://live2.mar.tv/d342c66782f05e9a064aaa5eec78c59f39d0883d3f97571e41b884867bc2dea9/12sd/index.m3u8
2026-08-26 08:48:16,417 [INFO] Scraping gds...
2026-08-26 08:48:19,730 [INFO]  -> Success: https://live1.mar.tv/d342c66782f05e9a064aaa5eec78c59f39d0883d3f97571e41b884867bc2dea9/13sd/index.m3u8
2026-08-26 08:48:19,767 [INFO] Scraping comedy...
2026-08-26 08:48:23,087 [INFO]  -> Success: https://live4.mar.tv/d342c66782f05e9a064aaa5eec78c59f39d0883d3f97571e41b884867bc2dea9/14rd/index.m3u8
2026-08-26 08:48:23,121 [INFO] Scraping bbb...
2026-08-26 08:48:26,439 [INFO]  -> Success: https://live2.mar.tv/d342c66782f05e9a064aaa5eec78c59f39d0883d3f97571e41b884867bc2dea9/16sd/index.m3u8
2026-08-26 08:48:26,473 [INFO] Scraping enkibenki...
2026-08-26 08:48:29,791 [INFO]  -> Success: https://live2.mar.tv/d342c66782f05e9a064aaa5eec78c59f39d0883d3f97571e41b884867bc2dea9/17e/index.m3u8
2026-08-26 08:48:29,826 [INFO] Scraping adjaratv...
2026-08-26 08:48:33,146 [INFO]  -> Success: https://live2.mar.tv/d342c66782f05e9a064aaa5eec78c59f39d0883d3f97571e41b884867bc2dea9/19rd/index.m3u8
2026-08-26 08:48:33,223 [INFO] Scraping rionitv...
2026-08-26 08:48:36,542 [INFO]  -> Success: https://live6.mar.tv/d342c66782f05e9a064aaa5eec78c59f39d0883d3f97571e41b884867bc2dea9/20rionn/index.m3u8
2026-08-26 08:48:36,575 [INFO] Scraping tv25...
2026-08-26 08:48:39,894 [INFO]  -> Success: https://live6.mar.tv/d342c66782f05e9a064aaa5eec78c59f39d0883d3f97571e41b884867bc2dea9/23tv25/index.m3u8
2026-08-26 08:48:39,929 [INFO] Scraping tv4rustavi...
2026-08-26 08:48:43,240 [INFO]  -> Success: https://live6.mar.tv/d342c66782f05e9a064aaa5eec78c59f39d0883d3f97571e41b884867bc2dea9/24tw4/index.m3u8
2026-08-26 08:48:43,278 [INFO] Scraping trialeti...
2026-08-26 08:48:46,596 [INFO]  -> Success: https://live6.mar.tv/d342c66782f05e9a064aaa5eec78c59f39d0883d3f97571e41b884867bc2dea9/trialleti/index.m3u8
2026-08-26 08:48:46,631 [INFO] Scraping dardimandi...
2026-08-26 08:48:49,950 [INFO]  -> Success: https://live5.mar.tv/d342c66782f05e9a064aaa5eec78c59f39d0883d3f97571e41b884867bc2dea9/27/index.m3u8
2026-08-26 08:48:49,981 [INFO] Scraping agro...
2026-08-26 08:48:53,298 [INFO]  -> Success: https://live5.mar.tv/d342c66782f05e9a064aaa5eec78c59f39d0883d3f97571e41b884867bc2dea9/28/index.m3u8
2026-08-26 08:48:53,328 [INFO] Scraping samefo...
2026-08-26 08:48:56,646 [INFO]  -> Success: https://live5.mar.tv/d342c66782f05e9a064aaa5eec78c59f39d0883d3f97571e41b884867bc2dea9/29/index.m3u8
2026-08-26 08:48:56,683 [INFO] Scraping postv...
2026-08-26 08:48:59,992 [INFO]  -> Success: https://live6.mar.tv/d342c66782f05e9a064aaa5eec78c59f39d0883d3f97571e41b884867bc2dea9/postvw/index.m3u8
2026-08-26 08:49:00,029 [INFO] Scraping megatv...
2026-08-26 08:49:03,345 [INFO]  -> Success: https://live4.mar.tv/d342c66782f05e9a064aaa5eec78c59f39d0883d3f97571e41b884867bc2dea9/32st/index.m3u8
2026-08-26 08:49:03,381 [INFO] Scraping qartuliarxi...
2026-08-26 08:49:06,700 [INFO]  -> Success: https://live6.mar.tv/d342c66782f05e9a064aaa5eec78c59f39d0883d3f97571e41b884867bc2dea9/qartuli/index.m3u8
2026-08-26 08:49:06,733 [INFO] Scraping musicbox...
2026-08-26 08:49:10,049 [INFO]  -> Success: https://live6.mar.tv/d342c66782f05e9a064aaa5eec78c59f39d0883d3f97571e41b884867bc2dea9/34musge/index.m3u8
2026-08-26 08:49:10,081 [INFO] Scraping marneuli...
2026-08-26 08:49:13,391 [INFO]  -> Success: https://live6.mar.tv/d342c66782f05e9a064aaa5eec78c59f39d0883d3f97571e41b884867bc2dea9/37marn/index.m3u8
2026-08-26 08:49:13,425 [INFO] Scraping axaliformula...
2026-08-26 08:49:16,744 [INFO]  -> Success: https://live6.mar.tv/d342c66782f05e9a064aaa5eec78c59f39d0883d3f97571e41b884867bc2dea9/axaliformla/index.m3u8
2026-08-26 08:49:16,782 [INFO] Scraping o2...
2026-08-26 08:49:20,099 [INFO]  -> Success: https://live5.mar.tv/d342c66782f05e9a064aaa5eec78c59f39d0883d3f97571e41b884867bc2dea9/40/index.m3u8
2026-08-26 08:49:20,131 [INFO] Scraping guria...
2026-08-26 08:49:23,447 [INFO]  -> Success: https://live5.mar.tv/d342c66782f05e9a064aaa5eec78c59f39d0883d3f97571e41b884867bc2dea9/42/index.m3u8
2026-08-26 08:49:23,479 [INFO] Scraping imervizia...
2026-08-26 08:49:26,803 [INFO]  -> Success: https://live6.mar.tv/d342c66782f05e9a064aaa5eec78c59f39d0883d3f97571e41b884867bc2dea9/imervizia/index.m3u8
2026-08-26 08:49:26,835 [INFO] Scraping diatv...
2026-08-26 08:49:30,149 [INFO]  -> Success: https://live4.mar.tv/d342c66782f05e9a064aaa5eec78c59f39d0883d3f97571e41b884867bc2dea9/dia/index.m3u8
2026-08-26 08:49:30,185 [INFO] Scraping chveniarxi...
2026-08-26 08:49:33,504 [INFO]  -> Success: https://live3.mar.tv/d342c66782f05e9a064aaa5eec78c59f39d0883d3f97571e41b884867bc2dea9/45rd/index.m3u8
2026-08-26 08:49:33,542 [INFO] Scraping batumitv...
2026-08-26 08:49:36,855 [INFO]  -> Success: https://live5.mar.tv/d342c66782f05e9a064aaa5eec78c59f39d0883d3f97571e41b884867bc2dea9/46/index.m3u8
2026-08-26 08:49:36,887 [INFO] Scraping rcheuli...
2026-08-26 08:49:40,198 [INFO]  -> Success: https://live5.mar.tv/d342c66782f05e9a064aaa5eec78c59f39d0883d3f97571e41b884867bc2dea9/47/index.m3u8
2026-08-26 08:49:40,231 [INFO] Scraping gurjaani...
2026-08-26 08:49:43,550 [INFO]  -> Success: https://live4.mar.tv/d342c66782f05e9a064aaa5eec78c59f39d0883d3f97571e41b884867bc2dea9/48m/index.m3u8
2026-08-26 08:49:43,582 [INFO] Scraping molitv...
2026-08-26 08:49:46,902 [INFO]  -> Success: https://live6.mar.tv/d342c66782f05e9a064aaa5eec78c59f39d0883d3f97571e41b884867bc2dea9/mollltv/index.m3u8
2026-08-26 08:49:46,937 [INFO] Scraping mexute...
2026-08-26 08:49:50,249 [INFO]  -> Success: https://live6.mar.tv/d342c66782f05e9a064aaa5eec78c59f39d0883d3f97571e41b884867bc2dea9/50/index.m3u8
2026-08-26 08:49:50,284 [INFO] Scraping agrogaremo...
2026-08-26 08:49:53,599 [INFO]  -> Success: https://live6.mar.tv/d342c66782f05e9a064aaa5eec78c59f39d0883d3f97571e41b884867bc2dea9/agrogaremo/index.m3u8
2026-08-26 08:49:53,630 [INFO] Scraping artv...
2026-08-26 08:49:56,942 [INFO]  -> Success: https://live6.mar.tv/d342c66782f05e9a064aaa5eec78c59f39d0883d3f97571e41b884867bc2dea9/tafutv/index.m3u8
2026-08-26 08:49:56,977 [INFO] Scraping meteo24...
2026-08-26 08:50:00,292 [INFO]  -> Success: https://live5.mar.tv/d342c66782f05e9a064aaa5eec78c59f39d0883d3f97571e41b884867bc2dea9/56/index.m3u8
2026-08-26 08:50:00,324 [INFO] Scraping georgiantimes...
2026-08-26 08:50:03,634 [INFO]  -> Success: https://live5.mar.tv/d342c66782f05e9a064aaa5eec78c59f39d0883d3f97571e41b884867bc2dea9/57/index.m3u8
2026-08-26 08:50:03,667 [INFO] Scraping silkuniversal...
2026-08-26 08:50:06,980 [INFO]  -> Success: https://live2.mar.tv/d342c66782f05e9a064aaa5eec78c59f39d0883d3f97571e41b884867bc2dea9/1arxiweb/index.m3u8
2026-08-26 08:50:07,013 [INFO] Scraping rugbytv...
2026-08-26 08:50:10,338 [INFO]  -> Success: https://live4.mar.tv/d342c66782f05e9a064aaa5eec78c59f39d0883d3f97571e41b884867bc2dea9/160m/index.m3u8
2026-08-26 08:50:10,371 [INFO] Scraping gms...
2026-08-26 08:50:13,680 [INFO]  -> Success: https://live5.mar.tv/d342c66782f05e9a064aaa5eec78c59f39d0883d3f97571e41b884867bc2dea9/161/index.m3u8
2026-08-26 08:50:13,713 [INFO] Scraping aiatv...
2026-08-26 08:50:17,030 [INFO]  -> Success: https://live6.mar.tv/d342c66782f05e9a064aaa5eec78c59f39d0883d3f97571e41b884867bc2dea9/aia/index.m3u8
2026-08-26 08:50:17,062 [INFO] Scraping batumi2...
2026-08-26 08:50:20,378 [INFO]  -> Success: https://live6.mar.tv/d342c66782f05e9a064aaa5eec78c59f39d0883d3f97571e41b884867bc2dea9/batumitv2/index.m3u8
2026-08-26 08:50:20,409 [INFO] Scraping altinfo...
2026-08-26 08:50:23,727 [INFO]  -> Success: https://live6.mar.tv/d342c66782f05e9a064aaa5eec78c59f39d0883d3f97571e41b884867bc2dea9/altinfo/index.m3u8
2026-08-26 08:50:23,765 [INFO] Scraping parliament...
2026-08-26 08:50:27,077 [INFO]  -> Success: https://live6.mar.tv/d342c66782f05e9a064aaa5eec78c59f39d0883d3f97571e41b884867bc2dea9/parlament/index.m3u8
2026-08-26 08:50:27,110 [INFO] Scraping egrisi...
2026-08-26 08:50:30,426 [INFO]  -> Success: https://live6.mar.tv/d342c66782f05e9a064aaa5eec78c59f39d0883d3f97571e41b884867bc2dea9/egrisi/index.m3u8
2026-08-26 08:50:30,463 [INFO] Scraping mzetv...
2026-08-26 08:50:33,781 [INFO]  -> Success: https://live6.mar.tv/d342c66782f05e9a064aaa5eec78c59f39d0883d3f97571e41b884867bc2dea9/mze/index.m3u8
2026-08-26 08:50:33,828 [WARNING] Failed to find tvg-id="rustavi2" in georgia_channels.m3u
2026-08-26 08:50:33,829 [WARNING] Failed to find tvg-id="maestro" in georgia_channels.m3u
2026-08-26 08:50:33,829 [WARNING] Failed to find tvg-id="marao" in georgia_channels.m3u
2026-08-26 08:50:33,829 [WARNING] Failed to find tvg-id="gds" in georgia_channels.m3u
2026-08-26 08:50:33,829 [WARNING] Failed to find tvg-id="comedy" in georgia_channels.m3u
2026-08-26 08:50:33,829 [WARNING] Failed to find tvg-id="bbb" in georgia_channels.m3u
2026-08-26 08:50:33,830 [WARNING] Failed to find tvg-id="enkibenki" in georgia_channels.m3u
2026-08-26 08:50:33,830 [WARNING] Failed to find tvg-id="adjaratv" in georgia_channels.m3u
2026-08-26 08:50:33,830 [WARNING] Failed to find tvg-id="rionitv" in georgia_channels.m3u
2026-08-26 08:50:33,830 [WARNING] Failed to find tvg-id="tv25" in georgia_channels.m3u
2026-08-26 08:50:33,830 [WARNING] Failed to find tvg-id="tv4rustavi" in georgia_channels.m3u
2026-08-26 08:50:33,831 [WARNING] Failed to find tvg-id="trialeti" in georgia_channels.m3u
2026-08-26 08:50:33,831 [WARNING] Failed to find tvg-id="dardimandi" in georgia_channels.m3u
2026-08-26 08:50:33,831 [WARNING] Failed to find tvg-id="agro" in georgia_channels.m3u
2026-08-26 08:50:33,831 [WARNING] Failed to find tvg-id="samefo" in georgia_channels.m3u
2026-08-26 08:50:33,831 [WARNING] Failed to find tvg-id="postv" in georgia_channels.m3u
2026-08-26 08:50:33,832 [WARNING] Failed to find tvg-id="megatv" in georgia_channels.m3u
2026-08-26 08:50:33,832 [WARNING] Failed to find tvg-id="qartuliarxi" in georgia_channels.m3u
2026-08-26 08:50:33,832 [WARNING] Failed to find tvg-id="musicbox" in georgia_channels.m3u
2026-08-26 08:50:33,832 [WARNING] Failed to find tvg-id="marneuli" in georgia_channels.m3u
2026-08-26 08:50:33,832 [WARNING] Failed to find tvg-id="axaliformula" in georgia_channels.m3u
2026-08-26 08:50:33,832 [WARNING] Failed to find tvg-id="o2" in georgia_channels.m3u
2026-08-26 08:50:33,833 [WARNING] Failed to find tvg-id="guria" in georgia_channels.m3u
2026-08-26 08:50:33,833 [WARNING] Failed to find tvg-id="imervizia" in georgia_channels.m3u
2026-08-26 08:50:33,833 [WARNING] Failed to find tvg-id="diatv" in georgia_channels.m3u
2026-08-26 08:50:33,833 [WARNING] Failed to find tvg-id="chveniarxi" in georgia_channels.m3u
2026-08-26 08:50:33,833 [WARNING] Failed to find tvg-id="batumitv" in georgia_channels.m3u
2026-08-26 08:50:33,834 [WARNING] Failed to find tvg-id="rcheuli" in georgia_channels.m3u
2026-08-26 08:50:33,834 [WARNING] Failed to find tvg-id="gurjaani" in georgia_channels.m3u
2026-08-26 08:50:33,834 [WARNING] Failed to find tvg-id="molitv" in georgia_channels.m3u
2026-08-26 08:50:33,834 [WARNING] Failed to find tvg-id="mexute" in georgia_channels.m3u
2026-08-26 08:50:33,834 [WARNING] Failed to find tvg-id="agrogaremo" in georgia_channels.m3u
2026-08-26 08:50:33,835 [WARNING] Failed to find tvg-id="artv" in georgia_channels.m3u
2026-08-26 08:50:33,835 [WARNING] Failed to find tvg-id="meteo24" in georgia_channels.m3u
2026-08-26 08:50:33,835 [WARNING] Failed to find tvg-id="georgiantimes" in georgia_channels.m3u
2026-08-26 08:50:33,835 [WARNING] Failed to find tvg-id="silkuniversal" in georgia_channels.m3u
2026-08-26 08:50:33,835 [WARNING] Failed to find tvg-id="rugbytv" in georgia_channels.m3u
2026-08-26 08:50:33,836 [WARNING] Failed to find tvg-id="gms" in georgia_channels.m3u
2026-08-26 08:50:33,836 [WARNING] Failed to find tvg-id="aiatv" in georgia_channels.m3u
2026-08-26 08:50:33,836 [WARNING] Failed to find tvg-id="batumi2" in georgia_channels.m3u
2026-08-26 08:50:33,836 [WARNING] Failed to find tvg-id="altinfo" in georgia_channels.m3u
2026-08-26 08:50:33,836 [WARNING] Failed to find tvg-id="parliament" in georgia_channels.m3u
2026-08-26 08:50:33,837 [WARNING] Failed to find tvg-id="egrisi" in georgia_channels.m3u
2026-08-26 08:50:33,837 [WARNING] Failed to find tvg-id="mzetv" in georgia_channels.m3u
2026-08-26 08:50:33,837 [INFO] No file changes were made.
2026-08-26 08:50:33,837 [INFO] === UPDATE EXECUTION FINISHED ===
