2026-08-23 23:24:04,684 [INFO] === UPDATE EXECUTION STARTED ===
2026-08-23 23:24:04,684 [INFO] Fetching Setanta Sports 3 from IPTV-ORG...
2026-08-23 23:24:04,773 [INFO] Launching batch scraper for 44 channels on tv.mar.tv...
2026-08-23 23:24:06,620 [INFO] Scraping rustavi2...
2026-08-23 23:24:11,270 [INFO]  -> Success: https://live8.mar.tv/1/4rd/index.m3u8
2026-08-23 23:24:11,309 [INFO] Scraping maestro...
2026-08-23 23:24:14,583 [INFO]  -> Success: https://live4.mar.tv/e80de8663a7f72d2524b729feb7a9aa9ab9300de1e129d745b76fa4c737f0d27/352m/index.m3u8
2026-08-23 23:24:14,619 [INFO] Scraping marao...
2026-08-23 23:24:17,895 [INFO]  -> Success: https://live2.mar.tv/e80de8663a7f72d2524b729feb7a9aa9ab9300de1e129d745b76fa4c737f0d27/12sd/index.m3u8
2026-08-23 23:24:17,927 [INFO] Scraping gds...
2026-08-23 23:24:21,201 [INFO]  -> Success: https://live1.mar.tv/e80de8663a7f72d2524b729feb7a9aa9ab9300de1e129d745b76fa4c737f0d27/13sd/index.m3u8
2026-08-23 23:24:21,235 [INFO] Scraping comedy...
2026-08-23 23:24:24,509 [INFO]  -> Success: https://live4.mar.tv/e80de8663a7f72d2524b729feb7a9aa9ab9300de1e129d745b76fa4c737f0d27/14rd/index.m3u8
2026-08-23 23:24:24,542 [INFO] Scraping bbb...
2026-08-23 23:24:27,814 [INFO]  -> Success: https://live2.mar.tv/e80de8663a7f72d2524b729feb7a9aa9ab9300de1e129d745b76fa4c737f0d27/16sd/index.m3u8
2026-08-23 23:24:27,854 [INFO] Scraping enkibenki...
2026-08-23 23:24:31,124 [INFO]  -> Success: https://live2.mar.tv/e80de8663a7f72d2524b729feb7a9aa9ab9300de1e129d745b76fa4c737f0d27/17e/index.m3u8
2026-08-23 23:24:31,158 [INFO] Scraping adjaratv...
2026-08-23 23:24:34,442 [INFO]  -> Success: https://live2.mar.tv/e80de8663a7f72d2524b729feb7a9aa9ab9300de1e129d745b76fa4c737f0d27/19rd/index.m3u8
2026-08-23 23:24:34,477 [INFO] Scraping rionitv...
2026-08-23 23:24:37,753 [INFO]  -> Success: https://live6.mar.tv/e80de8663a7f72d2524b729feb7a9aa9ab9300de1e129d745b76fa4c737f0d27/20rionn/index.m3u8
2026-08-23 23:24:37,785 [INFO] Scraping tv25...
2026-08-23 23:24:41,066 [INFO]  -> Success: https://live6.mar.tv/e80de8663a7f72d2524b729feb7a9aa9ab9300de1e129d745b76fa4c737f0d27/23tv25/index.m3u8
2026-08-23 23:24:41,099 [INFO] Scraping tv4rustavi...
2026-08-23 23:24:44,384 [INFO]  -> Success: https://live6.mar.tv/e80de8663a7f72d2524b729feb7a9aa9ab9300de1e129d745b76fa4c737f0d27/24tw4/index.m3u8
2026-08-23 23:24:44,418 [INFO] Scraping trialeti...
2026-08-23 23:24:47,690 [INFO]  -> Success: https://live6.mar.tv/e80de8663a7f72d2524b729feb7a9aa9ab9300de1e129d745b76fa4c737f0d27/trialleti/index.m3u8
2026-08-23 23:24:47,722 [INFO] Scraping dardimandi...
2026-08-23 23:24:50,998 [INFO]  -> Success: https://live5.mar.tv/e80de8663a7f72d2524b729feb7a9aa9ab9300de1e129d745b76fa4c737f0d27/27/index.m3u8
2026-08-23 23:24:51,030 [INFO] Scraping agro...
2026-08-23 23:24:54,298 [INFO]  -> Success: https://live5.mar.tv/e80de8663a7f72d2524b729feb7a9aa9ab9300de1e129d745b76fa4c737f0d27/28/index.m3u8
2026-08-23 23:24:54,329 [INFO] Scraping samefo...
2026-08-23 23:24:57,601 [INFO]  -> Success: https://live5.mar.tv/e80de8663a7f72d2524b729feb7a9aa9ab9300de1e129d745b76fa4c737f0d27/29/index.m3u8
2026-08-23 23:24:57,637 [INFO] Scraping postv...
2026-08-23 23:25:00,910 [INFO]  -> Success: https://live6.mar.tv/e80de8663a7f72d2524b729feb7a9aa9ab9300de1e129d745b76fa4c737f0d27/postvw/index.m3u8
2026-08-23 23:25:00,943 [INFO] Scraping megatv...
2026-08-23 23:25:04,238 [INFO]  -> Success: https://live4.mar.tv/e80de8663a7f72d2524b729feb7a9aa9ab9300de1e129d745b76fa4c737f0d27/32st/index.m3u8
2026-08-23 23:25:04,269 [INFO] Scraping qartuliarxi...
2026-08-23 23:25:07,541 [INFO]  -> Success: https://live6.mar.tv/e80de8663a7f72d2524b729feb7a9aa9ab9300de1e129d745b76fa4c737f0d27/qartuli/index.m3u8
2026-08-23 23:25:07,574 [INFO] Scraping musicbox...
2026-08-23 23:25:10,845 [INFO]  -> Success: https://live6.mar.tv/e80de8663a7f72d2524b729feb7a9aa9ab9300de1e129d745b76fa4c737f0d27/34musge/index.m3u8
2026-08-23 23:25:10,877 [INFO] Scraping marneuli...
2026-08-23 23:25:14,148 [INFO]  -> Success: https://live6.mar.tv/e80de8663a7f72d2524b729feb7a9aa9ab9300de1e129d745b76fa4c737f0d27/37marn/index.m3u8
2026-08-23 23:25:14,181 [INFO] Scraping axaliformula...
2026-08-23 23:25:17,452 [INFO]  -> Success: https://live6.mar.tv/e80de8663a7f72d2524b729feb7a9aa9ab9300de1e129d745b76fa4c737f0d27/axaliformla/index.m3u8
2026-08-23 23:25:17,484 [INFO] Scraping o2...
2026-08-23 23:25:20,760 [INFO]  -> Success: https://live5.mar.tv/e80de8663a7f72d2524b729feb7a9aa9ab9300de1e129d745b76fa4c737f0d27/40/index.m3u8
2026-08-23 23:25:20,794 [INFO] Scraping guria...
2026-08-23 23:25:24,079 [INFO]  -> Success: https://live5.mar.tv/e80de8663a7f72d2524b729feb7a9aa9ab9300de1e129d745b76fa4c737f0d27/42/index.m3u8
2026-08-23 23:25:24,114 [INFO] Scraping imervizia...
2026-08-23 23:25:27,386 [INFO]  -> Success: https://live6.mar.tv/e80de8663a7f72d2524b729feb7a9aa9ab9300de1e129d745b76fa4c737f0d27/imervizia/index.m3u8
2026-08-23 23:25:27,418 [INFO] Scraping diatv...
2026-08-23 23:25:30,691 [INFO]  -> Success: https://live4.mar.tv/e80de8663a7f72d2524b729feb7a9aa9ab9300de1e129d745b76fa4c737f0d27/dia/index.m3u8
2026-08-23 23:25:30,723 [INFO] Scraping chveniarxi...
2026-08-23 23:25:33,994 [INFO]  -> Success: https://live3.mar.tv/e80de8663a7f72d2524b729feb7a9aa9ab9300de1e129d745b76fa4c737f0d27/45rd/index.m3u8
2026-08-23 23:25:34,024 [INFO] Scraping batumitv...
2026-08-23 23:25:37,298 [INFO]  -> Success: https://live5.mar.tv/e80de8663a7f72d2524b729feb7a9aa9ab9300de1e129d745b76fa4c737f0d27/46/index.m3u8
2026-08-23 23:25:37,332 [INFO] Scraping rcheuli...
2026-08-23 23:25:40,603 [INFO]  -> Success: https://live5.mar.tv/e80de8663a7f72d2524b729feb7a9aa9ab9300de1e129d745b76fa4c737f0d27/47/index.m3u8
2026-08-23 23:25:40,637 [INFO] Scraping gurjaani...
2026-08-23 23:25:43,909 [INFO]  -> Success: https://live4.mar.tv/e80de8663a7f72d2524b729feb7a9aa9ab9300de1e129d745b76fa4c737f0d27/48m/index.m3u8
2026-08-23 23:25:43,944 [INFO] Scraping molitv...
2026-08-23 23:25:47,219 [INFO]  -> Success: https://live6.mar.tv/e80de8663a7f72d2524b729feb7a9aa9ab9300de1e129d745b76fa4c737f0d27/mollltv/index.m3u8
2026-08-23 23:25:47,252 [INFO] Scraping mexute...
2026-08-23 23:25:50,525 [INFO]  -> Success: https://live6.mar.tv/e80de8663a7f72d2524b729feb7a9aa9ab9300de1e129d745b76fa4c737f0d27/50/index.m3u8
2026-08-23 23:25:50,558 [INFO] Scraping agrogaremo...
2026-08-23 23:25:53,830 [INFO]  -> Success: https://live6.mar.tv/e80de8663a7f72d2524b729feb7a9aa9ab9300de1e129d745b76fa4c737f0d27/agrogaremo/index.m3u8
2026-08-23 23:25:53,862 [INFO] Scraping artv...
2026-08-23 23:25:57,134 [INFO]  -> Success: https://live6.mar.tv/e80de8663a7f72d2524b729feb7a9aa9ab9300de1e129d745b76fa4c737f0d27/tafutv/index.m3u8
2026-08-23 23:25:57,168 [INFO] Scraping meteo24...
2026-08-23 23:26:00,438 [INFO]  -> Success: https://live5.mar.tv/e80de8663a7f72d2524b729feb7a9aa9ab9300de1e129d745b76fa4c737f0d27/56/index.m3u8
2026-08-23 23:26:00,472 [INFO] Scraping georgiantimes...
2026-08-23 23:26:03,747 [INFO]  -> Success: https://live5.mar.tv/e80de8663a7f72d2524b729feb7a9aa9ab9300de1e129d745b76fa4c737f0d27/57/index.m3u8
2026-08-23 23:26:03,781 [INFO] Scraping silkuniversal...
2026-08-23 23:26:07,051 [INFO]  -> Success: https://live2.mar.tv/e80de8663a7f72d2524b729feb7a9aa9ab9300de1e129d745b76fa4c737f0d27/1arxiweb/index.m3u8
2026-08-23 23:26:07,085 [INFO] Scraping rugbytv...
2026-08-23 23:26:10,357 [INFO]  -> Success: https://live4.mar.tv/e80de8663a7f72d2524b729feb7a9aa9ab9300de1e129d745b76fa4c737f0d27/160m/index.m3u8
2026-08-23 23:26:10,390 [INFO] Scraping gms...
2026-08-23 23:26:13,662 [INFO]  -> Success: https://live5.mar.tv/e80de8663a7f72d2524b729feb7a9aa9ab9300de1e129d745b76fa4c737f0d27/161/index.m3u8
2026-08-23 23:26:13,696 [INFO] Scraping aiatv...
2026-08-23 23:26:16,968 [INFO]  -> Success: https://live6.mar.tv/e80de8663a7f72d2524b729feb7a9aa9ab9300de1e129d745b76fa4c737f0d27/aia/index.m3u8
2026-08-23 23:26:17,004 [INFO] Scraping batumi2...
2026-08-23 23:26:20,278 [INFO]  -> Success: https://live6.mar.tv/e80de8663a7f72d2524b729feb7a9aa9ab9300de1e129d745b76fa4c737f0d27/batumitv2/index.m3u8
2026-08-23 23:26:20,310 [INFO] Scraping altinfo...
2026-08-23 23:26:23,582 [INFO]  -> Success: https://live6.mar.tv/e80de8663a7f72d2524b729feb7a9aa9ab9300de1e129d745b76fa4c737f0d27/altinfo/index.m3u8
2026-08-23 23:26:23,618 [INFO] Scraping parliament...
2026-08-23 23:26:26,899 [INFO]  -> Success: https://live6.mar.tv/e80de8663a7f72d2524b729feb7a9aa9ab9300de1e129d745b76fa4c737f0d27/parlament/index.m3u8
2026-08-23 23:26:26,933 [INFO] Scraping egrisi...
2026-08-23 23:26:30,204 [INFO]  -> Success: https://live6.mar.tv/e80de8663a7f72d2524b729feb7a9aa9ab9300de1e129d745b76fa4c737f0d27/egrisi/index.m3u8
2026-08-23 23:26:30,236 [INFO] Scraping mzetv...
2026-08-23 23:26:33,512 [INFO]  -> Success: https://live6.mar.tv/e80de8663a7f72d2524b729feb7a9aa9ab9300de1e129d745b76fa4c737f0d27/mze/index.m3u8
2026-08-23 23:26:33,561 [WARNING] Failed to find tvg-id="rustavi2" in georgia_channels.m3u
2026-08-23 23:26:33,562 [WARNING] Failed to find tvg-id="maestro" in georgia_channels.m3u
2026-08-23 23:26:33,562 [WARNING] Failed to find tvg-id="marao" in georgia_channels.m3u
2026-08-23 23:26:33,562 [WARNING] Failed to find tvg-id="gds" in georgia_channels.m3u
2026-08-23 23:26:33,563 [WARNING] Failed to find tvg-id="comedy" in georgia_channels.m3u
2026-08-23 23:26:33,563 [WARNING] Failed to find tvg-id="bbb" in georgia_channels.m3u
2026-08-23 23:26:33,563 [WARNING] Failed to find tvg-id="enkibenki" in georgia_channels.m3u
2026-08-23 23:26:33,563 [WARNING] Failed to find tvg-id="adjaratv" in georgia_channels.m3u
2026-08-23 23:26:33,564 [WARNING] Failed to find tvg-id="rionitv" in georgia_channels.m3u
2026-08-23 23:26:33,564 [WARNING] Failed to find tvg-id="tv25" in georgia_channels.m3u
2026-08-23 23:26:33,564 [WARNING] Failed to find tvg-id="tv4rustavi" in georgia_channels.m3u
2026-08-23 23:26:33,564 [WARNING] Failed to find tvg-id="trialeti" in georgia_channels.m3u
2026-08-23 23:26:33,565 [WARNING] Failed to find tvg-id="dardimandi" in georgia_channels.m3u
2026-08-23 23:26:33,565 [WARNING] Failed to find tvg-id="agro" in georgia_channels.m3u
2026-08-23 23:26:33,565 [WARNING] Failed to find tvg-id="samefo" in georgia_channels.m3u
2026-08-23 23:26:33,565 [WARNING] Failed to find tvg-id="postv" in georgia_channels.m3u
2026-08-23 23:26:33,566 [WARNING] Failed to find tvg-id="megatv" in georgia_channels.m3u
2026-08-23 23:26:33,566 [WARNING] Failed to find tvg-id="qartuliarxi" in georgia_channels.m3u
2026-08-23 23:26:33,566 [WARNING] Failed to find tvg-id="musicbox" in georgia_channels.m3u
2026-08-23 23:26:33,566 [WARNING] Failed to find tvg-id="marneuli" in georgia_channels.m3u
2026-08-23 23:26:33,567 [WARNING] Failed to find tvg-id="axaliformula" in georgia_channels.m3u
2026-08-23 23:26:33,567 [WARNING] Failed to find tvg-id="o2" in georgia_channels.m3u
2026-08-23 23:26:33,567 [WARNING] Failed to find tvg-id="guria" in georgia_channels.m3u
2026-08-23 23:26:33,567 [WARNING] Failed to find tvg-id="imervizia" in georgia_channels.m3u
2026-08-23 23:26:33,567 [WARNING] Failed to find tvg-id="diatv" in georgia_channels.m3u
2026-08-23 23:26:33,567 [WARNING] Failed to find tvg-id="chveniarxi" in georgia_channels.m3u
2026-08-23 23:26:33,568 [WARNING] Failed to find tvg-id="batumitv" in georgia_channels.m3u
2026-08-23 23:26:33,568 [WARNING] Failed to find tvg-id="rcheuli" in georgia_channels.m3u
2026-08-23 23:26:33,568 [WARNING] Failed to find tvg-id="gurjaani" in georgia_channels.m3u
2026-08-23 23:26:33,568 [WARNING] Failed to find tvg-id="molitv" in georgia_channels.m3u
2026-08-23 23:26:33,569 [WARNING] Failed to find tvg-id="mexute" in georgia_channels.m3u
2026-08-23 23:26:33,569 [WARNING] Failed to find tvg-id="agrogaremo" in georgia_channels.m3u
2026-08-23 23:26:33,569 [WARNING] Failed to find tvg-id="artv" in georgia_channels.m3u
2026-08-23 23:26:33,569 [WARNING] Failed to find tvg-id="meteo24" in georgia_channels.m3u
2026-08-23 23:26:33,570 [WARNING] Failed to find tvg-id="georgiantimes" in georgia_channels.m3u
2026-08-23 23:26:33,570 [WARNING] Failed to find tvg-id="silkuniversal" in georgia_channels.m3u
2026-08-23 23:26:33,570 [WARNING] Failed to find tvg-id="rugbytv" in georgia_channels.m3u
2026-08-23 23:26:33,570 [WARNING] Failed to find tvg-id="gms" in georgia_channels.m3u
2026-08-23 23:26:33,571 [WARNING] Failed to find tvg-id="aiatv" in georgia_channels.m3u
2026-08-23 23:26:33,571 [WARNING] Failed to find tvg-id="batumi2" in georgia_channels.m3u
2026-08-23 23:26:33,571 [WARNING] Failed to find tvg-id="altinfo" in georgia_channels.m3u
2026-08-23 23:26:33,572 [WARNING] Failed to find tvg-id="parliament" in georgia_channels.m3u
2026-08-23 23:26:33,572 [WARNING] Failed to find tvg-id="egrisi" in georgia_channels.m3u
2026-08-23 23:26:33,572 [WARNING] Failed to find tvg-id="mzetv" in georgia_channels.m3u
2026-08-23 23:26:33,572 [INFO] No file changes were made.
2026-08-23 23:26:33,572 [INFO] === UPDATE EXECUTION FINISHED ===
