2026-08-26 03:08:36,113 [INFO] === UPDATE EXECUTION STARTED ===
2026-08-26 03:08:36,113 [INFO] Fetching Setanta Sports 3 from IPTV-ORG...
2026-08-26 03:08:36,301 [INFO] Launching batch scraper for 44 channels on tv.mar.tv...
2026-08-26 03:08:36,869 [INFO] Scraping rustavi2...
2026-08-26 03:08:42,548 [INFO]  -> Success: https://live8.mar.tv/1/4rd/index.m3u8
2026-08-26 03:08:42,583 [INFO] Scraping maestro...
2026-08-26 03:08:45,922 [INFO]  -> Success: https://live4.mar.tv/187d4620f092eda3d89caae86467a0514c19d43261ef482fea7bd143c993a188/352m/index.m3u8
2026-08-26 03:08:45,955 [INFO] Scraping marao...
2026-08-26 03:08:49,292 [INFO]  -> Success: https://live2.mar.tv/187d4620f092eda3d89caae86467a0514c19d43261ef482fea7bd143c993a188/12sd/index.m3u8
2026-08-26 03:08:49,328 [INFO] Scraping gds...
2026-08-26 03:08:52,661 [INFO]  -> Success: https://live1.mar.tv/187d4620f092eda3d89caae86467a0514c19d43261ef482fea7bd143c993a188/13sd/index.m3u8
2026-08-26 03:08:52,695 [INFO] Scraping comedy...
2026-08-26 03:08:56,030 [INFO]  -> Success: https://live4.mar.tv/187d4620f092eda3d89caae86467a0514c19d43261ef482fea7bd143c993a188/14rd/index.m3u8
2026-08-26 03:08:56,063 [INFO] Scraping bbb...
2026-08-26 03:08:59,394 [INFO]  -> Success: https://live2.mar.tv/187d4620f092eda3d89caae86467a0514c19d43261ef482fea7bd143c993a188/16sd/index.m3u8
2026-08-26 03:08:59,427 [INFO] Scraping enkibenki...
2026-08-26 03:09:02,760 [INFO]  -> Success: https://live2.mar.tv/187d4620f092eda3d89caae86467a0514c19d43261ef482fea7bd143c993a188/17e/index.m3u8
2026-08-26 03:09:02,793 [INFO] Scraping adjaratv...
2026-08-26 03:09:06,132 [INFO]  -> Success: https://live2.mar.tv/187d4620f092eda3d89caae86467a0514c19d43261ef482fea7bd143c993a188/19rd/index.m3u8
2026-08-26 03:09:06,168 [INFO] Scraping rionitv...
2026-08-26 03:09:09,502 [INFO]  -> Success: https://live6.mar.tv/187d4620f092eda3d89caae86467a0514c19d43261ef482fea7bd143c993a188/20rionn/index.m3u8
2026-08-26 03:09:09,536 [INFO] Scraping tv25...
2026-08-26 03:09:12,869 [INFO]  -> Success: https://live6.mar.tv/187d4620f092eda3d89caae86467a0514c19d43261ef482fea7bd143c993a188/23tv25/index.m3u8
2026-08-26 03:09:12,903 [INFO] Scraping tv4rustavi...
2026-08-26 03:09:16,239 [INFO]  -> Success: https://live6.mar.tv/187d4620f092eda3d89caae86467a0514c19d43261ef482fea7bd143c993a188/24tw4/index.m3u8
2026-08-26 03:09:16,274 [INFO] Scraping trialeti...
2026-08-26 03:09:19,607 [INFO]  -> Success: https://live6.mar.tv/187d4620f092eda3d89caae86467a0514c19d43261ef482fea7bd143c993a188/trialleti/index.m3u8
2026-08-26 03:09:19,642 [INFO] Scraping dardimandi...
2026-08-26 03:09:22,983 [INFO]  -> Success: https://live5.mar.tv/187d4620f092eda3d89caae86467a0514c19d43261ef482fea7bd143c993a188/27/index.m3u8
2026-08-26 03:09:23,015 [INFO] Scraping agro...
2026-08-26 03:09:26,350 [INFO]  -> Success: https://live5.mar.tv/187d4620f092eda3d89caae86467a0514c19d43261ef482fea7bd143c993a188/28/index.m3u8
2026-08-26 03:09:26,384 [INFO] Scraping samefo...
2026-08-26 03:09:29,722 [INFO]  -> Success: https://live5.mar.tv/187d4620f092eda3d89caae86467a0514c19d43261ef482fea7bd143c993a188/29/index.m3u8
2026-08-26 03:09:29,752 [INFO] Scraping postv...
2026-08-26 03:09:33,088 [INFO]  -> Success: https://live6.mar.tv/187d4620f092eda3d89caae86467a0514c19d43261ef482fea7bd143c993a188/postvw/index.m3u8
2026-08-26 03:09:33,122 [INFO] Scraping megatv...
2026-08-26 03:09:36,458 [INFO]  -> Success: https://live4.mar.tv/187d4620f092eda3d89caae86467a0514c19d43261ef482fea7bd143c993a188/32st/index.m3u8
2026-08-26 03:09:36,491 [INFO] Scraping qartuliarxi...
2026-08-26 03:09:39,829 [INFO]  -> Success: https://live6.mar.tv/187d4620f092eda3d89caae86467a0514c19d43261ef482fea7bd143c993a188/qartuli/index.m3u8
2026-08-26 03:09:39,864 [INFO] Scraping musicbox...
2026-08-26 03:09:43,200 [INFO]  -> Success: https://live6.mar.tv/187d4620f092eda3d89caae86467a0514c19d43261ef482fea7bd143c993a188/34musge/index.m3u8
2026-08-26 03:09:43,231 [INFO] Scraping marneuli...
2026-08-26 03:09:46,569 [INFO]  -> Success: https://live6.mar.tv/187d4620f092eda3d89caae86467a0514c19d43261ef482fea7bd143c993a188/37marn/index.m3u8
2026-08-26 03:09:46,603 [INFO] Scraping axaliformula...
2026-08-26 03:09:49,937 [INFO]  -> Success: https://live6.mar.tv/187d4620f092eda3d89caae86467a0514c19d43261ef482fea7bd143c993a188/axaliformla/index.m3u8
2026-08-26 03:09:49,971 [INFO] Scraping o2...
2026-08-26 03:09:53,304 [INFO]  -> Success: https://live5.mar.tv/187d4620f092eda3d89caae86467a0514c19d43261ef482fea7bd143c993a188/40/index.m3u8
2026-08-26 03:09:53,337 [INFO] Scraping guria...
2026-08-26 03:09:56,672 [INFO]  -> Success: https://live5.mar.tv/187d4620f092eda3d89caae86467a0514c19d43261ef482fea7bd143c993a188/42/index.m3u8
2026-08-26 03:09:56,707 [INFO] Scraping imervizia...
2026-08-26 03:10:00,039 [INFO]  -> Success: https://live6.mar.tv/187d4620f092eda3d89caae86467a0514c19d43261ef482fea7bd143c993a188/imervizia/index.m3u8
2026-08-26 03:10:00,069 [INFO] Scraping diatv...
2026-08-26 03:10:03,407 [INFO]  -> Success: https://live4.mar.tv/187d4620f092eda3d89caae86467a0514c19d43261ef482fea7bd143c993a188/dia/index.m3u8
2026-08-26 03:10:03,441 [INFO] Scraping chveniarxi...
2026-08-26 03:10:06,777 [INFO]  -> Success: https://live3.mar.tv/187d4620f092eda3d89caae86467a0514c19d43261ef482fea7bd143c993a188/45rd/index.m3u8
2026-08-26 03:10:06,811 [INFO] Scraping batumitv...
2026-08-26 03:10:10,144 [INFO]  -> Success: https://live5.mar.tv/187d4620f092eda3d89caae86467a0514c19d43261ef482fea7bd143c993a188/46/index.m3u8
2026-08-26 03:10:10,177 [INFO] Scraping rcheuli...
2026-08-26 03:10:13,508 [INFO]  -> Success: https://live5.mar.tv/187d4620f092eda3d89caae86467a0514c19d43261ef482fea7bd143c993a188/47/index.m3u8
2026-08-26 03:10:13,539 [INFO] Scraping gurjaani...
2026-08-26 03:10:16,875 [INFO]  -> Success: https://live4.mar.tv/187d4620f092eda3d89caae86467a0514c19d43261ef482fea7bd143c993a188/48m/index.m3u8
2026-08-26 03:10:16,907 [INFO] Scraping molitv...
2026-08-26 03:10:20,241 [INFO]  -> Success: https://live6.mar.tv/187d4620f092eda3d89caae86467a0514c19d43261ef482fea7bd143c993a188/mollltv/index.m3u8
2026-08-26 03:10:20,271 [INFO] Scraping mexute...
2026-08-26 03:10:23,609 [INFO]  -> Success: https://live6.mar.tv/187d4620f092eda3d89caae86467a0514c19d43261ef482fea7bd143c993a188/50/index.m3u8
2026-08-26 03:10:23,641 [INFO] Scraping agrogaremo...
2026-08-26 03:10:26,976 [INFO]  -> Success: https://live6.mar.tv/187d4620f092eda3d89caae86467a0514c19d43261ef482fea7bd143c993a188/agrogaremo/index.m3u8
2026-08-26 03:10:27,010 [INFO] Scraping artv...
2026-08-26 03:10:30,342 [INFO]  -> Success: https://live6.mar.tv/187d4620f092eda3d89caae86467a0514c19d43261ef482fea7bd143c993a188/tafutv/index.m3u8
2026-08-26 03:10:30,377 [INFO] Scraping meteo24...
2026-08-26 03:10:33,710 [INFO]  -> Success: https://live5.mar.tv/187d4620f092eda3d89caae86467a0514c19d43261ef482fea7bd143c993a188/56/index.m3u8
2026-08-26 03:10:33,742 [INFO] Scraping georgiantimes...
2026-08-26 03:10:37,078 [INFO]  -> Success: https://live5.mar.tv/187d4620f092eda3d89caae86467a0514c19d43261ef482fea7bd143c993a188/57/index.m3u8
2026-08-26 03:10:37,110 [INFO] Scraping silkuniversal...
2026-08-26 03:10:40,444 [INFO]  -> Success: https://live2.mar.tv/187d4620f092eda3d89caae86467a0514c19d43261ef482fea7bd143c993a188/1arxiweb/index.m3u8
2026-08-26 03:10:40,474 [INFO] Scraping rugbytv...
2026-08-26 03:10:43,808 [INFO]  -> Success: https://live4.mar.tv/187d4620f092eda3d89caae86467a0514c19d43261ef482fea7bd143c993a188/160m/index.m3u8
2026-08-26 03:10:43,840 [INFO] Scraping gms...
2026-08-26 03:10:47,183 [INFO]  -> Success: https://live5.mar.tv/187d4620f092eda3d89caae86467a0514c19d43261ef482fea7bd143c993a188/161/index.m3u8
2026-08-26 03:10:47,216 [INFO] Scraping aiatv...
2026-08-26 03:10:50,551 [INFO]  -> Success: https://live6.mar.tv/187d4620f092eda3d89caae86467a0514c19d43261ef482fea7bd143c993a188/aia/index.m3u8
2026-08-26 03:10:50,585 [INFO] Scraping batumi2...
2026-08-26 03:10:53,919 [INFO]  -> Success: https://live6.mar.tv/187d4620f092eda3d89caae86467a0514c19d43261ef482fea7bd143c993a188/batumitv2/index.m3u8
2026-08-26 03:10:53,954 [INFO] Scraping altinfo...
2026-08-26 03:10:57,289 [INFO]  -> Success: https://live6.mar.tv/187d4620f092eda3d89caae86467a0514c19d43261ef482fea7bd143c993a188/altinfo/index.m3u8
2026-08-26 03:10:57,323 [INFO] Scraping parliament...
2026-08-26 03:11:00,659 [INFO]  -> Success: https://live6.mar.tv/187d4620f092eda3d89caae86467a0514c19d43261ef482fea7bd143c993a188/parlament/index.m3u8
2026-08-26 03:11:00,692 [INFO] Scraping egrisi...
2026-08-26 03:11:04,026 [INFO]  -> Success: https://live6.mar.tv/187d4620f092eda3d89caae86467a0514c19d43261ef482fea7bd143c993a188/egrisi/index.m3u8
2026-08-26 03:11:04,058 [INFO] Scraping mzetv...
2026-08-26 03:11:07,395 [INFO]  -> Success: https://live6.mar.tv/187d4620f092eda3d89caae86467a0514c19d43261ef482fea7bd143c993a188/mze/index.m3u8
2026-08-26 03:11:07,439 [WARNING] Failed to find tvg-id="rustavi2" in georgia_channels.m3u
2026-08-26 03:11:07,439 [WARNING] Failed to find tvg-id="maestro" in georgia_channels.m3u
2026-08-26 03:11:07,440 [WARNING] Failed to find tvg-id="marao" in georgia_channels.m3u
2026-08-26 03:11:07,440 [WARNING] Failed to find tvg-id="gds" in georgia_channels.m3u
2026-08-26 03:11:07,440 [WARNING] Failed to find tvg-id="comedy" in georgia_channels.m3u
2026-08-26 03:11:07,440 [WARNING] Failed to find tvg-id="bbb" in georgia_channels.m3u
2026-08-26 03:11:07,441 [WARNING] Failed to find tvg-id="enkibenki" in georgia_channels.m3u
2026-08-26 03:11:07,441 [WARNING] Failed to find tvg-id="adjaratv" in georgia_channels.m3u
2026-08-26 03:11:07,441 [WARNING] Failed to find tvg-id="rionitv" in georgia_channels.m3u
2026-08-26 03:11:07,442 [WARNING] Failed to find tvg-id="tv25" in georgia_channels.m3u
2026-08-26 03:11:07,442 [WARNING] Failed to find tvg-id="tv4rustavi" in georgia_channels.m3u
2026-08-26 03:11:07,442 [WARNING] Failed to find tvg-id="trialeti" in georgia_channels.m3u
2026-08-26 03:11:07,442 [WARNING] Failed to find tvg-id="dardimandi" in georgia_channels.m3u
2026-08-26 03:11:07,443 [WARNING] Failed to find tvg-id="agro" in georgia_channels.m3u
2026-08-26 03:11:07,443 [WARNING] Failed to find tvg-id="samefo" in georgia_channels.m3u
2026-08-26 03:11:07,443 [WARNING] Failed to find tvg-id="postv" in georgia_channels.m3u
2026-08-26 03:11:07,443 [WARNING] Failed to find tvg-id="megatv" in georgia_channels.m3u
2026-08-26 03:11:07,444 [WARNING] Failed to find tvg-id="qartuliarxi" in georgia_channels.m3u
2026-08-26 03:11:07,444 [WARNING] Failed to find tvg-id="musicbox" in georgia_channels.m3u
2026-08-26 03:11:07,444 [WARNING] Failed to find tvg-id="marneuli" in georgia_channels.m3u
2026-08-26 03:11:07,444 [WARNING] Failed to find tvg-id="axaliformula" in georgia_channels.m3u
2026-08-26 03:11:07,445 [WARNING] Failed to find tvg-id="o2" in georgia_channels.m3u
2026-08-26 03:11:07,445 [WARNING] Failed to find tvg-id="guria" in georgia_channels.m3u
2026-08-26 03:11:07,445 [WARNING] Failed to find tvg-id="imervizia" in georgia_channels.m3u
2026-08-26 03:11:07,446 [WARNING] Failed to find tvg-id="diatv" in georgia_channels.m3u
2026-08-26 03:11:07,446 [WARNING] Failed to find tvg-id="chveniarxi" in georgia_channels.m3u
2026-08-26 03:11:07,446 [WARNING] Failed to find tvg-id="batumitv" in georgia_channels.m3u
2026-08-26 03:11:07,446 [WARNING] Failed to find tvg-id="rcheuli" in georgia_channels.m3u
2026-08-26 03:11:07,447 [WARNING] Failed to find tvg-id="gurjaani" in georgia_channels.m3u
2026-08-26 03:11:07,447 [WARNING] Failed to find tvg-id="molitv" in georgia_channels.m3u
2026-08-26 03:11:07,447 [WARNING] Failed to find tvg-id="mexute" in georgia_channels.m3u
2026-08-26 03:11:07,447 [WARNING] Failed to find tvg-id="agrogaremo" in georgia_channels.m3u
2026-08-26 03:11:07,448 [WARNING] Failed to find tvg-id="artv" in georgia_channels.m3u
2026-08-26 03:11:07,448 [WARNING] Failed to find tvg-id="meteo24" in georgia_channels.m3u
2026-08-26 03:11:07,448 [WARNING] Failed to find tvg-id="georgiantimes" in georgia_channels.m3u
2026-08-26 03:11:07,449 [WARNING] Failed to find tvg-id="silkuniversal" in georgia_channels.m3u
2026-08-26 03:11:07,449 [WARNING] Failed to find tvg-id="rugbytv" in georgia_channels.m3u
2026-08-26 03:11:07,449 [WARNING] Failed to find tvg-id="gms" in georgia_channels.m3u
2026-08-26 03:11:07,449 [WARNING] Failed to find tvg-id="aiatv" in georgia_channels.m3u
2026-08-26 03:11:07,450 [WARNING] Failed to find tvg-id="batumi2" in georgia_channels.m3u
2026-08-26 03:11:07,450 [WARNING] Failed to find tvg-id="altinfo" in georgia_channels.m3u
2026-08-26 03:11:07,450 [WARNING] Failed to find tvg-id="parliament" in georgia_channels.m3u
2026-08-26 03:11:07,450 [WARNING] Failed to find tvg-id="egrisi" in georgia_channels.m3u
2026-08-26 03:11:07,451 [WARNING] Failed to find tvg-id="mzetv" in georgia_channels.m3u
2026-08-26 03:11:07,451 [INFO] No file changes were made.
2026-08-26 03:11:07,451 [INFO] === UPDATE EXECUTION FINISHED ===
