2026-08-24 23:24:58,520 [INFO] === UPDATE EXECUTION STARTED ===
2026-08-24 23:24:58,520 [INFO] Fetching Setanta Sports 3 from IPTV-ORG...
2026-08-24 23:24:58,652 [INFO] Launching batch scraper for 44 channels on tv.mar.tv...
2026-08-24 23:24:59,553 [INFO] Scraping rustavi2...
2026-08-24 23:25:05,030 [INFO]  -> Success: https://live8.mar.tv/1/4rd/index.m3u8
2026-08-24 23:25:05,058 [INFO] Scraping maestro...
2026-08-24 23:25:08,349 [INFO]  -> Success: https://live4.mar.tv/65d4b79829f4042f8df0fd942eb79a3825cd119ed66c74534c708914bac2ae21/352m/index.m3u8
2026-08-24 23:25:08,376 [INFO] Scraping marao...
2026-08-24 23:25:11,666 [INFO]  -> Success: https://live2.mar.tv/65d4b79829f4042f8df0fd942eb79a3825cd119ed66c74534c708914bac2ae21/12sd/index.m3u8
2026-08-24 23:25:11,696 [INFO] Scraping gds...
2026-08-24 23:25:14,987 [INFO]  -> Success: https://live1.mar.tv/65d4b79829f4042f8df0fd942eb79a3825cd119ed66c74534c708914bac2ae21/13sd/index.m3u8
2026-08-24 23:25:15,017 [INFO] Scraping comedy...
2026-08-24 23:25:18,309 [INFO]  -> Success: https://live4.mar.tv/65d4b79829f4042f8df0fd942eb79a3825cd119ed66c74534c708914bac2ae21/14rd/index.m3u8
2026-08-24 23:25:18,337 [INFO] Scraping bbb...
2026-08-24 23:25:21,634 [INFO]  -> Success: https://live2.mar.tv/65d4b79829f4042f8df0fd942eb79a3825cd119ed66c74534c708914bac2ae21/16sd/index.m3u8
2026-08-24 23:25:21,662 [INFO] Scraping enkibenki...
2026-08-24 23:25:24,957 [INFO]  -> Success: https://live2.mar.tv/65d4b79829f4042f8df0fd942eb79a3825cd119ed66c74534c708914bac2ae21/17e/index.m3u8
2026-08-24 23:25:24,984 [INFO] Scraping adjaratv...
2026-08-24 23:25:28,276 [INFO]  -> Success: https://live2.mar.tv/65d4b79829f4042f8df0fd942eb79a3825cd119ed66c74534c708914bac2ae21/19rd/index.m3u8
2026-08-24 23:25:28,302 [INFO] Scraping rionitv...
2026-08-24 23:25:31,597 [INFO]  -> Success: https://live6.mar.tv/65d4b79829f4042f8df0fd942eb79a3825cd119ed66c74534c708914bac2ae21/20rionn/index.m3u8
2026-08-24 23:25:31,623 [INFO] Scraping tv25...
2026-08-24 23:25:34,920 [INFO]  -> Success: https://live6.mar.tv/65d4b79829f4042f8df0fd942eb79a3825cd119ed66c74534c708914bac2ae21/23tv25/index.m3u8
2026-08-24 23:25:34,947 [INFO] Scraping tv4rustavi...
2026-08-24 23:25:38,241 [INFO]  -> Success: https://live6.mar.tv/65d4b79829f4042f8df0fd942eb79a3825cd119ed66c74534c708914bac2ae21/24tw4/index.m3u8
2026-08-24 23:25:38,267 [INFO] Scraping trialeti...
2026-08-24 23:25:41,564 [INFO]  -> Success: https://live6.mar.tv/65d4b79829f4042f8df0fd942eb79a3825cd119ed66c74534c708914bac2ae21/trialleti/index.m3u8
2026-08-24 23:25:41,591 [INFO] Scraping dardimandi...
2026-08-24 23:25:44,886 [INFO]  -> Success: https://live5.mar.tv/65d4b79829f4042f8df0fd942eb79a3825cd119ed66c74534c708914bac2ae21/27/index.m3u8
2026-08-24 23:25:44,914 [INFO] Scraping agro...
2026-08-24 23:25:48,210 [INFO]  -> Success: https://live5.mar.tv/65d4b79829f4042f8df0fd942eb79a3825cd119ed66c74534c708914bac2ae21/28/index.m3u8
2026-08-24 23:25:48,235 [INFO] Scraping samefo...
2026-08-24 23:25:51,529 [INFO]  -> Success: https://live5.mar.tv/65d4b79829f4042f8df0fd942eb79a3825cd119ed66c74534c708914bac2ae21/29/index.m3u8
2026-08-24 23:25:51,556 [INFO] Scraping postv...
2026-08-24 23:25:54,850 [INFO]  -> Success: https://live6.mar.tv/65d4b79829f4042f8df0fd942eb79a3825cd119ed66c74534c708914bac2ae21/postvw/index.m3u8
2026-08-24 23:25:54,877 [INFO] Scraping megatv...
2026-08-24 23:25:58,172 [INFO]  -> Success: https://live4.mar.tv/65d4b79829f4042f8df0fd942eb79a3825cd119ed66c74534c708914bac2ae21/32st/index.m3u8
2026-08-24 23:25:58,201 [INFO] Scraping qartuliarxi...
2026-08-24 23:26:01,491 [INFO]  -> Success: https://live6.mar.tv/65d4b79829f4042f8df0fd942eb79a3825cd119ed66c74534c708914bac2ae21/qartuli/index.m3u8
2026-08-24 23:26:01,518 [INFO] Scraping musicbox...
2026-08-24 23:26:04,810 [INFO]  -> Success: https://live6.mar.tv/65d4b79829f4042f8df0fd942eb79a3825cd119ed66c74534c708914bac2ae21/34musge/index.m3u8
2026-08-24 23:26:04,836 [INFO] Scraping marneuli...
2026-08-24 23:26:08,129 [INFO]  -> Success: https://live6.mar.tv/65d4b79829f4042f8df0fd942eb79a3825cd119ed66c74534c708914bac2ae21/37marn/index.m3u8
2026-08-24 23:26:08,157 [INFO] Scraping axaliformula...
2026-08-24 23:26:11,455 [INFO]  -> Success: https://live6.mar.tv/65d4b79829f4042f8df0fd942eb79a3825cd119ed66c74534c708914bac2ae21/axaliformla/index.m3u8
2026-08-24 23:26:11,482 [INFO] Scraping o2...
2026-08-24 23:26:14,776 [INFO]  -> Success: https://live5.mar.tv/65d4b79829f4042f8df0fd942eb79a3825cd119ed66c74534c708914bac2ae21/40/index.m3u8
2026-08-24 23:26:14,803 [INFO] Scraping guria...
2026-08-24 23:26:18,095 [INFO]  -> Success: https://live5.mar.tv/65d4b79829f4042f8df0fd942eb79a3825cd119ed66c74534c708914bac2ae21/42/index.m3u8
2026-08-24 23:26:18,125 [INFO] Scraping imervizia...
2026-08-24 23:26:21,418 [INFO]  -> Success: https://live6.mar.tv/65d4b79829f4042f8df0fd942eb79a3825cd119ed66c74534c708914bac2ae21/imervizia/index.m3u8
2026-08-24 23:26:21,446 [INFO] Scraping diatv...
2026-08-24 23:26:24,736 [INFO]  -> Success: https://live4.mar.tv/65d4b79829f4042f8df0fd942eb79a3825cd119ed66c74534c708914bac2ae21/dia/index.m3u8
2026-08-24 23:26:24,764 [INFO] Scraping chveniarxi...
2026-08-24 23:26:28,058 [INFO]  -> Success: https://live3.mar.tv/65d4b79829f4042f8df0fd942eb79a3825cd119ed66c74534c708914bac2ae21/45rd/index.m3u8
2026-08-24 23:26:28,087 [INFO] Scraping batumitv...
2026-08-24 23:26:31,381 [INFO]  -> Success: https://live5.mar.tv/65d4b79829f4042f8df0fd942eb79a3825cd119ed66c74534c708914bac2ae21/46/index.m3u8
2026-08-24 23:26:31,409 [INFO] Scraping rcheuli...
2026-08-24 23:26:34,706 [INFO]  -> Success: https://live5.mar.tv/65d4b79829f4042f8df0fd942eb79a3825cd119ed66c74534c708914bac2ae21/47/index.m3u8
2026-08-24 23:26:34,733 [INFO] Scraping gurjaani...
2026-08-24 23:26:38,026 [INFO]  -> Success: https://live4.mar.tv/65d4b79829f4042f8df0fd942eb79a3825cd119ed66c74534c708914bac2ae21/48m/index.m3u8
2026-08-24 23:26:38,055 [INFO] Scraping molitv...
2026-08-24 23:26:41,348 [INFO]  -> Success: https://live6.mar.tv/65d4b79829f4042f8df0fd942eb79a3825cd119ed66c74534c708914bac2ae21/mollltv/index.m3u8
2026-08-24 23:26:41,377 [INFO] Scraping mexute...
2026-08-24 23:26:44,669 [INFO]  -> Success: https://live6.mar.tv/65d4b79829f4042f8df0fd942eb79a3825cd119ed66c74534c708914bac2ae21/50/index.m3u8
2026-08-24 23:26:44,696 [INFO] Scraping agrogaremo...
2026-08-24 23:26:47,991 [INFO]  -> Success: https://live6.mar.tv/65d4b79829f4042f8df0fd942eb79a3825cd119ed66c74534c708914bac2ae21/agrogaremo/index.m3u8
2026-08-24 23:26:48,019 [INFO] Scraping artv...
2026-08-24 23:26:51,314 [INFO]  -> Success: https://live6.mar.tv/65d4b79829f4042f8df0fd942eb79a3825cd119ed66c74534c708914bac2ae21/tafutv/index.m3u8
2026-08-24 23:26:51,341 [INFO] Scraping meteo24...
2026-08-24 23:26:54,632 [INFO]  -> Success: https://live5.mar.tv/65d4b79829f4042f8df0fd942eb79a3825cd119ed66c74534c708914bac2ae21/56/index.m3u8
2026-08-24 23:26:54,659 [INFO] Scraping georgiantimes...
2026-08-24 23:26:57,955 [INFO]  -> Success: https://live5.mar.tv/65d4b79829f4042f8df0fd942eb79a3825cd119ed66c74534c708914bac2ae21/57/index.m3u8
2026-08-24 23:26:57,983 [INFO] Scraping silkuniversal...
2026-08-24 23:27:01,286 [INFO]  -> Success: https://live2.mar.tv/65d4b79829f4042f8df0fd942eb79a3825cd119ed66c74534c708914bac2ae21/1arxiweb/index.m3u8
2026-08-24 23:27:01,315 [INFO] Scraping rugbytv...
2026-08-24 23:27:04,609 [INFO]  -> Success: https://live4.mar.tv/65d4b79829f4042f8df0fd942eb79a3825cd119ed66c74534c708914bac2ae21/160m/index.m3u8
2026-08-24 23:27:04,635 [INFO] Scraping gms...
2026-08-24 23:27:07,930 [INFO]  -> Success: https://live5.mar.tv/65d4b79829f4042f8df0fd942eb79a3825cd119ed66c74534c708914bac2ae21/161/index.m3u8
2026-08-24 23:27:07,956 [INFO] Scraping aiatv...
2026-08-24 23:27:11,248 [INFO]  -> Success: https://live6.mar.tv/65d4b79829f4042f8df0fd942eb79a3825cd119ed66c74534c708914bac2ae21/aia/index.m3u8
2026-08-24 23:27:11,276 [INFO] Scraping batumi2...
2026-08-24 23:27:14,569 [INFO]  -> Success: https://live6.mar.tv/65d4b79829f4042f8df0fd942eb79a3825cd119ed66c74534c708914bac2ae21/batumitv2/index.m3u8
2026-08-24 23:27:14,597 [INFO] Scraping altinfo...
2026-08-24 23:27:17,888 [INFO]  -> Success: https://live6.mar.tv/65d4b79829f4042f8df0fd942eb79a3825cd119ed66c74534c708914bac2ae21/altinfo/index.m3u8
2026-08-24 23:27:17,917 [INFO] Scraping parliament...
2026-08-24 23:27:21,209 [INFO]  -> Success: https://live6.mar.tv/65d4b79829f4042f8df0fd942eb79a3825cd119ed66c74534c708914bac2ae21/parlament/index.m3u8
2026-08-24 23:27:21,236 [INFO] Scraping egrisi...
2026-08-24 23:27:24,530 [INFO]  -> Success: https://live6.mar.tv/65d4b79829f4042f8df0fd942eb79a3825cd119ed66c74534c708914bac2ae21/egrisi/index.m3u8
2026-08-24 23:27:24,558 [INFO] Scraping mzetv...
2026-08-24 23:27:27,853 [INFO]  -> Success: https://live6.mar.tv/65d4b79829f4042f8df0fd942eb79a3825cd119ed66c74534c708914bac2ae21/mze/index.m3u8
2026-08-24 23:27:27,911 [WARNING] Failed to find tvg-id="rustavi2" in georgia_channels.m3u
2026-08-24 23:27:27,912 [WARNING] Failed to find tvg-id="maestro" in georgia_channels.m3u
2026-08-24 23:27:27,912 [WARNING] Failed to find tvg-id="marao" in georgia_channels.m3u
2026-08-24 23:27:27,912 [WARNING] Failed to find tvg-id="gds" in georgia_channels.m3u
2026-08-24 23:27:27,912 [WARNING] Failed to find tvg-id="comedy" in georgia_channels.m3u
2026-08-24 23:27:27,912 [WARNING] Failed to find tvg-id="bbb" in georgia_channels.m3u
2026-08-24 23:27:27,912 [WARNING] Failed to find tvg-id="enkibenki" in georgia_channels.m3u
2026-08-24 23:27:27,912 [WARNING] Failed to find tvg-id="adjaratv" in georgia_channels.m3u
2026-08-24 23:27:27,913 [WARNING] Failed to find tvg-id="rionitv" in georgia_channels.m3u
2026-08-24 23:27:27,913 [WARNING] Failed to find tvg-id="tv25" in georgia_channels.m3u
2026-08-24 23:27:27,913 [WARNING] Failed to find tvg-id="tv4rustavi" in georgia_channels.m3u
2026-08-24 23:27:27,913 [WARNING] Failed to find tvg-id="trialeti" in georgia_channels.m3u
2026-08-24 23:27:27,913 [WARNING] Failed to find tvg-id="dardimandi" in georgia_channels.m3u
2026-08-24 23:27:27,913 [WARNING] Failed to find tvg-id="agro" in georgia_channels.m3u
2026-08-24 23:27:27,913 [WARNING] Failed to find tvg-id="samefo" in georgia_channels.m3u
2026-08-24 23:27:27,914 [WARNING] Failed to find tvg-id="postv" in georgia_channels.m3u
2026-08-24 23:27:27,914 [WARNING] Failed to find tvg-id="megatv" in georgia_channels.m3u
2026-08-24 23:27:27,914 [WARNING] Failed to find tvg-id="qartuliarxi" in georgia_channels.m3u
2026-08-24 23:27:27,914 [WARNING] Failed to find tvg-id="musicbox" in georgia_channels.m3u
2026-08-24 23:27:27,914 [WARNING] Failed to find tvg-id="marneuli" in georgia_channels.m3u
2026-08-24 23:27:27,914 [WARNING] Failed to find tvg-id="axaliformula" in georgia_channels.m3u
2026-08-24 23:27:27,915 [WARNING] Failed to find tvg-id="o2" in georgia_channels.m3u
2026-08-24 23:27:27,915 [WARNING] Failed to find tvg-id="guria" in georgia_channels.m3u
2026-08-24 23:27:27,915 [WARNING] Failed to find tvg-id="imervizia" in georgia_channels.m3u
2026-08-24 23:27:27,915 [WARNING] Failed to find tvg-id="diatv" in georgia_channels.m3u
2026-08-24 23:27:27,915 [WARNING] Failed to find tvg-id="chveniarxi" in georgia_channels.m3u
2026-08-24 23:27:27,915 [WARNING] Failed to find tvg-id="batumitv" in georgia_channels.m3u
2026-08-24 23:27:27,915 [WARNING] Failed to find tvg-id="rcheuli" in georgia_channels.m3u
2026-08-24 23:27:27,916 [WARNING] Failed to find tvg-id="gurjaani" in georgia_channels.m3u
2026-08-24 23:27:27,916 [WARNING] Failed to find tvg-id="molitv" in georgia_channels.m3u
2026-08-24 23:27:27,916 [WARNING] Failed to find tvg-id="mexute" in georgia_channels.m3u
2026-08-24 23:27:27,916 [WARNING] Failed to find tvg-id="agrogaremo" in georgia_channels.m3u
2026-08-24 23:27:27,916 [WARNING] Failed to find tvg-id="artv" in georgia_channels.m3u
2026-08-24 23:27:27,916 [WARNING] Failed to find tvg-id="meteo24" in georgia_channels.m3u
2026-08-24 23:27:27,916 [WARNING] Failed to find tvg-id="georgiantimes" in georgia_channels.m3u
2026-08-24 23:27:27,917 [WARNING] Failed to find tvg-id="silkuniversal" in georgia_channels.m3u
2026-08-24 23:27:27,917 [WARNING] Failed to find tvg-id="rugbytv" in georgia_channels.m3u
2026-08-24 23:27:27,917 [WARNING] Failed to find tvg-id="gms" in georgia_channels.m3u
2026-08-24 23:27:27,917 [WARNING] Failed to find tvg-id="aiatv" in georgia_channels.m3u
2026-08-24 23:27:27,917 [WARNING] Failed to find tvg-id="batumi2" in georgia_channels.m3u
2026-08-24 23:27:27,917 [WARNING] Failed to find tvg-id="altinfo" in georgia_channels.m3u
2026-08-24 23:27:27,917 [WARNING] Failed to find tvg-id="parliament" in georgia_channels.m3u
2026-08-24 23:27:27,918 [WARNING] Failed to find tvg-id="egrisi" in georgia_channels.m3u
2026-08-24 23:27:27,918 [WARNING] Failed to find tvg-id="mzetv" in georgia_channels.m3u
2026-08-24 23:27:27,918 [INFO] No file changes were made.
2026-08-24 23:27:27,918 [INFO] === UPDATE EXECUTION FINISHED ===
