2026-08-22 01:21:41,707 [INFO] === UPDATE EXECUTION STARTED ===
2026-08-22 01:21:41,707 [INFO] Fetching Setanta Sports 3 from IPTV-ORG...
2026-08-22 01:21:41,865 [INFO] Launching batch scraper for 44 channels on tv.mar.tv...
2026-08-22 01:21:43,765 [INFO] Scraping rustavi2...
2026-08-22 01:21:49,464 [INFO]  -> Success: https://live8.mar.tv/1/4rd/index.m3u8
2026-08-22 01:21:49,500 [INFO] Scraping maestro...
2026-08-22 01:21:52,841 [INFO]  -> Success: https://live4.mar.tv/add8f82f9a78fe5e92877d1fe61416ebbf60db511007ebddaaca662452f9c739/352m/index.m3u8
2026-08-22 01:21:52,876 [INFO] Scraping marao...
2026-08-22 01:21:56,219 [INFO]  -> Success: https://live2.mar.tv/add8f82f9a78fe5e92877d1fe61416ebbf60db511007ebddaaca662452f9c739/12sd/index.m3u8
2026-08-22 01:21:56,255 [INFO] Scraping gds...
2026-08-22 01:21:59,594 [INFO]  -> Success: https://live1.mar.tv/add8f82f9a78fe5e92877d1fe61416ebbf60db511007ebddaaca662452f9c739/13sd/index.m3u8
2026-08-22 01:21:59,629 [INFO] Scraping comedy...
2026-08-22 01:22:02,972 [INFO]  -> Success: https://live4.mar.tv/add8f82f9a78fe5e92877d1fe61416ebbf60db511007ebddaaca662452f9c739/14rd/index.m3u8
2026-08-22 01:22:03,005 [INFO] Scraping bbb...
2026-08-22 01:22:06,347 [INFO]  -> Success: https://live2.mar.tv/add8f82f9a78fe5e92877d1fe61416ebbf60db511007ebddaaca662452f9c739/16sd/index.m3u8
2026-08-22 01:22:06,383 [INFO] Scraping enkibenki...
2026-08-22 01:22:09,725 [INFO]  -> Success: https://live2.mar.tv/add8f82f9a78fe5e92877d1fe61416ebbf60db511007ebddaaca662452f9c739/17e/index.m3u8
2026-08-22 01:22:09,758 [INFO] Scraping adjaratv...
2026-08-22 01:22:13,101 [INFO]  -> Success: https://live2.mar.tv/add8f82f9a78fe5e92877d1fe61416ebbf60db511007ebddaaca662452f9c739/19rd/index.m3u8
2026-08-22 01:22:13,137 [INFO] Scraping rionitv...
2026-08-22 01:22:16,478 [INFO]  -> Success: https://live6.mar.tv/add8f82f9a78fe5e92877d1fe61416ebbf60db511007ebddaaca662452f9c739/20rionn/index.m3u8
2026-08-22 01:22:16,514 [INFO] Scraping tv25...
2026-08-22 01:22:19,853 [INFO]  -> Success: https://live6.mar.tv/add8f82f9a78fe5e92877d1fe61416ebbf60db511007ebddaaca662452f9c739/23tv25/index.m3u8
2026-08-22 01:22:19,887 [INFO] Scraping tv4rustavi...
2026-08-22 01:22:23,225 [INFO]  -> Success: https://live6.mar.tv/add8f82f9a78fe5e92877d1fe61416ebbf60db511007ebddaaca662452f9c739/24tw4/index.m3u8
2026-08-22 01:22:23,257 [INFO] Scraping trialeti...
2026-08-22 01:22:26,601 [INFO]  -> Success: https://live6.mar.tv/add8f82f9a78fe5e92877d1fe61416ebbf60db511007ebddaaca662452f9c739/trialleti/index.m3u8
2026-08-22 01:22:26,636 [INFO] Scraping dardimandi...
2026-08-22 01:22:29,975 [INFO]  -> Success: https://live5.mar.tv/add8f82f9a78fe5e92877d1fe61416ebbf60db511007ebddaaca662452f9c739/27/index.m3u8
2026-08-22 01:22:30,012 [INFO] Scraping agro...
2026-08-22 01:22:33,351 [INFO]  -> Success: https://live5.mar.tv/add8f82f9a78fe5e92877d1fe61416ebbf60db511007ebddaaca662452f9c739/28/index.m3u8
2026-08-22 01:22:33,386 [INFO] Scraping samefo...
2026-08-22 01:22:36,729 [INFO]  -> Success: https://live5.mar.tv/add8f82f9a78fe5e92877d1fe61416ebbf60db511007ebddaaca662452f9c739/29/index.m3u8
2026-08-22 01:22:36,761 [INFO] Scraping postv...
2026-08-22 01:22:40,103 [INFO]  -> Success: https://live6.mar.tv/add8f82f9a78fe5e92877d1fe61416ebbf60db511007ebddaaca662452f9c739/postvw/index.m3u8
2026-08-22 01:22:40,136 [INFO] Scraping megatv...
2026-08-22 01:22:43,475 [INFO]  -> Success: https://live4.mar.tv/add8f82f9a78fe5e92877d1fe61416ebbf60db511007ebddaaca662452f9c739/32st/index.m3u8
2026-08-22 01:22:43,511 [INFO] Scraping qartuliarxi...
2026-08-22 01:22:46,850 [INFO]  -> Success: https://live6.mar.tv/add8f82f9a78fe5e92877d1fe61416ebbf60db511007ebddaaca662452f9c739/qartuli/index.m3u8
2026-08-22 01:22:46,885 [INFO] Scraping musicbox...
2026-08-22 01:22:50,226 [INFO]  -> Success: https://live6.mar.tv/add8f82f9a78fe5e92877d1fe61416ebbf60db511007ebddaaca662452f9c739/34musge/index.m3u8
2026-08-22 01:22:50,260 [INFO] Scraping marneuli...
2026-08-22 01:22:53,600 [INFO]  -> Success: https://live6.mar.tv/add8f82f9a78fe5e92877d1fe61416ebbf60db511007ebddaaca662452f9c739/37marn/index.m3u8
2026-08-22 01:22:53,635 [INFO] Scraping axaliformula...
2026-08-22 01:22:56,980 [INFO]  -> Success: https://live6.mar.tv/add8f82f9a78fe5e92877d1fe61416ebbf60db511007ebddaaca662452f9c739/axaliformla/index.m3u8
2026-08-22 01:22:57,016 [INFO] Scraping o2...
2026-08-22 01:23:00,358 [INFO]  -> Success: https://live5.mar.tv/add8f82f9a78fe5e92877d1fe61416ebbf60db511007ebddaaca662452f9c739/40/index.m3u8
2026-08-22 01:23:00,395 [INFO] Scraping guria...
2026-08-22 01:23:03,733 [INFO]  -> Success: https://live5.mar.tv/add8f82f9a78fe5e92877d1fe61416ebbf60db511007ebddaaca662452f9c739/42/index.m3u8
2026-08-22 01:23:03,770 [INFO] Scraping imervizia...
2026-08-22 01:23:07,111 [INFO]  -> Success: https://live6.mar.tv/add8f82f9a78fe5e92877d1fe61416ebbf60db511007ebddaaca662452f9c739/imervizia/index.m3u8
2026-08-22 01:23:07,146 [INFO] Scraping diatv...
2026-08-22 01:23:10,489 [INFO]  -> Success: https://live4.mar.tv/add8f82f9a78fe5e92877d1fe61416ebbf60db511007ebddaaca662452f9c739/dia/index.m3u8
2026-08-22 01:23:10,522 [INFO] Scraping chveniarxi...
2026-08-22 01:23:13,862 [INFO]  -> Success: https://live3.mar.tv/add8f82f9a78fe5e92877d1fe61416ebbf60db511007ebddaaca662452f9c739/45rd/index.m3u8
2026-08-22 01:23:13,900 [INFO] Scraping batumitv...
2026-08-22 01:23:17,244 [INFO]  -> Success: https://live5.mar.tv/add8f82f9a78fe5e92877d1fe61416ebbf60db511007ebddaaca662452f9c739/46/index.m3u8
2026-08-22 01:23:17,277 [INFO] Scraping rcheuli...
2026-08-22 01:23:20,615 [INFO]  -> Success: https://live5.mar.tv/add8f82f9a78fe5e92877d1fe61416ebbf60db511007ebddaaca662452f9c739/47/index.m3u8
2026-08-22 01:23:20,650 [INFO] Scraping gurjaani...
2026-08-22 01:23:23,993 [INFO]  -> Success: https://live4.mar.tv/add8f82f9a78fe5e92877d1fe61416ebbf60db511007ebddaaca662452f9c739/48m/index.m3u8
2026-08-22 01:23:24,029 [INFO] Scraping molitv...
2026-08-22 01:23:27,372 [INFO]  -> Success: https://live6.mar.tv/add8f82f9a78fe5e92877d1fe61416ebbf60db511007ebddaaca662452f9c739/mollltv/index.m3u8
2026-08-22 01:23:27,404 [INFO] Scraping mexute...
2026-08-22 01:23:30,748 [INFO]  -> Success: https://live6.mar.tv/add8f82f9a78fe5e92877d1fe61416ebbf60db511007ebddaaca662452f9c739/50/index.m3u8
2026-08-22 01:23:30,784 [INFO] Scraping agrogaremo...
2026-08-22 01:23:34,121 [INFO]  -> Success: https://live6.mar.tv/add8f82f9a78fe5e92877d1fe61416ebbf60db511007ebddaaca662452f9c739/agrogaremo/index.m3u8
2026-08-22 01:23:34,152 [INFO] Scraping artv...
2026-08-22 01:23:37,493 [INFO]  -> Success: https://live6.mar.tv/add8f82f9a78fe5e92877d1fe61416ebbf60db511007ebddaaca662452f9c739/tafutv/index.m3u8
2026-08-22 01:23:37,527 [INFO] Scraping meteo24...
2026-08-22 01:23:40,868 [INFO]  -> Success: https://live5.mar.tv/add8f82f9a78fe5e92877d1fe61416ebbf60db511007ebddaaca662452f9c739/56/index.m3u8
2026-08-22 01:23:40,904 [INFO] Scraping georgiantimes...
2026-08-22 01:23:44,245 [INFO]  -> Success: https://live5.mar.tv/add8f82f9a78fe5e92877d1fe61416ebbf60db511007ebddaaca662452f9c739/57/index.m3u8
2026-08-22 01:23:44,279 [INFO] Scraping silkuniversal...
2026-08-22 01:23:47,621 [INFO]  -> Success: https://live2.mar.tv/add8f82f9a78fe5e92877d1fe61416ebbf60db511007ebddaaca662452f9c739/1arxiweb/index.m3u8
2026-08-22 01:23:47,655 [INFO] Scraping rugbytv...
2026-08-22 01:23:51,000 [INFO]  -> Success: https://live4.mar.tv/add8f82f9a78fe5e92877d1fe61416ebbf60db511007ebddaaca662452f9c739/160m/index.m3u8
2026-08-22 01:23:51,035 [INFO] Scraping gms...
2026-08-22 01:23:54,379 [INFO]  -> Success: https://live5.mar.tv/add8f82f9a78fe5e92877d1fe61416ebbf60db511007ebddaaca662452f9c739/161/index.m3u8
2026-08-22 01:23:54,413 [INFO] Scraping aiatv...
2026-08-22 01:23:57,756 [INFO]  -> Success: https://live6.mar.tv/add8f82f9a78fe5e92877d1fe61416ebbf60db511007ebddaaca662452f9c739/aia/index.m3u8
2026-08-22 01:23:57,789 [INFO] Scraping batumi2...
2026-08-22 01:24:01,126 [INFO]  -> Success: https://live6.mar.tv/add8f82f9a78fe5e92877d1fe61416ebbf60db511007ebddaaca662452f9c739/batumitv2/index.m3u8
2026-08-22 01:24:01,160 [INFO] Scraping altinfo...
2026-08-22 01:24:04,497 [INFO]  -> Success: https://live6.mar.tv/add8f82f9a78fe5e92877d1fe61416ebbf60db511007ebddaaca662452f9c739/altinfo/index.m3u8
2026-08-22 01:24:04,532 [INFO] Scraping parliament...
2026-08-22 01:24:07,871 [INFO]  -> Success: https://live6.mar.tv/add8f82f9a78fe5e92877d1fe61416ebbf60db511007ebddaaca662452f9c739/parlament/index.m3u8
2026-08-22 01:24:07,907 [INFO] Scraping egrisi...
2026-08-22 01:24:11,249 [INFO]  -> Success: https://live6.mar.tv/add8f82f9a78fe5e92877d1fe61416ebbf60db511007ebddaaca662452f9c739/egrisi/index.m3u8
2026-08-22 01:24:11,284 [INFO] Scraping mzetv...
2026-08-22 01:24:14,624 [INFO]  -> Success: https://live6.mar.tv/add8f82f9a78fe5e92877d1fe61416ebbf60db511007ebddaaca662452f9c739/mze/index.m3u8
2026-08-22 01:24:14,674 [WARNING] Failed to find tvg-id="rustavi2" in georgia_channels.m3u
2026-08-22 01:24:14,674 [WARNING] Failed to find tvg-id="maestro" in georgia_channels.m3u
2026-08-22 01:24:14,674 [WARNING] Failed to find tvg-id="marao" in georgia_channels.m3u
2026-08-22 01:24:14,674 [WARNING] Failed to find tvg-id="gds" in georgia_channels.m3u
2026-08-22 01:24:14,675 [WARNING] Failed to find tvg-id="comedy" in georgia_channels.m3u
2026-08-22 01:24:14,675 [WARNING] Failed to find tvg-id="bbb" in georgia_channels.m3u
2026-08-22 01:24:14,675 [WARNING] Failed to find tvg-id="enkibenki" in georgia_channels.m3u
2026-08-22 01:24:14,675 [WARNING] Failed to find tvg-id="adjaratv" in georgia_channels.m3u
2026-08-22 01:24:14,675 [WARNING] Failed to find tvg-id="rionitv" in georgia_channels.m3u
2026-08-22 01:24:14,676 [WARNING] Failed to find tvg-id="tv25" in georgia_channels.m3u
2026-08-22 01:24:14,676 [WARNING] Failed to find tvg-id="tv4rustavi" in georgia_channels.m3u
2026-08-22 01:24:14,676 [WARNING] Failed to find tvg-id="trialeti" in georgia_channels.m3u
2026-08-22 01:24:14,676 [WARNING] Failed to find tvg-id="dardimandi" in georgia_channels.m3u
2026-08-22 01:24:14,676 [WARNING] Failed to find tvg-id="agro" in georgia_channels.m3u
2026-08-22 01:24:14,677 [WARNING] Failed to find tvg-id="samefo" in georgia_channels.m3u
2026-08-22 01:24:14,677 [WARNING] Failed to find tvg-id="postv" in georgia_channels.m3u
2026-08-22 01:24:14,677 [WARNING] Failed to find tvg-id="megatv" in georgia_channels.m3u
2026-08-22 01:24:14,677 [WARNING] Failed to find tvg-id="qartuliarxi" in georgia_channels.m3u
2026-08-22 01:24:14,677 [WARNING] Failed to find tvg-id="musicbox" in georgia_channels.m3u
2026-08-22 01:24:14,678 [WARNING] Failed to find tvg-id="marneuli" in georgia_channels.m3u
2026-08-22 01:24:14,678 [WARNING] Failed to find tvg-id="axaliformula" in georgia_channels.m3u
2026-08-22 01:24:14,678 [WARNING] Failed to find tvg-id="o2" in georgia_channels.m3u
2026-08-22 01:24:14,678 [WARNING] Failed to find tvg-id="guria" in georgia_channels.m3u
2026-08-22 01:24:14,678 [WARNING] Failed to find tvg-id="imervizia" in georgia_channels.m3u
2026-08-22 01:24:14,679 [WARNING] Failed to find tvg-id="diatv" in georgia_channels.m3u
2026-08-22 01:24:14,679 [WARNING] Failed to find tvg-id="chveniarxi" in georgia_channels.m3u
2026-08-22 01:24:14,679 [WARNING] Failed to find tvg-id="batumitv" in georgia_channels.m3u
2026-08-22 01:24:14,679 [WARNING] Failed to find tvg-id="rcheuli" in georgia_channels.m3u
2026-08-22 01:24:14,679 [WARNING] Failed to find tvg-id="gurjaani" in georgia_channels.m3u
2026-08-22 01:24:14,679 [WARNING] Failed to find tvg-id="molitv" in georgia_channels.m3u
2026-08-22 01:24:14,680 [WARNING] Failed to find tvg-id="mexute" in georgia_channels.m3u
2026-08-22 01:24:14,680 [WARNING] Failed to find tvg-id="agrogaremo" in georgia_channels.m3u
2026-08-22 01:24:14,680 [WARNING] Failed to find tvg-id="artv" in georgia_channels.m3u
2026-08-22 01:24:14,680 [WARNING] Failed to find tvg-id="meteo24" in georgia_channels.m3u
2026-08-22 01:24:14,680 [WARNING] Failed to find tvg-id="georgiantimes" in georgia_channels.m3u
2026-08-22 01:24:14,681 [WARNING] Failed to find tvg-id="silkuniversal" in georgia_channels.m3u
2026-08-22 01:24:14,681 [WARNING] Failed to find tvg-id="rugbytv" in georgia_channels.m3u
2026-08-22 01:24:14,681 [WARNING] Failed to find tvg-id="gms" in georgia_channels.m3u
2026-08-22 01:24:14,681 [WARNING] Failed to find tvg-id="aiatv" in georgia_channels.m3u
2026-08-22 01:24:14,681 [WARNING] Failed to find tvg-id="batumi2" in georgia_channels.m3u
2026-08-22 01:24:14,682 [WARNING] Failed to find tvg-id="altinfo" in georgia_channels.m3u
2026-08-22 01:24:14,682 [WARNING] Failed to find tvg-id="parliament" in georgia_channels.m3u
2026-08-22 01:24:14,682 [WARNING] Failed to find tvg-id="egrisi" in georgia_channels.m3u
2026-08-22 01:24:14,682 [WARNING] Failed to find tvg-id="mzetv" in georgia_channels.m3u
2026-08-22 01:24:14,682 [INFO] No file changes were made.
2026-08-22 01:24:14,682 [INFO] === UPDATE EXECUTION FINISHED ===
