2026-08-26 11:32:48,383 [INFO] === UPDATE EXECUTION STARTED ===
2026-08-26 11:32:48,383 [INFO] Fetching Setanta Sports 3 from IPTV-ORG...
2026-08-26 11:32:48,516 [INFO] Launching batch scraper for 44 channels on tv.mar.tv...
2026-08-26 11:32:50,019 [INFO] Scraping rustavi2...
2026-08-26 11:32:55,467 [INFO]  -> Success: https://live8.mar.tv/1/4rd/index.m3u8
2026-08-26 11:32:55,505 [INFO] Scraping maestro...
2026-08-26 11:32:58,840 [INFO]  -> Success: https://live4.mar.tv/068f53687d9e1d66630e7d298ad4bd5c83f5cc5f3ef577b5fdf56643497d5343/352m/index.m3u8
2026-08-26 11:32:58,875 [INFO] Scraping marao...
2026-08-26 11:33:02,214 [INFO]  -> Success: https://live2.mar.tv/068f53687d9e1d66630e7d298ad4bd5c83f5cc5f3ef577b5fdf56643497d5343/12sd/index.m3u8
2026-08-26 11:33:02,246 [INFO] Scraping gds...
2026-08-26 11:33:05,578 [INFO]  -> Success: https://live1.mar.tv/068f53687d9e1d66630e7d298ad4bd5c83f5cc5f3ef577b5fdf56643497d5343/13sd/index.m3u8
2026-08-26 11:33:05,612 [INFO] Scraping comedy...
2026-08-26 11:33:08,945 [INFO]  -> Success: https://live4.mar.tv/068f53687d9e1d66630e7d298ad4bd5c83f5cc5f3ef577b5fdf56643497d5343/14rd/index.m3u8
2026-08-26 11:33:08,979 [INFO] Scraping bbb...
2026-08-26 11:33:12,311 [INFO]  -> Success: https://live2.mar.tv/068f53687d9e1d66630e7d298ad4bd5c83f5cc5f3ef577b5fdf56643497d5343/16sd/index.m3u8
2026-08-26 11:33:12,346 [INFO] Scraping enkibenki...
2026-08-26 11:33:15,676 [INFO]  -> Success: https://live2.mar.tv/068f53687d9e1d66630e7d298ad4bd5c83f5cc5f3ef577b5fdf56643497d5343/17e/index.m3u8
2026-08-26 11:33:15,710 [INFO] Scraping adjaratv...
2026-08-26 11:33:19,047 [INFO]  -> Success: https://live2.mar.tv/068f53687d9e1d66630e7d298ad4bd5c83f5cc5f3ef577b5fdf56643497d5343/19rd/index.m3u8
2026-08-26 11:33:19,080 [INFO] Scraping rionitv...
2026-08-26 11:33:22,413 [INFO]  -> Success: https://live6.mar.tv/068f53687d9e1d66630e7d298ad4bd5c83f5cc5f3ef577b5fdf56643497d5343/20rionn/index.m3u8
2026-08-26 11:33:22,448 [INFO] Scraping tv25...
2026-08-26 11:33:25,786 [INFO]  -> Success: https://live6.mar.tv/068f53687d9e1d66630e7d298ad4bd5c83f5cc5f3ef577b5fdf56643497d5343/23tv25/index.m3u8
2026-08-26 11:33:25,818 [INFO] Scraping tv4rustavi...
2026-08-26 11:33:29,154 [INFO]  -> Success: https://live6.mar.tv/068f53687d9e1d66630e7d298ad4bd5c83f5cc5f3ef577b5fdf56643497d5343/24tw4/index.m3u8
2026-08-26 11:33:29,189 [INFO] Scraping trialeti...
2026-08-26 11:33:32,525 [INFO]  -> Success: https://live6.mar.tv/068f53687d9e1d66630e7d298ad4bd5c83f5cc5f3ef577b5fdf56643497d5343/trialleti/index.m3u8
2026-08-26 11:33:32,561 [INFO] Scraping dardimandi...
2026-08-26 11:33:35,896 [INFO]  -> Success: https://live5.mar.tv/068f53687d9e1d66630e7d298ad4bd5c83f5cc5f3ef577b5fdf56643497d5343/27/index.m3u8
2026-08-26 11:33:35,928 [INFO] Scraping agro...
2026-08-26 11:33:39,262 [INFO]  -> Success: https://live5.mar.tv/068f53687d9e1d66630e7d298ad4bd5c83f5cc5f3ef577b5fdf56643497d5343/28/index.m3u8
2026-08-26 11:33:39,293 [INFO] Scraping samefo...
2026-08-26 11:33:42,627 [INFO]  -> Success: https://live5.mar.tv/068f53687d9e1d66630e7d298ad4bd5c83f5cc5f3ef577b5fdf56643497d5343/29/index.m3u8
2026-08-26 11:33:42,659 [INFO] Scraping postv...
2026-08-26 11:33:45,991 [INFO]  -> Success: https://live6.mar.tv/068f53687d9e1d66630e7d298ad4bd5c83f5cc5f3ef577b5fdf56643497d5343/postvw/index.m3u8
2026-08-26 11:33:46,023 [INFO] Scraping megatv...
2026-08-26 11:33:49,363 [INFO]  -> Success: https://live4.mar.tv/068f53687d9e1d66630e7d298ad4bd5c83f5cc5f3ef577b5fdf56643497d5343/32st/index.m3u8
2026-08-26 11:33:49,394 [INFO] Scraping qartuliarxi...
2026-08-26 11:33:52,730 [INFO]  -> Success: https://live6.mar.tv/068f53687d9e1d66630e7d298ad4bd5c83f5cc5f3ef577b5fdf56643497d5343/qartuli/index.m3u8
2026-08-26 11:33:52,762 [INFO] Scraping musicbox...
2026-08-26 11:33:56,093 [INFO]  -> Success: https://live6.mar.tv/068f53687d9e1d66630e7d298ad4bd5c83f5cc5f3ef577b5fdf56643497d5343/34musge/index.m3u8
2026-08-26 11:33:56,124 [INFO] Scraping marneuli...
2026-08-26 11:33:59,458 [INFO]  -> Success: https://live6.mar.tv/068f53687d9e1d66630e7d298ad4bd5c83f5cc5f3ef577b5fdf56643497d5343/37marn/index.m3u8
2026-08-26 11:33:59,495 [INFO] Scraping axaliformula...
2026-08-26 11:34:02,830 [INFO]  -> Success: https://live6.mar.tv/068f53687d9e1d66630e7d298ad4bd5c83f5cc5f3ef577b5fdf56643497d5343/axaliformla/index.m3u8
2026-08-26 11:34:02,860 [INFO] Scraping o2...
2026-08-26 11:34:06,193 [INFO]  -> Success: https://live5.mar.tv/068f53687d9e1d66630e7d298ad4bd5c83f5cc5f3ef577b5fdf56643497d5343/40/index.m3u8
2026-08-26 11:34:06,227 [INFO] Scraping guria...
2026-08-26 11:34:09,559 [INFO]  -> Success: https://live5.mar.tv/068f53687d9e1d66630e7d298ad4bd5c83f5cc5f3ef577b5fdf56643497d5343/42/index.m3u8
2026-08-26 11:34:09,591 [INFO] Scraping imervizia...
2026-08-26 11:34:12,922 [INFO]  -> Success: https://live6.mar.tv/068f53687d9e1d66630e7d298ad4bd5c83f5cc5f3ef577b5fdf56643497d5343/imervizia/index.m3u8
2026-08-26 11:34:12,955 [INFO] Scraping diatv...
2026-08-26 11:34:16,293 [INFO]  -> Success: https://live4.mar.tv/068f53687d9e1d66630e7d298ad4bd5c83f5cc5f3ef577b5fdf56643497d5343/dia/index.m3u8
2026-08-26 11:34:16,328 [INFO] Scraping chveniarxi...
2026-08-26 11:34:19,662 [INFO]  -> Success: https://live3.mar.tv/068f53687d9e1d66630e7d298ad4bd5c83f5cc5f3ef577b5fdf56643497d5343/45rd/index.m3u8
2026-08-26 11:34:19,696 [INFO] Scraping batumitv...
2026-08-26 11:34:23,032 [INFO]  -> Success: https://live5.mar.tv/068f53687d9e1d66630e7d298ad4bd5c83f5cc5f3ef577b5fdf56643497d5343/46/index.m3u8
2026-08-26 11:34:23,065 [INFO] Scraping rcheuli...
2026-08-26 11:34:26,406 [INFO]  -> Success: https://live5.mar.tv/068f53687d9e1d66630e7d298ad4bd5c83f5cc5f3ef577b5fdf56643497d5343/47/index.m3u8
2026-08-26 11:34:26,441 [INFO] Scraping gurjaani...
2026-08-26 11:34:29,776 [INFO]  -> Success: https://live4.mar.tv/068f53687d9e1d66630e7d298ad4bd5c83f5cc5f3ef577b5fdf56643497d5343/48m/index.m3u8
2026-08-26 11:34:29,808 [INFO] Scraping molitv...
2026-08-26 11:34:33,142 [INFO]  -> Success: https://live6.mar.tv/068f53687d9e1d66630e7d298ad4bd5c83f5cc5f3ef577b5fdf56643497d5343/mollltv/index.m3u8
2026-08-26 11:34:33,175 [INFO] Scraping mexute...
2026-08-26 11:34:36,514 [INFO]  -> Success: https://live6.mar.tv/068f53687d9e1d66630e7d298ad4bd5c83f5cc5f3ef577b5fdf56643497d5343/50/index.m3u8
2026-08-26 11:34:36,548 [INFO] Scraping agrogaremo...
2026-08-26 11:34:39,885 [INFO]  -> Success: https://live6.mar.tv/068f53687d9e1d66630e7d298ad4bd5c83f5cc5f3ef577b5fdf56643497d5343/agrogaremo/index.m3u8
2026-08-26 11:34:39,918 [INFO] Scraping artv...
2026-08-26 11:34:43,254 [INFO]  -> Success: https://live6.mar.tv/068f53687d9e1d66630e7d298ad4bd5c83f5cc5f3ef577b5fdf56643497d5343/tafutv/index.m3u8
2026-08-26 11:34:43,287 [INFO] Scraping meteo24...
2026-08-26 11:34:46,622 [INFO]  -> Success: https://live5.mar.tv/068f53687d9e1d66630e7d298ad4bd5c83f5cc5f3ef577b5fdf56643497d5343/56/index.m3u8
2026-08-26 11:34:46,653 [INFO] Scraping georgiantimes...
2026-08-26 11:34:49,984 [INFO]  -> Success: https://live5.mar.tv/068f53687d9e1d66630e7d298ad4bd5c83f5cc5f3ef577b5fdf56643497d5343/57/index.m3u8
2026-08-26 11:34:50,020 [INFO] Scraping silkuniversal...
2026-08-26 11:34:53,351 [INFO]  -> Success: https://live2.mar.tv/068f53687d9e1d66630e7d298ad4bd5c83f5cc5f3ef577b5fdf56643497d5343/1arxiweb/index.m3u8
2026-08-26 11:34:53,402 [INFO] Scraping rugbytv...
2026-08-26 11:34:56,740 [INFO]  -> Success: https://live4.mar.tv/068f53687d9e1d66630e7d298ad4bd5c83f5cc5f3ef577b5fdf56643497d5343/160m/index.m3u8
2026-08-26 11:34:56,773 [INFO] Scraping gms...
2026-08-26 11:35:00,105 [INFO]  -> Success: https://live5.mar.tv/068f53687d9e1d66630e7d298ad4bd5c83f5cc5f3ef577b5fdf56643497d5343/161/index.m3u8
2026-08-26 11:35:00,140 [INFO] Scraping aiatv...
2026-08-26 11:35:03,476 [INFO]  -> Success: https://live6.mar.tv/068f53687d9e1d66630e7d298ad4bd5c83f5cc5f3ef577b5fdf56643497d5343/aia/index.m3u8
2026-08-26 11:35:03,507 [INFO] Scraping batumi2...
2026-08-26 11:35:06,835 [INFO]  -> Success: https://live6.mar.tv/068f53687d9e1d66630e7d298ad4bd5c83f5cc5f3ef577b5fdf56643497d5343/batumitv2/index.m3u8
2026-08-26 11:35:06,868 [INFO] Scraping altinfo...
2026-08-26 11:35:10,200 [INFO]  -> Success: https://live6.mar.tv/068f53687d9e1d66630e7d298ad4bd5c83f5cc5f3ef577b5fdf56643497d5343/altinfo/index.m3u8
2026-08-26 11:35:10,232 [INFO] Scraping parliament...
2026-08-26 11:35:13,567 [INFO]  -> Success: https://live6.mar.tv/068f53687d9e1d66630e7d298ad4bd5c83f5cc5f3ef577b5fdf56643497d5343/parlament/index.m3u8
2026-08-26 11:35:13,602 [INFO] Scraping egrisi...
2026-08-26 11:35:16,940 [INFO]  -> Success: https://live6.mar.tv/068f53687d9e1d66630e7d298ad4bd5c83f5cc5f3ef577b5fdf56643497d5343/egrisi/index.m3u8
2026-08-26 11:35:16,974 [INFO] Scraping mzetv...
2026-08-26 11:35:20,306 [INFO]  -> Success: https://live6.mar.tv/068f53687d9e1d66630e7d298ad4bd5c83f5cc5f3ef577b5fdf56643497d5343/mze/index.m3u8
2026-08-26 11:35:20,358 [WARNING] Failed to find tvg-id="rustavi2" in georgia_channels.m3u
2026-08-26 11:35:20,359 [WARNING] Failed to find tvg-id="maestro" in georgia_channels.m3u
2026-08-26 11:35:20,359 [WARNING] Failed to find tvg-id="marao" in georgia_channels.m3u
2026-08-26 11:35:20,359 [WARNING] Failed to find tvg-id="gds" in georgia_channels.m3u
2026-08-26 11:35:20,360 [WARNING] Failed to find tvg-id="comedy" in georgia_channels.m3u
2026-08-26 11:35:20,360 [WARNING] Failed to find tvg-id="bbb" in georgia_channels.m3u
2026-08-26 11:35:20,360 [WARNING] Failed to find tvg-id="enkibenki" in georgia_channels.m3u
2026-08-26 11:35:20,360 [WARNING] Failed to find tvg-id="adjaratv" in georgia_channels.m3u
2026-08-26 11:35:20,361 [WARNING] Failed to find tvg-id="rionitv" in georgia_channels.m3u
2026-08-26 11:35:20,361 [WARNING] Failed to find tvg-id="tv25" in georgia_channels.m3u
2026-08-26 11:35:20,361 [WARNING] Failed to find tvg-id="tv4rustavi" in georgia_channels.m3u
2026-08-26 11:35:20,361 [WARNING] Failed to find tvg-id="trialeti" in georgia_channels.m3u
2026-08-26 11:35:20,362 [WARNING] Failed to find tvg-id="dardimandi" in georgia_channels.m3u
2026-08-26 11:35:20,362 [WARNING] Failed to find tvg-id="agro" in georgia_channels.m3u
2026-08-26 11:35:20,362 [WARNING] Failed to find tvg-id="samefo" in georgia_channels.m3u
2026-08-26 11:35:20,362 [WARNING] Failed to find tvg-id="postv" in georgia_channels.m3u
2026-08-26 11:35:20,363 [WARNING] Failed to find tvg-id="megatv" in georgia_channels.m3u
2026-08-26 11:35:20,363 [WARNING] Failed to find tvg-id="qartuliarxi" in georgia_channels.m3u
2026-08-26 11:35:20,363 [WARNING] Failed to find tvg-id="musicbox" in georgia_channels.m3u
2026-08-26 11:35:20,363 [WARNING] Failed to find tvg-id="marneuli" in georgia_channels.m3u
2026-08-26 11:35:20,364 [WARNING] Failed to find tvg-id="axaliformula" in georgia_channels.m3u
2026-08-26 11:35:20,364 [WARNING] Failed to find tvg-id="o2" in georgia_channels.m3u
2026-08-26 11:35:20,364 [WARNING] Failed to find tvg-id="guria" in georgia_channels.m3u
2026-08-26 11:35:20,365 [WARNING] Failed to find tvg-id="imervizia" in georgia_channels.m3u
2026-08-26 11:35:20,365 [WARNING] Failed to find tvg-id="diatv" in georgia_channels.m3u
2026-08-26 11:35:20,365 [WARNING] Failed to find tvg-id="chveniarxi" in georgia_channels.m3u
2026-08-26 11:35:20,365 [WARNING] Failed to find tvg-id="batumitv" in georgia_channels.m3u
2026-08-26 11:35:20,366 [WARNING] Failed to find tvg-id="rcheuli" in georgia_channels.m3u
2026-08-26 11:35:20,366 [WARNING] Failed to find tvg-id="gurjaani" in georgia_channels.m3u
2026-08-26 11:35:20,366 [WARNING] Failed to find tvg-id="molitv" in georgia_channels.m3u
2026-08-26 11:35:20,366 [WARNING] Failed to find tvg-id="mexute" in georgia_channels.m3u
2026-08-26 11:35:20,367 [WARNING] Failed to find tvg-id="agrogaremo" in georgia_channels.m3u
2026-08-26 11:35:20,367 [WARNING] Failed to find tvg-id="artv" in georgia_channels.m3u
2026-08-26 11:35:20,367 [WARNING] Failed to find tvg-id="meteo24" in georgia_channels.m3u
2026-08-26 11:35:20,367 [WARNING] Failed to find tvg-id="georgiantimes" in georgia_channels.m3u
2026-08-26 11:35:20,368 [WARNING] Failed to find tvg-id="silkuniversal" in georgia_channels.m3u
2026-08-26 11:35:20,368 [WARNING] Failed to find tvg-id="rugbytv" in georgia_channels.m3u
2026-08-26 11:35:20,368 [WARNING] Failed to find tvg-id="gms" in georgia_channels.m3u
2026-08-26 11:35:20,369 [WARNING] Failed to find tvg-id="aiatv" in georgia_channels.m3u
2026-08-26 11:35:20,369 [WARNING] Failed to find tvg-id="batumi2" in georgia_channels.m3u
2026-08-26 11:35:20,369 [WARNING] Failed to find tvg-id="altinfo" in georgia_channels.m3u
2026-08-26 11:35:20,369 [WARNING] Failed to find tvg-id="parliament" in georgia_channels.m3u
2026-08-26 11:35:20,370 [WARNING] Failed to find tvg-id="egrisi" in georgia_channels.m3u
2026-08-26 11:35:20,370 [WARNING] Failed to find tvg-id="mzetv" in georgia_channels.m3u
2026-08-26 11:35:20,370 [INFO] No file changes were made.
2026-08-26 11:35:20,370 [INFO] === UPDATE EXECUTION FINISHED ===
