2026-08-25 16:40:53,388 [INFO] === UPDATE EXECUTION STARTED ===
2026-08-25 16:40:53,388 [INFO] Fetching Setanta Sports 3 from IPTV-ORG...
2026-08-25 16:40:53,501 [INFO] Launching batch scraper for 44 channels on tv.mar.tv...
2026-08-25 16:40:56,742 [INFO] Scraping rustavi2...
2026-08-25 16:41:02,749 [INFO]  -> Success: https://live8.mar.tv/1/4rd/index.m3u8
2026-08-25 16:41:02,778 [INFO] Scraping maestro...
2026-08-25 16:41:06,053 [INFO]  -> Success: https://live4.mar.tv/4e00e09bab18225766a654643ac1533df8f5f0d3f0fb32dd5f1d90c118924e1a/352m/index.m3u8
2026-08-25 16:41:06,078 [INFO] Scraping marao...
2026-08-25 16:41:09,352 [INFO]  -> Success: https://live2.mar.tv/4e00e09bab18225766a654643ac1533df8f5f0d3f0fb32dd5f1d90c118924e1a/12sd/index.m3u8
2026-08-25 16:41:09,379 [INFO] Scraping gds...
2026-08-25 16:41:12,647 [INFO]  -> Success: https://live1.mar.tv/4e00e09bab18225766a654643ac1533df8f5f0d3f0fb32dd5f1d90c118924e1a/13sd/index.m3u8
2026-08-25 16:41:12,672 [INFO] Scraping comedy...
2026-08-25 16:41:15,943 [INFO]  -> Success: https://live4.mar.tv/4e00e09bab18225766a654643ac1533df8f5f0d3f0fb32dd5f1d90c118924e1a/14rd/index.m3u8
2026-08-25 16:41:15,968 [INFO] Scraping bbb...
2026-08-25 16:41:19,238 [INFO]  -> Success: https://live2.mar.tv/4e00e09bab18225766a654643ac1533df8f5f0d3f0fb32dd5f1d90c118924e1a/16sd/index.m3u8
2026-08-25 16:41:19,264 [INFO] Scraping enkibenki...
2026-08-25 16:41:22,546 [INFO]  -> Success: https://live2.mar.tv/4e00e09bab18225766a654643ac1533df8f5f0d3f0fb32dd5f1d90c118924e1a/17e/index.m3u8
2026-08-25 16:41:22,570 [INFO] Scraping adjaratv...
2026-08-25 16:41:25,841 [INFO]  -> Success: https://live2.mar.tv/4e00e09bab18225766a654643ac1533df8f5f0d3f0fb32dd5f1d90c118924e1a/19rd/index.m3u8
2026-08-25 16:41:25,868 [INFO] Scraping rionitv...
2026-08-25 16:41:29,136 [INFO]  -> Success: https://live6.mar.tv/4e00e09bab18225766a654643ac1533df8f5f0d3f0fb32dd5f1d90c118924e1a/20rionn/index.m3u8
2026-08-25 16:41:29,163 [INFO] Scraping tv25...
2026-08-25 16:41:32,434 [INFO]  -> Success: https://live6.mar.tv/4e00e09bab18225766a654643ac1533df8f5f0d3f0fb32dd5f1d90c118924e1a/23tv25/index.m3u8
2026-08-25 16:41:32,462 [INFO] Scraping tv4rustavi...
2026-08-25 16:41:35,730 [INFO]  -> Success: https://live6.mar.tv/4e00e09bab18225766a654643ac1533df8f5f0d3f0fb32dd5f1d90c118924e1a/24tw4/index.m3u8
2026-08-25 16:41:35,755 [INFO] Scraping trialeti...
2026-08-25 16:41:39,026 [INFO]  -> Success: https://live6.mar.tv/4e00e09bab18225766a654643ac1533df8f5f0d3f0fb32dd5f1d90c118924e1a/trialleti/index.m3u8
2026-08-25 16:41:39,055 [INFO] Scraping dardimandi...
2026-08-25 16:41:42,340 [INFO]  -> Success: https://live5.mar.tv/4e00e09bab18225766a654643ac1533df8f5f0d3f0fb32dd5f1d90c118924e1a/27/index.m3u8
2026-08-25 16:41:42,366 [INFO] Scraping agro...
2026-08-25 16:41:45,634 [INFO]  -> Success: https://live5.mar.tv/4e00e09bab18225766a654643ac1533df8f5f0d3f0fb32dd5f1d90c118924e1a/28/index.m3u8
2026-08-25 16:41:45,660 [INFO] Scraping samefo...
2026-08-25 16:41:48,933 [INFO]  -> Success: https://live5.mar.tv/4e00e09bab18225766a654643ac1533df8f5f0d3f0fb32dd5f1d90c118924e1a/29/index.m3u8
2026-08-25 16:41:48,961 [INFO] Scraping postv...
2026-08-25 16:41:52,231 [INFO]  -> Success: https://live6.mar.tv/4e00e09bab18225766a654643ac1533df8f5f0d3f0fb32dd5f1d90c118924e1a/postvw/index.m3u8
2026-08-25 16:41:52,256 [INFO] Scraping megatv...
2026-08-25 16:41:55,522 [INFO]  -> Success: https://live4.mar.tv/4e00e09bab18225766a654643ac1533df8f5f0d3f0fb32dd5f1d90c118924e1a/32st/index.m3u8
2026-08-25 16:41:55,550 [INFO] Scraping qartuliarxi...
2026-08-25 16:41:58,814 [INFO]  -> Success: https://live6.mar.tv/4e00e09bab18225766a654643ac1533df8f5f0d3f0fb32dd5f1d90c118924e1a/qartuli/index.m3u8
2026-08-25 16:41:58,840 [INFO] Scraping musicbox...
2026-08-25 16:42:02,103 [INFO]  -> Success: https://live6.mar.tv/4e00e09bab18225766a654643ac1533df8f5f0d3f0fb32dd5f1d90c118924e1a/34musge/index.m3u8
2026-08-25 16:42:02,128 [INFO] Scraping marneuli...
2026-08-25 16:42:05,392 [INFO]  -> Success: https://live6.mar.tv/4e00e09bab18225766a654643ac1533df8f5f0d3f0fb32dd5f1d90c118924e1a/37marn/index.m3u8
2026-08-25 16:42:05,416 [INFO] Scraping axaliformula...
2026-08-25 16:42:08,679 [INFO]  -> Success: https://live6.mar.tv/4e00e09bab18225766a654643ac1533df8f5f0d3f0fb32dd5f1d90c118924e1a/axaliformla/index.m3u8
2026-08-25 16:42:08,707 [INFO] Scraping o2...
2026-08-25 16:42:11,970 [INFO]  -> Success: https://live5.mar.tv/4e00e09bab18225766a654643ac1533df8f5f0d3f0fb32dd5f1d90c118924e1a/40/index.m3u8
2026-08-25 16:42:11,995 [INFO] Scraping guria...
2026-08-25 16:42:15,257 [INFO]  -> Success: https://live5.mar.tv/4e00e09bab18225766a654643ac1533df8f5f0d3f0fb32dd5f1d90c118924e1a/42/index.m3u8
2026-08-25 16:42:15,285 [INFO] Scraping imervizia...
2026-08-25 16:42:18,551 [INFO]  -> Success: https://live6.mar.tv/4e00e09bab18225766a654643ac1533df8f5f0d3f0fb32dd5f1d90c118924e1a/imervizia/index.m3u8
2026-08-25 16:42:18,580 [INFO] Scraping diatv...
2026-08-25 16:42:21,852 [INFO]  -> Success: https://live4.mar.tv/4e00e09bab18225766a654643ac1533df8f5f0d3f0fb32dd5f1d90c118924e1a/dia/index.m3u8
2026-08-25 16:42:21,877 [INFO] Scraping chveniarxi...
2026-08-25 16:42:25,143 [INFO]  -> Success: https://live3.mar.tv/4e00e09bab18225766a654643ac1533df8f5f0d3f0fb32dd5f1d90c118924e1a/45rd/index.m3u8
2026-08-25 16:42:25,210 [INFO] Scraping batumitv...
2026-08-25 16:42:28,473 [INFO]  -> Success: https://live5.mar.tv/4e00e09bab18225766a654643ac1533df8f5f0d3f0fb32dd5f1d90c118924e1a/46/index.m3u8
2026-08-25 16:42:28,499 [INFO] Scraping rcheuli...
2026-08-25 16:42:31,763 [INFO]  -> Success: https://live5.mar.tv/4e00e09bab18225766a654643ac1533df8f5f0d3f0fb32dd5f1d90c118924e1a/47/index.m3u8
2026-08-25 16:42:31,789 [INFO] Scraping gurjaani...
2026-08-25 16:42:35,054 [INFO]  -> Success: https://live4.mar.tv/4e00e09bab18225766a654643ac1533df8f5f0d3f0fb32dd5f1d90c118924e1a/48m/index.m3u8
2026-08-25 16:42:35,079 [INFO] Scraping molitv...
2026-08-25 16:42:38,343 [INFO]  -> Success: https://live6.mar.tv/4e00e09bab18225766a654643ac1533df8f5f0d3f0fb32dd5f1d90c118924e1a/mollltv/index.m3u8
2026-08-25 16:42:38,368 [INFO] Scraping mexute...
2026-08-25 16:42:41,634 [INFO]  -> Success: https://live6.mar.tv/4e00e09bab18225766a654643ac1533df8f5f0d3f0fb32dd5f1d90c118924e1a/50/index.m3u8
2026-08-25 16:42:41,659 [INFO] Scraping agrogaremo...
2026-08-25 16:42:44,923 [INFO]  -> Success: https://live6.mar.tv/4e00e09bab18225766a654643ac1533df8f5f0d3f0fb32dd5f1d90c118924e1a/agrogaremo/index.m3u8
2026-08-25 16:42:44,949 [INFO] Scraping artv...
2026-08-25 16:42:48,212 [INFO]  -> Success: https://live6.mar.tv/4e00e09bab18225766a654643ac1533df8f5f0d3f0fb32dd5f1d90c118924e1a/tafutv/index.m3u8
2026-08-25 16:42:48,239 [INFO] Scraping meteo24...
2026-08-25 16:42:51,504 [INFO]  -> Success: https://live5.mar.tv/4e00e09bab18225766a654643ac1533df8f5f0d3f0fb32dd5f1d90c118924e1a/56/index.m3u8
2026-08-25 16:42:51,533 [INFO] Scraping georgiantimes...
2026-08-25 16:42:54,811 [INFO]  -> Success: https://live5.mar.tv/4e00e09bab18225766a654643ac1533df8f5f0d3f0fb32dd5f1d90c118924e1a/57/index.m3u8
2026-08-25 16:42:54,836 [INFO] Scraping silkuniversal...
2026-08-25 16:42:58,100 [INFO]  -> Success: https://live2.mar.tv/4e00e09bab18225766a654643ac1533df8f5f0d3f0fb32dd5f1d90c118924e1a/1arxiweb/index.m3u8
2026-08-25 16:42:58,126 [INFO] Scraping rugbytv...
2026-08-25 16:43:01,393 [INFO]  -> Success: https://live4.mar.tv/4e00e09bab18225766a654643ac1533df8f5f0d3f0fb32dd5f1d90c118924e1a/160m/index.m3u8
2026-08-25 16:43:01,420 [INFO] Scraping gms...
2026-08-25 16:43:04,697 [INFO]  -> Success: https://live5.mar.tv/4e00e09bab18225766a654643ac1533df8f5f0d3f0fb32dd5f1d90c118924e1a/161/index.m3u8
2026-08-25 16:43:04,727 [INFO] Scraping aiatv...
2026-08-25 16:43:07,999 [INFO]  -> Success: https://live6.mar.tv/4e00e09bab18225766a654643ac1533df8f5f0d3f0fb32dd5f1d90c118924e1a/aia/index.m3u8
2026-08-25 16:43:08,029 [INFO] Scraping batumi2...
2026-08-25 16:43:11,299 [INFO]  -> Success: https://live6.mar.tv/4e00e09bab18225766a654643ac1533df8f5f0d3f0fb32dd5f1d90c118924e1a/batumitv2/index.m3u8
2026-08-25 16:43:11,324 [INFO] Scraping altinfo...
2026-08-25 16:43:14,590 [INFO]  -> Success: https://live6.mar.tv/4e00e09bab18225766a654643ac1533df8f5f0d3f0fb32dd5f1d90c118924e1a/altinfo/index.m3u8
2026-08-25 16:43:14,623 [INFO] Scraping parliament...
2026-08-25 16:43:17,894 [INFO]  -> Success: https://live6.mar.tv/4e00e09bab18225766a654643ac1533df8f5f0d3f0fb32dd5f1d90c118924e1a/parlament/index.m3u8
2026-08-25 16:43:17,919 [INFO] Scraping egrisi...
2026-08-25 16:43:21,191 [INFO]  -> Success: https://live6.mar.tv/4e00e09bab18225766a654643ac1533df8f5f0d3f0fb32dd5f1d90c118924e1a/egrisi/index.m3u8
2026-08-25 16:43:21,221 [INFO] Scraping mzetv...
2026-08-25 16:43:24,489 [INFO]  -> Success: https://live6.mar.tv/4e00e09bab18225766a654643ac1533df8f5f0d3f0fb32dd5f1d90c118924e1a/mze/index.m3u8
2026-08-25 16:43:24,528 [WARNING] Failed to find tvg-id="rustavi2" in georgia_channels.m3u
2026-08-25 16:43:24,529 [WARNING] Failed to find tvg-id="maestro" in georgia_channels.m3u
2026-08-25 16:43:24,529 [WARNING] Failed to find tvg-id="marao" in georgia_channels.m3u
2026-08-25 16:43:24,529 [WARNING] Failed to find tvg-id="gds" in georgia_channels.m3u
2026-08-25 16:43:24,529 [WARNING] Failed to find tvg-id="comedy" in georgia_channels.m3u
2026-08-25 16:43:24,529 [WARNING] Failed to find tvg-id="bbb" in georgia_channels.m3u
2026-08-25 16:43:24,529 [WARNING] Failed to find tvg-id="enkibenki" in georgia_channels.m3u
2026-08-25 16:43:24,529 [WARNING] Failed to find tvg-id="adjaratv" in georgia_channels.m3u
2026-08-25 16:43:24,530 [WARNING] Failed to find tvg-id="rionitv" in georgia_channels.m3u
2026-08-25 16:43:24,530 [WARNING] Failed to find tvg-id="tv25" in georgia_channels.m3u
2026-08-25 16:43:24,530 [WARNING] Failed to find tvg-id="tv4rustavi" in georgia_channels.m3u
2026-08-25 16:43:24,530 [WARNING] Failed to find tvg-id="trialeti" in georgia_channels.m3u
2026-08-25 16:43:24,530 [WARNING] Failed to find tvg-id="dardimandi" in georgia_channels.m3u
2026-08-25 16:43:24,530 [WARNING] Failed to find tvg-id="agro" in georgia_channels.m3u
2026-08-25 16:43:24,530 [WARNING] Failed to find tvg-id="samefo" in georgia_channels.m3u
2026-08-25 16:43:24,530 [WARNING] Failed to find tvg-id="postv" in georgia_channels.m3u
2026-08-25 16:43:24,531 [WARNING] Failed to find tvg-id="megatv" in georgia_channels.m3u
2026-08-25 16:43:24,531 [WARNING] Failed to find tvg-id="qartuliarxi" in georgia_channels.m3u
2026-08-25 16:43:24,531 [WARNING] Failed to find tvg-id="musicbox" in georgia_channels.m3u
2026-08-25 16:43:24,531 [WARNING] Failed to find tvg-id="marneuli" in georgia_channels.m3u
2026-08-25 16:43:24,531 [WARNING] Failed to find tvg-id="axaliformula" in georgia_channels.m3u
2026-08-25 16:43:24,531 [WARNING] Failed to find tvg-id="o2" in georgia_channels.m3u
2026-08-25 16:43:24,531 [WARNING] Failed to find tvg-id="guria" in georgia_channels.m3u
2026-08-25 16:43:24,531 [WARNING] Failed to find tvg-id="imervizia" in georgia_channels.m3u
2026-08-25 16:43:24,532 [WARNING] Failed to find tvg-id="diatv" in georgia_channels.m3u
2026-08-25 16:43:24,532 [WARNING] Failed to find tvg-id="chveniarxi" in georgia_channels.m3u
2026-08-25 16:43:24,532 [WARNING] Failed to find tvg-id="batumitv" in georgia_channels.m3u
2026-08-25 16:43:24,532 [WARNING] Failed to find tvg-id="rcheuli" in georgia_channels.m3u
2026-08-25 16:43:24,532 [WARNING] Failed to find tvg-id="gurjaani" in georgia_channels.m3u
2026-08-25 16:43:24,532 [WARNING] Failed to find tvg-id="molitv" in georgia_channels.m3u
2026-08-25 16:43:24,532 [WARNING] Failed to find tvg-id="mexute" in georgia_channels.m3u
2026-08-25 16:43:24,532 [WARNING] Failed to find tvg-id="agrogaremo" in georgia_channels.m3u
2026-08-25 16:43:24,532 [WARNING] Failed to find tvg-id="artv" in georgia_channels.m3u
2026-08-25 16:43:24,532 [WARNING] Failed to find tvg-id="meteo24" in georgia_channels.m3u
2026-08-25 16:43:24,533 [WARNING] Failed to find tvg-id="georgiantimes" in georgia_channels.m3u
2026-08-25 16:43:24,533 [WARNING] Failed to find tvg-id="silkuniversal" in georgia_channels.m3u
2026-08-25 16:43:24,533 [WARNING] Failed to find tvg-id="rugbytv" in georgia_channels.m3u
2026-08-25 16:43:24,533 [WARNING] Failed to find tvg-id="gms" in georgia_channels.m3u
2026-08-25 16:43:24,533 [WARNING] Failed to find tvg-id="aiatv" in georgia_channels.m3u
2026-08-25 16:43:24,533 [WARNING] Failed to find tvg-id="batumi2" in georgia_channels.m3u
2026-08-25 16:43:24,533 [WARNING] Failed to find tvg-id="altinfo" in georgia_channels.m3u
2026-08-25 16:43:24,533 [WARNING] Failed to find tvg-id="parliament" in georgia_channels.m3u
2026-08-25 16:43:24,533 [WARNING] Failed to find tvg-id="egrisi" in georgia_channels.m3u
2026-08-25 16:43:24,533 [WARNING] Failed to find tvg-id="mzetv" in georgia_channels.m3u
2026-08-25 16:43:24,533 [INFO] No file changes were made.
2026-08-25 16:43:24,534 [INFO] === UPDATE EXECUTION FINISHED ===
