2026-08-23 15:25:41,613 [INFO] === UPDATE EXECUTION STARTED ===
2026-08-23 15:25:41,613 [INFO] Fetching Setanta Sports 3 from IPTV-ORG...
2026-08-23 15:25:41,767 [INFO] Launching batch scraper for 44 channels on tv.mar.tv...
2026-08-23 15:25:42,390 [INFO] Scraping rustavi2...
2026-08-23 15:25:47,832 [INFO]  -> Success: https://live8.mar.tv/1/4rd/index.m3u8
2026-08-23 15:25:47,871 [INFO] Scraping maestro...
2026-08-23 15:25:51,192 [INFO]  -> Success: https://live4.mar.tv/acb467f0071c023b000f49f21735ea347cc35d0c0f79578e681f4631f69a87a4/352m/index.m3u8
2026-08-23 15:25:51,235 [INFO] Scraping marao...
2026-08-23 15:25:54,553 [INFO]  -> Success: https://live2.mar.tv/acb467f0071c023b000f49f21735ea347cc35d0c0f79578e681f4631f69a87a4/12sd/index.m3u8
2026-08-23 15:25:54,591 [INFO] Scraping gds...
2026-08-23 15:25:57,909 [INFO]  -> Success: https://live1.mar.tv/acb467f0071c023b000f49f21735ea347cc35d0c0f79578e681f4631f69a87a4/13sd/index.m3u8
2026-08-23 15:25:57,944 [INFO] Scraping comedy...
2026-08-23 15:26:01,265 [INFO]  -> Success: https://live4.mar.tv/acb467f0071c023b000f49f21735ea347cc35d0c0f79578e681f4631f69a87a4/14rd/index.m3u8
2026-08-23 15:26:01,305 [INFO] Scraping bbb...
2026-08-23 15:26:04,628 [INFO]  -> Success: https://live2.mar.tv/acb467f0071c023b000f49f21735ea347cc35d0c0f79578e681f4631f69a87a4/16sd/index.m3u8
2026-08-23 15:26:04,664 [INFO] Scraping enkibenki...
2026-08-23 15:26:07,982 [INFO]  -> Success: https://live2.mar.tv/acb467f0071c023b000f49f21735ea347cc35d0c0f79578e681f4631f69a87a4/17e/index.m3u8
2026-08-23 15:26:08,018 [INFO] Scraping adjaratv...
2026-08-23 15:26:11,342 [INFO]  -> Success: https://live2.mar.tv/acb467f0071c023b000f49f21735ea347cc35d0c0f79578e681f4631f69a87a4/19rd/index.m3u8
2026-08-23 15:26:11,382 [INFO] Scraping rionitv...
2026-08-23 15:26:14,702 [INFO]  -> Success: https://live6.mar.tv/acb467f0071c023b000f49f21735ea347cc35d0c0f79578e681f4631f69a87a4/20rionn/index.m3u8
2026-08-23 15:26:14,736 [INFO] Scraping tv25...
2026-08-23 15:26:18,054 [INFO]  -> Success: https://live6.mar.tv/acb467f0071c023b000f49f21735ea347cc35d0c0f79578e681f4631f69a87a4/23tv25/index.m3u8
2026-08-23 15:26:18,093 [INFO] Scraping tv4rustavi...
2026-08-23 15:26:21,410 [INFO]  -> Success: https://live6.mar.tv/acb467f0071c023b000f49f21735ea347cc35d0c0f79578e681f4631f69a87a4/24tw4/index.m3u8
2026-08-23 15:26:21,446 [INFO] Scraping trialeti...
2026-08-23 15:26:24,769 [INFO]  -> Success: https://live6.mar.tv/acb467f0071c023b000f49f21735ea347cc35d0c0f79578e681f4631f69a87a4/trialleti/index.m3u8
2026-08-23 15:26:24,804 [INFO] Scraping dardimandi...
2026-08-23 15:26:28,121 [INFO]  -> Success: https://live5.mar.tv/acb467f0071c023b000f49f21735ea347cc35d0c0f79578e681f4631f69a87a4/27/index.m3u8
2026-08-23 15:26:28,156 [INFO] Scraping agro...
2026-08-23 15:26:31,472 [INFO]  -> Success: https://live5.mar.tv/acb467f0071c023b000f49f21735ea347cc35d0c0f79578e681f4631f69a87a4/28/index.m3u8
2026-08-23 15:26:31,504 [INFO] Scraping samefo...
2026-08-23 15:26:34,824 [INFO]  -> Success: https://live5.mar.tv/acb467f0071c023b000f49f21735ea347cc35d0c0f79578e681f4631f69a87a4/29/index.m3u8
2026-08-23 15:26:34,860 [INFO] Scraping postv...
2026-08-23 15:26:38,181 [INFO]  -> Success: https://live6.mar.tv/acb467f0071c023b000f49f21735ea347cc35d0c0f79578e681f4631f69a87a4/postvw/index.m3u8
2026-08-23 15:26:38,216 [INFO] Scraping megatv...
2026-08-23 15:26:41,532 [INFO]  -> Success: https://live4.mar.tv/acb467f0071c023b000f49f21735ea347cc35d0c0f79578e681f4631f69a87a4/32st/index.m3u8
2026-08-23 15:26:41,568 [INFO] Scraping qartuliarxi...
2026-08-23 15:26:44,896 [INFO]  -> Success: https://live6.mar.tv/acb467f0071c023b000f49f21735ea347cc35d0c0f79578e681f4631f69a87a4/qartuli/index.m3u8
2026-08-23 15:26:44,933 [INFO] Scraping musicbox...
2026-08-23 15:26:48,253 [INFO]  -> Success: https://live6.mar.tv/acb467f0071c023b000f49f21735ea347cc35d0c0f79578e681f4631f69a87a4/34musge/index.m3u8
2026-08-23 15:26:48,288 [INFO] Scraping marneuli...
2026-08-23 15:26:51,608 [INFO]  -> Success: https://live6.mar.tv/acb467f0071c023b000f49f21735ea347cc35d0c0f79578e681f4631f69a87a4/37marn/index.m3u8
2026-08-23 15:26:51,645 [INFO] Scraping axaliformula...
2026-08-23 15:26:54,967 [INFO]  -> Success: https://live6.mar.tv/acb467f0071c023b000f49f21735ea347cc35d0c0f79578e681f4631f69a87a4/axaliformla/index.m3u8
2026-08-23 15:26:55,003 [INFO] Scraping o2...
2026-08-23 15:26:58,324 [INFO]  -> Success: https://live5.mar.tv/acb467f0071c023b000f49f21735ea347cc35d0c0f79578e681f4631f69a87a4/40/index.m3u8
2026-08-23 15:26:58,365 [INFO] Scraping guria...
2026-08-23 15:27:01,684 [INFO]  -> Success: https://live5.mar.tv/acb467f0071c023b000f49f21735ea347cc35d0c0f79578e681f4631f69a87a4/42/index.m3u8
2026-08-23 15:27:01,720 [INFO] Scraping imervizia...
2026-08-23 15:27:05,037 [INFO]  -> Success: https://live6.mar.tv/acb467f0071c023b000f49f21735ea347cc35d0c0f79578e681f4631f69a87a4/imervizia/index.m3u8
2026-08-23 15:27:05,070 [INFO] Scraping diatv...
2026-08-23 15:27:08,388 [INFO]  -> Success: https://live4.mar.tv/acb467f0071c023b000f49f21735ea347cc35d0c0f79578e681f4631f69a87a4/dia/index.m3u8
2026-08-23 15:27:08,424 [INFO] Scraping chveniarxi...
2026-08-23 15:27:11,743 [INFO]  -> Success: https://live3.mar.tv/acb467f0071c023b000f49f21735ea347cc35d0c0f79578e681f4631f69a87a4/45rd/index.m3u8
2026-08-23 15:27:11,779 [INFO] Scraping batumitv...
2026-08-23 15:27:15,096 [INFO]  -> Success: https://live5.mar.tv/acb467f0071c023b000f49f21735ea347cc35d0c0f79578e681f4631f69a87a4/46/index.m3u8
2026-08-23 15:27:15,132 [INFO] Scraping rcheuli...
2026-08-23 15:27:18,451 [INFO]  -> Success: https://live5.mar.tv/acb467f0071c023b000f49f21735ea347cc35d0c0f79578e681f4631f69a87a4/47/index.m3u8
2026-08-23 15:27:18,485 [INFO] Scraping gurjaani...
2026-08-23 15:27:21,805 [INFO]  -> Success: https://live4.mar.tv/acb467f0071c023b000f49f21735ea347cc35d0c0f79578e681f4631f69a87a4/48m/index.m3u8
2026-08-23 15:27:21,841 [INFO] Scraping molitv...
2026-08-23 15:27:25,166 [INFO]  -> Success: https://live6.mar.tv/acb467f0071c023b000f49f21735ea347cc35d0c0f79578e681f4631f69a87a4/mollltv/index.m3u8
2026-08-23 15:27:25,214 [INFO] Scraping mexute...
2026-08-23 15:27:28,528 [INFO]  -> Success: https://live6.mar.tv/acb467f0071c023b000f49f21735ea347cc35d0c0f79578e681f4631f69a87a4/50/index.m3u8
2026-08-23 15:27:28,561 [INFO] Scraping agrogaremo...
2026-08-23 15:27:31,882 [INFO]  -> Success: https://live6.mar.tv/acb467f0071c023b000f49f21735ea347cc35d0c0f79578e681f4631f69a87a4/agrogaremo/index.m3u8
2026-08-23 15:27:31,916 [INFO] Scraping artv...
2026-08-23 15:27:35,236 [INFO]  -> Success: https://live6.mar.tv/acb467f0071c023b000f49f21735ea347cc35d0c0f79578e681f4631f69a87a4/tafutv/index.m3u8
2026-08-23 15:27:35,270 [INFO] Scraping meteo24...
2026-08-23 15:27:38,591 [INFO]  -> Success: https://live5.mar.tv/acb467f0071c023b000f49f21735ea347cc35d0c0f79578e681f4631f69a87a4/56/index.m3u8
2026-08-23 15:27:38,625 [INFO] Scraping georgiantimes...
2026-08-23 15:27:41,964 [INFO]  -> Success: https://live5.mar.tv/acb467f0071c023b000f49f21735ea347cc35d0c0f79578e681f4631f69a87a4/57/index.m3u8
2026-08-23 15:27:41,997 [INFO] Scraping silkuniversal...
2026-08-23 15:27:45,312 [INFO]  -> Success: https://live2.mar.tv/acb467f0071c023b000f49f21735ea347cc35d0c0f79578e681f4631f69a87a4/1arxiweb/index.m3u8
2026-08-23 15:27:45,350 [INFO] Scraping rugbytv...
2026-08-23 15:27:48,673 [INFO]  -> Success: https://live4.mar.tv/acb467f0071c023b000f49f21735ea347cc35d0c0f79578e681f4631f69a87a4/160m/index.m3u8
2026-08-23 15:27:48,712 [INFO] Scraping gms...
2026-08-23 15:27:52,028 [INFO]  -> Success: https://live5.mar.tv/acb467f0071c023b000f49f21735ea347cc35d0c0f79578e681f4631f69a87a4/161/index.m3u8
2026-08-23 15:27:52,062 [INFO] Scraping aiatv...
2026-08-23 15:27:55,379 [INFO]  -> Success: https://live6.mar.tv/acb467f0071c023b000f49f21735ea347cc35d0c0f79578e681f4631f69a87a4/aia/index.m3u8
2026-08-23 15:27:55,417 [INFO] Scraping batumi2...
2026-08-23 15:27:58,736 [INFO]  -> Success: https://live6.mar.tv/acb467f0071c023b000f49f21735ea347cc35d0c0f79578e681f4631f69a87a4/batumitv2/index.m3u8
2026-08-23 15:27:58,772 [INFO] Scraping altinfo...
2026-08-23 15:28:02,091 [INFO]  -> Success: https://live6.mar.tv/acb467f0071c023b000f49f21735ea347cc35d0c0f79578e681f4631f69a87a4/altinfo/index.m3u8
2026-08-23 15:28:02,123 [INFO] Scraping parliament...
2026-08-23 15:28:05,443 [INFO]  -> Success: https://live6.mar.tv/acb467f0071c023b000f49f21735ea347cc35d0c0f79578e681f4631f69a87a4/parlament/index.m3u8
2026-08-23 15:28:05,479 [INFO] Scraping egrisi...
2026-08-23 15:28:08,796 [INFO]  -> Success: https://live6.mar.tv/acb467f0071c023b000f49f21735ea347cc35d0c0f79578e681f4631f69a87a4/egrisi/index.m3u8
2026-08-23 15:28:08,831 [INFO] Scraping mzetv...
2026-08-23 15:28:12,149 [INFO]  -> Success: https://live6.mar.tv/acb467f0071c023b000f49f21735ea347cc35d0c0f79578e681f4631f69a87a4/mze/index.m3u8
2026-08-23 15:28:12,196 [WARNING] Failed to find tvg-id="rustavi2" in georgia_channels.m3u
2026-08-23 15:28:12,196 [WARNING] Failed to find tvg-id="maestro" in georgia_channels.m3u
2026-08-23 15:28:12,197 [WARNING] Failed to find tvg-id="marao" in georgia_channels.m3u
2026-08-23 15:28:12,197 [WARNING] Failed to find tvg-id="gds" in georgia_channels.m3u
2026-08-23 15:28:12,197 [WARNING] Failed to find tvg-id="comedy" in georgia_channels.m3u
2026-08-23 15:28:12,197 [WARNING] Failed to find tvg-id="bbb" in georgia_channels.m3u
2026-08-23 15:28:12,197 [WARNING] Failed to find tvg-id="enkibenki" in georgia_channels.m3u
2026-08-23 15:28:12,198 [WARNING] Failed to find tvg-id="adjaratv" in georgia_channels.m3u
2026-08-23 15:28:12,198 [WARNING] Failed to find tvg-id="rionitv" in georgia_channels.m3u
2026-08-23 15:28:12,198 [WARNING] Failed to find tvg-id="tv25" in georgia_channels.m3u
2026-08-23 15:28:12,198 [WARNING] Failed to find tvg-id="tv4rustavi" in georgia_channels.m3u
2026-08-23 15:28:12,199 [WARNING] Failed to find tvg-id="trialeti" in georgia_channels.m3u
2026-08-23 15:28:12,199 [WARNING] Failed to find tvg-id="dardimandi" in georgia_channels.m3u
2026-08-23 15:28:12,199 [WARNING] Failed to find tvg-id="agro" in georgia_channels.m3u
2026-08-23 15:28:12,199 [WARNING] Failed to find tvg-id="samefo" in georgia_channels.m3u
2026-08-23 15:28:12,199 [WARNING] Failed to find tvg-id="postv" in georgia_channels.m3u
2026-08-23 15:28:12,200 [WARNING] Failed to find tvg-id="megatv" in georgia_channels.m3u
2026-08-23 15:28:12,200 [WARNING] Failed to find tvg-id="qartuliarxi" in georgia_channels.m3u
2026-08-23 15:28:12,200 [WARNING] Failed to find tvg-id="musicbox" in georgia_channels.m3u
2026-08-23 15:28:12,200 [WARNING] Failed to find tvg-id="marneuli" in georgia_channels.m3u
2026-08-23 15:28:12,201 [WARNING] Failed to find tvg-id="axaliformula" in georgia_channels.m3u
2026-08-23 15:28:12,201 [WARNING] Failed to find tvg-id="o2" in georgia_channels.m3u
2026-08-23 15:28:12,201 [WARNING] Failed to find tvg-id="guria" in georgia_channels.m3u
2026-08-23 15:28:12,201 [WARNING] Failed to find tvg-id="imervizia" in georgia_channels.m3u
2026-08-23 15:28:12,201 [WARNING] Failed to find tvg-id="diatv" in georgia_channels.m3u
2026-08-23 15:28:12,202 [WARNING] Failed to find tvg-id="chveniarxi" in georgia_channels.m3u
2026-08-23 15:28:12,202 [WARNING] Failed to find tvg-id="batumitv" in georgia_channels.m3u
2026-08-23 15:28:12,202 [WARNING] Failed to find tvg-id="rcheuli" in georgia_channels.m3u
2026-08-23 15:28:12,202 [WARNING] Failed to find tvg-id="gurjaani" in georgia_channels.m3u
2026-08-23 15:28:12,202 [WARNING] Failed to find tvg-id="molitv" in georgia_channels.m3u
2026-08-23 15:28:12,203 [WARNING] Failed to find tvg-id="mexute" in georgia_channels.m3u
2026-08-23 15:28:12,203 [WARNING] Failed to find tvg-id="agrogaremo" in georgia_channels.m3u
2026-08-23 15:28:12,203 [WARNING] Failed to find tvg-id="artv" in georgia_channels.m3u
2026-08-23 15:28:12,203 [WARNING] Failed to find tvg-id="meteo24" in georgia_channels.m3u
2026-08-23 15:28:12,203 [WARNING] Failed to find tvg-id="georgiantimes" in georgia_channels.m3u
2026-08-23 15:28:12,204 [WARNING] Failed to find tvg-id="silkuniversal" in georgia_channels.m3u
2026-08-23 15:28:12,204 [WARNING] Failed to find tvg-id="rugbytv" in georgia_channels.m3u
2026-08-23 15:28:12,204 [WARNING] Failed to find tvg-id="gms" in georgia_channels.m3u
2026-08-23 15:28:12,204 [WARNING] Failed to find tvg-id="aiatv" in georgia_channels.m3u
2026-08-23 15:28:12,204 [WARNING] Failed to find tvg-id="batumi2" in georgia_channels.m3u
2026-08-23 15:28:12,205 [WARNING] Failed to find tvg-id="altinfo" in georgia_channels.m3u
2026-08-23 15:28:12,205 [WARNING] Failed to find tvg-id="parliament" in georgia_channels.m3u
2026-08-23 15:28:12,205 [WARNING] Failed to find tvg-id="egrisi" in georgia_channels.m3u
2026-08-23 15:28:12,205 [WARNING] Failed to find tvg-id="mzetv" in georgia_channels.m3u
2026-08-23 15:28:12,205 [INFO] No file changes were made.
2026-08-23 15:28:12,205 [INFO] === UPDATE EXECUTION FINISHED ===
