2026-08-22 03:47:06,401 [INFO] === UPDATE EXECUTION STARTED ===
2026-08-22 03:47:06,401 [INFO] Fetching Setanta Sports 3 from IPTV-ORG...
2026-08-22 03:47:06,534 [INFO] Launching batch scraper for 44 channels on tv.mar.tv...
2026-08-22 03:47:07,125 [INFO] Scraping rustavi2...
2026-08-22 03:47:12,606 [INFO]  -> Success: https://live8.mar.tv/1/4rd/index.m3u8
2026-08-22 03:47:12,643 [INFO] Scraping maestro...
2026-08-22 03:47:15,982 [INFO]  -> Success: https://live4.mar.tv/8824f278e91703b11740d9a1fa3f5a07cc1df6f4e75687cf74969de17e1576f8/352m/index.m3u8
2026-08-22 03:47:16,017 [INFO] Scraping marao...
2026-08-22 03:47:19,359 [INFO]  -> Success: https://live2.mar.tv/8824f278e91703b11740d9a1fa3f5a07cc1df6f4e75687cf74969de17e1576f8/12sd/index.m3u8
2026-08-22 03:47:19,394 [INFO] Scraping gds...
2026-08-22 03:47:22,733 [INFO]  -> Success: https://live1.mar.tv/8824f278e91703b11740d9a1fa3f5a07cc1df6f4e75687cf74969de17e1576f8/13sd/index.m3u8
2026-08-22 03:47:22,766 [INFO] Scraping comedy...
2026-08-22 03:47:26,109 [INFO]  -> Success: https://live4.mar.tv/8824f278e91703b11740d9a1fa3f5a07cc1df6f4e75687cf74969de17e1576f8/14rd/index.m3u8
2026-08-22 03:47:26,142 [INFO] Scraping bbb...
2026-08-22 03:47:29,482 [INFO]  -> Success: https://live2.mar.tv/8824f278e91703b11740d9a1fa3f5a07cc1df6f4e75687cf74969de17e1576f8/16sd/index.m3u8
2026-08-22 03:47:29,517 [INFO] Scraping enkibenki...
2026-08-22 03:47:32,861 [INFO]  -> Success: https://live2.mar.tv/8824f278e91703b11740d9a1fa3f5a07cc1df6f4e75687cf74969de17e1576f8/17e/index.m3u8
2026-08-22 03:47:32,898 [INFO] Scraping adjaratv...
2026-08-22 03:47:36,245 [INFO]  -> Success: https://live2.mar.tv/8824f278e91703b11740d9a1fa3f5a07cc1df6f4e75687cf74969de17e1576f8/19rd/index.m3u8
2026-08-22 03:47:36,279 [INFO] Scraping rionitv...
2026-08-22 03:47:39,620 [INFO]  -> Success: https://live6.mar.tv/8824f278e91703b11740d9a1fa3f5a07cc1df6f4e75687cf74969de17e1576f8/20rionn/index.m3u8
2026-08-22 03:47:39,653 [INFO] Scraping tv25...
2026-08-22 03:47:42,996 [INFO]  -> Success: https://live6.mar.tv/8824f278e91703b11740d9a1fa3f5a07cc1df6f4e75687cf74969de17e1576f8/23tv25/index.m3u8
2026-08-22 03:47:43,029 [INFO] Scraping tv4rustavi...
2026-08-22 03:47:46,369 [INFO]  -> Success: https://live6.mar.tv/8824f278e91703b11740d9a1fa3f5a07cc1df6f4e75687cf74969de17e1576f8/24tw4/index.m3u8
2026-08-22 03:47:46,403 [INFO] Scraping trialeti...
2026-08-22 03:47:49,746 [INFO]  -> Success: https://live6.mar.tv/8824f278e91703b11740d9a1fa3f5a07cc1df6f4e75687cf74969de17e1576f8/trialleti/index.m3u8
2026-08-22 03:47:49,778 [INFO] Scraping dardimandi...
2026-08-22 03:47:53,121 [INFO]  -> Success: https://live5.mar.tv/8824f278e91703b11740d9a1fa3f5a07cc1df6f4e75687cf74969de17e1576f8/27/index.m3u8
2026-08-22 03:47:53,156 [INFO] Scraping agro...
2026-08-22 03:47:56,492 [INFO]  -> Success: https://live5.mar.tv/8824f278e91703b11740d9a1fa3f5a07cc1df6f4e75687cf74969de17e1576f8/28/index.m3u8
2026-08-22 03:47:56,524 [INFO] Scraping samefo...
2026-08-22 03:47:59,862 [INFO]  -> Success: https://live5.mar.tv/8824f278e91703b11740d9a1fa3f5a07cc1df6f4e75687cf74969de17e1576f8/29/index.m3u8
2026-08-22 03:47:59,897 [INFO] Scraping postv...
2026-08-22 03:48:03,240 [INFO]  -> Success: https://live6.mar.tv/8824f278e91703b11740d9a1fa3f5a07cc1df6f4e75687cf74969de17e1576f8/postvw/index.m3u8
2026-08-22 03:48:03,275 [INFO] Scraping megatv...
2026-08-22 03:48:06,617 [INFO]  -> Success: https://live4.mar.tv/8824f278e91703b11740d9a1fa3f5a07cc1df6f4e75687cf74969de17e1576f8/32st/index.m3u8
2026-08-22 03:48:06,650 [INFO] Scraping qartuliarxi...
2026-08-22 03:48:09,990 [INFO]  -> Success: https://live6.mar.tv/8824f278e91703b11740d9a1fa3f5a07cc1df6f4e75687cf74969de17e1576f8/qartuli/index.m3u8
2026-08-22 03:48:10,025 [INFO] Scraping musicbox...
2026-08-22 03:48:13,365 [INFO]  -> Success: https://live6.mar.tv/8824f278e91703b11740d9a1fa3f5a07cc1df6f4e75687cf74969de17e1576f8/34musge/index.m3u8
2026-08-22 03:48:13,397 [INFO] Scraping marneuli...
2026-08-22 03:48:16,738 [INFO]  -> Success: https://live6.mar.tv/8824f278e91703b11740d9a1fa3f5a07cc1df6f4e75687cf74969de17e1576f8/37marn/index.m3u8
2026-08-22 03:48:16,773 [INFO] Scraping axaliformula...
2026-08-22 03:48:20,112 [INFO]  -> Success: https://live6.mar.tv/8824f278e91703b11740d9a1fa3f5a07cc1df6f4e75687cf74969de17e1576f8/axaliformla/index.m3u8
2026-08-22 03:48:20,148 [INFO] Scraping o2...
2026-08-22 03:48:23,485 [INFO]  -> Success: https://live5.mar.tv/8824f278e91703b11740d9a1fa3f5a07cc1df6f4e75687cf74969de17e1576f8/40/index.m3u8
2026-08-22 03:48:23,517 [INFO] Scraping guria...
2026-08-22 03:48:26,853 [INFO]  -> Success: https://live5.mar.tv/8824f278e91703b11740d9a1fa3f5a07cc1df6f4e75687cf74969de17e1576f8/42/index.m3u8
2026-08-22 03:48:26,885 [INFO] Scraping imervizia...
2026-08-22 03:48:30,226 [INFO]  -> Success: https://live6.mar.tv/8824f278e91703b11740d9a1fa3f5a07cc1df6f4e75687cf74969de17e1576f8/imervizia/index.m3u8
2026-08-22 03:48:30,261 [INFO] Scraping diatv...
2026-08-22 03:48:33,602 [INFO]  -> Success: https://live4.mar.tv/8824f278e91703b11740d9a1fa3f5a07cc1df6f4e75687cf74969de17e1576f8/dia/index.m3u8
2026-08-22 03:48:33,633 [INFO] Scraping chveniarxi...
2026-08-22 03:48:36,980 [INFO]  -> Success: https://live3.mar.tv/8824f278e91703b11740d9a1fa3f5a07cc1df6f4e75687cf74969de17e1576f8/45rd/index.m3u8
2026-08-22 03:48:37,012 [INFO] Scraping batumitv...
2026-08-22 03:48:40,351 [INFO]  -> Success: https://live5.mar.tv/8824f278e91703b11740d9a1fa3f5a07cc1df6f4e75687cf74969de17e1576f8/46/index.m3u8
2026-08-22 03:48:40,385 [INFO] Scraping rcheuli...
2026-08-22 03:48:43,721 [INFO]  -> Success: https://live5.mar.tv/8824f278e91703b11740d9a1fa3f5a07cc1df6f4e75687cf74969de17e1576f8/47/index.m3u8
2026-08-22 03:48:43,756 [INFO] Scraping gurjaani...
2026-08-22 03:48:47,093 [INFO]  -> Success: https://live4.mar.tv/8824f278e91703b11740d9a1fa3f5a07cc1df6f4e75687cf74969de17e1576f8/48m/index.m3u8
2026-08-22 03:48:47,129 [INFO] Scraping molitv...
2026-08-22 03:48:50,469 [INFO]  -> Success: https://live6.mar.tv/8824f278e91703b11740d9a1fa3f5a07cc1df6f4e75687cf74969de17e1576f8/mollltv/index.m3u8
2026-08-22 03:48:50,501 [INFO] Scraping mexute...
2026-08-22 03:48:53,841 [INFO]  -> Success: https://live6.mar.tv/8824f278e91703b11740d9a1fa3f5a07cc1df6f4e75687cf74969de17e1576f8/50/index.m3u8
2026-08-22 03:48:53,876 [INFO] Scraping agrogaremo...
2026-08-22 03:48:57,218 [INFO]  -> Success: https://live6.mar.tv/8824f278e91703b11740d9a1fa3f5a07cc1df6f4e75687cf74969de17e1576f8/agrogaremo/index.m3u8
2026-08-22 03:48:57,248 [INFO] Scraping artv...
2026-08-22 03:49:00,589 [INFO]  -> Success: https://live6.mar.tv/8824f278e91703b11740d9a1fa3f5a07cc1df6f4e75687cf74969de17e1576f8/tafutv/index.m3u8
2026-08-22 03:49:00,623 [INFO] Scraping meteo24...
2026-08-22 03:49:03,960 [INFO]  -> Success: https://live5.mar.tv/8824f278e91703b11740d9a1fa3f5a07cc1df6f4e75687cf74969de17e1576f8/56/index.m3u8
2026-08-22 03:49:04,006 [INFO] Scraping georgiantimes...
2026-08-22 03:49:07,350 [INFO]  -> Success: https://live5.mar.tv/8824f278e91703b11740d9a1fa3f5a07cc1df6f4e75687cf74969de17e1576f8/57/index.m3u8
2026-08-22 03:49:07,389 [INFO] Scraping silkuniversal...
2026-08-22 03:49:10,729 [INFO]  -> Success: https://live2.mar.tv/8824f278e91703b11740d9a1fa3f5a07cc1df6f4e75687cf74969de17e1576f8/1arxiweb/index.m3u8
2026-08-22 03:49:10,763 [INFO] Scraping rugbytv...
2026-08-22 03:49:14,105 [INFO]  -> Success: https://live4.mar.tv/8824f278e91703b11740d9a1fa3f5a07cc1df6f4e75687cf74969de17e1576f8/160m/index.m3u8
2026-08-22 03:49:14,142 [INFO] Scraping gms...
2026-08-22 03:49:17,480 [INFO]  -> Success: https://live5.mar.tv/8824f278e91703b11740d9a1fa3f5a07cc1df6f4e75687cf74969de17e1576f8/161/index.m3u8
2026-08-22 03:49:17,522 [INFO] Scraping aiatv...
2026-08-22 03:49:20,864 [INFO]  -> Success: https://live6.mar.tv/8824f278e91703b11740d9a1fa3f5a07cc1df6f4e75687cf74969de17e1576f8/aia/index.m3u8
2026-08-22 03:49:20,899 [INFO] Scraping batumi2...
2026-08-22 03:49:24,241 [INFO]  -> Success: https://live6.mar.tv/8824f278e91703b11740d9a1fa3f5a07cc1df6f4e75687cf74969de17e1576f8/batumitv2/index.m3u8
2026-08-22 03:49:24,273 [INFO] Scraping altinfo...
2026-08-22 03:49:27,613 [INFO]  -> Success: https://live6.mar.tv/8824f278e91703b11740d9a1fa3f5a07cc1df6f4e75687cf74969de17e1576f8/altinfo/index.m3u8
2026-08-22 03:49:27,647 [INFO] Scraping parliament...
2026-08-22 03:49:30,988 [INFO]  -> Success: https://live6.mar.tv/8824f278e91703b11740d9a1fa3f5a07cc1df6f4e75687cf74969de17e1576f8/parlament/index.m3u8
2026-08-22 03:49:31,021 [INFO] Scraping egrisi...
2026-08-22 03:49:34,361 [INFO]  -> Success: https://live6.mar.tv/8824f278e91703b11740d9a1fa3f5a07cc1df6f4e75687cf74969de17e1576f8/egrisi/index.m3u8
2026-08-22 03:49:34,395 [INFO] Scraping mzetv...
2026-08-22 03:49:37,737 [INFO]  -> Success: https://live6.mar.tv/8824f278e91703b11740d9a1fa3f5a07cc1df6f4e75687cf74969de17e1576f8/mze/index.m3u8
2026-08-22 03:49:37,785 [WARNING] Failed to find tvg-id="rustavi2" in georgia_channels.m3u
2026-08-22 03:49:37,785 [WARNING] Failed to find tvg-id="maestro" in georgia_channels.m3u
2026-08-22 03:49:37,785 [WARNING] Failed to find tvg-id="marao" in georgia_channels.m3u
2026-08-22 03:49:37,785 [WARNING] Failed to find tvg-id="gds" in georgia_channels.m3u
2026-08-22 03:49:37,786 [WARNING] Failed to find tvg-id="comedy" in georgia_channels.m3u
2026-08-22 03:49:37,786 [WARNING] Failed to find tvg-id="bbb" in georgia_channels.m3u
2026-08-22 03:49:37,786 [WARNING] Failed to find tvg-id="enkibenki" in georgia_channels.m3u
2026-08-22 03:49:37,786 [WARNING] Failed to find tvg-id="adjaratv" in georgia_channels.m3u
2026-08-22 03:49:37,786 [WARNING] Failed to find tvg-id="rionitv" in georgia_channels.m3u
2026-08-22 03:49:37,787 [WARNING] Failed to find tvg-id="tv25" in georgia_channels.m3u
2026-08-22 03:49:37,787 [WARNING] Failed to find tvg-id="tv4rustavi" in georgia_channels.m3u
2026-08-22 03:49:37,787 [WARNING] Failed to find tvg-id="trialeti" in georgia_channels.m3u
2026-08-22 03:49:37,787 [WARNING] Failed to find tvg-id="dardimandi" in georgia_channels.m3u
2026-08-22 03:49:37,788 [WARNING] Failed to find tvg-id="agro" in georgia_channels.m3u
2026-08-22 03:49:37,788 [WARNING] Failed to find tvg-id="samefo" in georgia_channels.m3u
2026-08-22 03:49:37,788 [WARNING] Failed to find tvg-id="postv" in georgia_channels.m3u
2026-08-22 03:49:37,788 [WARNING] Failed to find tvg-id="megatv" in georgia_channels.m3u
2026-08-22 03:49:37,788 [WARNING] Failed to find tvg-id="qartuliarxi" in georgia_channels.m3u
2026-08-22 03:49:37,789 [WARNING] Failed to find tvg-id="musicbox" in georgia_channels.m3u
2026-08-22 03:49:37,789 [WARNING] Failed to find tvg-id="marneuli" in georgia_channels.m3u
2026-08-22 03:49:37,789 [WARNING] Failed to find tvg-id="axaliformula" in georgia_channels.m3u
2026-08-22 03:49:37,789 [WARNING] Failed to find tvg-id="o2" in georgia_channels.m3u
2026-08-22 03:49:37,789 [WARNING] Failed to find tvg-id="guria" in georgia_channels.m3u
2026-08-22 03:49:37,790 [WARNING] Failed to find tvg-id="imervizia" in georgia_channels.m3u
2026-08-22 03:49:37,790 [WARNING] Failed to find tvg-id="diatv" in georgia_channels.m3u
2026-08-22 03:49:37,790 [WARNING] Failed to find tvg-id="chveniarxi" in georgia_channels.m3u
2026-08-22 03:49:37,790 [WARNING] Failed to find tvg-id="batumitv" in georgia_channels.m3u
2026-08-22 03:49:37,791 [WARNING] Failed to find tvg-id="rcheuli" in georgia_channels.m3u
2026-08-22 03:49:37,791 [WARNING] Failed to find tvg-id="gurjaani" in georgia_channels.m3u
2026-08-22 03:49:37,791 [WARNING] Failed to find tvg-id="molitv" in georgia_channels.m3u
2026-08-22 03:49:37,791 [WARNING] Failed to find tvg-id="mexute" in georgia_channels.m3u
2026-08-22 03:49:37,792 [WARNING] Failed to find tvg-id="agrogaremo" in georgia_channels.m3u
2026-08-22 03:49:37,792 [WARNING] Failed to find tvg-id="artv" in georgia_channels.m3u
2026-08-22 03:49:37,792 [WARNING] Failed to find tvg-id="meteo24" in georgia_channels.m3u
2026-08-22 03:49:37,792 [WARNING] Failed to find tvg-id="georgiantimes" in georgia_channels.m3u
2026-08-22 03:49:37,792 [WARNING] Failed to find tvg-id="silkuniversal" in georgia_channels.m3u
2026-08-22 03:49:37,793 [WARNING] Failed to find tvg-id="rugbytv" in georgia_channels.m3u
2026-08-22 03:49:37,793 [WARNING] Failed to find tvg-id="gms" in georgia_channels.m3u
2026-08-22 03:49:37,793 [WARNING] Failed to find tvg-id="aiatv" in georgia_channels.m3u
2026-08-22 03:49:37,793 [WARNING] Failed to find tvg-id="batumi2" in georgia_channels.m3u
2026-08-22 03:49:37,794 [WARNING] Failed to find tvg-id="altinfo" in georgia_channels.m3u
2026-08-22 03:49:37,794 [WARNING] Failed to find tvg-id="parliament" in georgia_channels.m3u
2026-08-22 03:49:37,794 [WARNING] Failed to find tvg-id="egrisi" in georgia_channels.m3u
2026-08-22 03:49:37,794 [WARNING] Failed to find tvg-id="mzetv" in georgia_channels.m3u
2026-08-22 03:49:37,794 [INFO] No file changes were made.
2026-08-22 03:49:37,794 [INFO] === UPDATE EXECUTION FINISHED ===
