2026-08-25 08:46:38,632 [INFO] === UPDATE EXECUTION STARTED ===
2026-08-25 08:46:38,632 [INFO] Fetching Setanta Sports 3 from IPTV-ORG...
2026-08-25 08:46:38,961 [INFO] Launching batch scraper for 44 channels on tv.mar.tv...
2026-08-25 08:46:39,552 [INFO] Scraping rustavi2...
2026-08-25 08:46:45,102 [INFO]  -> Success: https://live8.mar.tv/1/4rd/index.m3u8
2026-08-25 08:46:45,141 [INFO] Scraping maestro...
2026-08-25 08:46:48,465 [INFO]  -> Success: https://live4.mar.tv/c290aaf0e6603895ca0835254667908bd701327eeed16e6fa3dca3fb3300c32c/352m/index.m3u8
2026-08-25 08:46:48,500 [INFO] Scraping marao...
2026-08-25 08:46:51,819 [INFO]  -> Success: https://live2.mar.tv/c290aaf0e6603895ca0835254667908bd701327eeed16e6fa3dca3fb3300c32c/12sd/index.m3u8
2026-08-25 08:46:51,852 [INFO] Scraping gds...
2026-08-25 08:46:55,170 [INFO]  -> Success: https://live1.mar.tv/c290aaf0e6603895ca0835254667908bd701327eeed16e6fa3dca3fb3300c32c/13sd/index.m3u8
2026-08-25 08:46:55,206 [INFO] Scraping comedy...
2026-08-25 08:46:58,525 [INFO]  -> Success: https://live4.mar.tv/c290aaf0e6603895ca0835254667908bd701327eeed16e6fa3dca3fb3300c32c/14rd/index.m3u8
2026-08-25 08:46:58,556 [INFO] Scraping bbb...
2026-08-25 08:47:01,875 [INFO]  -> Success: https://live2.mar.tv/c290aaf0e6603895ca0835254667908bd701327eeed16e6fa3dca3fb3300c32c/16sd/index.m3u8
2026-08-25 08:47:01,908 [INFO] Scraping enkibenki...
2026-08-25 08:47:05,226 [INFO]  -> Success: https://live2.mar.tv/c290aaf0e6603895ca0835254667908bd701327eeed16e6fa3dca3fb3300c32c/17e/index.m3u8
2026-08-25 08:47:05,258 [INFO] Scraping adjaratv...
2026-08-25 08:47:08,576 [INFO]  -> Success: https://live2.mar.tv/c290aaf0e6603895ca0835254667908bd701327eeed16e6fa3dca3fb3300c32c/19rd/index.m3u8
2026-08-25 08:47:08,614 [INFO] Scraping rionitv...
2026-08-25 08:47:11,936 [INFO]  -> Success: https://live6.mar.tv/c290aaf0e6603895ca0835254667908bd701327eeed16e6fa3dca3fb3300c32c/20rionn/index.m3u8
2026-08-25 08:47:11,969 [INFO] Scraping tv25...
2026-08-25 08:47:15,291 [INFO]  -> Success: https://live6.mar.tv/c290aaf0e6603895ca0835254667908bd701327eeed16e6fa3dca3fb3300c32c/23tv25/index.m3u8
2026-08-25 08:47:15,323 [INFO] Scraping tv4rustavi...
2026-08-25 08:47:18,642 [INFO]  -> Success: https://live6.mar.tv/c290aaf0e6603895ca0835254667908bd701327eeed16e6fa3dca3fb3300c32c/24tw4/index.m3u8
2026-08-25 08:47:18,675 [INFO] Scraping trialeti...
2026-08-25 08:47:21,994 [INFO]  -> Success: https://live6.mar.tv/c290aaf0e6603895ca0835254667908bd701327eeed16e6fa3dca3fb3300c32c/trialleti/index.m3u8
2026-08-25 08:47:22,030 [INFO] Scraping dardimandi...
2026-08-25 08:47:25,356 [INFO]  -> Success: https://live5.mar.tv/c290aaf0e6603895ca0835254667908bd701327eeed16e6fa3dca3fb3300c32c/27/index.m3u8
2026-08-25 08:47:25,391 [INFO] Scraping agro...
2026-08-25 08:47:28,708 [INFO]  -> Success: https://live5.mar.tv/c290aaf0e6603895ca0835254667908bd701327eeed16e6fa3dca3fb3300c32c/28/index.m3u8
2026-08-25 08:47:28,747 [INFO] Scraping samefo...
2026-08-25 08:47:32,066 [INFO]  -> Success: https://live5.mar.tv/c290aaf0e6603895ca0835254667908bd701327eeed16e6fa3dca3fb3300c32c/29/index.m3u8
2026-08-25 08:47:32,100 [INFO] Scraping postv...
2026-08-25 08:47:35,419 [INFO]  -> Success: https://live6.mar.tv/c290aaf0e6603895ca0835254667908bd701327eeed16e6fa3dca3fb3300c32c/postvw/index.m3u8
2026-08-25 08:47:35,451 [INFO] Scraping megatv...
2026-08-25 08:47:38,769 [INFO]  -> Success: https://live4.mar.tv/c290aaf0e6603895ca0835254667908bd701327eeed16e6fa3dca3fb3300c32c/32st/index.m3u8
2026-08-25 08:47:38,800 [INFO] Scraping qartuliarxi...
2026-08-25 08:47:42,118 [INFO]  -> Success: https://live6.mar.tv/c290aaf0e6603895ca0835254667908bd701327eeed16e6fa3dca3fb3300c32c/qartuli/index.m3u8
2026-08-25 08:47:42,150 [INFO] Scraping musicbox...
2026-08-25 08:47:45,467 [INFO]  -> Success: https://live6.mar.tv/c290aaf0e6603895ca0835254667908bd701327eeed16e6fa3dca3fb3300c32c/34musge/index.m3u8
2026-08-25 08:47:45,498 [INFO] Scraping marneuli...
2026-08-25 08:47:48,817 [INFO]  -> Success: https://live6.mar.tv/c290aaf0e6603895ca0835254667908bd701327eeed16e6fa3dca3fb3300c32c/37marn/index.m3u8
2026-08-25 08:47:48,850 [INFO] Scraping axaliformula...
2026-08-25 08:47:52,175 [INFO]  -> Success: https://live6.mar.tv/c290aaf0e6603895ca0835254667908bd701327eeed16e6fa3dca3fb3300c32c/axaliformla/index.m3u8
2026-08-25 08:47:52,208 [INFO] Scraping o2...
2026-08-25 08:47:55,526 [INFO]  -> Success: https://live5.mar.tv/c290aaf0e6603895ca0835254667908bd701327eeed16e6fa3dca3fb3300c32c/40/index.m3u8
2026-08-25 08:47:55,561 [INFO] Scraping guria...
2026-08-25 08:47:58,879 [INFO]  -> Success: https://live5.mar.tv/c290aaf0e6603895ca0835254667908bd701327eeed16e6fa3dca3fb3300c32c/42/index.m3u8
2026-08-25 08:47:58,914 [INFO] Scraping imervizia...
2026-08-25 08:48:02,236 [INFO]  -> Success: https://live6.mar.tv/c290aaf0e6603895ca0835254667908bd701327eeed16e6fa3dca3fb3300c32c/imervizia/index.m3u8
2026-08-25 08:48:02,268 [INFO] Scraping diatv...
2026-08-25 08:48:05,587 [INFO]  -> Success: https://live4.mar.tv/c290aaf0e6603895ca0835254667908bd701327eeed16e6fa3dca3fb3300c32c/dia/index.m3u8
2026-08-25 08:48:05,622 [INFO] Scraping chveniarxi...
2026-08-25 08:48:08,946 [INFO]  -> Success: https://live3.mar.tv/c290aaf0e6603895ca0835254667908bd701327eeed16e6fa3dca3fb3300c32c/45rd/index.m3u8
2026-08-25 08:48:08,978 [INFO] Scraping batumitv...
2026-08-25 08:48:12,299 [INFO]  -> Success: https://live5.mar.tv/c290aaf0e6603895ca0835254667908bd701327eeed16e6fa3dca3fb3300c32c/46/index.m3u8
2026-08-25 08:48:12,332 [INFO] Scraping rcheuli...
2026-08-25 08:48:15,651 [INFO]  -> Success: https://live5.mar.tv/c290aaf0e6603895ca0835254667908bd701327eeed16e6fa3dca3fb3300c32c/47/index.m3u8
2026-08-25 08:48:15,684 [INFO] Scraping gurjaani...
2026-08-25 08:48:19,002 [INFO]  -> Success: https://live4.mar.tv/c290aaf0e6603895ca0835254667908bd701327eeed16e6fa3dca3fb3300c32c/48m/index.m3u8
2026-08-25 08:48:19,036 [INFO] Scraping molitv...
2026-08-25 08:48:22,355 [INFO]  -> Success: https://live6.mar.tv/c290aaf0e6603895ca0835254667908bd701327eeed16e6fa3dca3fb3300c32c/mollltv/index.m3u8
2026-08-25 08:48:22,388 [INFO] Scraping mexute...
2026-08-25 08:48:25,706 [INFO]  -> Success: https://live6.mar.tv/c290aaf0e6603895ca0835254667908bd701327eeed16e6fa3dca3fb3300c32c/50/index.m3u8
2026-08-25 08:48:25,741 [INFO] Scraping agrogaremo...
2026-08-25 08:48:29,062 [INFO]  -> Success: https://live6.mar.tv/c290aaf0e6603895ca0835254667908bd701327eeed16e6fa3dca3fb3300c32c/agrogaremo/index.m3u8
2026-08-25 08:48:29,097 [INFO] Scraping artv...
2026-08-25 08:48:32,417 [INFO]  -> Success: https://live6.mar.tv/c290aaf0e6603895ca0835254667908bd701327eeed16e6fa3dca3fb3300c32c/tafutv/index.m3u8
2026-08-25 08:48:32,450 [INFO] Scraping meteo24...
2026-08-25 08:48:35,766 [INFO]  -> Success: https://live5.mar.tv/c290aaf0e6603895ca0835254667908bd701327eeed16e6fa3dca3fb3300c32c/56/index.m3u8
2026-08-25 08:48:35,797 [INFO] Scraping georgiantimes...
2026-08-25 08:48:39,130 [INFO]  -> Success: https://live5.mar.tv/c290aaf0e6603895ca0835254667908bd701327eeed16e6fa3dca3fb3300c32c/57/index.m3u8
2026-08-25 08:48:39,165 [INFO] Scraping silkuniversal...
2026-08-25 08:48:42,487 [INFO]  -> Success: https://live2.mar.tv/c290aaf0e6603895ca0835254667908bd701327eeed16e6fa3dca3fb3300c32c/1arxiweb/index.m3u8
2026-08-25 08:48:42,520 [INFO] Scraping rugbytv...
2026-08-25 08:48:45,842 [INFO]  -> Success: https://live4.mar.tv/c290aaf0e6603895ca0835254667908bd701327eeed16e6fa3dca3fb3300c32c/160m/index.m3u8
2026-08-25 08:48:45,872 [INFO] Scraping gms...
2026-08-25 08:48:49,192 [INFO]  -> Success: https://live5.mar.tv/c290aaf0e6603895ca0835254667908bd701327eeed16e6fa3dca3fb3300c32c/161/index.m3u8
2026-08-25 08:48:49,236 [INFO] Scraping aiatv...
2026-08-25 08:48:52,555 [INFO]  -> Success: https://live6.mar.tv/c290aaf0e6603895ca0835254667908bd701327eeed16e6fa3dca3fb3300c32c/aia/index.m3u8
2026-08-25 08:48:52,587 [INFO] Scraping batumi2...
2026-08-25 08:48:55,909 [INFO]  -> Success: https://live6.mar.tv/c290aaf0e6603895ca0835254667908bd701327eeed16e6fa3dca3fb3300c32c/batumitv2/index.m3u8
2026-08-25 08:48:55,940 [INFO] Scraping altinfo...
2026-08-25 08:48:59,261 [INFO]  -> Success: https://live6.mar.tv/c290aaf0e6603895ca0835254667908bd701327eeed16e6fa3dca3fb3300c32c/altinfo/index.m3u8
2026-08-25 08:48:59,292 [INFO] Scraping parliament...
2026-08-25 08:49:02,611 [INFO]  -> Success: https://live6.mar.tv/c290aaf0e6603895ca0835254667908bd701327eeed16e6fa3dca3fb3300c32c/parlament/index.m3u8
2026-08-25 08:49:02,643 [INFO] Scraping egrisi...
2026-08-25 08:49:05,963 [INFO]  -> Success: https://live6.mar.tv/c290aaf0e6603895ca0835254667908bd701327eeed16e6fa3dca3fb3300c32c/egrisi/index.m3u8
2026-08-25 08:49:05,999 [INFO] Scraping mzetv...
2026-08-25 08:49:09,325 [INFO]  -> Success: https://live6.mar.tv/c290aaf0e6603895ca0835254667908bd701327eeed16e6fa3dca3fb3300c32c/mze/index.m3u8
2026-08-25 08:49:09,373 [WARNING] Failed to find tvg-id="rustavi2" in georgia_channels.m3u
2026-08-25 08:49:09,373 [WARNING] Failed to find tvg-id="maestro" in georgia_channels.m3u
2026-08-25 08:49:09,373 [WARNING] Failed to find tvg-id="marao" in georgia_channels.m3u
2026-08-25 08:49:09,374 [WARNING] Failed to find tvg-id="gds" in georgia_channels.m3u
2026-08-25 08:49:09,374 [WARNING] Failed to find tvg-id="comedy" in georgia_channels.m3u
2026-08-25 08:49:09,374 [WARNING] Failed to find tvg-id="bbb" in georgia_channels.m3u
2026-08-25 08:49:09,374 [WARNING] Failed to find tvg-id="enkibenki" in georgia_channels.m3u
2026-08-25 08:49:09,374 [WARNING] Failed to find tvg-id="adjaratv" in georgia_channels.m3u
2026-08-25 08:49:09,375 [WARNING] Failed to find tvg-id="rionitv" in georgia_channels.m3u
2026-08-25 08:49:09,375 [WARNING] Failed to find tvg-id="tv25" in georgia_channels.m3u
2026-08-25 08:49:09,375 [WARNING] Failed to find tvg-id="tv4rustavi" in georgia_channels.m3u
2026-08-25 08:49:09,375 [WARNING] Failed to find tvg-id="trialeti" in georgia_channels.m3u
2026-08-25 08:49:09,375 [WARNING] Failed to find tvg-id="dardimandi" in georgia_channels.m3u
2026-08-25 08:49:09,376 [WARNING] Failed to find tvg-id="agro" in georgia_channels.m3u
2026-08-25 08:49:09,376 [WARNING] Failed to find tvg-id="samefo" in georgia_channels.m3u
2026-08-25 08:49:09,376 [WARNING] Failed to find tvg-id="postv" in georgia_channels.m3u
2026-08-25 08:49:09,376 [WARNING] Failed to find tvg-id="megatv" in georgia_channels.m3u
2026-08-25 08:49:09,377 [WARNING] Failed to find tvg-id="qartuliarxi" in georgia_channels.m3u
2026-08-25 08:49:09,377 [WARNING] Failed to find tvg-id="musicbox" in georgia_channels.m3u
2026-08-25 08:49:09,377 [WARNING] Failed to find tvg-id="marneuli" in georgia_channels.m3u
2026-08-25 08:49:09,377 [WARNING] Failed to find tvg-id="axaliformula" in georgia_channels.m3u
2026-08-25 08:49:09,377 [WARNING] Failed to find tvg-id="o2" in georgia_channels.m3u
2026-08-25 08:49:09,378 [WARNING] Failed to find tvg-id="guria" in georgia_channels.m3u
2026-08-25 08:49:09,378 [WARNING] Failed to find tvg-id="imervizia" in georgia_channels.m3u
2026-08-25 08:49:09,378 [WARNING] Failed to find tvg-id="diatv" in georgia_channels.m3u
2026-08-25 08:49:09,378 [WARNING] Failed to find tvg-id="chveniarxi" in georgia_channels.m3u
2026-08-25 08:49:09,378 [WARNING] Failed to find tvg-id="batumitv" in georgia_channels.m3u
2026-08-25 08:49:09,379 [WARNING] Failed to find tvg-id="rcheuli" in georgia_channels.m3u
2026-08-25 08:49:09,379 [WARNING] Failed to find tvg-id="gurjaani" in georgia_channels.m3u
2026-08-25 08:49:09,379 [WARNING] Failed to find tvg-id="molitv" in georgia_channels.m3u
2026-08-25 08:49:09,379 [WARNING] Failed to find tvg-id="mexute" in georgia_channels.m3u
2026-08-25 08:49:09,379 [WARNING] Failed to find tvg-id="agrogaremo" in georgia_channels.m3u
2026-08-25 08:49:09,380 [WARNING] Failed to find tvg-id="artv" in georgia_channels.m3u
2026-08-25 08:49:09,380 [WARNING] Failed to find tvg-id="meteo24" in georgia_channels.m3u
2026-08-25 08:49:09,380 [WARNING] Failed to find tvg-id="georgiantimes" in georgia_channels.m3u
2026-08-25 08:49:09,380 [WARNING] Failed to find tvg-id="silkuniversal" in georgia_channels.m3u
2026-08-25 08:49:09,380 [WARNING] Failed to find tvg-id="rugbytv" in georgia_channels.m3u
2026-08-25 08:49:09,381 [WARNING] Failed to find tvg-id="gms" in georgia_channels.m3u
2026-08-25 08:49:09,381 [WARNING] Failed to find tvg-id="aiatv" in georgia_channels.m3u
2026-08-25 08:49:09,381 [WARNING] Failed to find tvg-id="batumi2" in georgia_channels.m3u
2026-08-25 08:49:09,381 [WARNING] Failed to find tvg-id="altinfo" in georgia_channels.m3u
2026-08-25 08:49:09,382 [WARNING] Failed to find tvg-id="parliament" in georgia_channels.m3u
2026-08-25 08:49:09,382 [WARNING] Failed to find tvg-id="egrisi" in georgia_channels.m3u
2026-08-25 08:49:09,382 [WARNING] Failed to find tvg-id="mzetv" in georgia_channels.m3u
2026-08-25 08:49:09,382 [INFO] No file changes were made.
2026-08-25 08:49:09,382 [INFO] === UPDATE EXECUTION FINISHED ===
