2026-08-21 06:29:58,243 [INFO] === UPDATE EXECUTION STARTED ===
2026-08-21 06:29:58,243 [INFO] Fetching Setanta Sports 3 from IPTV-ORG...
2026-08-21 06:29:58,368 [INFO] Launching batch scraper for 44 channels on tv.mar.tv...
2026-08-21 06:30:00,327 [INFO] Scraping rustavi2...
2026-08-21 06:30:05,480 [INFO]  -> Success: https://live8.mar.tv/1/4rd/index.m3u8
2026-08-21 06:30:05,519 [INFO] Scraping maestro...
2026-08-21 06:30:08,809 [INFO]  -> Success: https://live4.mar.tv/765c29fa061d7d7ec482445b90c2459a62bc3afc0cc50d171cd957610d40c379/352m/index.m3u8
2026-08-21 06:30:08,842 [INFO] Scraping marao...
2026-08-21 06:30:12,129 [INFO]  -> Success: https://live2.mar.tv/765c29fa061d7d7ec482445b90c2459a62bc3afc0cc50d171cd957610d40c379/12sd/index.m3u8
2026-08-21 06:30:12,169 [INFO] Scraping gds...
2026-08-21 06:30:15,454 [INFO]  -> Success: https://live1.mar.tv/765c29fa061d7d7ec482445b90c2459a62bc3afc0cc50d171cd957610d40c379/13sd/index.m3u8
2026-08-21 06:30:15,489 [INFO] Scraping comedy...
2026-08-21 06:30:18,777 [INFO]  -> Success: https://live4.mar.tv/765c29fa061d7d7ec482445b90c2459a62bc3afc0cc50d171cd957610d40c379/14rd/index.m3u8
2026-08-21 06:30:18,808 [INFO] Scraping bbb...
2026-08-21 06:30:22,095 [INFO]  -> Success: https://live2.mar.tv/765c29fa061d7d7ec482445b90c2459a62bc3afc0cc50d171cd957610d40c379/16sd/index.m3u8
2026-08-21 06:30:22,125 [INFO] Scraping enkibenki...
2026-08-21 06:30:25,412 [INFO]  -> Success: https://live2.mar.tv/765c29fa061d7d7ec482445b90c2459a62bc3afc0cc50d171cd957610d40c379/17e/index.m3u8
2026-08-21 06:30:25,452 [INFO] Scraping adjaratv...
2026-08-21 06:30:28,741 [INFO]  -> Success: https://live2.mar.tv/765c29fa061d7d7ec482445b90c2459a62bc3afc0cc50d171cd957610d40c379/19rd/index.m3u8
2026-08-21 06:30:28,773 [INFO] Scraping rionitv...
2026-08-21 06:30:32,058 [INFO]  -> Success: https://live6.mar.tv/765c29fa061d7d7ec482445b90c2459a62bc3afc0cc50d171cd957610d40c379/20rionn/index.m3u8
2026-08-21 06:30:32,091 [INFO] Scraping tv25...
2026-08-21 06:30:35,377 [INFO]  -> Success: https://live6.mar.tv/765c29fa061d7d7ec482445b90c2459a62bc3afc0cc50d171cd957610d40c379/23tv25/index.m3u8
2026-08-21 06:30:35,409 [INFO] Scraping tv4rustavi...
2026-08-21 06:30:38,702 [INFO]  -> Success: https://live6.mar.tv/765c29fa061d7d7ec482445b90c2459a62bc3afc0cc50d171cd957610d40c379/24tw4/index.m3u8
2026-08-21 06:30:38,739 [INFO] Scraping trialeti...
2026-08-21 06:30:42,026 [INFO]  -> Success: https://live6.mar.tv/765c29fa061d7d7ec482445b90c2459a62bc3afc0cc50d171cd957610d40c379/trialleti/index.m3u8
2026-08-21 06:30:42,057 [INFO] Scraping dardimandi...
2026-08-21 06:30:45,345 [INFO]  -> Success: https://live5.mar.tv/765c29fa061d7d7ec482445b90c2459a62bc3afc0cc50d171cd957610d40c379/27/index.m3u8
2026-08-21 06:30:45,372 [INFO] Scraping agro...
2026-08-21 06:30:48,667 [INFO]  -> Success: https://live5.mar.tv/765c29fa061d7d7ec482445b90c2459a62bc3afc0cc50d171cd957610d40c379/28/index.m3u8
2026-08-21 06:30:48,700 [INFO] Scraping samefo...
2026-08-21 06:30:51,986 [INFO]  -> Success: https://live5.mar.tv/765c29fa061d7d7ec482445b90c2459a62bc3afc0cc50d171cd957610d40c379/29/index.m3u8
2026-08-21 06:30:52,020 [INFO] Scraping postv...
2026-08-21 06:30:55,304 [INFO]  -> Success: https://live6.mar.tv/765c29fa061d7d7ec482445b90c2459a62bc3afc0cc50d171cd957610d40c379/postvw/index.m3u8
2026-08-21 06:30:55,335 [INFO] Scraping megatv...
2026-08-21 06:30:58,617 [INFO]  -> Success: https://live4.mar.tv/765c29fa061d7d7ec482445b90c2459a62bc3afc0cc50d171cd957610d40c379/32st/index.m3u8
2026-08-21 06:30:58,650 [INFO] Scraping qartuliarxi...
2026-08-21 06:31:01,933 [INFO]  -> Success: https://live6.mar.tv/765c29fa061d7d7ec482445b90c2459a62bc3afc0cc50d171cd957610d40c379/qartuli/index.m3u8
2026-08-21 06:31:01,965 [INFO] Scraping musicbox...
2026-08-21 06:31:05,254 [INFO]  -> Success: https://live6.mar.tv/765c29fa061d7d7ec482445b90c2459a62bc3afc0cc50d171cd957610d40c379/34musge/index.m3u8
2026-08-21 06:31:05,287 [INFO] Scraping marneuli...
2026-08-21 06:31:08,571 [INFO]  -> Success: https://live6.mar.tv/765c29fa061d7d7ec482445b90c2459a62bc3afc0cc50d171cd957610d40c379/37marn/index.m3u8
2026-08-21 06:31:08,602 [INFO] Scraping axaliformula...
2026-08-21 06:31:11,887 [INFO]  -> Success: https://live6.mar.tv/765c29fa061d7d7ec482445b90c2459a62bc3afc0cc50d171cd957610d40c379/axaliformla/index.m3u8
2026-08-21 06:31:11,917 [INFO] Scraping o2...
2026-08-21 06:31:15,203 [INFO]  -> Success: https://live5.mar.tv/765c29fa061d7d7ec482445b90c2459a62bc3afc0cc50d171cd957610d40c379/40/index.m3u8
2026-08-21 06:31:15,234 [INFO] Scraping guria...
2026-08-21 06:31:18,519 [INFO]  -> Success: https://live5.mar.tv/765c29fa061d7d7ec482445b90c2459a62bc3afc0cc50d171cd957610d40c379/42/index.m3u8
2026-08-21 06:31:18,549 [INFO] Scraping imervizia...
2026-08-21 06:31:21,837 [INFO]  -> Success: https://live6.mar.tv/765c29fa061d7d7ec482445b90c2459a62bc3afc0cc50d171cd957610d40c379/imervizia/index.m3u8
2026-08-21 06:31:21,869 [INFO] Scraping diatv...
2026-08-21 06:31:25,153 [INFO]  -> Success: https://live4.mar.tv/765c29fa061d7d7ec482445b90c2459a62bc3afc0cc50d171cd957610d40c379/dia/index.m3u8
2026-08-21 06:31:25,185 [INFO] Scraping chveniarxi...
2026-08-21 06:31:28,468 [INFO]  -> Success: https://live3.mar.tv/765c29fa061d7d7ec482445b90c2459a62bc3afc0cc50d171cd957610d40c379/45rd/index.m3u8
2026-08-21 06:31:28,498 [INFO] Scraping batumitv...
2026-08-21 06:31:31,786 [INFO]  -> Success: https://live5.mar.tv/765c29fa061d7d7ec482445b90c2459a62bc3afc0cc50d171cd957610d40c379/46/index.m3u8
2026-08-21 06:31:31,817 [INFO] Scraping rcheuli...
2026-08-21 06:31:35,102 [INFO]  -> Success: https://live5.mar.tv/765c29fa061d7d7ec482445b90c2459a62bc3afc0cc50d171cd957610d40c379/47/index.m3u8
2026-08-21 06:31:35,135 [INFO] Scraping gurjaani...
2026-08-21 06:31:38,419 [INFO]  -> Success: https://live4.mar.tv/765c29fa061d7d7ec482445b90c2459a62bc3afc0cc50d171cd957610d40c379/48m/index.m3u8
2026-08-21 06:31:38,450 [INFO] Scraping molitv...
2026-08-21 06:31:41,736 [INFO]  -> Success: https://live6.mar.tv/765c29fa061d7d7ec482445b90c2459a62bc3afc0cc50d171cd957610d40c379/mollltv/index.m3u8
2026-08-21 06:31:41,778 [INFO] Scraping mexute...
2026-08-21 06:31:45,060 [INFO]  -> Success: https://live6.mar.tv/765c29fa061d7d7ec482445b90c2459a62bc3afc0cc50d171cd957610d40c379/50/index.m3u8
2026-08-21 06:31:45,090 [INFO] Scraping agrogaremo...
2026-08-21 06:31:48,377 [INFO]  -> Success: https://live6.mar.tv/765c29fa061d7d7ec482445b90c2459a62bc3afc0cc50d171cd957610d40c379/agrogaremo/index.m3u8
2026-08-21 06:31:48,406 [INFO] Scraping artv...
2026-08-21 06:31:51,692 [INFO]  -> Success: https://live6.mar.tv/765c29fa061d7d7ec482445b90c2459a62bc3afc0cc50d171cd957610d40c379/tafutv/index.m3u8
2026-08-21 06:31:51,725 [INFO] Scraping meteo24...
2026-08-21 06:31:55,009 [INFO]  -> Success: https://live5.mar.tv/765c29fa061d7d7ec482445b90c2459a62bc3afc0cc50d171cd957610d40c379/56/index.m3u8
2026-08-21 06:31:55,039 [INFO] Scraping georgiantimes...
2026-08-21 06:31:58,346 [INFO]  -> Success: https://live5.mar.tv/765c29fa061d7d7ec482445b90c2459a62bc3afc0cc50d171cd957610d40c379/57/index.m3u8
2026-08-21 06:31:58,376 [INFO] Scraping silk...
2026-08-21 06:32:01,673 [INFO]  -> Success: https://live2.mar.tv/765c29fa061d7d7ec482445b90c2459a62bc3afc0cc50d171cd957610d40c379/1arxiweb/index.m3u8
2026-08-21 06:32:01,706 [INFO] Scraping rugbytv...
2026-08-21 06:32:04,993 [INFO]  -> Success: https://live4.mar.tv/765c29fa061d7d7ec482445b90c2459a62bc3afc0cc50d171cd957610d40c379/160m/index.m3u8
2026-08-21 06:32:05,023 [INFO] Scraping gms...
2026-08-21 06:32:08,309 [INFO]  -> Success: https://live5.mar.tv/765c29fa061d7d7ec482445b90c2459a62bc3afc0cc50d171cd957610d40c379/161/index.m3u8
2026-08-21 06:32:08,342 [INFO] Scraping aiatv...
2026-08-21 06:32:11,628 [INFO]  -> Success: https://live6.mar.tv/765c29fa061d7d7ec482445b90c2459a62bc3afc0cc50d171cd957610d40c379/aia/index.m3u8
2026-08-21 06:32:11,662 [INFO] Scraping batumi2...
2026-08-21 06:32:14,952 [INFO]  -> Success: https://live6.mar.tv/765c29fa061d7d7ec482445b90c2459a62bc3afc0cc50d171cd957610d40c379/batumitv2/index.m3u8
2026-08-21 06:32:14,987 [INFO] Scraping altinfo...
2026-08-21 06:32:18,275 [INFO]  -> Success: https://live6.mar.tv/765c29fa061d7d7ec482445b90c2459a62bc3afc0cc50d171cd957610d40c379/altinfo/index.m3u8
2026-08-21 06:32:18,312 [INFO] Scraping parliament...
2026-08-21 06:32:21,599 [INFO]  -> Success: https://live6.mar.tv/765c29fa061d7d7ec482445b90c2459a62bc3afc0cc50d171cd957610d40c379/parlament/index.m3u8
2026-08-21 06:32:21,636 [INFO] Scraping egrisi...
2026-08-21 06:32:24,920 [INFO]  -> Success: https://live6.mar.tv/765c29fa061d7d7ec482445b90c2459a62bc3afc0cc50d171cd957610d40c379/egrisi/index.m3u8
2026-08-21 06:32:24,950 [INFO] Scraping mzetv...
2026-08-21 06:32:28,236 [INFO]  -> Success: https://live6.mar.tv/765c29fa061d7d7ec482445b90c2459a62bc3afc0cc50d171cd957610d40c379/mze/index.m3u8
2026-08-21 06:32:28,280 [INFO] Updated M3U block for: rustavi2
2026-08-21 06:32:28,281 [INFO] Updated M3U block for: maestro
2026-08-21 06:32:28,281 [INFO] Updated M3U block for: marao
2026-08-21 06:32:28,281 [INFO] Updated M3U block for: gds
2026-08-21 06:32:28,281 [INFO] Updated M3U block for: comedy
2026-08-21 06:32:28,282 [INFO] Updated M3U block for: bbb
2026-08-21 06:32:28,282 [INFO] Updated M3U block for: enkibenki
2026-08-21 06:32:28,282 [INFO] Updated M3U block for: adjaratv
2026-08-21 06:32:28,282 [INFO] Updated M3U block for: rionitv
2026-08-21 06:32:28,282 [INFO] Updated M3U block for: tv25
2026-08-21 06:32:28,283 [INFO] Updated M3U block for: tv4rustavi
2026-08-21 06:32:28,283 [INFO] Updated M3U block for: trialeti
2026-08-21 06:32:28,283 [INFO] Updated M3U block for: dardimandi
2026-08-21 06:32:28,283 [INFO] Updated M3U block for: agro
2026-08-21 06:32:28,283 [INFO] Updated M3U block for: samefo
2026-08-21 06:32:28,284 [INFO] Updated M3U block for: postv
2026-08-21 06:32:28,284 [INFO] Updated M3U block for: megatv
2026-08-21 06:32:28,284 [INFO] Updated M3U block for: qartuliarxi
2026-08-21 06:32:28,284 [INFO] Updated M3U block for: musicbox
2026-08-21 06:32:28,284 [INFO] Updated M3U block for: marneuli
2026-08-21 06:32:28,285 [INFO] Updated M3U block for: axaliformula
2026-08-21 06:32:28,285 [INFO] Updated M3U block for: o2
2026-08-21 06:32:28,285 [INFO] Updated M3U block for: guria
2026-08-21 06:32:28,285 [INFO] Updated M3U block for: imervizia
2026-08-21 06:32:28,285 [INFO] Updated M3U block for: diatv
2026-08-21 06:32:28,286 [INFO] Updated M3U block for: chveniarxi
2026-08-21 06:32:28,286 [INFO] Updated M3U block for: batumitv
2026-08-21 06:32:28,286 [INFO] Updated M3U block for: rcheuli
2026-08-21 06:32:28,286 [INFO] Updated M3U block for: gurjaani
2026-08-21 06:32:28,287 [INFO] Updated M3U block for: molitv
2026-08-21 06:32:28,287 [INFO] Updated M3U block for: mexute
2026-08-21 06:32:28,287 [INFO] Updated M3U block for: agrogaremo
2026-08-21 06:32:28,287 [INFO] Updated M3U block for: artv
2026-08-21 06:32:28,288 [INFO] Updated M3U block for: meteo24
2026-08-21 06:32:28,288 [INFO] Updated M3U block for: georgiantimes
2026-08-21 06:32:28,288 [INFO] Updated M3U block for: silk
2026-08-21 06:32:28,288 [INFO] Updated M3U block for: rugbytv
2026-08-21 06:32:28,289 [INFO] Updated M3U block for: gms
2026-08-21 06:32:28,289 [INFO] Updated M3U block for: aiatv
2026-08-21 06:32:28,289 [INFO] Updated M3U block for: batumi2
2026-08-21 06:32:28,289 [INFO] Updated M3U block for: altinfo
2026-08-21 06:32:28,289 [INFO] Updated M3U block for: parliament
2026-08-21 06:32:28,289 [INFO] Updated M3U block for: egrisi
2026-08-21 06:32:28,290 [INFO] Updated M3U block for: mzetv
2026-08-21 06:32:28,290 [INFO] Saved changes to georgia_channels.m3u.
2026-08-21 06:32:28,290 [INFO] === UPDATE EXECUTION FINISHED ===
