2026-08-22 09:29:48,268 [INFO] === UPDATE EXECUTION STARTED ===
2026-08-22 09:29:48,269 [INFO] Fetching Setanta Sports 3 from IPTV-ORG...
2026-08-22 09:29:48,319 [INFO] Launching batch scraper for 44 channels on tv.mar.tv...
2026-08-22 09:29:50,452 [INFO] Scraping rustavi2...
2026-08-22 09:29:55,739 [INFO]  -> Success: https://live8.mar.tv/1/4rd/index.m3u8
2026-08-22 09:29:55,773 [INFO] Scraping maestro...
2026-08-22 09:29:59,045 [INFO]  -> Success: https://live4.mar.tv/089742d6cff4fd6b839c540690878b7ce8fe22b8b4921e2cd663852742c8bac1/352m/index.m3u8
2026-08-22 09:29:59,076 [INFO] Scraping marao...
2026-08-22 09:30:02,348 [INFO]  -> Success: https://live2.mar.tv/089742d6cff4fd6b839c540690878b7ce8fe22b8b4921e2cd663852742c8bac1/12sd/index.m3u8
2026-08-22 09:30:02,382 [INFO] Scraping gds...
2026-08-22 09:30:05,658 [INFO]  -> Success: https://live1.mar.tv/089742d6cff4fd6b839c540690878b7ce8fe22b8b4921e2cd663852742c8bac1/13sd/index.m3u8
2026-08-22 09:30:05,694 [INFO] Scraping comedy...
2026-08-22 09:30:08,968 [INFO]  -> Success: https://live4.mar.tv/089742d6cff4fd6b839c540690878b7ce8fe22b8b4921e2cd663852742c8bac1/14rd/index.m3u8
2026-08-22 09:30:09,000 [INFO] Scraping bbb...
2026-08-22 09:30:12,274 [INFO]  -> Success: https://live2.mar.tv/089742d6cff4fd6b839c540690878b7ce8fe22b8b4921e2cd663852742c8bac1/16sd/index.m3u8
2026-08-22 09:30:12,309 [INFO] Scraping enkibenki...
2026-08-22 09:30:15,579 [INFO]  -> Success: https://live2.mar.tv/089742d6cff4fd6b839c540690878b7ce8fe22b8b4921e2cd663852742c8bac1/17e/index.m3u8
2026-08-22 09:30:15,611 [INFO] Scraping adjaratv...
2026-08-22 09:30:18,883 [INFO]  -> Success: https://live2.mar.tv/089742d6cff4fd6b839c540690878b7ce8fe22b8b4921e2cd663852742c8bac1/19rd/index.m3u8
2026-08-22 09:30:18,918 [INFO] Scraping rionitv...
2026-08-22 09:30:22,192 [INFO]  -> Success: https://live6.mar.tv/089742d6cff4fd6b839c540690878b7ce8fe22b8b4921e2cd663852742c8bac1/20rionn/index.m3u8
2026-08-22 09:30:22,223 [INFO] Scraping tv25...
2026-08-22 09:30:25,496 [INFO]  -> Success: https://live6.mar.tv/089742d6cff4fd6b839c540690878b7ce8fe22b8b4921e2cd663852742c8bac1/23tv25/index.m3u8
2026-08-22 09:30:25,534 [INFO] Scraping tv4rustavi...
2026-08-22 09:30:28,816 [INFO]  -> Success: https://live6.mar.tv/089742d6cff4fd6b839c540690878b7ce8fe22b8b4921e2cd663852742c8bac1/24tw4/index.m3u8
2026-08-22 09:30:28,849 [INFO] Scraping trialeti...
2026-08-22 09:30:32,127 [INFO]  -> Success: https://live6.mar.tv/089742d6cff4fd6b839c540690878b7ce8fe22b8b4921e2cd663852742c8bac1/trialleti/index.m3u8
2026-08-22 09:30:32,166 [INFO] Scraping dardimandi...
2026-08-22 09:30:35,442 [INFO]  -> Success: https://live5.mar.tv/089742d6cff4fd6b839c540690878b7ce8fe22b8b4921e2cd663852742c8bac1/27/index.m3u8
2026-08-22 09:30:35,475 [INFO] Scraping agro...
2026-08-22 09:30:38,755 [INFO]  -> Success: https://live5.mar.tv/089742d6cff4fd6b839c540690878b7ce8fe22b8b4921e2cd663852742c8bac1/28/index.m3u8
2026-08-22 09:30:38,792 [INFO] Scraping samefo...
2026-08-22 09:30:42,067 [INFO]  -> Success: https://live5.mar.tv/089742d6cff4fd6b839c540690878b7ce8fe22b8b4921e2cd663852742c8bac1/29/index.m3u8
2026-08-22 09:30:42,099 [INFO] Scraping postv...
2026-08-22 09:30:45,369 [INFO]  -> Success: https://live6.mar.tv/089742d6cff4fd6b839c540690878b7ce8fe22b8b4921e2cd663852742c8bac1/postvw/index.m3u8
2026-08-22 09:30:45,402 [INFO] Scraping megatv...
2026-08-22 09:30:48,682 [INFO]  -> Success: https://live4.mar.tv/089742d6cff4fd6b839c540690878b7ce8fe22b8b4921e2cd663852742c8bac1/32st/index.m3u8
2026-08-22 09:30:48,713 [INFO] Scraping qartuliarxi...
2026-08-22 09:30:51,988 [INFO]  -> Success: https://live6.mar.tv/089742d6cff4fd6b839c540690878b7ce8fe22b8b4921e2cd663852742c8bac1/qartuli/index.m3u8
2026-08-22 09:30:52,022 [INFO] Scraping musicbox...
2026-08-22 09:30:55,297 [INFO]  -> Success: https://live6.mar.tv/089742d6cff4fd6b839c540690878b7ce8fe22b8b4921e2cd663852742c8bac1/34musge/index.m3u8
2026-08-22 09:30:55,330 [INFO] Scraping marneuli...
2026-08-22 09:30:58,603 [INFO]  -> Success: https://live6.mar.tv/089742d6cff4fd6b839c540690878b7ce8fe22b8b4921e2cd663852742c8bac1/37marn/index.m3u8
2026-08-22 09:30:58,638 [INFO] Scraping axaliformula...
2026-08-22 09:31:01,910 [INFO]  -> Success: https://live6.mar.tv/089742d6cff4fd6b839c540690878b7ce8fe22b8b4921e2cd663852742c8bac1/axaliformla/index.m3u8
2026-08-22 09:31:01,944 [INFO] Scraping o2...
2026-08-22 09:31:05,219 [INFO]  -> Success: https://live5.mar.tv/089742d6cff4fd6b839c540690878b7ce8fe22b8b4921e2cd663852742c8bac1/40/index.m3u8
2026-08-22 09:31:05,252 [INFO] Scraping guria...
2026-08-22 09:31:08,522 [INFO]  -> Success: https://live5.mar.tv/089742d6cff4fd6b839c540690878b7ce8fe22b8b4921e2cd663852742c8bac1/42/index.m3u8
2026-08-22 09:31:08,553 [INFO] Scraping imervizia...
2026-08-22 09:31:11,827 [INFO]  -> Success: https://live6.mar.tv/089742d6cff4fd6b839c540690878b7ce8fe22b8b4921e2cd663852742c8bac1/imervizia/index.m3u8
2026-08-22 09:31:11,860 [INFO] Scraping diatv...
2026-08-22 09:31:15,135 [INFO]  -> Success: https://live4.mar.tv/089742d6cff4fd6b839c540690878b7ce8fe22b8b4921e2cd663852742c8bac1/dia/index.m3u8
2026-08-22 09:31:15,167 [INFO] Scraping chveniarxi...
2026-08-22 09:31:18,443 [INFO]  -> Success: https://live3.mar.tv/089742d6cff4fd6b839c540690878b7ce8fe22b8b4921e2cd663852742c8bac1/45rd/index.m3u8
2026-08-22 09:31:18,475 [INFO] Scraping batumitv...
2026-08-22 09:31:21,747 [INFO]  -> Success: https://live5.mar.tv/089742d6cff4fd6b839c540690878b7ce8fe22b8b4921e2cd663852742c8bac1/46/index.m3u8
2026-08-22 09:31:21,781 [INFO] Scraping rcheuli...
2026-08-22 09:31:25,055 [INFO]  -> Success: https://live5.mar.tv/089742d6cff4fd6b839c540690878b7ce8fe22b8b4921e2cd663852742c8bac1/47/index.m3u8
2026-08-22 09:31:25,091 [INFO] Scraping gurjaani...
2026-08-22 09:31:28,361 [INFO]  -> Success: https://live4.mar.tv/089742d6cff4fd6b839c540690878b7ce8fe22b8b4921e2cd663852742c8bac1/48m/index.m3u8
2026-08-22 09:31:28,393 [INFO] Scraping molitv...
2026-08-22 09:31:31,666 [INFO]  -> Success: https://live6.mar.tv/089742d6cff4fd6b839c540690878b7ce8fe22b8b4921e2cd663852742c8bac1/mollltv/index.m3u8
2026-08-22 09:31:31,701 [INFO] Scraping mexute...
2026-08-22 09:31:34,974 [INFO]  -> Success: https://live6.mar.tv/089742d6cff4fd6b839c540690878b7ce8fe22b8b4921e2cd663852742c8bac1/50/index.m3u8
2026-08-22 09:31:35,005 [INFO] Scraping agrogaremo...
2026-08-22 09:31:38,275 [INFO]  -> Success: https://live6.mar.tv/089742d6cff4fd6b839c540690878b7ce8fe22b8b4921e2cd663852742c8bac1/agrogaremo/index.m3u8
2026-08-22 09:31:38,310 [INFO] Scraping artv...
2026-08-22 09:31:41,582 [INFO]  -> Success: https://live6.mar.tv/089742d6cff4fd6b839c540690878b7ce8fe22b8b4921e2cd663852742c8bac1/tafutv/index.m3u8
2026-08-22 09:31:41,614 [INFO] Scraping meteo24...
2026-08-22 09:31:44,884 [INFO]  -> Success: https://live5.mar.tv/089742d6cff4fd6b839c540690878b7ce8fe22b8b4921e2cd663852742c8bac1/56/index.m3u8
2026-08-22 09:31:44,916 [INFO] Scraping georgiantimes...
2026-08-22 09:31:48,189 [INFO]  -> Success: https://live5.mar.tv/089742d6cff4fd6b839c540690878b7ce8fe22b8b4921e2cd663852742c8bac1/57/index.m3u8
2026-08-22 09:31:48,226 [INFO] Scraping silkuniversal...
2026-08-22 09:31:51,506 [INFO]  -> Success: https://live2.mar.tv/089742d6cff4fd6b839c540690878b7ce8fe22b8b4921e2cd663852742c8bac1/1arxiweb/index.m3u8
2026-08-22 09:31:51,542 [INFO] Scraping rugbytv...
2026-08-22 09:31:54,820 [INFO]  -> Success: https://live4.mar.tv/089742d6cff4fd6b839c540690878b7ce8fe22b8b4921e2cd663852742c8bac1/160m/index.m3u8
2026-08-22 09:31:54,853 [INFO] Scraping gms...
2026-08-22 09:31:58,127 [INFO]  -> Success: https://live5.mar.tv/089742d6cff4fd6b839c540690878b7ce8fe22b8b4921e2cd663852742c8bac1/161/index.m3u8
2026-08-22 09:31:58,159 [INFO] Scraping aiatv...
2026-08-22 09:32:01,431 [INFO]  -> Success: https://live6.mar.tv/089742d6cff4fd6b839c540690878b7ce8fe22b8b4921e2cd663852742c8bac1/aia/index.m3u8
2026-08-22 09:32:01,466 [INFO] Scraping batumi2...
2026-08-22 09:32:04,741 [INFO]  -> Success: https://live6.mar.tv/089742d6cff4fd6b839c540690878b7ce8fe22b8b4921e2cd663852742c8bac1/batumitv2/index.m3u8
2026-08-22 09:32:04,773 [INFO] Scraping altinfo...
2026-08-22 09:32:08,048 [INFO]  -> Success: https://live6.mar.tv/089742d6cff4fd6b839c540690878b7ce8fe22b8b4921e2cd663852742c8bac1/altinfo/index.m3u8
2026-08-22 09:32:08,086 [INFO] Scraping parliament...
2026-08-22 09:32:11,358 [INFO]  -> Success: https://live6.mar.tv/089742d6cff4fd6b839c540690878b7ce8fe22b8b4921e2cd663852742c8bac1/parlament/index.m3u8
2026-08-22 09:32:11,393 [INFO] Scraping egrisi...
2026-08-22 09:32:14,663 [INFO]  -> Success: https://live6.mar.tv/089742d6cff4fd6b839c540690878b7ce8fe22b8b4921e2cd663852742c8bac1/egrisi/index.m3u8
2026-08-22 09:32:14,696 [INFO] Scraping mzetv...
2026-08-22 09:32:17,971 [INFO]  -> Success: https://live6.mar.tv/089742d6cff4fd6b839c540690878b7ce8fe22b8b4921e2cd663852742c8bac1/mze/index.m3u8
2026-08-22 09:32:18,022 [WARNING] Failed to find tvg-id="rustavi2" in georgia_channels.m3u
2026-08-22 09:32:18,022 [WARNING] Failed to find tvg-id="maestro" in georgia_channels.m3u
2026-08-22 09:32:18,023 [WARNING] Failed to find tvg-id="marao" in georgia_channels.m3u
2026-08-22 09:32:18,023 [WARNING] Failed to find tvg-id="gds" in georgia_channels.m3u
2026-08-22 09:32:18,023 [WARNING] Failed to find tvg-id="comedy" in georgia_channels.m3u
2026-08-22 09:32:18,023 [WARNING] Failed to find tvg-id="bbb" in georgia_channels.m3u
2026-08-22 09:32:18,024 [WARNING] Failed to find tvg-id="enkibenki" in georgia_channels.m3u
2026-08-22 09:32:18,024 [WARNING] Failed to find tvg-id="adjaratv" in georgia_channels.m3u
2026-08-22 09:32:18,024 [WARNING] Failed to find tvg-id="rionitv" in georgia_channels.m3u
2026-08-22 09:32:18,024 [WARNING] Failed to find tvg-id="tv25" in georgia_channels.m3u
2026-08-22 09:32:18,024 [WARNING] Failed to find tvg-id="tv4rustavi" in georgia_channels.m3u
2026-08-22 09:32:18,025 [WARNING] Failed to find tvg-id="trialeti" in georgia_channels.m3u
2026-08-22 09:32:18,025 [WARNING] Failed to find tvg-id="dardimandi" in georgia_channels.m3u
2026-08-22 09:32:18,025 [WARNING] Failed to find tvg-id="agro" in georgia_channels.m3u
2026-08-22 09:32:18,025 [WARNING] Failed to find tvg-id="samefo" in georgia_channels.m3u
2026-08-22 09:32:18,026 [WARNING] Failed to find tvg-id="postv" in georgia_channels.m3u
2026-08-22 09:32:18,026 [WARNING] Failed to find tvg-id="megatv" in georgia_channels.m3u
2026-08-22 09:32:18,026 [WARNING] Failed to find tvg-id="qartuliarxi" in georgia_channels.m3u
2026-08-22 09:32:18,026 [WARNING] Failed to find tvg-id="musicbox" in georgia_channels.m3u
2026-08-22 09:32:18,026 [WARNING] Failed to find tvg-id="marneuli" in georgia_channels.m3u
2026-08-22 09:32:18,027 [WARNING] Failed to find tvg-id="axaliformula" in georgia_channels.m3u
2026-08-22 09:32:18,027 [WARNING] Failed to find tvg-id="o2" in georgia_channels.m3u
2026-08-22 09:32:18,027 [WARNING] Failed to find tvg-id="guria" in georgia_channels.m3u
2026-08-22 09:32:18,027 [WARNING] Failed to find tvg-id="imervizia" in georgia_channels.m3u
2026-08-22 09:32:18,027 [WARNING] Failed to find tvg-id="diatv" in georgia_channels.m3u
2026-08-22 09:32:18,028 [WARNING] Failed to find tvg-id="chveniarxi" in georgia_channels.m3u
2026-08-22 09:32:18,028 [WARNING] Failed to find tvg-id="batumitv" in georgia_channels.m3u
2026-08-22 09:32:18,028 [WARNING] Failed to find tvg-id="rcheuli" in georgia_channels.m3u
2026-08-22 09:32:18,028 [WARNING] Failed to find tvg-id="gurjaani" in georgia_channels.m3u
2026-08-22 09:32:18,029 [WARNING] Failed to find tvg-id="molitv" in georgia_channels.m3u
2026-08-22 09:32:18,029 [WARNING] Failed to find tvg-id="mexute" in georgia_channels.m3u
2026-08-22 09:32:18,029 [WARNING] Failed to find tvg-id="agrogaremo" in georgia_channels.m3u
2026-08-22 09:32:18,029 [WARNING] Failed to find tvg-id="artv" in georgia_channels.m3u
2026-08-22 09:32:18,029 [WARNING] Failed to find tvg-id="meteo24" in georgia_channels.m3u
2026-08-22 09:32:18,030 [WARNING] Failed to find tvg-id="georgiantimes" in georgia_channels.m3u
2026-08-22 09:32:18,030 [WARNING] Failed to find tvg-id="silkuniversal" in georgia_channels.m3u
2026-08-22 09:32:18,030 [WARNING] Failed to find tvg-id="rugbytv" in georgia_channels.m3u
2026-08-22 09:32:18,030 [WARNING] Failed to find tvg-id="gms" in georgia_channels.m3u
2026-08-22 09:32:18,030 [WARNING] Failed to find tvg-id="aiatv" in georgia_channels.m3u
2026-08-22 09:32:18,031 [WARNING] Failed to find tvg-id="batumi2" in georgia_channels.m3u
2026-08-22 09:32:18,031 [WARNING] Failed to find tvg-id="altinfo" in georgia_channels.m3u
2026-08-22 09:32:18,031 [WARNING] Failed to find tvg-id="parliament" in georgia_channels.m3u
2026-08-22 09:32:18,031 [WARNING] Failed to find tvg-id="egrisi" in georgia_channels.m3u
2026-08-22 09:32:18,032 [WARNING] Failed to find tvg-id="mzetv" in georgia_channels.m3u
2026-08-22 09:32:18,032 [INFO] No file changes were made.
2026-08-22 09:32:18,032 [INFO] === UPDATE EXECUTION FINISHED ===
