2026-08-25 17:34:15,301 [INFO] === UPDATE EXECUTION STARTED ===
2026-08-25 17:34:15,301 [INFO] Fetching Setanta Sports 3 from IPTV-ORG...
2026-08-25 17:34:15,389 [INFO] Launching batch scraper for 44 channels on tv.mar.tv...
2026-08-25 17:34:15,983 [INFO] Scraping rustavi2...
2026-08-25 17:34:20,923 [INFO]  -> Success: https://live8.mar.tv/1/4rd/index.m3u8
2026-08-25 17:34:20,964 [INFO] Scraping maestro...
2026-08-25 17:34:24,251 [INFO]  -> Success: https://live4.mar.tv/f3e9161f0c981b819c0b3744d515019d0320cf837665e9d123fb33f76f7cf139/352m/index.m3u8
2026-08-25 17:34:24,285 [INFO] Scraping marao...
2026-08-25 17:34:27,575 [INFO]  -> Success: https://live2.mar.tv/f3e9161f0c981b819c0b3744d515019d0320cf837665e9d123fb33f76f7cf139/12sd/index.m3u8
2026-08-25 17:34:27,610 [INFO] Scraping gds...
2026-08-25 17:34:30,897 [INFO]  -> Success: https://live1.mar.tv/f3e9161f0c981b819c0b3744d515019d0320cf837665e9d123fb33f76f7cf139/13sd/index.m3u8
2026-08-25 17:34:30,932 [INFO] Scraping comedy...
2026-08-25 17:34:34,225 [INFO]  -> Success: https://live4.mar.tv/f3e9161f0c981b819c0b3744d515019d0320cf837665e9d123fb33f76f7cf139/14rd/index.m3u8
2026-08-25 17:34:34,266 [INFO] Scraping bbb...
2026-08-25 17:34:37,554 [INFO]  -> Success: https://live2.mar.tv/f3e9161f0c981b819c0b3744d515019d0320cf837665e9d123fb33f76f7cf139/16sd/index.m3u8
2026-08-25 17:34:37,595 [INFO] Scraping enkibenki...
2026-08-25 17:34:40,885 [INFO]  -> Success: https://live2.mar.tv/f3e9161f0c981b819c0b3744d515019d0320cf837665e9d123fb33f76f7cf139/17e/index.m3u8
2026-08-25 17:34:40,920 [INFO] Scraping adjaratv...
2026-08-25 17:34:44,217 [INFO]  -> Success: https://live2.mar.tv/f3e9161f0c981b819c0b3744d515019d0320cf837665e9d123fb33f76f7cf139/19rd/index.m3u8
2026-08-25 17:34:44,252 [INFO] Scraping rionitv...
2026-08-25 17:34:47,544 [INFO]  -> Success: https://live6.mar.tv/f3e9161f0c981b819c0b3744d515019d0320cf837665e9d123fb33f76f7cf139/20rionn/index.m3u8
2026-08-25 17:34:47,577 [INFO] Scraping tv25...
2026-08-25 17:34:50,867 [INFO]  -> Success: https://live6.mar.tv/f3e9161f0c981b819c0b3744d515019d0320cf837665e9d123fb33f76f7cf139/23tv25/index.m3u8
2026-08-25 17:34:50,903 [INFO] Scraping tv4rustavi...
2026-08-25 17:34:54,197 [INFO]  -> Success: https://live6.mar.tv/f3e9161f0c981b819c0b3744d515019d0320cf837665e9d123fb33f76f7cf139/24tw4/index.m3u8
2026-08-25 17:34:54,233 [INFO] Scraping trialeti...
2026-08-25 17:34:57,542 [INFO]  -> Success: https://live6.mar.tv/f3e9161f0c981b819c0b3744d515019d0320cf837665e9d123fb33f76f7cf139/trialleti/index.m3u8
2026-08-25 17:34:57,586 [INFO] Scraping dardimandi...
2026-08-25 17:35:00,878 [INFO]  -> Success: https://live5.mar.tv/f3e9161f0c981b819c0b3744d515019d0320cf837665e9d123fb33f76f7cf139/27/index.m3u8
2026-08-25 17:35:00,911 [INFO] Scraping agro...
2026-08-25 17:35:04,205 [INFO]  -> Success: https://live5.mar.tv/f3e9161f0c981b819c0b3744d515019d0320cf837665e9d123fb33f76f7cf139/28/index.m3u8
2026-08-25 17:35:04,238 [INFO] Scraping samefo...
2026-08-25 17:35:07,530 [INFO]  -> Success: https://live5.mar.tv/f3e9161f0c981b819c0b3744d515019d0320cf837665e9d123fb33f76f7cf139/29/index.m3u8
2026-08-25 17:35:07,562 [INFO] Scraping postv...
2026-08-25 17:35:10,852 [INFO]  -> Success: https://live6.mar.tv/f3e9161f0c981b819c0b3744d515019d0320cf837665e9d123fb33f76f7cf139/postvw/index.m3u8
2026-08-25 17:35:10,886 [INFO] Scraping megatv...
2026-08-25 17:35:14,175 [INFO]  -> Success: https://live4.mar.tv/f3e9161f0c981b819c0b3744d515019d0320cf837665e9d123fb33f76f7cf139/32st/index.m3u8
2026-08-25 17:35:14,208 [INFO] Scraping qartuliarxi...
2026-08-25 17:35:17,499 [INFO]  -> Success: https://live6.mar.tv/f3e9161f0c981b819c0b3744d515019d0320cf837665e9d123fb33f76f7cf139/qartuli/index.m3u8
2026-08-25 17:35:17,533 [INFO] Scraping musicbox...
2026-08-25 17:35:20,822 [INFO]  -> Success: https://live6.mar.tv/f3e9161f0c981b819c0b3744d515019d0320cf837665e9d123fb33f76f7cf139/34musge/index.m3u8
2026-08-25 17:35:20,858 [INFO] Scraping marneuli...
2026-08-25 17:35:24,149 [INFO]  -> Success: https://live6.mar.tv/f3e9161f0c981b819c0b3744d515019d0320cf837665e9d123fb33f76f7cf139/37marn/index.m3u8
2026-08-25 17:35:24,184 [INFO] Scraping axaliformula...
2026-08-25 17:35:27,472 [INFO]  -> Success: https://live6.mar.tv/f3e9161f0c981b819c0b3744d515019d0320cf837665e9d123fb33f76f7cf139/axaliformla/index.m3u8
2026-08-25 17:35:27,506 [INFO] Scraping o2...
2026-08-25 17:35:30,798 [INFO]  -> Success: https://live5.mar.tv/f3e9161f0c981b819c0b3744d515019d0320cf837665e9d123fb33f76f7cf139/40/index.m3u8
2026-08-25 17:35:30,832 [INFO] Scraping guria...
2026-08-25 17:35:34,127 [INFO]  -> Success: https://live5.mar.tv/f3e9161f0c981b819c0b3744d515019d0320cf837665e9d123fb33f76f7cf139/42/index.m3u8
2026-08-25 17:35:34,164 [INFO] Scraping imervizia...
2026-08-25 17:35:37,451 [INFO]  -> Success: https://live6.mar.tv/f3e9161f0c981b819c0b3744d515019d0320cf837665e9d123fb33f76f7cf139/imervizia/index.m3u8
2026-08-25 17:35:37,487 [INFO] Scraping diatv...
2026-08-25 17:35:40,777 [INFO]  -> Success: https://live4.mar.tv/f3e9161f0c981b819c0b3744d515019d0320cf837665e9d123fb33f76f7cf139/dia/index.m3u8
2026-08-25 17:35:40,811 [INFO] Scraping chveniarxi...
2026-08-25 17:35:44,105 [INFO]  -> Success: https://live3.mar.tv/f3e9161f0c981b819c0b3744d515019d0320cf837665e9d123fb33f76f7cf139/45rd/index.m3u8
2026-08-25 17:35:44,143 [INFO] Scraping batumitv...
2026-08-25 17:35:47,438 [INFO]  -> Success: https://live5.mar.tv/f3e9161f0c981b819c0b3744d515019d0320cf837665e9d123fb33f76f7cf139/46/index.m3u8
2026-08-25 17:35:47,473 [INFO] Scraping rcheuli...
2026-08-25 17:35:50,762 [INFO]  -> Success: https://live5.mar.tv/f3e9161f0c981b819c0b3744d515019d0320cf837665e9d123fb33f76f7cf139/47/index.m3u8
2026-08-25 17:35:50,794 [INFO] Scraping gurjaani...
2026-08-25 17:35:54,083 [INFO]  -> Success: https://live4.mar.tv/f3e9161f0c981b819c0b3744d515019d0320cf837665e9d123fb33f76f7cf139/48m/index.m3u8
2026-08-25 17:35:54,115 [INFO] Scraping molitv...
2026-08-25 17:35:57,407 [INFO]  -> Success: https://live6.mar.tv/f3e9161f0c981b819c0b3744d515019d0320cf837665e9d123fb33f76f7cf139/mollltv/index.m3u8
2026-08-25 17:35:57,441 [INFO] Scraping mexute...
2026-08-25 17:36:00,725 [INFO]  -> Success: https://live6.mar.tv/f3e9161f0c981b819c0b3744d515019d0320cf837665e9d123fb33f76f7cf139/50/index.m3u8
2026-08-25 17:36:00,759 [INFO] Scraping agrogaremo...
2026-08-25 17:36:04,048 [INFO]  -> Success: https://live6.mar.tv/f3e9161f0c981b819c0b3744d515019d0320cf837665e9d123fb33f76f7cf139/agrogaremo/index.m3u8
2026-08-25 17:36:04,082 [INFO] Scraping artv...
2026-08-25 17:36:07,376 [INFO]  -> Success: https://live6.mar.tv/f3e9161f0c981b819c0b3744d515019d0320cf837665e9d123fb33f76f7cf139/tafutv/index.m3u8
2026-08-25 17:36:07,410 [INFO] Scraping meteo24...
2026-08-25 17:36:10,696 [INFO]  -> Success: https://live5.mar.tv/f3e9161f0c981b819c0b3744d515019d0320cf837665e9d123fb33f76f7cf139/56/index.m3u8
2026-08-25 17:36:10,730 [INFO] Scraping georgiantimes...
2026-08-25 17:36:14,028 [INFO]  -> Success: https://live5.mar.tv/f3e9161f0c981b819c0b3744d515019d0320cf837665e9d123fb33f76f7cf139/57/index.m3u8
2026-08-25 17:36:14,062 [INFO] Scraping silkuniversal...
2026-08-25 17:36:17,353 [INFO]  -> Success: https://live2.mar.tv/f3e9161f0c981b819c0b3744d515019d0320cf837665e9d123fb33f76f7cf139/1arxiweb/index.m3u8
2026-08-25 17:36:17,387 [INFO] Scraping rugbytv...
2026-08-25 17:36:20,687 [INFO]  -> Success: https://live4.mar.tv/f3e9161f0c981b819c0b3744d515019d0320cf837665e9d123fb33f76f7cf139/160m/index.m3u8
2026-08-25 17:36:20,721 [INFO] Scraping gms...
2026-08-25 17:36:24,008 [INFO]  -> Success: https://live5.mar.tv/f3e9161f0c981b819c0b3744d515019d0320cf837665e9d123fb33f76f7cf139/161/index.m3u8
2026-08-25 17:36:24,044 [INFO] Scraping aiatv...
2026-08-25 17:36:27,333 [INFO]  -> Success: https://live6.mar.tv/f3e9161f0c981b819c0b3744d515019d0320cf837665e9d123fb33f76f7cf139/aia/index.m3u8
2026-08-25 17:36:27,366 [INFO] Scraping batumi2...
2026-08-25 17:36:30,651 [INFO]  -> Success: https://live6.mar.tv/f3e9161f0c981b819c0b3744d515019d0320cf837665e9d123fb33f76f7cf139/batumitv2/index.m3u8
2026-08-25 17:36:30,685 [INFO] Scraping altinfo...
2026-08-25 17:36:33,975 [INFO]  -> Success: https://live6.mar.tv/f3e9161f0c981b819c0b3744d515019d0320cf837665e9d123fb33f76f7cf139/altinfo/index.m3u8
2026-08-25 17:36:34,011 [INFO] Scraping parliament...
2026-08-25 17:36:37,301 [INFO]  -> Success: https://live6.mar.tv/f3e9161f0c981b819c0b3744d515019d0320cf837665e9d123fb33f76f7cf139/parlament/index.m3u8
2026-08-25 17:36:37,338 [INFO] Scraping egrisi...
2026-08-25 17:36:40,629 [INFO]  -> Success: https://live6.mar.tv/f3e9161f0c981b819c0b3744d515019d0320cf837665e9d123fb33f76f7cf139/egrisi/index.m3u8
2026-08-25 17:36:40,661 [INFO] Scraping mzetv...
2026-08-25 17:36:43,950 [INFO]  -> Success: https://live6.mar.tv/f3e9161f0c981b819c0b3744d515019d0320cf837665e9d123fb33f76f7cf139/mze/index.m3u8
2026-08-25 17:36:44,003 [WARNING] Failed to find tvg-id="rustavi2" in georgia_channels.m3u
2026-08-25 17:36:44,004 [WARNING] Failed to find tvg-id="maestro" in georgia_channels.m3u
2026-08-25 17:36:44,004 [WARNING] Failed to find tvg-id="marao" in georgia_channels.m3u
2026-08-25 17:36:44,004 [WARNING] Failed to find tvg-id="gds" in georgia_channels.m3u
2026-08-25 17:36:44,005 [WARNING] Failed to find tvg-id="comedy" in georgia_channels.m3u
2026-08-25 17:36:44,005 [WARNING] Failed to find tvg-id="bbb" in georgia_channels.m3u
2026-08-25 17:36:44,005 [WARNING] Failed to find tvg-id="enkibenki" in georgia_channels.m3u
2026-08-25 17:36:44,005 [WARNING] Failed to find tvg-id="adjaratv" in georgia_channels.m3u
2026-08-25 17:36:44,006 [WARNING] Failed to find tvg-id="rionitv" in georgia_channels.m3u
2026-08-25 17:36:44,006 [WARNING] Failed to find tvg-id="tv25" in georgia_channels.m3u
2026-08-25 17:36:44,006 [WARNING] Failed to find tvg-id="tv4rustavi" in georgia_channels.m3u
2026-08-25 17:36:44,006 [WARNING] Failed to find tvg-id="trialeti" in georgia_channels.m3u
2026-08-25 17:36:44,007 [WARNING] Failed to find tvg-id="dardimandi" in georgia_channels.m3u
2026-08-25 17:36:44,007 [WARNING] Failed to find tvg-id="agro" in georgia_channels.m3u
2026-08-25 17:36:44,007 [WARNING] Failed to find tvg-id="samefo" in georgia_channels.m3u
2026-08-25 17:36:44,007 [WARNING] Failed to find tvg-id="postv" in georgia_channels.m3u
2026-08-25 17:36:44,008 [WARNING] Failed to find tvg-id="megatv" in georgia_channels.m3u
2026-08-25 17:36:44,008 [WARNING] Failed to find tvg-id="qartuliarxi" in georgia_channels.m3u
2026-08-25 17:36:44,008 [WARNING] Failed to find tvg-id="musicbox" in georgia_channels.m3u
2026-08-25 17:36:44,009 [WARNING] Failed to find tvg-id="marneuli" in georgia_channels.m3u
2026-08-25 17:36:44,009 [WARNING] Failed to find tvg-id="axaliformula" in georgia_channels.m3u
2026-08-25 17:36:44,009 [WARNING] Failed to find tvg-id="o2" in georgia_channels.m3u
2026-08-25 17:36:44,009 [WARNING] Failed to find tvg-id="guria" in georgia_channels.m3u
2026-08-25 17:36:44,010 [WARNING] Failed to find tvg-id="imervizia" in georgia_channels.m3u
2026-08-25 17:36:44,010 [WARNING] Failed to find tvg-id="diatv" in georgia_channels.m3u
2026-08-25 17:36:44,010 [WARNING] Failed to find tvg-id="chveniarxi" in georgia_channels.m3u
2026-08-25 17:36:44,010 [WARNING] Failed to find tvg-id="batumitv" in georgia_channels.m3u
2026-08-25 17:36:44,011 [WARNING] Failed to find tvg-id="rcheuli" in georgia_channels.m3u
2026-08-25 17:36:44,011 [WARNING] Failed to find tvg-id="gurjaani" in georgia_channels.m3u
2026-08-25 17:36:44,011 [WARNING] Failed to find tvg-id="molitv" in georgia_channels.m3u
2026-08-25 17:36:44,011 [WARNING] Failed to find tvg-id="mexute" in georgia_channels.m3u
2026-08-25 17:36:44,012 [WARNING] Failed to find tvg-id="agrogaremo" in georgia_channels.m3u
2026-08-25 17:36:44,012 [WARNING] Failed to find tvg-id="artv" in georgia_channels.m3u
2026-08-25 17:36:44,012 [WARNING] Failed to find tvg-id="meteo24" in georgia_channels.m3u
2026-08-25 17:36:44,012 [WARNING] Failed to find tvg-id="georgiantimes" in georgia_channels.m3u
2026-08-25 17:36:44,013 [WARNING] Failed to find tvg-id="silkuniversal" in georgia_channels.m3u
2026-08-25 17:36:44,013 [WARNING] Failed to find tvg-id="rugbytv" in georgia_channels.m3u
2026-08-25 17:36:44,013 [WARNING] Failed to find tvg-id="gms" in georgia_channels.m3u
2026-08-25 17:36:44,014 [WARNING] Failed to find tvg-id="aiatv" in georgia_channels.m3u
2026-08-25 17:36:44,014 [WARNING] Failed to find tvg-id="batumi2" in georgia_channels.m3u
2026-08-25 17:36:44,014 [WARNING] Failed to find tvg-id="altinfo" in georgia_channels.m3u
2026-08-25 17:36:44,014 [WARNING] Failed to find tvg-id="parliament" in georgia_channels.m3u
2026-08-25 17:36:44,015 [WARNING] Failed to find tvg-id="egrisi" in georgia_channels.m3u
2026-08-25 17:36:44,015 [WARNING] Failed to find tvg-id="mzetv" in georgia_channels.m3u
2026-08-25 17:36:44,015 [INFO] No file changes were made.
2026-08-25 17:36:44,015 [INFO] === UPDATE EXECUTION FINISHED ===
