2026-08-23 19:24:35,742 [INFO] === UPDATE EXECUTION STARTED ===
2026-08-23 19:24:35,742 [INFO] Fetching Setanta Sports 3 from IPTV-ORG...
2026-08-23 19:24:35,878 [INFO] Launching batch scraper for 44 channels on tv.mar.tv...
2026-08-23 19:24:37,177 [INFO] Scraping rustavi2...
2026-08-23 19:24:42,676 [INFO]  -> Success: https://live8.mar.tv/1/4rd/index.m3u8
2026-08-23 19:24:42,712 [INFO] Scraping maestro...
2026-08-23 19:24:46,029 [INFO]  -> Success: https://live4.mar.tv/e81d6ddb8ceb3c4f666a577d97e6c8974fed8ff7764c9c2651c4a34a8b35e193/352m/index.m3u8
2026-08-23 19:24:46,063 [INFO] Scraping marao...
2026-08-23 19:24:49,378 [INFO]  -> Success: https://live2.mar.tv/e81d6ddb8ceb3c4f666a577d97e6c8974fed8ff7764c9c2651c4a34a8b35e193/12sd/index.m3u8
2026-08-23 19:24:49,410 [INFO] Scraping gds...
2026-08-23 19:24:52,723 [INFO]  -> Success: https://live1.mar.tv/e81d6ddb8ceb3c4f666a577d97e6c8974fed8ff7764c9c2651c4a34a8b35e193/13sd/index.m3u8
2026-08-23 19:24:52,756 [INFO] Scraping comedy...
2026-08-23 19:24:56,071 [INFO]  -> Success: https://live4.mar.tv/e81d6ddb8ceb3c4f666a577d97e6c8974fed8ff7764c9c2651c4a34a8b35e193/14rd/index.m3u8
2026-08-23 19:24:56,104 [INFO] Scraping bbb...
2026-08-23 19:24:59,419 [INFO]  -> Success: https://live2.mar.tv/e81d6ddb8ceb3c4f666a577d97e6c8974fed8ff7764c9c2651c4a34a8b35e193/16sd/index.m3u8
2026-08-23 19:24:59,451 [INFO] Scraping enkibenki...
2026-08-23 19:25:02,765 [INFO]  -> Success: https://live2.mar.tv/e81d6ddb8ceb3c4f666a577d97e6c8974fed8ff7764c9c2651c4a34a8b35e193/17e/index.m3u8
2026-08-23 19:25:02,801 [INFO] Scraping adjaratv...
2026-08-23 19:25:06,115 [INFO]  -> Success: https://live2.mar.tv/e81d6ddb8ceb3c4f666a577d97e6c8974fed8ff7764c9c2651c4a34a8b35e193/19rd/index.m3u8
2026-08-23 19:25:06,146 [INFO] Scraping rionitv...
2026-08-23 19:25:09,468 [INFO]  -> Success: https://live6.mar.tv/e81d6ddb8ceb3c4f666a577d97e6c8974fed8ff7764c9c2651c4a34a8b35e193/20rionn/index.m3u8
2026-08-23 19:25:09,499 [INFO] Scraping tv25...
2026-08-23 19:25:12,813 [INFO]  -> Success: https://live6.mar.tv/e81d6ddb8ceb3c4f666a577d97e6c8974fed8ff7764c9c2651c4a34a8b35e193/23tv25/index.m3u8
2026-08-23 19:25:12,845 [INFO] Scraping tv4rustavi...
2026-08-23 19:25:16,157 [INFO]  -> Success: https://live6.mar.tv/e81d6ddb8ceb3c4f666a577d97e6c8974fed8ff7764c9c2651c4a34a8b35e193/24tw4/index.m3u8
2026-08-23 19:25:16,189 [INFO] Scraping trialeti...
2026-08-23 19:25:19,503 [INFO]  -> Success: https://live6.mar.tv/e81d6ddb8ceb3c4f666a577d97e6c8974fed8ff7764c9c2651c4a34a8b35e193/trialleti/index.m3u8
2026-08-23 19:25:19,534 [INFO] Scraping dardimandi...
2026-08-23 19:25:22,849 [INFO]  -> Success: https://live5.mar.tv/e81d6ddb8ceb3c4f666a577d97e6c8974fed8ff7764c9c2651c4a34a8b35e193/27/index.m3u8
2026-08-23 19:25:22,882 [INFO] Scraping agro...
2026-08-23 19:25:26,195 [INFO]  -> Success: https://live5.mar.tv/e81d6ddb8ceb3c4f666a577d97e6c8974fed8ff7764c9c2651c4a34a8b35e193/28/index.m3u8
2026-08-23 19:25:26,236 [INFO] Scraping samefo...
2026-08-23 19:25:29,551 [INFO]  -> Success: https://live5.mar.tv/e81d6ddb8ceb3c4f666a577d97e6c8974fed8ff7764c9c2651c4a34a8b35e193/29/index.m3u8
2026-08-23 19:25:29,584 [INFO] Scraping postv...
2026-08-23 19:25:32,895 [INFO]  -> Success: https://live6.mar.tv/e81d6ddb8ceb3c4f666a577d97e6c8974fed8ff7764c9c2651c4a34a8b35e193/postvw/index.m3u8
2026-08-23 19:25:32,926 [INFO] Scraping megatv...
2026-08-23 19:25:36,242 [INFO]  -> Success: https://live4.mar.tv/e81d6ddb8ceb3c4f666a577d97e6c8974fed8ff7764c9c2651c4a34a8b35e193/32st/index.m3u8
2026-08-23 19:25:36,278 [INFO] Scraping qartuliarxi...
2026-08-23 19:25:39,590 [INFO]  -> Success: https://live6.mar.tv/e81d6ddb8ceb3c4f666a577d97e6c8974fed8ff7764c9c2651c4a34a8b35e193/qartuli/index.m3u8
2026-08-23 19:25:39,621 [INFO] Scraping musicbox...
2026-08-23 19:25:42,936 [INFO]  -> Success: https://live6.mar.tv/e81d6ddb8ceb3c4f666a577d97e6c8974fed8ff7764c9c2651c4a34a8b35e193/34musge/index.m3u8
2026-08-23 19:25:42,971 [INFO] Scraping marneuli...
2026-08-23 19:25:46,283 [INFO]  -> Success: https://live6.mar.tv/e81d6ddb8ceb3c4f666a577d97e6c8974fed8ff7764c9c2651c4a34a8b35e193/37marn/index.m3u8
2026-08-23 19:25:46,315 [INFO] Scraping axaliformula...
2026-08-23 19:25:49,627 [INFO]  -> Success: https://live6.mar.tv/e81d6ddb8ceb3c4f666a577d97e6c8974fed8ff7764c9c2651c4a34a8b35e193/axaliformla/index.m3u8
2026-08-23 19:25:49,664 [INFO] Scraping o2...
2026-08-23 19:25:52,981 [INFO]  -> Success: https://live5.mar.tv/e81d6ddb8ceb3c4f666a577d97e6c8974fed8ff7764c9c2651c4a34a8b35e193/40/index.m3u8
2026-08-23 19:25:53,015 [INFO] Scraping guria...
2026-08-23 19:25:56,330 [INFO]  -> Success: https://live5.mar.tv/e81d6ddb8ceb3c4f666a577d97e6c8974fed8ff7764c9c2651c4a34a8b35e193/42/index.m3u8
2026-08-23 19:25:56,359 [INFO] Scraping imervizia...
2026-08-23 19:25:59,673 [INFO]  -> Success: https://live6.mar.tv/e81d6ddb8ceb3c4f666a577d97e6c8974fed8ff7764c9c2651c4a34a8b35e193/imervizia/index.m3u8
2026-08-23 19:25:59,707 [INFO] Scraping diatv...
2026-08-23 19:26:03,020 [INFO]  -> Success: https://live4.mar.tv/e81d6ddb8ceb3c4f666a577d97e6c8974fed8ff7764c9c2651c4a34a8b35e193/dia/index.m3u8
2026-08-23 19:26:03,052 [INFO] Scraping chveniarxi...
2026-08-23 19:26:06,362 [INFO]  -> Success: https://live3.mar.tv/e81d6ddb8ceb3c4f666a577d97e6c8974fed8ff7764c9c2651c4a34a8b35e193/45rd/index.m3u8
2026-08-23 19:26:06,396 [INFO] Scraping batumitv...
2026-08-23 19:26:09,710 [INFO]  -> Success: https://live5.mar.tv/e81d6ddb8ceb3c4f666a577d97e6c8974fed8ff7764c9c2651c4a34a8b35e193/46/index.m3u8
2026-08-23 19:26:09,741 [INFO] Scraping rcheuli...
2026-08-23 19:26:13,056 [INFO]  -> Success: https://live5.mar.tv/e81d6ddb8ceb3c4f666a577d97e6c8974fed8ff7764c9c2651c4a34a8b35e193/47/index.m3u8
2026-08-23 19:26:13,086 [INFO] Scraping gurjaani...
2026-08-23 19:26:16,397 [INFO]  -> Success: https://live4.mar.tv/e81d6ddb8ceb3c4f666a577d97e6c8974fed8ff7764c9c2651c4a34a8b35e193/48m/index.m3u8
2026-08-23 19:26:16,432 [INFO] Scraping molitv...
2026-08-23 19:26:19,744 [INFO]  -> Success: https://live6.mar.tv/e81d6ddb8ceb3c4f666a577d97e6c8974fed8ff7764c9c2651c4a34a8b35e193/mollltv/index.m3u8
2026-08-23 19:26:19,775 [INFO] Scraping mexute...
2026-08-23 19:26:23,086 [INFO]  -> Success: https://live6.mar.tv/e81d6ddb8ceb3c4f666a577d97e6c8974fed8ff7764c9c2651c4a34a8b35e193/50/index.m3u8
2026-08-23 19:26:23,117 [INFO] Scraping agrogaremo...
2026-08-23 19:26:26,430 [INFO]  -> Success: https://live6.mar.tv/e81d6ddb8ceb3c4f666a577d97e6c8974fed8ff7764c9c2651c4a34a8b35e193/agrogaremo/index.m3u8
2026-08-23 19:26:26,463 [INFO] Scraping artv...
2026-08-23 19:26:29,775 [INFO]  -> Success: https://live6.mar.tv/e81d6ddb8ceb3c4f666a577d97e6c8974fed8ff7764c9c2651c4a34a8b35e193/tafutv/index.m3u8
2026-08-23 19:26:29,804 [INFO] Scraping meteo24...
2026-08-23 19:26:33,115 [INFO]  -> Success: https://live5.mar.tv/e81d6ddb8ceb3c4f666a577d97e6c8974fed8ff7764c9c2651c4a34a8b35e193/56/index.m3u8
2026-08-23 19:26:33,148 [INFO] Scraping georgiantimes...
2026-08-23 19:26:36,468 [INFO]  -> Success: https://live5.mar.tv/e81d6ddb8ceb3c4f666a577d97e6c8974fed8ff7764c9c2651c4a34a8b35e193/57/index.m3u8
2026-08-23 19:26:36,499 [INFO] Scraping silkuniversal...
2026-08-23 19:26:39,810 [INFO]  -> Success: https://live2.mar.tv/e81d6ddb8ceb3c4f666a577d97e6c8974fed8ff7764c9c2651c4a34a8b35e193/1arxiweb/index.m3u8
2026-08-23 19:26:39,845 [INFO] Scraping rugbytv...
2026-08-23 19:26:43,160 [INFO]  -> Success: https://live4.mar.tv/e81d6ddb8ceb3c4f666a577d97e6c8974fed8ff7764c9c2651c4a34a8b35e193/160m/index.m3u8
2026-08-23 19:26:43,194 [INFO] Scraping gms...
2026-08-23 19:26:46,507 [INFO]  -> Success: https://live5.mar.tv/e81d6ddb8ceb3c4f666a577d97e6c8974fed8ff7764c9c2651c4a34a8b35e193/161/index.m3u8
2026-08-23 19:26:46,538 [INFO] Scraping aiatv...
2026-08-23 19:26:49,849 [INFO]  -> Success: https://live6.mar.tv/e81d6ddb8ceb3c4f666a577d97e6c8974fed8ff7764c9c2651c4a34a8b35e193/aia/index.m3u8
2026-08-23 19:26:49,879 [INFO] Scraping batumi2...
2026-08-23 19:26:53,200 [INFO]  -> Success: https://live6.mar.tv/e81d6ddb8ceb3c4f666a577d97e6c8974fed8ff7764c9c2651c4a34a8b35e193/batumitv2/index.m3u8
2026-08-23 19:26:53,231 [INFO] Scraping altinfo...
2026-08-23 19:26:56,548 [INFO]  -> Success: https://live6.mar.tv/e81d6ddb8ceb3c4f666a577d97e6c8974fed8ff7764c9c2651c4a34a8b35e193/altinfo/index.m3u8
2026-08-23 19:26:56,579 [INFO] Scraping parliament...
2026-08-23 19:26:59,887 [INFO]  -> Success: https://live6.mar.tv/e81d6ddb8ceb3c4f666a577d97e6c8974fed8ff7764c9c2651c4a34a8b35e193/parlament/index.m3u8
2026-08-23 19:26:59,918 [INFO] Scraping egrisi...
2026-08-23 19:27:03,225 [INFO]  -> Success: https://live6.mar.tv/e81d6ddb8ceb3c4f666a577d97e6c8974fed8ff7764c9c2651c4a34a8b35e193/egrisi/index.m3u8
2026-08-23 19:27:03,256 [INFO] Scraping mzetv...
2026-08-23 19:27:06,568 [INFO]  -> Success: https://live6.mar.tv/e81d6ddb8ceb3c4f666a577d97e6c8974fed8ff7764c9c2651c4a34a8b35e193/mze/index.m3u8
2026-08-23 19:27:06,610 [WARNING] Failed to find tvg-id="rustavi2" in georgia_channels.m3u
2026-08-23 19:27:06,610 [WARNING] Failed to find tvg-id="maestro" in georgia_channels.m3u
2026-08-23 19:27:06,610 [WARNING] Failed to find tvg-id="marao" in georgia_channels.m3u
2026-08-23 19:27:06,611 [WARNING] Failed to find tvg-id="gds" in georgia_channels.m3u
2026-08-23 19:27:06,611 [WARNING] Failed to find tvg-id="comedy" in georgia_channels.m3u
2026-08-23 19:27:06,611 [WARNING] Failed to find tvg-id="bbb" in georgia_channels.m3u
2026-08-23 19:27:06,611 [WARNING] Failed to find tvg-id="enkibenki" in georgia_channels.m3u
2026-08-23 19:27:06,611 [WARNING] Failed to find tvg-id="adjaratv" in georgia_channels.m3u
2026-08-23 19:27:06,611 [WARNING] Failed to find tvg-id="rionitv" in georgia_channels.m3u
2026-08-23 19:27:06,611 [WARNING] Failed to find tvg-id="tv25" in georgia_channels.m3u
2026-08-23 19:27:06,612 [WARNING] Failed to find tvg-id="tv4rustavi" in georgia_channels.m3u
2026-08-23 19:27:06,612 [WARNING] Failed to find tvg-id="trialeti" in georgia_channels.m3u
2026-08-23 19:27:06,612 [WARNING] Failed to find tvg-id="dardimandi" in georgia_channels.m3u
2026-08-23 19:27:06,612 [WARNING] Failed to find tvg-id="agro" in georgia_channels.m3u
2026-08-23 19:27:06,612 [WARNING] Failed to find tvg-id="samefo" in georgia_channels.m3u
2026-08-23 19:27:06,612 [WARNING] Failed to find tvg-id="postv" in georgia_channels.m3u
2026-08-23 19:27:06,613 [WARNING] Failed to find tvg-id="megatv" in georgia_channels.m3u
2026-08-23 19:27:06,613 [WARNING] Failed to find tvg-id="qartuliarxi" in georgia_channels.m3u
2026-08-23 19:27:06,613 [WARNING] Failed to find tvg-id="musicbox" in georgia_channels.m3u
2026-08-23 19:27:06,613 [WARNING] Failed to find tvg-id="marneuli" in georgia_channels.m3u
2026-08-23 19:27:06,613 [WARNING] Failed to find tvg-id="axaliformula" in georgia_channels.m3u
2026-08-23 19:27:06,613 [WARNING] Failed to find tvg-id="o2" in georgia_channels.m3u
2026-08-23 19:27:06,614 [WARNING] Failed to find tvg-id="guria" in georgia_channels.m3u
2026-08-23 19:27:06,614 [WARNING] Failed to find tvg-id="imervizia" in georgia_channels.m3u
2026-08-23 19:27:06,614 [WARNING] Failed to find tvg-id="diatv" in georgia_channels.m3u
2026-08-23 19:27:06,614 [WARNING] Failed to find tvg-id="chveniarxi" in georgia_channels.m3u
2026-08-23 19:27:06,614 [WARNING] Failed to find tvg-id="batumitv" in georgia_channels.m3u
2026-08-23 19:27:06,614 [WARNING] Failed to find tvg-id="rcheuli" in georgia_channels.m3u
2026-08-23 19:27:06,614 [WARNING] Failed to find tvg-id="gurjaani" in georgia_channels.m3u
2026-08-23 19:27:06,615 [WARNING] Failed to find tvg-id="molitv" in georgia_channels.m3u
2026-08-23 19:27:06,615 [WARNING] Failed to find tvg-id="mexute" in georgia_channels.m3u
2026-08-23 19:27:06,615 [WARNING] Failed to find tvg-id="agrogaremo" in georgia_channels.m3u
2026-08-23 19:27:06,615 [WARNING] Failed to find tvg-id="artv" in georgia_channels.m3u
2026-08-23 19:27:06,615 [WARNING] Failed to find tvg-id="meteo24" in georgia_channels.m3u
2026-08-23 19:27:06,615 [WARNING] Failed to find tvg-id="georgiantimes" in georgia_channels.m3u
2026-08-23 19:27:06,615 [WARNING] Failed to find tvg-id="silkuniversal" in georgia_channels.m3u
2026-08-23 19:27:06,616 [WARNING] Failed to find tvg-id="rugbytv" in georgia_channels.m3u
2026-08-23 19:27:06,616 [WARNING] Failed to find tvg-id="gms" in georgia_channels.m3u
2026-08-23 19:27:06,616 [WARNING] Failed to find tvg-id="aiatv" in georgia_channels.m3u
2026-08-23 19:27:06,616 [WARNING] Failed to find tvg-id="batumi2" in georgia_channels.m3u
2026-08-23 19:27:06,616 [WARNING] Failed to find tvg-id="altinfo" in georgia_channels.m3u
2026-08-23 19:27:06,616 [WARNING] Failed to find tvg-id="parliament" in georgia_channels.m3u
2026-08-23 19:27:06,616 [WARNING] Failed to find tvg-id="egrisi" in georgia_channels.m3u
2026-08-23 19:27:06,617 [WARNING] Failed to find tvg-id="mzetv" in georgia_channels.m3u
2026-08-23 19:27:06,617 [INFO] No file changes were made.
2026-08-23 19:27:06,617 [INFO] === UPDATE EXECUTION FINISHED ===
