2026-08-22 22:25:13,940 [INFO] === UPDATE EXECUTION STARTED ===
2026-08-22 22:25:13,940 [INFO] Fetching Setanta Sports 3 from IPTV-ORG...
2026-08-22 22:25:14,064 [INFO] Launching batch scraper for 44 channels on tv.mar.tv...
2026-08-22 22:25:14,705 [INFO] Scraping rustavi2...
2026-08-22 22:25:19,729 [INFO]  -> Success: https://live8.mar.tv/1/4rd/index.m3u8
2026-08-22 22:25:19,767 [INFO] Scraping maestro...
2026-08-22 22:25:23,055 [INFO]  -> Success: https://live4.mar.tv/cdb4b18fd12b1312a11f9b6b67f7a0849f8a309dd36d4437dd4a13862cb68aad/352m/index.m3u8
2026-08-22 22:25:23,091 [INFO] Scraping marao...
2026-08-22 22:25:26,381 [INFO]  -> Success: https://live2.mar.tv/cdb4b18fd12b1312a11f9b6b67f7a0849f8a309dd36d4437dd4a13862cb68aad/12sd/index.m3u8
2026-08-22 22:25:26,414 [INFO] Scraping gds...
2026-08-22 22:25:29,703 [INFO]  -> Success: https://live1.mar.tv/cdb4b18fd12b1312a11f9b6b67f7a0849f8a309dd36d4437dd4a13862cb68aad/13sd/index.m3u8
2026-08-22 22:25:29,741 [INFO] Scraping comedy...
2026-08-22 22:25:33,031 [INFO]  -> Success: https://live4.mar.tv/cdb4b18fd12b1312a11f9b6b67f7a0849f8a309dd36d4437dd4a13862cb68aad/14rd/index.m3u8
2026-08-22 22:25:33,067 [INFO] Scraping bbb...
2026-08-22 22:25:36,357 [INFO]  -> Success: https://live2.mar.tv/cdb4b18fd12b1312a11f9b6b67f7a0849f8a309dd36d4437dd4a13862cb68aad/16sd/index.m3u8
2026-08-22 22:25:36,391 [INFO] Scraping enkibenki...
2026-08-22 22:25:39,684 [INFO]  -> Success: https://live2.mar.tv/cdb4b18fd12b1312a11f9b6b67f7a0849f8a309dd36d4437dd4a13862cb68aad/17e/index.m3u8
2026-08-22 22:25:39,722 [INFO] Scraping adjaratv...
2026-08-22 22:25:43,009 [INFO]  -> Success: https://live2.mar.tv/cdb4b18fd12b1312a11f9b6b67f7a0849f8a309dd36d4437dd4a13862cb68aad/19rd/index.m3u8
2026-08-22 22:25:43,041 [INFO] Scraping rionitv...
2026-08-22 22:25:46,334 [INFO]  -> Success: https://live6.mar.tv/cdb4b18fd12b1312a11f9b6b67f7a0849f8a309dd36d4437dd4a13862cb68aad/20rionn/index.m3u8
2026-08-22 22:25:46,369 [INFO] Scraping tv25...
2026-08-22 22:25:49,656 [INFO]  -> Success: https://live6.mar.tv/cdb4b18fd12b1312a11f9b6b67f7a0849f8a309dd36d4437dd4a13862cb68aad/23tv25/index.m3u8
2026-08-22 22:25:49,690 [INFO] Scraping tv4rustavi...
2026-08-22 22:25:52,985 [INFO]  -> Success: https://live6.mar.tv/cdb4b18fd12b1312a11f9b6b67f7a0849f8a309dd36d4437dd4a13862cb68aad/24tw4/index.m3u8
2026-08-22 22:25:53,021 [INFO] Scraping trialeti...
2026-08-22 22:25:56,308 [INFO]  -> Success: https://live6.mar.tv/cdb4b18fd12b1312a11f9b6b67f7a0849f8a309dd36d4437dd4a13862cb68aad/trialleti/index.m3u8
2026-08-22 22:25:56,342 [INFO] Scraping dardimandi...
2026-08-22 22:25:59,630 [INFO]  -> Success: https://live5.mar.tv/cdb4b18fd12b1312a11f9b6b67f7a0849f8a309dd36d4437dd4a13862cb68aad/27/index.m3u8
2026-08-22 22:25:59,664 [INFO] Scraping agro...
2026-08-22 22:26:02,957 [INFO]  -> Success: https://live5.mar.tv/cdb4b18fd12b1312a11f9b6b67f7a0849f8a309dd36d4437dd4a13862cb68aad/28/index.m3u8
2026-08-22 22:26:02,990 [INFO] Scraping samefo...
2026-08-22 22:26:06,280 [INFO]  -> Success: https://live5.mar.tv/cdb4b18fd12b1312a11f9b6b67f7a0849f8a309dd36d4437dd4a13862cb68aad/29/index.m3u8
2026-08-22 22:26:06,315 [INFO] Scraping postv...
2026-08-22 22:26:09,602 [INFO]  -> Success: https://live6.mar.tv/cdb4b18fd12b1312a11f9b6b67f7a0849f8a309dd36d4437dd4a13862cb68aad/postvw/index.m3u8
2026-08-22 22:26:09,636 [INFO] Scraping megatv...
2026-08-22 22:26:12,923 [INFO]  -> Success: https://live4.mar.tv/cdb4b18fd12b1312a11f9b6b67f7a0849f8a309dd36d4437dd4a13862cb68aad/32st/index.m3u8
2026-08-22 22:26:12,958 [INFO] Scraping qartuliarxi...
2026-08-22 22:26:16,244 [INFO]  -> Success: https://live6.mar.tv/cdb4b18fd12b1312a11f9b6b67f7a0849f8a309dd36d4437dd4a13862cb68aad/qartuli/index.m3u8
2026-08-22 22:26:16,277 [INFO] Scraping musicbox...
2026-08-22 22:26:19,562 [INFO]  -> Success: https://live6.mar.tv/cdb4b18fd12b1312a11f9b6b67f7a0849f8a309dd36d4437dd4a13862cb68aad/34musge/index.m3u8
2026-08-22 22:26:19,594 [INFO] Scraping marneuli...
2026-08-22 22:26:22,882 [INFO]  -> Success: https://live6.mar.tv/cdb4b18fd12b1312a11f9b6b67f7a0849f8a309dd36d4437dd4a13862cb68aad/37marn/index.m3u8
2026-08-22 22:26:22,916 [INFO] Scraping axaliformula...
2026-08-22 22:26:26,207 [INFO]  -> Success: https://live6.mar.tv/cdb4b18fd12b1312a11f9b6b67f7a0849f8a309dd36d4437dd4a13862cb68aad/axaliformla/index.m3u8
2026-08-22 22:26:26,242 [INFO] Scraping o2...
2026-08-22 22:26:29,533 [INFO]  -> Success: https://live5.mar.tv/cdb4b18fd12b1312a11f9b6b67f7a0849f8a309dd36d4437dd4a13862cb68aad/40/index.m3u8
2026-08-22 22:26:29,564 [INFO] Scraping guria...
2026-08-22 22:26:32,852 [INFO]  -> Success: https://live5.mar.tv/cdb4b18fd12b1312a11f9b6b67f7a0849f8a309dd36d4437dd4a13862cb68aad/42/index.m3u8
2026-08-22 22:26:32,890 [INFO] Scraping imervizia...
2026-08-22 22:26:36,174 [INFO]  -> Success: https://live6.mar.tv/cdb4b18fd12b1312a11f9b6b67f7a0849f8a309dd36d4437dd4a13862cb68aad/imervizia/index.m3u8
2026-08-22 22:26:36,207 [INFO] Scraping diatv...
2026-08-22 22:26:39,498 [INFO]  -> Success: https://live4.mar.tv/cdb4b18fd12b1312a11f9b6b67f7a0849f8a309dd36d4437dd4a13862cb68aad/dia/index.m3u8
2026-08-22 22:26:39,534 [INFO] Scraping chveniarxi...
2026-08-22 22:26:42,829 [INFO]  -> Success: https://live3.mar.tv/cdb4b18fd12b1312a11f9b6b67f7a0849f8a309dd36d4437dd4a13862cb68aad/45rd/index.m3u8
2026-08-22 22:26:42,862 [INFO] Scraping batumitv...
2026-08-22 22:26:46,148 [INFO]  -> Success: https://live5.mar.tv/cdb4b18fd12b1312a11f9b6b67f7a0849f8a309dd36d4437dd4a13862cb68aad/46/index.m3u8
2026-08-22 22:26:46,180 [INFO] Scraping rcheuli...
2026-08-22 22:26:49,471 [INFO]  -> Success: https://live5.mar.tv/cdb4b18fd12b1312a11f9b6b67f7a0849f8a309dd36d4437dd4a13862cb68aad/47/index.m3u8
2026-08-22 22:26:49,504 [INFO] Scraping gurjaani...
2026-08-22 22:26:52,792 [INFO]  -> Success: https://live4.mar.tv/cdb4b18fd12b1312a11f9b6b67f7a0849f8a309dd36d4437dd4a13862cb68aad/48m/index.m3u8
2026-08-22 22:26:52,823 [INFO] Scraping molitv...
2026-08-22 22:26:56,114 [INFO]  -> Success: https://live6.mar.tv/cdb4b18fd12b1312a11f9b6b67f7a0849f8a309dd36d4437dd4a13862cb68aad/mollltv/index.m3u8
2026-08-22 22:26:56,149 [INFO] Scraping mexute...
2026-08-22 22:26:59,434 [INFO]  -> Success: https://live6.mar.tv/cdb4b18fd12b1312a11f9b6b67f7a0849f8a309dd36d4437dd4a13862cb68aad/50/index.m3u8
2026-08-22 22:26:59,471 [INFO] Scraping agrogaremo...
2026-08-22 22:27:02,759 [INFO]  -> Success: https://live6.mar.tv/cdb4b18fd12b1312a11f9b6b67f7a0849f8a309dd36d4437dd4a13862cb68aad/agrogaremo/index.m3u8
2026-08-22 22:27:02,792 [INFO] Scraping artv...
2026-08-22 22:27:06,092 [INFO]  -> Success: https://live6.mar.tv/cdb4b18fd12b1312a11f9b6b67f7a0849f8a309dd36d4437dd4a13862cb68aad/tafutv/index.m3u8
2026-08-22 22:27:06,128 [INFO] Scraping meteo24...
2026-08-22 22:27:09,421 [INFO]  -> Success: https://live5.mar.tv/cdb4b18fd12b1312a11f9b6b67f7a0849f8a309dd36d4437dd4a13862cb68aad/56/index.m3u8
2026-08-22 22:27:09,452 [INFO] Scraping georgiantimes...
2026-08-22 22:27:12,745 [INFO]  -> Success: https://live5.mar.tv/cdb4b18fd12b1312a11f9b6b67f7a0849f8a309dd36d4437dd4a13862cb68aad/57/index.m3u8
2026-08-22 22:27:12,776 [INFO] Scraping silkuniversal...
2026-08-22 22:27:16,061 [INFO]  -> Success: https://live2.mar.tv/cdb4b18fd12b1312a11f9b6b67f7a0849f8a309dd36d4437dd4a13862cb68aad/1arxiweb/index.m3u8
2026-08-22 22:27:16,097 [INFO] Scraping rugbytv...
2026-08-22 22:27:19,383 [INFO]  -> Success: https://live4.mar.tv/cdb4b18fd12b1312a11f9b6b67f7a0849f8a309dd36d4437dd4a13862cb68aad/160m/index.m3u8
2026-08-22 22:27:19,418 [INFO] Scraping gms...
2026-08-22 22:27:22,708 [INFO]  -> Success: https://live5.mar.tv/cdb4b18fd12b1312a11f9b6b67f7a0849f8a309dd36d4437dd4a13862cb68aad/161/index.m3u8
2026-08-22 22:27:22,740 [INFO] Scraping aiatv...
2026-08-22 22:27:26,032 [INFO]  -> Success: https://live6.mar.tv/cdb4b18fd12b1312a11f9b6b67f7a0849f8a309dd36d4437dd4a13862cb68aad/aia/index.m3u8
2026-08-22 22:27:26,067 [INFO] Scraping batumi2...
2026-08-22 22:27:29,354 [INFO]  -> Success: https://live6.mar.tv/cdb4b18fd12b1312a11f9b6b67f7a0849f8a309dd36d4437dd4a13862cb68aad/batumitv2/index.m3u8
2026-08-22 22:27:29,393 [INFO] Scraping altinfo...
2026-08-22 22:27:32,678 [INFO]  -> Success: https://live6.mar.tv/cdb4b18fd12b1312a11f9b6b67f7a0849f8a309dd36d4437dd4a13862cb68aad/altinfo/index.m3u8
2026-08-22 22:27:32,711 [INFO] Scraping parliament...
2026-08-22 22:27:35,998 [INFO]  -> Success: https://live6.mar.tv/cdb4b18fd12b1312a11f9b6b67f7a0849f8a309dd36d4437dd4a13862cb68aad/parlament/index.m3u8
2026-08-22 22:27:36,030 [INFO] Scraping egrisi...
2026-08-22 22:27:39,320 [INFO]  -> Success: https://live6.mar.tv/cdb4b18fd12b1312a11f9b6b67f7a0849f8a309dd36d4437dd4a13862cb68aad/egrisi/index.m3u8
2026-08-22 22:27:39,354 [INFO] Scraping mzetv...
2026-08-22 22:27:42,642 [INFO]  -> Success: https://live6.mar.tv/cdb4b18fd12b1312a11f9b6b67f7a0849f8a309dd36d4437dd4a13862cb68aad/mze/index.m3u8
2026-08-22 22:27:42,696 [WARNING] Failed to find tvg-id="rustavi2" in georgia_channels.m3u
2026-08-22 22:27:42,696 [WARNING] Failed to find tvg-id="maestro" in georgia_channels.m3u
2026-08-22 22:27:42,697 [WARNING] Failed to find tvg-id="marao" in georgia_channels.m3u
2026-08-22 22:27:42,697 [WARNING] Failed to find tvg-id="gds" in georgia_channels.m3u
2026-08-22 22:27:42,697 [WARNING] Failed to find tvg-id="comedy" in georgia_channels.m3u
2026-08-22 22:27:42,697 [WARNING] Failed to find tvg-id="bbb" in georgia_channels.m3u
2026-08-22 22:27:42,697 [WARNING] Failed to find tvg-id="enkibenki" in georgia_channels.m3u
2026-08-22 22:27:42,697 [WARNING] Failed to find tvg-id="adjaratv" in georgia_channels.m3u
2026-08-22 22:27:42,697 [WARNING] Failed to find tvg-id="rionitv" in georgia_channels.m3u
2026-08-22 22:27:42,698 [WARNING] Failed to find tvg-id="tv25" in georgia_channels.m3u
2026-08-22 22:27:42,698 [WARNING] Failed to find tvg-id="tv4rustavi" in georgia_channels.m3u
2026-08-22 22:27:42,698 [WARNING] Failed to find tvg-id="trialeti" in georgia_channels.m3u
2026-08-22 22:27:42,698 [WARNING] Failed to find tvg-id="dardimandi" in georgia_channels.m3u
2026-08-22 22:27:42,698 [WARNING] Failed to find tvg-id="agro" in georgia_channels.m3u
2026-08-22 22:27:42,698 [WARNING] Failed to find tvg-id="samefo" in georgia_channels.m3u
2026-08-22 22:27:42,698 [WARNING] Failed to find tvg-id="postv" in georgia_channels.m3u
2026-08-22 22:27:42,698 [WARNING] Failed to find tvg-id="megatv" in georgia_channels.m3u
2026-08-22 22:27:42,699 [WARNING] Failed to find tvg-id="qartuliarxi" in georgia_channels.m3u
2026-08-22 22:27:42,699 [WARNING] Failed to find tvg-id="musicbox" in georgia_channels.m3u
2026-08-22 22:27:42,699 [WARNING] Failed to find tvg-id="marneuli" in georgia_channels.m3u
2026-08-22 22:27:42,699 [WARNING] Failed to find tvg-id="axaliformula" in georgia_channels.m3u
2026-08-22 22:27:42,699 [WARNING] Failed to find tvg-id="o2" in georgia_channels.m3u
2026-08-22 22:27:42,699 [WARNING] Failed to find tvg-id="guria" in georgia_channels.m3u
2026-08-22 22:27:42,700 [WARNING] Failed to find tvg-id="imervizia" in georgia_channels.m3u
2026-08-22 22:27:42,700 [WARNING] Failed to find tvg-id="diatv" in georgia_channels.m3u
2026-08-22 22:27:42,700 [WARNING] Failed to find tvg-id="chveniarxi" in georgia_channels.m3u
2026-08-22 22:27:42,700 [WARNING] Failed to find tvg-id="batumitv" in georgia_channels.m3u
2026-08-22 22:27:42,700 [WARNING] Failed to find tvg-id="rcheuli" in georgia_channels.m3u
2026-08-22 22:27:42,700 [WARNING] Failed to find tvg-id="gurjaani" in georgia_channels.m3u
2026-08-22 22:27:42,700 [WARNING] Failed to find tvg-id="molitv" in georgia_channels.m3u
2026-08-22 22:27:42,700 [WARNING] Failed to find tvg-id="mexute" in georgia_channels.m3u
2026-08-22 22:27:42,701 [WARNING] Failed to find tvg-id="agrogaremo" in georgia_channels.m3u
2026-08-22 22:27:42,701 [WARNING] Failed to find tvg-id="artv" in georgia_channels.m3u
2026-08-22 22:27:42,701 [WARNING] Failed to find tvg-id="meteo24" in georgia_channels.m3u
2026-08-22 22:27:42,701 [WARNING] Failed to find tvg-id="georgiantimes" in georgia_channels.m3u
2026-08-22 22:27:42,701 [WARNING] Failed to find tvg-id="silkuniversal" in georgia_channels.m3u
2026-08-22 22:27:42,701 [WARNING] Failed to find tvg-id="rugbytv" in georgia_channels.m3u
2026-08-22 22:27:42,701 [WARNING] Failed to find tvg-id="gms" in georgia_channels.m3u
2026-08-22 22:27:42,702 [WARNING] Failed to find tvg-id="aiatv" in georgia_channels.m3u
2026-08-22 22:27:42,702 [WARNING] Failed to find tvg-id="batumi2" in georgia_channels.m3u
2026-08-22 22:27:42,702 [WARNING] Failed to find tvg-id="altinfo" in georgia_channels.m3u
2026-08-22 22:27:42,702 [WARNING] Failed to find tvg-id="parliament" in georgia_channels.m3u
2026-08-22 22:27:42,702 [WARNING] Failed to find tvg-id="egrisi" in georgia_channels.m3u
2026-08-22 22:27:42,702 [WARNING] Failed to find tvg-id="mzetv" in georgia_channels.m3u
2026-08-22 22:27:42,702 [INFO] No file changes were made.
2026-08-22 22:27:42,702 [INFO] === UPDATE EXECUTION FINISHED ===
