2026-08-24 13:54:25,310 [INFO] === UPDATE EXECUTION STARTED ===
2026-08-24 13:54:25,310 [INFO] Fetching Setanta Sports 3 from IPTV-ORG...
2026-08-24 13:54:25,478 [INFO] Launching batch scraper for 44 channels on tv.mar.tv...
2026-08-24 13:54:25,947 [INFO] Scraping rustavi2...
2026-08-24 13:54:31,612 [INFO]  -> Success: https://live8.mar.tv/1/4rd/index.m3u8
2026-08-24 13:54:31,640 [INFO] Scraping maestro...
2026-08-24 13:54:34,953 [INFO]  -> Success: https://live4.mar.tv/4d10296772e7bf631a925f5af967930c3ad70bb739c2453b1ebd12e27b264ea3/352m/index.m3u8
2026-08-24 13:54:34,981 [INFO] Scraping marao...
2026-08-24 13:54:38,290 [INFO]  -> Success: https://live2.mar.tv/4d10296772e7bf631a925f5af967930c3ad70bb739c2453b1ebd12e27b264ea3/12sd/index.m3u8
2026-08-24 13:54:38,319 [INFO] Scraping gds...
2026-08-24 13:54:41,624 [INFO]  -> Success: https://live1.mar.tv/4d10296772e7bf631a925f5af967930c3ad70bb739c2453b1ebd12e27b264ea3/13sd/index.m3u8
2026-08-24 13:54:41,650 [INFO] Scraping comedy...
2026-08-24 13:54:44,958 [INFO]  -> Success: https://live4.mar.tv/4d10296772e7bf631a925f5af967930c3ad70bb739c2453b1ebd12e27b264ea3/14rd/index.m3u8
2026-08-24 13:54:44,985 [INFO] Scraping bbb...
2026-08-24 13:54:48,292 [INFO]  -> Success: https://live2.mar.tv/4d10296772e7bf631a925f5af967930c3ad70bb739c2453b1ebd12e27b264ea3/16sd/index.m3u8
2026-08-24 13:54:48,320 [INFO] Scraping enkibenki...
2026-08-24 13:54:51,631 [INFO]  -> Success: https://live2.mar.tv/4d10296772e7bf631a925f5af967930c3ad70bb739c2453b1ebd12e27b264ea3/17e/index.m3u8
2026-08-24 13:54:51,660 [INFO] Scraping adjaratv...
2026-08-24 13:54:54,971 [INFO]  -> Success: https://live2.mar.tv/4d10296772e7bf631a925f5af967930c3ad70bb739c2453b1ebd12e27b264ea3/19rd/index.m3u8
2026-08-24 13:54:54,998 [INFO] Scraping rionitv...
2026-08-24 13:54:58,304 [INFO]  -> Success: https://live6.mar.tv/4d10296772e7bf631a925f5af967930c3ad70bb739c2453b1ebd12e27b264ea3/20rionn/index.m3u8
2026-08-24 13:54:58,330 [INFO] Scraping tv25...
2026-08-24 13:55:01,639 [INFO]  -> Success: https://live6.mar.tv/4d10296772e7bf631a925f5af967930c3ad70bb739c2453b1ebd12e27b264ea3/23tv25/index.m3u8
2026-08-24 13:55:01,665 [INFO] Scraping tv4rustavi...
2026-08-24 13:55:04,974 [INFO]  -> Success: https://live6.mar.tv/4d10296772e7bf631a925f5af967930c3ad70bb739c2453b1ebd12e27b264ea3/24tw4/index.m3u8
2026-08-24 13:55:05,000 [INFO] Scraping trialeti...
2026-08-24 13:55:08,306 [INFO]  -> Success: https://live6.mar.tv/4d10296772e7bf631a925f5af967930c3ad70bb739c2453b1ebd12e27b264ea3/trialleti/index.m3u8
2026-08-24 13:55:08,335 [INFO] Scraping dardimandi...
2026-08-24 13:55:11,641 [INFO]  -> Success: https://live5.mar.tv/4d10296772e7bf631a925f5af967930c3ad70bb739c2453b1ebd12e27b264ea3/27/index.m3u8
2026-08-24 13:55:11,667 [INFO] Scraping agro...
2026-08-24 13:55:14,972 [INFO]  -> Success: https://live5.mar.tv/4d10296772e7bf631a925f5af967930c3ad70bb739c2453b1ebd12e27b264ea3/28/index.m3u8
2026-08-24 13:55:14,998 [INFO] Scraping samefo...
2026-08-24 13:55:18,306 [INFO]  -> Success: https://live5.mar.tv/4d10296772e7bf631a925f5af967930c3ad70bb739c2453b1ebd12e27b264ea3/29/index.m3u8
2026-08-24 13:55:18,335 [INFO] Scraping postv...
2026-08-24 13:55:21,644 [INFO]  -> Success: https://live6.mar.tv/4d10296772e7bf631a925f5af967930c3ad70bb739c2453b1ebd12e27b264ea3/postvw/index.m3u8
2026-08-24 13:55:21,673 [INFO] Scraping megatv...
2026-08-24 13:55:24,981 [INFO]  -> Success: https://live4.mar.tv/4d10296772e7bf631a925f5af967930c3ad70bb739c2453b1ebd12e27b264ea3/32st/index.m3u8
2026-08-24 13:55:25,008 [INFO] Scraping qartuliarxi...
2026-08-24 13:55:28,314 [INFO]  -> Success: https://live6.mar.tv/4d10296772e7bf631a925f5af967930c3ad70bb739c2453b1ebd12e27b264ea3/qartuli/index.m3u8
2026-08-24 13:55:28,342 [INFO] Scraping musicbox...
2026-08-24 13:55:31,650 [INFO]  -> Success: https://live6.mar.tv/4d10296772e7bf631a925f5af967930c3ad70bb739c2453b1ebd12e27b264ea3/34musge/index.m3u8
2026-08-24 13:55:31,678 [INFO] Scraping marneuli...
2026-08-24 13:55:34,988 [INFO]  -> Success: https://live6.mar.tv/4d10296772e7bf631a925f5af967930c3ad70bb739c2453b1ebd12e27b264ea3/37marn/index.m3u8
2026-08-24 13:55:35,016 [INFO] Scraping axaliformula...
2026-08-24 13:55:38,326 [INFO]  -> Success: https://live6.mar.tv/4d10296772e7bf631a925f5af967930c3ad70bb739c2453b1ebd12e27b264ea3/axaliformla/index.m3u8
2026-08-24 13:55:38,352 [INFO] Scraping o2...
2026-08-24 13:55:41,661 [INFO]  -> Success: https://live5.mar.tv/4d10296772e7bf631a925f5af967930c3ad70bb739c2453b1ebd12e27b264ea3/40/index.m3u8
2026-08-24 13:55:41,689 [INFO] Scraping guria...
2026-08-24 13:55:44,998 [INFO]  -> Success: https://live5.mar.tv/4d10296772e7bf631a925f5af967930c3ad70bb739c2453b1ebd12e27b264ea3/42/index.m3u8
2026-08-24 13:55:45,025 [INFO] Scraping imervizia...
2026-08-24 13:55:48,331 [INFO]  -> Success: https://live6.mar.tv/4d10296772e7bf631a925f5af967930c3ad70bb739c2453b1ebd12e27b264ea3/imervizia/index.m3u8
2026-08-24 13:55:48,361 [INFO] Scraping diatv...
2026-08-24 13:55:51,671 [INFO]  -> Success: https://live4.mar.tv/4d10296772e7bf631a925f5af967930c3ad70bb739c2453b1ebd12e27b264ea3/dia/index.m3u8
2026-08-24 13:55:51,698 [INFO] Scraping chveniarxi...
2026-08-24 13:55:55,005 [INFO]  -> Success: https://live3.mar.tv/4d10296772e7bf631a925f5af967930c3ad70bb739c2453b1ebd12e27b264ea3/45rd/index.m3u8
2026-08-24 13:55:55,031 [INFO] Scraping batumitv...
2026-08-24 13:55:58,340 [INFO]  -> Success: https://live5.mar.tv/4d10296772e7bf631a925f5af967930c3ad70bb739c2453b1ebd12e27b264ea3/46/index.m3u8
2026-08-24 13:55:58,368 [INFO] Scraping rcheuli...
2026-08-24 13:56:01,676 [INFO]  -> Success: https://live5.mar.tv/4d10296772e7bf631a925f5af967930c3ad70bb739c2453b1ebd12e27b264ea3/47/index.m3u8
2026-08-24 13:56:01,705 [INFO] Scraping gurjaani...
2026-08-24 13:56:05,016 [INFO]  -> Success: https://live4.mar.tv/4d10296772e7bf631a925f5af967930c3ad70bb739c2453b1ebd12e27b264ea3/48m/index.m3u8
2026-08-24 13:56:05,041 [INFO] Scraping molitv...
2026-08-24 13:56:08,348 [INFO]  -> Success: https://live6.mar.tv/4d10296772e7bf631a925f5af967930c3ad70bb739c2453b1ebd12e27b264ea3/mollltv/index.m3u8
2026-08-24 13:56:08,375 [INFO] Scraping mexute...
2026-08-24 13:56:11,681 [INFO]  -> Success: https://live6.mar.tv/4d10296772e7bf631a925f5af967930c3ad70bb739c2453b1ebd12e27b264ea3/50/index.m3u8
2026-08-24 13:56:11,707 [INFO] Scraping agrogaremo...
2026-08-24 13:56:15,013 [INFO]  -> Success: https://live6.mar.tv/4d10296772e7bf631a925f5af967930c3ad70bb739c2453b1ebd12e27b264ea3/agrogaremo/index.m3u8
2026-08-24 13:56:15,041 [INFO] Scraping artv...
2026-08-24 13:56:18,347 [INFO]  -> Success: https://live6.mar.tv/4d10296772e7bf631a925f5af967930c3ad70bb739c2453b1ebd12e27b264ea3/tafutv/index.m3u8
2026-08-24 13:56:18,373 [INFO] Scraping meteo24...
2026-08-24 13:56:21,681 [INFO]  -> Success: https://live5.mar.tv/4d10296772e7bf631a925f5af967930c3ad70bb739c2453b1ebd12e27b264ea3/56/index.m3u8
2026-08-24 13:56:21,711 [INFO] Scraping georgiantimes...
2026-08-24 13:56:25,022 [INFO]  -> Success: https://live5.mar.tv/4d10296772e7bf631a925f5af967930c3ad70bb739c2453b1ebd12e27b264ea3/57/index.m3u8
2026-08-24 13:56:25,051 [INFO] Scraping silkuniversal...
2026-08-24 13:56:28,362 [INFO]  -> Success: https://live2.mar.tv/4d10296772e7bf631a925f5af967930c3ad70bb739c2453b1ebd12e27b264ea3/1arxiweb/index.m3u8
2026-08-24 13:56:28,390 [INFO] Scraping rugbytv...
2026-08-24 13:56:31,702 [INFO]  -> Success: https://live4.mar.tv/4d10296772e7bf631a925f5af967930c3ad70bb739c2453b1ebd12e27b264ea3/160m/index.m3u8
2026-08-24 13:56:31,729 [INFO] Scraping gms...
2026-08-24 13:56:35,039 [INFO]  -> Success: https://live5.mar.tv/4d10296772e7bf631a925f5af967930c3ad70bb739c2453b1ebd12e27b264ea3/161/index.m3u8
2026-08-24 13:56:35,066 [INFO] Scraping aiatv...
2026-08-24 13:56:38,379 [INFO]  -> Success: https://live6.mar.tv/4d10296772e7bf631a925f5af967930c3ad70bb739c2453b1ebd12e27b264ea3/aia/index.m3u8
2026-08-24 13:56:38,407 [INFO] Scraping batumi2...
2026-08-24 13:56:41,715 [INFO]  -> Success: https://live6.mar.tv/4d10296772e7bf631a925f5af967930c3ad70bb739c2453b1ebd12e27b264ea3/batumitv2/index.m3u8
2026-08-24 13:56:41,742 [INFO] Scraping altinfo...
2026-08-24 13:56:45,050 [INFO]  -> Success: https://live6.mar.tv/4d10296772e7bf631a925f5af967930c3ad70bb739c2453b1ebd12e27b264ea3/altinfo/index.m3u8
2026-08-24 13:56:45,077 [INFO] Scraping parliament...
2026-08-24 13:56:48,388 [INFO]  -> Success: https://live6.mar.tv/4d10296772e7bf631a925f5af967930c3ad70bb739c2453b1ebd12e27b264ea3/parlament/index.m3u8
2026-08-24 13:56:48,417 [INFO] Scraping egrisi...
2026-08-24 13:56:51,725 [INFO]  -> Success: https://live6.mar.tv/4d10296772e7bf631a925f5af967930c3ad70bb739c2453b1ebd12e27b264ea3/egrisi/index.m3u8
2026-08-24 13:56:51,752 [INFO] Scraping mzetv...
2026-08-24 13:56:55,061 [INFO]  -> Success: https://live6.mar.tv/4d10296772e7bf631a925f5af967930c3ad70bb739c2453b1ebd12e27b264ea3/mze/index.m3u8
2026-08-24 13:56:55,103 [WARNING] Failed to find tvg-id="rustavi2" in georgia_channels.m3u
2026-08-24 13:56:55,103 [WARNING] Failed to find tvg-id="maestro" in georgia_channels.m3u
2026-08-24 13:56:55,103 [WARNING] Failed to find tvg-id="marao" in georgia_channels.m3u
2026-08-24 13:56:55,103 [WARNING] Failed to find tvg-id="gds" in georgia_channels.m3u
2026-08-24 13:56:55,103 [WARNING] Failed to find tvg-id="comedy" in georgia_channels.m3u
2026-08-24 13:56:55,104 [WARNING] Failed to find tvg-id="bbb" in georgia_channels.m3u
2026-08-24 13:56:55,104 [WARNING] Failed to find tvg-id="enkibenki" in georgia_channels.m3u
2026-08-24 13:56:55,104 [WARNING] Failed to find tvg-id="adjaratv" in georgia_channels.m3u
2026-08-24 13:56:55,104 [WARNING] Failed to find tvg-id="rionitv" in georgia_channels.m3u
2026-08-24 13:56:55,104 [WARNING] Failed to find tvg-id="tv25" in georgia_channels.m3u
2026-08-24 13:56:55,105 [WARNING] Failed to find tvg-id="tv4rustavi" in georgia_channels.m3u
2026-08-24 13:56:55,105 [WARNING] Failed to find tvg-id="trialeti" in georgia_channels.m3u
2026-08-24 13:56:55,105 [WARNING] Failed to find tvg-id="dardimandi" in georgia_channels.m3u
2026-08-24 13:56:55,105 [WARNING] Failed to find tvg-id="agro" in georgia_channels.m3u
2026-08-24 13:56:55,105 [WARNING] Failed to find tvg-id="samefo" in georgia_channels.m3u
2026-08-24 13:56:55,105 [WARNING] Failed to find tvg-id="postv" in georgia_channels.m3u
2026-08-24 13:56:55,105 [WARNING] Failed to find tvg-id="megatv" in georgia_channels.m3u
2026-08-24 13:56:55,105 [WARNING] Failed to find tvg-id="qartuliarxi" in georgia_channels.m3u
2026-08-24 13:56:55,106 [WARNING] Failed to find tvg-id="musicbox" in georgia_channels.m3u
2026-08-24 13:56:55,106 [WARNING] Failed to find tvg-id="marneuli" in georgia_channels.m3u
2026-08-24 13:56:55,106 [WARNING] Failed to find tvg-id="axaliformula" in georgia_channels.m3u
2026-08-24 13:56:55,106 [WARNING] Failed to find tvg-id="o2" in georgia_channels.m3u
2026-08-24 13:56:55,106 [WARNING] Failed to find tvg-id="guria" in georgia_channels.m3u
2026-08-24 13:56:55,106 [WARNING] Failed to find tvg-id="imervizia" in georgia_channels.m3u
2026-08-24 13:56:55,106 [WARNING] Failed to find tvg-id="diatv" in georgia_channels.m3u
2026-08-24 13:56:55,106 [WARNING] Failed to find tvg-id="chveniarxi" in georgia_channels.m3u
2026-08-24 13:56:55,107 [WARNING] Failed to find tvg-id="batumitv" in georgia_channels.m3u
2026-08-24 13:56:55,107 [WARNING] Failed to find tvg-id="rcheuli" in georgia_channels.m3u
2026-08-24 13:56:55,107 [WARNING] Failed to find tvg-id="gurjaani" in georgia_channels.m3u
2026-08-24 13:56:55,107 [WARNING] Failed to find tvg-id="molitv" in georgia_channels.m3u
2026-08-24 13:56:55,107 [WARNING] Failed to find tvg-id="mexute" in georgia_channels.m3u
2026-08-24 13:56:55,107 [WARNING] Failed to find tvg-id="agrogaremo" in georgia_channels.m3u
2026-08-24 13:56:55,107 [WARNING] Failed to find tvg-id="artv" in georgia_channels.m3u
2026-08-24 13:56:55,107 [WARNING] Failed to find tvg-id="meteo24" in georgia_channels.m3u
2026-08-24 13:56:55,108 [WARNING] Failed to find tvg-id="georgiantimes" in georgia_channels.m3u
2026-08-24 13:56:55,108 [WARNING] Failed to find tvg-id="silkuniversal" in georgia_channels.m3u
2026-08-24 13:56:55,108 [WARNING] Failed to find tvg-id="rugbytv" in georgia_channels.m3u
2026-08-24 13:56:55,108 [WARNING] Failed to find tvg-id="gms" in georgia_channels.m3u
2026-08-24 13:56:55,108 [WARNING] Failed to find tvg-id="aiatv" in georgia_channels.m3u
2026-08-24 13:56:55,108 [WARNING] Failed to find tvg-id="batumi2" in georgia_channels.m3u
2026-08-24 13:56:55,108 [WARNING] Failed to find tvg-id="altinfo" in georgia_channels.m3u
2026-08-24 13:56:55,108 [WARNING] Failed to find tvg-id="parliament" in georgia_channels.m3u
2026-08-24 13:56:55,108 [WARNING] Failed to find tvg-id="egrisi" in georgia_channels.m3u
2026-08-24 13:56:55,109 [WARNING] Failed to find tvg-id="mzetv" in georgia_channels.m3u
2026-08-24 13:56:55,109 [INFO] No file changes were made.
2026-08-24 13:56:55,109 [INFO] === UPDATE EXECUTION FINISHED ===
